 Fermi distribution function

Calculation with static geometry


********************************************************************************
 iSCC Total electronic   Diff electronic      SCC error    
    9   -0.88157155E+02   -0.13620536E-08    0.80525446E-05
********************************************************************************

 Total charge:    -0.00000000

 Atomic gross charges (e)
 Atom           Charge
    1       0.00733770
    2      -0.02246003
    3       0.01127185
    4       0.00447632
    5      -0.00123957
    6      -0.01124452
    7      -0.00043317
    8      -0.00003652
    9       0.00184189
   10       0.00795804
   11       0.00166802
   12      -0.00290803
   13       0.00673502
   14       0.00595847
   15       0.00205460
   16       0.00912986
   17      -0.00817253
   18       0.00521949
   19      -0.01574401
   20       0.00024675
   21      -0.00561710
   22       0.00083341
   23      -0.00135280
   24      -0.00670892
   25      -0.00439019
   26      -0.01358105
   27       0.00468235
   28       0.00787647
   29       0.00894496
   30      -0.01732921
   31       0.00386530
   32      -0.00316069
   33      -0.00693058
   34       0.01548650
   35       0.01042880
   36      -0.01062080
   37       0.02210442
   38      -0.00125284
   39       0.00982674
   40      -0.00802816
   41      -0.00882356
   42       0.01274860
   43       0.02047267
   44      -0.00522950
   45       0.00763966
   46      -0.02104861
   47       0.00550693
   48      -0.00334769
   49      -0.01700927
   50      -0.00496512
   51       0.01023669
   52       0.01509499
   53      -0.00138402
   54       0.01290777
   55      -0.01315188
   56      -0.00662119
   57      -0.00867349
   58       0.00266664
   59      -0.00124634
   60      -0.00638340
   61       0.00384898
   62       0.00101591
   63      -0.00653088
   64       0.00553984

Nr. of electrons (up):    256.00000000
Atom populations (up)
 Atom       Population
    1       3.99266230
    2       4.02246003
    3       3.98872815
    4       3.99552368
    5       4.00123957
    6       4.01124452
    7       4.00043317
    8       4.00003652
    9       3.99815811
   10       3.99204196
   11       3.99833198
   12       4.00290803
   13       3.99326498
   14       3.99404153
   15       3.99794540
   16       3.99087014
   17       4.00817253
   18       3.99478051
   19       4.01574401
   20       3.99975325
   21       4.00561710
   22       3.99916659
   23       4.00135280
   24       4.00670892
   25       4.00439019
   26       4.01358105
   27       3.99531765
   28       3.99212353
   29       3.99105504
   30       4.01732921
   31       3.99613470
   32       4.00316069
   33       4.00693058
   34       3.98451350
   35       3.98957120
   36       4.01062080
   37       3.97789558
   38       4.00125284
   39       3.99017326
   40       4.00802816
   41       4.00882356
   42       3.98725140
   43       3.97952733
   44       4.00522950
   45       3.99236034
   46       4.02104861
   47       3.99449307
   48       4.00334769
   49       4.01700927
   50       4.00496512
   51       3.98976331
   52       3.98490501
   53       4.00138402
   54       3.98709223
   55       4.01315188
   56       4.00662119
   57       4.00867349
   58       3.99733336
   59       4.00124634
   60       4.00638340
   61       3.99615102
   62       3.99898409
   63       4.00653088
   64       3.99446016

l-shell populations (up)
 Atom Sh.   l       Population
    1   1   0       1.34566476
    1   2   1       2.48558300
    1   3   2       0.16141454
    2   1   0       1.38671840
    2   2   1       2.49782357
    2   3   2       0.13791807
    3   1   0       1.33736725
    3   2   1       2.48492312
    3   3   2       0.16643778
    4   1   0       1.35428627
    4   2   1       2.47966274
    4   3   2       0.16157467
    5   1   0       1.36938915
    5   2   1       2.48229852
    5   3   2       0.14955190
    6   1   0       1.35585065
    6   2   1       2.49747988
    6   3   2       0.15791399
    7   1   0       1.35819671
    7   2   1       2.48056426
    7   3   2       0.16167219
    8   1   0       1.36279238
    8   2   1       2.48478984
    8   3   2       0.15245430
    9   1   0       1.36034451
    9   2   1       2.47625562
    9   3   2       0.16155797
   10   1   0       1.35405954
   10   2   1       2.48015172
   10   3   2       0.15783070
   11   1   0       1.35811693
   11   2   1       2.48624767
   11   3   2       0.15396739
   12   1   0       1.36079728
   12   2   1       2.47903700
   12   3   2       0.16307375
   13   1   0       1.35634383
   13   2   1       2.47325322
   13   3   2       0.16366793
   14   1   0       1.35265259
   14   2   1       2.47937238
   14   3   2       0.16201656
   15   1   0       1.34469191
   15   2   1       2.48975643
   15   3   2       0.16349706
   16   1   0       1.34505400
   16   2   1       2.47724907
   16   3   2       0.16856707
   17   1   0       1.37751676
   17   2   1       2.48243258
   17   3   2       0.14822320
   18   1   0       1.34307165
   18   2   1       2.48491047
   18   3   2       0.16679839
   19   1   0       1.37749498
   19   2   1       2.49451036
   19   3   2       0.14373867
   20   1   0       1.35922143
   20   2   1       2.48319602
   20   3   2       0.15733580
   21   1   0       1.37051490
   21   2   1       2.48129585
   21   3   2       0.15380634
   22   1   0       1.35296319
   22   2   1       2.48025448
   22   3   2       0.16594893
   23   1   0       1.36002615
   23   2   1       2.47572042
   23   3   2       0.16560623
   24   1   0       1.37038650
   24   2   1       2.47900341
   24   3   2       0.15731900
   25   1   0       1.36023400
   25   2   1       2.49190869
   25   3   2       0.15224750
   26   1   0       1.38094164
   26   2   1       2.48491281
   26   3   2       0.14772660
   27   1   0       1.34062773
   27   2   1       2.48266804
   27   3   2       0.17202188
   28   1   0       1.34487256
   28   2   1       2.48169332
   28   3   2       0.16555765
   29   1   0       1.33987584
   29   2   1       2.47804136
   29   3   2       0.17313784
   30   1   0       1.38268281
   30   2   1       2.48938068
   30   3   2       0.14526573
   31   1   0       1.35074444
   31   2   1       2.49217117
   31   3   2       0.15321909
   32   1   0       1.36125706
   32   2   1       2.49406564
   32   3   2       0.14783799
   33   1   0       1.36713736
   33   2   1       2.49239821
   33   3   2       0.14739500
   34   1   0       1.33754155
   34   2   1       2.47904440
   34   3   2       0.16792755
   35   1   0       1.34474788
   35   2   1       2.48235679
   35   3   2       0.16246653
   36   1   0       1.37403855
   36   2   1       2.49153981
   36   3   2       0.14504244
   37   1   0       1.33082090
   37   2   1       2.47342843
   37   3   2       0.17364625
   38   1   0       1.35896246
   38   2   1       2.47764154
   38   3   2       0.16464883
   39   1   0       1.35533922
   39   2   1       2.48146524
   39   3   2       0.15336879
   40   1   0       1.35446355
   40   2   1       2.48985233
   40   3   2       0.16371228
   41   1   0       1.36957803
   41   2   1       2.48260964
   41   3   2       0.15663588
   42   1   0       1.34847612
   42   2   1       2.47322973
   42   3   2       0.16554554
   43   1   0       1.32910327
   43   2   1       2.47002363
   43   3   2       0.18040043
   44   1   0       1.36587052
   44   2   1       2.48585034
   44   3   2       0.15350863
   45   1   0       1.36344456
   45   2   1       2.47245940
   45   3   2       0.15645639
   46   1   0       1.38490059
   46   2   1       2.49203070
   46   3   2       0.14411732
   47   1   0       1.35940955
   47   2   1       2.48014346
   47   3   2       0.15494006
   48   1   0       1.35915929
   48   2   1       2.49200205
   48   3   2       0.15218635
   49   1   0       1.38898291
   49   2   1       2.48817488
   49   3   2       0.13985148
   50   1   0       1.36394112
   50   2   1       2.47996994
   50   3   2       0.16105406
   51   1   0       1.33452093
   51   2   1       2.48652404
   51   3   2       0.16871834
   52   1   0       1.33523240
   52   2   1       2.47036345
   52   3   2       0.17930916
   53   1   0       1.34859390
   53   2   1       2.48244431
   53   3   2       0.17034581
   54   1   0       1.35682695
   54   2   1       2.46896173
   54   3   2       0.16130355
   55   1   0       1.38609275
   55   2   1       2.47713754
   55   3   2       0.14992160
   56   1   0       1.37337873
   56   2   1       2.48054341
   56   3   2       0.15269905
   57   1   0       1.37055897
   57   2   1       2.48548343
   57   3   2       0.15263108
   58   1   0       1.35507825
   58   2   1       2.47963619
   58   3   2       0.16261892
   59   1   0       1.36273880
   59   2   1       2.47881252
   59   3   2       0.15969502
   60   1   0       1.36968210
   60   2   1       2.48769707
   60   3   2       0.14900423
   61   1   0       1.34181043
   61   2   1       2.49112409
   61   3   2       0.16321650
   62   1   0       1.36130379
   62   2   1       2.48031022
   62   3   2       0.15737008
   63   1   0       1.37000212
   63   2   1       2.48901721
   63   3   2       0.14751155
   64   1   0       1.34919486
   64   2   1       2.48762754
   64   3   2       0.15763777

Orbital populations (up)
 Atom Sh.   l   m       Population  Label
    1   1   0   0       1.34566476  s
    1   2   1  -1       0.83099852  p_y
    1   2   1   0       0.82873669  p_z
    1   2   1   1       0.82584779  p_x
    1   3   2  -2       0.03990490  d_xy
    1   3   2  -1       0.03964380  d_yz
    1   3   2   0       0.02001210  d_z2
    1   3   2   1       0.04043525  d_xz
    1   3   2   2       0.02141849  d_x2-y2
    2   1   0   0       1.38671840  s
    2   2   1  -1       0.83488684  p_y
    2   2   1   0       0.83261781  p_z
    2   2   1   1       0.83031892  p_x
    2   3   2  -2       0.03235732  d_xy
    2   3   2  -1       0.03467535  d_yz
    2   3   2   0       0.01586053  d_z2
    2   3   2   1       0.03890232  d_xz
    2   3   2   2       0.01612255  d_x2-y2
    3   1   0   0       1.33736725  s
    3   2   1  -1       0.82780755  p_y
    3   2   1   0       0.82863081  p_z
    3   2   1   1       0.82848477  p_x
    3   3   2  -2       0.04091696  d_xy
    3   3   2  -1       0.04267721  d_yz
    3   3   2   0       0.02148658  d_z2
    3   3   2   1       0.03977182  d_xz
    3   3   2   2       0.02158521  d_x2-y2
    4   1   0   0       1.35428627  s
    4   2   1  -1       0.83137666  p_y
    4   2   1   0       0.82059888  p_z
    4   2   1   1       0.82768719  p_x
    4   3   2  -2       0.04059889  d_xy
    4   3   2  -1       0.04082623  d_yz
    4   3   2   0       0.02278815  d_z2
    4   3   2   1       0.03856071  d_xz
    4   3   2   2       0.01880068  d_x2-y2
    5   1   0   0       1.36938915  s
    5   2   1  -1       0.83168182  p_y
    5   2   1   0       0.82422338  p_z
    5   2   1   1       0.82639331  p_x
    5   3   2  -2       0.03736647  d_xy
    5   3   2  -1       0.03502868  d_yz
    5   3   2   0       0.02003958  d_z2
    5   3   2   1       0.04085020  d_xz
    5   3   2   2       0.01626696  d_x2-y2
    6   1   0   0       1.35585065  s
    6   2   1  -1       0.82612591  p_y
    6   2   1   0       0.83511870  p_z
    6   2   1   1       0.83623527  p_x
    6   3   2  -2       0.04147301  d_xy
    6   3   2  -1       0.04088238  d_yz
    6   3   2   0       0.01964849  d_z2
    6   3   2   1       0.03440208  d_xz
    6   3   2   2       0.02150804  d_x2-y2
    7   1   0   0       1.35819671  s
    7   2   1  -1       0.83312292  p_y
    7   2   1   0       0.82758832  p_z
    7   2   1   1       0.81985303  p_x
    7   3   2  -2       0.03536678  d_xy
    7   3   2  -1       0.04072115  d_yz
    7   3   2   0       0.02118306  d_z2
    7   3   2   1       0.04431645  d_xz
    7   3   2   2       0.02008476  d_x2-y2
    8   1   0   0       1.36279238  s
    8   2   1  -1       0.82898662  p_y
    8   2   1   0       0.83268790  p_z
    8   2   1   1       0.82311531  p_x
    8   3   2  -2       0.04193951  d_xy
    8   3   2  -1       0.03922274  d_yz
    8   3   2   0       0.01718651  d_z2
    8   3   2   1       0.03400410  d_xz
    8   3   2   2       0.02010145  d_x2-y2
    9   1   0   0       1.36034451  s
    9   2   1  -1       0.82261427  p_y
    9   2   1   0       0.82723187  p_z
    9   2   1   1       0.82640948  p_x
    9   3   2  -2       0.04112800  d_xy
    9   3   2  -1       0.03995229  d_yz
    9   3   2   0       0.02049204  d_z2
    9   3   2   1       0.03899954  d_xz
    9   3   2   2       0.02098611  d_x2-y2
   10   1   0   0       1.35405954  s
   10   2   1  -1       0.82378920  p_y
   10   2   1   0       0.83194697  p_z
   10   2   1   1       0.82441555  p_x
   10   3   2  -2       0.03934819  d_xy
   10   3   2  -1       0.04035968  d_yz
   10   3   2   0       0.02002365  d_z2
   10   3   2   1       0.03776541  d_xz
   10   3   2   2       0.02033378  d_x2-y2
   11   1   0   0       1.35811693  s
   11   2   1  -1       0.82519155  p_y
   11   2   1   0       0.83082521  p_z
   11   2   1   1       0.83023091  p_x
   11   3   2  -2       0.04115553  d_xy
   11   3   2  -1       0.03592387  d_yz
   11   3   2   0       0.01906992  d_z2
   11   3   2   1       0.03823777  d_xz
   11   3   2   2       0.01958030  d_x2-y2
   12   1   0   0       1.36079728  s
   12   2   1  -1       0.82315056  p_y
   12   2   1   0       0.82915753  p_z
   12   2   1   1       0.82672891  p_x
   12   3   2  -2       0.04549462  d_xy
   12   3   2  -1       0.03585655  d_yz
   12   3   2   0       0.02243943  d_z2
   12   3   2   1       0.04010647  d_xz
   12   3   2   2       0.01917667  d_x2-y2
   13   1   0   0       1.35634383  s
   13   2   1  -1       0.81965846  p_y
   13   2   1   0       0.82667363  p_z
   13   2   1   1       0.82692113  p_x
   13   3   2  -2       0.04533392  d_xy
   13   3   2  -1       0.04075832  d_yz
   13   3   2   0       0.02142844  d_z2
   13   3   2   1       0.03555255  d_xz
   13   3   2   2       0.02059470  d_x2-y2
   14   1   0   0       1.35265259  s
   14   2   1  -1       0.82893842  p_y
   14   2   1   0       0.82670413  p_z
   14   2   1   1       0.82372983  p_x
   14   3   2  -2       0.03838157  d_xy
   14   3   2  -1       0.03729195  d_yz
   14   3   2   0       0.02024961  d_z2
   14   3   2   1       0.04601946  d_xz
   14   3   2   2       0.02007396  d_x2-y2
   15   1   0   0       1.34469191  s
   15   2   1  -1       0.82950134  p_y
   15   2   1   0       0.83104665  p_z
   15   2   1   1       0.82920845  p_x
   15   3   2  -2       0.04177511  d_xy
   15   3   2  -1       0.04026159  d_yz
   15   3   2   0       0.02073552  d_z2
   15   3   2   1       0.04011994  d_xz
   15   3   2   2       0.02060489  d_x2-y2
   16   1   0   0       1.34505400  s
   16   2   1  -1       0.82540731  p_y
   16   2   1   0       0.82551431  p_z
   16   2   1   1       0.82632745  p_x
   16   3   2  -2       0.03980765  d_xy
   16   3   2  -1       0.04262788  d_yz
   16   3   2   0       0.02212594  d_z2
   16   3   2   1       0.04199825  d_xz
   16   3   2   2       0.02200736  d_x2-y2
   17   1   0   0       1.37751676  s
   17   2   1  -1       0.82577207  p_y
   17   2   1   0       0.82739403  p_z
   17   2   1   1       0.82926648  p_x
   17   3   2  -2       0.03582354  d_xy
   17   3   2  -1       0.03879418  d_yz
   17   3   2   0       0.01772896  d_z2
   17   3   2   1       0.03830697  d_xz
   17   3   2   2       0.01756955  d_x2-y2
   18   1   0   0       1.34307165  s
   18   2   1  -1       0.82494390  p_y
   18   2   1   0       0.83098858  p_z
   18   2   1   1       0.82897799  p_x
   18   3   2  -2       0.04206919  d_xy
   18   3   2  -1       0.04403905  d_yz
   18   3   2   0       0.02156522  d_z2
   18   3   2   1       0.03697049  d_xz
   18   3   2   2       0.02215444  d_x2-y2
   19   1   0   0       1.37749498  s
   19   2   1  -1       0.83198037  p_y
   19   2   1   0       0.83348526  p_z
   19   2   1   1       0.82904473  p_x
   19   3   2  -2       0.03777914  d_xy
   19   3   2  -1       0.03321563  d_yz
   19   3   2   0       0.01746552  d_z2
   19   3   2   1       0.03806361  d_xz
   19   3   2   2       0.01721477  d_x2-y2
   20   1   0   0       1.35922143  s
   20   2   1  -1       0.83157018  p_y
   20   2   1   0       0.82609138  p_z
   20   2   1   1       0.82553445  p_x
   20   3   2  -2       0.03854644  d_xy
   20   3   2  -1       0.03656938  d_yz
   20   3   2   0       0.01884567  d_z2
   20   3   2   1       0.04284635  d_xz
   20   3   2   2       0.02052797  d_x2-y2
   21   1   0   0       1.37051490  s
   21   2   1  -1       0.82522819  p_y
   21   2   1   0       0.82755253  p_z
   21   2   1   1       0.82851514  p_x
   21   3   2  -2       0.04155599  d_xy
   21   3   2  -1       0.03822272  d_yz
   21   3   2   0       0.01922962  d_z2
   21   3   2   1       0.03568671  d_xz
   21   3   2   2       0.01911130  d_x2-y2
   22   1   0   0       1.35296319  s
   22   2   1  -1       0.83032281  p_y
   22   2   1   0       0.82098039  p_z
   22   2   1   1       0.82895128  p_x
   22   3   2  -2       0.03979514  d_xy
   22   3   2  -1       0.04084072  d_yz
   22   3   2   0       0.02189787  d_z2
   22   3   2   1       0.04294638  d_xz
   22   3   2   2       0.02046881  d_x2-y2
   23   1   0   0       1.36002615  s
   23   2   1  -1       0.82546121  p_y
   23   2   1   0       0.82708547  p_z
   23   2   1   1       0.82317375  p_x
   23   3   2  -2       0.04136033  d_xy
   23   3   2  -1       0.04155356  d_yz
   23   3   2   0       0.02138380  d_z2
   23   3   2   1       0.04105327  d_xz
   23   3   2   2       0.02025527  d_x2-y2
   24   1   0   0       1.37038650  s
   24   2   1  -1       0.82591511  p_y
   24   2   1   0       0.82386141  p_z
   24   2   1   1       0.82922688  p_x
   24   3   2  -2       0.03421559  d_xy
   24   3   2  -1       0.04170194  d_yz
   24   3   2   0       0.02025334  d_z2
   24   3   2   1       0.04254250  d_xz
   24   3   2   2       0.01860563  d_x2-y2
   25   1   0   0       1.36023400  s
   25   2   1  -1       0.83054105  p_y
   25   2   1   0       0.83064300  p_z
   25   2   1   1       0.83072464  p_x
   25   3   2  -2       0.03905399  d_xy
   25   3   2  -1       0.03660117  d_yz
   25   3   2   0       0.01896452  d_z2
   25   3   2   1       0.03955114  d_xz
   25   3   2   2       0.01807668  d_x2-y2
   26   1   0   0       1.38094164  s
   26   2   1  -1       0.82588215  p_y
   26   2   1   0       0.83099284  p_z
   26   2   1   1       0.82803782  p_x
   26   3   2  -2       0.03821838  d_xy
   26   3   2  -1       0.03577097  d_yz
   26   3   2   0       0.01728162  d_z2
   26   3   2   1       0.03778963  d_xz
   26   3   2   2       0.01866601  d_x2-y2
   27   1   0   0       1.34062773  s
   27   2   1  -1       0.83093271  p_y
   27   2   1   0       0.82129517  p_z
   27   2   1   1       0.83044016  p_x
   27   3   2  -2       0.04023278  d_xy
   27   3   2  -1       0.04616602  d_yz
   27   3   2   0       0.02387951  d_z2
   27   3   2   1       0.04140058  d_xz
   27   3   2   2       0.02034300  d_x2-y2
   28   1   0   0       1.34487256  s
   28   2   1  -1       0.82559485  p_y
   28   2   1   0       0.82946114  p_z
   28   2   1   1       0.82663733  p_x
   28   3   2  -2       0.04117144  d_xy
   28   3   2  -1       0.04240863  d_yz
   28   3   2   0       0.02176626  d_z2
   28   3   2   1       0.03986138  d_xz
   28   3   2   2       0.02034994  d_x2-y2
   29   1   0   0       1.33987584  s
   29   2   1  -1       0.82431911  p_y
   29   2   1   0       0.82898415  p_z
   29   2   1   1       0.82473810  p_x
   29   3   2  -2       0.04137483  d_xy
   29   3   2  -1       0.04211314  d_yz
   29   3   2   0       0.02109650  d_z2
   29   3   2   1       0.04452355  d_xz
   29   3   2   2       0.02402983  d_x2-y2
   30   1   0   0       1.38268281  s
   30   2   1  -1       0.82842909  p_y
   30   2   1   0       0.82894863  p_z
   30   2   1   1       0.83200296  p_x
   30   3   2  -2       0.03907035  d_xy
   30   3   2  -1       0.03683638  d_yz
   30   3   2   0       0.01779517  d_z2
   30   3   2   1       0.03514945  d_xz
   30   3   2   2       0.01641438  d_x2-y2
   31   1   0   0       1.35074444  s
   31   2   1  -1       0.83089857  p_y
   31   2   1   0       0.83165011  p_z
   31   2   1   1       0.82962249  p_x
   31   3   2  -2       0.03813719  d_xy
   31   3   2  -1       0.03955199  d_yz
   31   3   2   0       0.01848541  d_z2
   31   3   2   1       0.03771523  d_xz
   31   3   2   2       0.01932927  d_x2-y2
   32   1   0   0       1.36125706  s
   32   2   1  -1       0.83389253  p_y
   32   2   1   0       0.83144760  p_z
   32   2   1   1       0.82872551  p_x
   32   3   2  -2       0.03722526  d_xy
   32   3   2  -1       0.03868591  d_yz
   32   3   2   0       0.01725840  d_z2
   32   3   2   1       0.03605101  d_xz
   32   3   2   2       0.01861743  d_x2-y2
   33   1   0   0       1.36713736  s
   33   2   1  -1       0.83090536  p_y
   33   2   1   0       0.83156610  p_z
   33   2   1   1       0.82992675  p_x
   33   3   2  -2       0.03951135  d_xy
   33   3   2  -1       0.03952448  d_yz
   33   3   2   0       0.01821918  d_z2
   33   3   2   1       0.03317561  d_xz
   33   3   2   2       0.01696438  d_x2-y2
   34   1   0   0       1.33754155  s
   34   2   1  -1       0.82789578  p_y
   34   2   1   0       0.82170064  p_z
   34   2   1   1       0.82944797  p_x
   34   3   2  -2       0.03434967  d_xy
   34   3   2  -1       0.04144588  d_yz
   34   3   2   0       0.02018953  d_z2
   34   3   2   1       0.04871428  d_xz
   34   3   2   2       0.02322820  d_x2-y2
   35   1   0   0       1.34474788  s
   35   2   1  -1       0.82678140  p_y
   35   2   1   0       0.83117486  p_z
   35   2   1   1       0.82440053  p_x
   35   3   2  -2       0.04347883  d_xy
   35   3   2  -1       0.03868764  d_yz
   35   3   2   0       0.02110671  d_z2
   35   3   2   1       0.03887442  d_xz
   35   3   2   2       0.02031892  d_x2-y2
   36   1   0   0       1.37403855  s
   36   2   1  -1       0.83284848  p_y
   36   2   1   0       0.82817459  p_z
   36   2   1   1       0.83051674  p_x
   36   3   2  -2       0.02927048  d_xy
   36   3   2  -1       0.03932209  d_yz
   36   3   2   0       0.01663813  d_z2
   36   3   2   1       0.04198698  d_xz
   36   3   2   2       0.01782476  d_x2-y2
   37   1   0   0       1.33082090  s
   37   2   1  -1       0.82691096  p_y
   37   2   1   0       0.82182108  p_z
   37   2   1   1       0.82469639  p_x
   37   3   2  -2       0.04053226  d_xy
   37   3   2  -1       0.04244459  d_yz
   37   3   2   0       0.02269435  d_z2
   37   3   2   1       0.04512327  d_xz
   37   3   2   2       0.02285179  d_x2-y2
   38   1   0   0       1.35896246  s
   38   2   1  -1       0.82659306  p_y
   38   2   1   0       0.82531849  p_z
   38   2   1   1       0.82572999  p_x
   38   3   2  -2       0.03927069  d_xy
   38   3   2  -1       0.04300039  d_yz
   38   3   2   0       0.02170209  d_z2
   38   3   2   1       0.04006268  d_xz
   38   3   2   2       0.02061298  d_x2-y2
   39   1   0   0       1.35533922  s
   39   2   1  -1       0.82635377  p_y
   39   2   1   0       0.82635103  p_z
   39   2   1   1       0.82876045  p_x
   39   3   2  -2       0.03702454  d_xy
   39   3   2  -1       0.04045101  d_yz
   39   3   2   0       0.02045724  d_z2
   39   3   2   1       0.03618714  d_xz
   39   3   2   2       0.01924886  d_x2-y2
   40   1   0   0       1.35446355  s
   40   2   1  -1       0.82499876  p_y
   40   2   1   0       0.83464868  p_z
   40   2   1   1       0.83020489  p_x
   40   3   2  -2       0.04197229  d_xy
   40   3   2  -1       0.03831807  d_yz
   40   3   2   0       0.02007736  d_z2
   40   3   2   1       0.04161683  d_xz
   40   3   2   2       0.02172772  d_x2-y2
   41   1   0   0       1.36957803  s
   41   2   1  -1       0.83039925  p_y
   41   2   1   0       0.82640287  p_z
   41   2   1   1       0.82580753  p_x
   41   3   2  -2       0.03606454  d_xy
   41   3   2  -1       0.03494699  d_yz
   41   3   2   0       0.01957020  d_z2
   41   3   2   1       0.04542564  d_xz
   41   3   2   2       0.02062851  d_x2-y2
   42   1   0   0       1.34847612  s
   42   2   1  -1       0.82242761  p_y
   42   2   1   0       0.82789578  p_z
   42   2   1   1       0.82290635  p_x
   42   3   2  -2       0.04870270  d_xy
   42   3   2  -1       0.04046395  d_yz
   42   3   2   0       0.02212470  d_z2
   42   3   2   1       0.03323219  d_xz
   42   3   2   2       0.02102199  d_x2-y2
   43   1   0   0       1.32910327  s
   43   2   1  -1       0.82271593  p_y
   43   2   1   0       0.81935722  p_z
   43   2   1   1       0.82795049  p_x
   43   3   2  -2       0.04340394  d_xy
   43   3   2  -1       0.04540276  d_yz
   43   3   2   0       0.02581460  d_z2
   43   3   2   1       0.04310234  d_xz
   43   3   2   2       0.02267679  d_x2-y2
   44   1   0   0       1.36587052  s
   44   2   1  -1       0.83299012  p_y
   44   2   1   0       0.82485455  p_z
   44   2   1   1       0.82800567  p_x
   44   3   2  -2       0.04075222  d_xy
   44   3   2  -1       0.03480973  d_yz
   44   3   2   0       0.02076058  d_z2
   44   3   2   1       0.03878173  d_xz
   44   3   2   2       0.01840437  d_x2-y2
   45   1   0   0       1.36344456  s
   45   2   1  -1       0.82768278  p_y
   45   2   1   0       0.82289870  p_z
   45   2   1   1       0.82187792  p_x
   45   3   2  -2       0.03977823  d_xy
   45   3   2  -1       0.03887987  d_yz
   45   3   2   0       0.01925082  d_z2
   45   3   2   1       0.03798730  d_xz
   45   3   2   2       0.02056017  d_x2-y2
   46   1   0   0       1.38490059  s
   46   2   1  -1       0.83462945  p_y
   46   2   1   0       0.82669023  p_z
   46   2   1   1       0.83071102  p_x
   46   3   2  -2       0.03604178  d_xy
   46   3   2  -1       0.03827458  d_yz
   46   3   2   0       0.01776945  d_z2
   46   3   2   1       0.03618307  d_xz
   46   3   2   2       0.01584843  d_x2-y2
   47   1   0   0       1.35940955  s
   47   2   1  -1       0.82822264  p_y
   47   2   1   0       0.82299661  p_z
   47   2   1   1       0.82892421  p_x
   47   3   2  -2       0.03631416  d_xy
   47   3   2  -1       0.03985170  d_yz
   47   3   2   0       0.01961146  d_z2
   47   3   2   1       0.04000790  d_xz
   47   3   2   2       0.01915484  d_x2-y2
   48   1   0   0       1.35915929  s
   48   2   1  -1       0.82907821  p_y
   48   2   1   0       0.83367271  p_z
   48   2   1   1       0.82925113  p_x
   48   3   2  -2       0.04159351  d_xy
   48   3   2  -1       0.03880961  d_yz
   48   3   2   0       0.01786006  d_z2
   48   3   2   1       0.03486752  d_xz
   48   3   2   2       0.01905565  d_x2-y2
   49   1   0   0       1.38898291  s
   49   2   1  -1       0.83225520  p_y
   49   2   1   0       0.82611066  p_z
   49   2   1   1       0.82980901  p_x
   49   3   2  -2       0.03545092  d_xy
   49   3   2  -1       0.03413412  d_yz
   49   3   2   0       0.01828124  d_z2
   49   3   2   1       0.03737623  d_xz
   49   3   2   2       0.01460897  d_x2-y2
   50   1   0   0       1.36394112  s
   50   2   1  -1       0.82734567  p_y
   50   2   1   0       0.82815888  p_z
   50   2   1   1       0.82446538  p_x
   50   3   2  -2       0.04304929  d_xy
   50   3   2  -1       0.04200833  d_yz
   50   3   2   0       0.02101655  d_z2
   50   3   2   1       0.03626597  d_xz
   50   3   2   2       0.01871393  d_x2-y2
   51   1   0   0       1.33452093  s
   51   2   1  -1       0.82745158  p_y
   51   2   1   0       0.82862738  p_z
   51   2   1   1       0.83044508  p_x
   51   3   2  -2       0.04132733  d_xy
   51   3   2  -1       0.04204866  d_yz
   51   3   2   0       0.02244949  d_z2
   51   3   2   1       0.04120840  d_xz
   51   3   2   2       0.02168446  d_x2-y2
   52   1   0   0       1.33523240  s
   52   2   1  -1       0.81947575  p_y
   52   2   1   0       0.82895736  p_z
   52   2   1   1       0.82193034  p_x
   52   3   2  -2       0.04788528  d_xy
   52   3   2  -1       0.03829400  d_yz
   52   3   2   0       0.02423290  d_z2
   52   3   2   1       0.04555995  d_xz
   52   3   2   2       0.02333704  d_x2-y2
   53   1   0   0       1.34859390  s
   53   2   1  -1       0.82790397  p_y
   53   2   1   0       0.82842145  p_z
   53   2   1   1       0.82611889  p_x
   53   3   2  -2       0.04152211  d_xy
   53   3   2  -1       0.04148323  d_yz
   53   3   2   0       0.02048820  d_z2
   53   3   2   1       0.04353567  d_xz
   53   3   2   2       0.02331661  d_x2-y2
   54   1   0   0       1.35682695  s
   54   2   1  -1       0.83113304  p_y
   54   2   1   0       0.82640469  p_z
   54   2   1   1       0.81142400  p_x
   54   3   2  -2       0.03753741  d_xy
   54   3   2  -1       0.03889675  d_yz
   54   3   2   0       0.01711940  d_z2
   54   3   2   1       0.04360750  d_xz
   54   3   2   2       0.02414249  d_x2-y2
   55   1   0   0       1.38609275  s
   55   2   1  -1       0.82043475  p_y
   55   2   1   0       0.82747729  p_z
   55   2   1   1       0.82922550  p_x
   55   3   2  -2       0.03777785  d_xy
   55   3   2  -1       0.04024677  d_yz
   55   3   2   0       0.01805436  d_z2
   55   3   2   1       0.03575375  d_xz
   55   3   2   2       0.01808888  d_x2-y2
   56   1   0   0       1.37337873  s
   56   2   1  -1       0.82746657  p_y
   56   2   1   0       0.82484667  p_z
   56   2   1   1       0.82823017  p_x
   56   3   2  -2       0.03419838  d_xy
   56   3   2  -1       0.03998815  d_yz
   56   3   2   0       0.01871526  d_z2
   56   3   2   1       0.04075395  d_xz
   56   3   2   2       0.01904331  d_x2-y2
   57   1   0   0       1.37055897  s
   57   2   1  -1       0.82908524  p_y
   57   2   1   0       0.82740557  p_z
   57   2   1   1       0.82899262  p_x
   57   3   2  -2       0.03730025  d_xy
   57   3   2  -1       0.03889810  d_yz
   57   3   2   0       0.01814100  d_z2
   57   3   2   1       0.03875911  d_xz
   57   3   2   2       0.01953262  d_x2-y2
   58   1   0   0       1.35507825  s
   58   2   1  -1       0.83085984  p_y
   58   2   1   0       0.82692069  p_z
   58   2   1   1       0.82185567  p_x
   58   3   2  -2       0.03917210  d_xy
   58   3   2  -1       0.03671843  d_yz
   58   3   2   0       0.02053891  d_z2
   58   3   2   1       0.04560609  d_xz
   58   3   2   2       0.02058339  d_x2-y2
   59   1   0   0       1.36273880  s
   59   2   1  -1       0.82640817  p_y
   59   2   1   0       0.82891365  p_z
   59   2   1   1       0.82349069  p_x
   59   3   2  -2       0.03989053  d_xy
   59   3   2  -1       0.03877342  d_yz
   59   3   2   0       0.01870117  d_z2
   59   3   2   1       0.04140949  d_xz
   59   3   2   2       0.02092041  d_x2-y2
   60   1   0   0       1.36968210  s
   60   2   1  -1       0.82776359  p_y
   60   2   1   0       0.83334024  p_z
   60   2   1   1       0.82659325  p_x
   60   3   2  -2       0.03787818  d_xy
   60   3   2  -1       0.04028362  d_yz
   60   3   2   0       0.01590398  d_z2
   60   3   2   1       0.03521800  d_xz
   60   3   2   2       0.01972045  d_x2-y2
   61   1   0   0       1.34181043  s
   61   2   1  -1       0.82727209  p_y
   61   2   1   0       0.83496327  p_z
   61   2   1   1       0.82888873  p_x
   61   3   2  -2       0.04322254  d_xy
   61   3   2  -1       0.03962853  d_yz
   61   3   2   0       0.01944590  d_z2
   61   3   2   1       0.03923017  d_xz
   61   3   2   2       0.02168937  d_x2-y2
   62   1   0   0       1.36130379  s
   62   2   1  -1       0.82946238  p_y
   62   2   1   0       0.82355547  p_z
   62   2   1   1       0.82729238  p_x
   62   3   2  -2       0.04018393  d_xy
   62   3   2  -1       0.03940269  d_yz
   62   3   2   0       0.02047565  d_z2
   62   3   2   1       0.03866416  d_xz
   62   3   2   2       0.01864364  d_x2-y2
   63   1   0   0       1.37000212  s
   63   2   1  -1       0.82415624  p_y
   63   2   1   0       0.83400058  p_z
   63   2   1   1       0.83086039  p_x
   63   3   2  -2       0.04020934  d_xy
   63   3   2  -1       0.03776036  d_yz
   63   3   2   0       0.01812359  d_z2
   63   3   2   1       0.03428984  d_xz
   63   3   2   2       0.01712841  d_x2-y2
   64   1   0   0       1.34919486  s
   64   2   1  -1       0.83176861  p_y
   64   2   1   0       0.82419289  p_z
   64   2   1   1       0.83166604  p_x
   64   3   2  -2       0.04019337  d_xy
   64   3   2  -1       0.04105846  d_yz
   64   3   2   0       0.02114719  d_z2
   64   3   2   1       0.03648035  d_xz
   64   3   2   2       0.01875840  d_x2-y2

Fermi level:                        -0.1330681057 H           -3.6210 eV
Band energy:                       -88.1641324720 H        -2399.0681 eV
TS:                                  0.0000000000 H            0.0000 eV
Band free energy (E-TS):           -88.1641324720 H        -2399.0681 eV
Extrapolated E(0K):                -88.1641324720 H        -2399.0681 eV
Input / Output electrons (q):    256.0000000000    256.0000000000

Energy H0:                         -88.1573929628 H        -2398.8847 eV
Energy SCC:                          0.0002378249 H            0.0065 eV
Total Electronic energy:           -88.1571551379 H        -2398.8782 eV
Repulsive energy:                    0.0000000000 H            0.0000 eV
Total energy:                      -88.1571551379 H        -2398.8782 eV
Extrapolated to 0:                 -88.1571551379 H        -2398.8782 eV
Total Mermin free energy:          -88.1571551379 H        -2398.8782 eV
Force related energy:              -88.1571551379 H        -2398.8782 eV

Non-constrained calculation

SCC converged

Warning: dipole moment is not defined absolutely!
Dipole moment:   -0.23482689    0.12097847   -0.28766934 au
Dipole moment:   -0.59687048    0.30749663   -0.73118259 Debye


