 Fermi distribution function

Calculation with static geometry


********************************************************************************
 iSCC Total electronic   Diff electronic      SCC error    
    9   -0.88136564E+02   -0.16933228E-08    0.92662472E-05
********************************************************************************

 Total charge:    -0.00000000

 Atomic gross charges (e)
 Atom           Charge
    1       0.02806708
    2      -0.02963154
    3       0.03333434
    4      -0.00589680
    5      -0.01145945
    6      -0.01069741
    7      -0.00980008
    8      -0.00217789
    9       0.01651560
   10       0.00684539
   11       0.00833056
   12      -0.01179901
   13       0.01334737
   14      -0.01230369
   15       0.00920192
   16      -0.00713413
   17      -0.00360988
   18      -0.00019943
   19      -0.02165320
   20      -0.00040277
   21       0.01243735
   22       0.01120306
   23       0.01038807
   24       0.01237806
   25      -0.02565584
   26      -0.00300928
   27      -0.01150838
   28       0.00235005
   29       0.00691351
   30      -0.00672617
   31       0.01746141
   32      -0.00556628
   33       0.02006044
   34       0.01807942
   35       0.02397047
   36      -0.00859404
   37      -0.00185449
   38       0.00717846
   39       0.01755790
   40      -0.02460478
   41      -0.02036292
   42       0.00175904
   43       0.02539767
   44       0.00534696
   45       0.01835927
   46      -0.03396543
   47      -0.00691421
   48      -0.00911759
   49      -0.00504024
   50      -0.00936685
   51       0.01242837
   52      -0.00545307
   53       0.00420900
   54       0.01449723
   55      -0.00489103
   56       0.00994175
   57      -0.01615430
   58       0.00115545
   59       0.00128436
   60      -0.01036829
   61      -0.01832642
   62       0.00191676
   63      -0.03142793
   64       0.01375649

Nr. of electrons (up):    256.00000000
Atom populations (up)
 Atom       Population
    1       3.97193292
    2       4.02963154
    3       3.96666566
    4       4.00589680
    5       4.01145945
    6       4.01069741
    7       4.00980008
    8       4.00217789
    9       3.98348440
   10       3.99315461
   11       3.99166944
   12       4.01179901
   13       3.98665263
   14       4.01230369
   15       3.99079808
   16       4.00713413
   17       4.00360988
   18       4.00019943
   19       4.02165320
   20       4.00040277
   21       3.98756265
   22       3.98879694
   23       3.98961193
   24       3.98762194
   25       4.02565584
   26       4.00300928
   27       4.01150838
   28       3.99764995
   29       3.99308649
   30       4.00672617
   31       3.98253859
   32       4.00556628
   33       3.97993956
   34       3.98192058
   35       3.97602953
   36       4.00859404
   37       4.00185449
   38       3.99282154
   39       3.98244210
   40       4.02460478
   41       4.02036292
   42       3.99824096
   43       3.97460233
   44       3.99465304
   45       3.98164073
   46       4.03396543
   47       4.00691421
   48       4.00911759
   49       4.00504024
   50       4.00936685
   51       3.98757163
   52       4.00545307
   53       3.99579100
   54       3.98550277
   55       4.00489103
   56       3.99005825
   57       4.01615430
   58       3.99884455
   59       3.99871564
   60       4.01036829
   61       4.01832642
   62       3.99808324
   63       4.03142793
   64       3.98624351

l-shell populations (up)
 Atom Sh.   l       Population
    1   1   0       1.33287402
    1   2   1       2.47315523
    1   3   2       0.16590366
    2   1   0       1.40068216
    2   2   1       2.49763133
    2   3   2       0.13131805
    3   1   0       1.31128005
    3   2   1       2.47147390
    3   3   2       0.18391171
    4   1   0       1.37552465
    4   2   1       2.48269742
    4   3   2       0.14767473
    5   1   0       1.37360284
    5   2   1       2.48406343
    5   3   2       0.15379318
    6   1   0       1.36164856
    6   2   1       2.49830420
    6   3   2       0.15074466
    7   1   0       1.37635352
    7   2   1       2.48377477
    7   3   2       0.14967179
    8   1   0       1.35630994
    8   2   1       2.48209125
    8   3   2       0.16377671
    9   1   0       1.36554694
    9   2   1       2.45849962
    9   3   2       0.15943784
   10   1   0       1.35826827
   10   2   1       2.47529586
   10   3   2       0.15959048
   11   1   0       1.35834701
   11   2   1       2.48297881
   11   3   2       0.15034362
   12   1   0       1.36920119
   12   2   1       2.48741165
   12   3   2       0.15518617
   13   1   0       1.34792642
   13   2   1       2.47645431
   13   3   2       0.16227190
   14   1   0       1.36237025
   14   2   1       2.49078878
   14   3   2       0.15914466
   15   1   0       1.32723309
   15   2   1       2.48118078
   15   3   2       0.18238420
   16   1   0       1.37390365
   16   2   1       2.48852722
   16   3   2       0.14470327
   17   1   0       1.36135003
   17   2   1       2.49306371
   17   3   2       0.14919614
   18   1   0       1.36338489
   18   2   1       2.49095660
   18   3   2       0.14585794
   19   1   0       1.37615815
   19   2   1       2.49646499
   19   3   2       0.14903005
   20   1   0       1.35774996
   20   2   1       2.48300676
   20   3   2       0.15964604
   21   1   0       1.34940627
   21   2   1       2.47488083
   21   3   2       0.16327554
   22   1   0       1.34004026
   22   2   1       2.48480181
   22   3   2       0.16395487
   23   1   0       1.34881482
   23   2   1       2.47947587
   23   3   2       0.16132124
   24   1   0       1.33078653
   24   2   1       2.47674838
   24   3   2       0.18008703
   25   1   0       1.38300165
   25   2   1       2.49673284
   25   3   2       0.14592136
   26   1   0       1.36480350
   26   2   1       2.48115551
   26   3   2       0.15705027
   27   1   0       1.37091697
   27   2   1       2.49077469
   27   3   2       0.14981672
   28   1   0       1.36687756
   28   2   1       2.47558130
   28   3   2       0.15519108
   29   1   0       1.35639898
   29   2   1       2.47026690
   29   3   2       0.16642061
   30   1   0       1.37697730
   30   2   1       2.47168267
   30   3   2       0.15806620
   31   1   0       1.33525481
   31   2   1       2.47386154
   31   3   2       0.17342224
   32   1   0       1.36085040
   32   2   1       2.48936857
   32   3   2       0.15534731
   33   1   0       1.31320300
   33   2   1       2.48313060
   33   3   2       0.18360596
   34   1   0       1.33596723
   34   2   1       2.47020045
   34   3   2       0.17575290
   35   1   0       1.34108585
   35   2   1       2.47060718
   35   3   2       0.16433649
   36   1   0       1.38043483
   36   2   1       2.48431994
   36   3   2       0.14383928
   37   1   0       1.37995748
   37   2   1       2.48184295
   37   3   2       0.14005405
   38   1   0       1.35495757
   38   2   1       2.46610180
   38   3   2       0.17176216
   39   1   0       1.34298643
   39   2   1       2.47785854
   39   3   2       0.16159714
   40   1   0       1.38280931
   40   2   1       2.48949912
   40   3   2       0.15229635
   41   1   0       1.39365371
   41   2   1       2.48185352
   41   3   2       0.14485569
   42   1   0       1.35619222
   42   2   1       2.47838689
   42   3   2       0.16366185
   43   1   0       1.32391500
   43   2   1       2.46778827
   43   3   2       0.18289906
   44   1   0       1.34785296
   44   2   1       2.48177729
   44   3   2       0.16502279
   45   1   0       1.32651861
   45   2   1       2.47457270
   45   3   2       0.18054943
   46   1   0       1.39635745
   46   2   1       2.50361009
   46   3   2       0.13399788
   47   1   0       1.38215506
   47   2   1       2.48694952
   47   3   2       0.13780963
   48   1   0       1.35863298
   48   2   1       2.49722259
   48   3   2       0.15326202
   49   1   0       1.36590618
   49   2   1       2.48660967
   49   3   2       0.15252439
   50   1   0       1.36093908
   50   2   1       2.48083695
   50   3   2       0.16759082
   51   1   0       1.34122341
   51   2   1       2.48672013
   51   3   2       0.15962810
   52   1   0       1.35720059
   52   2   1       2.48242524
   52   3   2       0.16582725
   53   1   0       1.34312469
   53   2   1       2.49100788
   53   3   2       0.16165844
   54   1   0       1.33520870
   54   2   1       2.48338323
   54   3   2       0.16691083
   55   1   0       1.36861901
   55   2   1       2.47954045
   55   3   2       0.15673157
   56   1   0       1.35897006
   56   2   1       2.47997393
   56   3   2       0.15111427
   57   1   0       1.38916852
   57   2   1       2.47945905
   57   3   2       0.14752673
   58   1   0       1.35237933
   58   2   1       2.48293823
   58   3   2       0.16352699
   59   1   0       1.36019478
   59   2   1       2.47832603
   59   3   2       0.16019482
   60   1   0       1.36993646
   60   2   1       2.48772743
   60   3   2       0.15270439
   61   1   0       1.37446440
   61   2   1       2.49243559
   61   3   2       0.15142644
   62   1   0       1.36257906
   62   2   1       2.47735877
   62   3   2       0.15814541
   63   1   0       1.40076011
   63   2   1       2.50027671
   63   3   2       0.13039111
   64   1   0       1.34320701
   64   2   1       2.47626913
   64   3   2       0.16676738

Orbital populations (up)
 Atom Sh.   l   m       Population  Label
    1   1   0   0       1.33287402  s
    1   2   1  -1       0.82565064  p_y
    1   2   1   0       0.82581672  p_z
    1   2   1   1       0.82168787  p_x
    1   3   2  -2       0.04218033  d_xy
    1   3   2  -1       0.03981570  d_yz
    1   3   2   0       0.02072190  d_z2
    1   3   2   1       0.03996700  d_xz
    1   3   2   2       0.02321873  d_x2-y2
    2   1   0   0       1.40068216  s
    2   2   1  -1       0.83672129  p_y
    2   2   1   0       0.82851821  p_z
    2   2   1   1       0.83239184  p_x
    2   3   2  -2       0.03225159  d_xy
    2   3   2  -1       0.03198089  d_yz
    2   3   2   0       0.01631428  d_z2
    2   3   2   1       0.03679721  d_xz
    2   3   2   2       0.01397408  d_x2-y2
    3   1   0   0       1.31128005  s
    3   2   1  -1       0.82053253  p_y
    3   2   1   0       0.82601824  p_z
    3   2   1   1       0.82492313  p_x
    3   3   2  -2       0.04446727  d_xy
    3   3   2  -1       0.04430331  d_yz
    3   3   2   0       0.02598220  d_z2
    3   3   2   1       0.04406844  d_xz
    3   3   2   2       0.02509048  d_x2-y2
    4   1   0   0       1.37552465  s
    4   2   1  -1       0.83069314  p_y
    4   2   1   0       0.82254996  p_z
    4   2   1   1       0.82945432  p_x
    4   3   2  -2       0.03456592  d_xy
    4   3   2  -1       0.03974424  d_yz
    4   3   2   0       0.01856133  d_z2
    4   3   2   1       0.03790499  d_xz
    4   3   2   2       0.01689824  d_x2-y2
    5   1   0   0       1.37360284  s
    5   2   1  -1       0.83066777  p_y
    5   2   1   0       0.82547285  p_z
    5   2   1   1       0.82792281  p_x
    5   3   2  -2       0.03574581  d_xy
    5   3   2  -1       0.03731232  d_yz
    5   3   2   0       0.01931511  d_z2
    5   3   2   1       0.04354339  d_xz
    5   3   2   2       0.01787655  d_x2-y2
    6   1   0   0       1.36164856  s
    6   2   1  -1       0.82657152  p_y
    6   2   1   0       0.83560159  p_z
    6   2   1   1       0.83613109  p_x
    6   3   2  -2       0.04065216  d_xy
    6   3   2  -1       0.03957148  d_yz
    6   3   2   0       0.01673408  d_z2
    6   3   2   1       0.03367024  d_xz
    6   3   2   2       0.02011670  d_x2-y2
    7   1   0   0       1.37635352  s
    7   2   1  -1       0.83448599  p_y
    7   2   1   0       0.82483325  p_z
    7   2   1   1       0.82445553  p_x
    7   3   2  -2       0.03353999  d_xy
    7   3   2  -1       0.03776644  d_yz
    7   3   2   0       0.01915998  d_z2
    7   3   2   1       0.04254912  d_xz
    7   3   2   2       0.01665627  d_x2-y2
    8   1   0   0       1.35630994  s
    8   2   1  -1       0.82492774  p_y
    8   2   1   0       0.83338572  p_z
    8   2   1   1       0.82377779  p_x
    8   3   2  -2       0.04514751  d_xy
    8   3   2  -1       0.04099376  d_yz
    8   3   2   0       0.01956562  d_z2
    8   3   2   1       0.03643417  d_xz
    8   3   2   2       0.02163565  d_x2-y2
    9   1   0   0       1.36554694  s
    9   2   1  -1       0.81767557  p_y
    9   2   1   0       0.81938921  p_z
    9   2   1   1       0.82143484  p_x
    9   3   2  -2       0.04031494  d_xy
    9   3   2  -1       0.04101626  d_yz
    9   3   2   0       0.02083035  d_z2
    9   3   2   1       0.03811147  d_xz
    9   3   2   2       0.01916482  d_x2-y2
   10   1   0   0       1.35826827  s
   10   2   1  -1       0.81877128  p_y
   10   2   1   0       0.83082734  p_z
   10   2   1   1       0.82569724  p_x
   10   3   2  -2       0.04150308  d_xy
   10   3   2  -1       0.04088546  d_yz
   10   3   2   0       0.02083769  d_z2
   10   3   2   1       0.03710903  d_xz
   10   3   2   2       0.01925523  d_x2-y2
   11   1   0   0       1.35834701  s
   11   2   1  -1       0.82657806  p_y
   11   2   1   0       0.82778510  p_z
   11   2   1   1       0.82861566  p_x
   11   3   2  -2       0.03973622  d_xy
   11   3   2  -1       0.03650772  d_yz
   11   3   2   0       0.01868232  d_z2
   11   3   2   1       0.03724855  d_xz
   11   3   2   2       0.01816881  d_x2-y2
   12   1   0   0       1.36920119  s
   12   2   1  -1       0.82656326  p_y
   12   2   1   0       0.82998222  p_z
   12   2   1   1       0.83086616  p_x
   12   3   2  -2       0.04026083  d_xy
   12   3   2  -1       0.03919443  d_yz
   12   3   2   0       0.01882402  d_z2
   12   3   2   1       0.03760765  d_xz
   12   3   2   2       0.01929924  d_x2-y2
   13   1   0   0       1.34792642  s
   13   2   1  -1       0.82709403  p_y
   13   2   1   0       0.82999166  p_z
   13   2   1   1       0.81936862  p_x
   13   3   2  -2       0.04644534  d_xy
   13   3   2  -1       0.03868223  d_yz
   13   3   2   0       0.02123171  d_z2
   13   3   2   1       0.03390847  d_xz
   13   3   2   2       0.02200415  d_x2-y2
   14   1   0   0       1.36237025  s
   14   2   1  -1       0.83281628  p_y
   14   2   1   0       0.83179235  p_z
   14   2   1   1       0.82618015  p_x
   14   3   2  -2       0.03539908  d_xy
   14   3   2  -1       0.03793950  d_yz
   14   3   2   0       0.01781260  d_z2
   14   3   2   1       0.04623096  d_xz
   14   3   2   2       0.02176251  d_x2-y2
   15   1   0   0       1.32723309  s
   15   2   1  -1       0.82838954  p_y
   15   2   1   0       0.82810138  p_z
   15   2   1   1       0.82468987  p_x
   15   3   2  -2       0.04553974  d_xy
   15   3   2  -1       0.04327185  d_yz
   15   3   2   0       0.02428271  d_z2
   15   3   2   1       0.04564968  d_xz
   15   3   2   2       0.02364022  d_x2-y2
   16   1   0   0       1.37390365  s
   16   2   1  -1       0.82827081  p_y
   16   2   1   0       0.83057984  p_z
   16   2   1   1       0.82967656  p_x
   16   3   2  -2       0.03569712  d_xy
   16   3   2  -1       0.03676713  d_yz
   16   3   2   0       0.01746140  d_z2
   16   3   2   1       0.03715870  d_xz
   16   3   2   2       0.01761893  d_x2-y2
   17   1   0   0       1.36135003  s
   17   2   1  -1       0.83059306  p_y
   17   2   1   0       0.83065994  p_z
   17   2   1   1       0.83181071  p_x
   17   3   2  -2       0.03720697  d_xy
   17   3   2  -1       0.04056594  d_yz
   17   3   2   0       0.01744511  d_z2
   17   3   2   1       0.03543618  d_xz
   17   3   2   2       0.01854196  d_x2-y2
   18   1   0   0       1.36338489  s
   18   2   1  -1       0.82801791  p_y
   18   2   1   0       0.83182735  p_z
   18   2   1   1       0.83111135  p_x
   18   3   2  -2       0.03760900  d_xy
   18   3   2  -1       0.04012367  d_yz
   18   3   2   0       0.01664452  d_z2
   18   3   2   1       0.03325133  d_xz
   18   3   2   2       0.01822942  d_x2-y2
   19   1   0   0       1.37615815  s
   19   2   1  -1       0.83441678  p_y
   19   2   1   0       0.83435668  p_z
   19   2   1   1       0.82769154  p_x
   19   3   2  -2       0.03862410  d_xy
   19   3   2  -1       0.03399917  d_yz
   19   3   2   0       0.01786317  d_z2
   19   3   2   1       0.04048472  d_xz
   19   3   2   2       0.01805890  d_x2-y2
   20   1   0   0       1.35774996  s
   20   2   1  -1       0.83134573  p_y
   20   2   1   0       0.82483438  p_z
   20   2   1   1       0.82682665  p_x
   20   3   2  -2       0.03851649  d_xy
   20   3   2  -1       0.03714690  d_yz
   20   3   2   0       0.02056744  d_z2
   20   3   2   1       0.04272720  d_xz
   20   3   2   2       0.02068801  d_x2-y2
   21   1   0   0       1.34940627  s
   21   2   1  -1       0.82240675  p_y
   21   2   1   0       0.82717320  p_z
   21   2   1   1       0.82530088  p_x
   21   3   2  -2       0.04238536  d_xy
   21   3   2  -1       0.04055222  d_yz
   21   3   2   0       0.01948884  d_z2
   21   3   2   1       0.03966044  d_xz
   21   3   2   2       0.02118870  d_x2-y2
   22   1   0   0       1.34004026  s
   22   2   1  -1       0.83184702  p_y
   22   2   1   0       0.82156752  p_z
   22   2   1   1       0.83138727  p_x
   22   3   2  -2       0.03770692  d_xy
   22   3   2  -1       0.04151451  d_yz
   22   3   2   0       0.02175406  d_z2
   22   3   2   1       0.04252528  d_xz
   22   3   2   2       0.02045410  d_x2-y2
   23   1   0   0       1.34881482  s
   23   2   1  -1       0.82440426  p_y
   23   2   1   0       0.82839249  p_z
   23   2   1   1       0.82667912  p_x
   23   3   2  -2       0.04495648  d_xy
   23   3   2  -1       0.03876103  d_yz
   23   3   2   0       0.02206254  d_z2
   23   3   2   1       0.03727978  d_xz
   23   3   2   2       0.01826140  d_x2-y2
   24   1   0   0       1.33078653  s
   24   2   1  -1       0.82782976  p_y
   24   2   1   0       0.82075689  p_z
   24   2   1   1       0.82816173  p_x
   24   3   2  -2       0.03708625  d_xy
   24   3   2  -1       0.04407614  d_yz
   24   3   2   0       0.02434970  d_z2
   24   3   2   1       0.05069310  d_xz
   24   3   2   2       0.02388184  d_x2-y2
   25   1   0   0       1.38300165  s
   25   2   1  -1       0.83255451  p_y
   25   2   1   0       0.83138522  p_z
   25   2   1   1       0.83279310  p_x
   25   3   2  -2       0.03735316  d_xy
   25   3   2  -1       0.03473947  d_yz
   25   3   2   0       0.01828190  d_z2
   25   3   2   1       0.03968921  d_xz
   25   3   2   2       0.01585762  d_x2-y2
   26   1   0   0       1.36480350  s
   26   2   1  -1       0.82296423  p_y
   26   2   1   0       0.83157566  p_z
   26   2   1   1       0.82661563  p_x
   26   3   2  -2       0.04212883  d_xy
   26   3   2  -1       0.03691522  d_yz
   26   3   2   0       0.01880169  d_z2
   26   3   2   1       0.03945593  d_xz
   26   3   2   2       0.01974859  d_x2-y2
   27   1   0   0       1.37091697  s
   27   2   1  -1       0.83187335  p_y
   27   2   1   0       0.82757622  p_z
   27   2   1   1       0.83132512  p_x
   27   3   2  -2       0.03679413  d_xy
   27   3   2  -1       0.04120436  d_yz
   27   3   2   0       0.01859271  d_z2
   27   3   2   1       0.03606492  d_xz
   27   3   2   2       0.01716061  d_x2-y2
   28   1   0   0       1.36687756  s
   28   2   1  -1       0.82627587  p_y
   28   2   1   0       0.82881852  p_z
   28   2   1   1       0.82048691  p_x
   28   3   2  -2       0.04033529  d_xy
   28   3   2  -1       0.03899203  d_yz
   28   3   2   0       0.01912911  d_z2
   28   3   2   1       0.03825103  d_xz
   28   3   2   2       0.01848361  d_x2-y2
   29   1   0   0       1.35639898  s
   29   2   1  -1       0.82205785  p_y
   29   2   1   0       0.82867060  p_z
   29   2   1   1       0.81953845  p_x
   29   3   2  -2       0.04199460  d_xy
   29   3   2  -1       0.03969736  d_yz
   29   3   2   0       0.01962120  d_z2
   29   3   2   1       0.04178509  d_xz
   29   3   2   2       0.02332236  d_x2-y2
   30   1   0   0       1.37697730  s
   30   2   1  -1       0.81981919  p_y
   30   2   1   0       0.82513771  p_z
   30   2   1   1       0.82672577  p_x
   30   3   2  -2       0.04138465  d_xy
   30   3   2  -1       0.03958513  d_yz
   30   3   2   0       0.01954184  d_z2
   30   3   2   1       0.03788359  d_xz
   30   3   2   2       0.01967099  d_x2-y2
   31   1   0   0       1.33525481  s
   31   2   1  -1       0.82403297  p_y
   31   2   1   0       0.82340771  p_z
   31   2   1   1       0.82642086  p_x
   31   3   2  -2       0.04093858  d_xy
   31   3   2  -1       0.04433470  d_yz
   31   3   2   0       0.02288530  d_z2
   31   3   2   1       0.04275498  d_xz
   31   3   2   2       0.02250868  d_x2-y2
   32   1   0   0       1.36085040  s
   32   2   1  -1       0.83222481  p_y
   32   2   1   0       0.82661586  p_z
   32   2   1   1       0.83052791  p_x
   32   3   2  -2       0.03992293  d_xy
   32   3   2  -1       0.04187237  d_yz
   32   3   2   0       0.01920166  d_z2
   32   3   2   1       0.03482056  d_xz
   32   3   2   2       0.01952978  d_x2-y2
   33   1   0   0       1.31320300  s
   33   2   1  -1       0.82409535  p_y
   33   2   1   0       0.82960460  p_z
   33   2   1   1       0.82943065  p_x
   33   3   2  -2       0.04959391  d_xy
   33   3   2  -1       0.04505543  d_yz
   33   3   2   0       0.02731083  d_z2
   33   3   2   1       0.03833499  d_xz
   33   3   2   2       0.02331080  d_x2-y2
   34   1   0   0       1.33596723  s
   34   2   1  -1       0.82653423  p_y
   34   2   1   0       0.81300732  p_z
   34   2   1   1       0.83065890  p_x
   34   3   2  -2       0.03593986  d_xy
   34   3   2  -1       0.04203939  d_yz
   34   3   2   0       0.02442968  d_z2
   34   3   2   1       0.05092506  d_xz
   34   3   2   2       0.02241891  d_x2-y2
   35   1   0   0       1.34108585  s
   35   2   1  -1       0.82058939  p_y
   35   2   1   0       0.82972280  p_z
   35   2   1   1       0.82029500  p_x
   35   3   2  -2       0.04451124  d_xy
   35   3   2  -1       0.03888698  d_yz
   35   3   2   0       0.02153230  d_z2
   35   3   2   1       0.03865367  d_xz
   35   3   2   2       0.02075231  d_x2-y2
   36   1   0   0       1.38043483  s
   36   2   1  -1       0.83149817  p_y
   36   2   1   0       0.82559764  p_z
   36   2   1   1       0.82722412  p_x
   36   3   2  -2       0.03116235  d_xy
   36   3   2  -1       0.03892481  d_yz
   36   3   2   0       0.01658155  d_z2
   36   3   2   1       0.03980022  d_xz
   36   3   2   2       0.01737035  d_x2-y2
   37   1   0   0       1.37995748  s
   37   2   1  -1       0.83115710  p_y
   37   2   1   0       0.82421723  p_z
   37   2   1   1       0.82646862  p_x
   37   3   2  -2       0.03514971  d_xy
   37   3   2  -1       0.03550251  d_yz
   37   3   2   0       0.01706272  d_z2
   37   3   2   1       0.03656562  d_xz
   37   3   2   2       0.01577349  d_x2-y2
   38   1   0   0       1.35495757  s
   38   2   1  -1       0.82332209  p_y
   38   2   1   0       0.82342669  p_z
   38   2   1   1       0.81935302  p_x
   38   3   2  -2       0.04286675  d_xy
   38   3   2  -1       0.04174098  d_yz
   38   3   2   0       0.02193984  d_z2
   38   3   2   1       0.04188192  d_xz
   38   3   2   2       0.02333268  d_x2-y2
   39   1   0   0       1.34298643  s
   39   2   1  -1       0.82582097  p_y
   39   2   1   0       0.82375139  p_z
   39   2   1   1       0.82828618  p_x
   39   3   2  -2       0.03629757  d_xy
   39   3   2  -1       0.04162863  d_yz
   39   3   2   0       0.02273553  d_z2
   39   3   2   1       0.04047318  d_xz
   39   3   2   2       0.02046223  d_x2-y2
   40   1   0   0       1.38280931  s
   40   2   1  -1       0.82523880  p_y
   40   2   1   0       0.83626111  p_z
   40   2   1   1       0.82799920  p_x
   40   3   2  -2       0.04113916  d_xy
   40   3   2  -1       0.03629068  d_yz
   40   3   2   0       0.01603017  d_z2
   40   3   2   1       0.03827594  d_xz
   40   3   2   2       0.02056041  d_x2-y2
   41   1   0   0       1.39365371  s
   41   2   1  -1       0.82795863  p_y
   41   2   1   0       0.82617507  p_z
   41   2   1   1       0.82771982  p_x
   41   3   2  -2       0.03417331  d_xy
   41   3   2  -1       0.03485789  d_yz
   41   3   2   0       0.01766065  d_z2
   41   3   2   1       0.04183294  d_xz
   41   3   2   2       0.01633090  d_x2-y2
   42   1   0   0       1.35619222  s
   42   2   1  -1       0.82245400  p_y
   42   2   1   0       0.82953117  p_z
   42   2   1   1       0.82640173  p_x
   42   3   2  -2       0.04684572  d_xy
   42   3   2  -1       0.04369676  d_yz
   42   3   2   0       0.01960262  d_z2
   42   3   2   1       0.03156509  d_xz
   42   3   2   2       0.02195166  d_x2-y2
   43   1   0   0       1.32391500  s
   43   2   1  -1       0.82340649  p_y
   43   2   1   0       0.81669370  p_z
   43   2   1   1       0.82768809  p_x
   43   3   2  -2       0.04255090  d_xy
   43   3   2  -1       0.04680818  d_yz
   43   3   2   0       0.02527887  d_z2
   43   3   2   1       0.04414271  d_xz
   43   3   2   2       0.02411839  d_x2-y2
   44   1   0   0       1.34785296  s
   44   2   1  -1       0.82931206  p_y
   44   2   1   0       0.82502111  p_z
   44   2   1   1       0.82744412  p_x
   44   3   2  -2       0.04472187  d_xy
   44   3   2  -1       0.03733643  d_yz
   44   3   2   0       0.02231450  d_z2
   44   3   2   1       0.04138145  d_xz
   44   3   2   2       0.01926854  d_x2-y2
   45   1   0   0       1.32651861  s
   45   2   1  -1       0.82624188  p_y
   45   2   1   0       0.82429192  p_z
   45   2   1   1       0.82403890  p_x
   45   3   2  -2       0.04597998  d_xy
   45   3   2  -1       0.04372317  d_yz
   45   3   2   0       0.02429163  d_z2
   45   3   2   1       0.04235762  d_xz
   45   3   2   2       0.02419703  d_x2-y2
   46   1   0   0       1.39635745  s
   46   2   1  -1       0.83622198  p_y
   46   2   1   0       0.83707772  p_z
   46   2   1   1       0.83031039  p_x
   46   3   2  -2       0.03429030  d_xy
   46   3   2  -1       0.03440059  d_yz
   46   3   2   0       0.01478667  d_z2
   46   3   2   1       0.03405831  d_xz
   46   3   2   2       0.01646201  d_x2-y2
   47   1   0   0       1.38215506  s
   47   2   1  -1       0.82959699  p_y
   47   2   1   0       0.82611191  p_z
   47   2   1   1       0.83124062  p_x
   47   3   2  -2       0.03407500  d_xy
   47   3   2  -1       0.03740420  d_yz
   47   3   2   0       0.01621216  d_z2
   47   3   2   1       0.03468833  d_xz
   47   3   2   2       0.01542994  d_x2-y2
   48   1   0   0       1.35863298  s
   48   2   1  -1       0.83038768  p_y
   48   2   1   0       0.83320449  p_z
   48   2   1   1       0.83363042  p_x
   48   3   2  -2       0.03804871  d_xy
   48   3   2  -1       0.04183286  d_yz
   48   3   2   0       0.01693210  d_z2
   48   3   2   1       0.03625716  d_xz
   48   3   2   2       0.02019119  d_x2-y2
   49   1   0   0       1.36590618  s
   49   2   1  -1       0.83028535  p_y
   49   2   1   0       0.82752624  p_z
   49   2   1   1       0.82879808  p_x
   49   3   2  -2       0.03806034  d_xy
   49   3   2  -1       0.03882482  d_yz
   49   3   2   0       0.02029825  d_z2
   49   3   2   1       0.03767637  d_xz
   49   3   2   2       0.01766460  d_x2-y2
   50   1   0   0       1.36093908  s
   50   2   1  -1       0.82578946  p_y
   50   2   1   0       0.83041318  p_z
   50   2   1   1       0.82463432  p_x
   50   3   2  -2       0.04289021  d_xy
   50   3   2  -1       0.04471831  d_yz
   50   3   2   0       0.02239113  d_z2
   50   3   2   1       0.03763493  d_xz
   50   3   2   2       0.01995624  d_x2-y2
   51   1   0   0       1.34122341  s
   51   2   1  -1       0.83017513  p_y
   51   2   1   0       0.82643760  p_z
   51   2   1   1       0.83010740  p_x
   51   3   2  -2       0.03916411  d_xy
   51   3   2  -1       0.03964780  d_yz
   51   3   2   0       0.02072112  d_z2
   51   3   2   1       0.04010089  d_xz
   51   3   2   2       0.01999417  d_x2-y2
   52   1   0   0       1.35720059  s
   52   2   1  -1       0.82326788  p_y
   52   2   1   0       0.83289376  p_z
   52   2   1   1       0.82626360  p_x
   52   3   2  -2       0.04500245  d_xy
   52   3   2  -1       0.03520253  d_yz
   52   3   2   0       0.02088457  d_z2
   52   3   2   1       0.04340024  d_xz
   52   3   2   2       0.02133745  d_x2-y2
   53   1   0   0       1.34312469  s
   53   2   1  -1       0.83161619  p_y
   53   2   1   0       0.82950325  p_z
   53   2   1   1       0.82988844  p_x
   53   3   2  -2       0.04078081  d_xy
   53   3   2  -1       0.03919671  d_yz
   53   3   2   0       0.02086245  d_z2
   53   3   2   1       0.04119900  d_xz
   53   3   2   2       0.01961947  d_x2-y2
   54   1   0   0       1.33520870  s
   54   2   1  -1       0.82995740  p_y
   54   2   1   0       0.82643362  p_z
   54   2   1   1       0.82699222  p_x
   54   3   2  -2       0.04093739  d_xy
   54   3   2  -1       0.03948638  d_yz
   54   3   2   0       0.02070147  d_z2
   54   3   2   1       0.04372219  d_xz
   54   3   2   2       0.02206340  d_x2-y2
   55   1   0   0       1.36861901  s
   55   2   1  -1       0.82180973  p_y
   55   2   1   0       0.83206447  p_z
   55   2   1   1       0.82566625  p_x
   55   3   2  -2       0.03992313  d_xy
   55   3   2  -1       0.04129386  d_yz
   55   3   2   0       0.01962991  d_z2
   55   3   2   1       0.03644974  d_xz
   55   3   2   2       0.01943493  d_x2-y2
   56   1   0   0       1.35897006  s
   56   2   1  -1       0.82901316  p_y
   56   2   1   0       0.82317145  p_z
   56   2   1   1       0.82778931  p_x
   56   3   2  -2       0.03235889  d_xy
   56   3   2  -1       0.03915466  d_yz
   56   3   2   0       0.01923271  d_z2
   56   3   2   1       0.04091462  d_xz
   56   3   2   2       0.01945338  d_x2-y2
   57   1   0   0       1.38916852  s
   57   2   1  -1       0.82992112  p_y
   57   2   1   0       0.82440668  p_z
   57   2   1   1       0.82513125  p_x
   57   3   2  -2       0.03518723  d_xy
   57   3   2  -1       0.03729775  d_yz
   57   3   2   0       0.01743096  d_z2
   57   3   2   1       0.03862306  d_xz
   57   3   2   2       0.01898773  d_x2-y2
   58   1   0   0       1.35237933  s
   58   2   1  -1       0.83312868  p_y
   58   2   1   0       0.82830492  p_z
   58   2   1   1       0.82150463  p_x
   58   3   2  -2       0.03894200  d_xy
   58   3   2  -1       0.03730720  d_yz
   58   3   2   0       0.02063682  d_z2
   58   3   2   1       0.04576348  d_xz
   58   3   2   2       0.02087749  d_x2-y2
   59   1   0   0       1.36019478  s
   59   2   1  -1       0.82520578  p_y
   59   2   1   0       0.82523567  p_z
   59   2   1   1       0.82788458  p_x
   59   3   2  -2       0.03983845  d_xy
   59   3   2  -1       0.03863895  d_yz
   59   3   2   0       0.01926240  d_z2
   59   3   2   1       0.04257692  d_xz
   59   3   2   2       0.01987811  d_x2-y2
   60   1   0   0       1.36993646  s
   60   2   1  -1       0.82647602  p_y
   60   2   1   0       0.83361542  p_z
   60   2   1   1       0.82763599  p_x
   60   3   2  -2       0.04071504  d_xy
   60   3   2  -1       0.04085904  d_yz
   60   3   2   0       0.01729573  d_z2
   60   3   2   1       0.03480508  d_xz
   60   3   2   2       0.01902950  d_x2-y2
   61   1   0   0       1.37446440  s
   61   2   1  -1       0.82637320  p_y
   61   2   1   0       0.83263646  p_z
   61   2   1   1       0.83342593  p_x
   61   3   2  -2       0.03895539  d_xy
   61   3   2  -1       0.03799151  d_yz
   61   3   2   0       0.01826822  d_z2
   61   3   2   1       0.03696833  d_xz
   61   3   2   2       0.01924298  d_x2-y2
   62   1   0   0       1.36257906  s
   62   2   1  -1       0.83077616  p_y
   62   2   1   0       0.82210887  p_z
   62   2   1   1       0.82447374  p_x
   62   3   2  -2       0.04174410  d_xy
   62   3   2  -1       0.03588363  d_yz
   62   3   2   0       0.02037534  d_z2
   62   3   2   1       0.04140146  d_xz
   62   3   2   2       0.01874089  d_x2-y2
   63   1   0   0       1.40076011  s
   63   2   1  -1       0.82969872  p_y
   63   2   1   0       0.83613913  p_z
   63   2   1   1       0.83443886  p_x
   63   3   2  -2       0.03582654  d_xy
   63   3   2  -1       0.03362747  d_yz
   63   3   2   0       0.01505298  d_z2
   63   3   2   1       0.03166565  d_xz
   63   3   2   2       0.01421847  d_x2-y2
   64   1   0   0       1.34320701  s
   64   2   1  -1       0.82460638  p_y
   64   2   1   0       0.82370078  p_z
   64   2   1   1       0.82796197  p_x
   64   3   2  -2       0.03943939  d_xy
   64   3   2  -1       0.04591086  d_yz
   64   3   2   0       0.02016342  d_z2
   64   3   2   1       0.03853743  d_xz
   64   3   2   2       0.02271628  d_x2-y2

Fermi level:                        -0.1335580396 H           -3.6343 eV
Band energy:                       -88.1499888735 H        -2398.6832 eV
TS:                                  0.0000000000 H            0.0000 eV
Band free energy (E-TS):           -88.1499888735 H        -2398.6832 eV
Extrapolated E(0K):                -88.1499888735 H        -2398.6832 eV
Input / Output electrons (q):    256.0000000000    256.0000000000

Energy H0:                         -88.1371533444 H        -2398.3340 eV
Energy SCC:                          0.0005889129 H            0.0160 eV
Total Electronic energy:           -88.1365644315 H        -2398.3179 eV
Repulsive energy:                    0.0000000000 H            0.0000 eV
Total energy:                      -88.1365644315 H        -2398.3179 eV
Extrapolated to 0:                 -88.1365644315 H        -2398.3179 eV
Total Mermin free energy:          -88.1365644315 H        -2398.3179 eV
Force related energy:              -88.1365644315 H        -2398.3179 eV

Non-constrained calculation

SCC converged

Warning: dipole moment is not defined absolutely!
Dipole moment:    0.16172851   -0.89406375   -0.47966279 au
Dipole moment:    0.41107290   -2.27248357   -1.21918131 Debye


