 Fermi distribution function

Calculation with static geometry


********************************************************************************
 iSCC Total electronic   Diff electronic      SCC error    
    9   -0.88159143E+02   -0.89494279E-09    0.70839695E-05
********************************************************************************

 Total charge:    -0.00000000

 Atomic gross charges (e)
 Atom           Charge
    1      -0.00058868
    2       0.00327437
    3      -0.00279418
    4      -0.00152535
    5      -0.00418785
    6       0.00988589
    7      -0.00788054
    8       0.01773085
    9       0.01894325
   10      -0.01687750
   11       0.00617812
   12       0.00248726
   13      -0.00584085
   14       0.00769449
   15      -0.00747399
   16      -0.00124247
   17       0.01684537
   18      -0.00493606
   19      -0.00033020
   20      -0.02259256
   21       0.00395526
   22      -0.01492492
   23       0.02043936
   24      -0.02115384
   25      -0.00361059
   26       0.01576178
   27      -0.00420561
   28       0.00397346
   29       0.00118096
   30       0.00148964
   31      -0.00831959
   32      -0.00590195
   33      -0.00938868
   34       0.00122966
   35       0.00047833
   36      -0.00516069
   37       0.00984425
   38       0.00868455
   39       0.00535892
   40       0.00689985
   41      -0.01464971
   42       0.01280065
   43      -0.01457718
   44      -0.00039565
   45       0.01072614
   46      -0.00708585
   47       0.01494699
   48      -0.00340318
   49       0.01331347
   50      -0.03796426
   51       0.01947457
   52      -0.00299311
   53       0.01233564
   54      -0.02057647
   55       0.00297430
   56       0.00629914
   57       0.02038682
   58       0.00101610
   59       0.00422340
   60      -0.02923937
   61      -0.01092375
   62       0.01295164
   63       0.00496803
   64      -0.00800786

Nr. of electrons (up):    256.00000000
Atom populations (up)
 Atom       Population
    1       4.00058868
    2       3.99672563
    3       4.00279418
    4       4.00152535
    5       4.00418785
    6       3.99011411
    7       4.00788054
    8       3.98226915
    9       3.98105675
   10       4.01687750
   11       3.99382188
   12       3.99751274
   13       4.00584085
   14       3.99230551
   15       4.00747399
   16       4.00124247
   17       3.98315463
   18       4.00493606
   19       4.00033020
   20       4.02259256
   21       3.99604474
   22       4.01492492
   23       3.97956064
   24       4.02115384
   25       4.00361059
   26       3.98423822
   27       4.00420561
   28       3.99602654
   29       3.99881904
   30       3.99851036
   31       4.00831959
   32       4.00590195
   33       4.00938868
   34       3.99877034
   35       3.99952167
   36       4.00516069
   37       3.99015575
   38       3.99131545
   39       3.99464108
   40       3.99310015
   41       4.01464971
   42       3.98719935
   43       4.01457718
   44       4.00039565
   45       3.98927386
   46       4.00708585
   47       3.98505301
   48       4.00340318
   49       3.98668653
   50       4.03796426
   51       3.98052543
   52       4.00299311
   53       3.98766436
   54       4.02057647
   55       3.99702570
   56       3.99370086
   57       3.97961318
   58       3.99898390
   59       3.99577660
   60       4.02923937
   61       4.01092375
   62       3.98704836
   63       3.99503197
   64       4.00800786

l-shell populations (up)
 Atom Sh.   l       Population
    1   1   0       1.35600973
    1   2   1       2.48503069
    1   3   2       0.15954827
    2   1   0       1.34106125
    2   2   1       2.48322883
    2   3   2       0.17243555
    3   1   0       1.37320520
    3   2   1       2.48358828
    3   3   2       0.14600070
    4   1   0       1.35717379
    4   2   1       2.48329724
    4   3   2       0.16105432
    5   1   0       1.37277916
    5   2   1       2.48566460
    5   3   2       0.14574409
    6   1   0       1.34871509
    6   2   1       2.47776032
    6   3   2       0.16363870
    7   1   0       1.36114929
    7   2   1       2.49112769
    7   3   2       0.15560355
    8   1   0       1.34066897
    8   2   1       2.47745031
    8   3   2       0.16414987
    9   1   0       1.33792854
    9   2   1       2.47806070
    9   3   2       0.16506751
   10   1   0       1.37146529
   10   2   1       2.49630304
   10   3   2       0.14910917
   11   1   0       1.34631767
   11   2   1       2.48155028
   11   3   2       0.16595392
   12   1   0       1.34663352
   12   2   1       2.47878607
   12   3   2       0.17209315
   13   1   0       1.35837992
   13   2   1       2.48677224
   13   3   2       0.16068868
   14   1   0       1.35801322
   14   2   1       2.48319158
   14   3   2       0.15110071
   15   1   0       1.36742166
   15   2   1       2.48860208
   15   3   2       0.15145026
   16   1   0       1.36965807
   16   2   1       2.47744409
   16   3   2       0.15414031
   17   1   0       1.33482965
   17   2   1       2.46945021
   17   3   2       0.17887478
   18   1   0       1.36931758
   18   2   1       2.47871602
   18   3   2       0.15690246
   19   1   0       1.35439252
   19   2   1       2.49134507
   19   3   2       0.15459262
   20   1   0       1.38114623
   20   2   1       2.50204729
   20   3   2       0.13939904
   21   1   0       1.36736691
   21   2   1       2.47878605
   21   3   2       0.14989178
   22   1   0       1.36860844
   22   2   1       2.49136731
   22   3   2       0.15494917
   23   1   0       1.33292161
   23   2   1       2.47818146
   23   3   2       0.16845757
   24   1   0       1.39623672
   24   2   1       2.48526555
   24   3   2       0.13965158
   25   1   0       1.36662799
   25   2   1       2.48795936
   25   3   2       0.14902323
   26   1   0       1.33666815
   26   2   1       2.48424600
   26   3   2       0.16332407
   27   1   0       1.36267368
   27   2   1       2.47885049
   27   3   2       0.16268145
   28   1   0       1.34099397
   28   2   1       2.48137206
   28   3   2       0.17366050
   29   1   0       1.36234066
   29   2   1       2.48717497
   29   3   2       0.14930341
   30   1   0       1.35762290
   30   2   1       2.48467746
   30   3   2       0.15621000
   31   1   0       1.38329616
   31   2   1       2.48465595
   31   3   2       0.14036748
   32   1   0       1.35944164
   32   2   1       2.48676534
   32   3   2       0.15969498
   33   1   0       1.37891776
   33   2   1       2.48410660
   33   3   2       0.14636432
   34   1   0       1.36800184
   34   2   1       2.48454213
   34   3   2       0.14622637
   35   1   0       1.35671128
   35   2   1       2.48152132
   35   3   2       0.16128908
   36   1   0       1.37132911
   36   2   1       2.48421662
   36   3   2       0.14961496
   37   1   0       1.35393376
   37   2   1       2.47060020
   37   3   2       0.16562179
   38   1   0       1.34740476
   38   2   1       2.48347080
   38   3   2       0.16043988
   39   1   0       1.35487130
   39   2   1       2.47968380
   39   3   2       0.16008598
   40   1   0       1.34531191
   40   2   1       2.48566249
   40   3   2       0.16212575
   41   1   0       1.37012865
   41   2   1       2.49826535
   41   3   2       0.14625571
   42   1   0       1.34230516
   42   2   1       2.47559390
   42   3   2       0.16930029
   43   1   0       1.38158897
   43   2   1       2.49162172
   43   3   2       0.14136649
   44   1   0       1.35854995
   44   2   1       2.48909161
   44   3   2       0.15275409
   45   1   0       1.34174893
   45   2   1       2.48713404
   45   3   2       0.16039088
   46   1   0       1.36591309
   46   2   1       2.47926392
   46   3   2       0.16190884
   47   1   0       1.35266219
   47   2   1       2.46524261
   47   3   2       0.16714821
   48   1   0       1.36695564
   48   2   1       2.48142160
   48   3   2       0.15502594
   49   1   0       1.35297182
   49   2   1       2.47332375
   49   3   2       0.16039097
   50   1   0       1.40066002
   50   2   1       2.50724055
   50   3   2       0.13006370
   51   1   0       1.33342032
   51   2   1       2.46831674
   51   3   2       0.17878837
   52   1   0       1.35416773
   52   2   1       2.48729777
   52   3   2       0.16152762
   53   1   0       1.33922774
   53   2   1       2.47248094
   53   3   2       0.17595569
   54   1   0       1.38922766
   54   2   1       2.48790454
   54   3   2       0.14344427
   55   1   0       1.35791277
   55   2   1       2.48272486
   55   3   2       0.15638808
   56   1   0       1.34827554
   56   2   1       2.47969345
   56   3   2       0.16573187
   57   1   0       1.33467353
   57   2   1       2.47701753
   57   3   2       0.16792212
   58   1   0       1.34371651
   58   2   1       2.48938791
   58   3   2       0.16587948
   59   1   0       1.36216108
   59   2   1       2.48832754
   59   3   2       0.14528798
   60   1   0       1.39706723
   60   2   1       2.49334082
   60   3   2       0.13883132
   61   1   0       1.36427399
   61   2   1       2.49271997
   61   3   2       0.15392979
   62   1   0       1.31794236
   62   2   1       2.49052647
   62   3   2       0.17857953
   63   1   0       1.35456265
   63   2   1       2.47239931
   63   3   2       0.16807001
   64   1   0       1.37422668
   64   2   1       2.48232479
   64   3   2       0.15145639

Orbital populations (up)
 Atom Sh.   l   m       Population  Label
    1   1   0   0       1.35600973  s
    1   2   1  -1       0.82345368  p_y
    1   2   1   0       0.83170643  p_z
    1   2   1   1       0.82987057  p_x
    1   3   2  -2       0.03974905  d_xy
    1   3   2  -1       0.04282512  d_yz
    1   3   2   0       0.01922469  d_z2
    1   3   2   1       0.03746598  d_xz
    1   3   2   2       0.02028343  d_x2-y2
    2   1   0   0       1.34106125  s
    2   2   1  -1       0.83127574  p_y
    2   2   1   0       0.82258437  p_z
    2   2   1   1       0.82936872  p_x
    2   3   2  -2       0.04099744  d_xy
    2   3   2  -1       0.04176789  d_yz
    2   3   2   0       0.02374158  d_z2
    2   3   2   1       0.04512414  d_xz
    2   3   2   2       0.02080450  d_x2-y2
    3   1   0   0       1.37320520  s
    3   2   1  -1       0.82668283  p_y
    3   2   1   0       0.82860975  p_z
    3   2   1   1       0.82829569  p_x
    3   3   2  -2       0.03998166  d_xy
    3   3   2  -1       0.03347248  d_yz
    3   3   2   0       0.01756899  d_z2
    3   3   2   1       0.03770510  d_xz
    3   3   2   2       0.01727247  d_x2-y2
    4   1   0   0       1.35717379  s
    4   2   1  -1       0.82778880  p_y
    4   2   1   0       0.82578256  p_z
    4   2   1   1       0.82972588  p_x
    4   3   2  -2       0.03878028  d_xy
    4   3   2  -1       0.04303385  d_yz
    4   3   2   0       0.01959683  d_z2
    4   3   2   1       0.03913614  d_xz
    4   3   2   2       0.02050722  d_x2-y2
    5   1   0   0       1.37277916  s
    5   2   1  -1       0.83121999  p_y
    5   2   1   0       0.82768156  p_z
    5   2   1   1       0.82676305  p_x
    5   3   2  -2       0.03734164  d_xy
    5   3   2  -1       0.03652159  d_yz
    5   3   2   0       0.01699290  d_z2
    5   3   2   1       0.03726271  d_xz
    5   3   2   2       0.01762526  d_x2-y2
    6   1   0   0       1.34871509  s
    6   2   1  -1       0.82649184  p_y
    6   2   1   0       0.82574233  p_z
    6   2   1   1       0.82552615  p_x
    6   3   2  -2       0.04052697  d_xy
    6   3   2  -1       0.03913961  d_yz
    6   3   2   0       0.02086245  d_z2
    6   3   2   1       0.04173455  d_xz
    6   3   2   2       0.02137513  d_x2-y2
    7   1   0   0       1.36114929  s
    7   2   1  -1       0.83556698  p_y
    7   2   1   0       0.82499508  p_z
    7   2   1   1       0.83056563  p_x
    7   3   2  -2       0.03649068  d_xy
    7   3   2  -1       0.03784577  d_yz
    7   3   2   0       0.02079154  d_z2
    7   3   2   1       0.04290832  d_xz
    7   3   2   2       0.01756724  d_x2-y2
    8   1   0   0       1.34066897  s
    8   2   1  -1       0.82773166  p_y
    8   2   1   0       0.82639102  p_z
    8   2   1   1       0.82332763  p_x
    8   3   2  -2       0.04054080  d_xy
    8   3   2  -1       0.03851196  d_yz
    8   3   2   0       0.02159045  d_z2
    8   3   2   1       0.04243260  d_xz
    8   3   2   2       0.02107407  d_x2-y2
    9   1   0   0       1.33792854  s
    9   2   1  -1       0.82726246  p_y
    9   2   1   0       0.82879929  p_z
    9   2   1   1       0.82199895  p_x
    9   3   2  -2       0.04119231  d_xy
    9   3   2  -1       0.03871598  d_yz
    9   3   2   0       0.02197934  d_z2
    9   3   2   1       0.04240615  d_xz
    9   3   2   2       0.02077373  d_x2-y2
   10   1   0   0       1.37146529  s
   10   2   1  -1       0.83456944  p_y
   10   2   1   0       0.82538539  p_z
   10   2   1   1       0.83634821  p_x
   10   3   2  -2       0.03631558  d_xy
   10   3   2  -1       0.03850716  d_yz
   10   3   2   0       0.01851670  d_z2
   10   3   2   1       0.03851431  d_xz
   10   3   2   2       0.01725541  d_x2-y2
   11   1   0   0       1.34631767  s
   11   2   1  -1       0.82314067  p_y
   11   2   1   0       0.83383033  p_z
   11   2   1   1       0.82457928  p_x
   11   3   2  -2       0.04536874  d_xy
   11   3   2  -1       0.04077868  d_yz
   11   3   2   0       0.02082102  d_z2
   11   3   2   1       0.03732239  d_xz
   11   3   2   2       0.02166310  d_x2-y2
   12   1   0   0       1.34663352  s
   12   2   1  -1       0.83218049  p_y
   12   2   1   0       0.82036960  p_z
   12   2   1   1       0.82623598  p_x
   12   3   2  -2       0.03649256  d_xy
   12   3   2  -1       0.04497185  d_yz
   12   3   2   0       0.02223636  d_z2
   12   3   2   1       0.04659636  d_xz
   12   3   2   2       0.02179601  d_x2-y2
   13   1   0   0       1.35837992  s
   13   2   1  -1       0.82956580  p_y
   13   2   1   0       0.83095932  p_z
   13   2   1   1       0.82624713  p_x
   13   3   2  -2       0.04087970  d_xy
   13   3   2  -1       0.03844160  d_yz
   13   3   2   0       0.01923323  d_z2
   13   3   2   1       0.04099505  d_xz
   13   3   2   2       0.02113910  d_x2-y2
   14   1   0   0       1.35801322  s
   14   2   1  -1       0.82682904  p_y
   14   2   1   0       0.82906068  p_z
   14   2   1   1       0.82730186  p_x
   14   3   2  -2       0.03858207  d_xy
   14   3   2  -1       0.03638322  d_yz
   14   3   2   0       0.01783129  d_z2
   14   3   2   1       0.03967259  d_xz
   14   3   2   2       0.01863154  d_x2-y2
   15   1   0   0       1.36742166  s
   15   2   1  -1       0.82983485  p_y
   15   2   1   0       0.82487643  p_z
   15   2   1   1       0.83389080  p_x
   15   3   2  -2       0.03545681  d_xy
   15   3   2  -1       0.04098073  d_yz
   15   3   2   0       0.01858198  d_z2
   15   3   2   1       0.03835416  d_xz
   15   3   2   2       0.01807659  d_x2-y2
   16   1   0   0       1.36965807  s
   16   2   1  -1       0.82394647  p_y
   16   2   1   0       0.82375680  p_z
   16   2   1   1       0.82974081  p_x
   16   3   2  -2       0.03671221  d_xy
   16   3   2  -1       0.04251470  d_yz
   16   3   2   0       0.01929986  d_z2
   16   3   2   1       0.03759704  d_xz
   16   3   2   2       0.01801650  d_x2-y2
   17   1   0   0       1.33482965  s
   17   2   1  -1       0.82231134  p_y
   17   2   1   0       0.82827686  p_z
   17   2   1   1       0.81886200  p_x
   17   3   2  -2       0.04480573  d_xy
   17   3   2  -1       0.04550419  d_yz
   17   3   2   0       0.02403808  d_z2
   17   3   2   1       0.04137241  d_xz
   17   3   2   2       0.02315438  d_x2-y2
   18   1   0   0       1.36931758  s
   18   2   1  -1       0.82169212  p_y
   18   2   1   0       0.83203493  p_z
   18   2   1   1       0.82498898  p_x
   18   3   2  -2       0.04017565  d_xy
   18   3   2  -1       0.04083201  d_yz
   18   3   2   0       0.01895140  d_z2
   18   3   2   1       0.03676619  d_xz
   18   3   2   2       0.02017722  d_x2-y2
   19   1   0   0       1.35439252  s
   19   2   1  -1       0.83141162  p_y
   19   2   1   0       0.83143164  p_z
   19   2   1   1       0.82850181  p_x
   19   3   2  -2       0.04057574  d_xy
   19   3   2  -1       0.03795905  d_yz
   19   3   2   0       0.01832372  d_z2
   19   3   2   1       0.03866932  d_xz
   19   3   2   2       0.01906479  d_x2-y2
   20   1   0   0       1.38114623  s
   20   2   1  -1       0.83171770  p_y
   20   2   1   0       0.83377714  p_z
   20   2   1   1       0.83655245  p_x
   20   3   2  -2       0.03677613  d_xy
   20   3   2  -1       0.03489887  d_yz
   20   3   2   0       0.01746060  d_z2
   20   3   2   1       0.03474200  d_xz
   20   3   2   2       0.01552145  d_x2-y2
   21   1   0   0       1.36736691  s
   21   2   1  -1       0.82198914  p_y
   21   2   1   0       0.83303500  p_z
   21   2   1   1       0.82376192  p_x
   21   3   2  -2       0.03956511  d_xy
   21   3   2  -1       0.03774930  d_yz
   21   3   2   0       0.01755627  d_z2
   21   3   2   1       0.03604955  d_xz
   21   3   2   2       0.01897155  d_x2-y2
   22   1   0   0       1.36860844  s
   22   2   1  -1       0.83107784  p_y
   22   2   1   0       0.82850264  p_z
   22   2   1   1       0.83178683  p_x
   22   3   2  -2       0.03794583  d_xy
   22   3   2  -1       0.04112935  d_yz
   22   3   2   0       0.01971719  d_z2
   22   3   2   1       0.03774854  d_xz
   22   3   2   2       0.01840827  d_x2-y2
   23   1   0   0       1.33292161  s
   23   2   1  -1       0.82347269  p_y
   23   2   1   0       0.82919935  p_z
   23   2   1   1       0.82550943  p_x
   23   3   2  -2       0.04790555  d_xy
   23   3   2  -1       0.03822701  d_yz
   23   3   2   0       0.02369428  d_z2
   23   3   2   1       0.03845558  d_xz
   23   3   2   2       0.02017516  d_x2-y2
   24   1   0   0       1.39623672  s
   24   2   1  -1       0.82190900  p_y
   24   2   1   0       0.83135440  p_z
   24   2   1   1       0.83200215  p_x
   24   3   2  -2       0.03490366  d_xy
   24   3   2  -1       0.03381776  d_yz
   24   3   2   0       0.01683085  d_z2
   24   3   2   1       0.03723981  d_xz
   24   3   2   2       0.01685949  d_x2-y2
   25   1   0   0       1.36662799  s
   25   2   1  -1       0.82881519  p_y
   25   2   1   0       0.82914405  p_z
   25   2   1   1       0.83000012  p_x
   25   3   2  -2       0.03906592  d_xy
   25   3   2  -1       0.03514230  d_yz
   25   3   2   0       0.01880616  d_z2
   25   3   2   1       0.03891812  d_xz
   25   3   2   2       0.01709073  d_x2-y2
   26   1   0   0       1.33666815  s
   26   2   1  -1       0.82330259  p_y
   26   2   1   0       0.83160204  p_z
   26   2   1   1       0.82934138  p_x
   26   3   2  -2       0.04451813  d_xy
   26   3   2  -1       0.03906567  d_yz
   26   3   2   0       0.01981044  d_z2
   26   3   2   1       0.03788514  d_xz
   26   3   2   2       0.02204469  d_x2-y2
   27   1   0   0       1.36267368  s
   27   2   1  -1       0.82763303  p_y
   27   2   1   0       0.82756546  p_z
   27   2   1   1       0.82365199  p_x
   27   3   2  -2       0.03898694  d_xy
   27   3   2  -1       0.04194913  d_yz
   27   3   2   0       0.02104253  d_z2
   27   3   2   1       0.04063792  d_xz
   27   3   2   2       0.02006493  d_x2-y2
   28   1   0   0       1.34099397  s
   28   2   1  -1       0.82694834  p_y
   28   2   1   0       0.83198144  p_z
   28   2   1   1       0.82244228  p_x
   28   3   2  -2       0.04315260  d_xy
   28   3   2  -1       0.04214402  d_yz
   28   3   2   0       0.02225305  d_z2
   28   3   2   1       0.04287575  d_xz
   28   3   2   2       0.02323509  d_x2-y2
   29   1   0   0       1.36234066  s
   29   2   1  -1       0.82687135  p_y
   29   2   1   0       0.83372841  p_z
   29   2   1   1       0.82657521  p_x
   29   3   2  -2       0.03702417  d_xy
   29   3   2  -1       0.03941071  d_yz
   29   3   2   0       0.01738808  d_z2
   29   3   2   1       0.03685334  d_xz
   29   3   2   2       0.01862712  d_x2-y2
   30   1   0   0       1.35762290  s
   30   2   1  -1       0.82964144  p_y
   30   2   1   0       0.83256581  p_z
   30   2   1   1       0.82247021  p_x
   30   3   2  -2       0.03784260  d_xy
   30   3   2  -1       0.03739496  d_yz
   30   3   2   0       0.02003337  d_z2
   30   3   2   1       0.04170762  d_xz
   30   3   2   2       0.01923145  d_x2-y2
   31   1   0   0       1.38329616  s
   31   2   1  -1       0.82379232  p_y
   31   2   1   0       0.83332769  p_z
   31   2   1   1       0.82753594  p_x
   31   3   2  -2       0.03934365  d_xy
   31   3   2  -1       0.03307222  d_yz
   31   3   2   0       0.01695494  d_z2
   31   3   2   1       0.03429619  d_xz
   31   3   2   2       0.01670049  d_x2-y2
   32   1   0   0       1.35944164  s
   32   2   1  -1       0.83369017  p_y
   32   2   1   0       0.82525734  p_z
   32   2   1   1       0.82781783  p_x
   32   3   2  -2       0.03855485  d_xy
   32   3   2  -1       0.04224345  d_yz
   32   3   2   0       0.01983250  d_z2
   32   3   2   1       0.03862295  d_xz
   32   3   2   2       0.02044121  d_x2-y2
   33   1   0   0       1.37891776  s
   33   2   1  -1       0.82517109  p_y
   33   2   1   0       0.82907620  p_z
   33   2   1   1       0.82985931  p_x
   33   3   2  -2       0.04076153  d_xy
   33   3   2  -1       0.03813134  d_yz
   33   3   2   0       0.01807963  d_z2
   33   3   2   1       0.03292089  d_xz
   33   3   2   2       0.01647092  d_x2-y2
   34   1   0   0       1.36800184  s
   34   2   1  -1       0.82713387  p_y
   34   2   1   0       0.82822596  p_z
   34   2   1   1       0.82918230  p_x
   34   3   2  -2       0.03923041  d_xy
   34   3   2  -1       0.03518242  d_yz
   34   3   2   0       0.01872380  d_z2
   34   3   2   1       0.03655689  d_xz
   34   3   2   2       0.01653285  d_x2-y2
   35   1   0   0       1.35671128  s
   35   2   1  -1       0.82735338  p_y
   35   2   1   0       0.83298820  p_z
   35   2   1   1       0.82117973  p_x
   35   3   2  -2       0.04342914  d_xy
   35   3   2  -1       0.03675308  d_yz
   35   3   2   0       0.01974859  d_z2
   35   3   2   1       0.04016626  d_xz
   35   3   2   2       0.02119201  d_x2-y2
   36   1   0   0       1.37132911  s
   36   2   1  -1       0.83191176  p_y
   36   2   1   0       0.82681145  p_z
   36   2   1   1       0.82549341  p_x
   36   3   2  -2       0.03538508  d_xy
   36   3   2  -1       0.03780707  d_yz
   36   3   2   0       0.01805796  d_z2
   36   3   2   1       0.03967534  d_xz
   36   3   2   2       0.01868951  d_x2-y2
   37   1   0   0       1.35393376  s
   37   2   1  -1       0.82632227  p_y
   37   2   1   0       0.81811033  p_z
   37   2   1   1       0.82616759  p_x
   37   3   2  -2       0.03967184  d_xy
   37   3   2  -1       0.04141968  d_yz
   37   3   2   0       0.02240721  d_z2
   37   3   2   1       0.04197203  d_xz
   37   3   2   2       0.02015103  d_x2-y2
   38   1   0   0       1.34740476  s
   38   2   1  -1       0.82362411  p_y
   38   2   1   0       0.83109091  p_z
   38   2   1   1       0.82875579  p_x
   38   3   2  -2       0.04092211  d_xy
   38   3   2  -1       0.04341803  d_yz
   38   3   2   0       0.01995247  d_z2
   38   3   2   1       0.03627631  d_xz
   38   3   2   2       0.01987096  d_x2-y2
   39   1   0   0       1.35487130  s
   39   2   1  -1       0.82402737  p_y
   39   2   1   0       0.82677680  p_z
   39   2   1   1       0.82887963  p_x
   39   3   2  -2       0.04083475  d_xy
   39   3   2  -1       0.03884183  d_yz
   39   3   2   0       0.02060109  d_z2
   39   3   2   1       0.04065842  d_xz
   39   3   2   2       0.01914988  d_x2-y2
   40   1   0   0       1.34531191  s
   40   2   1  -1       0.82680920  p_y
   40   2   1   0       0.83220516  p_z
   40   2   1   1       0.82664813  p_x
   40   3   2  -2       0.04031379  d_xy
   40   3   2  -1       0.03694168  d_yz
   40   3   2   0       0.01910325  d_z2
   40   3   2   1       0.04317985  d_xz
   40   3   2   2       0.02258717  d_x2-y2
   41   1   0   0       1.37012865  s
   41   2   1  -1       0.83129437  p_y
   41   2   1   0       0.83528331  p_z
   41   2   1   1       0.83168767  p_x
   41   3   2  -2       0.03680562  d_xy
   41   3   2  -1       0.03522230  d_yz
   41   3   2   0       0.01675579  d_z2
   41   3   2   1       0.03921588  d_xz
   41   3   2   2       0.01825613  d_x2-y2
   42   1   0   0       1.34230516  s
   42   2   1  -1       0.82638099  p_y
   42   2   1   0       0.82842715  p_z
   42   2   1   1       0.82078576  p_x
   42   3   2  -2       0.04182217  d_xy
   42   3   2  -1       0.04188903  d_yz
   42   3   2   0       0.02021870  d_z2
   42   3   2   1       0.04066573  d_xz
   42   3   2   2       0.02470466  d_x2-y2
   43   1   0   0       1.38158897  s
   43   2   1  -1       0.82816075  p_y
   43   2   1   0       0.83294569  p_z
   43   2   1   1       0.83051528  p_x
   43   3   2  -2       0.03403567  d_xy
   43   3   2  -1       0.04017474  d_yz
   43   3   2   0       0.01605338  d_z2
   43   3   2   1       0.03366905  d_xz
   43   3   2   2       0.01743365  d_x2-y2
   44   1   0   0       1.35854995  s
   44   2   1  -1       0.83212031  p_y
   44   2   1   0       0.82519852  p_z
   44   2   1   1       0.83177278  p_x
   44   3   2  -2       0.03674395  d_xy
   44   3   2  -1       0.03982121  d_yz
   44   3   2   0       0.01968060  d_z2
   44   3   2   1       0.03930906  d_xz
   44   3   2   2       0.01719927  d_x2-y2
   45   1   0   0       1.34174893  s
   45   2   1  -1       0.82800584  p_y
   45   2   1   0       0.82997245  p_z
   45   2   1   1       0.82915576  p_x
   45   3   2  -2       0.03980976  d_xy
   45   3   2  -1       0.03933526  d_yz
   45   3   2   0       0.02006725  d_z2
   45   3   2   1       0.04093571  d_xz
   45   3   2   2       0.02024289  d_x2-y2
   46   1   0   0       1.36591309  s
   46   2   1  -1       0.82818111  p_y
   46   2   1   0       0.83113268  p_z
   46   2   1   1       0.81995012  p_x
   46   3   2  -2       0.04459794  d_xy
   46   3   2  -1       0.03519639  d_yz
   46   3   2   0       0.01959418  d_z2
   46   3   2   1       0.04231600  d_xz
   46   3   2   2       0.02020433  d_x2-y2
   47   1   0   0       1.35266219  s
   47   2   1  -1       0.82173344  p_y
   47   2   1   0       0.82013525  p_z
   47   2   1   1       0.82337393  p_x
   47   3   2  -2       0.03927718  d_xy
   47   3   2  -1       0.04296088  d_yz
   47   3   2   0       0.02354712  d_z2
   47   3   2   1       0.04135104  d_xz
   47   3   2   2       0.02001199  d_x2-y2
   48   1   0   0       1.36695564  s
   48   2   1  -1       0.82053612  p_y
   48   2   1   0       0.83267890  p_z
   48   2   1   1       0.82820658  p_x
   48   3   2  -2       0.04212755  d_xy
   48   3   2  -1       0.04052272  d_yz
   48   3   2   0       0.01757164  d_z2
   48   3   2   1       0.03416962  d_xz
   48   3   2   2       0.02063441  d_x2-y2
   49   1   0   0       1.35297182  s
   49   2   1  -1       0.82630100  p_y
   49   2   1   0       0.81707598  p_z
   49   2   1   1       0.82994677  p_x
   49   3   2  -2       0.03509895  d_xy
   49   3   2  -1       0.04371037  d_yz
   49   3   2   0       0.02082858  d_z2
   49   3   2   1       0.04129735  d_xz
   49   3   2   2       0.01945571  d_x2-y2
   50   1   0   0       1.40066002  s
   50   2   1  -1       0.83453723  p_y
   50   2   1   0       0.83825304  p_z
   50   2   1   1       0.83445028  p_x
   50   3   2  -2       0.03698046  d_xy
   50   3   2  -1       0.03210220  d_yz
   50   3   2   0       0.01438532  d_z2
   50   3   2   1       0.03167157  d_xz
   50   3   2   2       0.01492415  d_x2-y2
   51   1   0   0       1.33342032  s
   51   2   1  -1       0.82944147  p_y
   51   2   1   0       0.81859143  p_z
   51   2   1   1       0.82028385  p_x
   51   3   2  -2       0.04366099  d_xy
   51   3   2  -1       0.03929130  d_yz
   51   3   2   0       0.02459790  d_z2
   51   3   2   1       0.04928562  d_xz
   51   3   2   2       0.02195255  d_x2-y2
   52   1   0   0       1.35416773  s
   52   2   1  -1       0.82618922  p_y
   52   2   1   0       0.83018284  p_z
   52   2   1   1       0.83092571  p_x
   52   3   2  -2       0.04067831  d_xy
   52   3   2  -1       0.04275111  d_yz
   52   3   2   0       0.01934977  d_z2
   52   3   2   1       0.03788092  d_xz
   52   3   2   2       0.02086751  d_x2-y2
   53   1   0   0       1.33922774  s
   53   2   1  -1       0.82832199  p_y
   53   2   1   0       0.81982686  p_z
   53   2   1   1       0.82433208  p_x
   53   3   2  -2       0.04622981  d_xy
   53   3   2  -1       0.04179669  d_yz
   53   3   2   0       0.02489131  d_z2
   53   3   2   1       0.04127781  d_xz
   53   3   2   2       0.02176006  d_x2-y2
   54   1   0   0       1.38922766  s
   54   2   1  -1       0.82849595  p_y
   54   2   1   0       0.82642163  p_z
   54   2   1   1       0.83298696  p_x
   54   3   2  -2       0.03553360  d_xy
   54   3   2  -1       0.03536864  d_yz
   54   3   2   0       0.01760385  d_z2
   54   3   2   1       0.03880680  d_xz
   54   3   2   2       0.01613137  d_x2-y2
   55   1   0   0       1.35791277  s
   55   2   1  -1       0.82758327  p_y
   55   2   1   0       0.82863961  p_z
   55   2   1   1       0.82650198  p_x
   55   3   2  -2       0.03944264  d_xy
   55   3   2  -1       0.03960583  d_yz
   55   3   2   0       0.01917717  d_z2
   55   3   2   1       0.03859194  d_xz
   55   3   2   2       0.01957049  d_x2-y2
   56   1   0   0       1.34827554  s
   56   2   1  -1       0.82587291  p_y
   56   2   1   0       0.82675721  p_z
   56   2   1   1       0.82706334  p_x
   56   3   2  -2       0.03990684  d_xy
   56   3   2  -1       0.04090846  d_yz
   56   3   2   0       0.02077897  d_z2
   56   3   2   1       0.04150533  d_xz
   56   3   2   2       0.02263226  d_x2-y2
   57   1   0   0       1.33467353  s
   57   2   1  -1       0.82841150  p_y
   57   2   1   0       0.81757194  p_z
   57   2   1   1       0.83103409  p_x
   57   3   2  -2       0.03546092  d_xy
   57   3   2  -1       0.04782578  d_yz
   57   3   2   0       0.02340223  d_z2
   57   3   2   1       0.04086025  d_xz
   57   3   2   2       0.02037294  d_x2-y2
   58   1   0   0       1.34371651  s
   58   2   1  -1       0.82959980  p_y
   58   2   1   0       0.83008421  p_z
   58   2   1   1       0.82970390  p_x
   58   3   2  -2       0.04072492  d_xy
   58   3   2  -1       0.04136663  d_yz
   58   3   2   0       0.02124397  d_z2
   58   3   2   1       0.04126717  d_xz
   58   3   2   2       0.02127678  d_x2-y2
   59   1   0   0       1.36216108  s
   59   2   1  -1       0.83340421  p_y
   59   2   1   0       0.82658453  p_z
   59   2   1   1       0.82833879  p_x
   59   3   2  -2       0.03892334  d_xy
   59   3   2  -1       0.03464784  d_yz
   59   3   2   0       0.01806764  d_z2
   59   3   2   1       0.03705715  d_xz
   59   3   2   2       0.01659201  d_x2-y2
   60   1   0   0       1.39706723  s
   60   2   1  -1       0.82782481  p_y
   60   2   1   0       0.83490424  p_z
   60   2   1   1       0.83061177  p_x
   60   3   2  -2       0.03545669  d_xy
   60   3   2  -1       0.03434210  d_yz
   60   3   2   0       0.01565386  d_z2
   60   3   2   1       0.03612369  d_xz
   60   3   2   2       0.01725498  d_x2-y2
   61   1   0   0       1.36427399  s
   61   2   1  -1       0.83189840  p_y
   61   2   1   0       0.83203781  p_z
   61   2   1   1       0.82878376  p_x
   61   3   2  -2       0.03883211  d_xy
   61   3   2  -1       0.03591824  d_yz
   61   3   2   0       0.01920394  d_z2
   61   3   2   1       0.04093946  d_xz
   61   3   2   2       0.01903603  d_x2-y2
   62   1   0   0       1.31794236  s
   62   2   1  -1       0.83247583  p_y
   62   2   1   0       0.82707618  p_z
   62   2   1   1       0.83097446  p_x
   62   3   2  -2       0.04310351  d_xy
   62   3   2  -1       0.04354007  d_yz
   62   3   2   0       0.02430486  d_z2
   62   3   2   1       0.04433018  d_xz
   62   3   2   2       0.02330091  d_x2-y2
   63   1   0   0       1.35456265  s
   63   2   1  -1       0.82474848  p_y
   63   2   1   0       0.82477117  p_z
   63   2   1   1       0.82287966  p_x
   63   3   2  -2       0.03725877  d_xy
   63   3   2  -1       0.04564020  d_yz
   63   3   2   0       0.02037473  d_z2
   63   3   2   1       0.04275795  d_xz
   63   3   2   2       0.02203836  d_x2-y2
   64   1   0   0       1.37422668  s
   64   2   1  -1       0.82708395  p_y
   64   2   1   0       0.82812836  p_z
   64   2   1   1       0.82711249  p_x
   64   3   2  -2       0.03551211  d_xy
   64   3   2  -1       0.03919249  d_yz
   64   3   2   0       0.01707292  d_z2
   64   3   2   1       0.03963765  d_xz
   64   3   2   2       0.02004123  d_x2-y2

Fermi level:                        -0.1334824451 H           -3.6322 eV
Band energy:                       -88.1683219427 H        -2399.1821 eV
TS:                                  0.0000000000 H            0.0000 eV
Band free energy (E-TS):           -88.1683219427 H        -2399.1821 eV
Extrapolated E(0K):                -88.1683219427 H        -2399.1821 eV
Input / Output electrons (q):    256.0000000000    256.0000000000

Energy H0:                         -88.1595473782 H        -2398.9433 eV
Energy SCC:                          0.0004040964 H            0.0110 eV
Total Electronic energy:           -88.1591432818 H        -2398.9323 eV
Repulsive energy:                    0.0000000000 H            0.0000 eV
Total energy:                      -88.1591432818 H        -2398.9323 eV
Extrapolated to 0:                 -88.1591432818 H        -2398.9323 eV
Total Mermin free energy:          -88.1591432818 H        -2398.9323 eV
Force related energy:              -88.1591432818 H        -2398.9323 eV

Non-constrained calculation

SCC converged

Warning: dipole moment is not defined absolutely!
Dipole moment:    0.13943347    0.34527721   -0.08229825 au
Dipole moment:    0.35440456    0.87760721   -0.20918131 Debye


