 Fermi distribution function

Calculation with static geometry


********************************************************************************
 iSCC Total electronic   Diff electronic      SCC error    
    9   -0.88168475E+02   -0.11815331E-08    0.85254030E-05
********************************************************************************

 Total charge:    -0.00000000

 Atomic gross charges (e)
 Atom           Charge
    1       0.00077526
    2       0.00409719
    3       0.00761401
    4       0.01127773
    5       0.01362520
    6      -0.00829058
    7       0.01884896
    8       0.00706864
    9       0.02495331
   10       0.00742114
   11       0.00537622
   12      -0.00114800
   13      -0.00372388
   14       0.00310232
   15       0.00730122
   16      -0.01968644
   17      -0.00380589
   18      -0.00622742
   19      -0.01065097
   20      -0.01145480
   21      -0.01141115
   22       0.01145142
   23       0.00347380
   24      -0.01324748
   25      -0.01604801
   26       0.00567563
   27      -0.01397045
   28      -0.00079648
   29      -0.00132691
   30       0.01884451
   31      -0.02597299
   32       0.02394368
   33       0.00994733
   34       0.00352855
   35       0.01489098
   36      -0.03795828
   37       0.00094701
   38      -0.01136211
   39       0.00902538
   40       0.01317765
   41       0.02428547
   42       0.02005677
   43       0.00370483
   44       0.00029178
   45       0.00605713
   46      -0.01012935
   47      -0.00424007
   48       0.00253807
   49      -0.03617377
   50      -0.01285387
   51      -0.01325176
   52      -0.00459729
   53       0.01426577
   54      -0.01713555
   55      -0.01063184
   56      -0.00240043
   57      -0.01392730
   58       0.00737091
   59       0.00231971
   60      -0.00726679
   61      -0.01078998
   62       0.02797410
   63      -0.00818737
   64       0.01343551

Nr. of electrons (up):    256.00000000
Atom populations (up)
 Atom       Population
    1       3.99922474
    2       3.99590281
    3       3.99238599
    4       3.98872227
    5       3.98637480
    6       4.00829058
    7       3.98115104
    8       3.99293136
    9       3.97504669
   10       3.99257886
   11       3.99462378
   12       4.00114800
   13       4.00372388
   14       3.99689768
   15       3.99269878
   16       4.01968644
   17       4.00380589
   18       4.00622742
   19       4.01065097
   20       4.01145480
   21       4.01141115
   22       3.98854858
   23       3.99652620
   24       4.01324748
   25       4.01604801
   26       3.99432437
   27       4.01397045
   28       4.00079648
   29       4.00132691
   30       3.98115549
   31       4.02597299
   32       3.97605632
   33       3.99005267
   34       3.99647145
   35       3.98510902
   36       4.03795828
   37       3.99905299
   38       4.01136211
   39       3.99097462
   40       3.98682235
   41       3.97571453
   42       3.97994323
   43       3.99629517
   44       3.99970822
   45       3.99394287
   46       4.01012935
   47       4.00424007
   48       3.99746193
   49       4.03617377
   50       4.01285387
   51       4.01325176
   52       4.00459729
   53       3.98573423
   54       4.01713555
   55       4.01063184
   56       4.00240043
   57       4.01392730
   58       3.99262909
   59       3.99768029
   60       4.00726679
   61       4.01078998
   62       3.97202590
   63       4.00818737
   64       3.98656449

l-shell populations (up)
 Atom Sh.   l       Population
    1   1   0       1.36859296
    1   2   1       2.47598853
    1   3   2       0.15464325
    2   1   0       1.34791507
    2   2   1       2.48228811
    2   3   2       0.16569963
    3   1   0       1.35975296
    3   2   1       2.47224297
    3   3   2       0.16039006
    4   1   0       1.35902240
    4   2   1       2.46857637
    4   3   2       0.16112349
    5   1   0       1.34146060
    5   2   1       2.48326491
    5   3   2       0.16164928
    6   1   0       1.37047372
    6   2   1       2.48351431
    6   3   2       0.15430255
    7   1   0       1.33660526
    7   2   1       2.47710277
    7   3   2       0.16744302
    8   1   0       1.34716374
    8   2   1       2.48588251
    8   3   2       0.15988511
    9   1   0       1.31165446
    9   2   1       2.48207834
    9   3   2       0.18131389
   10   1   0       1.35199498
   10   2   1       2.48423315
   10   3   2       0.15635073
   11   1   0       1.34952631
   11   2   1       2.48524183
   11   3   2       0.15985565
   12   1   0       1.35937963
   12   2   1       2.48577249
   12   3   2       0.15599589
   13   1   0       1.37279267
   13   2   1       2.47914679
   13   3   2       0.15178441
   14   1   0       1.35487320
   14   2   1       2.48935517
   14   3   2       0.15266931
   15   1   0       1.35502630
   15   2   1       2.47993195
   15   3   2       0.15774053
   16   1   0       1.38907786
   16   2   1       2.48665906
   16   3   2       0.14394951
   17   1   0       1.35416162
   17   2   1       2.48737707
   17   3   2       0.16226720
   18   1   0       1.36394145
   18   2   1       2.48270465
   18   3   2       0.15958131
   19   1   0       1.37143122
   19   2   1       2.49046985
   19   3   2       0.14874990
   20   1   0       1.38201071
   20   2   1       2.48212915
   20   3   2       0.14731494
   21   1   0       1.37309853
   21   2   1       2.49007876
   21   3   2       0.14823385
   22   1   0       1.35002731
   22   2   1       2.47467429
   22   3   2       0.16384698
   23   1   0       1.34068438
   23   2   1       2.49121000
   23   3   2       0.16463182
   24   1   0       1.38616362
   24   2   1       2.48643548
   24   3   2       0.14064838
   25   1   0       1.38346799
   25   2   1       2.48914090
   25   3   2       0.14343912
   26   1   0       1.34711010
   26   2   1       2.49148943
   26   3   2       0.15572485
   27   1   0       1.36963863
   27   2   1       2.49319726
   27   3   2       0.15113456
   28   1   0       1.35507568
   28   2   1       2.48261971
   28   3   2       0.16310109
   29   1   0       1.35459542
   29   2   1       2.49140553
   29   3   2       0.15532597
   30   1   0       1.33459290
   30   2   1       2.48536897
   30   3   2       0.16119362
   31   1   0       1.39868560
   31   2   1       2.49093770
   31   3   2       0.13634970
   32   1   0       1.32891629
   32   2   1       2.46651825
   32   3   2       0.18062178
   33   1   0       1.34590461
   33   2   1       2.47341655
   33   3   2       0.17073151
   34   1   0       1.35568806
   34   2   1       2.48303120
   34   3   2       0.15775219
   35   1   0       1.34314910
   35   2   1       2.47421463
   35   3   2       0.16774529
   36   1   0       1.41051511
   36   2   1       2.49536947
   36   3   2       0.13207371
   37   1   0       1.35535837
   37   2   1       2.48343157
   37   3   2       0.16026305
   38   1   0       1.38411908
   38   2   1       2.48830584
   38   3   2       0.13893719
   39   1   0       1.35322249
   39   2   1       2.47485962
   39   3   2       0.16289251
   40   1   0       1.33546021
   40   2   1       2.48740948
   40   3   2       0.16395266
   41   1   0       1.33509698
   41   2   1       2.47780192
   41   3   2       0.16281563
   42   1   0       1.33694235
   42   2   1       2.47468976
   42   3   2       0.16831111
   43   1   0       1.36107344
   43   2   1       2.48608218
   43   3   2       0.14913955
   44   1   0       1.35779487
   44   2   1       2.48812930
   44   3   2       0.15378405
   45   1   0       1.35082530
   45   2   1       2.48544841
   45   3   2       0.15766916
   46   1   0       1.37430880
   46   2   1       2.48494280
   46   3   2       0.15087776
   47   1   0       1.36341583
   47   2   1       2.48796542
   47   3   2       0.15285882
   48   1   0       1.35269619
   48   2   1       2.48222057
   48   3   2       0.16254517
   49   1   0       1.39880804
   49   2   1       2.49682403
   49   3   2       0.14054170
   50   1   0       1.37880115
   50   2   1       2.49240761
   50   3   2       0.14164510
   51   1   0       1.37155741
   51   2   1       2.48341983
   51   3   2       0.15827453
   52   1   0       1.35190594
   52   2   1       2.48977454
   52   3   2       0.16291682
   53   1   0       1.32733011
   53   2   1       2.48055698
   53   3   2       0.17784714
   54   1   0       1.37693072
   54   2   1       2.49226473
   54   3   2       0.14794010
   55   1   0       1.36499275
   55   2   1       2.49824697
   55   3   2       0.14739211
   56   1   0       1.36021803
   56   2   1       2.48507329
   56   3   2       0.15710911
   57   1   0       1.36871759
   57   2   1       2.49701871
   57   3   2       0.14819100
   58   1   0       1.33963710
   58   2   1       2.48295658
   58   3   2       0.17003541
   59   1   0       1.34705970
   59   2   1       2.49205161
   59   3   2       0.15856899
   60   1   0       1.37702720
   60   2   1       2.47937403
   60   3   2       0.15086556
   61   1   0       1.37320274
   61   2   1       2.48792825
   61   3   2       0.14965899
   62   1   0       1.30378900
   62   2   1       2.48203185
   62   3   2       0.18620505
   63   1   0       1.36710824
   63   2   1       2.48658991
   63   3   2       0.15448922
   64   1   0       1.35422197
   64   2   1       2.46738844
   64   3   2       0.16495408

Orbital populations (up)
 Atom Sh.   l   m       Population  Label
    1   1   0   0       1.36859296  s
    1   2   1  -1       0.82562515  p_y
    1   2   1   0       0.82281498  p_z
    1   2   1   1       0.82754840  p_x
    1   3   2  -2       0.03740526  d_xy
    1   3   2  -1       0.03985704  d_yz
    1   3   2   0       0.01950558  d_z2
    1   3   2   1       0.03958383  d_xz
    1   3   2   2       0.01829154  d_x2-y2
    2   1   0   0       1.34791507  s
    2   2   1  -1       0.82747562  p_y
    2   2   1   0       0.82552141  p_z
    2   2   1   1       0.82929107  p_x
    2   3   2  -2       0.03920007  d_xy
    2   3   2  -1       0.04128782  d_yz
    2   3   2   0       0.02092578  d_z2
    2   3   2   1       0.04320733  d_xz
    2   3   2   2       0.02107864  d_x2-y2
    3   1   0   0       1.35975296  s
    3   2   1  -1       0.82805632  p_y
    3   2   1   0       0.82384092  p_z
    3   2   1   1       0.82034573  p_x
    3   3   2  -2       0.04053664  d_xy
    3   3   2  -1       0.03529663  d_yz
    3   3   2   0       0.02046292  d_z2
    3   3   2   1       0.04467444  d_xz
    3   3   2   2       0.01941942  d_x2-y2
    4   1   0   0       1.35902240  s
    4   2   1  -1       0.82226081  p_y
    4   2   1   0       0.81811449  p_z
    4   2   1   1       0.82820107  p_x
    4   3   2  -2       0.03953732  d_xy
    4   3   2  -1       0.03919783  d_yz
    4   3   2   0       0.02133149  d_z2
    4   3   2   1       0.04148376  d_xz
    4   3   2   2       0.01957309  d_x2-y2
    5   1   0   0       1.34146060  s
    5   2   1  -1       0.83202103  p_y
    5   2   1   0       0.82425704  p_z
    5   2   1   1       0.82698684  p_x
    5   3   2  -2       0.03926115  d_xy
    5   3   2  -1       0.03693149  d_yz
    5   3   2   0       0.02150972  d_z2
    5   3   2   1       0.04496279  d_xz
    5   3   2   2       0.01898413  d_x2-y2
    6   1   0   0       1.37047372  s
    6   2   1  -1       0.82479909  p_y
    6   2   1   0       0.83005749  p_z
    6   2   1   1       0.82865773  p_x
    6   3   2  -2       0.04108186  d_xy
    6   3   2  -1       0.04072260  d_yz
    6   3   2   0       0.01857660  d_z2
    6   3   2   1       0.03435527  d_xz
    6   3   2   2       0.01956622  d_x2-y2
    7   1   0   0       1.33660526  s
    7   2   1  -1       0.82883192  p_y
    7   2   1   0       0.82048319  p_z
    7   2   1   1       0.82778766  p_x
    7   3   2  -2       0.03440060  d_xy
    7   3   2  -1       0.04422636  d_yz
    7   3   2   0       0.02187118  d_z2
    7   3   2   1       0.04566340  d_xz
    7   3   2   2       0.02128147  d_x2-y2
    8   1   0   0       1.34716374  s
    8   2   1  -1       0.82727202  p_y
    8   2   1   0       0.82947749  p_z
    8   2   1   1       0.82913300  p_x
    8   3   2  -2       0.04148734  d_xy
    8   3   2  -1       0.03976669  d_yz
    8   3   2   0       0.01989943  d_z2
    8   3   2   1       0.03835057  d_xz
    8   3   2   2       0.02038108  d_x2-y2
    9   1   0   0       1.31165446  s
    9   2   1  -1       0.82376878  p_y
    9   2   1   0       0.83088304  p_z
    9   2   1   1       0.82742651  p_x
    9   3   2  -2       0.04498411  d_xy
    9   3   2  -1       0.04294842  d_yz
    9   3   2   0       0.02471811  d_z2
    9   3   2   1       0.04364667  d_xz
    9   3   2   2       0.02501657  d_x2-y2
   10   1   0   0       1.35199498  s
   10   2   1  -1       0.83122075  p_y
   10   2   1   0       0.82486543  p_z
   10   2   1   1       0.82814697  p_x
   10   3   2  -2       0.03617647  d_xy
   10   3   2  -1       0.04296780  d_yz
   10   3   2   0       0.02029076  d_z2
   10   3   2   1       0.03792398  d_xz
   10   3   2   2       0.01899172  d_x2-y2
   11   1   0   0       1.34952631  s
   11   2   1  -1       0.83026655  p_y
   11   2   1   0       0.82822629  p_z
   11   2   1   1       0.82674899  p_x
   11   3   2  -2       0.04110059  d_xy
   11   3   2  -1       0.04128342  d_yz
   11   3   2   0       0.02107473  d_z2
   11   3   2   1       0.03737784  d_xz
   11   3   2   2       0.01901906  d_x2-y2
   12   1   0   0       1.35937963  s
   12   2   1  -1       0.82761406  p_y
   12   2   1   0       0.82756433  p_z
   12   2   1   1       0.83059409  p_x
   12   3   2  -2       0.03964733  d_xy
   12   3   2  -1       0.03812504  d_yz
   12   3   2   0       0.01955672  d_z2
   12   3   2   1       0.04001866  d_xz
   12   3   2   2       0.01864814  d_x2-y2
   13   1   0   0       1.37279267  s
   13   2   1  -1       0.82619882  p_y
   13   2   1   0       0.82785105  p_z
   13   2   1   1       0.82509692  p_x
   13   3   2  -2       0.04415797  d_xy
   13   3   2  -1       0.03574507  d_yz
   13   3   2   0       0.01834245  d_z2
   13   3   2   1       0.03558222  d_xz
   13   3   2   2       0.01795670  d_x2-y2
   14   1   0   0       1.35487320  s
   14   2   1  -1       0.83282518  p_y
   14   2   1   0       0.82664772  p_z
   14   2   1   1       0.82988227  p_x
   14   3   2  -2       0.03619212  d_xy
   14   3   2  -1       0.03560430  d_yz
   14   3   2   0       0.01834611  d_z2
   14   3   2   1       0.04390947  d_xz
   14   3   2   2       0.01861730  d_x2-y2
   15   1   0   0       1.35502630  s
   15   2   1  -1       0.82898904  p_y
   15   2   1   0       0.82698476  p_z
   15   2   1   1       0.82395815  p_x
   15   3   2  -2       0.04067514  d_xy
   15   3   2  -1       0.04054869  d_yz
   15   3   2   0       0.02022852  d_z2
   15   3   2   1       0.03743414  d_xz
   15   3   2   2       0.01885404  d_x2-y2
   16   1   0   0       1.38907786  s
   16   2   1  -1       0.82930633  p_y
   16   2   1   0       0.83052081  p_z
   16   2   1   1       0.82683192  p_x
   16   3   2  -2       0.03443140  d_xy
   16   3   2  -1       0.03904664  d_yz
   16   3   2   0       0.01633133  d_z2
   16   3   2   1       0.03664093  d_xz
   16   3   2   2       0.01749922  d_x2-y2
   17   1   0   0       1.35416162  s
   17   2   1  -1       0.82852196  p_y
   17   2   1   0       0.82988823  p_z
   17   2   1   1       0.82896688  p_x
   17   3   2  -2       0.04124288  d_xy
   17   3   2  -1       0.03934781  d_yz
   17   3   2   0       0.02160118  d_z2
   17   3   2   1       0.04066357  d_xz
   17   3   2   2       0.01941175  d_x2-y2
   18   1   0   0       1.36394145  s
   18   2   1  -1       0.82654258  p_y
   18   2   1   0       0.82527418  p_z
   18   2   1   1       0.83088789  p_x
   18   3   2  -2       0.04154561  d_xy
   18   3   2  -1       0.04176893  d_yz
   18   3   2   0       0.02050631  d_z2
   18   3   2   1       0.03693504  d_xz
   18   3   2   2       0.01882543  d_x2-y2
   19   1   0   0       1.37143122  s
   19   2   1  -1       0.82552585  p_y
   19   2   1   0       0.83233376  p_z
   19   2   1   1       0.83261023  p_x
   19   3   2  -2       0.03482739  d_xy
   19   3   2  -1       0.03747093  d_yz
   19   3   2   0       0.01651465  d_z2
   19   3   2   1       0.04025888  d_xz
   19   3   2   2       0.01967805  d_x2-y2
   20   1   0   0       1.38201071  s
   20   2   1  -1       0.82732090  p_y
   20   2   1   0       0.82632577  p_z
   20   2   1   1       0.82848248  p_x
   20   3   2  -2       0.04118050  d_xy
   20   3   2  -1       0.03660053  d_yz
   20   3   2   0       0.01815179  d_z2
   20   3   2   1       0.03453527  d_xz
   20   3   2   2       0.01684685  d_x2-y2
   21   1   0   0       1.37309853  s
   21   2   1  -1       0.82979875  p_y
   21   2   1   0       0.83196510  p_z
   21   2   1   1       0.82831491  p_x
   21   3   2  -2       0.03593048  d_xy
   21   3   2  -1       0.03770194  d_yz
   21   3   2   0       0.01661054  d_z2
   21   3   2   1       0.03944716  d_xz
   21   3   2   2       0.01854374  d_x2-y2
   22   1   0   0       1.35002731  s
   22   2   1  -1       0.82685287  p_y
   22   2   1   0       0.82124919  p_z
   22   2   1   1       0.82657223  p_x
   22   3   2  -2       0.03878877  d_xy
   22   3   2  -1       0.04082962  d_yz
   22   3   2   0       0.02237173  d_z2
   22   3   2   1       0.04192201  d_xz
   22   3   2   2       0.01993485  d_x2-y2
   23   1   0   0       1.34068438  s
   23   2   1  -1       0.82706233  p_y
   23   2   1   0       0.83500021  p_z
   23   2   1   1       0.82914746  p_x
   23   3   2  -2       0.04380704  d_xy
   23   3   2  -1       0.04018182  d_yz
   23   3   2   0       0.02086717  d_z2
   23   3   2   1       0.03871734  d_xz
   23   3   2   2       0.02105844  d_x2-y2
   24   1   0   0       1.38616362  s
   24   2   1  -1       0.82733906  p_y
   24   2   1   0       0.82967176  p_z
   24   2   1   1       0.82942467  p_x
   24   3   2  -2       0.03509990  d_xy
   24   3   2  -1       0.03604561  d_yz
   24   3   2   0       0.01559397  d_z2
   24   3   2   1       0.03674313  d_xz
   24   3   2   2       0.01716576  d_x2-y2
   25   1   0   0       1.38346799  s
   25   2   1  -1       0.82859261  p_y
   25   2   1   0       0.82930789  p_z
   25   2   1   1       0.83124040  p_x
   25   3   2  -2       0.03880704  d_xy
   25   3   2  -1       0.03534861  d_yz
   25   3   2   0       0.01707526  d_z2
   25   3   2   1       0.03554486  d_xz
   25   3   2   2       0.01666335  d_x2-y2
   26   1   0   0       1.34711010  s
   26   2   1  -1       0.83119517  p_y
   26   2   1   0       0.83367548  p_z
   26   2   1   1       0.82661877  p_x
   26   3   2  -2       0.04012831  d_xy
   26   3   2  -1       0.03582360  d_yz
   26   3   2   0       0.01800456  d_z2
   26   3   2   1       0.04195319  d_xz
   26   3   2   2       0.01981519  d_x2-y2
   27   1   0   0       1.36963863  s
   27   2   1  -1       0.83365581  p_y
   27   2   1   0       0.83026165  p_z
   27   2   1   1       0.82927980  p_x
   27   3   2  -2       0.03859592  d_xy
   27   3   2  -1       0.04014547  d_yz
   27   3   2   0       0.01853353  d_z2
   27   3   2   1       0.03635140  d_xz
   27   3   2   2       0.01750824  d_x2-y2
   28   1   0   0       1.35507568  s
   28   2   1  -1       0.82706353  p_y
   28   2   1   0       0.82753787  p_z
   28   2   1   1       0.82801831  p_x
   28   3   2  -2       0.03572564  d_xy
   28   3   2  -1       0.04426745  d_yz
   28   3   2   0       0.01911309  d_z2
   28   3   2   1       0.04226748  d_xz
   28   3   2   2       0.02172742  d_x2-y2
   29   1   0   0       1.35459542  s
   29   2   1  -1       0.82404695  p_y
   29   2   1   0       0.83380986  p_z
   29   2   1   1       0.83354872  p_x
   29   3   2  -2       0.04202572  d_xy
   29   3   2  -1       0.03843301  d_yz
   29   3   2   0       0.01833856  d_z2
   29   3   2   1       0.03650977  d_xz
   29   3   2   2       0.02001890  d_x2-y2
   30   1   0   0       1.33459290  s
   30   2   1  -1       0.82491196  p_y
   30   2   1   0       0.83051101  p_z
   30   2   1   1       0.82994600  p_x
   30   3   2  -2       0.04257544  d_xy
   30   3   2  -1       0.03856537  d_yz
   30   3   2   0       0.02086077  d_z2
   30   3   2   1       0.03884451  d_xz
   30   3   2   2       0.02034752  d_x2-y2
   31   1   0   0       1.39868560  s
   31   2   1  -1       0.82947508  p_y
   31   2   1   0       0.83148647  p_z
   31   2   1   1       0.82997615  p_x
   31   3   2  -2       0.03582109  d_xy
   31   3   2  -1       0.03497950  d_yz
   31   3   2   0       0.01531465  d_z2
   31   3   2   1       0.03433843  d_xz
   31   3   2   2       0.01589603  d_x2-y2
   32   1   0   0       1.32891629  s
   32   2   1  -1       0.82563189  p_y
   32   2   1   0       0.81897609  p_z
   32   2   1   1       0.82191028  p_x
   32   3   2  -2       0.04139359  d_xy
   32   3   2  -1       0.04734578  d_yz
   32   3   2   0       0.02471114  d_z2
   32   3   2   1       0.04320960  d_xz
   32   3   2   2       0.02396167  d_x2-y2
   33   1   0   0       1.34590461  s
   33   2   1  -1       0.81802418  p_y
   33   2   1   0       0.82980419  p_z
   33   2   1   1       0.82558818  p_x
   33   3   2  -2       0.04803504  d_xy
   33   3   2  -1       0.04168486  d_yz
   33   3   2   0       0.02154419  d_z2
   33   3   2   1       0.03672412  d_xz
   33   3   2   2       0.02274330  d_x2-y2
   34   1   0   0       1.35568806  s
   34   2   1  -1       0.82495132  p_y
   34   2   1   0       0.82767163  p_z
   34   2   1   1       0.83040825  p_x
   34   3   2  -2       0.03827732  d_xy
   34   3   2  -1       0.03882085  d_yz
   34   3   2   0       0.02039556  d_z2
   34   3   2   1       0.04126680  d_xz
   34   3   2   2       0.01899166  d_x2-y2
   35   1   0   0       1.34314910  s
   35   2   1  -1       0.82623925  p_y
   35   2   1   0       0.82368509  p_z
   35   2   1   1       0.82429029  p_x
   35   3   2  -2       0.04325395  d_xy
   35   3   2  -1       0.03838023  d_yz
   35   3   2   0       0.02232097  d_z2
   35   3   2   1       0.04302110  d_xz
   35   3   2   2       0.02076904  d_x2-y2
   36   1   0   0       1.41051511  s
   36   2   1  -1       0.83236516  p_y
   36   2   1   0       0.82918216  p_z
   36   2   1   1       0.83382214  p_x
   36   3   2  -2       0.03073633  d_xy
   36   3   2  -1       0.03365310  d_yz
   36   3   2   0       0.01551075  d_z2
   36   3   2   1       0.03790218  d_xz
   36   3   2   2       0.01427135  d_x2-y2
   37   1   0   0       1.35535837  s
   37   2   1  -1       0.82877135  p_y
   37   2   1   0       0.82974362  p_z
   37   2   1   1       0.82491660  p_x
   37   3   2  -2       0.04033441  d_xy
   37   3   2  -1       0.03910865  d_yz
   37   3   2   0       0.01965146  d_z2
   37   3   2   1       0.04100518  d_xz
   37   3   2   2       0.02016336  d_x2-y2
   38   1   0   0       1.38411908  s
   38   2   1  -1       0.82887002  p_y
   38   2   1   0       0.82984439  p_z
   38   2   1   1       0.82959144  p_x
   38   3   2  -2       0.03464428  d_xy
   38   3   2  -1       0.03901363  d_yz
   38   3   2   0       0.01640915  d_z2
   38   3   2   1       0.03320364  d_xz
   38   3   2   2       0.01566649  d_x2-y2
   39   1   0   0       1.35322249  s
   39   2   1  -1       0.82404750  p_y
   39   2   1   0       0.82503571  p_z
   39   2   1   1       0.82577642  p_x
   39   3   2  -2       0.04068412  d_xy
   39   3   2  -1       0.04132164  d_yz
   39   3   2   0       0.02162123  d_z2
   39   3   2   1       0.03974037  d_xz
   39   3   2   2       0.01952515  d_x2-y2
   40   1   0   0       1.33546021  s
   40   2   1  -1       0.83187017  p_y
   40   2   1   0       0.83488338  p_z
   40   2   1   1       0.82065593  p_x
   40   3   2  -2       0.04207641  d_xy
   40   3   2  -1       0.03700720  d_yz
   40   3   2   0       0.01812759  d_z2
   40   3   2   1       0.04304087  d_xz
   40   3   2   2       0.02370060  d_x2-y2
   41   1   0   0       1.33509698  s
   41   2   1  -1       0.82633283  p_y
   41   2   1   0       0.82498326  p_z
   41   2   1   1       0.82648583  p_x
   41   3   2  -2       0.03823406  d_xy
   41   3   2  -1       0.03729228  d_yz
   41   3   2   0       0.02173831  d_z2
   41   3   2   1       0.04534992  d_xz
   41   3   2   2       0.02020106  d_x2-y2
   42   1   0   0       1.33694235  s
   42   2   1  -1       0.82318835  p_y
   42   2   1   0       0.82988355  p_z
   42   2   1   1       0.82161786  p_x
   42   3   2  -2       0.04674189  d_xy
   42   3   2  -1       0.03863511  d_yz
   42   3   2   0       0.02103607  d_z2
   42   3   2   1       0.03925465  d_xz
   42   3   2   2       0.02264339  d_x2-y2
   43   1   0   0       1.36107344  s
   43   2   1  -1       0.82621302  p_y
   43   2   1   0       0.83021482  p_z
   43   2   1   1       0.82965434  p_x
   43   3   2  -2       0.03661495  d_xy
   43   3   2  -1       0.04151765  d_yz
   43   3   2   0       0.01881166  d_z2
   43   3   2   1       0.03506519  d_xz
   43   3   2   2       0.01713010  d_x2-y2
   44   1   0   0       1.35779487  s
   44   2   1  -1       0.82783642  p_y
   44   2   1   0       0.83147285  p_z
   44   2   1   1       0.82882002  p_x
   44   3   2  -2       0.04131788  d_xy
   44   3   2  -1       0.04197193  d_yz
   44   3   2   0       0.01818072  d_z2
   44   3   2   1       0.03319546  d_xz
   44   3   2   2       0.01911806  d_x2-y2
   45   1   0   0       1.35082530  s
   45   2   1  -1       0.82897674  p_y
   45   2   1   0       0.82614058  p_z
   45   2   1   1       0.83033108  p_x
   45   3   2  -2       0.03945266  d_xy
   45   3   2  -1       0.04112432  d_yz
   45   3   2   0       0.02096032  d_z2
   45   3   2   1       0.03798995  d_xz
   45   3   2   2       0.01814190  d_x2-y2
   46   1   0   0       1.37430880  s
   46   2   1  -1       0.82731769  p_y
   46   2   1   0       0.83046330  p_z
   46   2   1   1       0.82716181  p_x
   46   3   2  -2       0.03967102  d_xy
   46   3   2  -1       0.03703743  d_yz
   46   3   2   0       0.01706006  d_z2
   46   3   2   1       0.03791654  d_xz
   46   3   2   2       0.01919271  d_x2-y2
   47   1   0   0       1.36341583  s
   47   2   1  -1       0.82837885  p_y
   47   2   1   0       0.83002234  p_z
   47   2   1   1       0.82956423  p_x
   47   3   2  -2       0.03770263  d_xy
   47   3   2  -1       0.03887235  d_yz
   47   3   2   0       0.01830172  d_z2
   47   3   2   1       0.03924961  d_xz
   47   3   2   2       0.01873250  d_x2-y2
   48   1   0   0       1.35269619  s
   48   2   1  -1       0.82249845  p_y
   48   2   1   0       0.82986370  p_z
   48   2   1   1       0.82985841  p_x
   48   3   2  -2       0.04318057  d_xy
   48   3   2  -1       0.03928152  d_yz
   48   3   2   0       0.01979235  d_z2
   48   3   2   1       0.03856327  d_xz
   48   3   2   2       0.02172747  d_x2-y2
   49   1   0   0       1.39880804  s
   49   2   1  -1       0.83564703  p_y
   49   2   1   0       0.82675635  p_z
   49   2   1   1       0.83442065  p_x
   49   3   2  -2       0.03149934  d_xy
   49   3   2  -1       0.03595918  d_yz
   49   3   2   0       0.01665703  d_z2
   49   3   2   1       0.04002323  d_xz
   49   3   2   2       0.01640292  d_x2-y2
   50   1   0   0       1.37880115  s
   50   2   1  -1       0.83194139  p_y
   50   2   1   0       0.83284305  p_z
   50   2   1   1       0.82762317  p_x
   50   3   2  -2       0.03650425  d_xy
   50   3   2  -1       0.03594431  d_yz
   50   3   2   0       0.01617196  d_z2
   50   3   2   1       0.03578925  d_xz
   50   3   2   2       0.01723534  d_x2-y2
   51   1   0   0       1.37155741  s
   51   2   1  -1       0.82581989  p_y
   51   2   1   0       0.82952327  p_z
   51   2   1   1       0.82807667  p_x
   51   3   2  -2       0.04150439  d_xy
   51   3   2  -1       0.03897616  d_yz
   51   3   2   0       0.01935478  d_z2
   51   3   2   1       0.03839433  d_xz
   51   3   2   2       0.02004486  d_x2-y2
   52   1   0   0       1.35190594  s
   52   2   1  -1       0.83118610  p_y
   52   2   1   0       0.83439586  p_z
   52   2   1   1       0.82419258  p_x
   52   3   2  -2       0.04319185  d_xy
   52   3   2  -1       0.03993641  d_yz
   52   3   2   0       0.02074721  d_z2
   52   3   2   1       0.03778102  d_xz
   52   3   2   2       0.02126032  d_x2-y2
   53   1   0   0       1.32733011  s
   53   2   1  -1       0.82747296  p_y
   53   2   1   0       0.82520259  p_z
   53   2   1   1       0.82788143  p_x
   53   3   2  -2       0.04374112  d_xy
   53   3   2  -1       0.04147219  d_yz
   53   3   2   0       0.02384673  d_z2
   53   3   2   1       0.04550967  d_xz
   53   3   2   2       0.02327743  d_x2-y2
   54   1   0   0       1.37693072  s
   54   2   1  -1       0.82836655  p_y
   54   2   1   0       0.83155170  p_z
   54   2   1   1       0.83234648  p_x
   54   3   2  -2       0.03621322  d_xy
   54   3   2  -1       0.03816220  d_yz
   54   3   2   0       0.01650633  d_z2
   54   3   2   1       0.03861179  d_xz
   54   3   2   2       0.01844656  d_x2-y2
   55   1   0   0       1.36499275  s
   55   2   1  -1       0.83564368  p_y
   55   2   1   0       0.82946053  p_z
   55   2   1   1       0.83314277  p_x
   55   3   2  -2       0.03448330  d_xy
   55   3   2  -1       0.03978031  d_yz
   55   3   2   0       0.01837150  d_z2
   55   3   2   1       0.03788384  d_xz
   55   3   2   2       0.01687318  d_x2-y2
   56   1   0   0       1.36021803  s
   56   2   1  -1       0.82924643  p_y
   56   2   1   0       0.82382617  p_z
   56   2   1   1       0.83200069  p_x
   56   3   2  -2       0.03729308  d_xy
   56   3   2  -1       0.04201219  d_yz
   56   3   2   0       0.01957612  d_z2
   56   3   2   1       0.03863357  d_xz
   56   3   2   2       0.01959415  d_x2-y2
   57   1   0   0       1.36871759  s
   57   2   1  -1       0.83517410  p_y
   57   2   1   0       0.83069118  p_z
   57   2   1   1       0.83115344  p_x
   57   3   2  -2       0.03337497  d_xy
   57   3   2  -1       0.04194393  d_yz
   57   3   2   0       0.01736885  d_z2
   57   3   2   1       0.03750148  d_xz
   57   3   2   2       0.01800175  d_x2-y2
   58   1   0   0       1.33963710  s
   58   2   1  -1       0.82813460  p_y
   58   2   1   0       0.82801869  p_z
   58   2   1   1       0.82680329  p_x
   58   3   2  -2       0.04181779  d_xy
   58   3   2  -1       0.03941601  d_yz
   58   3   2   0       0.02217669  d_z2
   58   3   2   1       0.04485322  d_xz
   58   3   2   2       0.02177170  d_x2-y2
   59   1   0   0       1.34705970  s
   59   2   1  -1       0.83020375  p_y
   59   2   1   0       0.83137040  p_z
   59   2   1   1       0.83047745  p_x
   59   3   2  -2       0.04392003  d_xy
   59   3   2  -1       0.03610252  d_yz
   59   3   2   0       0.02039685  d_z2
   59   3   2   1       0.03902434  d_xz
   59   3   2   2       0.01912525  d_x2-y2
   60   1   0   0       1.37702720  s
   60   2   1  -1       0.82867245  p_y
   60   2   1   0       0.82667033  p_z
   60   2   1   1       0.82403125  p_x
   60   3   2  -2       0.03633848  d_xy
   60   3   2  -1       0.03740019  d_yz
   60   3   2   0       0.01839453  d_z2
   60   3   2   1       0.04038924  d_xz
   60   3   2   2       0.01834312  d_x2-y2
   61   1   0   0       1.37320274  s
   61   2   1  -1       0.82615679  p_y
   61   2   1   0       0.83335809  p_z
   61   2   1   1       0.82841337  p_x
   61   3   2  -2       0.04361945  d_xy
   61   3   2  -1       0.03466082  d_yz
   61   3   2   0       0.01650224  d_z2
   61   3   2   1       0.03574143  d_xz
   61   3   2   2       0.01913504  d_x2-y2
   62   1   0   0       1.30378900  s
   62   2   1  -1       0.83189997  p_y
   62   2   1   0       0.82624446  p_z
   62   2   1   1       0.82388742  p_x
   62   3   2  -2       0.04391179  d_xy
   62   3   2  -1       0.04253381  d_yz
   62   3   2   0       0.02526680  d_z2
   62   3   2   1       0.04852613  d_xz
   62   3   2   2       0.02596651  d_x2-y2
   63   1   0   0       1.36710824  s
   63   2   1  -1       0.82882437  p_y
   63   2   1   0       0.82549642  p_z
   63   2   1   1       0.83226912  p_x
   63   3   2  -2       0.03528712  d_xy
   63   3   2  -1       0.04183335  d_yz
   63   3   2   0       0.01908779  d_z2
   63   3   2   1       0.04000697  d_xz
   63   3   2   2       0.01827400  d_x2-y2
   64   1   0   0       1.35422197  s
   64   2   1  -1       0.82137869  p_y
   64   2   1   0       0.82529049  p_z
   64   2   1   1       0.82071927  p_x
   64   3   2  -2       0.04157351  d_xy
   64   3   2  -1       0.04164093  d_yz
   64   3   2   0       0.02150820  d_z2
   64   3   2   1       0.04004770  d_xz
   64   3   2   2       0.02018374  d_x2-y2

Fermi level:                        -0.1333753915 H           -3.6293 eV
Band energy:                       -88.1848299011 H        -2399.6313 eV
TS:                                  0.0000000000 H            0.0000 eV
Band free energy (E-TS):           -88.1848299011 H        -2399.6313 eV
Extrapolated E(0K):                -88.1848299011 H        -2399.6313 eV
Input / Output electrons (q):    256.0000000000    256.0000000000

Energy H0:                         -88.1690281749 H        -2399.2013 eV
Energy SCC:                          0.0005534327 H            0.0151 eV
Total Electronic energy:           -88.1684747423 H        -2399.1863 eV
Repulsive energy:                    0.0000000000 H            0.0000 eV
Total energy:                      -88.1684747423 H        -2399.1863 eV
Extrapolated to 0:                 -88.1684747423 H        -2399.1863 eV
Total Mermin free energy:          -88.1684747423 H        -2399.1863 eV
Force related energy:              -88.1684747423 H        -2399.1863 eV

Non-constrained calculation

SCC converged

Warning: dipole moment is not defined absolutely!
Dipole moment:    0.33410027   -1.01757556    0.00564450 au
Dipole moment:    0.84919824   -2.58641930    0.01434689 Debye


