 Fermi distribution function

Calculation with static geometry


********************************************************************************
 iSCC Total electronic   Diff electronic      SCC error    
   10   -0.88119829E+02   -0.90082608E-10    0.36039616E-05
********************************************************************************

 Total charge:    -0.00000000

 Atomic gross charges (e)
 Atom           Charge
    1      -0.01420340
    2       0.01277545
    3      -0.00021340
    4       0.00253657
    5       0.02675819
    6      -0.00171359
    7       0.01175585
    8      -0.00700139
    9       0.01609549
   10      -0.00778588
   11      -0.01313272
   12       0.01199506
   13      -0.00651454
   14       0.00126738
   15       0.00288137
   16      -0.00644182
   17      -0.00042693
   18      -0.00518810
   19      -0.01451010
   20      -0.03024571
   21      -0.00807655
   22       0.00165157
   23       0.00786693
   24      -0.02335006
   25      -0.01351972
   26       0.00336081
   27       0.00228990
   28       0.00401114
   29      -0.00458560
   30       0.01908287
   31      -0.00552233
   32       0.02394406
   33       0.02013289
   34       0.01298316
   35       0.01405350
   36      -0.01413818
   37       0.00366778
   38      -0.00882265
   39       0.00600152
   40       0.00658105
   41       0.02630764
   42       0.00965033
   43       0.00100690
   44      -0.01595746
   45       0.00455180
   46      -0.00196567
   47      -0.01458485
   48       0.01367184
   49      -0.03607795
   50       0.01467125
   51      -0.02054615
   52       0.00819306
   53       0.01984957
   54      -0.01213604
   55      -0.01576167
   56      -0.00584082
   57      -0.01061860
   58       0.00583075
   59      -0.00241300
   60       0.00785272
   61      -0.00840535
   62       0.01710667
   63      -0.00434721
   64      -0.00633764

Nr. of electrons (up):    256.00000000
Atom populations (up)
 Atom       Population
    1       4.01420340
    2       3.98722455
    3       4.00021340
    4       3.99746343
    5       3.97324181
    6       4.00171359
    7       3.98824415
    8       4.00700139
    9       3.98390451
   10       4.00778588
   11       4.01313272
   12       3.98800494
   13       4.00651454
   14       3.99873262
   15       3.99711863
   16       4.00644182
   17       4.00042693
   18       4.00518810
   19       4.01451010
   20       4.03024571
   21       4.00807655
   22       3.99834843
   23       3.99213307
   24       4.02335006
   25       4.01351972
   26       3.99663919
   27       3.99771010
   28       3.99598886
   29       4.00458560
   30       3.98091713
   31       4.00552233
   32       3.97605594
   33       3.97986711
   34       3.98701684
   35       3.98594650
   36       4.01413818
   37       3.99633222
   38       4.00882265
   39       3.99399848
   40       3.99341895
   41       3.97369236
   42       3.99034967
   43       3.99899310
   44       4.01595746
   45       3.99544820
   46       4.00196567
   47       4.01458485
   48       3.98632816
   49       4.03607795
   50       3.98532875
   51       4.02054615
   52       3.99180694
   53       3.98015043
   54       4.01213604
   55       4.01576167
   56       4.00584082
   57       4.01061860
   58       3.99416925
   59       4.00241300
   60       3.99214728
   61       4.00840535
   62       3.98289333
   63       4.00434721
   64       4.00633764

l-shell populations (up)
 Atom Sh.   l       Population
    1   1   0       1.38191894
    1   2   1       2.48773376
    1   3   2       0.14455070
    2   1   0       1.33561160
    2   2   1       2.49101354
    2   3   2       0.16059941
    3   1   0       1.35975161
    3   2   1       2.48621026
    3   3   2       0.15425153
    4   1   0       1.36275227
    4   2   1       2.47984459
    4   3   2       0.15486657
    5   1   0       1.32252177
    5   2   1       2.47739240
    5   3   2       0.17332763
    6   1   0       1.36423038
    6   2   1       2.48118851
    6   3   2       0.15629470
    7   1   0       1.35395652
    7   2   1       2.46549583
    7   3   2       0.16879181
    8   1   0       1.36797735
    8   2   1       2.48024437
    8   3   2       0.15877966
    9   1   0       1.32502275
    9   2   1       2.48903424
    9   3   2       0.16984752
   10   1   0       1.38512469
   10   2   1       2.47084299
   10   3   2       0.15181820
   11   1   0       1.38009855
   11   2   1       2.47961249
   11   3   2       0.15342169
   12   1   0       1.36126824
   12   2   1       2.47904947
   12   3   2       0.14768723
   13   1   0       1.36826490
   13   2   1       2.48583229
   13   3   2       0.15241735
   14   1   0       1.35491409
   14   2   1       2.48611665
   14   3   2       0.15770188
   15   1   0       1.36551227
   15   2   1       2.48262401
   15   3   2       0.14898235
   16   1   0       1.35716334
   16   2   1       2.49243820
   16   3   2       0.15684028
   17   1   0       1.36567950
   17   2   1       2.47893524
   17   3   2       0.15581219
   18   1   0       1.36361943
   18   2   1       2.47966126
   18   3   2       0.16190742
   19   1   0       1.37868812
   19   2   1       2.48762046
   19   3   2       0.14820152
   20   1   0       1.39934053
   20   2   1       2.48800805
   20   3   2       0.14289713
   21   1   0       1.36109230
   21   2   1       2.48539063
   21   3   2       0.16159362
   22   1   0       1.36143612
   22   2   1       2.47341692
   22   3   2       0.16349539
   23   1   0       1.34459433
   23   2   1       2.47427151
   23   3   2       0.17326723
   24   1   0       1.40523828
   24   2   1       2.48236514
   24   3   2       0.13574664
   25   1   0       1.37720747
   25   2   1       2.48829503
   25   3   2       0.14801721
   26   1   0       1.34992843
   26   2   1       2.48705569
   26   3   2       0.15965507
   27   1   0       1.36310866
   27   2   1       2.48181732
   27   3   2       0.15278412
   28   1   0       1.34077373
   28   2   1       2.49005850
   28   3   2       0.16515663
   29   1   0       1.36172101
   29   2   1       2.48734546
   29   3   2       0.15551913
   30   1   0       1.32878510
   30   2   1       2.48521299
   30   3   2       0.16691904
   31   1   0       1.35797626
   31   2   1       2.48674666
   31   3   2       0.16079941
   32   1   0       1.31741490
   32   2   1       2.47029877
   32   3   2       0.18834227
   33   1   0       1.34549938
   33   2   1       2.46229709
   33   3   2       0.17207065
   34   1   0       1.33729820
   34   2   1       2.48397389
   34   3   2       0.16574475
   35   1   0       1.33482370
   35   2   1       2.48007678
   35   3   2       0.17104602
   36   1   0       1.37472591
   36   2   1       2.49310497
   36   3   2       0.14630730
   37   1   0       1.35311613
   37   2   1       2.48550575
   37   3   2       0.15771033
   38   1   0       1.36927790
   38   2   1       2.50268714
   38   3   2       0.13685761
   39   1   0       1.34961568
   39   2   1       2.48093114
   39   3   2       0.16345165
   40   1   0       1.35771315
   40   2   1       2.48215114
   40   3   2       0.15355466
   41   1   0       1.32406809
   41   2   1       2.47763610
   41   3   2       0.17198817
   42   1   0       1.35077734
   42   2   1       2.47151445
   42   3   2       0.16805787
   43   1   0       1.37838463
   43   2   1       2.46406861
   43   3   2       0.15653987
   44   1   0       1.38125437
   44   2   1       2.48442952
   44   3   2       0.15027357
   45   1   0       1.35499896
   45   2   1       2.48769110
   45   3   2       0.15275814
   46   1   0       1.37544801
   46   2   1       2.46576100
   46   3   2       0.16075666
   47   1   0       1.38337996
   47   2   1       2.48348199
   47   3   2       0.14772289
   48   1   0       1.33336387
   48   2   1       2.47524542
   48   3   2       0.17771887
   49   1   0       1.40461509
   49   2   1       2.48848246
   49   3   2       0.14298041
   50   1   0       1.33513867
   50   2   1       2.48735340
   50   3   2       0.16283668
   51   1   0       1.37684403
   51   2   1       2.49275544
   51   3   2       0.15094668
   52   1   0       1.35329057
   52   2   1       2.47336755
   52   3   2       0.16514883
   53   1   0       1.33954826
   53   2   1       2.46558305
   53   3   2       0.17501912
   54   1   0       1.38519990
   54   2   1       2.47707361
   54   3   2       0.14986253
   55   1   0       1.38757588
   55   2   1       2.48645908
   55   3   2       0.14172671
   56   1   0       1.38513445
   56   2   1       2.46529201
   56   3   2       0.15541436
   57   1   0       1.36159543
   57   2   1       2.49958559
   57   3   2       0.14943759
   58   1   0       1.37059901
   58   2   1       2.46210954
   58   3   2       0.16146069
   59   1   0       1.35235285
   59   2   1       2.48550179
   59   3   2       0.16455836
   60   1   0       1.33665243
   60   2   1       2.48230213
   60   3   2       0.17319272
   61   1   0       1.36834148
   61   2   1       2.48945671
   61   3   2       0.15060715
   62   1   0       1.32737293
   62   2   1       2.48598457
   62   3   2       0.16953583
   63   1   0       1.36094687
   63   2   1       2.49108027
   63   3   2       0.15232007
   64   1   0       1.37036210
   64   2   1       2.49480699
   64   3   2       0.14116855

Orbital populations (up)
 Atom Sh.   l   m       Population  Label
    1   1   0   0       1.38191894  s
    1   2   1  -1       0.82984021  p_y
    1   2   1   0       0.82889660  p_z
    1   2   1   1       0.82899695  p_x
    1   3   2  -2       0.03482902  d_xy
    1   3   2  -1       0.03880137  d_yz
    1   3   2   0       0.01761580  d_z2
    1   3   2   1       0.03672295  d_xz
    1   3   2   2       0.01658157  d_x2-y2
    2   1   0   0       1.33561160  s
    2   2   1  -1       0.82962303  p_y
    2   2   1   0       0.83050577  p_z
    2   2   1   1       0.83088474  p_x
    2   3   2  -2       0.04084935  d_xy
    2   3   2  -1       0.04065952  d_yz
    2   3   2   0       0.02050346  d_z2
    2   3   2   1       0.03825500  d_xz
    2   3   2   2       0.02033208  d_x2-y2
    3   1   0   0       1.35975161  s
    3   2   1  -1       0.83145247  p_y
    3   2   1   0       0.82440322  p_z
    3   2   1   1       0.83035457  p_x
    3   3   2  -2       0.03673043  d_xy
    3   3   2  -1       0.03895651  d_yz
    3   3   2   0       0.01945440  d_z2
    3   3   2   1       0.04054054  d_xz
    3   3   2   2       0.01856965  d_x2-y2
    4   1   0   0       1.36275227  s
    4   2   1  -1       0.82450359  p_y
    4   2   1   0       0.82784888  p_z
    4   2   1   1       0.82749212  p_x
    4   3   2  -2       0.04001844  d_xy
    4   3   2  -1       0.03837678  d_yz
    4   3   2   0       0.02045773  d_z2
    4   3   2   1       0.03807670  d_xz
    4   3   2   2       0.01793692  d_x2-y2
    5   1   0   0       1.32252177  s
    5   2   1  -1       0.82798532  p_y
    5   2   1   0       0.82649460  p_z
    5   2   1   1       0.82291248  p_x
    5   3   2  -2       0.04292301  d_xy
    5   3   2  -1       0.03844850  d_yz
    5   3   2   0       0.02298947  d_z2
    5   3   2   1       0.04607231  d_xz
    5   3   2   2       0.02289435  d_x2-y2
    6   1   0   0       1.36423038  s
    6   2   1  -1       0.82234098  p_y
    6   2   1   0       0.82913422  p_z
    6   2   1   1       0.82971332  p_x
    6   3   2  -2       0.04139521  d_xy
    6   3   2  -1       0.03862094  d_yz
    6   3   2   0       0.01885651  d_z2
    6   3   2   1       0.03772387  d_xz
    6   3   2   2       0.01969818  d_x2-y2
    7   1   0   0       1.35395652  s
    7   2   1  -1       0.82363146  p_y
    7   2   1   0       0.82261553  p_z
    7   2   1   1       0.81924884  p_x
    7   3   2  -2       0.03808928  d_xy
    7   3   2  -1       0.04242142  d_yz
    7   3   2   0       0.02111312  d_z2
    7   3   2   1       0.04502454  d_xz
    7   3   2   2       0.02214344  d_x2-y2
    8   1   0   0       1.36797735  s
    8   2   1  -1       0.82877572  p_y
    8   2   1   0       0.82826940  p_z
    8   2   1   1       0.82319925  p_x
    8   3   2  -2       0.04018439  d_xy
    8   3   2  -1       0.03783585  d_yz
    8   3   2   0       0.01972289  d_z2
    8   3   2   1       0.04095755  d_xz
    8   3   2   2       0.02007898  d_x2-y2
    9   1   0   0       1.32502275  s
    9   2   1  -1       0.83248022  p_y
    9   2   1   0       0.82893285  p_z
    9   2   1   1       0.82762117  p_x
    9   3   2  -2       0.04123638  d_xy
    9   3   2  -1       0.03891338  d_yz
    9   3   2   0       0.02177276  d_z2
    9   3   2   1       0.04549427  d_xz
    9   3   2   2       0.02243072  d_x2-y2
   10   1   0   0       1.38512469  s
   10   2   1  -1       0.82756753  p_y
   10   2   1   0       0.82483383  p_z
   10   2   1   1       0.81844163  p_x
   10   3   2  -2       0.03696085  d_xy
   10   3   2  -1       0.03840267  d_yz
   10   3   2   0       0.01723779  d_z2
   10   3   2   1       0.03894108  d_xz
   10   3   2   2       0.02027580  d_x2-y2
   11   1   0   0       1.38009855  s
   11   2   1  -1       0.82013810  p_y
   11   2   1   0       0.83297044  p_z
   11   2   1   1       0.82650394  p_x
   11   3   2  -2       0.04221023  d_xy
   11   3   2  -1       0.03862687  d_yz
   11   3   2   0       0.01887344  d_z2
   11   3   2   1       0.03448585  d_xz
   11   3   2   2       0.01922530  d_x2-y2
   12   1   0   0       1.36126824  s
   12   2   1  -1       0.82151751  p_y
   12   2   1   0       0.82929834  p_z
   12   2   1   1       0.82823363  p_x
   12   3   2  -2       0.03877844  d_xy
   12   3   2  -1       0.03559483  d_yz
   12   3   2   0       0.01788339  d_z2
   12   3   2   1       0.03709849  d_xz
   12   3   2   2       0.01833207  d_x2-y2
   13   1   0   0       1.36826490  s
   13   2   1  -1       0.82692946  p_y
   13   2   1   0       0.82892704  p_z
   13   2   1   1       0.82997578  p_x
   13   3   2  -2       0.04139997  d_xy
   13   3   2  -1       0.03784977  d_yz
   13   3   2   0       0.01880293  d_z2
   13   3   2   1       0.03574271  d_xz
   13   3   2   2       0.01862197  d_x2-y2
   14   1   0   0       1.35491409  s
   14   2   1  -1       0.83192521  p_y
   14   2   1   0       0.82502720  p_z
   14   2   1   1       0.82916424  p_x
   14   3   2  -2       0.03972601  d_xy
   14   3   2  -1       0.03846998  d_yz
   14   3   2   0       0.02189079  d_z2
   14   3   2   1       0.04074292  d_xz
   14   3   2   2       0.01687219  d_x2-y2
   15   1   0   0       1.36551227  s
   15   2   1  -1       0.82974267  p_y
   15   2   1   0       0.82413845  p_z
   15   2   1   1       0.82874289  p_x
   15   3   2  -2       0.03854054  d_xy
   15   3   2  -1       0.03935626  d_yz
   15   3   2   0       0.01785989  d_z2
   15   3   2   1       0.03530650  d_xz
   15   3   2   2       0.01791916  d_x2-y2
   16   1   0   0       1.35716334  s
   16   2   1  -1       0.82984608  p_y
   16   2   1   0       0.83242926  p_z
   16   2   1   1       0.83016285  p_x
   16   3   2  -2       0.03678100  d_xy
   16   3   2  -1       0.04232660  d_yz
   16   3   2   0       0.01827175  d_z2
   16   3   2   1       0.03917366  d_xz
   16   3   2   2       0.02028726  d_x2-y2
   17   1   0   0       1.36567950  s
   17   2   1  -1       0.83219010  p_y
   17   2   1   0       0.82191284  p_z
   17   2   1   1       0.82483230  p_x
   17   3   2  -2       0.03630186  d_xy
   17   3   2  -1       0.04045808  d_yz
   17   3   2   0       0.02005907  d_z2
   17   3   2   1       0.04009178  d_xz
   17   3   2   2       0.01890141  d_x2-y2
   18   1   0   0       1.36361943  s
   18   2   1  -1       0.82214134  p_y
   18   2   1   0       0.82902029  p_z
   18   2   1   1       0.82849963  p_x
   18   3   2  -2       0.04757063  d_xy
   18   3   2  -1       0.03956842  d_yz
   18   3   2   0       0.02034435  d_z2
   18   3   2   1       0.03502848  d_xz
   18   3   2   2       0.01939553  d_x2-y2
   19   1   0   0       1.37868812  s
   19   2   1  -1       0.83017070  p_y
   19   2   1   0       0.83099201  p_z
   19   2   1   1       0.82645775  p_x
   19   3   2  -2       0.03662318  d_xy
   19   3   2  -1       0.03640627  d_yz
   19   3   2   0       0.01731058  d_z2
   19   3   2   1       0.03975976  d_xz
   19   3   2   2       0.01810174  d_x2-y2
   20   1   0   0       1.39934053  s
   20   2   1  -1       0.83158461  p_y
   20   2   1   0       0.82598583  p_z
   20   2   1   1       0.83043761  p_x
   20   3   2  -2       0.03635139  d_xy
   20   3   2  -1       0.03672442  d_yz
   20   3   2   0       0.01717906  d_z2
   20   3   2   1       0.03667180  d_xz
   20   3   2   2       0.01597045  d_x2-y2
   21   1   0   0       1.36109230  s
   21   2   1  -1       0.83166818  p_y
   21   2   1   0       0.82829011  p_z
   21   2   1   1       0.82543234  p_x
   21   3   2  -2       0.04247955  d_xy
   21   3   2  -1       0.03800430  d_yz
   21   3   2   0       0.02137828  d_z2
   21   3   2   1       0.03995207  d_xz
   21   3   2   2       0.01977942  d_x2-y2
   22   1   0   0       1.36143612  s
   22   2   1  -1       0.83021912  p_y
   22   2   1   0       0.81969760  p_z
   22   2   1   1       0.82350020  p_x
   22   3   2  -2       0.03908522  d_xy
   22   3   2  -1       0.03983297  d_yz
   22   3   2   0       0.02285582  d_z2
   22   3   2   1       0.04131409  d_xz
   22   3   2   2       0.02040728  d_x2-y2
   23   1   0   0       1.34459433  s
   23   2   1  -1       0.82857128  p_y
   23   2   1   0       0.81889253  p_z
   23   2   1   1       0.82680771  p_x
   23   3   2  -2       0.04061890  d_xy
   23   3   2  -1       0.04435005  d_yz
   23   3   2   0       0.02282569  d_z2
   23   3   2   1       0.04378915  d_xz
   23   3   2   2       0.02168345  d_x2-y2
   24   1   0   0       1.40523828  s
   24   2   1  -1       0.82030787  p_y
   24   2   1   0       0.82672670  p_z
   24   2   1   1       0.83533058  p_x
   24   3   2  -2       0.03428563  d_xy
   24   3   2  -1       0.03472050  d_yz
   24   3   2   0       0.01669065  d_z2
   24   3   2   1       0.03409732  d_xz
   24   3   2   2       0.01595253  d_x2-y2
   25   1   0   0       1.37720747  s
   25   2   1  -1       0.82555798  p_y
   25   2   1   0       0.83541738  p_z
   25   2   1   1       0.82731968  p_x
   25   3   2  -2       0.04075508  d_xy
   25   3   2  -1       0.03686538  d_yz
   25   3   2   0       0.01718919  d_z2
   25   3   2   1       0.03502581  d_xz
   25   3   2   2       0.01818175  d_x2-y2
   26   1   0   0       1.34992843  s
   26   2   1  -1       0.83211714  p_y
   26   2   1   0       0.82664992  p_z
   26   2   1   1       0.82828862  p_x
   26   3   2  -2       0.03586111  d_xy
   26   3   2  -1       0.03929642  d_yz
   26   3   2   0       0.01961252  d_z2
   26   3   2   1       0.04404323  d_xz
   26   3   2   2       0.02084178  d_x2-y2
   27   1   0   0       1.36310866  s
   27   2   1  -1       0.82313859  p_y
   27   2   1   0       0.82976404  p_z
   27   2   1   1       0.82891469  p_x
   27   3   2  -2       0.04081761  d_xy
   27   3   2  -1       0.03868237  d_yz
   27   3   2   0       0.01984097  d_z2
   27   3   2   1       0.03491824  d_xz
   27   3   2   2       0.01852493  d_x2-y2
   28   1   0   0       1.34077373  s
   28   2   1  -1       0.83122183  p_y
   28   2   1   0       0.83231781  p_z
   28   2   1   1       0.82651886  p_x
   28   3   2  -2       0.03692529  d_xy
   28   3   2  -1       0.04256352  d_yz
   28   3   2   0       0.02016016  d_z2
   28   3   2   1       0.04353011  d_xz
   28   3   2   2       0.02197754  d_x2-y2
   29   1   0   0       1.36172101  s
   29   2   1  -1       0.82794142  p_y
   29   2   1   0       0.82698802  p_z
   29   2   1   1       0.83241602  p_x
   29   3   2  -2       0.03711134  d_xy
   29   3   2  -1       0.04166883  d_yz
   29   3   2   0       0.01867834  d_z2
   29   3   2   1       0.03932897  d_xz
   29   3   2   2       0.01873166  d_x2-y2
   30   1   0   0       1.32878510  s
   30   2   1  -1       0.82996120  p_y
   30   2   1   0       0.82723781  p_z
   30   2   1   1       0.82801397  p_x
   30   3   2  -2       0.04155524  d_xy
   30   3   2  -1       0.03917818  d_yz
   30   3   2   0       0.02346936  d_z2
   30   3   2   1       0.04248759  d_xz
   30   3   2   2       0.02022867  d_x2-y2
   31   1   0   0       1.35797626  s
   31   2   1  -1       0.82747471  p_y
   31   2   1   0       0.83091878  p_z
   31   2   1   1       0.82835316  p_x
   31   3   2  -2       0.04114434  d_xy
   31   3   2  -1       0.04016673  d_yz
   31   3   2   0       0.01853864  d_z2
   31   3   2   1       0.03981315  d_xz
   31   3   2   2       0.02113655  d_x2-y2
   32   1   0   0       1.31741490  s
   32   2   1  -1       0.82319199  p_y
   32   2   1   0       0.82533904  p_z
   32   2   1   1       0.82176775  p_x
   32   3   2  -2       0.04649839  d_xy
   32   3   2  -1       0.04494877  d_yz
   32   3   2   0       0.02555272  d_z2
   32   3   2   1       0.04388610  d_xz
   32   3   2   2       0.02745630  d_x2-y2
   33   1   0   0       1.34549938  s
   33   2   1  -1       0.82038394  p_y
   33   2   1   0       0.81760694  p_z
   33   2   1   1       0.82430621  p_x
   33   3   2  -2       0.04126803  d_xy
   33   3   2  -1       0.04543828  d_yz
   33   3   2   0       0.02218055  d_z2
   33   3   2   1       0.04044366  d_xz
   33   3   2   2       0.02274013  d_x2-y2
   34   1   0   0       1.33729820  s
   34   2   1  -1       0.82414935  p_y
   34   2   1   0       0.82782532  p_z
   34   2   1   1       0.83199922  p_x
   34   3   2  -2       0.03643159  d_xy
   34   3   2  -1       0.04470675  d_yz
   34   3   2   0       0.02012638  d_z2
   34   3   2   1       0.04213336  d_xz
   34   3   2   2       0.02234667  d_x2-y2
   35   1   0   0       1.33482370  s
   35   2   1  -1       0.82819317  p_y
   35   2   1   0       0.82654234  p_z
   35   2   1   1       0.82534126  p_x
   35   3   2  -2       0.04612931  d_xy
   35   3   2  -1       0.03960114  d_yz
   35   3   2   0       0.02238669  d_z2
   35   3   2   1       0.04139462  d_xz
   35   3   2   2       0.02153426  d_x2-y2
   36   1   0   0       1.37472591  s
   36   2   1  -1       0.83181620  p_y
   36   2   1   0       0.83056363  p_z
   36   2   1   1       0.83072515  p_x
   36   3   2  -2       0.03178903  d_xy
   36   3   2  -1       0.03691808  d_yz
   36   3   2   0       0.01697344  d_z2
   36   3   2   1       0.04284654  d_xz
   36   3   2   2       0.01778022  d_x2-y2
   37   1   0   0       1.35311613  s
   37   2   1  -1       0.83060046  p_y
   37   2   1   0       0.82982766  p_z
   37   2   1   1       0.82507763  p_x
   37   3   2  -2       0.03974012  d_xy
   37   3   2  -1       0.03683819  d_yz
   37   3   2   0       0.02045694  d_z2
   37   3   2   1       0.04138442  d_xz
   37   3   2   2       0.01929065  d_x2-y2
   38   1   0   0       1.36927790  s
   38   2   1  -1       0.83597804  p_y
   38   2   1   0       0.83189794  p_z
   38   2   1   1       0.83481116  p_x
   38   3   2  -2       0.03463446  d_xy
   38   3   2  -1       0.03729882  d_yz
   38   3   2   0       0.01635405  d_z2
   38   3   2   1       0.03358179  d_xz
   38   3   2   2       0.01498850  d_x2-y2
   39   1   0   0       1.34961568  s
   39   2   1  -1       0.82812274  p_y
   39   2   1   0       0.82811696  p_z
   39   2   1   1       0.82469144  p_x
   39   3   2  -2       0.04225083  d_xy
   39   3   2  -1       0.04081954  d_yz
   39   3   2   0       0.02113289  d_z2
   39   3   2   1       0.03866869  d_xz
   39   3   2   2       0.02057970  d_x2-y2
   40   1   0   0       1.35771315  s
   40   2   1  -1       0.82600722  p_y
   40   2   1   0       0.82662917  p_z
   40   2   1   1       0.82951475  p_x
   40   3   2  -2       0.03706870  d_xy
   40   3   2  -1       0.03958150  d_yz
   40   3   2   0       0.01905796  d_z2
   40   3   2   1       0.03919840  d_xz
   40   3   2   2       0.01864811  d_x2-y2
   41   1   0   0       1.32406809  s
   41   2   1  -1       0.82608481  p_y
   41   2   1   0       0.82844023  p_z
   41   2   1   1       0.82311107  p_x
   41   3   2  -2       0.04226389  d_xy
   41   3   2  -1       0.03872257  d_yz
   41   3   2   0       0.02207487  d_z2
   41   3   2   1       0.04526393  d_xz
   41   3   2   2       0.02366291  d_x2-y2
   42   1   0   0       1.35077734  s
   42   2   1  -1       0.81787983  p_y
   42   2   1   0       0.83003674  p_z
   42   2   1   1       0.82359787  p_x
   42   3   2  -2       0.04939539  d_xy
   42   3   2  -1       0.03835375  d_yz
   42   3   2   0       0.02220159  d_z2
   42   3   2   1       0.03752643  d_xz
   42   3   2   2       0.02058071  d_x2-y2
   43   1   0   0       1.37838463  s
   43   2   1  -1       0.81968367  p_y
   43   2   1   0       0.81887920  p_z
   43   2   1   1       0.82550574  p_x
   43   3   2  -2       0.03555660  d_xy
   43   3   2  -1       0.04198679  d_yz
   43   3   2   0       0.02068411  d_z2
   43   3   2   1       0.03997548  d_xz
   43   3   2   2       0.01833688  d_x2-y2
   44   1   0   0       1.38125437  s
   44   2   1  -1       0.83071156  p_y
   44   2   1   0       0.82407933  p_z
   44   2   1   1       0.82963864  p_x
   44   3   2  -2       0.04134865  d_xy
   44   3   2  -1       0.03903649  d_yz
   44   3   2   0       0.01849980  d_z2
   44   3   2   1       0.03393088  d_xz
   44   3   2   2       0.01745774  d_x2-y2
   45   1   0   0       1.35499896  s
   45   2   1  -1       0.82891729  p_y
   45   2   1   0       0.82876058  p_z
   45   2   1   1       0.83001323  p_x
   45   3   2  -2       0.03853230  d_xy
   45   3   2  -1       0.03971119  d_yz
   45   3   2   0       0.01883723  d_z2
   45   3   2   1       0.03753411  d_xz
   45   3   2   2       0.01814330  d_x2-y2
   46   1   0   0       1.37544801  s
   46   2   1  -1       0.82548568  p_y
   46   2   1   0       0.82049929  p_z
   46   2   1   1       0.81977603  p_x
   46   3   2  -2       0.03818424  d_xy
   46   3   2  -1       0.03697620  d_yz
   46   3   2   0       0.02006800  d_z2
   46   3   2   1       0.04493158  d_xz
   46   3   2   2       0.02059663  d_x2-y2
   47   1   0   0       1.38337996  s
   47   2   1  -1       0.82683118  p_y
   47   2   1   0       0.82887379  p_z
   47   2   1   1       0.82777703  p_x
   47   3   2  -2       0.03665304  d_xy
   47   3   2  -1       0.03576832  d_yz
   47   3   2   0       0.01711546  d_z2
   47   3   2   1       0.03946627  d_xz
   47   3   2   2       0.01871981  d_x2-y2
   48   1   0   0       1.33336387  s
   48   2   1  -1       0.82047998  p_y
   48   2   1   0       0.82905834  p_z
   48   2   1   1       0.82570709  p_x
   48   3   2  -2       0.04650874  d_xy
   48   3   2  -1       0.04154012  d_yz
   48   3   2   0       0.02230082  d_z2
   48   3   2   1       0.04140456  d_xz
   48   3   2   2       0.02596463  d_x2-y2
   49   1   0   0       1.40461509  s
   49   2   1  -1       0.82650894  p_y
   49   2   1   0       0.83046642  p_z
   49   2   1   1       0.83150709  p_x
   49   3   2  -2       0.03407981  d_xy
   49   3   2  -1       0.03894950  d_yz
   49   3   2   0       0.01588499  d_z2
   49   3   2   1       0.03671570  d_xz
   49   3   2   2       0.01735042  d_x2-y2
   50   1   0   0       1.33513867  s
   50   2   1  -1       0.82971372  p_y
   50   2   1   0       0.83353760  p_z
   50   2   1   1       0.82410207  p_x
   50   3   2  -2       0.04365934  d_xy
   50   3   2  -1       0.04010114  d_yz
   50   3   2   0       0.01943726  d_z2
   50   3   2   1       0.03710938  d_xz
   50   3   2   2       0.02252956  d_x2-y2
   51   1   0   0       1.37684403  s
   51   2   1  -1       0.83123537  p_y
   51   2   1   0       0.83162088  p_z
   51   2   1   1       0.82989919  p_x
   51   3   2  -2       0.04094457  d_xy
   51   3   2  -1       0.03494125  d_yz
   51   3   2   0       0.01743289  d_z2
   51   3   2   1       0.03927583  d_xz
   51   3   2   2       0.01835215  d_x2-y2
   52   1   0   0       1.35329057  s
   52   2   1  -1       0.82483927  p_y
   52   2   1   0       0.82240085  p_z
   52   2   1   1       0.82612742  p_x
   52   3   2  -2       0.03854986  d_xy
   52   3   2  -1       0.04343531  d_yz
   52   3   2   0       0.02171497  d_z2
   52   3   2   1       0.03999515  d_xz
   52   3   2   2       0.02145354  d_x2-y2
   53   1   0   0       1.33954826  s
   53   2   1  -1       0.82422719  p_y
   53   2   1   0       0.81989164  p_z
   53   2   1   1       0.82146422  p_x
   53   3   2  -2       0.04354921  d_xy
   53   3   2  -1       0.04000955  d_yz
   53   3   2   0       0.02137020  d_z2
   53   3   2   1       0.04586086  d_xz
   53   3   2   2       0.02422931  d_x2-y2
   54   1   0   0       1.38519990  s
   54   2   1  -1       0.82425325  p_y
   54   2   1   0       0.82816268  p_z
   54   2   1   1       0.82465768  p_x
   54   3   2  -2       0.03887294  d_xy
   54   3   2  -1       0.03606203  d_yz
   54   3   2   0       0.01836621  d_z2
   54   3   2   1       0.03754382  d_xz
   54   3   2   2       0.01901752  d_x2-y2
   55   1   0   0       1.38757588  s
   55   2   1  -1       0.83233984  p_y
   55   2   1   0       0.82305716  p_z
   55   2   1   1       0.83106209  p_x
   55   3   2  -2       0.03232584  d_xy
   55   3   2  -1       0.03820360  d_yz
   55   3   2   0       0.01751368  d_z2
   55   3   2   1       0.03679543  d_xz
   55   3   2   2       0.01688817  d_x2-y2
   56   1   0   0       1.38513445  s
   56   2   1  -1       0.82219624  p_y
   56   2   1   0       0.82643339  p_z
   56   2   1   1       0.81666238  p_x
   56   3   2  -2       0.03885117  d_xy
   56   3   2  -1       0.03589362  d_yz
   56   3   2   0       0.01888608  d_z2
   56   3   2   1       0.04158042  d_xz
   56   3   2   2       0.02020307  d_x2-y2
   57   1   0   0       1.36159543  s
   57   2   1  -1       0.83322940  p_y
   57   2   1   0       0.83158412  p_z
   57   2   1   1       0.83477207  p_x
   57   3   2  -2       0.03709404  d_xy
   57   3   2  -1       0.04070097  d_yz
   57   3   2   0       0.01862929  d_z2
   57   3   2   1       0.03567268  d_xz
   57   3   2   2       0.01734060  d_x2-y2
   58   1   0   0       1.37059901  s
   58   2   1  -1       0.81627040  p_y
   58   2   1   0       0.82332890  p_z
   58   2   1   1       0.82251024  p_x
   58   3   2  -2       0.04203399  d_xy
   58   3   2  -1       0.03795114  d_yz
   58   3   2   0       0.02323079  d_z2
   58   3   2   1       0.04095209  d_xz
   58   3   2   2       0.01729269  d_x2-y2
   59   1   0   0       1.35235285  s
   59   2   1  -1       0.82593422  p_y
   59   2   1   0       0.83429059  p_z
   59   2   1   1       0.82527699  p_x
   59   3   2  -2       0.04377320  d_xy
   59   3   2  -1       0.03890356  d_yz
   59   3   2   0       0.02160091  d_z2
   59   3   2   1       0.03928486  d_xz
   59   3   2   2       0.02099583  d_x2-y2
   60   1   0   0       1.33665243  s
   60   2   1  -1       0.82917259  p_y
   60   2   1   0       0.82747977  p_z
   60   2   1   1       0.82564978  p_x
   60   3   2  -2       0.04176802  d_xy
   60   3   2  -1       0.04283117  d_yz
   60   3   2   0       0.02283877  d_z2
   60   3   2   1       0.04326627  d_xz
   60   3   2   2       0.02248848  d_x2-y2
   61   1   0   0       1.36834148  s
   61   2   1  -1       0.82891936  p_y
   61   2   1   0       0.82835111  p_z
   61   2   1   1       0.83218624  p_x
   61   3   2  -2       0.04052371  d_xy
   61   3   2  -1       0.03728385  d_yz
   61   3   2   0       0.01835288  d_z2
   61   3   2   1       0.03581204  d_xz
   61   3   2   2       0.01863467  d_x2-y2
   62   1   0   0       1.32737293  s
   62   2   1  -1       0.82974905  p_y
   62   2   1   0       0.82937009  p_z
   62   2   1   1       0.82686544  p_x
   62   3   2  -2       0.04153685  d_xy
   62   3   2  -1       0.04352063  d_yz
   62   3   2   0       0.02228566  d_z2
   62   3   2   1       0.04024006  d_xz
   62   3   2   2       0.02195263  d_x2-y2
   63   1   0   0       1.36094687  s
   63   2   1  -1       0.82460911  p_y
   63   2   1   0       0.83228156  p_z
   63   2   1   1       0.83418961  p_x
   63   3   2  -2       0.03810282  d_xy
   63   3   2  -1       0.04129927  d_yz
   63   3   2   0       0.01846700  d_z2
   63   3   2   1       0.03543801  d_xz
   63   3   2   2       0.01901296  d_x2-y2
   64   1   0   0       1.37036210  s
   64   2   1  -1       0.83410717  p_y
   64   2   1   0       0.82736118  p_z
   64   2   1   1       0.83333864  p_x
   64   3   2  -2       0.03622234  d_xy
   64   3   2  -1       0.03722946  d_yz
   64   3   2   0       0.01891062  d_z2
   64   3   2   1       0.03413078  d_xz
   64   3   2   2       0.01467536  d_x2-y2

Fermi level:                        -0.1335670872 H           -3.6345 eV
Band energy:                       -88.1408032588 H        -2398.4333 eV
TS:                                  0.0000000000 H            0.0000 eV
Band free energy (E-TS):           -88.1408032588 H        -2398.4333 eV
Extrapolated E(0K):                -88.1408032588 H        -2398.4333 eV
Input / Output electrons (q):    256.0000000000    256.0000000000

Energy H0:                         -88.1204823858 H        -2397.8803 eV
Energy SCC:                          0.0006530341 H            0.0178 eV
Total Electronic energy:           -88.1198293517 H        -2397.8626 eV
Repulsive energy:                    0.0000000000 H            0.0000 eV
Total energy:                      -88.1198293517 H        -2397.8626 eV
Extrapolated to 0:                 -88.1198293517 H        -2397.8626 eV
Total Mermin free energy:          -88.1198293517 H        -2397.8626 eV
Force related energy:              -88.1198293517 H        -2397.8626 eV

Non-constrained calculation

SCC converged

Warning: dipole moment is not defined absolutely!
Dipole moment:    0.33331028   -0.13706747    0.60832970 au
Dipole moment:    0.84719029   -0.34839080    1.54622000 Debye


