 Fermi distribution function

Calculation with static geometry


********************************************************************************
 iSCC Total electronic   Diff electronic      SCC error    
    9   -0.88177174E+02   -0.81126927E-09    0.57319189E-05
********************************************************************************

 Total charge:    -0.00000000

 Atomic gross charges (e)
 Atom           Charge
    1       0.00460300
    2      -0.00726102
    3      -0.00158508
    4      -0.01018535
    5      -0.00046487
    6      -0.00631893
    7       0.00186608
    8       0.00592417
    9       0.02039119
   10      -0.01236944
   11       0.01139956
   12      -0.00108488
   13      -0.00073166
   14      -0.00127612
   15      -0.00481345
   16      -0.01333218
   17       0.00934460
   18      -0.00906542
   19      -0.00409353
   20      -0.01172640
   21       0.00871871
   22      -0.00796441
   23       0.02285919
   24      -0.02284296
   25      -0.01104274
   26       0.02132232
   27      -0.00910916
   28       0.01147012
   29       0.00568108
   30       0.00598688
   31      -0.00642258
   32       0.01103980
   33      -0.00158745
   34      -0.00535188
   35      -0.00060789
   36      -0.01056830
   37       0.01346376
   38      -0.01364925
   39       0.00858905
   40      -0.01093613
   41       0.00956168
   42       0.00779194
   43       0.00394947
   44       0.01797065
   45       0.01581418
   46      -0.02151777
   47       0.01436868
   48      -0.02036516
   49      -0.00019552
   50      -0.01622452
   51       0.00936410
   52       0.00227576
   53       0.00950592
   54      -0.00578734
   55      -0.00902920
   56       0.01101153
   57       0.01058029
   58       0.01260438
   59      -0.00300415
   60      -0.01884416
   61      -0.02154256
   62       0.02316360
   63      -0.00341928
   64      -0.00630095

Nr. of electrons (up):    256.00000000
Atom populations (up)
 Atom       Population
    1       3.99539700
    2       4.00726102
    3       4.00158508
    4       4.01018535
    5       4.00046487
    6       4.00631893
    7       3.99813392
    8       3.99407583
    9       3.97960881
   10       4.01236944
   11       3.98860044
   12       4.00108488
   13       4.00073166
   14       4.00127612
   15       4.00481345
   16       4.01333218
   17       3.99065540
   18       4.00906542
   19       4.00409353
   20       4.01172640
   21       3.99128129
   22       4.00796441
   23       3.97714081
   24       4.02284296
   25       4.01104274
   26       3.97867768
   27       4.00910916
   28       3.98852988
   29       3.99431892
   30       3.99401312
   31       4.00642258
   32       3.98896020
   33       4.00158745
   34       4.00535188
   35       4.00060789
   36       4.01056830
   37       3.98653624
   38       4.01364925
   39       3.99141095
   40       4.01093613
   41       3.99043832
   42       3.99220806
   43       3.99605053
   44       3.98202935
   45       3.98418582
   46       4.02151777
   47       3.98563132
   48       4.02036516
   49       4.00019552
   50       4.01622452
   51       3.99063590
   52       3.99772424
   53       3.99049408
   54       4.00578734
   55       4.00902920
   56       3.98898847
   57       3.98941971
   58       3.98739562
   59       4.00300415
   60       4.01884416
   61       4.02154256
   62       3.97683640
   63       4.00341928
   64       4.00630095

l-shell populations (up)
 Atom Sh.   l       Population
    1   1   0       1.36235336
    1   2   1       2.47977405
    1   3   2       0.15326959
    2   1   0       1.36425425
    2   2   1       2.48110533
    2   3   2       0.16190144
    3   1   0       1.37345884
    3   2   1       2.48089668
    3   3   2       0.14722956
    4   1   0       1.36725455
    4   2   1       2.48918894
    4   3   2       0.15374187
    5   1   0       1.36154725
    5   2   1       2.48649396
    5   3   2       0.15242366
    6   1   0       1.36360905
    6   2   1       2.48933472
    6   3   2       0.15337515
    7   1   0       1.34928094
    7   2   1       2.48199666
    7   3   2       0.16685631
    8   1   0       1.34264345
    8   2   1       2.49268166
    8   3   2       0.15875072
    9   1   0       1.33047828
    9   2   1       2.48266295
    9   3   2       0.16646757
   10   1   0       1.36547263
   10   2   1       2.49628713
   10   3   2       0.15060968
   11   1   0       1.33311627
   11   2   1       2.48731729
   11   3   2       0.16816688
   12   1   0       1.36218890
   12   2   1       2.47906360
   12   3   2       0.15983238
   13   1   0       1.34854854
   13   2   1       2.48352822
   13   3   2       0.16865490
   14   1   0       1.35992417
   14   2   1       2.49182853
   14   3   2       0.14952342
   15   1   0       1.36832247
   15   2   1       2.48639919
   15   3   2       0.15009178
   16   1   0       1.37764670
   16   2   1       2.48391183
   16   3   2       0.15177365
   17   1   0       1.33634344
   17   2   1       2.48381305
   17   3   2       0.17049891
   18   1   0       1.37165140
   18   2   1       2.48524238
   18   3   2       0.15217163
   19   1   0       1.35737482
   19   2   1       2.49225853
   19   3   2       0.15446018
   20   1   0       1.38201413
   20   2   1       2.49248960
   20   3   2       0.13722266
   21   1   0       1.34992300
   21   2   1       2.48434080
   21   3   2       0.15701750
   22   1   0       1.36225390
   22   2   1       2.48531686
   22   3   2       0.16039365
   23   1   0       1.32353849
   23   2   1       2.47627430
   23   3   2       0.17732802
   24   1   0       1.39201208
   24   2   1       2.49400238
   24   3   2       0.13682849
   25   1   0       1.37854486
   25   2   1       2.48581590
   25   3   2       0.14668198
   26   1   0       1.32678686
   26   2   1       2.48265071
   26   3   2       0.16924012
   27   1   0       1.37382561
   27   2   1       2.48201993
   27   3   2       0.15326362
   28   1   0       1.34680581
   28   2   1       2.47103407
   28   3   2       0.17069001
   29   1   0       1.36314131
   29   2   1       2.48103401
   29   3   2       0.15014360
   30   1   0       1.34507929
   30   2   1       2.48799611
   30   3   2       0.16093773
   31   1   0       1.38268291
   31   2   1       2.48065585
   31   3   2       0.14308383
   32   1   0       1.33751173
   32   2   1       2.47168723
   32   3   2       0.17976124
   33   1   0       1.36303568
   33   2   1       2.48188729
   33   3   2       0.15666448
   34   1   0       1.36674028
   34   2   1       2.48740592
   34   3   2       0.15120568
   35   1   0       1.35794803
   35   2   1       2.47797855
   35   3   2       0.16468131
   36   1   0       1.37680794
   36   2   1       2.48547183
   36   3   2       0.14828854
   37   1   0       1.34403005
   37   2   1       2.47643134
   37   3   2       0.16607485
   38   1   0       1.37272652
   38   2   1       2.49233897
   38   3   2       0.14858376
   39   1   0       1.34824812
   39   2   1       2.47753535
   39   3   2       0.16562749
   40   1   0       1.36009073
   40   2   1       2.50000820
   40   3   2       0.15083721
   41   1   0       1.34695529
   41   2   1       2.48232816
   41   3   2       0.16115487
   42   1   0       1.34062037
   42   2   1       2.48116449
   42   3   2       0.17042320
   43   1   0       1.35641389
   43   2   1       2.48669237
   43   3   2       0.15294427
   44   1   0       1.33902391
   44   2   1       2.47610515
   44   3   2       0.16690029
   45   1   0       1.34896993
   45   2   1       2.48066848
   45   3   2       0.15454741
   46   1   0       1.37670412
   46   2   1       2.49199247
   46   3   2       0.15282118
   47   1   0       1.34219116
   47   2   1       2.48199443
   47   3   2       0.16144574
   48   1   0       1.37512032
   48   2   1       2.49304853
   48   3   2       0.15219631
   49   1   0       1.35867070
   49   2   1       2.48413456
   49   3   2       0.15739026
   50   1   0       1.38519753
   50   2   1       2.49169591
   50   3   2       0.13933108
   51   1   0       1.34938506
   51   2   1       2.47052968
   51   3   2       0.17072115
   52   1   0       1.35129073
   52   2   1       2.48426309
   52   3   2       0.16217042
   53   1   0       1.33578033
   53   2   1       2.48345743
   53   3   2       0.17125632
   54   1   0       1.37332673
   54   2   1       2.48084642
   54   3   2       0.15161419
   55   1   0       1.37102082
   55   2   1       2.49295861
   55   3   2       0.14504977
   56   1   0       1.33636147
   56   2   1       2.48405038
   56   3   2       0.16857662
   57   1   0       1.34776318
   57   2   1       2.48178404
   57   3   2       0.15987248
   58   1   0       1.33735185
   58   2   1       2.47647253
   58   3   2       0.17357124
   59   1   0       1.37138221
   59   2   1       2.49306182
   59   3   2       0.13856011
   60   1   0       1.37049283
   60   2   1       2.49476384
   60   3   2       0.15358749
   61   1   0       1.39512184
   61   2   1       2.48883512
   61   3   2       0.13758560
   62   1   0       1.31644499
   62   2   1       2.48461712
   62   3   2       0.17577429
   63   1   0       1.35841600
   63   2   1       2.48340979
   63   3   2       0.16159349
   64   1   0       1.38428607
   64   2   1       2.47811565
   64   3   2       0.14389923

Orbital populations (up)
 Atom Sh.   l   m       Population  Label
    1   1   0   0       1.36235336  s
    1   2   1  -1       0.82654482  p_y
    1   2   1   0       0.82629343  p_z
    1   2   1   1       0.82693580  p_x
    1   3   2  -2       0.03838160  d_xy
    1   3   2  -1       0.04254835  d_yz
    1   3   2   0       0.01851537  d_z2
    1   3   2   1       0.03504412  d_xz
    1   3   2   2       0.01878015  d_x2-y2
    2   1   0   0       1.36425425  s
    2   2   1  -1       0.82627276  p_y
    2   2   1   0       0.82620770  p_z
    2   2   1   1       0.82862487  p_x
    2   3   2  -2       0.04216333  d_xy
    2   3   2  -1       0.03950311  d_yz
    2   3   2   0       0.02004397  d_z2
    2   3   2   1       0.04022582  d_xz
    2   3   2   2       0.01996520  d_x2-y2
    3   1   0   0       1.37345884  s
    3   2   1  -1       0.82775475  p_y
    3   2   1   0       0.82692557  p_z
    3   2   1   1       0.82621636  p_x
    3   3   2  -2       0.03894006  d_xy
    3   3   2  -1       0.03279463  d_yz
    3   3   2   0       0.01760525  d_z2
    3   3   2   1       0.04070911  d_xz
    3   3   2   2       0.01718051  d_x2-y2
    4   1   0   0       1.36725455  s
    4   2   1  -1       0.82881220  p_y
    4   2   1   0       0.83026400  p_z
    4   2   1   1       0.83011274  p_x
    4   3   2  -2       0.04222043  d_xy
    4   3   2  -1       0.03838680  d_yz
    4   3   2   0       0.01929612  d_z2
    4   3   2   1       0.03561987  d_xz
    4   3   2   2       0.01821865  d_x2-y2
    5   1   0   0       1.36154725  s
    5   2   1  -1       0.83089770  p_y
    5   2   1   0       0.82711857  p_z
    5   2   1   1       0.82847769  p_x
    5   3   2  -2       0.04006734  d_xy
    5   3   2  -1       0.03697956  d_yz
    5   3   2   0       0.02091353  d_z2
    5   3   2   1       0.03750706  d_xz
    5   3   2   2       0.01695617  d_x2-y2
    6   1   0   0       1.36360905  s
    6   2   1  -1       0.82958871  p_y
    6   2   1   0       0.83202559  p_z
    6   2   1   1       0.82772043  p_x
    6   3   2  -2       0.04005470  d_xy
    6   3   2  -1       0.03982874  d_yz
    6   3   2   0       0.01819789  d_z2
    6   3   2   1       0.03602242  d_xz
    6   3   2   2       0.01927139  d_x2-y2
    7   1   0   0       1.34928094  s
    7   2   1  -1       0.82867674  p_y
    7   2   1   0       0.82970614  p_z
    7   2   1   1       0.82361378  p_x
    7   3   2  -2       0.03978682  d_xy
    7   3   2  -1       0.04179352  d_yz
    7   3   2   0       0.02168869  d_z2
    7   3   2   1       0.04239687  d_xz
    7   3   2   2       0.02119041  d_x2-y2
    8   1   0   0       1.34264345  s
    8   2   1  -1       0.83492391  p_y
    8   2   1   0       0.83203662  p_z
    8   2   1   1       0.82572113  p_x
    8   3   2  -2       0.04049076  d_xy
    8   3   2  -1       0.03788589  d_yz
    8   3   2   0       0.01989530  d_z2
    8   3   2   1       0.04005300  d_xz
    8   3   2   2       0.02042577  d_x2-y2
    9   1   0   0       1.33047828  s
    9   2   1  -1       0.82692134  p_y
    9   2   1   0       0.82651912  p_z
    9   2   1   1       0.82922249  p_x
    9   3   2  -2       0.03895180  d_xy
    9   3   2  -1       0.03952048  d_yz
    9   3   2   0       0.02160628  d_z2
    9   3   2   1       0.04416877  d_xz
    9   3   2   2       0.02222025  d_x2-y2
   10   1   0   0       1.36547263  s
   10   2   1  -1       0.83048764  p_y
   10   2   1   0       0.83649645  p_z
   10   2   1   1       0.82930304  p_x
   10   3   2  -2       0.03603528  d_xy
   10   3   2  -1       0.03805589  d_yz
   10   3   2   0       0.01837510  d_z2
   10   3   2   1       0.03781300  d_xz
   10   3   2   2       0.02033041  d_x2-y2
   11   1   0   0       1.33311627  s
   11   2   1  -1       0.82553945  p_y
   11   2   1   0       0.83234308  p_z
   11   2   1   1       0.82943477  p_x
   11   3   2  -2       0.04337211  d_xy
   11   3   2  -1       0.04286239  d_yz
   11   3   2   0       0.02208865  d_z2
   11   3   2   1       0.03739378  d_xz
   11   3   2   2       0.02244994  d_x2-y2
   12   1   0   0       1.36218890  s
   12   2   1  -1       0.82561914  p_y
   12   2   1   0       0.82608312  p_z
   12   2   1   1       0.82736134  p_x
   12   3   2  -2       0.03752391  d_xy
   12   3   2  -1       0.03997420  d_yz
   12   3   2   0       0.02064841  d_z2
   12   3   2   1       0.04230445  d_xz
   12   3   2   2       0.01938141  d_x2-y2
   13   1   0   0       1.34854854  s
   13   2   1  -1       0.82971916  p_y
   13   2   1   0       0.82972170  p_z
   13   2   1   1       0.82408736  p_x
   13   3   2  -2       0.04494270  d_xy
   13   3   2  -1       0.03742275  d_yz
   13   3   2   0       0.02245911  d_z2
   13   3   2   1       0.04310861  d_xz
   13   3   2   2       0.02072173  d_x2-y2
   14   1   0   0       1.35992417  s
   14   2   1  -1       0.83038098  p_y
   14   2   1   0       0.83032913  p_z
   14   2   1   1       0.83111842  p_x
   14   3   2  -2       0.03958128  d_xy
   14   3   2  -1       0.03334667  d_yz
   14   3   2   0       0.01770792  d_z2
   14   3   2   1       0.04036822  d_xz
   14   3   2   2       0.01851932  d_x2-y2
   15   1   0   0       1.36832247  s
   15   2   1  -1       0.82862000  p_y
   15   2   1   0       0.82882446  p_z
   15   2   1   1       0.82895473  p_x
   15   3   2  -2       0.03678483  d_xy
   15   3   2  -1       0.04032289  d_yz
   15   3   2   0       0.01765778  d_z2
   15   3   2   1       0.03700104  d_xz
   15   3   2   2       0.01832524  d_x2-y2
   16   1   0   0       1.37764670  s
   16   2   1  -1       0.82532121  p_y
   16   2   1   0       0.82999237  p_z
   16   2   1   1       0.82859825  p_x
   16   3   2  -2       0.03655959  d_xy
   16   3   2  -1       0.04178735  d_yz
   16   3   2   0       0.01763718  d_z2
   16   3   2   1       0.03695683  d_xz
   16   3   2   2       0.01883270  d_x2-y2
   17   1   0   0       1.33634344  s
   17   2   1  -1       0.82524622  p_y
   17   2   1   0       0.82830230  p_z
   17   2   1   1       0.83026453  p_x
   17   3   2  -2       0.04085301  d_xy
   17   3   2  -1       0.04472473  d_yz
   17   3   2   0       0.02221672  d_z2
   17   3   2   1       0.04121482  d_xz
   17   3   2   2       0.02148963  d_x2-y2
   18   1   0   0       1.37165140  s
   18   2   1  -1       0.82711121  p_y
   18   2   1   0       0.82832448  p_z
   18   2   1   1       0.82980669  p_x
   18   3   2  -2       0.03747987  d_xy
   18   3   2  -1       0.03849220  d_yz
   18   3   2   0       0.01895104  d_z2
   18   3   2   1       0.03885205  d_xz
   18   3   2   2       0.01839647  d_x2-y2
   19   1   0   0       1.35737482  s
   19   2   1  -1       0.83025720  p_y
   19   2   1   0       0.83086837  p_z
   19   2   1   1       0.83113296  p_x
   19   3   2  -2       0.03912070  d_xy
   19   3   2  -1       0.03872649  d_yz
   19   3   2   0       0.01864980  d_z2
   19   3   2   1       0.03878704  d_xz
   19   3   2   2       0.01917614  d_x2-y2
   20   1   0   0       1.38201413  s
   20   2   1  -1       0.82949658  p_y
   20   2   1   0       0.83118691  p_z
   20   2   1   1       0.83180612  p_x
   20   3   2  -2       0.03351947  d_xy
   20   3   2  -1       0.03641382  d_yz
   20   3   2   0       0.01479121  d_z2
   20   3   2   1       0.03576029  d_xz
   20   3   2   2       0.01673788  d_x2-y2
   21   1   0   0       1.34992300  s
   21   2   1  -1       0.82953774  p_y
   21   2   1   0       0.82783263  p_z
   21   2   1   1       0.82697042  p_x
   21   3   2  -2       0.04062886  d_xy
   21   3   2  -1       0.03921326  d_yz
   21   3   2   0       0.02186812  d_z2
   21   3   2   1       0.03719844  d_xz
   21   3   2   2       0.01810881  d_x2-y2
   22   1   0   0       1.36225390  s
   22   2   1  -1       0.82863616  p_y
   22   2   1   0       0.82479139  p_z
   22   2   1   1       0.83188932  p_x
   22   3   2  -2       0.03883198  d_xy
   22   3   2  -1       0.04416006  d_yz
   22   3   2   0       0.02143300  d_z2
   22   3   2   1       0.03742408  d_xz
   22   3   2   2       0.01854453  d_x2-y2
   23   1   0   0       1.32353849  s
   23   2   1  -1       0.82060217  p_y
   23   2   1   0       0.82972321  p_z
   23   2   1   1       0.82594892  p_x
   23   3   2  -2       0.04563598  d_xy
   23   3   2  -1       0.04369308  d_yz
   23   3   2   0       0.02418127  d_z2
   23   3   2   1       0.04015492  d_xz
   23   3   2   2       0.02366277  d_x2-y2
   24   1   0   0       1.39201208  s
   24   2   1  -1       0.83284079  p_y
   24   2   1   0       0.82979249  p_z
   24   2   1   1       0.83136910  p_x
   24   3   2  -2       0.03537990  d_xy
   24   3   2  -1       0.03470405  d_yz
   24   3   2   0       0.01581049  d_z2
   24   3   2   1       0.03512754  d_xz
   24   3   2   2       0.01580652  d_x2-y2
   25   1   0   0       1.37854486  s
   25   2   1  -1       0.83098512  p_y
   25   2   1   0       0.82987884  p_z
   25   2   1   1       0.82495194  p_x
   25   3   2  -2       0.03631673  d_xy
   25   3   2  -1       0.03654341  d_yz
   25   3   2   0       0.01766524  d_z2
   25   3   2   1       0.03861826  d_xz
   25   3   2   2       0.01753834  d_x2-y2
   26   1   0   0       1.32678686  s
   26   2   1  -1       0.82809134  p_y
   26   2   1   0       0.82839551  p_z
   26   2   1   1       0.82616385  p_x
   26   3   2  -2       0.04443376  d_xy
   26   3   2  -1       0.03952033  d_yz
   26   3   2   0       0.02251969  d_z2
   26   3   2   1       0.04073085  d_xz
   26   3   2   2       0.02203549  d_x2-y2
   27   1   0   0       1.37382561  s
   27   2   1  -1       0.82904269  p_y
   27   2   1   0       0.82353955  p_z
   27   2   1   1       0.82943770  p_x
   27   3   2  -2       0.03913135  d_xy
   27   3   2  -1       0.03764156  d_yz
   27   3   2   0       0.01980066  d_z2
   27   3   2   1       0.03953037  d_xz
   27   3   2   2       0.01715967  d_x2-y2
   28   1   0   0       1.34680581  s
   28   2   1  -1       0.82572398  p_y
   28   2   1   0       0.82376573  p_z
   28   2   1   1       0.82154435  p_x
   28   3   2  -2       0.04123705  d_xy
   28   3   2  -1       0.04163198  d_yz
   28   3   2   0       0.02142827  d_z2
   28   3   2   1       0.04335226  d_xz
   28   3   2   2       0.02304045  d_x2-y2
   29   1   0   0       1.36314131  s
   29   2   1  -1       0.82610670  p_y
   29   2   1   0       0.82450436  p_z
   29   2   1   1       0.83042295  p_x
   29   3   2  -2       0.03571652  d_xy
   29   3   2  -1       0.03798548  d_yz
   29   3   2   0       0.01828430  d_z2
   29   3   2   1       0.03981906  d_xz
   29   3   2   2       0.01833825  d_x2-y2
   30   1   0   0       1.34507929  s
   30   2   1  -1       0.83208605  p_y
   30   2   1   0       0.82971976  p_z
   30   2   1   1       0.82619030  p_x
   30   3   2  -2       0.03970816  d_xy
   30   3   2  -1       0.03670825  d_yz
   30   3   2   0       0.01989347  d_z2
   30   3   2   1       0.04457480  d_xz
   30   3   2   2       0.02005305  d_x2-y2
   31   1   0   0       1.38268291  s
   31   2   1  -1       0.82783450  p_y
   31   2   1   0       0.82862728  p_z
   31   2   1   1       0.82419406  p_x
   31   3   2  -2       0.03651447  d_xy
   31   3   2  -1       0.03558962  d_yz
   31   3   2   0       0.01607361  d_z2
   31   3   2   1       0.03735334  d_xz
   31   3   2   2       0.01755279  d_x2-y2
   32   1   0   0       1.33751173  s
   32   2   1  -1       0.82490814  p_y
   32   2   1   0       0.82354590  p_z
   32   2   1   1       0.82323319  p_x
   32   3   2  -2       0.04222332  d_xy
   32   3   2  -1       0.04472391  d_yz
   32   3   2   0       0.02310894  d_z2
   32   3   2   1       0.04537039  d_xz
   32   3   2   2       0.02433468  d_x2-y2
   33   1   0   0       1.36303568  s
   33   2   1  -1       0.82287363  p_y
   33   2   1   0       0.83090366  p_z
   33   2   1   1       0.82811000  p_x
   33   3   2  -2       0.04074189  d_xy
   33   3   2  -1       0.04094466  d_yz
   33   3   2   0       0.01851140  d_z2
   33   3   2   1       0.03631880  d_xz
   33   3   2   2       0.02014772  d_x2-y2
   34   1   0   0       1.36674028  s
   34   2   1  -1       0.83056552  p_y
   34   2   1   0       0.82851224  p_z
   34   2   1   1       0.82832816  p_x
   34   3   2  -2       0.04044063  d_xy
   34   3   2  -1       0.03593469  d_yz
   34   3   2   0       0.01791802  d_z2
   34   3   2   1       0.03834880  d_xz
   34   3   2   2       0.01856355  d_x2-y2
   35   1   0   0       1.35794803  s
   35   2   1  -1       0.82789434  p_y
   35   2   1   0       0.82744305  p_z
   35   2   1   1       0.82264116  p_x
   35   3   2  -2       0.04117976  d_xy
   35   3   2  -1       0.03734772  d_yz
   35   3   2   0       0.01988869  d_z2
   35   3   2   1       0.04523280  d_xz
   35   3   2   2       0.02103233  d_x2-y2
   36   1   0   0       1.37680794  s
   36   2   1  -1       0.82855763  p_y
   36   2   1   0       0.82940012  p_z
   36   2   1   1       0.82751408  p_x
   36   3   2  -2       0.03543219  d_xy
   36   3   2  -1       0.03870434  d_yz
   36   3   2   0       0.01644956  d_z2
   36   3   2   1       0.03881144  d_xz
   36   3   2   2       0.01889101  d_x2-y2
   37   1   0   0       1.34403005  s
   37   2   1  -1       0.82252650  p_y
   37   2   1   0       0.82541398  p_z
   37   2   1   1       0.82849086  p_x
   37   3   2  -2       0.04103172  d_xy
   37   3   2  -1       0.04219814  d_yz
   37   3   2   0       0.02082172  d_z2
   37   3   2   1       0.04047675  d_xz
   37   3   2   2       0.02154652  d_x2-y2
   38   1   0   0       1.37272652  s
   38   2   1  -1       0.83014536  p_y
   38   2   1   0       0.83172933  p_z
   38   2   1   1       0.83046428  p_x
   38   3   2  -2       0.03709990  d_xy
   38   3   2  -1       0.04168517  d_yz
   38   3   2   0       0.01804978  d_z2
   38   3   2   1       0.03439021  d_xz
   38   3   2   2       0.01735870  d_x2-y2
   39   1   0   0       1.34824812  s
   39   2   1  -1       0.82801265  p_y
   39   2   1   0       0.82260384  p_z
   39   2   1   1       0.82691885  p_x
   39   3   2  -2       0.04171769  d_xy
   39   3   2  -1       0.04083320  d_yz
   39   3   2   0       0.02201786  d_z2
   39   3   2   1       0.04104278  d_xz
   39   3   2   2       0.02001595  d_x2-y2
   40   1   0   0       1.36009073  s
   40   2   1  -1       0.83130639  p_y
   40   2   1   0       0.83514334  p_z
   40   2   1   1       0.83355846  p_x
   40   3   2  -2       0.03644550  d_xy
   40   3   2  -1       0.03633834  d_yz
   40   3   2   0       0.01750165  d_z2
   40   3   2   1       0.04108353  d_xz
   40   3   2   2       0.01946819  d_x2-y2
   41   1   0   0       1.34695529  s
   41   2   1  -1       0.83199490  p_y
   41   2   1   0       0.82083559  p_z
   41   2   1   1       0.82949768  p_x
   41   3   2  -2       0.03776566  d_xy
   41   3   2  -1       0.03875617  d_yz
   41   3   2   0       0.02173326  d_z2
   41   3   2   1       0.04241868  d_xz
   41   3   2   2       0.02048110  d_x2-y2
   42   1   0   0       1.34062037  s
   42   2   1  -1       0.82759901  p_y
   42   2   1   0       0.82574963  p_z
   42   2   1   1       0.82781584  p_x
   42   3   2  -2       0.04192004  d_xy
   42   3   2  -1       0.04019958  d_yz
   42   3   2   0       0.02152325  d_z2
   42   3   2   1       0.04402363  d_xz
   42   3   2   2       0.02275671  d_x2-y2
   43   1   0   0       1.35641389  s
   43   2   1  -1       0.83242179  p_y
   43   2   1   0       0.82459595  p_z
   43   2   1   1       0.82967464  p_x
   43   3   2  -2       0.03799007  d_xy
   43   3   2  -1       0.04082276  d_yz
   43   3   2   0       0.02155883  d_z2
   43   3   2   1       0.03605931  d_xz
   43   3   2   2       0.01651331  d_x2-y2
   44   1   0   0       1.33902391  s
   44   2   1  -1       0.82638586  p_y
   44   2   1   0       0.81988074  p_z
   44   2   1   1       0.82983855  p_x
   44   3   2  -2       0.03624495  d_xy
   44   3   2  -1       0.04526542  d_yz
   44   3   2   0       0.02105726  d_z2
   44   3   2   1       0.04155270  d_xz
   44   3   2   2       0.02277996  d_x2-y2
   45   1   0   0       1.34896993  s
   45   2   1  -1       0.82987230  p_y
   45   2   1   0       0.82375128  p_z
   45   2   1   1       0.82704490  p_x
   45   3   2  -2       0.03830070  d_xy
   45   3   2  -1       0.03952492  d_yz
   45   3   2   0       0.02047289  d_z2
   45   3   2   1       0.03877660  d_xz
   45   3   2   2       0.01747231  d_x2-y2
   46   1   0   0       1.37670412  s
   46   2   1  -1       0.83194254  p_y
   46   2   1   0       0.82973058  p_z
   46   2   1   1       0.83031935  p_x
   46   3   2  -2       0.03922593  d_xy
   46   3   2  -1       0.03536511  d_yz
   46   3   2   0       0.01800671  d_z2
   46   3   2   1       0.04074799  d_xz
   46   3   2   2       0.01947544  d_x2-y2
   47   1   0   0       1.34219116  s
   47   2   1  -1       0.82929523  p_y
   47   2   1   0       0.82532813  p_z
   47   2   1   1       0.82737107  p_x
   47   3   2  -2       0.03789457  d_xy
   47   3   2  -1       0.04071251  d_yz
   47   3   2   0       0.02013850  d_z2
   47   3   2   1       0.04166593  d_xz
   47   3   2   2       0.02103422  d_x2-y2
   48   1   0   0       1.37512032  s
   48   2   1  -1       0.83058778  p_y
   48   2   1   0       0.82972498  p_z
   48   2   1   1       0.83273577  p_x
   48   3   2  -2       0.03922625  d_xy
   48   3   2  -1       0.04117159  d_yz
   48   3   2   0       0.01855983  d_z2
   48   3   2   1       0.03510454  d_xz
   48   3   2   2       0.01813409  d_x2-y2
   49   1   0   0       1.35867070  s
   49   2   1  -1       0.82808498  p_y
   49   2   1   0       0.82697025  p_z
   49   2   1   1       0.82907933  p_x
   49   3   2  -2       0.03721236  d_xy
   49   3   2  -1       0.04202834  d_yz
   49   3   2   0       0.01937075  d_z2
   49   3   2   1       0.03951826  d_xz
   49   3   2   2       0.01926055  d_x2-y2
   50   1   0   0       1.38519753  s
   50   2   1  -1       0.83233095  p_y
   50   2   1   0       0.83081368  p_z
   50   2   1   1       0.82855129  p_x
   50   3   2  -2       0.03886070  d_xy
   50   3   2  -1       0.03235261  d_yz
   50   3   2   0       0.01662622  d_z2
   50   3   2   1       0.03568021  d_xz
   50   3   2   2       0.01581133  d_x2-y2
   51   1   0   0       1.34938506  s
   51   2   1  -1       0.82557442  p_y
   51   2   1   0       0.82358365  p_z
   51   2   1   1       0.82137161  p_x
   51   3   2  -2       0.04386208  d_xy
   51   3   2  -1       0.03643291  d_yz
   51   3   2   0       0.02247444  d_z2
   51   3   2   1       0.04639486  d_xz
   51   3   2   2       0.02155686  d_x2-y2
   52   1   0   0       1.35129073  s
   52   2   1  -1       0.82741347  p_y
   52   2   1   0       0.82931689  p_z
   52   2   1   1       0.82753273  p_x
   52   3   2  -2       0.04193717  d_xy
   52   3   2  -1       0.04139947  d_yz
   52   3   2   0       0.01988218  d_z2
   52   3   2   1       0.03871534  d_xz
   52   3   2   2       0.02023626  d_x2-y2
   53   1   0   0       1.33578033  s
   53   2   1  -1       0.82537588  p_y
   53   2   1   0       0.83057057  p_z
   53   2   1   1       0.82751098  p_x
   53   3   2  -2       0.04456038  d_xy
   53   3   2  -1       0.04264637  d_yz
   53   3   2   0       0.02126261  d_z2
   53   3   2   1       0.03936469  d_xz
   53   3   2   2       0.02342227  d_x2-y2
   54   1   0   0       1.37332673  s
   54   2   1  -1       0.82371877  p_y
   54   2   1   0       0.82803115  p_z
   54   2   1   1       0.82909651  p_x
   54   3   2  -2       0.03496707  d_xy
   54   3   2  -1       0.04146084  d_yz
   54   3   2   0       0.01746251  d_z2
   54   3   2   1       0.03753754  d_xz
   54   3   2   2       0.02018622  d_x2-y2
   55   1   0   0       1.37102082  s
   55   2   1  -1       0.83013597  p_y
   55   2   1   0       0.83140129  p_z
   55   2   1   1       0.83142135  p_x
   55   3   2  -2       0.03658418  d_xy
   55   3   2  -1       0.03714493  d_yz
   55   3   2   0       0.01643821  d_z2
   55   3   2   1       0.03692989  d_xz
   55   3   2   2       0.01795257  d_x2-y2
   56   1   0   0       1.33636147  s
   56   2   1  -1       0.82374953  p_y
   56   2   1   0       0.82648892  p_z
   56   2   1   1       0.83381193  p_x
   56   3   2  -2       0.04166433  d_xy
   56   3   2  -1       0.04196907  d_yz
   56   3   2   0       0.02199361  d_z2
   56   3   2   1       0.04027643  d_xz
   56   3   2   2       0.02267319  d_x2-y2
   57   1   0   0       1.34776318  s
   57   2   1  -1       0.82775583  p_y
   57   2   1   0       0.82474751  p_z
   57   2   1   1       0.82928070  p_x
   57   3   2  -2       0.03563407  d_xy
   57   3   2  -1       0.04475656  d_yz
   57   3   2   0       0.02004341  d_z2
   57   3   2   1       0.03979216  d_xz
   57   3   2   2       0.01964627  d_x2-y2
   58   1   0   0       1.33735185  s
   58   2   1  -1       0.82283833  p_y
   58   2   1   0       0.82474389  p_z
   58   2   1   1       0.82889031  p_x
   58   3   2  -2       0.04114048  d_xy
   58   3   2  -1       0.04466613  d_yz
   58   3   2   0       0.02297345  d_z2
   58   3   2   1       0.04155240  d_xz
   58   3   2   2       0.02323876  d_x2-y2
   59   1   0   0       1.37138221  s
   59   2   1  -1       0.83108126  p_y
   59   2   1   0       0.83297661  p_z
   59   2   1   1       0.82900396  p_x
   59   3   2  -2       0.04083444  d_xy
   59   3   2  -1       0.03251620  d_yz
   59   3   2   0       0.01546666  d_z2
   59   3   2   1       0.03311395  d_xz
   59   3   2   2       0.01662886  d_x2-y2
   60   1   0   0       1.37049283  s
   60   2   1  -1       0.83254989  p_y
   60   2   1   0       0.83690835  p_z
   60   2   1   1       0.82530560  p_x
   60   3   2  -2       0.03679605  d_xy
   60   3   2  -1       0.03721680  d_yz
   60   3   2   0       0.01764771  d_z2
   60   3   2   1       0.04143725  d_xz
   60   3   2   2       0.02048969  d_x2-y2
   61   1   0   0       1.39512184  s
   61   2   1  -1       0.83176208  p_y
   61   2   1   0       0.82952528  p_z
   61   2   1   1       0.82754776  p_x
   61   3   2  -2       0.03727643  d_xy
   61   3   2  -1       0.03265925  d_yz
   61   3   2   0       0.01606978  d_z2
   61   3   2   1       0.03517808  d_xz
   61   3   2   2       0.01640207  d_x2-y2
   62   1   0   0       1.31644499  s
   62   2   1  -1       0.83098299  p_y
   62   2   1   0       0.83058028  p_z
   62   2   1   1       0.82305385  p_x
   62   3   2  -2       0.04352150  d_xy
   62   3   2  -1       0.04232585  d_yz
   62   3   2   0       0.02308126  d_z2
   62   3   2   1       0.04308426  d_xz
   62   3   2   2       0.02376141  d_x2-y2
   63   1   0   0       1.35841600  s
   63   2   1  -1       0.82818680  p_y
   63   2   1   0       0.82521210  p_z
   63   2   1   1       0.83001089  p_x
   63   3   2  -2       0.03882042  d_xy
   63   3   2  -1       0.04189222  d_yz
   63   3   2   0       0.02110216  d_z2
   63   3   2   1       0.04074292  d_xz
   63   3   2   2       0.01903577  d_x2-y2
   64   1   0   0       1.38428607  s
   64   2   1  -1       0.82525579  p_y
   64   2   1   0       0.82569727  p_z
   64   2   1   1       0.82716260  p_x
   64   3   2  -2       0.03712679  d_xy
   64   3   2  -1       0.03622972  d_yz
   64   3   2   0       0.01774960  d_z2
   64   3   2   1       0.03674044  d_xz
   64   3   2   2       0.01605268  d_x2-y2

Fermi level:                        -0.1328171531 H           -3.6141 eV
Band energy:                       -88.1900532398 H        -2399.7734 eV
TS:                                  0.0000000000 H            0.0000 eV
Band free energy (E-TS):           -88.1900532398 H        -2399.7734 eV
Extrapolated E(0K):                -88.1900532398 H        -2399.7734 eV
Input / Output electrons (q):    256.0000000000    256.0000000000

Energy H0:                         -88.1776667975 H        -2399.4364 eV
Energy SCC:                          0.0004927217 H            0.0134 eV
Total Electronic energy:           -88.1771740758 H        -2399.4230 eV
Repulsive energy:                    0.0000000000 H            0.0000 eV
Total energy:                      -88.1771740758 H        -2399.4230 eV
Extrapolated to 0:                 -88.1771740758 H        -2399.4230 eV
Total Mermin free energy:          -88.1771740758 H        -2399.4230 eV
Force related energy:              -88.1771740758 H        -2399.4230 eV

Non-constrained calculation

SCC converged

Warning: dipole moment is not defined absolutely!
Dipole moment:   -0.21103494   -0.20147074   -0.00616574 au
Dipole moment:   -0.53639737   -0.51208759   -0.01567176 Debye


