 Fermi distribution function

Calculation with static geometry


********************************************************************************
 iSCC Total electronic   Diff electronic      SCC error    
    9   -0.88161007E+02   -0.14234161E-08    0.91323037E-05
********************************************************************************

 Total charge:    -0.00000000

 Atomic gross charges (e)
 Atom           Charge
    1      -0.00973058
    2       0.00186297
    3      -0.01123437
    4      -0.00565944
    5       0.00673228
    6       0.00496430
    7      -0.00675642
    8      -0.00105719
    9      -0.01033976
   10      -0.01168944
   11      -0.01444346
   12       0.00125048
   13      -0.01093938
   14       0.00974763
   15      -0.00790430
   16       0.00622977
   17       0.00861323
   18       0.00478233
   19       0.02196291
   20       0.01132385
   21       0.00997304
   22      -0.00742406
   23       0.01246486
   24       0.01158690
   25       0.01541796
   26       0.00895871
   27       0.01719024
   28       0.00032817
   29       0.01403884
   30       0.00154150
   31       0.00844830
   32      -0.04073877
   33      -0.03269956
   34      -0.00669015
   35      -0.03566199
   36       0.01991910
   37      -0.01574388
   38       0.01986211
   39      -0.00625574
   40      -0.00081386
   41      -0.00481874
   42      -0.01600583
   43      -0.00327268
   44      -0.01605624
   45       0.00891165
   46      -0.00996422
   47      -0.00317953
   48      -0.02733963
   49       0.01519471
   50       0.01348060
   51       0.00566199
   52      -0.00376370
   53      -0.00540127
   54      -0.00309859
   55       0.01476821
   56      -0.00874751
   57       0.02263187
   58      -0.00063555
   59       0.02292183
   60       0.00228993
   61       0.01633309
   62      -0.01378561
   63       0.01199375
   64       0.00046434

Nr. of electrons (up):    256.00000000
Atom populations (up)
 Atom       Population
    1       4.00973058
    2       3.99813703
    3       4.01123437
    4       4.00565944
    5       3.99326772
    6       3.99503570
    7       4.00675642
    8       4.00105719
    9       4.01033976
   10       4.01168944
   11       4.01444346
   12       3.99874952
   13       4.01093938
   14       3.99025237
   15       4.00790430
   16       3.99377023
   17       3.99138677
   18       3.99521767
   19       3.97803709
   20       3.98867615
   21       3.99002696
   22       4.00742406
   23       3.98753514
   24       3.98841310
   25       3.98458204
   26       3.99104129
   27       3.98280976
   28       3.99967183
   29       3.98596116
   30       3.99845850
   31       3.99155170
   32       4.04073877
   33       4.03269956
   34       4.00669015
   35       4.03566199
   36       3.98008090
   37       4.01574388
   38       3.98013789
   39       4.00625574
   40       4.00081386
   41       4.00481874
   42       4.01600583
   43       4.00327268
   44       4.01605624
   45       3.99108835
   46       4.00996422
   47       4.00317953
   48       4.02733963
   49       3.98480529
   50       3.98651940
   51       3.99433801
   52       4.00376370
   53       4.00540127
   54       4.00309859
   55       3.98523179
   56       4.00874751
   57       3.97736813
   58       4.00063555
   59       3.97707817
   60       3.99771007
   61       3.98366691
   62       4.01378561
   63       3.98800625
   64       3.99953566

l-shell populations (up)
 Atom Sh.   l       Population
    1   1   0       1.36169619
    1   2   1       2.48444654
    1   3   2       0.16358786
    2   1   0       1.36327462
    2   2   1       2.48688473
    2   3   2       0.14797767
    3   1   0       1.36993590
    3   2   1       2.48347392
    3   3   2       0.15782455
    4   1   0       1.36909094
    4   2   1       2.48362424
    4   3   2       0.15294425
    5   1   0       1.34831218
    5   2   1       2.48417407
    5   3   2       0.16078147
    6   1   0       1.34706964
    6   2   1       2.48618094
    6   3   2       0.16178512
    7   1   0       1.36139798
    7   2   1       2.49269120
    7   3   2       0.15266723
    8   1   0       1.36357033
    8   2   1       2.47791416
    8   3   2       0.15957269
    9   1   0       1.36746612
    9   2   1       2.49607313
    9   3   2       0.14680051
   10   1   0       1.36715720
   10   2   1       2.48846645
   10   3   2       0.15606578
   11   1   0       1.37767079
   11   2   1       2.49465794
   11   3   2       0.14211474
   12   1   0       1.35147002
   12   2   1       2.47612661
   12   3   2       0.17115290
   13   1   0       1.37639730
   13   2   1       2.48428813
   13   3   2       0.15025396
   14   1   0       1.34538892
   14   2   1       2.47676253
   14   3   2       0.16810092
   15   1   0       1.36687145
   15   2   1       2.48066993
   15   3   2       0.16036291
   16   1   0       1.35349887
   16   2   1       2.48184472
   16   3   2       0.15842664
   17   1   0       1.35772268
   17   2   1       2.48151704
   17   3   2       0.15214705
   18   1   0       1.35930735
   18   2   1       2.47890455
   18   3   2       0.15700578
   19   1   0       1.34812045
   19   2   1       2.46860851
   19   3   2       0.16130813
   20   1   0       1.34960177
   20   2   1       2.46953586
   20   3   2       0.16953851
   21   1   0       1.34166380
   21   2   1       2.48460346
   21   3   2       0.16375970
   22   1   0       1.36549427
   22   2   1       2.48419543
   22   3   2       0.15773436
   23   1   0       1.35585908
   23   2   1       2.48482789
   23   3   2       0.14684817
   24   1   0       1.33824977
   24   2   1       2.47213126
   24   3   2       0.17803207
   25   1   0       1.34205938
   25   2   1       2.47439752
   25   3   2       0.16812514
   26   1   0       1.34640092
   26   2   1       2.48758807
   26   3   2       0.15705231
   27   1   0       1.33655520
   27   2   1       2.48001063
   27   3   2       0.16624393
   28   1   0       1.36599758
   28   2   1       2.48194817
   28   3   2       0.15172608
   29   1   0       1.34265769
   29   2   1       2.47639651
   29   3   2       0.16690696
   30   1   0       1.35217849
   30   2   1       2.49188758
   30   3   2       0.15439244
   31   1   0       1.35580399
   31   2   1       2.47370732
   31   3   2       0.16204039
   32   1   0       1.41620463
   32   2   1       2.50395575
   32   3   2       0.12057838
   33   1   0       1.39706273
   33   2   1       2.49847256
   33   3   2       0.13716427
   34   1   0       1.36866620
   34   2   1       2.48330836
   34   3   2       0.15471560
   35   1   0       1.39833618
   35   2   1       2.50132607
   35   3   2       0.13599974
   36   1   0       1.32775579
   36   2   1       2.47135206
   36   3   2       0.18097305
   37   1   0       1.37659232
   37   2   1       2.49388327
   37   3   2       0.14526830
   38   1   0       1.31379319
   38   2   1       2.47501601
   38   3   2       0.19132869
   39   1   0       1.37204364
   39   2   1       2.48828172
   39   3   2       0.14593039
   40   1   0       1.34882572
   40   2   1       2.48787258
   40   3   2       0.16411555
   41   1   0       1.34749558
   41   2   1       2.49621101
   41   3   2       0.16111215
   42   1   0       1.38273392
   42   2   1       2.48932088
   42   3   2       0.14395103
   43   1   0       1.35198453
   43   2   1       2.48516256
   43   3   2       0.16612559
   44   1   0       1.37775741
   44   2   1       2.48991171
   44   3   2       0.14838712
   45   1   0       1.33699862
   45   2   1       2.48093212
   45   3   2       0.17315761
   46   1   0       1.36617940
   46   2   1       2.49359975
   46   3   2       0.15018507
   47   1   0       1.35859987
   47   2   1       2.48717445
   47   3   2       0.15740522
   48   1   0       1.39702331
   48   2   1       2.49339666
   48   3   2       0.13691966
   49   1   0       1.34845175
   49   2   1       2.47549852
   49   3   2       0.16085502
   50   1   0       1.32657937
   50   2   1       2.48025999
   50   3   2       0.17968004
   51   1   0       1.37161199
   51   2   1       2.47125342
   51   3   2       0.15147260
   52   1   0       1.36885370
   52   2   1       2.47360885
   52   3   2       0.16130116
   53   1   0       1.37758757
   53   2   1       2.48643213
   53   3   2       0.14138156
   54   1   0       1.35810269
   54   2   1       2.48725556
   54   3   2       0.15774034
   55   1   0       1.33250485
   55   2   1       2.47750796
   55   3   2       0.17521899
   56   1   0       1.36887207
   56   2   1       2.49028924
   56   3   2       0.14958621
   57   1   0       1.33355253
   57   2   1       2.47434465
   57   3   2       0.16947096
   58   1   0       1.36700985
   58   2   1       2.48095301
   58   3   2       0.15267269
   59   1   0       1.32363828
   59   2   1       2.47740123
   59   3   2       0.17603866
   60   1   0       1.36242646
   60   2   1       2.48163486
   60   3   2       0.15364875
   61   1   0       1.34351564
   61   2   1       2.46910345
   61   3   2       0.17104781
   62   1   0       1.36954806
   62   2   1       2.50187940
   62   3   2       0.14235815
   63   1   0       1.34464435
   63   2   1       2.48224376
   63   3   2       0.16111814
   64   1   0       1.36061860
   64   2   1       2.47419088
   64   3   2       0.16472618

Orbital populations (up)
 Atom Sh.   l   m       Population  Label
    1   1   0   0       1.36169619  s
    1   2   1  -1       0.82595052  p_y
    1   2   1   0       0.82875353  p_z
    1   2   1   1       0.82974248  p_x
    1   3   2  -2       0.04139572  d_xy
    1   3   2  -1       0.03886141  d_yz
    1   3   2   0       0.01919816  d_z2
    1   3   2   1       0.04260064  d_xz
    1   3   2   2       0.02153193  d_x2-y2
    2   1   0   0       1.36327462  s
    2   2   1  -1       0.82567842  p_y
    2   2   1   0       0.83329357  p_z
    2   2   1   1       0.82791274  p_x
    2   3   2  -2       0.03877707  d_xy
    2   3   2  -1       0.03794775  d_yz
    2   3   2   0       0.01786852  d_z2
    2   3   2   1       0.03484150  d_xz
    2   3   2   2       0.01854283  d_x2-y2
    3   1   0   0       1.36993590  s
    3   2   1  -1       0.82602162  p_y
    3   2   1   0       0.82629367  p_z
    3   2   1   1       0.83115863  p_x
    3   3   2  -2       0.03831403  d_xy
    3   3   2  -1       0.04057230  d_yz
    3   3   2   0       0.02040484  d_z2
    3   3   2   1       0.03956223  d_xz
    3   3   2   2       0.01897116  d_x2-y2
    4   1   0   0       1.36909094  s
    4   2   1  -1       0.82582662  p_y
    4   2   1   0       0.82920617  p_z
    4   2   1   1       0.82859145  p_x
    4   3   2  -2       0.03856887  d_xy
    4   3   2  -1       0.03760204  d_yz
    4   3   2   0       0.01727152  d_z2
    4   3   2   1       0.03928910  d_xz
    4   3   2   2       0.02021271  d_x2-y2
    5   1   0   0       1.34831218  s
    5   2   1  -1       0.82868120  p_y
    5   2   1   0       0.82767497  p_z
    5   2   1   1       0.82781790  p_x
    5   3   2  -2       0.03926087  d_xy
    5   3   2  -1       0.03986313  d_yz
    5   3   2   0       0.02032742  d_z2
    5   3   2   1       0.04098329  d_xz
    5   3   2   2       0.02034675  d_x2-y2
    6   1   0   0       1.34706964  s
    6   2   1  -1       0.82962974  p_y
    6   2   1   0       0.82678209  p_z
    6   2   1   1       0.82976911  p_x
    6   3   2  -2       0.03928646  d_xy
    6   3   2  -1       0.04108988  d_yz
    6   3   2   0       0.02112117  d_z2
    6   3   2   1       0.04098409  d_xz
    6   3   2   2       0.01930351  d_x2-y2
    7   1   0   0       1.36139798  s
    7   2   1  -1       0.82838434  p_y
    7   2   1   0       0.83451659  p_z
    7   2   1   1       0.82979027  p_x
    7   3   2  -2       0.04287763  d_xy
    7   3   2  -1       0.03787058  d_yz
    7   3   2   0       0.01826644  d_z2
    7   3   2   1       0.03504512  d_xz
    7   3   2   2       0.01860747  d_x2-y2
    8   1   0   0       1.36357033  s
    8   2   1  -1       0.82471756  p_y
    8   2   1   0       0.82963561  p_z
    8   2   1   1       0.82356100  p_x
    8   3   2  -2       0.04009987  d_xy
    8   3   2  -1       0.03965243  d_yz
    8   3   2   0       0.01982111  d_z2
    8   3   2   1       0.03964572  d_xz
    8   3   2   2       0.02035356  d_x2-y2
    9   1   0   0       1.36746612  s
    9   2   1  -1       0.83327192  p_y
    9   2   1   0       0.83152098  p_z
    9   2   1   1       0.83128023  p_x
    9   3   2  -2       0.03722130  d_xy
    9   3   2  -1       0.03777496  d_yz
    9   3   2   0       0.01823103  d_z2
    9   3   2   1       0.03647729  d_xz
    9   3   2   2       0.01709594  d_x2-y2
   10   1   0   0       1.36715720  s
   10   2   1  -1       0.82596962  p_y
   10   2   1   0       0.83370491  p_z
   10   2   1   1       0.82879193  p_x
   10   3   2  -2       0.04432627  d_xy
   10   3   2  -1       0.03525383  d_yz
   10   3   2   0       0.01974641  d_z2
   10   3   2   1       0.03821926  d_xz
   10   3   2   2       0.01852001  d_x2-y2
   11   1   0   0       1.37767079  s
   11   2   1  -1       0.83290491  p_y
   11   2   1   0       0.83017891  p_z
   11   2   1   1       0.83157413  p_x
   11   3   2  -2       0.03616985  d_xy
   11   3   2  -1       0.03701707  d_yz
   11   3   2   0       0.01809685  d_z2
   11   3   2   1       0.03538166  d_xz
   11   3   2   2       0.01544931  d_x2-y2
   12   1   0   0       1.35147002  s
   12   2   1  -1       0.82399114  p_y
   12   2   1   0       0.82751336  p_z
   12   2   1   1       0.82462210  p_x
   12   3   2  -2       0.04466446  d_xy
   12   3   2  -1       0.04328917  d_yz
   12   3   2   0       0.02215021  d_z2
   12   3   2   1       0.03886269  d_xz
   12   3   2   2       0.02218638  d_x2-y2
   13   1   0   0       1.37639730  s
   13   2   1  -1       0.82670774  p_y
   13   2   1   0       0.82708638  p_z
   13   2   1   1       0.83049401  p_x
   13   3   2  -2       0.03692212  d_xy
   13   3   2  -1       0.03866024  d_yz
   13   3   2   0       0.01799362  d_z2
   13   3   2   1       0.03785491  d_xz
   13   3   2   2       0.01882307  d_x2-y2
   14   1   0   0       1.34538892  s
   14   2   1  -1       0.82240423  p_y
   14   2   1   0       0.82740544  p_z
   14   2   1   1       0.82695285  p_x
   14   3   2  -2       0.03985325  d_xy
   14   3   2  -1       0.04399721  d_yz
   14   3   2   0       0.02039304  d_z2
   14   3   2   1       0.04093898  d_xz
   14   3   2   2       0.02291844  d_x2-y2
   15   1   0   0       1.36687145  s
   15   2   1  -1       0.82540905  p_y
   15   2   1   0       0.82888724  p_z
   15   2   1   1       0.82637365  p_x
   15   3   2  -2       0.04170464  d_xy
   15   3   2  -1       0.03805276  d_yz
   15   3   2   0       0.02008876  d_z2
   15   3   2   1       0.04081723  d_xz
   15   3   2   2       0.01969952  d_x2-y2
   16   1   0   0       1.35349887  s
   16   2   1  -1       0.83183383  p_y
   16   2   1   0       0.82539491  p_z
   16   2   1   1       0.82461599  p_x
   16   3   2  -2       0.04195072  d_xy
   16   3   2  -1       0.03690599  d_yz
   16   3   2   0       0.02137708  d_z2
   16   3   2   1       0.04006111  d_xz
   16   3   2   2       0.01813173  d_x2-y2
   17   1   0   0       1.35772268  s
   17   2   1  -1       0.82610435  p_y
   17   2   1   0       0.82470467  p_z
   17   2   1   1       0.83070802  p_x
   17   3   2  -2       0.03760795  d_xy
   17   3   2  -1       0.03881636  d_yz
   17   3   2   0       0.01919768  d_z2
   17   3   2   1       0.03851708  d_xz
   17   3   2   2       0.01800798  d_x2-y2
   18   1   0   0       1.35930735  s
   18   2   1  -1       0.82622597  p_y
   18   2   1   0       0.83072570  p_z
   18   2   1   1       0.82195288  p_x
   18   3   2  -2       0.03999271  d_xy
   18   3   2  -1       0.03722599  d_yz
   18   3   2   0       0.01876330  d_z2
   18   3   2   1       0.04024269  d_xz
   18   3   2   2       0.02078109  d_x2-y2
   19   1   0   0       1.34812045  s
   19   2   1  -1       0.82361491  p_y
   19   2   1   0       0.82340393  p_z
   19   2   1   1       0.82158967  p_x
   19   3   2  -2       0.03839361  d_xy
   19   3   2  -1       0.04036454  d_yz
   19   3   2   0       0.02208645  d_z2
   19   3   2   1       0.04054904  d_xz
   19   3   2   2       0.01991449  d_x2-y2
   20   1   0   0       1.34960177  s
   20   2   1  -1       0.82128725  p_y
   20   2   1   0       0.81821440  p_z
   20   2   1   1       0.83003422  p_x
   20   3   2  -2       0.04037684  d_xy
   20   3   2  -1       0.04422687  d_yz
   20   3   2   0       0.02267139  d_z2
   20   3   2   1       0.04096375  d_xz
   20   3   2   2       0.02129966  d_x2-y2
   21   1   0   0       1.34166380  s
   21   2   1  -1       0.82828354  p_y
   21   2   1   0       0.82761789  p_z
   21   2   1   1       0.82870203  p_x
   21   3   2  -2       0.03768198  d_xy
   21   3   2  -1       0.04099895  d_yz
   21   3   2   0       0.02080402  d_z2
   21   3   2   1       0.04269327  d_xz
   21   3   2   2       0.02158149  d_x2-y2
   22   1   0   0       1.36549427  s
   22   2   1  -1       0.82318084  p_y
   22   2   1   0       0.83199285  p_z
   22   2   1   1       0.82902174  p_x
   22   3   2  -2       0.03922857  d_xy
   22   3   2  -1       0.03940867  d_yz
   22   3   2   0       0.01944999  d_z2
   22   3   2   1       0.03943204  d_xz
   22   3   2   2       0.02021510  d_x2-y2
   23   1   0   0       1.35585908  s
   23   2   1  -1       0.83323587  p_y
   23   2   1   0       0.82383206  p_z
   23   2   1   1       0.82775996  p_x
   23   3   2  -2       0.03324529  d_xy
   23   3   2  -1       0.03856236  d_yz
   23   3   2   0       0.01902643  d_z2
   23   3   2   1       0.03850693  d_xz
   23   3   2   2       0.01750716  d_x2-y2
   24   1   0   0       1.33824977  s
   24   2   1  -1       0.82234408  p_y
   24   2   1   0       0.82698454  p_z
   24   2   1   1       0.82280264  p_x
   24   3   2  -2       0.04373180  d_xy
   24   3   2  -1       0.04133336  d_yz
   24   3   2   0       0.02282708  d_z2
   24   3   2   1       0.04472608  d_xz
   24   3   2   2       0.02541375  d_x2-y2
   25   1   0   0       1.34205938  s
   25   2   1  -1       0.82523078  p_y
   25   2   1   0       0.82302152  p_z
   25   2   1   1       0.82614522  p_x
   25   3   2  -2       0.04208168  d_xy
   25   3   2  -1       0.04108961  d_yz
   25   3   2   0       0.02331263  d_z2
   25   3   2   1       0.04200293  d_xz
   25   3   2   2       0.01963830  d_x2-y2
   26   1   0   0       1.34640092  s
   26   2   1  -1       0.83117682  p_y
   26   2   1   0       0.82767667  p_z
   26   2   1   1       0.82873458  p_x
   26   3   2  -2       0.03791270  d_xy
   26   3   2  -1       0.03844219  d_yz
   26   3   2   0       0.02045090  d_z2
   26   3   2   1       0.04082486  d_xz
   26   3   2   2       0.01942166  d_x2-y2
   27   1   0   0       1.33655520  s
   27   2   1  -1       0.82724478  p_y
   27   2   1   0       0.82770173  p_z
   27   2   1   1       0.82506411  p_x
   27   3   2  -2       0.04252356  d_xy
   27   3   2  -1       0.04064662  d_yz
   27   3   2   0       0.02085719  d_z2
   27   3   2   1       0.04070000  d_xz
   27   3   2   2       0.02151656  d_x2-y2
   28   1   0   0       1.36599758  s
   28   2   1  -1       0.83118923  p_y
   28   2   1   0       0.82103409  p_z
   28   2   1   1       0.82972485  p_x
   28   3   2  -2       0.03521521  d_xy
   28   3   2  -1       0.03870408  d_yz
   28   3   2   0       0.01931972  d_z2
   28   3   2   1       0.03968969  d_xz
   28   3   2   2       0.01879739  d_x2-y2
   29   1   0   0       1.34265769  s
   29   2   1  -1       0.83195217  p_y
   29   2   1   0       0.82085005  p_z
   29   2   1   1       0.82359430  p_x
   29   3   2  -2       0.04090190  d_xy
   29   3   2  -1       0.04104381  d_yz
   29   3   2   0       0.02187201  d_z2
   29   3   2   1       0.04238837  d_xz
   29   3   2   2       0.02070087  d_x2-y2
   30   1   0   0       1.35217849  s
   30   2   1  -1       0.83241843  p_y
   30   2   1   0       0.83038026  p_z
   30   2   1   1       0.82908889  p_x
   30   3   2  -2       0.03632550  d_xy
   30   3   2  -1       0.04101059  d_yz
   30   3   2   0       0.01785459  d_z2
   30   3   2   1       0.03838541  d_xz
   30   3   2   2       0.02081635  d_x2-y2
   31   1   0   0       1.35580399  s
   31   2   1  -1       0.82829879  p_y
   31   2   1   0       0.81967752  p_z
   31   2   1   1       0.82573100  p_x
   31   3   2  -2       0.03915075  d_xy
   31   3   2  -1       0.03963809  d_yz
   31   3   2   0       0.02132757  d_z2
   31   3   2   1       0.04277397  d_xz
   31   3   2   2       0.01915001  d_x2-y2
   32   1   0   0       1.41620463  s
   32   2   1  -1       0.83561788  p_y
   32   2   1   0       0.83674973  p_z
   32   2   1   1       0.83158815  p_x
   32   3   2  -2       0.03419695  d_xy
   32   3   2  -1       0.03059008  d_yz
   32   3   2   0       0.01305248  d_z2
   32   3   2   1       0.03002750  d_xz
   32   3   2   2       0.01271137  d_x2-y2
   33   1   0   0       1.39706273  s
   33   2   1  -1       0.83550418  p_y
   33   2   1   0       0.82753442  p_z
   33   2   1   1       0.83543396  p_x
   33   3   2  -2       0.03295945  d_xy
   33   3   2  -1       0.03432114  d_yz
   33   3   2   0       0.01692976  d_z2
   33   3   2   1       0.03851251  d_xz
   33   3   2   2       0.01444141  d_x2-y2
   34   1   0   0       1.36866620  s
   34   2   1  -1       0.83353669  p_y
   34   2   1   0       0.82709040  p_z
   34   2   1   1       0.82268128  p_x
   34   3   2  -2       0.03822297  d_xy
   34   3   2  -1       0.03818914  d_yz
   34   3   2   0       0.01975887  d_z2
   34   3   2   1       0.03995290  d_xz
   34   3   2   2       0.01859172  d_x2-y2
   35   1   0   0       1.39833618  s
   35   2   1  -1       0.83517662  p_y
   35   2   1   0       0.83110030  p_z
   35   2   1   1       0.83504916  p_x
   35   3   2  -2       0.03454594  d_xy
   35   3   2  -1       0.03565901  d_yz
   35   3   2   0       0.01615164  d_z2
   35   3   2   1       0.03459663  d_xz
   35   3   2   2       0.01504652  d_x2-y2
   36   1   0   0       1.32775579  s
   36   2   1  -1       0.82345228  p_y
   36   2   1   0       0.82721666  p_z
   36   2   1   1       0.82068313  p_x
   36   3   2  -2       0.04855671  d_xy
   36   3   2  -1       0.04183093  d_yz
   36   3   2   0       0.02471829  d_z2
   36   3   2   1       0.04188984  d_xz
   36   3   2   2       0.02397727  d_x2-y2
   37   1   0   0       1.37659232  s
   37   2   1  -1       0.82962631  p_y
   37   2   1   0       0.83139560  p_z
   37   2   1   1       0.83286136  p_x
   37   3   2  -2       0.03729518  d_xy
   37   3   2  -1       0.03775228  d_yz
   37   3   2   0       0.01768104  d_z2
   37   3   2   1       0.03561908  d_xz
   37   3   2   2       0.01692072  d_x2-y2
   38   1   0   0       1.31379319  s
   38   2   1  -1       0.82711792  p_y
   38   2   1   0       0.82145274  p_z
   38   2   1   1       0.82644535  p_x
   38   3   2  -2       0.04689825  d_xy
   38   3   2  -1       0.04369585  d_yz
   38   3   2   0       0.02778523  d_z2
   38   3   2   1       0.04833029  d_xz
   38   3   2   2       0.02461907  d_x2-y2
   39   1   0   0       1.37204364  s
   39   2   1  -1       0.82430309  p_y
   39   2   1   0       0.83354313  p_z
   39   2   1   1       0.83043550  p_x
   39   3   2  -2       0.03796886  d_xy
   39   3   2  -1       0.03624042  d_yz
   39   3   2   0       0.01681044  d_z2
   39   3   2   1       0.03679248  d_xz
   39   3   2   2       0.01811819  d_x2-y2
   40   1   0   0       1.34882572  s
   40   2   1  -1       0.83323082  p_y
   40   2   1   0       0.82366266  p_z
   40   2   1   1       0.83097911  p_x
   40   3   2  -2       0.03710727  d_xy
   40   3   2  -1       0.04373155  d_yz
   40   3   2   0       0.02211717  d_z2
   40   3   2   1       0.04109253  d_xz
   40   3   2   2       0.02006703  d_x2-y2
   41   1   0   0       1.34749558  s
   41   2   1  -1       0.82811168  p_y
   41   2   1   0       0.83281361  p_z
   41   2   1   1       0.83528571  p_x
   41   3   2  -2       0.03981456  d_xy
   41   3   2  -1       0.04018479  d_yz
   41   3   2   0       0.02022520  d_z2
   41   3   2   1       0.03981194  d_xz
   41   3   2   2       0.02107565  d_x2-y2
   42   1   0   0       1.38273392  s
   42   2   1  -1       0.83066680  p_y
   42   2   1   0       0.83036140  p_z
   42   2   1   1       0.82829269  p_x
   42   3   2  -2       0.03313957  d_xy
   42   3   2  -1       0.03845221  d_yz
   42   3   2   0       0.01630356  d_z2
   42   3   2   1       0.03832903  d_xz
   42   3   2   2       0.01772666  d_x2-y2
   43   1   0   0       1.35198453  s
   43   2   1  -1       0.83074313  p_y
   43   2   1   0       0.82707450  p_z
   43   2   1   1       0.82734493  p_x
   43   3   2  -2       0.03998696  d_xy
   43   3   2  -1       0.04105752  d_yz
   43   3   2   0       0.02107870  d_z2
   43   3   2   1       0.04314922  d_xz
   43   3   2   2       0.02085320  d_x2-y2
   44   1   0   0       1.37775741  s
   44   2   1  -1       0.83088541  p_y
   44   2   1   0       0.82753044  p_z
   44   2   1   1       0.83149586  p_x
   44   3   2  -2       0.03702399  d_xy
   44   3   2  -1       0.03638132  d_yz
   44   3   2   0       0.01780591  d_z2
   44   3   2   1       0.03892122  d_xz
   44   3   2   2       0.01825468  d_x2-y2
   45   1   0   0       1.33699862  s
   45   2   1  -1       0.82374276  p_y
   45   2   1   0       0.83107533  p_z
   45   2   1   1       0.82611402  p_x
   45   3   2  -2       0.04501850  d_xy
   45   3   2  -1       0.04160750  d_yz
   45   3   2   0       0.02151639  d_z2
   45   3   2   1       0.04133706  d_xz
   45   3   2   2       0.02367816  d_x2-y2
   46   1   0   0       1.36617940  s
   46   2   1  -1       0.83425602  p_y
   46   2   1   0       0.82612070  p_z
   46   2   1   1       0.83322303  p_x
   46   3   2  -2       0.03691217  d_xy
   46   3   2  -1       0.03928537  d_yz
   46   3   2   0       0.01953858  d_z2
   46   3   2   1       0.03668108  d_xz
   46   3   2   2       0.01776786  d_x2-y2
   47   1   0   0       1.35859987  s
   47   2   1  -1       0.82842053  p_y
   47   2   1   0       0.82942677  p_z
   47   2   1   1       0.82932715  p_x
   47   3   2  -2       0.04024490  d_xy
   47   3   2  -1       0.04020712  d_yz
   47   3   2   0       0.01987391  d_z2
   47   3   2   1       0.03826831  d_xz
   47   3   2   2       0.01881098  d_x2-y2
   48   1   0   0       1.39702331  s
   48   2   1  -1       0.83318082  p_y
   48   2   1   0       0.82679558  p_z
   48   2   1   1       0.83342026  p_x
   48   3   2  -2       0.03132601  d_xy
   48   3   2  -1       0.03647661  d_yz
   48   3   2   0       0.01614885  d_z2
   48   3   2   1       0.03741115  d_xz
   48   3   2   2       0.01555704  d_x2-y2
   49   1   0   0       1.34845175  s
   49   2   1  -1       0.82311599  p_y
   49   2   1   0       0.82909171  p_z
   49   2   1   1       0.82329082  p_x
   49   3   2  -2       0.04468706  d_xy
   49   3   2  -1       0.03666493  d_yz
   49   3   2   0       0.02018944  d_z2
   49   3   2   1       0.03907484  d_xz
   49   3   2   2       0.02023875  d_x2-y2
   50   1   0   0       1.32657937  s
   50   2   1  -1       0.82482763  p_y
   50   2   1   0       0.82428925  p_z
   50   2   1   1       0.83114312  p_x
   50   3   2  -2       0.04376010  d_xy
   50   3   2  -1       0.04270380  d_yz
   50   3   2   0       0.02586131  d_z2
   50   3   2   1       0.04435350  d_xz
   50   3   2   2       0.02300132  d_x2-y2
   51   1   0   0       1.37161199  s
   51   2   1  -1       0.82154007  p_y
   51   2   1   0       0.82694958  p_z
   51   2   1   1       0.82276377  p_x
   51   3   2  -2       0.03793033  d_xy
   51   3   2  -1       0.03809767  d_yz
   51   3   2   0       0.01845050  d_z2
   51   3   2   1       0.03758128  d_xz
   51   3   2   2       0.01941283  d_x2-y2
   52   1   0   0       1.36885370  s
   52   2   1  -1       0.82195730  p_y
   52   2   1   0       0.83136325  p_z
   52   2   1   1       0.82028830  p_x
   52   3   2  -2       0.04167499  d_xy
   52   3   2  -1       0.03782529  d_yz
   52   3   2   0       0.02189519  d_z2
   52   3   2   1       0.04012990  d_xz
   52   3   2   2       0.01977579  d_x2-y2
   53   1   0   0       1.37758757  s
   53   2   1  -1       0.83189446  p_y
   53   2   1   0       0.82656338  p_z
   53   2   1   1       0.82797429  p_x
   53   3   2  -2       0.03468415  d_xy
   53   3   2  -1       0.03590406  d_yz
   53   3   2   0       0.01782342  d_z2
   53   3   2   1       0.03692302  d_xz
   53   3   2   2       0.01604691  d_x2-y2
   54   1   0   0       1.35810269  s
   54   2   1  -1       0.82813004  p_y
   54   2   1   0       0.83018529  p_z
   54   2   1   1       0.82894024  p_x
   54   3   2  -2       0.03939009  d_xy
   54   3   2  -1       0.04195280  d_yz
   54   3   2   0       0.01947395  d_z2
   54   3   2   1       0.03608563  d_xz
   54   3   2   2       0.02083787  d_x2-y2
   55   1   0   0       1.33250485  s
   55   2   1  -1       0.82389267  p_y
   55   2   1   0       0.82549483  p_z
   55   2   1   1       0.82812046  p_x
   55   3   2  -2       0.04225493  d_xy
   55   3   2  -1       0.04320088  d_yz
   55   3   2   0       0.02332907  d_z2
   55   3   2   1       0.04354091  d_xz
   55   3   2   2       0.02289320  d_x2-y2
   56   1   0   0       1.36887207  s
   56   2   1  -1       0.83097032  p_y
   56   2   1   0       0.83335478  p_z
   56   2   1   1       0.82596413  p_x
   56   3   2  -2       0.04074688  d_xy
   56   3   2  -1       0.03627020  d_yz
   56   3   2   0       0.01696069  d_z2
   56   3   2   1       0.03548509  d_xz
   56   3   2   2       0.02012333  d_x2-y2
   57   1   0   0       1.33355253  s
   57   2   1  -1       0.82178262  p_y
   57   2   1   0       0.83008146  p_z
   57   2   1   1       0.82248057  p_x
   57   3   2  -2       0.04303914  d_xy
   57   3   2  -1       0.03921921  d_yz
   57   3   2   0       0.02027653  d_z2
   57   3   2   1       0.04340148  d_xz
   57   3   2   2       0.02353459  d_x2-y2
   58   1   0   0       1.36700985  s
   58   2   1  -1       0.82784259  p_y
   58   2   1   0       0.82842862  p_z
   58   2   1   1       0.82468180  p_x
   58   3   2  -2       0.03669198  d_xy
   58   3   2  -1       0.04058572  d_yz
   58   3   2   0       0.01766966  d_z2
   58   3   2   1       0.03774818  d_xz
   58   3   2   2       0.01997716  d_x2-y2
   59   1   0   0       1.32363828  s
   59   2   1  -1       0.82487250  p_y
   59   2   1   0       0.82713819  p_z
   59   2   1   1       0.82539053  p_x
   59   3   2  -2       0.04408289  d_xy
   59   3   2  -1       0.04529249  d_yz
   59   3   2   0       0.02407499  d_z2
   59   3   2   1       0.03980271  d_xz
   59   3   2   2       0.02278558  d_x2-y2
   60   1   0   0       1.36242646  s
   60   2   1  -1       0.82650749  p_y
   60   2   1   0       0.82766683  p_z
   60   2   1   1       0.82746054  p_x
   60   3   2  -2       0.04020982  d_xy
   60   3   2  -1       0.03735001  d_yz
   60   3   2   0       0.01997010  d_z2
   60   3   2   1       0.03851837  d_xz
   60   3   2   2       0.01760044  d_x2-y2
   61   1   0   0       1.34351564  s
   61   2   1  -1       0.82019429  p_y
   61   2   1   0       0.82651284  p_z
   61   2   1   1       0.82239633  p_x
   61   3   2  -2       0.04135175  d_xy
   61   3   2  -1       0.04310889  d_yz
   61   3   2   0       0.02148211  d_z2
   61   3   2   1       0.04158009  d_xz
   61   3   2   2       0.02352498  d_x2-y2
   62   1   0   0       1.36954806  s
   62   2   1  -1       0.82872313  p_y
   62   2   1   0       0.83624495  p_z
   62   2   1   1       0.83691132  p_x
   62   3   2  -2       0.03793276  d_xy
   62   3   2  -1       0.03255298  d_yz
   62   3   2   0       0.01583453  d_z2
   62   3   2   1       0.03828228  d_xz
   62   3   2   2       0.01775562  d_x2-y2
   63   1   0   0       1.34464435  s
   63   2   1  -1       0.82838676  p_y
   63   2   1   0       0.83025742  p_z
   63   2   1   1       0.82359958  p_x
   63   3   2  -2       0.04421358  d_xy
   63   3   2  -1       0.03765588  d_yz
   63   3   2   0       0.01986170  d_z2
   63   3   2   1       0.03904223  d_xz
   63   3   2   2       0.02034475  d_x2-y2
   64   1   0   0       1.36061860  s
   64   2   1  -1       0.82118488  p_y
   64   2   1   0       0.82943613  p_z
   64   2   1   1       0.82356987  p_x
   64   3   2  -2       0.03969462  d_xy
   64   3   2  -1       0.04316181  d_yz
   64   3   2   0       0.01992727  d_z2
   64   3   2   1       0.03936186  d_xz
   64   3   2   2       0.02258062  d_x2-y2

Fermi level:                        -0.1339305982 H           -3.6444 eV
Band energy:                       -88.1709329010 H        -2399.2532 eV
TS:                                  0.0000000000 H            0.0000 eV
Band free energy (E-TS):           -88.1709329010 H        -2399.2532 eV
Extrapolated E(0K):                -88.1709329010 H        -2399.2532 eV
Input / Output electrons (q):    256.0000000000    256.0000000000

Energy H0:                         -88.1614792934 H        -2398.9959 eV
Energy SCC:                          0.0004723764 H            0.0129 eV
Total Electronic energy:           -88.1610069170 H        -2398.9831 eV
Repulsive energy:                    0.0000000000 H            0.0000 eV
Total energy:                      -88.1610069170 H        -2398.9831 eV
Extrapolated to 0:                 -88.1610069170 H        -2398.9831 eV
Total Mermin free energy:          -88.1610069170 H        -2398.9831 eV
Force related energy:              -88.1610069170 H        -2398.9831 eV

Non-constrained calculation

SCC converged

Warning: dipole moment is not defined absolutely!
Dipole moment:   -0.97000086    0.04894069   -0.33599486 au
Dipole moment:   -2.46549647    0.12439484   -0.85401381 Debye


