 Fermi distribution function

Calculation with static geometry


********************************************************************************
 iSCC Total electronic   Diff electronic      SCC error    
    9   -0.88183340E+02   -0.15763817E-08    0.88459288E-05
********************************************************************************

 Total charge:    -0.00000000

 Atomic gross charges (e)
 Atom           Charge
    1      -0.01291017
    2       0.01148294
    3       0.00137262
    4       0.02138951
    5       0.00881322
    6       0.01677552
    7       0.00175258
    8      -0.00379144
    9      -0.02213204
   10       0.00848585
   11      -0.04379597
   12       0.00972524
   13       0.00184923
   14       0.00946901
   15       0.00653262
   16       0.01981410
   17       0.00772846
   18      -0.00016967
   19       0.00452450
   20      -0.00390902
   21      -0.01226744
   22       0.00393669
   23      -0.01233898
   24       0.00779453
   25       0.00406757
   26      -0.02248219
   27       0.00850928
   28      -0.01451881
   29       0.00096349
   30      -0.01389881
   31      -0.00393994
   32      -0.00874157
   33      -0.00710268
   34       0.01244325
   35      -0.00904990
   36       0.00582209
   37       0.00431036
   38       0.01672690
   39      -0.00653545
   40       0.01171713
   41      -0.01372622
   42      -0.00834092
   43      -0.00855021
   44      -0.00509822
   45       0.00617542
   46       0.02345937
   47      -0.00120543
   48       0.02310281
   49      -0.01405583
   50       0.01408329
   51      -0.00093547
   52      -0.01363739
   53       0.01590931
   54      -0.00503595
   55       0.00346910
   56      -0.01590425
   57      -0.00871768
   58      -0.01598241
   59       0.01914679
   60      -0.00053760
   61       0.00987761
   62      -0.01894831
   63       0.00189874
   64       0.00513081

Nr. of electrons (up):    256.00000000
Atom populations (up)
 Atom       Population
    1       4.01291017
    2       3.98851706
    3       3.99862738
    4       3.97861049
    5       3.99118678
    6       3.98322448
    7       3.99824742
    8       4.00379144
    9       4.02213204
   10       3.99151415
   11       4.04379597
   12       3.99027476
   13       3.99815077
   14       3.99053099
   15       3.99346738
   16       3.98018590
   17       3.99227154
   18       4.00016967
   19       3.99547550
   20       4.00390902
   21       4.01226744
   22       3.99606331
   23       4.01233898
   24       3.99220547
   25       3.99593243
   26       4.02248219
   27       3.99149072
   28       4.01451881
   29       3.99903651
   30       4.01389881
   31       4.00393994
   32       4.00874157
   33       4.00710268
   34       3.98755675
   35       4.00904990
   36       3.99417791
   37       3.99568964
   38       3.98327310
   39       4.00653545
   40       3.98828287
   41       4.01372622
   42       4.00834092
   43       4.00855021
   44       4.00509822
   45       3.99382458
   46       3.97654063
   47       4.00120543
   48       3.97689719
   49       4.01405583
   50       3.98591671
   51       4.00093547
   52       4.01363739
   53       3.98409069
   54       4.00503595
   55       3.99653090
   56       4.01590425
   57       4.00871768
   58       4.01598241
   59       3.98085321
   60       4.00053760
   61       3.99012239
   62       4.01894831
   63       3.99810126
   64       3.99486919

l-shell populations (up)
 Atom Sh.   l       Population
    1   1   0       1.35979609
    1   2   1       2.49909193
    1   3   2       0.15402215
    2   1   0       1.33929894
    2   2   1       2.49024163
    2   3   2       0.15897648
    3   1   0       1.33543598
    3   2   1       2.49361216
    3   3   2       0.16957923
    4   1   0       1.32729912
    4   2   1       2.47612228
    4   3   2       0.17518909
    5   1   0       1.34541439
    5   2   1       2.48724218
    5   3   2       0.15853021
    6   1   0       1.34432719
    6   2   1       2.47372469
    6   3   2       0.16517260
    7   1   0       1.36258475
    7   2   1       2.47842810
    7   3   2       0.15723457
    8   1   0       1.37460867
    8   2   1       2.47811195
    8   3   2       0.15107082
    9   1   0       1.37974269
    9   2   1       2.49473699
    9   3   2       0.14765236
   10   1   0       1.36078688
   10   2   1       2.46485048
   10   3   2       0.16587679
   11   1   0       1.41297421
   11   2   1       2.50186557
   11   3   2       0.12895618
   12   1   0       1.35278494
   12   2   1       2.47374189
   12   3   2       0.16374794
   13   1   0       1.36285660
   13   2   1       2.48868007
   13   3   2       0.14661409
   14   1   0       1.35047719
   14   2   1       2.48175021
   14   3   2       0.15830359
   15   1   0       1.34105309
   15   2   1       2.48604360
   15   3   2       0.16637069
   16   1   0       1.33388042
   16   2   1       2.48595784
   16   3   2       0.16034764
   17   1   0       1.35018959
   17   2   1       2.48199223
   17   3   2       0.16008972
   18   1   0       1.35129525
   18   2   1       2.48988604
   18   3   2       0.15898838
   19   1   0       1.35525673
   19   2   1       2.47912301
   19   3   2       0.16109576
   20   1   0       1.35550978
   20   2   1       2.47825015
   20   3   2       0.17014908
   21   1   0       1.37973552
   21   2   1       2.48884776
   21   3   2       0.14368415
   22   1   0       1.34809614
   22   2   1       2.48516911
   22   3   2       0.16279806
   23   1   0       1.38012872
   23   2   1       2.49043159
   23   3   2       0.14177866
   24   1   0       1.34475806
   24   2   1       2.47977949
   24   3   2       0.16766793
   25   1   0       1.34798696
   25   2   1       2.48085158
   25   3   2       0.16709389
   26   1   0       1.38759631
   26   2   1       2.48947141
   26   3   2       0.14541446
   27   1   0       1.33147243
   27   2   1       2.48778684
   27   3   2       0.17223145
   28   1   0       1.37084728
   28   2   1       2.49851984
   28   3   2       0.14515169
   29   1   0       1.35410045
   29   2   1       2.48352524
   29   3   2       0.16141083
   30   1   0       1.38547854
   30   2   1       2.48536502
   30   3   2       0.14305525
   31   1   0       1.35611385
   31   2   1       2.49601229
   31   3   2       0.15181379
   32   1   0       1.37440255
   32   2   1       2.49431576
   32   3   2       0.14002325
   33   1   0       1.36294390
   33   2   1       2.49950294
   33   3   2       0.14465584
   34   1   0       1.33327541
   34   2   1       2.48514895
   34   3   2       0.16913238
   35   1   0       1.37218568
   35   2   1       2.49710643
   35   3   2       0.13975779
   36   1   0       1.34699232
   36   2   1       2.49230770
   36   3   2       0.15487788
   37   1   0       1.34801399
   37   2   1       2.48474016
   37   3   2       0.16293549
   38   1   0       1.33774001
   38   2   1       2.48016143
   38   3   2       0.16537167
   39   1   0       1.36486613
   39   2   1       2.49449938
   39   3   2       0.14716994
   40   1   0       1.35356063
   40   2   1       2.47268228
   40   3   2       0.16203996
   41   1   0       1.37577537
   41   2   1       2.49050331
   41   3   2       0.14744755
   42   1   0       1.38110094
   42   2   1       2.47923063
   42   3   2       0.14800935
   43   1   0       1.37189085
   43   2   1       2.47938719
   43   3   2       0.15727217
   44   1   0       1.37492283
   44   2   1       2.47482813
   44   3   2       0.15534726
   45   1   0       1.33938226
   45   2   1       2.48322595
   45   3   2       0.17121636
   46   1   0       1.34757703
   46   2   1       2.46726436
   46   3   2       0.16169924
   47   1   0       1.36147086
   47   2   1       2.47863658
   47   3   2       0.16109799
   48   1   0       1.33694329
   48   2   1       2.47978064
   48   3   2       0.16017327
   49   1   0       1.37731182
   49   2   1       2.49182103
   49   3   2       0.14492298
   50   1   0       1.33647909
   50   2   1       2.47958211
   50   3   2       0.16985550
   51   1   0       1.35185132
   51   2   1       2.49489190
   51   3   2       0.15419226
   52   1   0       1.37558484
   52   2   1       2.49351271
   52   3   2       0.14453984
   53   1   0       1.34029286
   53   2   1       2.47932212
   53   3   2       0.16447572
   54   1   0       1.35508125
   54   2   1       2.49285615
   54   3   2       0.15709855
   55   1   0       1.35852244
   55   2   1       2.47708404
   55   3   2       0.16092442
   56   1   0       1.38053661
   56   2   1       2.48858050
   56   3   2       0.14678714
   57   1   0       1.36294288
   57   2   1       2.48654074
   57   3   2       0.15923406
   58   1   0       1.39505540
   58   2   1       2.48065315
   58   3   2       0.14027387
   59   1   0       1.33184096
   59   2   1       2.46501980
   59   3   2       0.18399245
   60   1   0       1.36330860
   60   2   1       2.48835256
   60   3   2       0.14887644
   61   1   0       1.33785363
   61   2   1       2.48230309
   61   3   2       0.16996567
   62   1   0       1.37664669
   62   2   1       2.49109307
   62   3   2       0.15120855
   63   1   0       1.35896036
   63   2   1       2.48776549
   63   3   2       0.15137541
   64   1   0       1.33869050
   64   2   1       2.48714000
   64   3   2       0.16903869

Orbital populations (up)
 Atom Sh.   l   m       Population  Label
    1   1   0   0       1.35979609  s
    1   2   1  -1       0.83423148  p_y
    1   2   1   0       0.83193062  p_z
    1   2   1   1       0.83292983  p_x
    1   3   2  -2       0.03918251  d_xy
    1   3   2  -1       0.03891546  d_yz
    1   3   2   0       0.01969088  d_z2
    1   3   2   1       0.03852121  d_xz
    1   3   2   2       0.01771209  d_x2-y2
    2   1   0   0       1.33929894  s
    2   2   1  -1       0.83221671  p_y
    2   2   1   0       0.83002417  p_z
    2   2   1   1       0.82800075  p_x
    2   3   2  -2       0.04300685  d_xy
    2   3   2  -1       0.03870054  d_yz
    2   3   2   0       0.02162162  d_z2
    2   3   2   1       0.03725584  d_xz
    2   3   2   2       0.01839163  d_x2-y2
    3   1   0   0       1.33543598  s
    3   2   1  -1       0.83201617  p_y
    3   2   1   0       0.83205894  p_z
    3   2   1   1       0.82953705  p_x
    3   3   2  -2       0.04032828  d_xy
    3   3   2  -1       0.04100832  d_yz
    3   3   2   0       0.02132457  d_z2
    3   3   2   1       0.04433144  d_xz
    3   3   2   2       0.02258662  d_x2-y2
    4   1   0   0       1.32729912  s
    4   2   1  -1       0.82847150  p_y
    4   2   1   0       0.82108684  p_z
    4   2   1   1       0.82656394  p_x
    4   3   2  -2       0.04034101  d_xy
    4   3   2  -1       0.04555926  d_yz
    4   3   2   0       0.02442635  d_z2
    4   3   2   1       0.04263551  d_xz
    4   3   2   2       0.02222696  d_x2-y2
    5   1   0   0       1.34541439  s
    5   2   1  -1       0.82842551  p_y
    5   2   1   0       0.83117270  p_z
    5   2   1   1       0.82764398  p_x
    5   3   2  -2       0.04134163  d_xy
    5   3   2  -1       0.03694074  d_yz
    5   3   2   0       0.02007368  d_z2
    5   3   2   1       0.04073822  d_xz
    5   3   2   2       0.01943593  d_x2-y2
    6   1   0   0       1.34432719  s
    6   2   1  -1       0.82590982  p_y
    6   2   1   0       0.82008870  p_z
    6   2   1   1       0.82772617  p_x
    6   3   2  -2       0.03997745  d_xy
    6   3   2  -1       0.04325442  d_yz
    6   3   2   0       0.02108581  d_z2
    6   3   2   1       0.03990456  d_xz
    6   3   2   2       0.02095034  d_x2-y2
    7   1   0   0       1.36258475  s
    7   2   1  -1       0.82637257  p_y
    7   2   1   0       0.82520233  p_z
    7   2   1   1       0.82685319  p_x
    7   3   2  -2       0.03772722  d_xy
    7   3   2  -1       0.03940791  d_yz
    7   3   2   0       0.01944188  d_z2
    7   3   2   1       0.04060561  d_xz
    7   3   2   2       0.02005195  d_x2-y2
    8   1   0   0       1.37460867  s
    8   2   1  -1       0.82659034  p_y
    8   2   1   0       0.82173879  p_z
    8   2   1   1       0.82978283  p_x
    8   3   2  -2       0.03622216  d_xy
    8   3   2  -1       0.03733966  d_yz
    8   3   2   0       0.01905692  d_z2
    8   3   2   1       0.04137353  d_xz
    8   3   2   2       0.01707855  d_x2-y2
    9   1   0   0       1.37974269  s
    9   2   1  -1       0.83206242  p_y
    9   2   1   0       0.83311073  p_z
    9   2   1   1       0.82956384  p_x
    9   3   2  -2       0.03939472  d_xy
    9   3   2  -1       0.03347109  d_yz
    9   3   2   0       0.01686578  d_z2
    9   3   2   1       0.03946188  d_xz
    9   3   2   2       0.01845890  d_x2-y2
   10   1   0   0       1.36078688  s
   10   2   1  -1       0.82337130  p_y
   10   2   1   0       0.81810150  p_z
   10   2   1   1       0.82337768  p_x
   10   3   2  -2       0.03740977  d_xy
   10   3   2  -1       0.04086468  d_yz
   10   3   2   0       0.02042230  d_z2
   10   3   2   1       0.04553045  d_xz
   10   3   2   2       0.02164960  d_x2-y2
   11   1   0   0       1.41297421  s
   11   2   1  -1       0.83473389  p_y
   11   2   1   0       0.83425357  p_z
   11   2   1   1       0.83287811  p_x
   11   3   2  -2       0.03322713  d_xy
   11   3   2  -1       0.03494639  d_yz
   11   3   2   0       0.01404828  d_z2
   11   3   2   1       0.03211664  d_xz
   11   3   2   2       0.01461775  d_x2-y2
   12   1   0   0       1.35278494  s
   12   2   1  -1       0.82743475  p_y
   12   2   1   0       0.82431745  p_z
   12   2   1   1       0.82198969  p_x
   12   3   2  -2       0.03953692  d_xy
   12   3   2  -1       0.04032015  d_yz
   12   3   2   0       0.02073189  d_z2
   12   3   2   1       0.04264096  d_xz
   12   3   2   2       0.02051802  d_x2-y2
   13   1   0   0       1.36285660  s
   13   2   1  -1       0.82962439  p_y
   13   2   1   0       0.82736929  p_z
   13   2   1   1       0.83168640  p_x
   13   3   2  -2       0.03615011  d_xy
   13   3   2  -1       0.03830260  d_yz
   13   3   2   0       0.01845958  d_z2
   13   3   2   1       0.03674698  d_xz
   13   3   2   2       0.01695483  d_x2-y2
   14   1   0   0       1.35047719  s
   14   2   1  -1       0.82812382  p_y
   14   2   1   0       0.82866040  p_z
   14   2   1   1       0.82496599  p_x
   14   3   2  -2       0.03980350  d_xy
   14   3   2  -1       0.03920257  d_yz
   14   3   2   0       0.01949057  d_z2
   14   3   2   1       0.04002551  d_xz
   14   3   2   2       0.01978143  d_x2-y2
   15   1   0   0       1.34105309  s
   15   2   1  -1       0.83287488  p_y
   15   2   1   0       0.82594626  p_z
   15   2   1   1       0.82722245  p_x
   15   3   2  -2       0.04031039  d_xy
   15   3   2  -1       0.04132048  d_yz
   15   3   2   0       0.02284395  d_z2
   15   3   2   1       0.04202065  d_xz
   15   3   2   2       0.01987522  d_x2-y2
   16   1   0   0       1.33388042  s
   16   2   1  -1       0.82836945  p_y
   16   2   1   0       0.82876958  p_z
   16   2   1   1       0.82881880  p_x
   16   3   2  -2       0.04020450  d_xy
   16   3   2  -1       0.04227699  d_yz
   16   3   2   0       0.02047471  d_z2
   16   3   2   1       0.03684768  d_xz
   16   3   2   2       0.02054376  d_x2-y2
   17   1   0   0       1.35018959  s
   17   2   1  -1       0.82963785  p_y
   17   2   1   0       0.82379842  p_z
   17   2   1   1       0.82855596  p_x
   17   3   2  -2       0.03797329  d_xy
   17   3   2  -1       0.04145356  d_yz
   17   3   2   0       0.02205271  d_z2
   17   3   2   1       0.04004392  d_xz
   17   3   2   2       0.01856623  d_x2-y2
   18   1   0   0       1.35129525  s
   18   2   1  -1       0.82365984  p_y
   18   2   1   0       0.83286603  p_z
   18   2   1   1       0.83336017  p_x
   18   3   2  -2       0.04750489  d_xy
   18   3   2  -1       0.03540904  d_yz
   18   3   2   0       0.01917695  d_z2
   18   3   2   1       0.03668200  d_xz
   18   3   2   2       0.02021550  d_x2-y2
   19   1   0   0       1.35525673  s
   19   2   1  -1       0.82896332  p_y
   19   2   1   0       0.82700166  p_z
   19   2   1   1       0.82315803  p_x
   19   3   2  -2       0.04071740  d_xy
   19   3   2  -1       0.03472259  d_yz
   19   3   2   0       0.02090663  d_z2
   19   3   2   1       0.04556408  d_xz
   19   3   2   2       0.01918507  d_x2-y2
   20   1   0   0       1.35550978  s
   20   2   1  -1       0.82263530  p_y
   20   2   1   0       0.82933869  p_z
   20   2   1   1       0.82627616  p_x
   20   3   2  -2       0.04154610  d_xy
   20   3   2  -1       0.04455743  d_yz
   20   3   2   0       0.02026544  d_z2
   20   3   2   1       0.04036560  d_xz
   20   3   2   2       0.02341451  d_x2-y2
   21   1   0   0       1.37973552  s
   21   2   1  -1       0.82706479  p_y
   21   2   1   0       0.83243130  p_z
   21   2   1   1       0.82935168  p_x
   21   3   2  -2       0.03933064  d_xy
   21   3   2  -1       0.03725128  d_yz
   21   3   2   0       0.01683638  d_z2
   21   3   2   1       0.03337508  d_xz
   21   3   2   2       0.01689078  d_x2-y2
   22   1   0   0       1.34809614  s
   22   2   1  -1       0.82533410  p_y
   22   2   1   0       0.82903518  p_z
   22   2   1   1       0.83079983  p_x
   22   3   2  -2       0.04101640  d_xy
   22   3   2  -1       0.04335973  d_yz
   22   3   2   0       0.02005325  d_z2
   22   3   2   1       0.03693098  d_xz
   22   3   2   2       0.02143772  d_x2-y2
   23   1   0   0       1.38012872  s
   23   2   1  -1       0.82957453  p_y
   23   2   1   0       0.83704754  p_z
   23   2   1   1       0.82380952  p_x
   23   3   2  -2       0.03829633  d_xy
   23   3   2  -1       0.03385280  d_yz
   23   3   2   0       0.01590409  d_z2
   23   3   2   1       0.03671859  d_xz
   23   3   2   2       0.01700685  d_x2-y2
   24   1   0   0       1.34475806  s
   24   2   1  -1       0.82708493  p_y
   24   2   1   0       0.82663575  p_z
   24   2   1   1       0.82605881  p_x
   24   3   2  -2       0.04217437  d_xy
   24   3   2  -1       0.03998677  d_yz
   24   3   2   0       0.02142611  d_z2
   24   3   2   1       0.04295286  d_xz
   24   3   2   2       0.02112782  d_x2-y2
   25   1   0   0       1.34798696  s
   25   2   1  -1       0.82739687  p_y
   25   2   1   0       0.83112132  p_z
   25   2   1   1       0.82233339  p_x
   25   3   2  -2       0.04185827  d_xy
   25   3   2  -1       0.04084294  d_yz
   25   3   2   0       0.02061914  d_z2
   25   3   2   1       0.04150060  d_xz
   25   3   2   2       0.02227294  d_x2-y2
   26   1   0   0       1.38759631  s
   26   2   1  -1       0.82765225  p_y
   26   2   1   0       0.83245155  p_z
   26   2   1   1       0.82936761  p_x
   26   3   2  -2       0.03619712  d_xy
   26   3   2  -1       0.03785222  d_yz
   26   3   2   0       0.01688009  d_z2
   26   3   2   1       0.03684551  d_xz
   26   3   2   2       0.01763953  d_x2-y2
   27   1   0   0       1.33147243  s
   27   2   1  -1       0.82910752  p_y
   27   2   1   0       0.82771508  p_z
   27   2   1   1       0.83096424  p_x
   27   3   2  -2       0.04579274  d_xy
   27   3   2  -1       0.04265420  d_yz
   27   3   2   0       0.02421321  d_z2
   27   3   2   1       0.03869190  d_xz
   27   3   2   2       0.02087940  d_x2-y2
   28   1   0   0       1.37084728  s
   28   2   1  -1       0.83441656  p_y
   28   2   1   0       0.83163059  p_z
   28   2   1   1       0.83247269  p_x
   28   3   2  -2       0.03306275  d_xy
   28   3   2  -1       0.03739712  d_yz
   28   3   2   0       0.01621910  d_z2
   28   3   2   1       0.04008777  d_xz
   28   3   2   2       0.01838495  d_x2-y2
   29   1   0   0       1.35410045  s
   29   2   1  -1       0.82694732  p_y
   29   2   1   0       0.82696128  p_z
   29   2   1   1       0.82961663  p_x
   29   3   2  -2       0.04108000  d_xy
   29   3   2  -1       0.03970717  d_yz
   29   3   2   0       0.02076219  d_z2
   29   3   2   1       0.04065241  d_xz
   29   3   2   2       0.01920906  d_x2-y2
   30   1   0   0       1.38547854  s
   30   2   1  -1       0.82699264  p_y
   30   2   1   0       0.82928474  p_z
   30   2   1   1       0.82908764  p_x
   30   3   2  -2       0.03489765  d_xy
   30   3   2  -1       0.03660698  d_yz
   30   3   2   0       0.01610335  d_z2
   30   3   2   1       0.03785110  d_xz
   30   3   2   2       0.01759617  d_x2-y2
   31   1   0   0       1.35611385  s
   31   2   1  -1       0.83105648  p_y
   31   2   1   0       0.83738141  p_z
   31   2   1   1       0.82757440  p_x
   31   3   2  -2       0.03911798  d_xy
   31   3   2  -1       0.03903648  d_yz
   31   3   2   0       0.01697419  d_z2
   31   3   2   1       0.03650514  d_xz
   31   3   2   2       0.02018001  d_x2-y2
   32   1   0   0       1.37440255  s
   32   2   1  -1       0.82711171  p_y
   32   2   1   0       0.83219436  p_z
   32   2   1   1       0.83500969  p_x
   32   3   2  -2       0.03450816  d_xy
   32   3   2  -1       0.03864354  d_yz
   32   3   2   0       0.01582386  d_z2
   32   3   2   1       0.03359902  d_xz
   32   3   2   2       0.01744867  d_x2-y2
   33   1   0   0       1.36294390  s
   33   2   1  -1       0.82831135  p_y
   33   2   1   0       0.84022165  p_z
   33   2   1   1       0.83096994  p_x
   33   3   2  -2       0.03468060  d_xy
   33   3   2  -1       0.03823689  d_yz
   33   3   2   0       0.01561589  d_z2
   33   3   2   1       0.03724172  d_xz
   33   3   2   2       0.01888074  d_x2-y2
   34   1   0   0       1.33327541  s
   34   2   1  -1       0.82621481  p_y
   34   2   1   0       0.82932962  p_z
   34   2   1   1       0.82960453  p_x
   34   3   2  -2       0.04248426  d_xy
   34   3   2  -1       0.04459081  d_yz
   34   3   2   0       0.02210367  d_z2
   34   3   2   1       0.03817708  d_xz
   34   3   2   2       0.02177656  d_x2-y2
   35   1   0   0       1.37218568  s
   35   2   1  -1       0.82631703  p_y
   35   2   1   0       0.83563685  p_z
   35   2   1   1       0.83515254  p_x
   35   3   2  -2       0.03549831  d_xy
   35   3   2  -1       0.03715233  d_yz
   35   3   2   0       0.01633061  d_z2
   35   3   2   1       0.03429202  d_xz
   35   3   2   2       0.01648452  d_x2-y2
   36   1   0   0       1.34699232  s
   36   2   1  -1       0.83294610  p_y
   36   2   1   0       0.82964359  p_z
   36   2   1   1       0.82971802  p_x
   36   3   2  -2       0.04089278  d_xy
   36   3   2  -1       0.03793907  d_yz
   36   3   2   0       0.02016089  d_z2
   36   3   2   1       0.03758145  d_xz
   36   3   2   2       0.01830369  d_x2-y2
   37   1   0   0       1.34801399  s
   37   2   1  -1       0.82721393  p_y
   37   2   1   0       0.82932159  p_z
   37   2   1   1       0.82820463  p_x
   37   3   2  -2       0.03876515  d_xy
   37   3   2  -1       0.04143284  d_yz
   37   3   2   0       0.02029867  d_z2
   37   3   2   1       0.04186269  d_xz
   37   3   2   2       0.02057615  d_x2-y2
   38   1   0   0       1.33774001  s
   38   2   1  -1       0.82515169  p_y
   38   2   1   0       0.82967162  p_z
   38   2   1   1       0.82533812  p_x
   38   3   2  -2       0.04822586  d_xy
   38   3   2  -1       0.03720882  d_yz
   38   3   2   0       0.02195892  d_z2
   38   3   2   1       0.03774539  d_xz
   38   3   2   2       0.02023267  d_x2-y2
   39   1   0   0       1.36486613  s
   39   2   1  -1       0.83155078  p_y
   39   2   1   0       0.83119997  p_z
   39   2   1   1       0.83174862  p_x
   39   3   2  -2       0.03609633  d_xy
   39   3   2  -1       0.03920754  d_yz
   39   3   2   0       0.01756330  d_z2
   39   3   2   1       0.03686580  d_xz
   39   3   2   2       0.01743697  d_x2-y2
   40   1   0   0       1.35356063  s
   40   2   1  -1       0.82210144  p_y
   40   2   1   0       0.82542813  p_z
   40   2   1   1       0.82515270  p_x
   40   3   2  -2       0.03760388  d_xy
   40   3   2  -1       0.04351894  d_yz
   40   3   2   0       0.01983645  d_z2
   40   3   2   1       0.03903949  d_xz
   40   3   2   2       0.02204120  d_x2-y2
   41   1   0   0       1.37577537  s
   41   2   1  -1       0.82921093  p_y
   41   2   1   0       0.83130541  p_z
   41   2   1   1       0.82998697  p_x
   41   3   2  -2       0.04152744  d_xy
   41   3   2  -1       0.03391739  d_yz
   41   3   2   0       0.01781186  d_z2
   41   3   2   1       0.03695032  d_xz
   41   3   2   2       0.01724054  d_x2-y2
   42   1   0   0       1.38110094  s
   42   2   1  -1       0.82551019  p_y
   42   2   1   0       0.82655810  p_z
   42   2   1   1       0.82716234  p_x
   42   3   2  -2       0.03801538  d_xy
   42   3   2  -1       0.03493008  d_yz
   42   3   2   0       0.01875662  d_z2
   42   3   2   1       0.03888453  d_xz
   42   3   2   2       0.01742275  d_x2-y2
   43   1   0   0       1.37189085  s
   43   2   1  -1       0.82270351  p_y
   43   2   1   0       0.82810944  p_z
   43   2   1   1       0.82857424  p_x
   43   3   2  -2       0.04290138  d_xy
   43   3   2  -1       0.03960977  d_yz
   43   3   2   0       0.02097944  d_z2
   43   3   2   1       0.03562825  d_xz
   43   3   2   2       0.01815334  d_x2-y2
   44   1   0   0       1.37492283  s
   44   2   1  -1       0.82554801  p_y
   44   2   1   0       0.82871952  p_z
   44   2   1   1       0.82056060  p_x
   44   3   2  -2       0.03910855  d_xy
   44   3   2  -1       0.03779873  d_yz
   44   3   2   0       0.01847250  d_z2
   44   3   2   1       0.04033189  d_xz
   44   3   2   2       0.01963558  d_x2-y2
   45   1   0   0       1.33938226  s
   45   2   1  -1       0.82705390  p_y
   45   2   1   0       0.82668462  p_z
   45   2   1   1       0.82948744  p_x
   45   3   2  -2       0.04429544  d_xy
   45   3   2  -1       0.04229928  d_yz
   45   3   2   0       0.02287111  d_z2
   45   3   2   1       0.04062690  d_xz
   45   3   2   2       0.02112364  d_x2-y2
   46   1   0   0       1.34757703  s
   46   2   1  -1       0.82653346  p_y
   46   2   1   0       0.82508622  p_z
   46   2   1   1       0.81564468  p_x
   46   3   2  -2       0.04161314  d_xy
   46   3   2  -1       0.03634112  d_yz
   46   3   2   0       0.02063993  d_z2
   46   3   2   1       0.04255256  d_xz
   46   3   2   2       0.02055249  d_x2-y2
   47   1   0   0       1.36147086  s
   47   2   1  -1       0.82231211  p_y
   47   2   1   0       0.82784176  p_z
   47   2   1   1       0.82848271  p_x
   47   3   2  -2       0.04157281  d_xy
   47   3   2  -1       0.04068428  d_yz
   47   3   2   0       0.01929856  d_z2
   47   3   2   1       0.03893517  d_xz
   47   3   2   2       0.02060717  d_x2-y2
   48   1   0   0       1.33694329  s
   48   2   1  -1       0.82635301  p_y
   48   2   1   0       0.82578631  p_z
   48   2   1   1       0.82764131  p_x
   48   3   2  -2       0.03798926  d_xy
   48   3   2  -1       0.04275148  d_yz
   48   3   2   0       0.01988070  d_z2
   48   3   2   1       0.03870130  d_xz
   48   3   2   2       0.02085053  d_x2-y2
   49   1   0   0       1.37731182  s
   49   2   1  -1       0.83163019  p_y
   49   2   1   0       0.82845403  p_z
   49   2   1   1       0.83173680  p_x
   49   3   2  -2       0.03386246  d_xy
   49   3   2  -1       0.04088761  d_yz
   49   3   2   0       0.01730171  d_z2
   49   3   2   1       0.03625399  d_xz
   49   3   2   2       0.01661721  d_x2-y2
   50   1   0   0       1.33647909  s
   50   2   1  -1       0.82494085  p_y
   50   2   1   0       0.82719674  p_z
   50   2   1   1       0.82744452  p_x
   50   3   2  -2       0.04397480  d_xy
   50   3   2  -1       0.04028964  d_yz
   50   3   2   0       0.02090337  d_z2
   50   3   2   1       0.04140197  d_xz
   50   3   2   2       0.02328572  d_x2-y2
   51   1   0   0       1.35185132  s
   51   2   1  -1       0.83490842  p_y
   51   2   1   0       0.82935273  p_z
   51   2   1   1       0.83063074  p_x
   51   3   2  -2       0.03799825  d_xy
   51   3   2  -1       0.03791061  d_yz
   51   3   2   0       0.01946129  d_z2
   51   3   2   1       0.04060198  d_xz
   51   3   2   2       0.01822013  d_x2-y2
   52   1   0   0       1.37558484  s
   52   2   1  -1       0.82923337  p_y
   52   2   1   0       0.83229995  p_z
   52   2   1   1       0.83197939  p_x
   52   3   2  -2       0.03555975  d_xy
   52   3   2  -1       0.03777578  d_yz
   52   3   2   0       0.01702322  d_z2
   52   3   2   1       0.03699383  d_xz
   52   3   2   2       0.01718726  d_x2-y2
   53   1   0   0       1.34029286  s
   53   2   1  -1       0.82672616  p_y
   53   2   1   0       0.82604686  p_z
   53   2   1   1       0.82654910  p_x
   53   3   2  -2       0.03641576  d_xy
   53   3   2  -1       0.04133328  d_yz
   53   3   2   0       0.02023120  d_z2
   53   3   2   1       0.04466888  d_xz
   53   3   2   2       0.02182660  d_x2-y2
   54   1   0   0       1.35508125  s
   54   2   1  -1       0.83119901  p_y
   54   2   1   0       0.83219954  p_z
   54   2   1   1       0.82945760  p_x
   54   3   2  -2       0.04122771  d_xy
   54   3   2  -1       0.04126420  d_yz
   54   3   2   0       0.01755578  d_z2
   54   3   2   1       0.03621945  d_xz
   54   3   2   2       0.02083140  d_x2-y2
   55   1   0   0       1.35852244  s
   55   2   1  -1       0.82799002  p_y
   55   2   1   0       0.82498197  p_z
   55   2   1   1       0.82411205  p_x
   55   3   2  -2       0.03943635  d_xy
   55   3   2  -1       0.03810641  d_yz
   55   3   2   0       0.02103820  d_z2
   55   3   2   1       0.04298915  d_xz
   55   3   2   2       0.01935432  d_x2-y2
   56   1   0   0       1.38053661  s
   56   2   1  -1       0.83240921  p_y
   56   2   1   0       0.82989657  p_z
   56   2   1   1       0.82627472  p_x
   56   3   2  -2       0.03851617  d_xy
   56   3   2  -1       0.03513362  d_yz
   56   3   2   0       0.01763028  d_z2
   56   3   2   1       0.03841712  d_xz
   56   3   2   2       0.01708994  d_x2-y2
   57   1   0   0       1.36294288  s
   57   2   1  -1       0.83311163  p_y
   57   2   1   0       0.82645833  p_z
   57   2   1   1       0.82697078  p_x
   57   3   2  -2       0.03887576  d_xy
   57   3   2  -1       0.03761997  d_yz
   57   3   2   0       0.01990284  d_z2
   57   3   2   1       0.04294102  d_xz
   57   3   2   2       0.01989448  d_x2-y2
   58   1   0   0       1.39505540  s
   58   2   1  -1       0.82496690  p_y
   58   2   1   0       0.82842269  p_z
   58   2   1   1       0.82726356  p_x
   58   3   2  -2       0.03719443  d_xy
   58   3   2  -1       0.03500935  d_yz
   58   3   2   0       0.01620159  d_z2
   58   3   2   1       0.03573626  d_xz
   58   3   2   2       0.01613224  d_x2-y2
   59   1   0   0       1.33184096  s
   59   2   1  -1       0.82384221  p_y
   59   2   1   0       0.81706192  p_z
   59   2   1   1       0.82411567  p_x
   59   3   2  -2       0.04418054  d_xy
   59   3   2  -1       0.04607856  d_yz
   59   3   2   0       0.02620491  d_z2
   59   3   2   1       0.04420772  d_xz
   59   3   2   2       0.02332072  d_x2-y2
   60   1   0   0       1.36330860  s
   60   2   1  -1       0.82826870  p_y
   60   2   1   0       0.82876614  p_z
   60   2   1   1       0.83131772  p_x
   60   3   2  -2       0.03544215  d_xy
   60   3   2  -1       0.03934040  d_yz
   60   3   2   0       0.01757679  d_z2
   60   3   2   1       0.03794878  d_xz
   60   3   2   2       0.01856832  d_x2-y2
   61   1   0   0       1.33785363  s
   61   2   1  -1       0.82957750  p_y
   61   2   1   0       0.82461701  p_z
   61   2   1   1       0.82810858  p_x
   61   3   2  -2       0.04177089  d_xy
   61   3   2  -1       0.04452251  d_yz
   61   3   2   0       0.02335955  d_z2
   61   3   2   1       0.03973076  d_xz
   61   3   2   2       0.02058196  d_x2-y2
   62   1   0   0       1.37664669  s
   62   2   1  -1       0.83441250  p_y
   62   2   1   0       0.82717867  p_z
   62   2   1   1       0.82950190  p_x
   62   3   2  -2       0.03290014  d_xy
   62   3   2  -1       0.03728938  d_yz
   62   3   2   0       0.01792217  d_z2
   62   3   2   1       0.04468808  d_xz
   62   3   2   2       0.01840878  d_x2-y2
   63   1   0   0       1.35896036  s
   63   2   1  -1       0.82870480  p_y
   63   2   1   0       0.83036245  p_z
   63   2   1   1       0.82869825  p_x
   63   3   2  -2       0.04253599  d_xy
   63   3   2  -1       0.03648752  d_yz
   63   3   2   0       0.01861800  d_z2
   63   3   2   1       0.03516573  d_xz
   63   3   2   2       0.01856817  d_x2-y2
   64   1   0   0       1.33869050  s
   64   2   1  -1       0.82601569  p_y
   64   2   1   0       0.82630066  p_z
   64   2   1   1       0.83482364  p_x
   64   3   2  -2       0.04013661  d_xy
   64   3   2  -1       0.04397011  d_yz
   64   3   2   0       0.02248268  d_z2
   64   3   2   1       0.04099656  d_xz
   64   3   2   2       0.02145273  d_x2-y2

Fermi level:                        -0.1330341324 H           -3.6200 eV
Band energy:                       -88.1994791173 H        -2400.0299 eV
TS:                                  0.0000000000 H            0.0000 eV
Band free energy (E-TS):           -88.1994791173 H        -2400.0299 eV
Extrapolated E(0K):                -88.1994791173 H        -2400.0299 eV
Input / Output electrons (q):    256.0000000000    256.0000000000

Energy H0:                         -88.1838751435 H        -2399.6053 eV
Energy SCC:                          0.0005355199 H            0.0146 eV
Total Electronic energy:           -88.1833396236 H        -2399.5908 eV
Repulsive energy:                    0.0000000000 H            0.0000 eV
Total energy:                      -88.1833396236 H        -2399.5908 eV
Extrapolated to 0:                 -88.1833396236 H        -2399.5908 eV
Total Mermin free energy:          -88.1833396236 H        -2399.5908 eV
Force related energy:              -88.1833396236 H        -2399.5908 eV

Non-constrained calculation

SCC converged

Warning: dipole moment is not defined absolutely!
Dipole moment:   -0.21663605    0.20467126   -0.43089196 au
Dipole moment:   -0.55063396    0.52022251   -1.09521820 Debye


