 Fermi distribution function

Calculation with static geometry


********************************************************************************
 iSCC Total electronic   Diff electronic      SCC error    
    9   -0.88144332E+02   -0.94748032E-09    0.75354124E-05
********************************************************************************

 Total charge:    -0.00000000

 Atomic gross charges (e)
 Atom           Charge
    1       0.00072459
    2       0.00194775
    3      -0.01596748
    4       0.00643317
    5      -0.00360544
    6      -0.00904830
    7      -0.00084163
    8      -0.01474654
    9      -0.01726654
   10      -0.01604691
   11      -0.00505302
   12       0.00126111
   13       0.00377722
   14       0.00590451
   15       0.00173827
   16       0.01110977
   17       0.00036464
   18       0.01182731
   19       0.00109735
   20       0.01109945
   21       0.00495149
   22       0.01401550
   23      -0.00747439
   24       0.01034897
   25       0.01898715
   26      -0.01510505
   27       0.01851031
   28      -0.00490531
   29       0.01773893
   30      -0.01258973
   31       0.01801743
   32      -0.00298881
   33      -0.01673809
   34      -0.01308382
   35       0.00721682
   36       0.01746499
   37      -0.00630099
   38       0.01028420
   39      -0.02248902
   40      -0.00374252
   41      -0.00356093
   42      -0.01363729
   43      -0.00481124
   44      -0.00384548
   45      -0.02303375
   46       0.01456820
   47      -0.00835894
   48       0.00102834
   49       0.01221113
   50       0.00364061
   51       0.00618908
   52       0.01018234
   53      -0.00958343
   54       0.00248914
   55       0.00502998
   56       0.00340366
   57      -0.00130885
   58       0.00220697
   59      -0.00956355
   60       0.00535618
   61       0.01818770
   62      -0.02058005
   63       0.01498085
   64      -0.00801801

Nr. of electrons (up):    256.00000000
Atom populations (up)
 Atom       Population
    1       3.99927541
    2       3.99805225
    3       4.01596748
    4       3.99356683
    5       4.00360544
    6       4.00904830
    7       4.00084163
    8       4.01474654
    9       4.01726654
   10       4.01604691
   11       4.00505302
   12       3.99873889
   13       3.99622278
   14       3.99409549
   15       3.99826173
   16       3.98889023
   17       3.99963536
   18       3.98817269
   19       3.99890265
   20       3.98890055
   21       3.99504851
   22       3.98598450
   23       4.00747439
   24       3.98965103
   25       3.98101285
   26       4.01510505
   27       3.98148969
   28       4.00490531
   29       3.98226107
   30       4.01258973
   31       3.98198257
   32       4.00298881
   33       4.01673809
   34       4.01308382
   35       3.99278318
   36       3.98253501
   37       4.00630099
   38       3.98971580
   39       4.02248902
   40       4.00374252
   41       4.00356093
   42       4.01363729
   43       4.00481124
   44       4.00384548
   45       4.02303375
   46       3.98543180
   47       4.00835894
   48       3.99897166
   49       3.98778887
   50       3.99635939
   51       3.99381092
   52       3.98981766
   53       4.00958343
   54       3.99751086
   55       3.99497002
   56       3.99659634
   57       4.00130885
   58       3.99779303
   59       4.00956355
   60       3.99464382
   61       3.98181230
   62       4.02058005
   63       3.98501915
   64       4.00801801

l-shell populations (up)
 Atom Sh.   l       Population
    1   1   0       1.36146734
    1   2   1       2.48199297
    1   3   2       0.15581510
    2   1   0       1.34775313
    2   2   1       2.49049885
    2   3   2       0.15980027
    3   1   0       1.37075226
    3   2   1       2.49993384
    3   3   2       0.14528138
    4   1   0       1.35121705
    4   2   1       2.48416348
    4   3   2       0.15818630
    5   1   0       1.36315688
    5   2   1       2.48604164
    5   3   2       0.15440692
    6   1   0       1.36677418
    6   2   1       2.48728639
    6   3   2       0.15498773
    7   1   0       1.36460486
    7   2   1       2.47657947
    7   3   2       0.15965730
    8   1   0       1.37868072
    8   2   1       2.48697252
    8   3   2       0.14909330
    9   1   0       1.37948769
    9   2   1       2.48381674
    9   3   2       0.15396212
   10   1   0       1.39120457
   10   2   1       2.48555888
   10   3   2       0.13928346
   11   1   0       1.36087539
   11   2   1       2.48251264
   11   3   2       0.16166499
   12   1   0       1.35948552
   12   2   1       2.48193426
   12   3   2       0.15731911
   13   1   0       1.35441562
   13   2   1       2.48488216
   13   3   2       0.15692499
   14   1   0       1.34817149
   14   2   1       2.47776447
   14   3   2       0.16815952
   15   1   0       1.35837168
   15   2   1       2.48648443
   15   3   2       0.15340562
   16   1   0       1.33559845
   16   2   1       2.48316407
   16   3   2       0.17012771
   17   1   0       1.37240238
   17   2   1       2.47563826
   17   3   2       0.15159473
   18   1   0       1.34680528
   18   2   1       2.47847791
   18   3   2       0.16288950
   19   1   0       1.37081902
   19   2   1       2.48275981
   19   3   2       0.14532382
   20   1   0       1.34324970
   20   2   1       2.48010505
   20   3   2       0.16554580
   21   1   0       1.36343649
   21   2   1       2.47392256
   21   3   2       0.15768946
   22   1   0       1.34672526
   22   2   1       2.47491287
   22   3   2       0.16434638
   23   1   0       1.36867999
   23   2   1       2.47977759
   23   3   2       0.15901681
   24   1   0       1.34102778
   24   2   1       2.48066594
   24   3   2       0.16795731
   25   1   0       1.33478812
   25   2   1       2.48207866
   25   3   2       0.16414606
   26   1   0       1.38784043
   26   2   1       2.48089431
   26   3   2       0.14637031
   27   1   0       1.33722782
   27   2   1       2.47226007
   27   3   2       0.17200180
   28   1   0       1.36502005
   28   2   1       2.48376269
   28   3   2       0.15612257
   29   1   0       1.34647835
   29   2   1       2.46926191
   29   3   2       0.16652081
   30   1   0       1.38202602
   30   2   1       2.48177416
   30   3   2       0.14878954
   31   1   0       1.33295581
   31   2   1       2.48110741
   31   3   2       0.16791936
   32   1   0       1.36332699
   32   2   1       2.49306110
   32   3   2       0.14660072
   33   1   0       1.37206299
   33   2   1       2.50083174
   33   3   2       0.14384336
   34   1   0       1.36868083
   34   2   1       2.49375517
   34   3   2       0.15064782
   35   1   0       1.34662467
   35   2   1       2.48343665
   35   3   2       0.16272185
   36   1   0       1.32921950
   36   2   1       2.47751096
   36   3   2       0.17580455
   37   1   0       1.35443460
   37   2   1       2.49194855
   37   3   2       0.15991785
   38   1   0       1.34483345
   38   2   1       2.48079421
   38   3   2       0.16408814
   39   1   0       1.38774448
   39   2   1       2.49041459
   39   3   2       0.14432995
   40   1   0       1.36882913
   40   2   1       2.47760728
   40   3   2       0.15730611
   41   1   0       1.35993442
   41   2   1       2.48299364
   41   3   2       0.16063288
   42   1   0       1.37281490
   42   2   1       2.48792434
   42   3   2       0.15289805
   43   1   0       1.35956939
   43   2   1       2.48078833
   43   3   2       0.16445352
   44   1   0       1.37170355
   44   2   1       2.47977803
   44   3   2       0.15236390
   45   1   0       1.39412024
   45   2   1       2.48952255
   45   3   2       0.13939097
   46   1   0       1.34160833
   46   2   1       2.47531166
   46   3   2       0.16851181
   47   1   0       1.36027378
   47   2   1       2.49275725
   47   3   2       0.15532792
   48   1   0       1.34863069
   48   2   1       2.49329392
   48   3   2       0.15704705
   49   1   0       1.33701060
   49   2   1       2.48081271
   49   3   2       0.16996557
   50   1   0       1.35772211
   50   2   1       2.47702097
   50   3   2       0.16161631
   51   1   0       1.33896565
   51   2   1       2.48960097
   51   3   2       0.16524429
   52   1   0       1.34333926
   52   2   1       2.47930203
   52   3   2       0.16717637
   53   1   0       1.38328047
   53   2   1       2.48197969
   53   3   2       0.14432327
   54   1   0       1.34915832
   54   2   1       2.48928006
   54   3   2       0.15907248
   55   1   0       1.35473871
   55   2   1       2.47962310
   55   3   2       0.16060821
   56   1   0       1.36010237
   56   2   1       2.48068393
   56   3   2       0.15581005
   57   1   0       1.36706266
   57   2   1       2.48058138
   57   3   2       0.15366481
   58   1   0       1.35632330
   58   2   1       2.47794798
   58   3   2       0.16352175
   59   1   0       1.38242174
   59   2   1       2.48032752
   59   3   2       0.14681428
   60   1   0       1.35455001
   60   2   1       2.48580183
   60   3   2       0.15429197
   61   1   0       1.32620910
   61   2   1       2.48234406
   61   3   2       0.17325913
   62   1   0       1.40417592
   62   2   1       2.47578105
   62   3   2       0.14062308
   63   1   0       1.34342427
   63   2   1       2.47855207
   63   3   2       0.16304281
   64   1   0       1.36399107
   64   2   1       2.49534429
   64   3   2       0.14868265

Orbital populations (up)
 Atom Sh.   l   m       Population  Label
    1   1   0   0       1.36146734  s
    1   2   1  -1       0.82732247  p_y
    1   2   1   0       0.82883488  p_z
    1   2   1   1       0.82583562  p_x
    1   3   2  -2       0.03759418  d_xy
    1   3   2  -1       0.04090430  d_yz
    1   3   2   0       0.01851946  d_z2
    1   3   2   1       0.03842665  d_xz
    1   3   2   2       0.02037050  d_x2-y2
    2   1   0   0       1.34775313  s
    2   2   1  -1       0.83442502  p_y
    2   2   1   0       0.82640582  p_z
    2   2   1   1       0.82966800  p_x
    2   3   2  -2       0.03765138  d_xy
    2   3   2  -1       0.03975828  d_yz
    2   3   2   0       0.02093379  d_z2
    2   3   2   1       0.04138327  d_xz
    2   3   2   2       0.02007355  d_x2-y2
    3   1   0   0       1.37075226  s
    3   2   1  -1       0.83443679  p_y
    3   2   1   0       0.83395213  p_z
    3   2   1   1       0.83154491  p_x
    3   3   2  -2       0.03962780  d_xy
    3   3   2  -1       0.03562506  d_yz
    3   3   2   0       0.01584999  d_z2
    3   3   2   1       0.03593971  d_xz
    3   3   2   2       0.01823881  d_x2-y2
    4   1   0   0       1.35121705  s
    4   2   1  -1       0.82973093  p_y
    4   2   1   0       0.82412928  p_z
    4   2   1   1       0.83030327  p_x
    4   3   2  -2       0.03715938  d_xy
    4   3   2  -1       0.04172334  d_yz
    4   3   2   0       0.02076498  d_z2
    4   3   2   1       0.03928959  d_xz
    4   3   2   2       0.01924902  d_x2-y2
    5   1   0   0       1.36315688  s
    5   2   1  -1       0.82974409  p_y
    5   2   1   0       0.82802449  p_z
    5   2   1   1       0.82827306  p_x
    5   3   2  -2       0.03958308  d_xy
    5   3   2  -1       0.04158148  d_yz
    5   3   2   0       0.01802317  d_z2
    5   3   2   1       0.03607656  d_xz
    5   3   2   2       0.01914262  d_x2-y2
    6   1   0   0       1.36677418  s
    6   2   1  -1       0.82998441  p_y
    6   2   1   0       0.82944562  p_z
    6   2   1   1       0.82785635  p_x
    6   3   2  -2       0.04006762  d_xy
    6   3   2  -1       0.03739693  d_yz
    6   3   2   0       0.01924220  d_z2
    6   3   2   1       0.04011279  d_xz
    6   3   2   2       0.01816819  d_x2-y2
    7   1   0   0       1.36460486  s
    7   2   1  -1       0.83014082  p_y
    7   2   1   0       0.82192048  p_z
    7   2   1   1       0.82451817  p_x
    7   3   2  -2       0.04063731  d_xy
    7   3   2  -1       0.03848706  d_yz
    7   3   2   0       0.01998302  d_z2
    7   3   2   1       0.04145132  d_xz
    7   3   2   2       0.01909859  d_x2-y2
    8   1   0   0       1.37868072  s
    8   2   1  -1       0.83019513  p_y
    8   2   1   0       0.82830783  p_z
    8   2   1   1       0.82846957  p_x
    8   3   2  -2       0.03610071  d_xy
    8   3   2  -1       0.03904181  d_yz
    8   3   2   0       0.01854938  d_z2
    8   3   2   1       0.03858580  d_xz
    8   3   2   2       0.01681561  d_x2-y2
    9   1   0   0       1.37948769  s
    9   2   1  -1       0.82703330  p_y
    9   2   1   0       0.83191385  p_z
    9   2   1   1       0.82486959  p_x
    9   3   2  -2       0.04110065  d_xy
    9   3   2  -1       0.03917528  d_yz
    9   3   2   0       0.01848107  d_z2
    9   3   2   1       0.03614253  d_xz
    9   3   2   2       0.01906258  d_x2-y2
   10   1   0   0       1.39120457  s
   10   2   1  -1       0.83409685  p_y
   10   2   1   0       0.82047055  p_z
   10   2   1   1       0.83099148  p_x
   10   3   2  -2       0.03186566  d_xy
   10   3   2  -1       0.03711692  d_yz
   10   3   2   0       0.01714492  d_z2
   10   3   2   1       0.03805092  d_xz
   10   3   2   2       0.01510504  d_x2-y2
   11   1   0   0       1.36087539  s
   11   2   1  -1       0.82988951  p_y
   11   2   1   0       0.82675938  p_z
   11   2   1   1       0.82586375  p_x
   11   3   2  -2       0.03908839  d_xy
   11   3   2  -1       0.03650711  d_yz
   11   3   2   0       0.02034921  d_z2
   11   3   2   1       0.04485215  d_xz
   11   3   2   2       0.02086813  d_x2-y2
   12   1   0   0       1.35948552  s
   12   2   1  -1       0.83067032  p_y
   12   2   1   0       0.82475597  p_z
   12   2   1   1       0.82650797  p_x
   12   3   2  -2       0.03730170  d_xy
   12   3   2  -1       0.03941421  d_yz
   12   3   2   0       0.01913844  d_z2
   12   3   2   1       0.04173543  d_xz
   12   3   2   2       0.01972934  d_x2-y2
   13   1   0   0       1.35441562  s
   13   2   1  -1       0.83205757  p_y
   13   2   1   0       0.82259228  p_z
   13   2   1   1       0.83023231  p_x
   13   3   2  -2       0.03367360  d_xy
   13   3   2  -1       0.03919877  d_yz
   13   3   2   0       0.01973480  d_z2
   13   3   2   1       0.04557348  d_xz
   13   3   2   2       0.01874435  d_x2-y2
   14   1   0   0       1.34817149  s
   14   2   1  -1       0.82639582  p_y
   14   2   1   0       0.82673976  p_z
   14   2   1   1       0.82462890  p_x
   14   3   2  -2       0.04362833  d_xy
   14   3   2  -1       0.04094310  d_yz
   14   3   2   0       0.02264702  d_z2
   14   3   2   1       0.04010168  d_xz
   14   3   2   2       0.02083939  d_x2-y2
   15   1   0   0       1.35837168  s
   15   2   1  -1       0.82677511  p_y
   15   2   1   0       0.82687635  p_z
   15   2   1   1       0.83283297  p_x
   15   3   2  -2       0.03630315  d_xy
   15   3   2  -1       0.03948173  d_yz
   15   3   2   0       0.01883743  d_z2
   15   3   2   1       0.03980500  d_xz
   15   3   2   2       0.01897830  d_x2-y2
   16   1   0   0       1.33559845  s
   16   2   1  -1       0.82775638  p_y
   16   2   1   0       0.82858617  p_z
   16   2   1   1       0.82682152  p_x
   16   3   2  -2       0.04266391  d_xy
   16   3   2  -1       0.04112993  d_yz
   16   3   2   0       0.02292287  d_z2
   16   3   2   1       0.04208094  d_xz
   16   3   2   2       0.02133006  d_x2-y2
   17   1   0   0       1.37240238  s
   17   2   1  -1       0.82312715  p_y
   17   2   1   0       0.83035811  p_z
   17   2   1   1       0.82215300  p_x
   17   3   2  -2       0.04112280  d_xy
   17   3   2  -1       0.03534896  d_yz
   17   3   2   0       0.01810957  d_z2
   17   3   2   1       0.03798433  d_xz
   17   3   2   2       0.01902907  d_x2-y2
   18   1   0   0       1.34680528  s
   18   2   1  -1       0.82580429  p_y
   18   2   1   0       0.83024969  p_z
   18   2   1   1       0.82242394  p_x
   18   3   2  -2       0.03689175  d_xy
   18   3   2  -1       0.04223645  d_yz
   18   3   2   0       0.01919386  d_z2
   18   3   2   1       0.04275146  d_xz
   18   3   2   2       0.02181598  d_x2-y2
   19   1   0   0       1.37081902  s
   19   2   1  -1       0.82956715  p_y
   19   2   1   0       0.82544887  p_z
   19   2   1   1       0.82774380  p_x
   19   3   2  -2       0.03908870  d_xy
   19   3   2  -1       0.03974755  d_yz
   19   3   2   0       0.01799668  d_z2
   19   3   2   1       0.03209181  d_xz
   19   3   2   2       0.01639908  d_x2-y2
   20   1   0   0       1.34324970  s
   20   2   1  -1       0.82555949  p_y
   20   2   1   0       0.83259015  p_z
   20   2   1   1       0.82195542  p_x
   20   3   2  -2       0.04279844  d_xy
   20   3   2  -1       0.03663433  d_yz
   20   3   2   0       0.02113093  d_z2
   20   3   2   1       0.04348955  d_xz
   20   3   2   2       0.02149255  d_x2-y2
   21   1   0   0       1.36343649  s
   21   2   1  -1       0.82154887  p_y
   21   2   1   0       0.82947150  p_z
   21   2   1   1       0.82290219  p_x
   21   3   2  -2       0.04275366  d_xy
   21   3   2  -1       0.03710947  d_yz
   21   3   2   0       0.01893728  d_z2
   21   3   2   1       0.03911476  d_xz
   21   3   2   2       0.01977428  d_x2-y2
   22   1   0   0       1.34672526  s
   22   2   1  -1       0.82546686  p_y
   22   2   1   0       0.82611198  p_z
   22   2   1   1       0.82333402  p_x
   22   3   2  -2       0.04298499  d_xy
   22   3   2  -1       0.03708242  d_yz
   22   3   2   0       0.02240510  d_z2
   22   3   2   1       0.04101985  d_xz
   22   3   2   2       0.02085403  d_x2-y2
   23   1   0   0       1.36867999  s
   23   2   1  -1       0.82407924  p_y
   23   2   1   0       0.83184395  p_z
   23   2   1   1       0.82385439  p_x
   23   3   2  -2       0.04292706  d_xy
   23   3   2  -1       0.03694107  d_yz
   23   3   2   0       0.01870991  d_z2
   23   3   2   1       0.03969141  d_xz
   23   3   2   2       0.02074736  d_x2-y2
   24   1   0   0       1.34102778  s
   24   2   1  -1       0.82810303  p_y
   24   2   1   0       0.82702811  p_z
   24   2   1   1       0.82553479  p_x
   24   3   2  -2       0.04203214  d_xy
   24   3   2  -1       0.04201920  d_yz
   24   3   2   0       0.02212845  d_z2
   24   3   2   1       0.04065575  d_xz
   24   3   2   2       0.02112178  d_x2-y2
   25   1   0   0       1.33478812  s
   25   2   1  -1       0.82858850  p_y
   25   2   1   0       0.82439109  p_z
   25   2   1   1       0.82909906  p_x
   25   3   2  -2       0.03927011  d_xy
   25   3   2  -1       0.04190340  d_yz
   25   3   2   0       0.02179385  d_z2
   25   3   2   1       0.04082090  d_xz
   25   3   2   2       0.02035781  d_x2-y2
   26   1   0   0       1.38784043  s
   26   2   1  -1       0.82548416  p_y
   26   2   1   0       0.82725858  p_z
   26   2   1   1       0.82815157  p_x
   26   3   2  -2       0.03835999  d_xy
   26   3   2  -1       0.03958760  d_yz
   26   3   2   0       0.01733799  d_z2
   26   3   2   1       0.03436626  d_xz
   26   3   2   2       0.01671846  d_x2-y2
   27   1   0   0       1.33722782  s
   27   2   1  -1       0.82612756  p_y
   27   2   1   0       0.82295417  p_z
   27   2   1   1       0.82317833  p_x
   27   3   2  -2       0.03788161  d_xy
   27   3   2  -1       0.04146994  d_yz
   27   3   2   0       0.02144425  d_z2
   27   3   2   1       0.04792762  d_xz
   27   3   2   2       0.02327838  d_x2-y2
   28   1   0   0       1.36502005  s
   28   2   1  -1       0.82557056  p_y
   28   2   1   0       0.83128362  p_z
   28   2   1   1       0.82690851  p_x
   28   3   2  -2       0.04732780  d_xy
   28   3   2  -1       0.03644393  d_yz
   28   3   2   0       0.02003087  d_z2
   28   3   2   1       0.03426123  d_xz
   28   3   2   2       0.01805874  d_x2-y2
   29   1   0   0       1.34647835  s
   29   2   1  -1       0.81602307  p_y
   29   2   1   0       0.82954014  p_z
   29   2   1   1       0.82369871  p_x
   29   3   2  -2       0.04263491  d_xy
   29   3   2  -1       0.04496783  d_yz
   29   3   2   0       0.02004298  d_z2
   29   3   2   1       0.03612896  d_xz
   29   3   2   2       0.02274613  d_x2-y2
   30   1   0   0       1.38202602  s
   30   2   1  -1       0.82143701  p_y
   30   2   1   0       0.82873871  p_z
   30   2   1   1       0.83159844  p_x
   30   3   2  -2       0.03681804  d_xy
   30   3   2  -1       0.04214066  d_yz
   30   3   2   0       0.01787909  d_z2
   30   3   2   1       0.03419441  d_xz
   30   3   2   2       0.01775735  d_x2-y2
   31   1   0   0       1.33295581  s
   31   2   1  -1       0.82259632  p_y
   31   2   1   0       0.83232744  p_z
   31   2   1   1       0.82618366  p_x
   31   3   2  -2       0.04461255  d_xy
   31   3   2  -1       0.03819045  d_yz
   31   3   2   0       0.02234519  d_z2
   31   3   2   1       0.04105528  d_xz
   31   3   2   2       0.02171588  d_x2-y2
   32   1   0   0       1.36332699  s
   32   2   1  -1       0.83418015  p_y
   32   2   1   0       0.82245052  p_z
   32   2   1   1       0.83643043  p_x
   32   3   2  -2       0.03275128  d_xy
   32   3   2  -1       0.03596331  d_yz
   32   3   2   0       0.01923846  d_z2
   32   3   2   1       0.04218182  d_xz
   32   3   2   2       0.01646584  d_x2-y2
   33   1   0   0       1.37206299  s
   33   2   1  -1       0.83133625  p_y
   33   2   1   0       0.83379102  p_z
   33   2   1   1       0.83570447  p_x
   33   3   2  -2       0.03695450  d_xy
   33   3   2  -1       0.03816592  d_yz
   33   3   2   0       0.01687685  d_z2
   33   3   2   1       0.03464952  d_xz
   33   3   2   2       0.01719658  d_x2-y2
   34   1   0   0       1.36868083  s
   34   2   1  -1       0.83373575  p_y
   34   2   1   0       0.83392634  p_z
   34   2   1   1       0.82609308  p_x
   34   3   2  -2       0.04134634  d_xy
   34   3   2  -1       0.03574079  d_yz
   34   3   2   0       0.01753144  d_z2
   34   3   2   1       0.03698340  d_xz
   34   3   2   2       0.01904586  d_x2-y2
   35   1   0   0       1.34662467  s
   35   2   1  -1       0.82229244  p_y
   35   2   1   0       0.83389279  p_z
   35   2   1   1       0.82725143  p_x
   35   3   2  -2       0.04189300  d_xy
   35   3   2  -1       0.04311233  d_yz
   35   3   2   0       0.01883017  d_z2
   35   3   2   1       0.03696616  d_xz
   35   3   2   2       0.02192019  d_x2-y2
   36   1   0   0       1.32921950  s
   36   2   1  -1       0.82372067  p_y
   36   2   1   0       0.82386292  p_z
   36   2   1   1       0.82992737  p_x
   36   3   2  -2       0.04055921  d_xy
   36   3   2  -1       0.04942513  d_yz
   36   3   2   0       0.02410439  d_z2
   36   3   2   1       0.03971326  d_xz
   36   3   2   2       0.02200257  d_x2-y2
   37   1   0   0       1.35443460  s
   37   2   1  -1       0.83067312  p_y
   37   2   1   0       0.83095921  p_z
   37   2   1   1       0.83031622  p_x
   37   3   2  -2       0.03953635  d_xy
   37   3   2  -1       0.04055604  d_yz
   37   3   2   0       0.01983039  d_z2
   37   3   2   1       0.03965612  d_xz
   37   3   2   2       0.02033895  d_x2-y2
   38   1   0   0       1.34483345  s
   38   2   1  -1       0.82086052  p_y
   38   2   1   0       0.83256330  p_z
   38   2   1   1       0.82737039  p_x
   38   3   2  -2       0.04066539  d_xy
   38   3   2  -1       0.04226222  d_yz
   38   3   2   0       0.01888440  d_z2
   38   3   2   1       0.03946443  d_xz
   38   3   2   2       0.02281170  d_x2-y2
   39   1   0   0       1.38774448  s
   39   2   1  -1       0.82919356  p_y
   39   2   1   0       0.82890879  p_z
   39   2   1   1       0.83231224  p_x
   39   3   2  -2       0.03649500  d_xy
   39   3   2  -1       0.03638052  d_yz
   39   3   2   0       0.01755948  d_z2
   39   3   2   1       0.03684887  d_xz
   39   3   2   2       0.01704608  d_x2-y2
   40   1   0   0       1.36882913  s
   40   2   1  -1       0.82757018  p_y
   40   2   1   0       0.82863219  p_z
   40   2   1   1       0.82140491  p_x
   40   3   2  -2       0.04352327  d_xy
   40   3   2  -1       0.03307746  d_yz
   40   3   2   0       0.02009914  d_z2
   40   3   2   1       0.04163295  d_xz
   40   3   2   2       0.01897329  d_x2-y2
   41   1   0   0       1.35993442  s
   41   2   1  -1       0.82633381  p_y
   41   2   1   0       0.83039024  p_z
   41   2   1   1       0.82626958  p_x
   41   3   2  -2       0.04139353  d_xy
   41   3   2  -1       0.03942632  d_yz
   41   3   2   0       0.01899527  d_z2
   41   3   2   1       0.03992231  d_xz
   41   3   2   2       0.02089544  d_x2-y2
   42   1   0   0       1.37281490  s
   42   2   1  -1       0.83150042  p_y
   42   2   1   0       0.82898705  p_z
   42   2   1   1       0.82743686  p_x
   42   3   2  -2       0.03859950  d_xy
   42   3   2  -1       0.03567070  d_yz
   42   3   2   0       0.01901443  d_z2
   42   3   2   1       0.04136588  d_xz
   42   3   2   2       0.01824755  d_x2-y2
   43   1   0   0       1.35956939  s
   43   2   1  -1       0.82564585  p_y
   43   2   1   0       0.83270097  p_z
   43   2   1   1       0.82244152  p_x
   43   3   2  -2       0.04419226  d_xy
   43   3   2  -1       0.03846951  d_yz
   43   3   2   0       0.01775175  d_z2
   43   3   2   1       0.04040728  d_xz
   43   3   2   2       0.02363272  d_x2-y2
   44   1   0   0       1.37170355  s
   44   2   1  -1       0.82616894  p_y
   44   2   1   0       0.82163154  p_z
   44   2   1   1       0.83197755  p_x
   44   3   2  -2       0.03666398  d_xy
   44   3   2  -1       0.03809905  d_yz
   44   3   2   0       0.01930087  d_z2
   44   3   2   1       0.03986926  d_xz
   44   3   2   2       0.01843075  d_x2-y2
   45   1   0   0       1.39412024  s
   45   2   1  -1       0.83000182  p_y
   45   2   1   0       0.82955130  p_z
   45   2   1   1       0.82996943  p_x
   45   3   2  -2       0.03222954  d_xy
   45   3   2  -1       0.03632909  d_yz
   45   3   2   0       0.01682596  d_z2
   45   3   2   1       0.03815640  d_xz
   45   3   2   2       0.01584997  d_x2-y2
   46   1   0   0       1.34160833  s
   46   2   1  -1       0.82266897  p_y
   46   2   1   0       0.82680141  p_z
   46   2   1   1       0.82584128  p_x
   46   3   2  -2       0.04212032  d_xy
   46   3   2  -1       0.04373994  d_yz
   46   3   2   0       0.02172354  d_z2
   46   3   2   1       0.04002554  d_xz
   46   3   2   2       0.02090247  d_x2-y2
   47   1   0   0       1.36027378  s
   47   2   1  -1       0.83319723  p_y
   47   2   1   0       0.83080975  p_z
   47   2   1   1       0.82875027  p_x
   47   3   2  -2       0.04002063  d_xy
   47   3   2  -1       0.03866030  d_yz
   47   3   2   0       0.01996957  d_z2
   47   3   2   1       0.03871920  d_xz
   47   3   2   2       0.01795822  d_x2-y2
   48   1   0   0       1.34863069  s
   48   2   1  -1       0.83072544  p_y
   48   2   1   0       0.83514507  p_z
   48   2   1   1       0.82742341  p_x
   48   3   2  -2       0.04422534  d_xy
   48   3   2  -1       0.03689052  d_yz
   48   3   2   0       0.01869269  d_z2
   48   3   2   1       0.03613587  d_xz
   48   3   2   2       0.02110262  d_x2-y2
   49   1   0   0       1.33701060  s
   49   2   1  -1       0.83332520  p_y
   49   2   1   0       0.81645675  p_z
   49   2   1   1       0.83103076  p_x
   49   3   2  -2       0.03604346  d_xy
   49   3   2  -1       0.04187264  d_yz
   49   3   2   0       0.02397772  d_z2
   49   3   2   1       0.04745281  d_xz
   49   3   2   2       0.02061893  d_x2-y2
   50   1   0   0       1.35772211  s
   50   2   1  -1       0.82705938  p_y
   50   2   1   0       0.82321778  p_z
   50   2   1   1       0.82674381  p_x
   50   3   2  -2       0.03902594  d_xy
   50   3   2  -1       0.04048508  d_yz
   50   3   2   0       0.02068444  d_z2
   50   3   2   1       0.04171280  d_xz
   50   3   2   2       0.01970806  d_x2-y2
   51   1   0   0       1.33896565  s
   51   2   1  -1       0.83094531  p_y
   51   2   1   0       0.82699829  p_z
   51   2   1   1       0.83165738  p_x
   51   3   2  -2       0.04015728  d_xy
   51   3   2  -1       0.04418658  d_yz
   51   3   2   0       0.02212182  d_z2
   51   3   2   1       0.03876580  d_xz
   51   3   2   2       0.02001282  d_x2-y2
   52   1   0   0       1.34333926  s
   52   2   1  -1       0.82374248  p_y
   52   2   1   0       0.82965666  p_z
   52   2   1   1       0.82590289  p_x
   52   3   2  -2       0.04429625  d_xy
   52   3   2  -1       0.04030845  d_yz
   52   3   2   0       0.02108319  d_z2
   52   3   2   1       0.03969489  d_xz
   52   3   2   2       0.02179359  d_x2-y2
   53   1   0   0       1.38328047  s
   53   2   1  -1       0.82606277  p_y
   53   2   1   0       0.82832021  p_z
   53   2   1   1       0.82759672  p_x
   53   3   2  -2       0.04037748  d_xy
   53   3   2  -1       0.03684943  d_yz
   53   3   2   0       0.01696983  d_z2
   53   3   2   1       0.03275144  d_xz
   53   3   2   2       0.01737508  d_x2-y2
   54   1   0   0       1.34915832  s
   54   2   1  -1       0.83617145  p_y
   54   2   1   0       0.82549259  p_z
   54   2   1   1       0.82761602  p_x
   54   3   2  -2       0.03839484  d_xy
   54   3   2  -1       0.03468140  d_yz
   54   3   2   0       0.02142961  d_z2
   54   3   2   1       0.04641289  d_xz
   54   3   2   2       0.01815375  d_x2-y2
   55   1   0   0       1.35473871  s
   55   2   1  -1       0.82359831  p_y
   55   2   1   0       0.82905616  p_z
   55   2   1   1       0.82696863  p_x
   55   3   2  -2       0.04258030  d_xy
   55   3   2  -1       0.03808700  d_yz
   55   3   2   0       0.01995850  d_z2
   55   3   2   1       0.03916505  d_xz
   55   3   2   2       0.02081736  d_x2-y2
   56   1   0   0       1.36010237  s
   56   2   1  -1       0.82948250  p_y
   56   2   1   0       0.82127054  p_z
   56   2   1   1       0.82993089  p_x
   56   3   2  -2       0.03483521  d_xy
   56   3   2  -1       0.04222592  d_yz
   56   3   2   0       0.02021775  d_z2
   56   3   2   1       0.04057611  d_xz
   56   3   2   2       0.01795507  d_x2-y2
   57   1   0   0       1.36706266  s
   57   2   1  -1       0.82657039  p_y
   57   2   1   0       0.82419105  p_z
   57   2   1   1       0.82981994  p_x
   57   3   2  -2       0.03712345  d_xy
   57   3   2  -1       0.04075519  d_yz
   57   3   2   0       0.01905704  d_z2
   57   3   2   1       0.03814831  d_xz
   57   3   2   2       0.01858083  d_x2-y2
   58   1   0   0       1.35632330  s
   58   2   1  -1       0.82663081  p_y
   58   2   1   0       0.82746225  p_z
   58   2   1   1       0.82385492  p_x
   58   3   2  -2       0.04090270  d_xy
   58   3   2  -1       0.04329837  d_yz
   58   3   2   0       0.01937572  d_z2
   58   3   2   1       0.03760604  d_xz
   58   3   2   2       0.02233891  d_x2-y2
   59   1   0   0       1.38242174  s
   59   2   1  -1       0.83171142  p_y
   59   2   1   0       0.82372204  p_z
   59   2   1   1       0.82489406  p_x
   59   3   2  -2       0.03546989  d_xy
   59   3   2  -1       0.03595996  d_yz
   59   3   2   0       0.01699981  d_z2
   59   3   2   1       0.04092025  d_xz
   59   3   2   2       0.01746437  d_x2-y2
   60   1   0   0       1.35455001  s
   60   2   1  -1       0.82688499  p_y
   60   2   1   0       0.82965601  p_z
   60   2   1   1       0.82926084  p_x
   60   3   2  -2       0.03964298  d_xy
   60   3   2  -1       0.03729710  d_yz
   60   3   2   0       0.01869776  d_z2
   60   3   2   1       0.03981216  d_xz
   60   3   2   2       0.01884198  d_x2-y2
   61   1   0   0       1.32620910  s
   61   2   1  -1       0.83025253  p_y
   61   2   1   0       0.82814127  p_z
   61   2   1   1       0.82395027  p_x
   61   3   2  -2       0.04019733  d_xy
   61   3   2  -1       0.04003484  d_yz
   61   3   2   0       0.02311276  d_z2
   61   3   2   1       0.04713592  d_xz
   61   3   2   2       0.02277828  d_x2-y2
   62   1   0   0       1.40417592  s
   62   2   1  -1       0.82643018  p_y
   62   2   1   0       0.81771503  p_z
   62   2   1   1       0.83163584  p_x
   62   3   2  -2       0.03384231  d_xy
   62   3   2  -1       0.04099995  d_yz
   62   3   2   0       0.01711607  d_z2
   62   3   2   1       0.03295309  d_xz
   62   3   2   2       0.01571167  d_x2-y2
   63   1   0   0       1.34342427  s
   63   2   1  -1       0.82866571  p_y
   63   2   1   0       0.82103627  p_z
   63   2   1   1       0.82885009  p_x
   63   3   2  -2       0.03454509  d_xy
   63   3   2  -1       0.04353019  d_yz
   63   3   2   0       0.02048999  d_z2
   63   3   2   1       0.04324279  d_xz
   63   3   2   2       0.02123474  d_x2-y2
   64   1   0   0       1.36399107  s
   64   2   1  -1       0.83071347  p_y
   64   2   1   0       0.83404142  p_z
   64   2   1   1       0.83058939  p_x
   64   3   2  -2       0.03987550  d_xy
   64   3   2  -1       0.03322535  d_yz
   64   3   2   0       0.01733046  d_z2
   64   3   2   1       0.03958802  d_xz
   64   3   2   2       0.01866332  d_x2-y2

Fermi level:                        -0.1328730069 H           -3.6157 eV
Band energy:                       -88.1578718193 H        -2398.8977 eV
TS:                                  0.0000000000 H            0.0000 eV
Band free energy (E-TS):           -88.1578718193 H        -2398.8977 eV
Extrapolated E(0K):                -88.1578718193 H        -2398.8977 eV
Input / Output electrons (q):    256.0000000000    256.0000000000

Energy H0:                         -88.1447533397 H        -2398.5408 eV
Energy SCC:                          0.0004208433 H            0.0115 eV
Total Electronic energy:           -88.1443324965 H        -2398.5293 eV
Repulsive energy:                    0.0000000000 H            0.0000 eV
Total energy:                      -88.1443324965 H        -2398.5293 eV
Extrapolated to 0:                 -88.1443324965 H        -2398.5293 eV
Total Mermin free energy:          -88.1443324965 H        -2398.5293 eV
Force related energy:              -88.1443324965 H        -2398.5293 eV

Non-constrained calculation

SCC converged

Warning: dipole moment is not defined absolutely!
Dipole moment:   -0.58214742    0.70654184   -0.33368383 au
Dipole moment:   -1.47967126    1.79585037   -0.84813976 Debye


