 Fermi distribution function

Calculation with static geometry


********************************************************************************
 iSCC Total electronic   Diff electronic      SCC error    
    9   -0.88185351E+02   -0.67203132E-09    0.66985849E-05
********************************************************************************

 Total charge:    -0.00000000

 Atomic gross charges (e)
 Atom           Charge
    1       0.02272162
    2      -0.01408803
    3       0.01662574
    4      -0.00103698
    5      -0.02204490
    6       0.00419961
    7      -0.02042037
    8       0.00150563
    9      -0.01198416
   10       0.00536440
   11       0.00685903
   12       0.00937851
   13       0.00743784
   14      -0.00333336
   15       0.00049212
   16      -0.00508207
   17       0.00407651
   18       0.00729009
   19       0.01081831
   20       0.01507272
   21       0.01264271
   22      -0.00276599
   23      -0.01430724
   24       0.01087227
   25      -0.00759985
   26       0.00282624
   27      -0.00209248
   28       0.00026444
   29      -0.00287397
   30      -0.01285667
   31       0.00681248
   32      -0.01325803
   33       0.00600478
   34       0.00263304
   35      -0.00342462
   36       0.01044298
   37      -0.02235918
   38       0.00305243
   39       0.00383393
   40      -0.01660403
   41      -0.02082549
   42      -0.00304277
   43       0.00727316
   44       0.01028379
   45       0.01173055
   46      -0.00994428
   47      -0.00359142
   48      -0.00715251
   49       0.01652836
   50      -0.00731780
   51       0.01679979
   52      -0.01091960
   53      -0.00623582
   54       0.01082226
   55       0.00472208
   56       0.00175294
   57       0.00725466
   58      -0.01065622
   59       0.00304661
   60      -0.00862913
   61      -0.00012631
   62      -0.00183077
   63      -0.00744945
   64       0.01241190

Nr. of electrons (up):    256.00000000
Atom populations (up)
 Atom       Population
    1       3.97727838
    2       4.01408803
    3       3.98337426
    4       4.00103698
    5       4.02204490
    6       3.99580039
    7       4.02042037
    8       3.99849437
    9       4.01198416
   10       3.99463560
   11       3.99314097
   12       3.99062149
   13       3.99256216
   14       4.00333336
   15       3.99950788
   16       4.00508207
   17       3.99592349
   18       3.99270991
   19       3.98918169
   20       3.98492728
   21       3.98735729
   22       4.00276599
   23       4.01430724
   24       3.98912773
   25       4.00759985
   26       3.99717376
   27       4.00209248
   28       3.99973556
   29       4.00287397
   30       4.01285667
   31       3.99318752
   32       4.01325803
   33       3.99399522
   34       3.99736696
   35       4.00342462
   36       3.98955702
   37       4.02235918
   38       3.99694757
   39       3.99616607
   40       4.01660403
   41       4.02082549
   42       4.00304277
   43       3.99272684
   44       3.98971621
   45       3.98826945
   46       4.00994428
   47       4.00359142
   48       4.00715251
   49       3.98347164
   50       4.00731780
   51       3.98320021
   52       4.01091960
   53       4.00623582
   54       3.98917774
   55       3.99527792
   56       3.99824706
   57       3.99274534
   58       4.01065622
   59       3.99695339
   60       4.00862913
   61       4.00012631
   62       4.00183077
   63       4.00744945
   64       3.98758810

l-shell populations (up)
 Atom Sh.   l       Population
    1   1   0       1.32607056
    1   2   1       2.47363430
    1   3   2       0.17757352
    2   1   0       1.37499681
    2   2   1       2.49114074
    2   3   2       0.14795048
    3   1   0       1.32497654
    3   2   1       2.48399598
    3   3   2       0.17440174
    4   1   0       1.35769000
    4   2   1       2.48380746
    4   3   2       0.15953952
    5   1   0       1.39210369
    5   2   1       2.48335706
    5   3   2       0.14658416
    6   1   0       1.35087071
    6   2   1       2.48764853
    6   3   2       0.15728115
    7   1   0       1.38208938
    7   2   1       2.49721126
    7   3   2       0.14111973
    8   1   0       1.35649998
    8   2   1       2.48014744
    8   3   2       0.16184696
    9   1   0       1.38693791
    9   2   1       2.48229583
    9   3   2       0.14275042
   10   1   0       1.33190246
   10   2   1       2.48641851
   10   3   2       0.17631463
   11   1   0       1.36716774
   11   2   1       2.47765035
   11   3   2       0.14832287
   12   1   0       1.33866505
   12   2   1       2.47806245
   12   3   2       0.17389399
   13   1   0       1.34502944
   13   2   1       2.48816022
   13   3   2       0.15937249
   14   1   0       1.36986090
   14   2   1       2.48097972
   14   3   2       0.15249274
   15   1   0       1.34518727
   15   2   1       2.48175046
   15   3   2       0.17257015
   16   1   0       1.36758862
   16   2   1       2.49531215
   16   3   2       0.14218130
   17   1   0       1.34808345
   17   2   1       2.48599031
   17   3   2       0.16184973
   18   1   0       1.35381232
   18   2   1       2.48717202
   18   3   2       0.15172557
   19   1   0       1.34409711
   19   2   1       2.47730978
   19   3   2       0.16777479
   20   1   0       1.33825893
   20   2   1       2.47510847
   20   3   2       0.17155988
   21   1   0       1.34873925
   21   2   1       2.47742475
   21   3   2       0.16119329
   22   1   0       1.35315404
   22   2   1       2.49237597
   22   3   2       0.15723598
   23   1   0       1.38584582
   23   2   1       2.49372284
   23   3   2       0.13473858
   24   1   0       1.33010239
   24   2   1       2.47990229
   24   3   2       0.17912306
   25   1   0       1.36642931
   25   2   1       2.48428597
   25   3   2       0.15688458
   26   1   0       1.36287529
   26   2   1       2.47806147
   26   3   2       0.15623700
   27   1   0       1.36287093
   27   2   1       2.48495692
   27   3   2       0.15426463
   28   1   0       1.36192274
   28   2   1       2.48662299
   28   3   2       0.15118982
   29   1   0       1.36309219
   29   2   1       2.48845307
   29   3   2       0.15132870
   30   1   0       1.37965699
   30   2   1       2.48140438
   30   3   2       0.15179530
   31   1   0       1.35304670
   31   2   1       2.48178208
   31   3   2       0.15835874
   32   1   0       1.38001851
   32   2   1       2.49306460
   32   3   2       0.14017493
   33   1   0       1.34249848
   33   2   1       2.49099408
   33   3   2       0.16050267
   34   1   0       1.35820591
   34   2   1       2.48192746
   34   3   2       0.15723359
   35   1   0       1.37680455
   35   2   1       2.48321169
   35   3   2       0.14340837
   36   1   0       1.34816145
   36   2   1       2.48360325
   36   3   2       0.15779232
   37   1   0       1.38025477
   37   2   1       2.49976021
   37   3   2       0.14234420
   38   1   0       1.34621116
   38   2   1       2.47650743
   38   3   2       0.17422898
   39   1   0       1.34739854
   39   2   1       2.48822703
   39   3   2       0.16054050
   40   1   0       1.37722177
   40   2   1       2.48782762
   40   3   2       0.15155463
   41   1   0       1.39367404
   41   2   1       2.48575100
   41   3   2       0.14140045
   42   1   0       1.37569438
   42   2   1       2.48405880
   42   3   2       0.14328959
   43   1   0       1.34730378
   43   2   1       2.47886087
   43   3   2       0.16656219
   44   1   0       1.34069725
   44   2   1       2.48181162
   44   3   2       0.16720735
   45   1   0       1.32697376
   45   2   1       2.47833914
   45   3   2       0.18295656
   46   1   0       1.36268890
   46   2   1       2.50248059
   46   3   2       0.14477480
   47   1   0       1.35509112
   47   2   1       2.48879237
   47   3   2       0.15970793
   48   1   0       1.36914513
   48   2   1       2.49230727
   48   3   2       0.14570011
   49   1   0       1.34009589
   49   2   1       2.48421206
   49   3   2       0.15916369
   50   1   0       1.36203536
   50   2   1       2.48514345
   50   3   2       0.16013900
   51   1   0       1.33620675
   51   2   1       2.48559378
   51   3   2       0.16139968
   52   1   0       1.37615065
   52   2   1       2.48921784
   52   3   2       0.14555111
   53   1   0       1.36863641
   53   2   1       2.48861555
   53   3   2       0.14898386
   54   1   0       1.34131758
   54   2   1       2.48587905
   54   3   2       0.16198111
   55   1   0       1.34180105
   55   2   1       2.48342987
   55   3   2       0.17004701
   56   1   0       1.35670964
   56   2   1       2.48810684
   56   3   2       0.15343058
   57   1   0       1.35779672
   57   2   1       2.47392865
   57   3   2       0.16101997
   58   1   0       1.37234975
   58   2   1       2.49066852
   58   3   2       0.14763795
   59   1   0       1.35482748
   59   2   1       2.47624244
   59   3   2       0.16588347
   60   1   0       1.37216670
   60   2   1       2.49207906
   60   3   2       0.14438336
   61   1   0       1.35033917
   61   2   1       2.48587027
   61   3   2       0.16391687
   62   1   0       1.36536655
   62   2   1       2.47749344
   62   3   2       0.15897078
   63   1   0       1.37164621
   63   2   1       2.48458939
   63   3   2       0.15121385
   64   1   0       1.33302091
   64   2   1       2.47901395
   64   3   2       0.17555323

Orbital populations (up)
 Atom Sh.   l   m       Population  Label
    1   1   0   0       1.32607056  s
    1   2   1  -1       0.82688910  p_y
    1   2   1   0       0.82507726  p_z
    1   2   1   1       0.82166794  p_x
    1   3   2  -2       0.04284384  d_xy
    1   3   2  -1       0.04153438  d_yz
    1   3   2   0       0.02335491  d_z2
    1   3   2   1       0.04598721  d_xz
    1   3   2   2       0.02385318  d_x2-y2
    2   1   0   0       1.37499681  s
    2   2   1  -1       0.82988470  p_y
    2   2   1   0       0.83369143  p_z
    2   2   1   1       0.82756462  p_x
    2   3   2  -2       0.03647741  d_xy
    2   3   2  -1       0.03839247  d_yz
    2   3   2   0       0.01660946  d_z2
    2   3   2   1       0.03745971  d_xz
    2   3   2   2       0.01901143  d_x2-y2
    3   1   0   0       1.32497654  s
    3   2   1  -1       0.83165896  p_y
    3   2   1   0       0.82614571  p_z
    3   2   1   1       0.82619132  p_x
    3   3   2  -2       0.04020323  d_xy
    3   3   2  -1       0.04593498  d_yz
    3   3   2   0       0.02231275  d_z2
    3   3   2   1       0.04247212  d_xz
    3   3   2   2       0.02347866  d_x2-y2
    4   1   0   0       1.35769000  s
    4   2   1  -1       0.82462536  p_y
    4   2   1   0       0.83131466  p_z
    4   2   1   1       0.82786745  p_x
    4   3   2  -2       0.04230770  d_xy
    4   3   2  -1       0.03829690  d_yz
    4   3   2   0       0.01981045  d_z2
    4   3   2   1       0.03898972  d_xz
    4   3   2   2       0.02013476  d_x2-y2
    5   1   0   0       1.39210369  s
    5   2   1  -1       0.82429540  p_y
    5   2   1   0       0.83129995  p_z
    5   2   1   1       0.82776172  p_x
    5   3   2  -2       0.03847464  d_xy
    5   3   2  -1       0.03895220  d_yz
    5   3   2   0       0.01667008  d_z2
    5   3   2   1       0.03446635  d_xz
    5   3   2   2       0.01802088  d_x2-y2
    6   1   0   0       1.35087071  s
    6   2   1  -1       0.83048246  p_y
    6   2   1   0       0.82668139  p_z
    6   2   1   1       0.83048468  p_x
    6   3   2  -2       0.03649254  d_xy
    6   3   2  -1       0.03823942  d_yz
    6   3   2   0       0.01937302  d_z2
    6   3   2   1       0.04369147  d_xz
    6   3   2   2       0.01948470  d_x2-y2
    7   1   0   0       1.38208938  s
    7   2   1  -1       0.83388363  p_y
    7   2   1   0       0.83176730  p_z
    7   2   1   1       0.83156033  p_x
    7   3   2  -2       0.04197962  d_xy
    7   3   2  -1       0.03236686  d_yz
    7   3   2   0       0.01698968  d_z2
    7   3   2   1       0.03419026  d_xz
    7   3   2   2       0.01559331  d_x2-y2
    8   1   0   0       1.35649998  s
    8   2   1  -1       0.82295671  p_y
    8   2   1   0       0.83122012  p_z
    8   2   1   1       0.82597060  p_x
    8   3   2  -2       0.03889136  d_xy
    8   3   2  -1       0.04164604  d_yz
    8   3   2   0       0.01992715  d_z2
    8   3   2   1       0.04058714  d_xz
    8   3   2   2       0.02079527  d_x2-y2
    9   1   0   0       1.38693791  s
    9   2   1  -1       0.83004172  p_y
    9   2   1   0       0.82484931  p_z
    9   2   1   1       0.82740480  p_x
    9   3   2  -2       0.03606218  d_xy
    9   3   2  -1       0.03883604  d_yz
    9   3   2   0       0.01761450  d_z2
    9   3   2   1       0.03419573  d_xz
    9   3   2   2       0.01604198  d_x2-y2
   10   1   0   0       1.33190246  s
   10   2   1  -1       0.82830745  p_y
   10   2   1   0       0.82985356  p_z
   10   2   1   1       0.82825750  p_x
   10   3   2  -2       0.04463559  d_xy
   10   3   2  -1       0.04041190  d_yz
   10   3   2   0       0.02403040  d_z2
   10   3   2   1       0.04470142  d_xz
   10   3   2   2       0.02253531  d_x2-y2
   11   1   0   0       1.36716774  s
   11   2   1  -1       0.82551131  p_y
   11   2   1   0       0.82432871  p_z
   11   2   1   1       0.82781033  p_x
   11   3   2  -2       0.03489984  d_xy
   11   3   2  -1       0.03424274  d_yz
   11   3   2   0       0.01890280  d_z2
   11   3   2   1       0.04150884  d_xz
   11   3   2   2       0.01876866  d_x2-y2
   12   1   0   0       1.33866505  s
   12   2   1  -1       0.82462205  p_y
   12   2   1   0       0.82797564  p_z
   12   2   1   1       0.82546476  p_x
   12   3   2  -2       0.04623760  d_xy
   12   3   2  -1       0.04324235  d_yz
   12   3   2   0       0.02280159  d_z2
   12   3   2   1       0.03915893  d_xz
   12   3   2   2       0.02245352  d_x2-y2
   13   1   0   0       1.34502944  s
   13   2   1  -1       0.83184208  p_y
   13   2   1   0       0.82725615  p_z
   13   2   1   1       0.82906200  p_x
   13   3   2  -2       0.03625835  d_xy
   13   3   2  -1       0.03935593  d_yz
   13   3   2   0       0.02017266  d_z2
   13   3   2   1       0.04282215  d_xz
   13   3   2   2       0.02076340  d_x2-y2
   14   1   0   0       1.36986090  s
   14   2   1  -1       0.82593371  p_y
   14   2   1   0       0.82655068  p_z
   14   2   1   1       0.82849533  p_x
   14   3   2  -2       0.04076175  d_xy
   14   3   2  -1       0.04106615  d_yz
   14   3   2   0       0.02043670  d_z2
   14   3   2   1       0.03276318  d_xz
   14   3   2   2       0.01746496  d_x2-y2
   15   1   0   0       1.34518727  s
   15   2   1  -1       0.83105478  p_y
   15   2   1   0       0.82637111  p_z
   15   2   1   1       0.82432458  p_x
   15   3   2  -2       0.04026954  d_xy
   15   3   2  -1       0.04012361  d_yz
   15   3   2   0       0.02165986  d_z2
   15   3   2   1       0.04744722  d_xz
   15   3   2   2       0.02306992  d_x2-y2
   16   1   0   0       1.36758862  s
   16   2   1  -1       0.83137736  p_y
   16   2   1   0       0.83015061  p_z
   16   2   1   1       0.83378419  p_x
   16   3   2  -2       0.03983806  d_xy
   16   3   2  -1       0.03435005  d_yz
   16   3   2   0       0.01785253  d_z2
   16   3   2   1       0.03494056  d_xz
   16   3   2   2       0.01520010  d_x2-y2
   17   1   0   0       1.34808345  s
   17   2   1  -1       0.83363052  p_y
   17   2   1   0       0.82812995  p_z
   17   2   1   1       0.82422984  p_x
   17   3   2  -2       0.04094027  d_xy
   17   3   2  -1       0.03671803  d_yz
   17   3   2   0       0.02040187  d_z2
   17   3   2   1       0.04322493  d_xz
   17   3   2   2       0.02056463  d_x2-y2
   18   1   0   0       1.35381232  s
   18   2   1  -1       0.82996045  p_y
   18   2   1   0       0.82681220  p_z
   18   2   1   1       0.83039937  p_x
   18   3   2  -2       0.03739299  d_xy
   18   3   2  -1       0.03849029  d_yz
   18   3   2   0       0.01938860  d_z2
   18   3   2   1       0.03810787  d_xz
   18   3   2   2       0.01834581  d_x2-y2
   19   1   0   0       1.34409711  s
   19   2   1  -1       0.82472065  p_y
   19   2   1   0       0.82526332  p_z
   19   2   1   1       0.82732582  p_x
   19   3   2  -2       0.03883732  d_xy
   19   3   2  -1       0.04437395  d_yz
   19   3   2   0       0.02040029  d_z2
   19   3   2   1       0.04081156  d_xz
   19   3   2   2       0.02335167  d_x2-y2
   20   1   0   0       1.33825893  s
   20   2   1  -1       0.82667884  p_y
   20   2   1   0       0.82018780  p_z
   20   2   1   1       0.82824183  p_x
   20   3   2  -2       0.04270144  d_xy
   20   3   2  -1       0.04317873  d_yz
   20   3   2   0       0.02451034  d_z2
   20   3   2   1       0.04128881  d_xz
   20   3   2   2       0.01988056  d_x2-y2
   21   1   0   0       1.34873925  s
   21   2   1  -1       0.82598657  p_y
   21   2   1   0       0.82408519  p_z
   21   2   1   1       0.82735299  p_x
   21   3   2  -2       0.03710319  d_xy
   21   3   2  -1       0.04140794  d_yz
   21   3   2   0       0.02038497  d_z2
   21   3   2   1       0.04185732  d_xz
   21   3   2   2       0.02043987  d_x2-y2
   22   1   0   0       1.35315404  s
   22   2   1  -1       0.82947742  p_y
   22   2   1   0       0.83278774  p_z
   22   2   1   1       0.83011080  p_x
   22   3   2  -2       0.04175394  d_xy
   22   3   2  -1       0.03774476  d_yz
   22   3   2   0       0.01900247  d_z2
   22   3   2   1       0.03856479  d_xz
   22   3   2   2       0.02017002  d_x2-y2
   23   1   0   0       1.38584582  s
   23   2   1  -1       0.83478011  p_y
   23   2   1   0       0.82664444  p_z
   23   2   1   1       0.83229828  p_x
   23   3   2  -2       0.03189197  d_xy
   23   3   2  -1       0.03440273  d_yz
   23   3   2   0       0.01553329  d_z2
   23   3   2   1       0.03766938  d_xz
   23   3   2   2       0.01524120  d_x2-y2
   24   1   0   0       1.33010239  s
   24   2   1  -1       0.82204138  p_y
   24   2   1   0       0.83192725  p_z
   24   2   1   1       0.82593366  p_x
   24   3   2  -2       0.04689584  d_xy
   24   3   2  -1       0.04443010  d_yz
   24   3   2   0       0.02372900  d_z2
   24   3   2   1       0.04019939  d_xz
   24   3   2   2       0.02386873  d_x2-y2
   25   1   0   0       1.36642931  s
   25   2   1  -1       0.82648578  p_y
   25   2   1   0       0.82849544  p_z
   25   2   1   1       0.82930474  p_x
   25   3   2  -2       0.04061650  d_xy
   25   3   2  -1       0.03818265  d_yz
   25   3   2   0       0.01982681  d_z2
   25   3   2   1       0.03934954  d_xz
   25   3   2   2       0.01890907  d_x2-y2
   26   1   0   0       1.36287529  s
   26   2   1  -1       0.82473161  p_y
   26   2   1   0       0.82538788  p_z
   26   2   1   1       0.82794198  p_x
   26   3   2  -2       0.03771195  d_xy
   26   3   2  -1       0.04219134  d_yz
   26   3   2   0       0.01927270  d_z2
   26   3   2   1       0.03798757  d_xz
   26   3   2   2       0.01907345  d_x2-y2
   27   1   0   0       1.36287093  s
   27   2   1  -1       0.82875915  p_y
   27   2   1   0       0.83081156  p_z
   27   2   1   1       0.82538622  p_x
   27   3   2  -2       0.03724454  d_xy
   27   3   2  -1       0.03906974  d_yz
   27   3   2   0       0.01695095  d_z2
   27   3   2   1       0.03975622  d_xz
   27   3   2   2       0.02124318  d_x2-y2
   28   1   0   0       1.36192274  s
   28   2   1  -1       0.83063483  p_y
   28   2   1   0       0.82755093  p_z
   28   2   1   1       0.82843723  p_x
   28   3   2  -2       0.03833581  d_xy
   28   3   2  -1       0.03601090  d_yz
   28   3   2   0       0.01870931  d_z2
   28   3   2   1       0.03991278  d_xz
   28   3   2   2       0.01822102  d_x2-y2
   29   1   0   0       1.36309219  s
   29   2   1  -1       0.83191321  p_y
   29   2   1   0       0.82819906  p_z
   29   2   1   1       0.82834081  p_x
   29   3   2  -2       0.03914069  d_xy
   29   3   2  -1       0.03892926  d_yz
   29   3   2   0       0.01901160  d_z2
   29   3   2   1       0.03565551  d_xz
   29   3   2   2       0.01859164  d_x2-y2
   30   1   0   0       1.37965699  s
   30   2   1  -1       0.82662914  p_y
   30   2   1   0       0.82760773  p_z
   30   2   1   1       0.82716752  p_x
   30   3   2  -2       0.03750480  d_xy
   30   3   2  -1       0.04001883  d_yz
   30   3   2   0       0.01860722  d_z2
   30   3   2   1       0.03776952  d_xz
   30   3   2   2       0.01789493  d_x2-y2
   31   1   0   0       1.35304670  s
   31   2   1  -1       0.82856144  p_y
   31   2   1   0       0.81978314  p_z
   31   2   1   1       0.83343749  p_x
   31   3   2  -2       0.03807526  d_xy
   31   3   2  -1       0.04035699  d_yz
   31   3   2   0       0.02062137  d_z2
   31   3   2   1       0.04061198  d_xz
   31   3   2   2       0.01869313  d_x2-y2
   32   1   0   0       1.38001851  s
   32   2   1  -1       0.83006661  p_y
   32   2   1   0       0.83294552  p_z
   32   2   1   1       0.83005247  p_x
   32   3   2  -2       0.03720160  d_xy
   32   3   2  -1       0.03265023  d_yz
   32   3   2   0       0.01691045  d_z2
   32   3   2   1       0.03749703  d_xz
   32   3   2   2       0.01591562  d_x2-y2
   33   1   0   0       1.34249848  s
   33   2   1  -1       0.83655168  p_y
   33   2   1   0       0.82441228  p_z
   33   2   1   1       0.83003012  p_x
   33   3   2  -2       0.03800712  d_xy
   33   3   2  -1       0.03885380  d_yz
   33   3   2   0       0.02191952  d_z2
   33   3   2   1       0.04272707  d_xz
   33   3   2   2       0.01899515  d_x2-y2
   34   1   0   0       1.35820591  s
   34   2   1  -1       0.82519147  p_y
   34   2   1   0       0.82788177  p_z
   34   2   1   1       0.82885421  p_x
   34   3   2  -2       0.04038808  d_xy
   34   3   2  -1       0.04042866  d_yz
   34   3   2   0       0.01887843  d_z2
   34   3   2   1       0.03774759  d_xz
   34   3   2   2       0.01979082  d_x2-y2
   35   1   0   0       1.37680455  s
   35   2   1  -1       0.82191178  p_y
   35   2   1   0       0.82931017  p_z
   35   2   1   1       0.83198974  p_x
   35   3   2  -2       0.03292670  d_xy
   35   3   2  -1       0.03967610  d_yz
   35   3   2   0       0.01729668  d_z2
   35   3   2   1       0.03546567  d_xz
   35   3   2   2       0.01804322  d_x2-y2
   36   1   0   0       1.34816145  s
   36   2   1  -1       0.82814668  p_y
   36   2   1   0       0.82968367  p_z
   36   2   1   1       0.82577290  p_x
   36   3   2  -2       0.04329059  d_xy
   36   3   2  -1       0.03827867  d_yz
   36   3   2   0       0.01881979  d_z2
   36   3   2   1       0.03704840  d_xz
   36   3   2   2       0.02035486  d_x2-y2
   37   1   0   0       1.38025477  s
   37   2   1  -1       0.83297615  p_y
   37   2   1   0       0.83430201  p_z
   37   2   1   1       0.83248205  p_x
   37   3   2  -2       0.03717239  d_xy
   37   3   2  -1       0.03745273  d_yz
   37   3   2   0       0.01735984  d_z2
   37   3   2   1       0.03404210  d_xz
   37   3   2   2       0.01631713  d_x2-y2
   38   1   0   0       1.34621116  s
   38   2   1  -1       0.82742243  p_y
   38   2   1   0       0.82161300  p_z
   38   2   1   1       0.82747200  p_x
   38   3   2  -2       0.04083028  d_xy
   38   3   2  -1       0.04132994  d_yz
   38   3   2   0       0.02293271  d_z2
   38   3   2   1       0.04663447  d_xz
   38   3   2   2       0.02250158  d_x2-y2
   39   1   0   0       1.34739854  s
   39   2   1  -1       0.82699553  p_y
   39   2   1   0       0.83303758  p_z
   39   2   1   1       0.82819392  p_x
   39   3   2  -2       0.04243952  d_xy
   39   3   2  -1       0.03882085  d_yz
   39   3   2   0       0.01924736  d_z2
   39   3   2   1       0.03916217  d_xz
   39   3   2   2       0.02087060  d_x2-y2
   40   1   0   0       1.37722177  s
   40   2   1  -1       0.83217442  p_y
   40   2   1   0       0.82550010  p_z
   40   2   1   1       0.83015309  p_x
   40   3   2  -2       0.03833198  d_xy
   40   3   2  -1       0.03861764  d_yz
   40   3   2   0       0.01883017  d_z2
   40   3   2   1       0.03823457  d_xz
   40   3   2   2       0.01754028  d_x2-y2
   41   1   0   0       1.39367404  s
   41   2   1  -1       0.82327223  p_y
   41   2   1   0       0.82893091  p_z
   41   2   1   1       0.83354786  p_x
   41   3   2  -2       0.03711178  d_xy
   41   3   2  -1       0.03747968  d_yz
   41   3   2   0       0.01572153  d_z2
   41   3   2   1       0.03386404  d_xz
   41   3   2   2       0.01722342  d_x2-y2
   42   1   0   0       1.37569438  s
   42   2   1  -1       0.83175516  p_y
   42   2   1   0       0.82616255  p_z
   42   2   1   1       0.82614109  p_x
   42   3   2  -2       0.03493220  d_xy
   42   3   2  -1       0.03587263  d_yz
   42   3   2   0       0.01702201  d_z2
   42   3   2   1       0.03890233  d_xz
   42   3   2   2       0.01656042  d_x2-y2
   43   1   0   0       1.34730378  s
   43   2   1  -1       0.82140511  p_y
   43   2   1   0       0.82709853  p_z
   43   2   1   1       0.83035723  p_x
   43   3   2  -2       0.03991991  d_xy
   43   3   2  -1       0.03984243  d_yz
   43   3   2   0       0.01846715  d_z2
   43   3   2   1       0.04265493  d_xz
   43   3   2   2       0.02567778  d_x2-y2
   44   1   0   0       1.34069725  s
   44   2   1  -1       0.83120448  p_y
   44   2   1   0       0.82267293  p_z
   44   2   1   1       0.82793420  p_x
   44   3   2  -2       0.03998055  d_xy
   44   3   2  -1       0.03975020  d_yz
   44   3   2   0       0.02318055  d_z2
   44   3   2   1       0.04427467  d_xz
   44   3   2   2       0.02002138  d_x2-y2
   45   1   0   0       1.32697376  s
   45   2   1  -1       0.82437005  p_y
   45   2   1   0       0.82765972  p_z
   45   2   1   1       0.82630937  p_x
   45   3   2  -2       0.04314687  d_xy
   45   3   2  -1       0.04549356  d_yz
   45   3   2   0       0.02246133  d_z2
   45   3   2   1       0.04543831  d_xz
   45   3   2   2       0.02641649  d_x2-y2
   46   1   0   0       1.36268890  s
   46   2   1  -1       0.83331460  p_y
   46   2   1   0       0.83188739  p_z
   46   2   1   1       0.83727860  p_x
   46   3   2  -2       0.03542456  d_xy
   46   3   2  -1       0.03864134  d_yz
   46   3   2   0       0.01754776  d_z2
   46   3   2   1       0.03602479  d_xz
   46   3   2   2       0.01713635  d_x2-y2
   47   1   0   0       1.35509112  s
   47   2   1  -1       0.82800161  p_y
   47   2   1   0       0.83380528  p_z
   47   2   1   1       0.82698548  p_x
   47   3   2  -2       0.04274478  d_xy
   47   3   2  -1       0.03651031  d_yz
   47   3   2   0       0.02049962  d_z2
   47   3   2   1       0.03971250  d_xz
   47   3   2   2       0.02024073  d_x2-y2
   48   1   0   0       1.36914513  s
   48   2   1  -1       0.83320247  p_y
   48   2   1   0       0.82966544  p_z
   48   2   1   1       0.82943936  p_x
   48   3   2  -2       0.03543478  d_xy
   48   3   2  -1       0.03687709  d_yz
   48   3   2   0       0.01767500  d_z2
   48   3   2   1       0.03901048  d_xz
   48   3   2   2       0.01670276  d_x2-y2
   49   1   0   0       1.34009589  s
   49   2   1  -1       0.82604706  p_y
   49   2   1   0       0.83326309  p_z
   49   2   1   1       0.82490192  p_x
   49   3   2  -2       0.04243982  d_xy
   49   3   2  -1       0.03740590  d_yz
   49   3   2   0       0.01866734  d_z2
   49   3   2   1       0.03821137  d_xz
   49   3   2   2       0.02243925  d_x2-y2
   50   1   0   0       1.36203536  s
   50   2   1  -1       0.83146960  p_y
   50   2   1   0       0.82400456  p_z
   50   2   1   1       0.82966928  p_x
   50   3   2  -2       0.03750125  d_xy
   50   3   2  -1       0.03892613  d_yz
   50   3   2   0       0.02148039  d_z2
   50   3   2   1       0.04304517  d_xz
   50   3   2   2       0.01918606  d_x2-y2
   51   1   0   0       1.33620675  s
   51   2   1  -1       0.82722591  p_y
   51   2   1   0       0.83238767  p_z
   51   2   1   1       0.82598020  p_x
   51   3   2  -2       0.04061960  d_xy
   51   3   2  -1       0.04221607  d_yz
   51   3   2   0       0.01979080  d_z2
   51   3   2   1       0.03804770  d_xz
   51   3   2   2       0.02072551  d_x2-y2
   52   1   0   0       1.37615065  s
   52   2   1  -1       0.83132584  p_y
   52   2   1   0       0.82702030  p_z
   52   2   1   1       0.83087169  p_x
   52   3   2  -2       0.03540477  d_xy
   52   3   2  -1       0.03745394  d_yz
   52   3   2   0       0.01798614  d_z2
   52   3   2   1       0.03773004  d_xz
   52   3   2   2       0.01697622  d_x2-y2
   53   1   0   0       1.36863641  s
   53   2   1  -1       0.83137650  p_y
   53   2   1   0       0.82451143  p_z
   53   2   1   1       0.83272763  p_x
   53   3   2  -2       0.03699819  d_xy
   53   3   2  -1       0.04078491  d_yz
   53   3   2   0       0.01911912  d_z2
   53   3   2   1       0.03601661  d_xz
   53   3   2   2       0.01606503  d_x2-y2
   54   1   0   0       1.34131758  s
   54   2   1  -1       0.83215776  p_y
   54   2   1   0       0.82909944  p_z
   54   2   1   1       0.82462185  p_x
   54   3   2  -2       0.04116557  d_xy
   54   3   2  -1       0.04012855  d_yz
   54   3   2   0       0.02085618  d_z2
   54   3   2   1       0.04000520  d_xz
   54   3   2   2       0.01982561  d_x2-y2
   55   1   0   0       1.34180105  s
   55   2   1  -1       0.82816290  p_y
   55   2   1   0       0.82704091  p_z
   55   2   1   1       0.82822605  p_x
   55   3   2  -2       0.04196844  d_xy
   55   3   2  -1       0.04236112  d_yz
   55   3   2   0       0.02222009  d_z2
   55   3   2   1       0.04229784  d_xz
   55   3   2   2       0.02119951  d_x2-y2
   56   1   0   0       1.35670964  s
   56   2   1  -1       0.82726721  p_y
   56   2   1   0       0.83252708  p_z
   56   2   1   1       0.82831254  p_x
   56   3   2  -2       0.04007167  d_xy
   56   3   2  -1       0.03823513  d_yz
   56   3   2   0       0.01790622  d_z2
   56   3   2   1       0.03763088  d_xz
   56   3   2   2       0.01958668  d_x2-y2
   57   1   0   0       1.35779672  s
   57   2   1  -1       0.82346970  p_y
   57   2   1   0       0.82486187  p_z
   57   2   1   1       0.82559708  p_x
   57   3   2  -2       0.04262484  d_xy
   57   3   2  -1       0.03773559  d_yz
   57   3   2   0       0.01984211  d_z2
   57   3   2   1       0.04037215  d_xz
   57   3   2   2       0.02044527  d_x2-y2
   58   1   0   0       1.37234975  s
   58   2   1  -1       0.83312256  p_y
   58   2   1   0       0.82850302  p_z
   58   2   1   1       0.82904294  p_x
   58   3   2  -2       0.03679352  d_xy
   58   3   2  -1       0.03940845  d_yz
   58   3   2   0       0.01731077  d_z2
   58   3   2   1       0.03608456  d_xz
   58   3   2   2       0.01804065  d_x2-y2
   59   1   0   0       1.35482748  s
   59   2   1  -1       0.82376731  p_y
   59   2   1   0       0.82647574  p_z
   59   2   1   1       0.82599939  p_x
   59   3   2  -2       0.04025447  d_xy
   59   3   2  -1       0.04174785  d_yz
   59   3   2   0       0.02063624  d_z2
   59   3   2   1       0.04167427  d_xz
   59   3   2   2       0.02157063  d_x2-y2
   60   1   0   0       1.37216670  s
   60   2   1  -1       0.83391442  p_y
   60   2   1   0       0.82793299  p_z
   60   2   1   1       0.83023165  p_x
   60   3   2  -2       0.03643094  d_xy
   60   3   2  -1       0.03600195  d_yz
   60   3   2   0       0.01779826  d_z2
   60   3   2   1       0.03753876  d_xz
   60   3   2   2       0.01661346  d_x2-y2
   61   1   0   0       1.35033917  s
   61   2   1  -1       0.82763307  p_y
   61   2   1   0       0.82803952  p_z
   61   2   1   1       0.83019768  p_x
   61   3   2  -2       0.03889551  d_xy
   61   3   2  -1       0.04004155  d_yz
   61   3   2   0       0.02097349  d_z2
   61   3   2   1       0.04259069  d_xz
   61   3   2   2       0.02141563  d_x2-y2
   62   1   0   0       1.36536655  s
   62   2   1  -1       0.82593416  p_y
   62   2   1   0       0.82391468  p_z
   62   2   1   1       0.82764460  p_x
   62   3   2  -2       0.04000658  d_xy
   62   3   2  -1       0.03947137  d_yz
   62   3   2   0       0.02131802  d_z2
   62   3   2   1       0.03981235  d_xz
   62   3   2   2       0.01836245  d_x2-y2
   63   1   0   0       1.37164621  s
   63   2   1  -1       0.82400209  p_y
   63   2   1   0       0.83065031  p_z
   63   2   1   1       0.82993699  p_x
   63   3   2  -2       0.04001495  d_xy
   63   3   2  -1       0.03777532  d_yz
   63   3   2   0       0.01931075  d_z2
   63   3   2   1       0.03653038  d_xz
   63   3   2   2       0.01758244  d_x2-y2
   64   1   0   0       1.33302091  s
   64   2   1  -1       0.82620100  p_y
   64   2   1   0       0.82954739  p_z
   64   2   1   1       0.82326557  p_x
   64   3   2  -2       0.04456691  d_xy
   64   3   2  -1       0.04057332  d_yz
   64   3   2   0       0.02157464  d_z2
   64   3   2   1       0.04473356  d_xz
   64   3   2   2       0.02410480  d_x2-y2

Fermi level:                        -0.1334686961 H           -3.6319 eV
Band energy:                       -88.1953268342 H        -2399.9169 eV
TS:                                  0.0000000000 H            0.0000 eV
Band free energy (E-TS):           -88.1953268342 H        -2399.9169 eV
Extrapolated E(0K):                -88.1953268342 H        -2399.9169 eV
Input / Output electrons (q):    256.0000000000    256.0000000000

Energy H0:                         -88.1857071451 H        -2399.6552 eV
Energy SCC:                          0.0003561735 H            0.0097 eV
Total Electronic energy:           -88.1853509716 H        -2399.6455 eV
Repulsive energy:                    0.0000000000 H            0.0000 eV
Total energy:                      -88.1853509716 H        -2399.6455 eV
Extrapolated to 0:                 -88.1853509716 H        -2399.6455 eV
Total Mermin free energy:          -88.1853509716 H        -2399.6455 eV
Force related energy:              -88.1853509716 H        -2399.6455 eV

Non-constrained calculation

SCC converged

Warning: dipole moment is not defined absolutely!
Dipole moment:    0.03100209   -0.09179907   -0.46433781 au
Dipole moment:    0.07879946   -0.23332997   -1.18022909 Debye


