 Fermi distribution function

Calculation with static geometry


********************************************************************************
 iSCC Total electronic   Diff electronic      SCC error    
    9   -0.88155422E+02   -0.65521988E-09    0.76747311E-05
********************************************************************************

 Total charge:    -0.00000000

 Atomic gross charges (e)
 Atom           Charge
    1       0.00170545
    2       0.00075529
    3       0.00990799
    4      -0.00431441
    5      -0.00577450
    6       0.00514551
    7      -0.01675896
    8      -0.00138643
    9       0.00744540
   10      -0.00602067
   11      -0.01074435
   12      -0.00512573
   13       0.00066965
   14      -0.00444733
   15       0.00071407
   16       0.00416884
   17       0.00644622
   18      -0.00641275
   19       0.00580036
   20      -0.00073169
   21       0.00727916
   22       0.00059720
   23       0.00201496
   24       0.00993118
   25      -0.00493285
   26       0.01644828
   27      -0.00743161
   28      -0.00494851
   29       0.00742177
   30       0.00278167
   31       0.02209191
   32       0.00065424
   33       0.01045996
   34       0.00240192
   35      -0.01149424
   36       0.00666896
   37      -0.01684952
   38       0.01459498
   39       0.00528264
   40      -0.02451009
   41      -0.01059052
   42      -0.02285798
   43      -0.01222133
   44       0.00841243
   45       0.01212383
   46      -0.01150794
   47      -0.00621428
   48      -0.01079870
   49       0.01287634
   50       0.00675226
   51       0.00142898
   52      -0.01636270
   53       0.00412573
   54       0.00916494
   55       0.00759346
   56      -0.00186005
   57       0.00535606
   58      -0.00935627
   59       0.00174876
   60       0.00051814
   61      -0.00225053
   62       0.00027863
   63       0.00404571
   64       0.01009104

Nr. of electrons (up):    256.00000000
Atom populations (up)
 Atom       Population
    1       3.99829455
    2       3.99924471
    3       3.99009201
    4       4.00431441
    5       4.00577450
    6       3.99485449
    7       4.01675896
    8       4.00138643
    9       3.99255460
   10       4.00602067
   11       4.01074435
   12       4.00512573
   13       3.99933035
   14       4.00444733
   15       3.99928593
   16       3.99583116
   17       3.99355378
   18       4.00641275
   19       3.99419964
   20       4.00073169
   21       3.99272084
   22       3.99940280
   23       3.99798504
   24       3.99006882
   25       4.00493285
   26       3.98355172
   27       4.00743161
   28       4.00494851
   29       3.99257823
   30       3.99721833
   31       3.97790809
   32       3.99934576
   33       3.98954004
   34       3.99759808
   35       4.01149424
   36       3.99333104
   37       4.01684952
   38       3.98540502
   39       3.99471736
   40       4.02451009
   41       4.01059052
   42       4.02285798
   43       4.01222133
   44       3.99158757
   45       3.98787617
   46       4.01150794
   47       4.00621428
   48       4.01079870
   49       3.98712366
   50       3.99324774
   51       3.99857102
   52       4.01636270
   53       3.99587427
   54       3.99083506
   55       3.99240654
   56       4.00186005
   57       3.99464394
   58       4.00935627
   59       3.99825124
   60       3.99948186
   61       4.00225053
   62       3.99972137
   63       3.99595429
   64       3.98990896

l-shell populations (up)
 Atom Sh.   l       Population
    1   1   0       1.34749732
    1   2   1       2.49330580
    1   3   2       0.15749143
    2   1   0       1.35777916
    2   2   1       2.49433976
    2   3   2       0.14712579
    3   1   0       1.33055617
    3   2   1       2.48645299
    3   3   2       0.17308285
    4   1   0       1.36042278
    4   2   1       2.48594647
    4   3   2       0.15794516
    5   1   0       1.36950811
    5   2   1       2.48608166
    5   3   2       0.15018473
    6   1   0       1.34468330
    6   2   1       2.48862070
    6   3   2       0.16155049
    7   1   0       1.39379289
    7   2   1       2.47807851
    7   3   2       0.14488757
    8   1   0       1.36100607
    8   2   1       2.47663486
    8   3   2       0.16374550
    9   1   0       1.35941507
    9   2   1       2.47207300
    9   3   2       0.16106653
   10   1   0       1.37264845
   10   2   1       2.46637918
   10   3   2       0.16699304
   11   1   0       1.38431298
   11   2   1       2.48141966
   11   3   2       0.14501171
   12   1   0       1.36855348
   12   2   1       2.48646801
   12   3   2       0.15010424
   13   1   0       1.34963189
   13   2   1       2.48870016
   13   3   2       0.16099829
   14   1   0       1.36572900
   14   2   1       2.48309140
   14   3   2       0.15562693
   15   1   0       1.34510553
   15   2   1       2.48502677
   15   3   2       0.16915363
   16   1   0       1.35246145
   16   2   1       2.49103307
   16   3   2       0.15233664
   17   1   0       1.35790787
   17   2   1       2.48037941
   17   3   2       0.15526650
   18   1   0       1.37198233
   18   2   1       2.48906630
   18   3   2       0.14536413
   19   1   0       1.35059695
   19   2   1       2.47822823
   19   3   2       0.16537446
   20   1   0       1.35840328
   20   2   1       2.47687485
   20   3   2       0.16545356
   21   1   0       1.35039527
   21   2   1       2.48209707
   21   3   2       0.16022850
   22   1   0       1.35832874
   22   2   1       2.48075015
   22   3   2       0.16032391
   23   1   0       1.37054651
   23   2   1       2.47984485
   23   3   2       0.14759368
   24   1   0       1.35031480
   24   2   1       2.47228765
   24   3   2       0.16746637
   25   1   0       1.36634558
   25   2   1       2.47861702
   25   3   2       0.15997024
   26   1   0       1.33572899
   26   2   1       2.47769406
   26   3   2       0.17012867
   27   1   0       1.37055713
   27   2   1       2.49395038
   27   3   2       0.14292410
   28   1   0       1.36372709
   28   2   1       2.49294456
   28   3   2       0.14827686
   29   1   0       1.36329913
   29   2   1       2.47283421
   29   3   2       0.15644489
   30   1   0       1.35934685
   30   2   1       2.48125385
   30   3   2       0.15661763
   31   1   0       1.32553798
   31   2   1       2.47480056
   31   3   2       0.17756956
   32   1   0       1.36217583
   32   2   1       2.48603269
   32   3   2       0.15113723
   33   1   0       1.33331995
   33   2   1       2.48541009
   33   3   2       0.17081001
   34   1   0       1.35102176
   34   2   1       2.48525726
   34   3   2       0.16131905
   35   1   0       1.37100143
   35   2   1       2.49528202
   35   3   2       0.14521079
   36   1   0       1.34327851
   36   2   1       2.49425384
   36   3   2       0.15579868
   37   1   0       1.38801445
   37   2   1       2.49193863
   37   3   2       0.13689645
   38   1   0       1.31668108
   38   2   1       2.48454215
   38   3   2       0.18418179
   39   1   0       1.35786114
   39   2   1       2.47389797
   39   3   2       0.16295824
   40   1   0       1.38348997
   40   2   1       2.49325742
   40   3   2       0.14776270
   41   1   0       1.36300047
   41   2   1       2.48913597
   41   3   2       0.15845408
   42   1   0       1.39318835
   42   2   1       2.48772615
   42   3   2       0.14194349
   43   1   0       1.37891827
   43   2   1       2.47578718
   43   3   2       0.15751588
   44   1   0       1.34761812
   44   2   1       2.47354668
   44   3   2       0.17042278
   45   1   0       1.34052802
   45   2   1       2.47757324
   45   3   2       0.16977491
   46   1   0       1.37158048
   46   2   1       2.49018901
   46   3   2       0.14973844
   47   1   0       1.37207823
   47   2   1       2.48465081
   47   3   2       0.14948524
   48   1   0       1.36618187
   48   2   1       2.49291220
   48   3   2       0.15170463
   49   1   0       1.34515244
   49   2   1       2.47632535
   49   3   2       0.16564586
   50   1   0       1.33535404
   50   2   1       2.48656715
   50   3   2       0.17132655
   51   1   0       1.36384252
   51   2   1       2.48942973
   51   3   2       0.14529876
   52   1   0       1.38281214
   52   2   1       2.48834381
   52   3   2       0.14520676
   53   1   0       1.35295160
   53   2   1       2.48341140
   53   3   2       0.15951126
   54   1   0       1.35004857
   54   2   1       2.48092229
   54   3   2       0.15986420
   55   1   0       1.34139937
   55   2   1       2.47597856
   55   3   2       0.17502862
   56   1   0       1.37596083
   56   2   1       2.47755112
   56   3   2       0.14834811
   57   1   0       1.35347682
   57   2   1       2.48000717
   57   3   2       0.16115995
   58   1   0       1.37521834
   58   2   1       2.48493980
   58   3   2       0.14919813
   59   1   0       1.35491736
   59   2   1       2.48288370
   59   3   2       0.16045018
   60   1   0       1.35345111
   60   2   1       2.48250825
   60   3   2       0.16352249
   61   1   0       1.37313179
   61   2   1       2.47396360
   61   3   2       0.15515513
   62   1   0       1.36152738
   62   2   1       2.48579749
   62   3   2       0.15239650
   63   1   0       1.35273515
   63   2   1       2.48717720
   63   3   2       0.15604194
   64   1   0       1.33651219
   64   2   1       2.48674826
   64   3   2       0.16664851

Orbital populations (up)
 Atom Sh.   l   m       Population  Label
    1   1   0   0       1.34749732  s
    1   2   1  -1       0.83154595  p_y
    1   2   1   0       0.82807531  p_z
    1   2   1   1       0.83368455  p_x
    1   3   2  -2       0.03771547  d_xy
    1   3   2  -1       0.04546363  d_yz
    1   3   2   0       0.02048008  d_z2
    1   3   2   1       0.03515228  d_xz
    1   3   2   2       0.01867998  d_x2-y2
    2   1   0   0       1.35777916  s
    2   2   1  -1       0.83145831  p_y
    2   2   1   0       0.83544050  p_z
    2   2   1   1       0.82744096  p_x
    2   3   2  -2       0.04241327  d_xy
    2   3   2  -1       0.03462583  d_yz
    2   3   2   0       0.01782854  d_z2
    2   3   2   1       0.03490821  d_xz
    2   3   2   2       0.01734995  d_x2-y2
    3   1   0   0       1.33055617  s
    3   2   1  -1       0.82575550  p_y
    3   2   1   0       0.82758986  p_z
    3   2   1   1       0.83310762  p_x
    3   3   2  -2       0.04127072  d_xy
    3   3   2  -1       0.04270299  d_yz
    3   3   2   0       0.02307945  d_z2
    3   3   2   1       0.04338037  d_xz
    3   3   2   2       0.02264931  d_x2-y2
    4   1   0   0       1.36042278  s
    4   2   1  -1       0.82657996  p_y
    4   2   1   0       0.83244349  p_z
    4   2   1   1       0.82692303  p_x
    4   3   2  -2       0.04070016  d_xy
    4   3   2  -1       0.04184559  d_yz
    4   3   2   0       0.02025357  d_z2
    4   3   2   1       0.03648007  d_xz
    4   3   2   2       0.01866578  d_x2-y2
    5   1   0   0       1.36950811  s
    5   2   1  -1       0.82869969  p_y
    5   2   1   0       0.83187778  p_z
    5   2   1   1       0.82550419  p_x
    5   3   2  -2       0.04023343  d_xy
    5   3   2  -1       0.03417010  d_yz
    5   3   2   0       0.01825361  d_z2
    5   3   2   1       0.03932804  d_xz
    5   3   2   2       0.01819956  d_x2-y2
    6   1   0   0       1.34468330  s
    6   2   1  -1       0.83080975  p_y
    6   2   1   0       0.83157363  p_z
    6   2   1   1       0.82623732  p_x
    6   3   2  -2       0.04351535  d_xy
    6   3   2  -1       0.04129652  d_yz
    6   3   2   0       0.01928417  d_z2
    6   3   2   1       0.03590738  d_xz
    6   3   2   2       0.02154707  d_x2-y2
    7   1   0   0       1.39379289  s
    7   2   1  -1       0.82726058  p_y
    7   2   1   0       0.82569753  p_z
    7   2   1   1       0.82512039  p_x
    7   3   2  -2       0.03346117  d_xy
    7   3   2  -1       0.03638414  d_yz
    7   3   2   0       0.01805121  d_z2
    7   3   2   1       0.03893817  d_xz
    7   3   2   2       0.01805288  d_x2-y2
    8   1   0   0       1.36100607  s
    8   2   1  -1       0.82640277  p_y
    8   2   1   0       0.82893477  p_z
    8   2   1   1       0.82129731  p_x
    8   3   2  -2       0.04223222  d_xy
    8   3   2  -1       0.03943231  d_yz
    8   3   2   0       0.02006515  d_z2
    8   3   2   1       0.04151803  d_xz
    8   3   2   2       0.02049779  d_x2-y2
    9   1   0   0       1.35941507  s
    9   2   1  -1       0.82290876  p_y
    9   2   1   0       0.82100886  p_z
    9   2   1   1       0.82815537  p_x
    9   3   2  -2       0.03694573  d_xy
    9   3   2  -1       0.03797609  d_yz
    9   3   2   0       0.01987147  d_z2
    9   3   2   1       0.04477638  d_xz
    9   3   2   2       0.02149686  d_x2-y2
   10   1   0   0       1.37264845  s
   10   2   1  -1       0.81727011  p_y
   10   2   1   0       0.83271812  p_z
   10   2   1   1       0.81639095  p_x
   10   3   2  -2       0.04436183  d_xy
   10   3   2  -1       0.03845530  d_yz
   10   3   2   0       0.02026313  d_z2
   10   3   2   1       0.04071149  d_xz
   10   3   2   2       0.02320130  d_x2-y2
   11   1   0   0       1.38431298  s
   11   2   1  -1       0.82687029  p_y
   11   2   1   0       0.82768713  p_z
   11   2   1   1       0.82686224  p_x
   11   3   2  -2       0.03762794  d_xy
   11   3   2  -1       0.03775254  d_yz
   11   3   2   0       0.01709525  d_z2
   11   3   2   1       0.03546698  d_xz
   11   3   2   2       0.01706900  d_x2-y2
   12   1   0   0       1.36855348  s
   12   2   1  -1       0.82594702  p_y
   12   2   1   0       0.82899469  p_z
   12   2   1   1       0.83152630  p_x
   12   3   2  -2       0.03972102  d_xy
   12   3   2  -1       0.03542556  d_yz
   12   3   2   0       0.01812156  d_z2
   12   3   2   1       0.03859870  d_xz
   12   3   2   2       0.01823741  d_x2-y2
   13   1   0   0       1.34963189  s
   13   2   1  -1       0.82595963  p_y
   13   2   1   0       0.83478425  p_z
   13   2   1   1       0.82795628  p_x
   13   3   2  -2       0.04682166  d_xy
   13   3   2  -1       0.03813797  d_yz
   13   3   2   0       0.02106263  d_z2
   13   3   2   1       0.03516755  d_xz
   13   3   2   2       0.01980848  d_x2-y2
   14   1   0   0       1.36572900  s
   14   2   1  -1       0.82626587  p_y
   14   2   1   0       0.83060707  p_z
   14   2   1   1       0.82621846  p_x
   14   3   2  -2       0.03691205  d_xy
   14   3   2  -1       0.03710295  d_yz
   14   3   2   0       0.01855376  d_z2
   14   3   2   1       0.04355792  d_xz
   14   3   2   2       0.01950024  d_x2-y2
   15   1   0   0       1.34510553  s
   15   2   1  -1       0.82380542  p_y
   15   2   1   0       0.83336979  p_z
   15   2   1   1       0.82785156  p_x
   15   3   2  -2       0.04378530  d_xy
   15   3   2  -1       0.04468170  d_yz
   15   3   2   0       0.02107736  d_z2
   15   3   2   1       0.03752206  d_xz
   15   3   2   2       0.02208722  d_x2-y2
   16   1   0   0       1.35246145  s
   16   2   1  -1       0.83342603  p_y
   16   2   1   0       0.82656936  p_z
   16   2   1   1       0.83103767  p_x
   16   3   2  -2       0.03532946  d_xy
   16   3   2  -1       0.04170878  d_yz
   16   3   2   0       0.01836864  d_z2
   16   3   2   1       0.03777968  d_xz
   16   3   2   2       0.01915008  d_x2-y2
   17   1   0   0       1.35790787  s
   17   2   1  -1       0.82679911  p_y
   17   2   1   0       0.82358540  p_z
   17   2   1   1       0.82999490  p_x
   17   3   2  -2       0.03750228  d_xy
   17   3   2  -1       0.04322655  d_yz
   17   3   2   0       0.01928480  d_z2
   17   3   2   1       0.03656041  d_xz
   17   3   2   2       0.01869248  d_x2-y2
   18   1   0   0       1.37198233  s
   18   2   1  -1       0.82882300  p_y
   18   2   1   0       0.82681095  p_z
   18   2   1   1       0.83343234  p_x
   18   3   2  -2       0.03805428  d_xy
   18   3   2  -1       0.03587464  d_yz
   18   3   2   0       0.01770087  d_z2
   18   3   2   1       0.03692065  d_xz
   18   3   2   2       0.01681369  d_x2-y2
   19   1   0   0       1.35059695  s
   19   2   1  -1       0.82560166  p_y
   19   2   1   0       0.83154508  p_z
   19   2   1   1       0.82108149  p_x
   19   3   2  -2       0.04442853  d_xy
   19   3   2  -1       0.03531994  d_yz
   19   3   2   0       0.02086876  d_z2
   19   3   2   1       0.04361510  d_xz
   19   3   2   2       0.02114213  d_x2-y2
   20   1   0   0       1.35840328  s
   20   2   1  -1       0.83044015  p_y
   20   2   1   0       0.82181970  p_z
   20   2   1   1       0.82461500  p_x
   20   3   2  -2       0.03613594  d_xy
   20   3   2  -1       0.04206376  d_yz
   20   3   2   0       0.02112954  d_z2
   20   3   2   1       0.04528864  d_xz
   20   3   2   2       0.02083567  d_x2-y2
   21   1   0   0       1.35039527  s
   21   2   1  -1       0.82951577  p_y
   21   2   1   0       0.82273455  p_z
   21   2   1   1       0.82984674  p_x
   21   3   2  -2       0.04099941  d_xy
   21   3   2  -1       0.04188060  d_yz
   21   3   2   0       0.02175454  d_z2
   21   3   2   1       0.03735546  d_xz
   21   3   2   2       0.01823849  d_x2-y2
   22   1   0   0       1.35832874  s
   22   2   1  -1       0.82541661  p_y
   22   2   1   0       0.82900657  p_z
   22   2   1   1       0.82632697  p_x
   22   3   2  -2       0.04217554  d_xy
   22   3   2  -1       0.04146614  d_yz
   22   3   2   0       0.02072898  d_z2
   22   3   2   1       0.03615894  d_xz
   22   3   2   2       0.01979431  d_x2-y2
   23   1   0   0       1.37054651  s
   23   2   1  -1       0.82816196  p_y
   23   2   1   0       0.82460672  p_z
   23   2   1   1       0.82707617  p_x
   23   3   2  -2       0.03775058  d_xy
   23   3   2  -1       0.03834069  d_yz
   23   3   2   0       0.01794355  d_z2
   23   3   2   1       0.03607569  d_xz
   23   3   2   2       0.01748318  d_x2-y2
   24   1   0   0       1.35031480  s
   24   2   1  -1       0.82381750  p_y
   24   2   1   0       0.82768297  p_z
   24   2   1   1       0.82078718  p_x
   24   3   2  -2       0.04106145  d_xy
   24   3   2  -1       0.03861802  d_yz
   24   3   2   0       0.02245528  d_z2
   24   3   2   1       0.04526944  d_xz
   24   3   2   2       0.02006219  d_x2-y2
   25   1   0   0       1.36634558  s
   25   2   1  -1       0.82914607  p_y
   25   2   1   0       0.82526429  p_z
   25   2   1   1       0.82420666  p_x
   25   3   2  -2       0.03581386  d_xy
   25   3   2  -1       0.04055282  d_yz
   25   3   2   0       0.01983467  d_z2
   25   3   2   1       0.04261356  d_xz
   25   3   2   2       0.02115535  d_x2-y2
   26   1   0   0       1.33572899  s
   26   2   1  -1       0.82751145  p_y
   26   2   1   0       0.82421440  p_z
   26   2   1   1       0.82596821  p_x
   26   3   2  -2       0.04169900  d_xy
   26   3   2  -1       0.04108768  d_yz
   26   3   2   0       0.02223826  d_z2
   26   3   2   1       0.04309190  d_xz
   26   3   2   2       0.02201184  d_x2-y2
   27   1   0   0       1.37055713  s
   27   2   1  -1       0.83020306  p_y
   27   2   1   0       0.82789431  p_z
   27   2   1   1       0.83585301  p_x
   27   3   2  -2       0.03656858  d_xy
   27   3   2  -1       0.03801982  d_yz
   27   3   2   0       0.01777258  d_z2
   27   3   2   1       0.03498588  d_xz
   27   3   2   2       0.01557725  d_x2-y2
   28   1   0   0       1.36372709  s
   28   2   1  -1       0.83539183  p_y
   28   2   1   0       0.82733153  p_z
   28   2   1   1       0.83022120  p_x
   28   3   2  -2       0.03487050  d_xy
   28   3   2  -1       0.03858089  d_yz
   28   3   2   0       0.01731327  d_z2
   28   3   2   1       0.03915319  d_xz
   28   3   2   2       0.01835901  d_x2-y2
   29   1   0   0       1.36329913  s
   29   2   1  -1       0.83189395  p_y
   29   2   1   0       0.80969606  p_z
   29   2   1   1       0.83124419  p_x
   29   3   2  -2       0.03419592  d_xy
   29   3   2  -1       0.03968616  d_yz
   29   3   2   0       0.02056199  d_z2
   29   3   2   1       0.04391195  d_xz
   29   3   2   2       0.01808887  d_x2-y2
   30   1   0   0       1.35934685  s
   30   2   1  -1       0.82927089  p_y
   30   2   1   0       0.82739452  p_z
   30   2   1   1       0.82458844  p_x
   30   3   2  -2       0.03994947  d_xy
   30   3   2  -1       0.03537370  d_yz
   30   3   2   0       0.01953232  d_z2
   30   3   2   1       0.04235399  d_xz
   30   3   2   2       0.01940815  d_x2-y2
   31   1   0   0       1.32553798  s
   31   2   1  -1       0.82905734  p_y
   31   2   1   0       0.82167629  p_z
   31   2   1   1       0.82406692  p_x
   31   3   2  -2       0.03899034  d_xy
   31   3   2  -1       0.04450018  d_yz
   31   3   2   0       0.02380799  d_z2
   31   3   2   1       0.04662503  d_xz
   31   3   2   2       0.02364602  d_x2-y2
   32   1   0   0       1.36217583  s
   32   2   1  -1       0.82252516  p_y
   32   2   1   0       0.83542163  p_z
   32   2   1   1       0.82808590  p_x
   32   3   2  -2       0.04111758  d_xy
   32   3   2  -1       0.03924454  d_yz
   32   3   2   0       0.01740313  d_z2
   32   3   2   1       0.03371508  d_xz
   32   3   2   2       0.01965690  d_x2-y2
   33   1   0   0       1.33331995  s
   33   2   1  -1       0.82649892  p_y
   33   2   1   0       0.83092301  p_z
   33   2   1   1       0.82798816  p_x
   33   3   2  -2       0.03970418  d_xy
   33   3   2  -1       0.04771781  d_yz
   33   3   2   0       0.02066031  d_z2
   33   3   2   1       0.03974884  d_xz
   33   3   2   2       0.02297887  d_x2-y2
   34   1   0   0       1.35102176  s
   34   2   1  -1       0.83122068  p_y
   34   2   1   0       0.82519016  p_z
   34   2   1   1       0.82884642  p_x
   34   3   2  -2       0.03739503  d_xy
   34   3   2  -1       0.04078531  d_yz
   34   3   2   0       0.02064624  d_z2
   34   3   2   1       0.04268695  d_xz
   34   3   2   2       0.01980552  d_x2-y2
   35   1   0   0       1.37100143  s
   35   2   1  -1       0.83320243  p_y
   35   2   1   0       0.83300440  p_z
   35   2   1   1       0.82907519  p_x
   35   3   2  -2       0.03939517  d_xy
   35   3   2  -1       0.03347897  d_yz
   35   3   2   0       0.01684289  d_z2
   35   3   2   1       0.03811179  d_xz
   35   3   2   2       0.01738197  d_x2-y2
   36   1   0   0       1.34327851  s
   36   2   1  -1       0.83136098  p_y
   36   2   1   0       0.83161841  p_z
   36   2   1   1       0.83127445  p_x
   36   3   2  -2       0.03642276  d_xy
   36   3   2  -1       0.04168369  d_yz
   36   3   2   0       0.01863294  d_z2
   36   3   2   1       0.03924213  d_xz
   36   3   2   2       0.01981716  d_x2-y2
   37   1   0   0       1.38801445  s
   37   2   1  -1       0.82744091  p_y
   37   2   1   0       0.83267836  p_z
   37   2   1   1       0.83181936  p_x
   37   3   2  -2       0.03475863  d_xy
   37   3   2  -1       0.03560125  d_yz
   37   3   2   0       0.01514329  d_z2
   37   3   2   1       0.03487728  d_xz
   37   3   2   2       0.01651600  d_x2-y2
   38   1   0   0       1.31668108  s
   38   2   1  -1       0.82834840  p_y
   38   2   1   0       0.82421174  p_z
   38   2   1   1       0.83198202  p_x
   38   3   2  -2       0.04588150  d_xy
   38   3   2  -1       0.04681094  d_yz
   38   3   2   0       0.02521882  d_z2
   38   3   2   1       0.04219575  d_xz
   38   3   2   2       0.02407478  d_x2-y2
   39   1   0   0       1.35786114  s
   39   2   1  -1       0.82452226  p_y
   39   2   1   0       0.83039058  p_z
   39   2   1   1       0.81898513  p_x
   39   3   2  -2       0.04105127  d_xy
   39   3   2  -1       0.03895906  d_yz
   39   3   2   0       0.02359940  d_z2
   39   3   2   1       0.03984773  d_xz
   39   3   2   2       0.01950078  d_x2-y2
   40   1   0   0       1.38348997  s
   40   2   1  -1       0.83313831  p_y
   40   2   1   0       0.82622030  p_z
   40   2   1   1       0.83389881  p_x
   40   3   2  -2       0.03381760  d_xy
   40   3   2  -1       0.03834776  d_yz
   40   3   2   0       0.01808176  d_z2
   40   3   2   1       0.03980151  d_xz
   40   3   2   2       0.01771407  d_x2-y2
   41   1   0   0       1.36300047  s
   41   2   1  -1       0.83329253  p_y
   41   2   1   0       0.82694413  p_z
   41   2   1   1       0.82889931  p_x
   41   3   2  -2       0.03803610  d_xy
   41   3   2  -1       0.03468182  d_yz
   41   3   2   0       0.02215332  d_z2
   41   3   2   1       0.04519391  d_xz
   41   3   2   2       0.01838894  d_x2-y2
   42   1   0   0       1.39318835  s
   42   2   1  -1       0.82586913  p_y
   42   2   1   0       0.83022265  p_z
   42   2   1   1       0.83163437  p_x
   42   3   2  -2       0.03937356  d_xy
   42   3   2  -1       0.03450346  d_yz
   42   3   2   0       0.01697760  d_z2
   42   3   2   1       0.03390469  d_xz
   42   3   2   2       0.01718418  d_x2-y2
   43   1   0   0       1.37891827  s
   43   2   1  -1       0.83109425  p_y
   43   2   1   0       0.81484112  p_z
   43   2   1   1       0.82985180  p_x
   43   3   2  -2       0.03786443  d_xy
   43   3   2  -1       0.04119465  d_yz
   43   3   2   0       0.02215299  d_z2
   43   3   2   1       0.04007297  d_xz
   43   3   2   2       0.01623085  d_x2-y2
   44   1   0   0       1.34761812  s
   44   2   1  -1       0.82422554  p_y
   44   2   1   0       0.82558806  p_z
   44   2   1   1       0.82373307  p_x
   44   3   2  -2       0.04278633  d_xy
   44   3   2  -1       0.04079907  d_yz
   44   3   2   0       0.02109364  d_z2
   44   3   2   1       0.04321652  d_xz
   44   3   2   2       0.02252721  d_x2-y2
   45   1   0   0       1.34052802  s
   45   2   1  -1       0.83226273  p_y
   45   2   1   0       0.82532509  p_z
   45   2   1   1       0.81998541  p_x
   45   3   2  -2       0.04638851  d_xy
   45   3   2  -1       0.03718758  d_yz
   45   3   2   0       0.02274396  d_z2
   45   3   2   1       0.04216171  d_xz
   45   3   2   2       0.02129315  d_x2-y2
   46   1   0   0       1.37158048  s
   46   2   1  -1       0.83684429  p_y
   46   2   1   0       0.82403076  p_z
   46   2   1   1       0.82931396  p_x
   46   3   2  -2       0.03439559  d_xy
   46   3   2  -1       0.03395925  d_yz
   46   3   2   0       0.01821518  d_z2
   46   3   2   1       0.04486841  d_xz
   46   3   2   2       0.01830002  d_x2-y2
   47   1   0   0       1.37207823  s
   47   2   1  -1       0.82422733  p_y
   47   2   1   0       0.83045878  p_z
   47   2   1   1       0.82996469  p_x
   47   3   2  -2       0.03840343  d_xy
   47   3   2  -1       0.03982950  d_yz
   47   3   2   0       0.01765523  d_z2
   47   3   2   1       0.03518760  d_xz
   47   3   2   2       0.01840949  d_x2-y2
   48   1   0   0       1.36618187  s
   48   2   1  -1       0.83591813  p_y
   48   2   1   0       0.82521864  p_z
   48   2   1   1       0.83177543  p_x
   48   3   2  -2       0.03403744  d_xy
   48   3   2  -1       0.04331653  d_yz
   48   3   2   0       0.01905057  d_z2
   48   3   2   1       0.03685884  d_xz
   48   3   2   2       0.01844125  d_x2-y2
   49   1   0   0       1.34515244  s
   49   2   1  -1       0.81954830  p_y
   49   2   1   0       0.82999432  p_z
   49   2   1   1       0.82678274  p_x
   49   3   2  -2       0.03990072  d_xy
   49   3   2  -1       0.04616592  d_yz
   49   3   2   0       0.01985199  d_z2
   49   3   2   1       0.03682841  d_xz
   49   3   2   2       0.02289882  d_x2-y2
   50   1   0   0       1.33535404  s
   50   2   1  -1       0.82594587  p_y
   50   2   1   0       0.82854765  p_z
   50   2   1   1       0.83207363  p_x
   50   3   2  -2       0.04277790  d_xy
   50   3   2  -1       0.04411459  d_yz
   50   3   2   0       0.02209469  d_z2
   50   3   2   1       0.04034893  d_xz
   50   3   2   2       0.02199043  d_x2-y2
   51   1   0   0       1.36384252  s
   51   2   1  -1       0.83193122  p_y
   51   2   1   0       0.83536832  p_z
   51   2   1   1       0.82213020  p_x
   51   3   2  -2       0.04205308  d_xy
   51   3   2  -1       0.03083189  d_yz
   51   3   2   0       0.01697406  d_z2
   51   3   2   1       0.03801932  d_xz
   51   3   2   2       0.01742041  d_x2-y2
   52   1   0   0       1.38281214  s
   52   2   1  -1       0.83112986  p_y
   52   2   1   0       0.82480976  p_z
   52   2   1   1       0.83240419  p_x
   52   3   2  -2       0.03529915  d_xy
   52   3   2  -1       0.03680693  d_yz
   52   3   2   0       0.01771674  d_z2
   52   3   2   1       0.03859670  d_xz
   52   3   2   2       0.01678725  d_x2-y2
   53   1   0   0       1.35295160  s
   53   2   1  -1       0.83018516  p_y
   53   2   1   0       0.83063892  p_z
   53   2   1   1       0.82258733  p_x
   53   3   2  -2       0.04051121  d_xy
   53   3   2  -1       0.03718977  d_yz
   53   3   2   0       0.01861661  d_z2
   53   3   2   1       0.04219896  d_xz
   53   3   2   2       0.02099471  d_x2-y2
   54   1   0   0       1.35004857  s
   54   2   1  -1       0.82451918  p_y
   54   2   1   0       0.83096744  p_z
   54   2   1   1       0.82543567  p_x
   54   3   2  -2       0.04214199  d_xy
   54   3   2  -1       0.04095704  d_yz
   54   3   2   0       0.01788320  d_z2
   54   3   2   1       0.03642011  d_xz
   54   3   2   2       0.02246186  d_x2-y2
   55   1   0   0       1.34139937  s
   55   2   1  -1       0.81976922  p_y
   55   2   1   0       0.82760121  p_z
   55   2   1   1       0.82860813  p_x
   55   3   2  -2       0.04388055  d_xy
   55   3   2  -1       0.04383088  d_yz
   55   3   2   0       0.02254953  d_z2
   55   3   2   1       0.04099777  d_xz
   55   3   2   2       0.02376989  d_x2-y2
   56   1   0   0       1.37596083  s
   56   2   1  -1       0.82722397  p_y
   56   2   1   0       0.82452332  p_z
   56   2   1   1       0.82580383  p_x
   56   3   2  -2       0.03700895  d_xy
   56   3   2  -1       0.03535787  d_yz
   56   3   2   0       0.01779683  d_z2
   56   3   2   1       0.04046178  d_xz
   56   3   2   2       0.01772268  d_x2-y2
   57   1   0   0       1.35347682  s
   57   2   1  -1       0.82372158  p_y
   57   2   1   0       0.83259110  p_z
   57   2   1   1       0.82369449  p_x
   57   3   2  -2       0.04044656  d_xy
   57   3   2  -1       0.03939759  d_yz
   57   3   2   0       0.01873738  d_z2
   57   3   2   1       0.04024862  d_xz
   57   3   2   2       0.02232979  d_x2-y2
   58   1   0   0       1.37521834  s
   58   2   1  -1       0.82966811  p_y
   58   2   1   0       0.82626419  p_z
   58   2   1   1       0.82900750  p_x
   58   3   2  -2       0.03664781  d_xy
   58   3   2  -1       0.03749034  d_yz
   58   3   2   0       0.01926220  d_z2
   58   3   2   1       0.03847799  d_xz
   58   3   2   2       0.01731979  d_x2-y2
   59   1   0   0       1.35491736  s
   59   2   1  -1       0.82352542  p_y
   59   2   1   0       0.83025248  p_z
   59   2   1   1       0.82910580  p_x
   59   3   2  -2       0.04401924  d_xy
   59   3   2  -1       0.03841741  d_yz
   59   3   2   0       0.01975215  d_z2
   59   3   2   1       0.03822770  d_xz
   59   3   2   2       0.02003369  d_x2-y2
   60   1   0   0       1.35345111  s
   60   2   1  -1       0.82551531  p_y
   60   2   1   0       0.82953856  p_z
   60   2   1   1       0.82745438  p_x
   60   3   2  -2       0.04066956  d_xy
   60   3   2  -1       0.04228110  d_yz
   60   3   2   0       0.01989135  d_z2
   60   3   2   1       0.03968689  d_xz
   60   3   2   2       0.02099359  d_x2-y2
   61   1   0   0       1.37313179  s
   61   2   1  -1       0.82367694  p_y
   61   2   1   0       0.82468305  p_z
   61   2   1   1       0.82560361  p_x
   61   3   2  -2       0.03802767  d_xy
   61   3   2  -1       0.04115262  d_yz
   61   3   2   0       0.02115036  d_z2
   61   3   2   1       0.03753245  d_xz
   61   3   2   2       0.01729203  d_x2-y2
   62   1   0   0       1.36152738  s
   62   2   1  -1       0.82796141  p_y
   62   2   1   0       0.83199120  p_z
   62   2   1   1       0.82584488  p_x
   62   3   2  -2       0.03995368  d_xy
   62   3   2  -1       0.03692394  d_yz
   62   3   2   0       0.01747076  d_z2
   62   3   2   1       0.03856769  d_xz
   62   3   2   2       0.01948043  d_x2-y2
   63   1   0   0       1.35273515  s
   63   2   1  -1       0.82937843  p_y
   63   2   1   0       0.82760036  p_z
   63   2   1   1       0.83019842  p_x
   63   3   2  -2       0.04003937  d_xy
   63   3   2  -1       0.03855921  d_yz
   63   3   2   0       0.02094849  d_z2
   63   3   2   1       0.03835928  d_xz
   63   3   2   2       0.01813559  d_x2-y2
   64   1   0   0       1.33651219  s
   64   2   1  -1       0.82009007  p_y
   64   2   1   0       0.83205819  p_z
   64   2   1   1       0.83460000  p_x
   64   3   2  -2       0.04198552  d_xy
   64   3   2  -1       0.04587031  d_yz
   64   3   2   0       0.02182847  d_z2
   64   3   2   1       0.03556324  d_xz
   64   3   2   2       0.02140097  d_x2-y2

Fermi level:                        -0.1332777082 H           -3.6267 eV
Band energy:                       -88.1673086985 H        -2399.1545 eV
TS:                                  0.0000000000 H            0.0000 eV
Band free energy (E-TS):           -88.1673086985 H        -2399.1545 eV
Extrapolated E(0K):                -88.1673086985 H        -2399.1545 eV
Input / Output electrons (q):    256.0000000000    256.0000000000

Energy H0:                         -88.1557409740 H        -2398.8398 eV
Energy SCC:                          0.0003190287 H            0.0087 eV
Total Electronic energy:           -88.1554219453 H        -2398.8311 eV
Repulsive energy:                    0.0000000000 H            0.0000 eV
Total energy:                      -88.1554219453 H        -2398.8311 eV
Extrapolated to 0:                 -88.1554219453 H        -2398.8311 eV
Total Mermin free energy:          -88.1554219453 H        -2398.8311 eV
Force related energy:              -88.1554219453 H        -2398.8311 eV

Non-constrained calculation

SCC converged

Warning: dipole moment is not defined absolutely!
Dipole moment:    0.42166306   -0.12393452   -0.25606145 au
Dipole moment:    1.07176068   -0.31501016   -0.65084333 Debye


