 Fermi distribution function

Calculation with static geometry


********************************************************************************
 iSCC Total electronic   Diff electronic      SCC error    
    9   -0.88158347E+02   -0.76127549E-09    0.68779839E-05
********************************************************************************

 Total charge:    -0.00000000

 Atomic gross charges (e)
 Atom           Charge
    1      -0.01012408
    2       0.00314985
    3      -0.00312316
    4      -0.00162353
    5      -0.00093305
    6       0.00530768
    7      -0.01344714
    8      -0.00008037
    9      -0.00108552
   10      -0.00942572
   11      -0.01254625
   12      -0.00691963
   13       0.00261463
   14      -0.00106797
   15      -0.00252643
   16       0.01170521
   17       0.00519537
   18      -0.00809909
   19       0.00936466
   20      -0.00406366
   21       0.00608321
   22      -0.00030681
   23       0.00392276
   24       0.01145647
   25       0.00465296
   26       0.01737660
   27      -0.00210797
   28      -0.00750112
   29       0.00724101
   30       0.00735196
   31       0.02025408
   32       0.00004126
   33       0.00264178
   34       0.00186362
   35      -0.01105015
   36       0.01111116
   37      -0.01542398
   38       0.02035651
   39      -0.00022841
   40      -0.01648663
   41      -0.00892914
   42      -0.01974408
   43      -0.01615371
   44       0.00416006
   45       0.00209532
   46      -0.00399078
   47      -0.00978687
   48      -0.00958491
   49       0.01499987
   50       0.01158966
   51      -0.00186491
   52      -0.01400550
   53       0.00461160
   54       0.00544027
   55       0.01347989
   56      -0.00522323
   57       0.00718237
   58      -0.00551414
   59       0.00027372
   60       0.00604812
   61      -0.00101561
   62      -0.00607239
   63       0.00558006
   64       0.00290420

Nr. of electrons (up):    256.00000000
Atom populations (up)
 Atom       Population
    1       4.01012408
    2       3.99685015
    3       4.00312316
    4       4.00162353
    5       4.00093305
    6       3.99469232
    7       4.01344714
    8       4.00008037
    9       4.00108552
   10       4.00942572
   11       4.01254625
   12       4.00691963
   13       3.99738537
   14       4.00106797
   15       4.00252643
   16       3.98829479
   17       3.99480463
   18       4.00809909
   19       3.99063534
   20       4.00406366
   21       3.99391679
   22       4.00030681
   23       3.99607724
   24       3.98854353
   25       3.99534704
   26       3.98262340
   27       4.00210797
   28       4.00750112
   29       3.99275899
   30       3.99264804
   31       3.97974592
   32       3.99995874
   33       3.99735822
   34       3.99813638
   35       4.01105015
   36       3.98888884
   37       4.01542398
   38       3.97964349
   39       4.00022841
   40       4.01648663
   41       4.00892914
   42       4.01974408
   43       4.01615371
   44       3.99583994
   45       3.99790468
   46       4.00399078
   47       4.00978687
   48       4.00958491
   49       3.98500013
   50       3.98841034
   51       4.00186491
   52       4.01400550
   53       3.99538840
   54       3.99455973
   55       3.98652011
   56       4.00522323
   57       3.99281763
   58       4.00551414
   59       3.99972628
   60       3.99395188
   61       4.00101561
   62       4.00607239
   63       3.99441994
   64       3.99709580

l-shell populations (up)
 Atom Sh.   l       Population
    1   1   0       1.35998989
    1   2   1       2.49918456
    1   3   2       0.15094963
    2   1   0       1.35554147
    2   2   1       2.49398958
    2   3   2       0.14731910
    3   1   0       1.34921222
    3   2   1       2.49419699
    3   3   2       0.15971395
    4   1   0       1.35777846
    4   2   1       2.48651500
    4   3   2       0.15733006
    5   1   0       1.36161096
    5   2   1       2.48627573
    5   3   2       0.15304635
    6   1   0       1.34805957
    6   2   1       2.48878265
    6   3   2       0.15785009
    7   1   0       1.38783946
    7   2   1       2.47873495
    7   3   2       0.14687273
    8   1   0       1.36149530
    8   2   1       2.47498142
    8   3   2       0.16360366
    9   1   0       1.35915504
    9   2   1       2.48188157
    9   3   2       0.16004891
   10   1   0       1.37541036
   10   2   1       2.47281847
   10   3   2       0.16119689
   11   1   0       1.37950070
   11   2   1       2.48293123
   11   3   2       0.15011432
   12   1   0       1.37441979
   12   2   1       2.48634159
   12   3   2       0.14615824
   13   1   0       1.35207561
   13   2   1       2.48304284
   13   3   2       0.16226691
   14   1   0       1.36142414
   14   2   1       2.48094533
   14   3   2       0.15869850
   15   1   0       1.35490668
   15   2   1       2.48408761
   15   3   2       0.16353214
   16   1   0       1.34148483
   16   2   1       2.48575889
   16   3   2       0.16105107
   17   1   0       1.36328194
   17   2   1       2.48147540
   17   3   2       0.15004729
   18   1   0       1.37527719
   18   2   1       2.48829075
   18   3   2       0.14453114
   19   1   0       1.34922622
   19   2   1       2.47657395
   19   3   2       0.16483517
   20   1   0       1.36190493
   20   2   1       2.48026649
   20   3   2       0.16189224
   21   1   0       1.35045335
   21   2   1       2.48304340
   21   3   2       0.16042004
   22   1   0       1.35930157
   22   2   1       2.48258108
   22   3   2       0.15842416
   23   1   0       1.36533678
   23   2   1       2.47724415
   23   3   2       0.15349631
   24   1   0       1.35201150
   24   2   1       2.47137185
   24   3   2       0.16516018
   25   1   0       1.35510467
   25   2   1       2.47494211
   25   3   2       0.16530026
   26   1   0       1.33273677
   26   2   1       2.47822673
   26   3   2       0.17165990
   27   1   0       1.36468136
   27   2   1       2.48930650
   27   3   2       0.14812012
   28   1   0       1.36417242
   28   2   1       2.49480427
   28   3   2       0.14852443
   29   1   0       1.35961757
   29   2   1       2.47532106
   29   3   2       0.15782036
   30   1   0       1.35415560
   30   2   1       2.48030014
   30   3   2       0.15819229
   31   1   0       1.32914039
   31   2   1       2.47268966
   31   3   2       0.17791587
   32   1   0       1.36129763
   32   2   1       2.48700733
   32   3   2       0.15165378
   33   1   0       1.34368356
   33   2   1       2.48761134
   33   3   2       0.16606332
   34   1   0       1.35295087
   34   2   1       2.48379831
   34   3   2       0.16138720
   35   1   0       1.37125841
   35   2   1       2.49143568
   35   3   2       0.14835606
   36   1   0       1.33260699
   36   2   1       2.49253971
   36   3   2       0.16374214
   37   1   0       1.38370566
   37   2   1       2.49175794
   37   3   2       0.13996038
   38   1   0       1.31154082
   38   2   1       2.48123131
   38   3   2       0.18687135
   39   1   0       1.35955449
   39   2   1       2.47658580
   39   3   2       0.16408811
   40   1   0       1.37679648
   40   2   1       2.49053406
   40   3   2       0.14915609
   41   1   0       1.35494322
   41   2   1       2.49160607
   41   3   2       0.16237985
   42   1   0       1.38763705
   42   2   1       2.48678644
   42   3   2       0.14532059
   43   1   0       1.38216140
   43   2   1       2.47876347
   43   3   2       0.15522883
   44   1   0       1.35191548
   44   2   1       2.47510432
   44   3   2       0.16882014
   45   1   0       1.35432101
   45   2   1       2.48366021
   45   3   2       0.15992346
   46   1   0       1.36470233
   46   2   1       2.48533767
   46   3   2       0.15395078
   47   1   0       1.37432234
   47   2   1       2.48672752
   47   3   2       0.14873700
   48   1   0       1.36702846
   48   2   1       2.49078117
   48   3   2       0.15177527
   49   1   0       1.33711344
   49   2   1       2.47525294
   49   3   2       0.17263375
   50   1   0       1.32726886
   50   2   1       2.48523456
   50   3   2       0.17590692
   51   1   0       1.36800884
   51   2   1       2.48684401
   51   3   2       0.14701206
   52   1   0       1.38137273
   52   2   1       2.48695283
   52   3   2       0.14567994
   53   1   0       1.35717286
   53   2   1       2.48191954
   53   3   2       0.15629600
   54   1   0       1.35326775
   54   2   1       2.48256680
   54   3   2       0.15872519
   55   1   0       1.34063955
   55   2   1       2.47348349
   55   3   2       0.17239707
   56   1   0       1.37898258
   56   2   1       2.47932471
   56   3   2       0.14691594
   57   1   0       1.34890376
   57   2   1       2.48264665
   57   3   2       0.16126721
   58   1   0       1.37272019
   58   2   1       2.48405265
   58   3   2       0.14874131
   59   1   0       1.36048276
   59   2   1       2.48396146
   59   3   2       0.15528206
   60   1   0       1.34868823
   60   2   1       2.47802232
   60   3   2       0.16724133
   61   1   0       1.37148070
   61   2   1       2.47673397
   61   3   2       0.15280094
   62   1   0       1.36786962
   62   2   1       2.49113472
   62   3   2       0.14706805
   63   1   0       1.35261996
   63   2   1       2.48548549
   63   3   2       0.15631448
   64   1   0       1.34992963
   64   2   1       2.49023112
   64   3   2       0.15693504

Orbital populations (up)
 Atom Sh.   l   m       Population  Label
    1   1   0   0       1.35998989  s
    1   2   1  -1       0.83418037  p_y
    1   2   1   0       0.82996373  p_z
    1   2   1   1       0.83504046  p_x
    1   3   2  -2       0.03636698  d_xy
    1   3   2  -1       0.04362039  d_yz
    1   3   2   0       0.01910366  d_z2
    1   3   2   1       0.03415490  d_xz
    1   3   2   2       0.01770370  d_x2-y2
    2   1   0   0       1.35554147  s
    2   2   1  -1       0.83182433  p_y
    2   2   1   0       0.83478676  p_z
    2   2   1   1       0.82737849  p_x
    2   3   2  -2       0.04240128  d_xy
    2   3   2  -1       0.03477908  d_yz
    2   3   2   0       0.01790454  d_z2
    2   3   2   1       0.03476419  d_xz
    2   3   2   2       0.01747001  d_x2-y2
    3   1   0   0       1.34921222  s
    3   2   1  -1       0.82773545  p_y
    3   2   1   0       0.83138661  p_z
    3   2   1   1       0.83507493  p_x
    3   3   2  -2       0.03922230  d_xy
    3   3   2  -1       0.03951834  d_yz
    3   3   2   0       0.02059527  d_z2
    3   3   2   1       0.04039057  d_xz
    3   3   2   2       0.01998747  d_x2-y2
    4   1   0   0       1.35777846  s
    4   2   1  -1       0.82722209  p_y
    4   2   1   0       0.83233244  p_z
    4   2   1   1       0.82696047  p_x
    4   3   2  -2       0.04061334  d_xy
    4   3   2  -1       0.04146228  d_yz
    4   3   2   0       0.02006105  d_z2
    4   3   2   1       0.03632533  d_xz
    4   3   2   2       0.01886807  d_x2-y2
    5   1   0   0       1.36161096  s
    5   2   1  -1       0.82893275  p_y
    5   2   1   0       0.83161363  p_z
    5   2   1   1       0.82572935  p_x
    5   3   2  -2       0.04154105  d_xy
    5   3   2  -1       0.03447989  d_yz
    5   3   2   0       0.01894521  d_z2
    5   3   2   1       0.03924887  d_xz
    5   3   2   2       0.01883133  d_x2-y2
    6   1   0   0       1.34805957  s
    6   2   1  -1       0.83035402  p_y
    6   2   1   0       0.83100644  p_z
    6   2   1   1       0.82742220  p_x
    6   3   2  -2       0.04242199  d_xy
    6   3   2  -1       0.03965222  d_yz
    6   3   2   0       0.01942724  d_z2
    6   3   2   1       0.03638087  d_xz
    6   3   2   2       0.01996778  d_x2-y2
    7   1   0   0       1.38783946  s
    7   2   1  -1       0.82763049  p_y
    7   2   1   0       0.82621402  p_z
    7   2   1   1       0.82489043  p_x
    7   3   2  -2       0.03470463  d_xy
    7   3   2  -1       0.03749460  d_yz
    7   3   2   0       0.01810464  d_z2
    7   3   2   1       0.03876271  d_xz
    7   3   2   2       0.01780616  d_x2-y2
    8   1   0   0       1.36149530  s
    8   2   1  -1       0.82585568  p_y
    8   2   1   0       0.82842350  p_z
    8   2   1   1       0.82070224  p_x
    8   3   2  -2       0.04214612  d_xy
    8   3   2  -1       0.04019870  d_yz
    8   3   2   0       0.02031252  d_z2
    8   3   2   1       0.04075360  d_xz
    8   3   2   2       0.02019273  d_x2-y2
    9   1   0   0       1.35915504  s
    9   2   1  -1       0.82646376  p_y
    9   2   1   0       0.82523436  p_z
    9   2   1   1       0.83018345  p_x
    9   3   2  -2       0.03674145  d_xy
    9   3   2  -1       0.03744104  d_yz
    9   3   2   0       0.01952397  d_z2
    9   3   2   1       0.04477518  d_xz
    9   3   2   2       0.02156727  d_x2-y2
   10   1   0   0       1.37541036  s
   10   2   1  -1       0.82070765  p_y
   10   2   1   0       0.83370503  p_z
   10   2   1   1       0.81840580  p_x
   10   3   2  -2       0.04224386  d_xy
   10   3   2  -1       0.03797106  d_yz
   10   3   2   0       0.01845533  d_z2
   10   3   2   1       0.03989898  d_xz
   10   3   2   2       0.02262767  d_x2-y2
   11   1   0   0       1.37950070  s
   11   2   1  -1       0.82807796  p_y
   11   2   1   0       0.82791427  p_z
   11   2   1   1       0.82693900  p_x
   11   3   2  -2       0.03865367  d_xy
   11   3   2  -1       0.03879650  d_yz
   11   3   2   0       0.01830776  d_z2
   11   3   2   1       0.03641750  d_xz
   11   3   2   2       0.01793890  d_x2-y2
   12   1   0   0       1.37441979  s
   12   2   1  -1       0.82607193  p_y
   12   2   1   0       0.82811595  p_z
   12   2   1   1       0.83215371  p_x
   12   3   2  -2       0.03851507  d_xy
   12   3   2  -1       0.03465448  d_yz
   12   3   2   0       0.01751960  d_z2
   12   3   2   1       0.03803923  d_xz
   12   3   2   2       0.01742987  d_x2-y2
   13   1   0   0       1.35207561  s
   13   2   1  -1       0.82299829  p_y
   13   2   1   0       0.83265302  p_z
   13   2   1   1       0.82739154  p_x
   13   3   2  -2       0.04595950  d_xy
   13   3   2  -1       0.03890237  d_yz
   13   3   2   0       0.02074704  d_z2
   13   3   2   1       0.03625560  d_xz
   13   3   2   2       0.02040239  d_x2-y2
   14   1   0   0       1.36142414  s
   14   2   1  -1       0.82536208  p_y
   14   2   1   0       0.83014726  p_z
   14   2   1   1       0.82543599  p_x
   14   3   2  -2       0.03785375  d_xy
   14   3   2  -1       0.03726788  d_yz
   14   3   2   0       0.01895763  d_z2
   14   3   2   1       0.04431923  d_xz
   14   3   2   2       0.02030001  d_x2-y2
   15   1   0   0       1.35490668  s
   15   2   1  -1       0.82240496  p_y
   15   2   1   0       0.83353589  p_z
   15   2   1   1       0.82814676  p_x
   15   3   2  -2       0.04254147  d_xy
   15   3   2  -1       0.04297721  d_yz
   15   3   2   0       0.01991523  d_z2
   15   3   2   1       0.03728610  d_xz
   15   3   2   2       0.02081214  d_x2-y2
   16   1   0   0       1.34148483  s
   16   2   1  -1       0.83045580  p_y
   16   2   1   0       0.82559155  p_z
   16   2   1   1       0.82971155  p_x
   16   3   2  -2       0.03718460  d_xy
   16   3   2  -1       0.04343582  d_yz
   16   3   2   0       0.01978343  d_z2
   16   3   2   1       0.03973344  d_xz
   16   3   2   2       0.02091378  d_x2-y2
   17   1   0   0       1.36328194  s
   17   2   1  -1       0.82665924  p_y
   17   2   1   0       0.82477061  p_z
   17   2   1   1       0.83004556  p_x
   17   3   2  -2       0.03581314  d_xy
   17   3   2  -1       0.04303710  d_yz
   17   3   2   0       0.01779814  d_z2
   17   3   2   1       0.03526363  d_xz
   17   3   2   2       0.01813529  d_x2-y2
   18   1   0   0       1.37527719  s
   18   2   1  -1       0.82930814  p_y
   18   2   1   0       0.82688088  p_z
   18   2   1   1       0.83210174  p_x
   18   3   2  -2       0.03750291  d_xy
   18   3   2  -1       0.03614647  d_yz
   18   3   2   0       0.01709443  d_z2
   18   3   2   1       0.03683768  d_xz
   18   3   2   2       0.01694967  d_x2-y2
   19   1   0   0       1.34922622  s
   19   2   1  -1       0.82604055  p_y
   19   2   1   0       0.83072836  p_z
   19   2   1   1       0.81980503  p_x
   19   3   2  -2       0.04324736  d_xy
   19   3   2  -1       0.03581205  d_yz
   19   3   2   0       0.02029579  d_z2
   19   3   2   1       0.04403783  d_xz
   19   3   2   2       0.02144215  d_x2-y2
   20   1   0   0       1.36190493  s
   20   2   1  -1       0.83105452  p_y
   20   2   1   0       0.82351777  p_z
   20   2   1   1       0.82569419  p_x
   20   3   2  -2       0.03543453  d_xy
   20   3   2  -1       0.04161948  d_yz
   20   3   2   0       0.02000115  d_z2
   20   3   2   1       0.04423438  d_xz
   20   3   2   2       0.02060271  d_x2-y2
   21   1   0   0       1.35045335  s
   21   2   1  -1       0.83025620  p_y
   21   2   1   0       0.82300882  p_z
   21   2   1   1       0.82977839  p_x
   21   3   2  -2       0.04089904  d_xy
   21   3   2  -1       0.04175879  d_yz
   21   3   2   0       0.02157322  d_z2
   21   3   2   1       0.03792540  d_xz
   21   3   2   2       0.01826359  d_x2-y2
   22   1   0   0       1.35930157  s
   22   2   1  -1       0.82579020  p_y
   22   2   1   0       0.82972896  p_z
   22   2   1   1       0.82706192  p_x
   22   3   2  -2       0.04118562  d_xy
   22   3   2  -1       0.04181982  d_yz
   22   3   2   0       0.01972381  d_z2
   22   3   2   1       0.03603406  d_xz
   22   3   2   2       0.01966085  d_x2-y2
   23   1   0   0       1.36533678  s
   23   2   1  -1       0.82817735  p_y
   23   2   1   0       0.82396965  p_z
   23   2   1   1       0.82509715  p_x
   23   3   2  -2       0.04009151  d_xy
   23   3   2  -1       0.03871043  d_yz
   23   3   2   0       0.02002940  d_z2
   23   3   2   1       0.03684843  d_xz
   23   3   2   2       0.01781654  d_x2-y2
   24   1   0   0       1.35201150  s
   24   2   1  -1       0.82285742  p_y
   24   2   1   0       0.82750831  p_z
   24   2   1   1       0.82100612  p_x
   24   3   2  -2       0.04063251  d_xy
   24   3   2  -1       0.03731796  d_yz
   24   3   2   0       0.02174791  d_z2
   24   3   2   1       0.04534214  d_xz
   24   3   2   2       0.02011966  d_x2-y2
   25   1   0   0       1.35510467  s
   25   2   1  -1       0.82929186  p_y
   25   2   1   0       0.82212352  p_z
   25   2   1   1       0.82352673  p_x
   25   3   2  -2       0.03758308  d_xy
   25   3   2  -1       0.04103535  d_yz
   25   3   2   0       0.02177884  d_z2
   25   3   2   1       0.04365440  d_xz
   25   3   2   2       0.02124857  d_x2-y2
   26   1   0   0       1.33273677  s
   26   2   1  -1       0.82667616  p_y
   26   2   1   0       0.82459876  p_z
   26   2   1   1       0.82695182  p_x
   26   3   2  -2       0.04260176  d_xy
   26   3   2  -1       0.04133218  d_yz
   26   3   2   0       0.02300122  d_z2
   26   3   2   1       0.04265014  d_xz
   26   3   2   2       0.02207460  d_x2-y2
   27   1   0   0       1.36468136  s
   27   2   1  -1       0.82941996  p_y
   27   2   1   0       0.82645504  p_z
   27   2   1   1       0.83343150  p_x
   27   3   2  -2       0.03813560  d_xy
   27   3   2  -1       0.03901029  d_yz
   27   3   2   0       0.01903823  d_z2
   27   3   2   1       0.03566702  d_xz
   27   3   2   2       0.01626898  d_x2-y2
   28   1   0   0       1.36417242  s
   28   2   1  -1       0.83581992  p_y
   28   2   1   0       0.82695888  p_z
   28   2   1   1       0.83202548  p_x
   28   3   2  -2       0.03514635  d_xy
   28   3   2  -1       0.03828425  d_yz
   28   3   2   0       0.01811223  d_z2
   28   3   2   1       0.03924875  d_xz
   28   3   2   2       0.01773284  d_x2-y2
   29   1   0   0       1.35961757  s
   29   2   1  -1       0.83291803  p_y
   29   2   1   0       0.81258983  p_z
   29   2   1   1       0.82981321  p_x
   29   3   2  -2       0.03396716  d_xy
   29   3   2  -1       0.03928207  d_yz
   29   3   2   0       0.02019054  d_z2
   29   3   2   1       0.04522983  d_xz
   29   3   2   2       0.01915076  d_x2-y2
   30   1   0   0       1.35415560  s
   30   2   1  -1       0.82799200  p_y
   30   2   1   0       0.82765215  p_z
   30   2   1   1       0.82465599  p_x
   30   3   2  -2       0.03989599  d_xy
   30   3   2  -1       0.03570021  d_yz
   30   3   2   0       0.01959431  d_z2
   30   3   2   1       0.04284718  d_xz
   30   3   2   2       0.02015460  d_x2-y2
   31   1   0   0       1.32914039  s
   31   2   1  -1       0.82928796  p_y
   31   2   1   0       0.82119330  p_z
   31   2   1   1       0.82220841  p_x
   31   3   2  -2       0.03945846  d_xy
   31   3   2  -1       0.04524087  d_yz
   31   3   2   0       0.02375172  d_z2
   31   3   2   1       0.04606218  d_xz
   31   3   2   2       0.02340264  d_x2-y2
   32   1   0   0       1.36129763  s
   32   2   1  -1       0.82324025  p_y
   32   2   1   0       0.83572656  p_z
   32   2   1   1       0.82804052  p_x
   32   3   2  -2       0.04131999  d_xy
   32   3   2  -1       0.04037035  d_yz
   32   3   2   0       0.01716778  d_z2
   32   3   2   1       0.03272644  d_xz
   32   3   2   2       0.02006921  d_x2-y2
   33   1   0   0       1.34368356  s
   33   2   1  -1       0.82720807  p_y
   33   2   1   0       0.83076941  p_z
   33   2   1   1       0.82963386  p_x
   33   3   2  -2       0.03873530  d_xy
   33   3   2  -1       0.04526188  d_yz
   33   3   2   0       0.01997286  d_z2
   33   3   2   1       0.04008715  d_xz
   33   3   2   2       0.02200615  d_x2-y2
   34   1   0   0       1.35295087  s
   34   2   1  -1       0.83006321  p_y
   34   2   1   0       0.82554358  p_z
   34   2   1   1       0.82819153  p_x
   34   3   2  -2       0.03754502  d_xy
   34   3   2  -1       0.04084058  d_yz
   34   3   2   0       0.02061484  d_z2
   34   3   2   1       0.04250627  d_xz
   34   3   2   2       0.01988049  d_x2-y2
   35   1   0   0       1.37125841  s
   35   2   1  -1       0.83377147  p_y
   35   2   1   0       0.82973023  p_z
   35   2   1   1       0.82793397  p_x
   35   3   2  -2       0.03935410  d_xy
   35   3   2  -1       0.03488362  d_yz
   35   3   2   0       0.01754287  d_z2
   35   3   2   1       0.03845156  d_xz
   35   3   2   2       0.01812390  d_x2-y2
   36   1   0   0       1.33260699  s
   36   2   1  -1       0.83098612  p_y
   36   2   1   0       0.83058127  p_z
   36   2   1   1       0.83097233  p_x
   36   3   2  -2       0.03832601  d_xy
   36   3   2  -1       0.04299034  d_yz
   36   3   2   0       0.02025126  d_z2
   36   3   2   1       0.04078108  d_xz
   36   3   2   2       0.02139346  d_x2-y2
   37   1   0   0       1.38370566  s
   37   2   1  -1       0.82646698  p_y
   37   2   1   0       0.83169904  p_z
   37   2   1   1       0.83359193  p_x
   37   3   2  -2       0.03485234  d_xy
   37   3   2  -1       0.03595097  d_yz
   37   3   2   0       0.01604452  d_z2
   37   3   2   1       0.03606200  d_xz
   37   3   2   2       0.01705056  d_x2-y2
   38   1   0   0       1.31154082  s
   38   2   1  -1       0.82649860  p_y
   38   2   1   0       0.82433941  p_z
   38   2   1   1       0.83039330  p_x
   38   3   2  -2       0.04690190  d_xy
   38   3   2  -1       0.04665744  d_yz
   38   3   2   0       0.02613098  d_z2
   38   3   2   1       0.04239320  d_xz
   38   3   2   2       0.02478784  d_x2-y2
   39   1   0   0       1.35955449  s
   39   2   1  -1       0.82558797  p_y
   39   2   1   0       0.83085711  p_z
   39   2   1   1       0.82014072  p_x
   39   3   2  -2       0.04099689  d_xy
   39   3   2  -1       0.03902159  d_yz
   39   3   2   0       0.02281498  d_z2
   39   3   2   1       0.04100758  d_xz
   39   3   2   2       0.02024707  d_x2-y2
   40   1   0   0       1.37679648  s
   40   2   1  -1       0.83163884  p_y
   40   2   1   0       0.82583057  p_z
   40   2   1   1       0.83306465  p_x
   40   3   2  -2       0.03375174  d_xy
   40   3   2  -1       0.03932002  d_yz
   40   3   2   0       0.01828656  d_z2
   40   3   2   1       0.03990811  d_xz
   40   3   2   2       0.01788966  d_x2-y2
   41   1   0   0       1.35494322  s
   41   2   1  -1       0.83503094  p_y
   41   2   1   0       0.82757877  p_z
   41   2   1   1       0.82899636  p_x
   41   3   2  -2       0.03822431  d_xy
   41   3   2  -1       0.03625472  d_yz
   41   3   2   0       0.02265517  d_z2
   41   3   2   1       0.04568546  d_xz
   41   3   2   2       0.01956019  d_x2-y2
   42   1   0   0       1.38763705  s
   42   2   1  -1       0.82686726  p_y
   42   2   1   0       0.82908821  p_z
   42   2   1   1       0.83083097  p_x
   42   3   2  -2       0.03915331  d_xy
   42   3   2  -1       0.03651253  d_yz
   42   3   2   0       0.01777344  d_z2
   42   3   2   1       0.03419287  d_xz
   42   3   2   2       0.01768844  d_x2-y2
   43   1   0   0       1.38216140  s
   43   2   1  -1       0.83081958  p_y
   43   2   1   0       0.81844107  p_z
   43   2   1   1       0.82950282  p_x
   43   3   2  -2       0.03784983  d_xy
   43   3   2  -1       0.04024744  d_yz
   43   3   2   0       0.02170564  d_z2
   43   3   2   1       0.03929048  d_xz
   43   3   2   2       0.01613545  d_x2-y2
   44   1   0   0       1.35191548  s
   44   2   1  -1       0.82449601  p_y
   44   2   1   0       0.82646462  p_z
   44   2   1   1       0.82414369  p_x
   44   3   2  -2       0.04250664  d_xy
   44   3   2  -1       0.03982810  d_yz
   44   3   2   0       0.02087662  d_z2
   44   3   2   1       0.04338959  d_xz
   44   3   2   2       0.02221920  d_x2-y2
   45   1   0   0       1.35432101  s
   45   2   1  -1       0.83568535  p_y
   45   2   1   0       0.82705189  p_z
   45   2   1   1       0.82092297  p_x
   45   3   2  -2       0.04367273  d_xy
   45   3   2  -1       0.03575659  d_yz
   45   3   2   0       0.02033188  d_z2
   45   3   2   1       0.04012020  d_xz
   45   3   2   2       0.02004206  d_x2-y2
   46   1   0   0       1.36470233  s
   46   2   1  -1       0.83485279  p_y
   46   2   1   0       0.82302881  p_z
   46   2   1   1       0.82745607  p_x
   46   3   2  -2       0.03591881  d_xy
   46   3   2  -1       0.03496849  d_yz
   46   3   2   0       0.01917820  d_z2
   46   3   2   1       0.04546699  d_xz
   46   3   2   2       0.01841828  d_x2-y2
   47   1   0   0       1.37432234  s
   47   2   1  -1       0.82452791  p_y
   47   2   1   0       0.83142303  p_z
   47   2   1   1       0.83077658  p_x
   47   3   2  -2       0.03812904  d_xy
   47   3   2  -1       0.04029564  d_yz
   47   3   2   0       0.01732524  d_z2
   47   3   2   1       0.03479155  d_xz
   47   3   2   2       0.01819553  d_x2-y2
   48   1   0   0       1.36702846  s
   48   2   1  -1       0.83555335  p_y
   48   2   1   0       0.82357127  p_z
   48   2   1   1       0.83165656  p_x
   48   3   2  -2       0.03353810  d_xy
   48   3   2  -1       0.04367348  d_yz
   48   3   2   0       0.01919486  d_z2
   48   3   2   1       0.03717413  d_xz
   48   3   2   2       0.01819470  d_x2-y2
   49   1   0   0       1.33711344  s
   49   2   1  -1       0.81993245  p_y
   49   2   1   0       0.82847420  p_z
   49   2   1   1       0.82684630  p_x
   49   3   2  -2       0.04289964  d_xy
   49   3   2  -1       0.04713638  d_yz
   49   3   2   0       0.02226083  d_z2
   49   3   2   1       0.03752665  d_xz
   49   3   2   2       0.02281025  d_x2-y2
   50   1   0   0       1.32726886  s
   50   2   1  -1       0.82607098  p_y
   50   2   1   0       0.82719512  p_z
   50   2   1   1       0.83196847  p_x
   50   3   2  -2       0.04357674  d_xy
   50   3   2  -1       0.04527459  d_yz
   50   3   2   0       0.02356861  d_z2
   50   3   2   1       0.04097241  d_xz
   50   3   2   2       0.02251457  d_x2-y2
   51   1   0   0       1.36800884  s
   51   2   1  -1       0.83047847  p_y
   51   2   1   0       0.83390435  p_z
   51   2   1   1       0.82246119  p_x
   51   3   2  -2       0.04208257  d_xy
   51   3   2  -1       0.03149437  d_yz
   51   3   2   0       0.01740782  d_z2
   51   3   2   1       0.03840053  d_xz
   51   3   2   2       0.01762676  d_x2-y2
   52   1   0   0       1.38137273  s
   52   2   1  -1       0.82960357  p_y
   52   2   1   0       0.82475605  p_z
   52   2   1   1       0.83259321  p_x
   52   3   2  -2       0.03562114  d_xy
   52   3   2  -1       0.03705076  d_yz
   52   3   2   0       0.01779738  d_z2
   52   3   2   1       0.03826562  d_xz
   52   3   2   2       0.01694505  d_x2-y2
   53   1   0   0       1.35717286  s
   53   2   1  -1       0.83025585  p_y
   53   2   1   0       0.82951756  p_z
   53   2   1   1       0.82214614  p_x
   53   3   2  -2       0.03956841  d_xy
   53   3   2  -1       0.03696940  d_yz
   53   3   2   0       0.01846867  d_z2
   53   3   2   1       0.04130784  d_xz
   53   3   2   2       0.01998169  d_x2-y2
   54   1   0   0       1.35326775  s
   54   2   1  -1       0.82382730  p_y
   54   2   1   0       0.83194186  p_z
   54   2   1   1       0.82679764  p_x
   54   3   2  -2       0.04225558  d_xy
   54   3   2  -1       0.04019381  d_yz
   54   3   2   0       0.01724288  d_z2
   54   3   2   1       0.03686364  d_xz
   54   3   2   2       0.02216927  d_x2-y2
   55   1   0   0       1.34063955  s
   55   2   1  -1       0.81920217  p_y
   55   2   1   0       0.82666160  p_z
   55   2   1   1       0.82761972  p_x
   55   3   2  -2       0.04449604  d_xy
   55   3   2  -1       0.04291042  d_yz
   55   3   2   0       0.02227125  d_z2
   55   3   2   1       0.04025519  d_xz
   55   3   2   2       0.02246416  d_x2-y2
   56   1   0   0       1.37898258  s
   56   2   1  -1       0.82773298  p_y
   56   2   1   0       0.82512076  p_z
   56   2   1   1       0.82647098  p_x
   56   3   2  -2       0.03721466  d_xy
   56   3   2  -1       0.03444077  d_yz
   56   3   2   0       0.01779372  d_z2
   56   3   2   1       0.03980332  d_xz
   56   3   2   2       0.01766347  d_x2-y2
   57   1   0   0       1.34890376  s
   57   2   1  -1       0.82449166  p_y
   57   2   1   0       0.83299393  p_z
   57   2   1   1       0.82516106  p_x
   57   3   2  -2       0.04023241  d_xy
   57   3   2  -1       0.03914883  d_yz
   57   3   2   0       0.01842911  d_z2
   57   3   2   1       0.04094541  d_xz
   57   3   2   2       0.02251145  d_x2-y2
   58   1   0   0       1.37272019  s
   58   2   1  -1       0.82846032  p_y
   58   2   1   0       0.82662056  p_z
   58   2   1   1       0.82897177  p_x
   58   3   2  -2       0.03666689  d_xy
   58   3   2  -1       0.03741802  d_yz
   58   3   2   0       0.01894157  d_z2
   58   3   2   1       0.03812136  d_xz
   58   3   2   2       0.01759346  d_x2-y2
   59   1   0   0       1.36048276  s
   59   2   1  -1       0.82476297  p_y
   59   2   1   0       0.83027842  p_z
   59   2   1   1       0.82892007  p_x
   59   3   2  -2       0.04175769  d_xy
   59   3   2  -1       0.03863114  d_yz
   59   3   2   0       0.01883389  d_z2
   59   3   2   1       0.03697621  d_xz
   59   3   2   2       0.01908312  d_x2-y2
   60   1   0   0       1.34868823  s
   60   2   1  -1       0.82343895  p_y
   60   2   1   0       0.82906383  p_z
   60   2   1   1       0.82551954  p_x
   60   3   2  -2       0.04156017  d_xy
   60   3   2  -1       0.04299545  d_yz
   60   3   2   0       0.02035694  d_z2
   60   3   2   1       0.04028288  d_xz
   60   3   2   2       0.02204588  d_x2-y2
   61   1   0   0       1.37148070  s
   61   2   1  -1       0.82488887  p_y
   61   2   1   0       0.82550711  p_z
   61   2   1   1       0.82633798  p_x
   61   3   2  -2       0.03698028  d_xy
   61   3   2  -1       0.04116273  d_yz
   61   3   2   0       0.02039777  d_z2
   61   3   2   1       0.03732190  d_xz
   61   3   2   2       0.01693827  d_x2-y2
   62   1   0   0       1.36786962  s
   62   2   1  -1       0.83055855  p_y
   62   2   1   0       0.83351526  p_z
   62   2   1   1       0.82706090  p_x
   62   3   2  -2       0.03830730  d_xy
   62   3   2  -1       0.03600677  d_yz
   62   3   2   0       0.01661683  d_z2
   62   3   2   1       0.03744334  d_xz
   62   3   2   2       0.01869381  d_x2-y2
   63   1   0   0       1.35261996  s
   63   2   1  -1       0.82895625  p_y
   63   2   1   0       0.82818206  p_z
   63   2   1   1       0.82834718  p_x
   63   3   2  -2       0.04036717  d_xy
   63   3   2  -1       0.03817513  d_yz
   63   3   2   0       0.02046097  d_z2
   63   3   2   1       0.03855508  d_xz
   63   3   2   2       0.01875614  d_x2-y2
   64   1   0   0       1.34992963  s
   64   2   1  -1       0.82210653  p_y
   64   2   1   0       0.83291828  p_z
   64   2   1   1       0.83520630  p_x
   64   3   2  -2       0.04001965  d_xy
   64   3   2  -1       0.04447448  d_yz
   64   3   2   0       0.01987374  d_z2
   64   3   2   1       0.03322710  d_xz
   64   3   2   2       0.01934006  d_x2-y2

Fermi level:                        -0.1326840263 H           -3.6105 eV
Band energy:                       -88.1687402864 H        -2399.1935 eV
TS:                                  0.0000000000 H            0.0000 eV
Band free energy (E-TS):           -88.1687402864 H        -2399.1935 eV
Extrapolated E(0K):                -88.1687402864 H        -2399.1935 eV
Input / Output electrons (q):    256.0000000000    256.0000000000

Energy H0:                         -88.1586386374 H        -2398.9186 eV
Energy SCC:                          0.0002913519 H            0.0079 eV
Total Electronic energy:           -88.1583472855 H        -2398.9107 eV
Repulsive energy:                    0.0000000000 H            0.0000 eV
Total energy:                      -88.1583472855 H        -2398.9107 eV
Extrapolated to 0:                 -88.1583472855 H        -2398.9107 eV
Total Mermin free energy:          -88.1583472855 H        -2398.9107 eV
Force related energy:              -88.1583472855 H        -2398.9107 eV

Non-constrained calculation

SCC converged

Warning: dipole moment is not defined absolutely!
Dipole moment:    0.29517565   -0.14061737   -0.05511660 au
Dipole moment:    0.75026173   -0.35741374   -0.14009243 Debye


