 Fermi distribution function

Calculation with static geometry


********************************************************************************
 iSCC Total electronic   Diff electronic      SCC error    
    9   -0.88193822E+02   -0.10355308E-08    0.81185802E-05
********************************************************************************

 Total charge:    -0.00000000

 Atomic gross charges (e)
 Atom           Charge
    1       0.01417249
    2      -0.00571050
    3      -0.00762460
    4      -0.02370357
    5      -0.00281270
    6      -0.00785494
    7      -0.00427984
    8       0.00386359
    9       0.02308635
   10      -0.01303221
   11       0.02478429
   12       0.00100189
   13      -0.00461214
   14      -0.00940624
   15      -0.01115896
   16      -0.01871797
   17      -0.00681113
   18       0.00075682
   19      -0.00062839
   20       0.00138333
   21       0.01265382
   22      -0.00823083
   23       0.00953266
   24      -0.01875598
   25      -0.00986486
   26       0.01428762
   27      -0.01627425
   28       0.01489036
   29       0.00662857
   30       0.02628984
   31      -0.00133731
   32       0.01530905
   33       0.00699564
   34      -0.00688929
   35       0.01271348
   36       0.00248168
   37      -0.00433298
   38      -0.01347145
   39      -0.00021402
   40      -0.00563388
   41       0.01937145
   42       0.00898335
   43       0.00226083
   44       0.00248262
   45      -0.00044471
   46      -0.02750765
   47       0.00328313
   48      -0.02312540
   49       0.00451271
   50      -0.01356091
   51      -0.00127956
   52       0.00639578
   53      -0.01670373
   54      -0.00158140
   55      -0.00801906
   56       0.00810381
   57       0.01267971
   58       0.01769863
   59      -0.00371644
   60      -0.00150761
   61      -0.00884381
   62       0.02720259
   63      -0.00142228
   64       0.00526449

Nr. of electrons (up):    256.00000000
Atom populations (up)
 Atom       Population
    1       3.98582751
    2       4.00571050
    3       4.00762460
    4       4.02370357
    5       4.00281270
    6       4.00785494
    7       4.00427984
    8       3.99613641
    9       3.97691365
   10       4.01303221
   11       3.97521571
   12       3.99899811
   13       4.00461214
   14       4.00940624
   15       4.01115896
   16       4.01871797
   17       4.00681113
   18       3.99924318
   19       4.00062839
   20       3.99861667
   21       3.98734618
   22       4.00823083
   23       3.99046734
   24       4.01875598
   25       4.00986486
   26       3.98571238
   27       4.01627425
   28       3.98510964
   29       3.99337143
   30       3.97371016
   31       4.00133731
   32       3.98469095
   33       3.99300436
   34       4.00688929
   35       3.98728652
   36       3.99751832
   37       4.00433298
   38       4.01347145
   39       4.00021402
   40       4.00563388
   41       3.98062855
   42       3.99101665
   43       3.99773917
   44       3.99751738
   45       4.00044471
   46       4.02750765
   47       3.99671687
   48       4.02312540
   49       3.99548729
   50       4.01356091
   51       4.00127956
   52       3.99360422
   53       4.01670373
   54       4.00158140
   55       4.00801906
   56       3.99189619
   57       3.98732029
   58       3.98230137
   59       4.00371644
   60       4.00150761
   61       4.00884381
   62       3.97279741
   63       4.00142228
   64       3.99473551

l-shell populations (up)
 Atom Sh.   l       Population
    1   1   0       1.35221149
    1   2   1       2.47438114
    1   3   2       0.15923487
    2   1   0       1.35937610
    2   2   1       2.48588008
    2   3   2       0.16045432
    3   1   0       1.37748391
    3   2   1       2.48661396
    3   3   2       0.14352672
    4   1   0       1.38896147
    4   2   1       2.49872207
    4   3   2       0.13602003
    5   1   0       1.35632466
    5   2   1       2.48877287
    5   3   2       0.15771517
    6   1   0       1.35881637
    6   2   1       2.49145017
    6   3   2       0.15758841
    7   1   0       1.35200089
    7   2   1       2.49005617
    7   3   2       0.16222278
    8   1   0       1.34392563
    8   2   1       2.48865294
    8   3   2       0.16355784
    9   1   0       1.32673604
    9   2   1       2.48144905
    9   3   2       0.16872856
   10   1   0       1.37604073
   10   2   1       2.49418266
   10   3   2       0.14280882
   11   1   0       1.32379357
   11   2   1       2.47114752
   11   3   2       0.18027462
   12   1   0       1.36589174
   12   2   1       2.48348849
   12   3   2       0.14961787
   13   1   0       1.35588246
   13   2   1       2.48590127
   13   3   2       0.16282842
   14   1   0       1.36965280
   14   2   1       2.49024229
   14   3   2       0.14951115
   15   1   0       1.37526535
   15   2   1       2.49193296
   15   3   2       0.14396064
   16   1   0       1.37789659
   16   2   1       2.48818902
   16   3   2       0.15263236
   17   1   0       1.36310022
   17   2   1       2.48474483
   17   3   2       0.15896608
   18   1   0       1.36517236
   18   2   1       2.47524208
   18   3   2       0.15882874
   19   1   0       1.35720808
   19   2   1       2.49273294
   19   3   2       0.15068737
   20   1   0       1.37339825
   20   2   1       2.48346386
   20   3   2       0.14175457
   21   1   0       1.34106372
   21   2   1       2.47956582
   21   3   2       0.16671664
   22   1   0       1.37460481
   22   2   1       2.48706869
   22   3   2       0.14655733
   23   1   0       1.33522180
   23   2   1       2.47994971
   23   3   2       0.17529584
   24   1   0       1.38534257
   24   2   1       2.48852102
   24   3   2       0.14489239
   25   1   0       1.36653093
   25   2   1       2.50120415
   25   3   2       0.14212978
   26   1   0       1.33332085
   26   2   1       2.48635075
   26   3   2       0.16604077
   27   1   0       1.38418331
   27   2   1       2.48662822
   27   3   2       0.14546271
   28   1   0       1.33973225
   28   2   1       2.47652924
   28   3   2       0.16884815
   29   1   0       1.34714081
   29   2   1       2.48810517
   29   3   2       0.15812545
   30   1   0       1.32328781
   30   2   1       2.47056988
   30   3   2       0.17985247
   31   1   0       1.35882607
   31   2   1       2.48527886
   31   3   2       0.15723238
   32   1   0       1.33195585
   32   2   1       2.47626964
   32   3   2       0.17646545
   33   1   0       1.34883322
   33   2   1       2.47540846
   33   3   2       0.16876267
   34   1   0       1.37013092
   34   2   1       2.48864750
   34   3   2       0.14811087
   35   1   0       1.33547353
   35   2   1       2.47582394
   35   3   2       0.17598905
   36   1   0       1.35876890
   36   2   1       2.47738646
   36   3   2       0.16136296
   37   1   0       1.36002582
   37   2   1       2.49131599
   37   3   2       0.15299116
   38   1   0       1.37247030
   38   2   1       2.49492677
   38   3   2       0.14607438
   39   1   0       1.35847861
   39   2   1       2.48499449
   39   3   2       0.15674091
   40   1   0       1.35431238
   40   2   1       2.49551395
   40   3   2       0.15580754
   41   1   0       1.33066563
   41   2   1       2.47988567
   41   3   2       0.17007725
   42   1   0       1.33858594
   42   2   1       2.48315662
   42   3   2       0.16927409
   43   1   0       1.35855485
   43   2   1       2.48548485
   43   3   2       0.15369948
   44   1   0       1.35112525
   44   2   1       2.49138112
   44   3   2       0.15501101
   45   1   0       1.36792614
   45   2   1       2.48810920
   45   3   2       0.14440938
   46   1   0       1.38245656
   46   2   1       2.49508842
   46   3   2       0.14996268
   47   1   0       1.35518628
   47   2   1       2.48656361
   47   3   2       0.15496698
   48   1   0       1.37560081
   48   2   1       2.49297956
   48   3   2       0.15454504
   49   1   0       1.34731017
   49   2   1       2.48384439
   49   3   2       0.16433272
   50   1   0       1.38633254
   50   2   1       2.48732541
   50   3   2       0.13990296
   51   1   0       1.36323458
   51   2   1       2.47982311
   51   3   2       0.15822188
   52   1   0       1.33820924
   52   2   1       2.48406322
   52   3   2       0.17133176
   53   1   0       1.37754192
   53   2   1       2.49142949
   53   3   2       0.14773232
   54   1   0       1.37032668
   54   2   1       2.48067094
   54   3   2       0.15058377
   55   1   0       1.36455687
   55   2   1       2.49230301
   55   3   2       0.15115918
   56   1   0       1.34939890
   56   2   1       2.48181264
   56   3   2       0.16068465
   57   1   0       1.34222188
   57   2   1       2.48828518
   57   3   2       0.15681322
   58   1   0       1.32370329
   58   2   1       2.47814651
   58   3   2       0.18045156
   59   1   0       1.38038100
   59   2   1       2.48554447
   59   3   2       0.13779096
   60   1   0       1.35913621
   60   2   1       2.47914104
   60   3   2       0.16323036
   61   1   0       1.37314955
   61   2   1       2.49246969
   61   3   2       0.14322457
   62   1   0       1.32754009
   62   2   1       2.47667165
   62   3   2       0.16858567
   63   1   0       1.34710860
   63   2   1       2.49092495
   63   3   2       0.16338873
   64   1   0       1.36896815
   64   2   1       2.47821463
   64   3   2       0.14755272

Orbital populations (up)
 Atom Sh.   l   m       Population  Label
    1   1   0   0       1.35221149  s
    1   2   1  -1       0.82501806  p_y
    1   2   1   0       0.82273017  p_z
    1   2   1   1       0.82663291  p_x
    1   3   2  -2       0.03749016  d_xy
    1   3   2  -1       0.04153596  d_yz
    1   3   2   0       0.02007733  d_z2
    1   3   2   1       0.04008481  d_xz
    1   3   2   2       0.02004660  d_x2-y2
    2   1   0   0       1.35937610  s
    2   2   1  -1       0.82585930  p_y
    2   2   1   0       0.83321924  p_z
    2   2   1   1       0.82680153  p_x
    2   3   2  -2       0.04122204  d_xy
    2   3   2  -1       0.04033266  d_yz
    2   3   2   0       0.01842814  d_z2
    2   3   2   1       0.03943413  d_xz
    2   3   2   2       0.02103736  d_x2-y2
    3   1   0   0       1.37748391  s
    3   2   1  -1       0.83296368  p_y
    3   2   1   0       0.82919444  p_z
    3   2   1   1       0.82445583  p_x
    3   3   2  -2       0.03713316  d_xy
    3   3   2  -1       0.03481595  d_yz
    3   3   2   0       0.01677111  d_z2
    3   3   2   1       0.03783658  d_xz
    3   3   2   2       0.01696992  d_x2-y2
    4   1   0   0       1.38896147  s
    4   2   1  -1       0.82882147  p_y
    4   2   1   0       0.83450771  p_z
    4   2   1   1       0.83539289  p_x
    4   3   2  -2       0.03641616  d_xy
    4   3   2  -1       0.03459767  d_yz
    4   3   2   0       0.01618293  d_z2
    4   3   2   1       0.03282219  d_xz
    4   3   2   2       0.01600108  d_x2-y2
    5   1   0   0       1.35632466  s
    5   2   1  -1       0.82923252  p_y
    5   2   1   0       0.83133550  p_z
    5   2   1   1       0.82820485  p_x
    5   3   2  -2       0.04056285  d_xy
    5   3   2  -1       0.03995797  d_yz
    5   3   2   0       0.01962643  d_z2
    5   3   2   1       0.03782775  d_xz
    5   3   2   2       0.01974017  d_x2-y2
    6   1   0   0       1.35881637  s
    6   2   1  -1       0.82911165  p_y
    6   2   1   0       0.83158922  p_z
    6   2   1   1       0.83074930  p_x
    6   3   2  -2       0.03853544  d_xy
    6   3   2  -1       0.03938285  d_yz
    6   3   2   0       0.01985768  d_z2
    6   3   2   1       0.04042181  d_xz
    6   3   2   2       0.01939062  d_x2-y2
    7   1   0   0       1.35200089  s
    7   2   1  -1       0.82922922  p_y
    7   2   1   0       0.83027735  p_z
    7   2   1   1       0.83054960  p_x
    7   3   2  -2       0.04288238  d_xy
    7   3   2  -1       0.03883551  d_yz
    7   3   2   0       0.02195151  d_z2
    7   3   2   1       0.03924938  d_xz
    7   3   2   2       0.01930399  d_x2-y2
    8   1   0   0       1.34392563  s
    8   2   1  -1       0.82810077  p_y
    8   2   1   0       0.83101053  p_z
    8   2   1   1       0.82954163  p_x
    8   3   2  -2       0.03902236  d_xy
    8   3   2  -1       0.04183056  d_yz
    8   3   2   0       0.02044827  d_z2
    8   3   2   1       0.04107770  d_xz
    8   3   2   2       0.02117895  d_x2-y2
    9   1   0   0       1.32673604  s
    9   2   1  -1       0.82813338  p_y
    9   2   1   0       0.82514346  p_z
    9   2   1   1       0.82817221  p_x
    9   3   2  -2       0.04147142  d_xy
    9   3   2  -1       0.04182548  d_yz
    9   3   2   0       0.02358533  d_z2
    9   3   2   1       0.04058206  d_xz
    9   3   2   2       0.02126428  d_x2-y2
   10   1   0   0       1.37604073  s
   10   2   1  -1       0.83058696  p_y
   10   2   1   0       0.83025165  p_z
   10   2   1   1       0.83334405  p_x
   10   3   2  -2       0.03712312  d_xy
   10   3   2  -1       0.03536219  d_yz
   10   3   2   0       0.01731189  d_z2
   10   3   2   1       0.03694775  d_xz
   10   3   2   2       0.01606388  d_x2-y2
   11   1   0   0       1.32379357  s
   11   2   1  -1       0.82466603  p_y
   11   2   1   0       0.82092220  p_z
   11   2   1   1       0.82555929  p_x
   11   3   2  -2       0.04047719  d_xy
   11   3   2  -1       0.04472931  d_yz
   11   3   2   0       0.02507181  d_z2
   11   3   2   1       0.04639216  d_xz
   11   3   2   2       0.02360415  d_x2-y2
   12   1   0   0       1.36589174  s
   12   2   1  -1       0.82887827  p_y
   12   2   1   0       0.82956471  p_z
   12   2   1   1       0.82504551  p_x
   12   3   2  -2       0.03726676  d_xy
   12   3   2  -1       0.03838543  d_yz
   12   3   2   0       0.01792591  d_z2
   12   3   2   1       0.03765738  d_xz
   12   3   2   2       0.01838240  d_x2-y2
   13   1   0   0       1.35588246  s
   13   2   1  -1       0.83200843  p_y
   13   2   1   0       0.82884079  p_z
   13   2   1   1       0.82505205  p_x
   13   3   2  -2       0.03914146  d_xy
   13   3   2  -1       0.03873461  d_yz
   13   3   2   0       0.01984953  d_z2
   13   3   2   1       0.04446570  d_xz
   13   3   2   2       0.02063710  d_x2-y2
   14   1   0   0       1.36965280  s
   14   2   1  -1       0.83065939  p_y
   14   2   1   0       0.82912621  p_z
   14   2   1   1       0.83045669  p_x
   14   3   2  -2       0.03900285  d_xy
   14   3   2  -1       0.03733783  d_yz
   14   3   2   0       0.01833691  d_z2
   14   3   2   1       0.03655186  d_xz
   14   3   2   2       0.01828170  d_x2-y2
   15   1   0   0       1.37526535  s
   15   2   1  -1       0.82940530  p_y
   15   2   1   0       0.83151856  p_z
   15   2   1   1       0.83100911  p_x
   15   3   2  -2       0.03616144  d_xy
   15   3   2  -1       0.03664477  d_yz
   15   3   2   0       0.01612555  d_z2
   15   3   2   1       0.03707285  d_xz
   15   3   2   2       0.01795605  d_x2-y2
   16   1   0   0       1.37789659  s
   16   2   1  -1       0.82727977  p_y
   16   2   1   0       0.82882744  p_z
   16   2   1   1       0.83208181  p_x
   16   3   2  -2       0.03925944  d_xy
   16   3   2  -1       0.03958324  d_yz
   16   3   2   0       0.01916019  d_z2
   16   3   2   1       0.03696804  d_xz
   16   3   2   2       0.01766145  d_x2-y2
   17   1   0   0       1.36310022  s
   17   2   1  -1       0.82799708  p_y
   17   2   1   0       0.83001397  p_z
   17   2   1   1       0.82673377  p_x
   17   3   2  -2       0.04117544  d_xy
   17   3   2  -1       0.03774915  d_yz
   17   3   2   0       0.02011121  d_z2
   17   3   2   1       0.03978354  d_xz
   17   3   2   2       0.02014674  d_x2-y2
   18   1   0   0       1.36517236  s
   18   2   1  -1       0.82744739  p_y
   18   2   1   0       0.82324624  p_z
   18   2   1   1       0.82454846  p_x
   18   3   2  -2       0.03701126  d_xy
   18   3   2  -1       0.03995708  d_yz
   18   3   2   0       0.02035106  d_z2
   18   3   2   1       0.04229814  d_xz
   18   3   2   2       0.01921120  d_x2-y2
   19   1   0   0       1.35720808  s
   19   2   1  -1       0.83107715  p_y
   19   2   1   0       0.83180359  p_z
   19   2   1   1       0.82985220  p_x
   19   3   2  -2       0.03967968  d_xy
   19   3   2  -1       0.03720525  d_yz
   19   3   2   0       0.01787976  d_z2
   19   3   2   1       0.03707624  d_xz
   19   3   2   2       0.01884644  d_x2-y2
   20   1   0   0       1.37339825  s
   20   2   1  -1       0.82769376  p_y
   20   2   1   0       0.82536928  p_z
   20   2   1   1       0.83040081  p_x
   20   3   2  -2       0.03691715  d_xy
   20   3   2  -1       0.03516718  d_yz
   20   3   2   0       0.01732149  d_z2
   20   3   2   1       0.03629433  d_xz
   20   3   2   2       0.01605443  d_x2-y2
   21   1   0   0       1.34106372  s
   21   2   1  -1       0.82648237  p_y
   21   2   1   0       0.82581015  p_z
   21   2   1   1       0.82727330  p_x
   21   3   2  -2       0.03876205  d_xy
   21   3   2  -1       0.04257604  d_yz
   21   3   2   0       0.02111065  d_z2
   21   3   2   1       0.04292677  d_xz
   21   3   2   2       0.02134113  d_x2-y2
   22   1   0   0       1.37460481  s
   22   2   1  -1       0.82547982  p_y
   22   2   1   0       0.83216817  p_z
   22   2   1   1       0.82942070  p_x
   22   3   2  -2       0.03894430  d_xy
   22   3   2  -1       0.03708800  d_yz
   22   3   2   0       0.01755297  d_z2
   22   3   2   1       0.03552580  d_xz
   22   3   2   2       0.01744627  d_x2-y2
   23   1   0   0       1.33522180  s
   23   2   1  -1       0.82598288  p_y
   23   2   1   0       0.82664636  p_z
   23   2   1   1       0.82732047  p_x
   23   3   2  -2       0.04345404  d_xy
   23   3   2  -1       0.04241110  d_yz
   23   3   2   0       0.02262623  d_z2
   23   3   2   1       0.04390943  d_xz
   23   3   2   2       0.02289504  d_x2-y2
   24   1   0   0       1.38534257  s
   24   2   1  -1       0.82709057  p_y
   24   2   1   0       0.83233881  p_z
   24   2   1   1       0.82909164  p_x
   24   3   2  -2       0.03919202  d_xy
   24   3   2  -1       0.03653363  d_yz
   24   3   2   0       0.01626413  d_z2
   24   3   2   1       0.03551797  d_xz
   24   3   2   2       0.01738463  d_x2-y2
   25   1   0   0       1.36653093  s
   25   2   1  -1       0.83373663  p_y
   25   2   1   0       0.83206440  p_z
   25   2   1   1       0.83540312  p_x
   25   3   2  -2       0.03646904  d_xy
   25   3   2  -1       0.03621334  d_yz
   25   3   2   0       0.01717612  d_z2
   25   3   2   1       0.03608480  d_xz
   25   3   2   2       0.01618648  d_x2-y2
   26   1   0   0       1.33332085  s
   26   2   1  -1       0.83064680  p_y
   26   2   1   0       0.82898757  p_z
   26   2   1   1       0.82671638  p_x
   26   3   2  -2       0.04092797  d_xy
   26   3   2  -1       0.04171983  d_yz
   26   3   2   0       0.02105794  d_z2
   26   3   2   1       0.04053382  d_xz
   26   3   2   2       0.02180120  d_x2-y2
   27   1   0   0       1.38418331  s
   27   2   1  -1       0.83143074  p_y
   27   2   1   0       0.83042792  p_z
   27   2   1   1       0.82476956  p_x
   27   3   2  -2       0.03485791  d_xy
   27   3   2  -1       0.03657496  d_yz
   27   3   2   0       0.01602687  d_z2
   27   3   2   1       0.03880926  d_xz
   27   3   2   2       0.01919372  d_x2-y2
   28   1   0   0       1.33973225  s
   28   2   1  -1       0.82543234  p_y
   28   2   1   0       0.82807005  p_z
   28   2   1   1       0.82302685  p_x
   28   3   2  -2       0.04243439  d_xy
   28   3   2  -1       0.04201173  d_yz
   28   3   2   0       0.02112369  d_z2
   28   3   2   1       0.04085675  d_xz
   28   3   2   2       0.02242158  d_x2-y2
   29   1   0   0       1.34714081  s
   29   2   1  -1       0.83006934  p_y
   29   2   1   0       0.82873003  p_z
   29   2   1   1       0.82930579  p_x
   29   3   2  -2       0.03768471  d_xy
   29   3   2  -1       0.04323926  d_yz
   29   3   2   0       0.01988719  d_z2
   29   3   2   1       0.03730017  d_xz
   29   3   2   2       0.02001412  d_x2-y2
   30   1   0   0       1.32328781  s
   30   2   1  -1       0.82294783  p_y
   30   2   1   0       0.82721846  p_z
   30   2   1   1       0.82040359  p_x
   30   3   2  -2       0.04499264  d_xy
   30   3   2  -1       0.04322416  d_yz
   30   3   2   0       0.02475629  d_z2
   30   3   2   1       0.04278926  d_xz
   30   3   2   2       0.02409011  d_x2-y2
   31   1   0   0       1.35882607  s
   31   2   1  -1       0.82826811  p_y
   31   2   1   0       0.82621562  p_z
   31   2   1   1       0.83079512  p_x
   31   3   2  -2       0.03997438  d_xy
   31   3   2  -1       0.03774201  d_yz
   31   3   2   0       0.02033952  d_z2
   31   3   2   1       0.04090879  d_xz
   31   3   2   2       0.01826768  d_x2-y2
   32   1   0   0       1.33195585  s
   32   2   1  -1       0.82862057  p_y
   32   2   1   0       0.82300604  p_z
   32   2   1   1       0.82464304  p_x
   32   3   2  -2       0.04195671  d_xy
   32   3   2  -1       0.04268435  d_yz
   32   3   2   0       0.02438121  d_z2
   32   3   2   1       0.04547667  d_xz
   32   3   2   2       0.02196652  d_x2-y2
   33   1   0   0       1.34883322  s
   33   2   1  -1       0.82427026  p_y
   33   2   1   0       0.82532479  p_z
   33   2   1   1       0.82581341  p_x
   33   3   2  -2       0.04411250  d_xy
   33   3   2  -1       0.04274124  d_yz
   33   3   2   0       0.02328099  d_z2
   33   3   2   1       0.03856340  d_xz
   33   3   2   2       0.02006454  d_x2-y2
   34   1   0   0       1.37013092  s
   34   2   1  -1       0.82582403  p_y
   34   2   1   0       0.83055610  p_z
   34   2   1   1       0.83226738  p_x
   34   3   2  -2       0.04097574  d_xy
   34   3   2  -1       0.03632530  d_yz
   34   3   2   0       0.01767086  d_z2
   34   3   2   1       0.03569722  d_xz
   34   3   2   2       0.01744175  d_x2-y2
   35   1   0   0       1.33547353  s
   35   2   1  -1       0.82687199  p_y
   35   2   1   0       0.82250399  p_z
   35   2   1   1       0.82644796  p_x
   35   3   2  -2       0.04205987  d_xy
   35   3   2  -1       0.04336671  d_yz
   35   3   2   0       0.02232241  d_z2
   35   3   2   1       0.04491730  d_xz
   35   3   2   2       0.02332276  d_x2-y2
   36   1   0   0       1.35876890  s
   36   2   1  -1       0.82264832  p_y
   36   2   1   0       0.82889993  p_z
   36   2   1   1       0.82583820  p_x
   36   3   2  -2       0.03900271  d_xy
   36   3   2  -1       0.04294523  d_yz
   36   3   2   0       0.01922724  d_z2
   36   3   2   1       0.03932753  d_xz
   36   3   2   2       0.02086024  d_x2-y2
   37   1   0   0       1.36002582  s
   37   2   1  -1       0.83052989  p_y
   37   2   1   0       0.83260177  p_z
   37   2   1   1       0.82818433  p_x
   37   3   2  -2       0.03955800  d_xy
   37   3   2  -1       0.03849525  d_yz
   37   3   2   0       0.01819404  d_z2
   37   3   2   1       0.03738486  d_xz
   37   3   2   2       0.01935901  d_x2-y2
   38   1   0   0       1.37247030  s
   38   2   1  -1       0.83166491  p_y
   38   2   1   0       0.83096851  p_z
   38   2   1   1       0.83229334  p_x
   38   3   2  -2       0.03453301  d_xy
   38   3   2  -1       0.04052095  d_yz
   38   3   2   0       0.01672392  d_z2
   38   3   2   1       0.03641031  d_xz
   38   3   2   2       0.01788619  d_x2-y2
   39   1   0   0       1.35847861  s
   39   2   1  -1       0.82871194  p_y
   39   2   1   0       0.82814127  p_z
   39   2   1   1       0.82814129  p_x
   39   3   2  -2       0.04030300  d_xy
   39   3   2  -1       0.03840963  d_yz
   39   3   2   0       0.01933141  d_z2
   39   3   2   1       0.03835555  d_xz
   39   3   2   2       0.02034132  d_x2-y2
   40   1   0   0       1.35431238  s
   40   2   1  -1       0.83683884  p_y
   40   2   1   0       0.82914042  p_z
   40   2   1   1       0.82953469  p_x
   40   3   2  -2       0.03812596  d_xy
   40   3   2  -1       0.03750878  d_yz
   40   3   2   0       0.01987192  d_z2
   40   3   2   1       0.04051092  d_xz
   40   3   2   2       0.01978996  d_x2-y2
   41   1   0   0       1.33066563  s
   41   2   1  -1       0.82569159  p_y
   41   2   1   0       0.82498885  p_z
   41   2   1   1       0.82920523  p_x
   41   3   2  -2       0.04093478  d_xy
   41   3   2  -1       0.04110999  d_yz
   41   3   2   0       0.02192785  d_z2
   41   3   2   1       0.04361136  d_xz
   41   3   2   2       0.02249326  d_x2-y2
   42   1   0   0       1.33858594  s
   42   2   1  -1       0.82790107  p_y
   42   2   1   0       0.83176576  p_z
   42   2   1   1       0.82348979  p_x
   42   3   2  -2       0.04326819  d_xy
   42   3   2  -1       0.03780457  d_yz
   42   3   2   0       0.02250603  d_z2
   42   3   2   1       0.04360684  d_xz
   42   3   2   2       0.02208845  d_x2-y2
   43   1   0   0       1.35855485  s
   43   2   1  -1       0.82647850  p_y
   43   2   1   0       0.83289704  p_z
   43   2   1   1       0.82610932  p_x
   43   3   2  -2       0.03677267  d_xy
   43   3   2  -1       0.04038042  d_yz
   43   3   2   0       0.01739424  d_z2
   43   3   2   1       0.03884075  d_xz
   43   3   2   2       0.02031139  d_x2-y2
   44   1   0   0       1.35112525  s
   44   2   1  -1       0.82834956  p_y
   44   2   1   0       0.83116494  p_z
   44   2   1   1       0.83186662  p_x
   44   3   2  -2       0.03818389  d_xy
   44   3   2  -1       0.04143698  d_yz
   44   3   2   0       0.01963171  d_z2
   44   3   2   1       0.03736097  d_xz
   44   3   2   2       0.01839746  d_x2-y2
   45   1   0   0       1.36792614  s
   45   2   1  -1       0.82757794  p_y
   45   2   1   0       0.83256882  p_z
   45   2   1   1       0.82796244  p_x
   45   3   2  -2       0.03477320  d_xy
   45   3   2  -1       0.03733894  d_yz
   45   3   2   0       0.01643038  d_z2
   45   3   2   1       0.03783581  d_xz
   45   3   2   2       0.01803105  d_x2-y2
   46   1   0   0       1.38245656  s
   46   2   1  -1       0.82930529  p_y
   46   2   1   0       0.83044615  p_z
   46   2   1   1       0.83533698  p_x
   46   3   2  -2       0.03729665  d_xy
   46   3   2  -1       0.03791684  d_yz
   46   3   2   0       0.01784242  d_z2
   46   3   2   1       0.03923371  d_xz
   46   3   2   2       0.01767306  d_x2-y2
   47   1   0   0       1.35518628  s
   47   2   1  -1       0.83235302  p_y
   47   2   1   0       0.83018273  p_z
   47   2   1   1       0.82402786  p_x
   47   3   2  -2       0.04034389  d_xy
   47   3   2  -1       0.03674982  d_yz
   47   3   2   0       0.01934992  d_z2
   47   3   2   1       0.03963652  d_xz
   47   3   2   2       0.01888683  d_x2-y2
   48   1   0   0       1.37560081  s
   48   2   1  -1       0.83081626  p_y
   48   2   1   0       0.82886248  p_z
   48   2   1   1       0.83330081  p_x
   48   3   2  -2       0.03907238  d_xy
   48   3   2  -1       0.03968732  d_yz
   48   3   2   0       0.01843289  d_z2
   48   3   2   1       0.03835113  d_xz
   48   3   2   2       0.01900131  d_x2-y2
   49   1   0   0       1.34731017  s
   49   2   1  -1       0.82555663  p_y
   49   2   1   0       0.82924304  p_z
   49   2   1   1       0.82904471  p_x
   49   3   2  -2       0.03859598  d_xy
   49   3   2  -1       0.04192667  d_yz
   49   3   2   0       0.01960043  d_z2
   49   3   2   1       0.04196490  d_xz
   49   3   2   2       0.02224474  d_x2-y2
   50   1   0   0       1.38633254  s
   50   2   1  -1       0.82951649  p_y
   50   2   1   0       0.82598561  p_z
   50   2   1   1       0.83182331  p_x
   50   3   2  -2       0.03439513  d_xy
   50   3   2  -1       0.03459440  d_yz
   50   3   2   0       0.01670518  d_z2
   50   3   2   1       0.03845968  d_xz
   50   3   2   2       0.01574857  d_x2-y2
   51   1   0   0       1.36323458  s
   51   2   1  -1       0.82251770  p_y
   51   2   1   0       0.82834065  p_z
   51   2   1   1       0.82896475  p_x
   51   3   2  -2       0.04170699  d_xy
   51   3   2  -1       0.03941723  d_yz
   51   3   2   0       0.01836730  d_z2
   51   3   2   1       0.03795364  d_xz
   51   3   2   2       0.02077672  d_x2-y2
   52   1   0   0       1.33820924  s
   52   2   1  -1       0.82851041  p_y
   52   2   1   0       0.82596263  p_z
   52   2   1   1       0.82959018  p_x
   52   3   2  -2       0.04140306  d_xy
   52   3   2  -1       0.04470803  d_yz
   52   3   2   0       0.02243252  d_z2
   52   3   2   1       0.04053370  d_xz
   52   3   2   2       0.02225444  d_x2-y2
   53   1   0   0       1.37754192  s
   53   2   1  -1       0.82976405  p_y
   53   2   1   0       0.82820527  p_z
   53   2   1   1       0.83346017  p_x
   53   3   2  -2       0.03932040  d_xy
   53   3   2  -1       0.03969883  d_yz
   53   3   2   0       0.01847457  d_z2
   53   3   2   1       0.03366007  d_xz
   53   3   2   2       0.01657845  d_x2-y2
   54   1   0   0       1.37032668  s
   54   2   1  -1       0.82809634  p_y
   54   2   1   0       0.82705614  p_z
   54   2   1   1       0.82551846  p_x
   54   3   2  -2       0.03785556  d_xy
   54   3   2  -1       0.03703899  d_yz
   54   3   2   0       0.01891352  d_z2
   54   3   2   1       0.03962461  d_xz
   54   3   2   2       0.01715110  d_x2-y2
   55   1   0   0       1.36455687  s
   55   2   1  -1       0.83224919  p_y
   55   2   1   0       0.82907822  p_z
   55   2   1   1       0.83097560  p_x
   55   3   2  -2       0.03880746  d_xy
   55   3   2  -1       0.03859569  d_yz
   55   3   2   0       0.01755782  d_z2
   55   3   2   1       0.03760790  d_xz
   55   3   2   2       0.01859031  d_x2-y2
   56   1   0   0       1.34939890  s
   56   2   1  -1       0.82601964  p_y
   56   2   1   0       0.82769023  p_z
   56   2   1   1       0.82810277  p_x
   56   3   2  -2       0.03958851  d_xy
   56   3   2  -1       0.03976004  d_yz
   56   3   2   0       0.01995679  d_z2
   56   3   2   1       0.04054698  d_xz
   56   3   2   2       0.02083233  d_x2-y2
   57   1   0   0       1.34222188  s
   57   2   1  -1       0.83061969  p_y
   57   2   1   0       0.82977035  p_z
   57   2   1   1       0.82789514  p_x
   57   3   2  -2       0.03812405  d_xy
   57   3   2  -1       0.04149628  d_yz
   57   3   2   0       0.01956825  d_z2
   57   3   2   1       0.03791631  d_xz
   57   3   2   2       0.01970834  d_x2-y2
   58   1   0   0       1.32370329  s
   58   2   1  -1       0.82481425  p_y
   58   2   1   0       0.82796784  p_z
   58   2   1   1       0.82536441  p_x
   58   3   2  -2       0.04378464  d_xy
   58   3   2  -1       0.04605275  d_yz
   58   3   2   0       0.02369830  d_z2
   58   3   2   1       0.04241844  d_xz
   58   3   2   2       0.02449744  d_x2-y2
   59   1   0   0       1.38038100  s
   59   2   1  -1       0.82511760  p_y
   59   2   1   0       0.83420049  p_z
   59   2   1   1       0.82622639  p_x
   59   3   2  -2       0.03967757  d_xy
   59   3   2  -1       0.03254569  d_yz
   59   3   2   0       0.01612564  d_z2
   59   3   2   1       0.03231394  d_xz
   59   3   2   2       0.01712811  d_x2-y2
   60   1   0   0       1.35913621  s
   60   2   1  -1       0.82959430  p_y
   60   2   1   0       0.82267601  p_z
   60   2   1   1       0.82687072  p_x
   60   3   2  -2       0.03895001  d_xy
   60   3   2  -1       0.04035688  d_yz
   60   3   2   0       0.02127881  d_z2
   60   3   2   1       0.04328655  d_xz
   60   3   2   2       0.01935811  d_x2-y2
   61   1   0   0       1.37314955  s
   61   2   1  -1       0.82919948  p_y
   61   2   1   0       0.83120580  p_z
   61   2   1   1       0.83206442  p_x
   61   3   2  -2       0.03604607  d_xy
   61   3   2  -1       0.03427150  d_yz
   61   3   2   0       0.01587425  d_z2
   61   3   2   1       0.03917977  d_xz
   61   3   2   2       0.01785298  d_x2-y2
   62   1   0   0       1.32754009  s
   62   2   1  -1       0.82656554  p_y
   62   2   1   0       0.82402812  p_z
   62   2   1   1       0.82607800  p_x
   62   3   2  -2       0.04127241  d_xy
   62   3   2  -1       0.04213649  d_yz
   62   3   2   0       0.02365243  d_z2
   62   3   2   1       0.04026864  d_xz
   62   3   2   2       0.02125569  d_x2-y2
   63   1   0   0       1.34710860  s
   63   2   1  -1       0.82993452  p_y
   63   2   1   0       0.82695356  p_z
   63   2   1   1       0.83403687  p_x
   63   3   2  -2       0.03659015  d_xy
   63   3   2  -1       0.04285047  d_yz
   63   3   2   0       0.02198017  d_z2
   63   3   2   1       0.04193446  d_xz
   63   3   2   2       0.02003347  d_x2-y2
   64   1   0   0       1.36896815  s
   64   2   1  -1       0.82477708  p_y
   64   2   1   0       0.82870825  p_z
   64   2   1   1       0.82472930  p_x
   64   3   2  -2       0.03837525  d_xy
   64   3   2  -1       0.03553802  d_yz
   64   3   2   0       0.01728405  d_z2
   64   3   2   1       0.03797134  d_xz
   64   3   2   2       0.01838406  d_x2-y2

Fermi level:                        -0.1330597039 H           -3.6207 eV
Band energy:                       -88.2045965121 H        -2400.1692 eV
TS:                                  0.0000000000 H            0.0000 eV
Band free energy (E-TS):           -88.2045965121 H        -2400.1692 eV
Extrapolated E(0K):                -88.2045965121 H        -2400.1692 eV
Input / Output electrons (q):    256.0000000000    256.0000000000

Energy H0:                         -88.1943202622 H        -2399.8896 eV
Energy SCC:                          0.0004978372 H            0.0135 eV
Total Electronic energy:           -88.1938224250 H        -2399.8760 eV
Repulsive energy:                    0.0000000000 H            0.0000 eV
Total energy:                      -88.1938224250 H        -2399.8760 eV
Extrapolated to 0:                 -88.1938224250 H        -2399.8760 eV
Total Mermin free energy:          -88.1938224250 H        -2399.8760 eV
Force related energy:              -88.1938224250 H        -2399.8760 eV

Non-constrained calculation

SCC converged

Warning: dipole moment is not defined absolutely!
Dipole moment:    0.57984716   -0.69400664    0.39772624 au
Dipole moment:    1.47382459   -1.76398908    1.01091936 Debye


