 Fermi distribution function

Calculation with static geometry


********************************************************************************
 iSCC Total electronic   Diff electronic      SCC error    
    9   -0.88106242E+02   -0.14081962E-08    0.70341662E-05
********************************************************************************

 Total charge:    -0.00000000

 Atomic gross charges (e)
 Atom           Charge
    1       0.01099457
    2       0.00631929
    3       0.02060154
    4      -0.00022199
    5       0.00816282
    6      -0.01674098
    7       0.00581102
    8      -0.00178622
    9      -0.00262602
   10       0.01562294
   11       0.00823156
   12       0.00435605
   13       0.00893405
   14      -0.00005921
   15       0.02345626
   16      -0.01457023
   17      -0.00052486
   18       0.00296714
   19      -0.01985097
   20      -0.00723067
   21      -0.01181092
   22       0.01508537
   23      -0.00543132
   24       0.01698078
   25      -0.01449014
   26      -0.01261993
   27       0.00196690
   28      -0.00181495
   29      -0.02547070
   30       0.00835639
   31      -0.01581475
   32       0.02595673
   33       0.01901727
   34      -0.00126324
   35       0.02376795
   36      -0.01535985
   37       0.01219363
   38      -0.02505893
   39       0.01020452
   40      -0.00219308
   41       0.00124792
   42       0.00330733
   43       0.00963210
   44      -0.01092690
   45      -0.00790219
   46      -0.00193310
   47      -0.00104634
   48       0.01624317
   49      -0.03106704
   50      -0.00741098
   51      -0.00385973
   52       0.01955076
   53       0.00587396
   54      -0.00073466
   55      -0.00389584
   56       0.00942124
   57      -0.02709424
   58      -0.00160490
   59      -0.02879298
   60      -0.00434797
   61       0.00999815
   62      -0.00008261
   63      -0.01550960
   64       0.01688664

Nr. of electrons (up):    256.00000000
Atom populations (up)
 Atom       Population
    1       3.98900543
    2       3.99368071
    3       3.97939846
    4       4.00022199
    5       3.99183718
    6       4.01674098
    7       3.99418898
    8       4.00178622
    9       4.00262602
   10       3.98437706
   11       3.99176844
   12       3.99564395
   13       3.99106595
   14       4.00005921
   15       3.97654374
   16       4.01457023
   17       4.00052486
   18       3.99703286
   19       4.01985097
   20       4.00723067
   21       4.01181092
   22       3.98491463
   23       4.00543132
   24       3.98301922
   25       4.01449014
   26       4.01261993
   27       3.99803310
   28       4.00181495
   29       4.02547070
   30       3.99164361
   31       4.01581475
   32       3.97404327
   33       3.98098273
   34       4.00126324
   35       3.97623205
   36       4.01535985
   37       3.98780637
   38       4.02505893
   39       3.98979548
   40       4.00219308
   41       3.99875208
   42       3.99669267
   43       3.99036790
   44       4.01092690
   45       4.00790219
   46       4.00193310
   47       4.00104634
   48       3.98375683
   49       4.03106704
   50       4.00741098
   51       4.00385973
   52       3.98044924
   53       3.99412604
   54       4.00073466
   55       4.00389584
   56       3.99057876
   57       4.02709424
   58       4.00160490
   59       4.02879298
   60       4.00434797
   61       3.99000185
   62       4.00008261
   63       4.01550960
   64       3.98311336

l-shell populations (up)
 Atom Sh.   l       Population
    1   1   0       1.34635488
    1   2   1       2.47473542
    1   3   2       0.16791513
    2   1   0       1.35644596
    2   2   1       2.47840363
    2   3   2       0.15883113
    3   1   0       1.33836014
    3   2   1       2.47599145
    3   3   2       0.16504686
    4   1   0       1.35247597
    4   2   1       2.48965821
    4   3   2       0.15808781
    5   1   0       1.35636487
    5   2   1       2.47533776
    5   3   2       0.16013456
    6   1   0       1.39709187
    6   2   1       2.47907561
    6   3   2       0.14057350
    7   1   0       1.35772226
    7   2   1       2.47774297
    7   3   2       0.15872375
    8   1   0       1.35841033
    8   2   1       2.48542871
    8   3   2       0.15794718
    9   1   0       1.36310684
    9   2   1       2.48060180
    9   3   2       0.15891737
   10   1   0       1.35581980
   10   2   1       2.46470859
   10   3   2       0.16384867
   11   1   0       1.36097970
   11   2   1       2.46255373
   11   3   2       0.16823501
   12   1   0       1.35357011
   12   2   1       2.48270442
   12   3   2       0.15936942
   13   1   0       1.34629582
   13   2   1       2.48112761
   13   3   2       0.16364252
   14   1   0       1.36002199
   14   2   1       2.47816032
   14   3   2       0.16187690
   15   1   0       1.34303493
   15   2   1       2.46774755
   15   3   2       0.16576126
   16   1   0       1.37561664
   16   2   1       2.49321526
   16   3   2       0.14573833
   17   1   0       1.35530090
   17   2   1       2.47838115
   17   3   2       0.16684281
   18   1   0       1.34933927
   18   2   1       2.48478805
   18   3   2       0.16290553
   19   1   0       1.38353505
   19   2   1       2.49206475
   19   3   2       0.14425117
   20   1   0       1.36625081
   20   2   1       2.48794668
   20   3   2       0.15303317
   21   1   0       1.36880950
   21   2   1       2.48465553
   21   3   2       0.15834590
   22   1   0       1.33777105
   22   2   1       2.48188951
   22   3   2       0.16525407
   23   1   0       1.36079482
   23   2   1       2.48447391
   23   3   2       0.16016260
   24   1   0       1.34925309
   24   2   1       2.47317992
   24   3   2       0.16058621
   25   1   0       1.36932306
   25   2   1       2.49759854
   25   3   2       0.14756855
   26   1   0       1.38795103
   26   2   1       2.47186387
   26   3   2       0.15280503
   27   1   0       1.36854092
   27   2   1       2.46568735
   27   3   2       0.16380483
   28   1   0       1.35732652
   28   2   1       2.48378152
   28   3   2       0.16070691
   29   1   0       1.38759413
   29   2   1       2.49476713
   29   3   2       0.14310944
   30   1   0       1.36947764
   30   2   1       2.45853026
   30   3   2       0.16363570
   31   1   0       1.36984413
   31   2   1       2.49957359
   31   3   2       0.14639703
   32   1   0       1.32594263
   32   2   1       2.47002540
   32   3   2       0.17807524
   33   1   0       1.34342273
   33   2   1       2.47397363
   33   3   2       0.16358636
   34   1   0       1.35953694
   34   2   1       2.48609878
   34   3   2       0.15562753
   35   1   0       1.32516365
   35   2   1       2.47799540
   35   3   2       0.17307299
   36   1   0       1.37944993
   36   2   1       2.48493200
   36   3   2       0.15097792
   37   1   0       1.34160105
   37   2   1       2.47521479
   37   3   2       0.17099054
   38   1   0       1.38436653
   38   2   1       2.50118516
   38   3   2       0.13950724
   39   1   0       1.34340028
   39   2   1       2.47327773
   39   3   2       0.17311747
   40   1   0       1.36683267
   40   2   1       2.47784404
   40   3   2       0.15751637
   41   1   0       1.36915340
   41   2   1       2.47456078
   41   3   2       0.15503790
   42   1   0       1.34820909
   42   2   1       2.47588102
   42   3   2       0.17260257
   43   1   0       1.36459451
   43   2   1       2.47096489
   43   3   2       0.15480850
   44   1   0       1.37246607
   44   2   1       2.48982156
   44   3   2       0.14863927
   45   1   0       1.37034657
   45   2   1       2.48659998
   45   3   2       0.15095564
   46   1   0       1.36363215
   46   2   1       2.48523941
   46   3   2       0.15306153
   47   1   0       1.37415690
   47   2   1       2.47386868
   47   3   2       0.15302076
   48   1   0       1.33064915
   48   2   1       2.48122249
   48   3   2       0.17188519
   49   1   0       1.39739993
   49   2   1       2.49267965
   49   3   2       0.14098746
   50   1   0       1.37283329
   50   2   1       2.48446650
   50   3   2       0.15011120
   51   1   0       1.34953607
   51   2   1       2.49182626
   51   3   2       0.16249740
   52   1   0       1.33468786
   52   2   1       2.47503831
   52   3   2       0.17072307
   53   1   0       1.34215475
   53   2   1       2.48380256
   53   3   2       0.16816873
   54   1   0       1.35119889
   54   2   1       2.48568949
   54   3   2       0.16384628
   55   1   0       1.37228949
   55   2   1       2.48190154
   55   3   2       0.14970480
   56   1   0       1.34409088
   56   2   1       2.47977758
   56   3   2       0.16671029
   57   1   0       1.38714974
   57   2   1       2.49309392
   57   3   2       0.14685058
   58   1   0       1.36403818
   58   2   1       2.47899066
   58   3   2       0.15857606
   59   1   0       1.38378100
   59   2   1       2.49451928
   59   3   2       0.15049270
   60   1   0       1.36998613
   60   2   1       2.47865073
   60   3   2       0.15571110
   61   1   0       1.34772788
   61   2   1       2.47990079
   61   3   2       0.16237318
   62   1   0       1.35882047
   62   2   1       2.47221987
   62   3   2       0.16904227
   63   1   0       1.38649067
   63   2   1       2.48167260
   63   3   2       0.14734633
   64   1   0       1.33892547
   64   2   1       2.47451672
   64   3   2       0.16967117

Orbital populations (up)
 Atom Sh.   l   m       Population  Label
    1   1   0   0       1.34635488  s
    1   2   1  -1       0.82112611  p_y
    1   2   1   0       0.83219518  p_z
    1   2   1   1       0.82141414  p_x
    1   3   2  -2       0.04094170  d_xy
    1   3   2  -1       0.04092964  d_yz
    1   3   2   0       0.02300305  d_z2
    1   3   2   1       0.04166307  d_xz
    1   3   2   2       0.02137766  d_x2-y2
    2   1   0   0       1.35644596  s
    2   2   1  -1       0.82117774  p_y
    2   2   1   0       0.83124989  p_z
    2   2   1   1       0.82597600  p_x
    2   3   2  -2       0.04301076  d_xy
    2   3   2  -1       0.03980499  d_yz
    2   3   2   0       0.01924082  d_z2
    2   3   2   1       0.03674354  d_xz
    2   3   2   2       0.02003101  d_x2-y2
    3   1   0   0       1.33836014  s
    3   2   1  -1       0.82542438  p_y
    3   2   1   0       0.82463878  p_z
    3   2   1   1       0.82592829  p_x
    3   3   2  -2       0.04072470  d_xy
    3   3   2  -1       0.04248471  d_yz
    3   3   2   0       0.02296852  d_z2
    3   3   2   1       0.03949220  d_xz
    3   3   2   2       0.01937673  d_x2-y2
    4   1   0   0       1.35247597  s
    4   2   1  -1       0.82172580  p_y
    4   2   1   0       0.83791552  p_z
    4   2   1   1       0.83001689  p_x
    4   3   2  -2       0.04291661  d_xy
    4   3   2  -1       0.03864322  d_yz
    4   3   2   0       0.01737242  d_z2
    4   3   2   1       0.03703136  d_xz
    4   3   2   2       0.02212420  d_x2-y2
    5   1   0   0       1.35636487  s
    5   2   1  -1       0.82320445  p_y
    5   2   1   0       0.82653312  p_z
    5   2   1   1       0.82560019  p_x
    5   3   2  -2       0.04261114  d_xy
    5   3   2  -1       0.03957998  d_yz
    5   3   2   0       0.02089110  d_z2
    5   3   2   1       0.03688755  d_xz
    5   3   2   2       0.02016479  d_x2-y2
    6   1   0   0       1.39709187  s
    6   2   1  -1       0.83307234  p_y
    6   2   1   0       0.82431186  p_z
    6   2   1   1       0.82169141  p_x
    6   3   2  -2       0.03535806  d_xy
    6   3   2  -1       0.03587929  d_yz
    6   3   2   0       0.01724622  d_z2
    6   3   2   1       0.03586451  d_xz
    6   3   2   2       0.01622541  d_x2-y2
    7   1   0   0       1.35772226  s
    7   2   1  -1       0.82484384  p_y
    7   2   1   0       0.82956588  p_z
    7   2   1   1       0.82333325  p_x
    7   3   2  -2       0.04346892  d_xy
    7   3   2  -1       0.03679242  d_yz
    7   3   2   0       0.01956467  d_z2
    7   3   2   1       0.03916141  d_xz
    7   3   2   2       0.01973633  d_x2-y2
    8   1   0   0       1.35841033  s
    8   2   1  -1       0.83043206  p_y
    8   2   1   0       0.82598162  p_z
    8   2   1   1       0.82901503  p_x
    8   3   2  -2       0.03755919  d_xy
    8   3   2  -1       0.03900814  d_yz
    8   3   2   0       0.01910075  d_z2
    8   3   2   1       0.04130275  d_xz
    8   3   2   2       0.02097635  d_x2-y2
    9   1   0   0       1.36310684  s
    9   2   1  -1       0.83193021  p_y
    9   2   1   0       0.82006118  p_z
    9   2   1   1       0.82861042  p_x
    9   3   2  -2       0.03831719  d_xy
    9   3   2  -1       0.03894976  d_yz
    9   3   2   0       0.02153421  d_z2
    9   3   2   1       0.04241061  d_xz
    9   3   2   2       0.01770561  d_x2-y2
   10   1   0   0       1.35581980  s
   10   2   1  -1       0.81858652  p_y
   10   2   1   0       0.81972900  p_z
   10   2   1   1       0.82639307  p_x
   10   3   2  -2       0.04372003  d_xy
   10   3   2  -1       0.04022028  d_yz
   10   3   2   0       0.02257622  d_z2
   10   3   2   1       0.03812490  d_xz
   10   3   2   2       0.01920723  d_x2-y2
   11   1   0   0       1.36097970  s
   11   2   1  -1       0.81772045  p_y
   11   2   1   0       0.82698109  p_z
   11   2   1   1       0.81785219  p_x
   11   3   2  -2       0.04564406  d_xy
   11   3   2  -1       0.03996788  d_yz
   11   3   2   0       0.02356098  d_z2
   11   3   2   1       0.03845640  d_xz
   11   3   2   2       0.02060569  d_x2-y2
   12   1   0   0       1.35357011  s
   12   2   1  -1       0.82649158  p_y
   12   2   1   0       0.83259103  p_z
   12   2   1   1       0.82362181  p_x
   12   3   2  -2       0.04185845  d_xy
   12   3   2  -1       0.03830821  d_yz
   12   3   2   0       0.01909655  d_z2
   12   3   2   1       0.03930028  d_xz
   12   3   2   2       0.02080593  d_x2-y2
   13   1   0   0       1.34629582  s
   13   2   1  -1       0.82527116  p_y
   13   2   1   0       0.83173951  p_z
   13   2   1   1       0.82411694  p_x
   13   3   2  -2       0.04152071  d_xy
   13   3   2  -1       0.03922029  d_yz
   13   3   2   0       0.02057308  d_z2
   13   3   2   1       0.04112593  d_xz
   13   3   2   2       0.02120251  d_x2-y2
   14   1   0   0       1.36002199  s
   14   2   1  -1       0.82116905  p_y
   14   2   1   0       0.83281704  p_z
   14   2   1   1       0.82417423  p_x
   14   3   2  -2       0.04081719  d_xy
   14   3   2  -1       0.04014222  d_yz
   14   3   2   0       0.01859185  d_z2
   14   3   2   1       0.03945214  d_xz
   14   3   2   2       0.02287351  d_x2-y2
   15   1   0   0       1.34303493  s
   15   2   1  -1       0.81886614  p_y
   15   2   1   0       0.82178963  p_z
   15   2   1   1       0.82709178  p_x
   15   3   2  -2       0.04214877  d_xy
   15   3   2  -1       0.04204349  d_yz
   15   3   2   0       0.02314298  d_z2
   15   3   2   1       0.03862711  d_xz
   15   3   2   2       0.01979890  d_x2-y2
   16   1   0   0       1.37561664  s
   16   2   1  -1       0.83051602  p_y
   16   2   1   0       0.82863056  p_z
   16   2   1   1       0.83406868  p_x
   16   3   2  -2       0.03796907  d_xy
   16   3   2  -1       0.03623847  d_yz
   16   3   2   0       0.01889744  d_z2
   16   3   2   1       0.03617679  d_xz
   16   3   2   2       0.01645656  d_x2-y2
   17   1   0   0       1.35530090  s
   17   2   1  -1       0.82324857  p_y
   17   2   1   0       0.83030755  p_z
   17   2   1   1       0.82482503  p_x
   17   3   2  -2       0.04454778  d_xy
   17   3   2  -1       0.03725497  d_yz
   17   3   2   0       0.02215452  d_z2
   17   3   2   1       0.04224102  d_xz
   17   3   2   2       0.02064451  d_x2-y2
   18   1   0   0       1.34933927  s
   18   2   1  -1       0.83175277  p_y
   18   2   1   0       0.82417494  p_z
   18   2   1   1       0.82886035  p_x
   18   3   2  -2       0.03476772  d_xy
   18   3   2  -1       0.04446103  d_yz
   18   3   2   0       0.01988581  d_z2
   18   3   2   1       0.04260471  d_xz
   18   3   2   2       0.02118626  d_x2-y2
   19   1   0   0       1.38353505  s
   19   2   1  -1       0.82689306  p_y
   19   2   1   0       0.83341608  p_z
   19   2   1   1       0.83175562  p_x
   19   3   2  -2       0.03853232  d_xy
   19   3   2  -1       0.03943782  d_yz
   19   3   2   0       0.01727552  d_z2
   19   3   2   1       0.03215720  d_xz
   19   3   2   2       0.01684830  d_x2-y2
   20   1   0   0       1.36625081  s
   20   2   1  -1       0.83459337  p_y
   20   2   1   0       0.82481539  p_z
   20   2   1   1       0.82853791  p_x
   20   3   2  -2       0.03513055  d_xy
   20   3   2  -1       0.03611293  d_yz
   20   3   2   0       0.01908468  d_z2
   20   3   2   1       0.04416727  d_xz
   20   3   2   2       0.01853774  d_x2-y2
   21   1   0   0       1.36880950  s
   21   2   1  -1       0.82643555  p_y
   21   2   1   0       0.83065087  p_z
   21   2   1   1       0.82756911  p_x
   21   3   2  -2       0.03757366  d_xy
   21   3   2  -1       0.03662462  d_yz
   21   3   2   0       0.01973956  d_z2
   21   3   2   1       0.04399583  d_xz
   21   3   2   2       0.02041222  d_x2-y2
   22   1   0   0       1.33777105  s
   22   2   1  -1       0.82902454  p_y
   22   2   1   0       0.82860258  p_z
   22   2   1   1       0.82426238  p_x
   22   3   2  -2       0.04445622  d_xy
   22   3   2  -1       0.03539271  d_yz
   22   3   2   0       0.02132558  d_z2
   22   3   2   1       0.04328075  d_xz
   22   3   2   2       0.02079882  d_x2-y2
   23   1   0   0       1.36079482  s
   23   2   1  -1       0.83354766  p_y
   23   2   1   0       0.82062662  p_z
   23   2   1   1       0.83029963  p_x
   23   3   2  -2       0.03601137  d_xy
   23   3   2  -1       0.04164549  d_yz
   23   3   2   0       0.02051541  d_z2
   23   3   2   1       0.04269963  d_xz
   23   3   2   2       0.01929069  d_x2-y2
   24   1   0   0       1.34925309  s
   24   2   1  -1       0.81942393  p_y
   24   2   1   0       0.82781747  p_z
   24   2   1   1       0.82593851  p_x
   24   3   2  -2       0.04017089  d_xy
   24   3   2  -1       0.04454677  d_yz
   24   3   2   0       0.02064982  d_z2
   24   3   2   1       0.03441357  d_xz
   24   3   2   2       0.02080516  d_x2-y2
   25   1   0   0       1.36932306  s
   25   2   1  -1       0.82937521  p_y
   25   2   1   0       0.83325281  p_z
   25   2   1   1       0.83497051  p_x
   25   3   2  -2       0.03670869  d_xy
   25   3   2  -1       0.03864774  d_yz
   25   3   2   0       0.01736740  d_z2
   25   3   2   1       0.03592828  d_xz
   25   3   2   2       0.01891645  d_x2-y2
   26   1   0   0       1.38795103  s
   26   2   1  -1       0.83273698  p_y
   26   2   1   0       0.81337314  p_z
   26   2   1   1       0.82575375  p_x
   26   3   2  -2       0.03576811  d_xy
   26   3   2  -1       0.04075379  d_yz
   26   3   2   0       0.01885485  d_z2
   26   3   2   1       0.03954513  d_xz
   26   3   2   2       0.01788317  d_x2-y2
   27   1   0   0       1.36854092  s
   27   2   1  -1       0.82023393  p_y
   27   2   1   0       0.83055132  p_z
   27   2   1   1       0.81490210  p_x
   27   3   2  -2       0.03957326  d_xy
   27   3   2  -1       0.03981213  d_yz
   27   3   2   0       0.02179751  d_z2
   27   3   2   1       0.04270693  d_xz
   27   3   2   2       0.01991499  d_x2-y2
   28   1   0   0       1.35732652  s
   28   2   1  -1       0.82931491  p_y
   28   2   1   0       0.82684655  p_z
   28   2   1   1       0.82762006  p_x
   28   3   2  -2       0.04275193  d_xy
   28   3   2  -1       0.03856547  d_yz
   28   3   2   0       0.02064270  d_z2
   28   3   2   1       0.03888364  d_xz
   28   3   2   2       0.01986316  d_x2-y2
   29   1   0   0       1.38759413  s
   29   2   1  -1       0.84053137  p_y
   29   2   1   0       0.81931159  p_z
   29   2   1   1       0.83492417  p_x
   29   3   2  -2       0.03175901  d_xy
   29   3   2  -1       0.04101910  d_yz
   29   3   2   0       0.01809214  d_z2
   29   3   2   1       0.03658632  d_xz
   29   3   2   2       0.01565288  d_x2-y2
   30   1   0   0       1.36947764  s
   30   2   1  -1       0.82207767  p_y
   30   2   1   0       0.82278485  p_z
   30   2   1   1       0.81366775  p_x
   30   3   2  -2       0.03838949  d_xy
   30   3   2  -1       0.04017405  d_yz
   30   3   2   0       0.02040061  d_z2
   30   3   2   1       0.04197391  d_xz
   30   3   2   2       0.02269764  d_x2-y2
   31   1   0   0       1.36984413  s
   31   2   1  -1       0.83775378  p_y
   31   2   1   0       0.82889386  p_z
   31   2   1   1       0.83292595  p_x
   31   3   2  -2       0.03738235  d_xy
   31   3   2  -1       0.03485059  d_yz
   31   3   2   0       0.01962207  d_z2
   31   3   2   1       0.03795720  d_xz
   31   3   2   2       0.01658482  d_x2-y2
   32   1   0   0       1.32594263  s
   32   2   1  -1       0.82515744  p_y
   32   2   1   0       0.82317901  p_z
   32   2   1   1       0.82168895  p_x
   32   3   2  -2       0.04481306  d_xy
   32   3   2  -1       0.03944221  d_yz
   32   3   2   0       0.02556524  d_z2
   32   3   2   1       0.04688917  d_xz
   32   3   2   2       0.02136556  d_x2-y2
   33   1   0   0       1.34342273  s
   33   2   1  -1       0.83251308  p_y
   33   2   1   0       0.81146739  p_z
   33   2   1   1       0.82999316  p_x
   33   3   2  -2       0.03949220  d_xy
   33   3   2  -1       0.04230796  d_yz
   33   3   2   0       0.02350973  d_z2
   33   3   2   1       0.04040539  d_xz
   33   3   2   2       0.01787108  d_x2-y2
   34   1   0   0       1.35953694  s
   34   2   1  -1       0.82661454  p_y
   34   2   1   0       0.82897784  p_z
   34   2   1   1       0.83050639  p_x
   34   3   2  -2       0.04293000  d_xy
   34   3   2  -1       0.03679911  d_yz
   34   3   2   0       0.02005189  d_z2
   34   3   2   1       0.03747281  d_xz
   34   3   2   2       0.01837372  d_x2-y2
   35   1   0   0       1.32516365  s
   35   2   1  -1       0.82952734  p_y
   35   2   1   0       0.82649500  p_z
   35   2   1   1       0.82197307  p_x
   35   3   2  -2       0.04235290  d_xy
   35   3   2  -1       0.04150000  d_yz
   35   3   2   0       0.02382289  d_z2
   35   3   2   1       0.04332570  d_xz
   35   3   2   2       0.02207150  d_x2-y2
   36   1   0   0       1.37944993  s
   36   2   1  -1       0.82949658  p_y
   36   2   1   0       0.82579219  p_z
   36   2   1   1       0.82964322  p_x
   36   3   2  -2       0.03578484  d_xy
   36   3   2  -1       0.03992034  d_yz
   36   3   2   0       0.02026480  d_z2
   36   3   2   1       0.03802607  d_xz
   36   3   2   2       0.01698187  d_x2-y2
   37   1   0   0       1.34160105  s
   37   2   1  -1       0.82400643  p_y
   37   2   1   0       0.82912512  p_z
   37   2   1   1       0.82208323  p_x
   37   3   2  -2       0.04421688  d_xy
   37   3   2  -1       0.04112011  d_yz
   37   3   2   0       0.02404118  d_z2
   37   3   2   1       0.04033345  d_xz
   37   3   2   2       0.02127891  d_x2-y2
   38   1   0   0       1.38436653  s
   38   2   1  -1       0.83890284  p_y
   38   2   1   0       0.82304271  p_z
   38   2   1   1       0.83923960  p_x
   38   3   2  -2       0.02890682  d_xy
   38   3   2  -1       0.04095956  d_yz
   38   3   2   0       0.01687792  d_z2
   38   3   2   1       0.03701982  d_xz
   38   3   2   2       0.01574311  d_x2-y2
   39   1   0   0       1.34340028  s
   39   2   1  -1       0.81895119  p_y
   39   2   1   0       0.83210241  p_z
   39   2   1   1       0.82222413  p_x
   39   3   2  -2       0.04662977  d_xy
   39   3   2  -1       0.04116812  d_yz
   39   3   2   0       0.02156281  d_z2
   39   3   2   1       0.04058242  d_xz
   39   3   2   2       0.02317435  d_x2-y2
   40   1   0   0       1.36683267  s
   40   2   1  -1       0.82753027  p_y
   40   2   1   0       0.82192332  p_z
   40   2   1   1       0.82839045  p_x
   40   3   2  -2       0.03783905  d_xy
   40   3   2  -1       0.03831800  d_yz
   40   3   2   0       0.01887142  d_z2
   40   3   2   1       0.04147312  d_xz
   40   3   2   2       0.02101478  d_x2-y2
   41   1   0   0       1.36915340  s
   41   2   1  -1       0.82685842  p_y
   41   2   1   0       0.82203775  p_z
   41   2   1   1       0.82566460  p_x
   41   3   2  -2       0.03831283  d_xy
   41   3   2  -1       0.03544747  d_yz
   41   3   2   0       0.02071334  d_z2
   41   3   2   1       0.04292393  d_xz
   41   3   2   2       0.01764033  d_x2-y2
   42   1   0   0       1.34820909  s
   42   2   1  -1       0.82073823  p_y
   42   2   1   0       0.83552826  p_z
   42   2   1   1       0.81961452  p_x
   42   3   2  -2       0.04662770  d_xy
   42   3   2  -1       0.03804856  d_yz
   42   3   2   0       0.02098317  d_z2
   42   3   2   1       0.04273467  d_xz
   42   3   2   2       0.02420847  d_x2-y2
   43   1   0   0       1.36459451  s
   43   2   1  -1       0.82797728  p_y
   43   2   1   0       0.81715602  p_z
   43   2   1   1       0.82583160  p_x
   43   3   2  -2       0.03592339  d_xy
   43   3   2  -1       0.03985737  d_yz
   43   3   2   0       0.02078743  d_z2
   43   3   2   1       0.04079753  d_xz
   43   3   2   2       0.01744277  d_x2-y2
   44   1   0   0       1.37246607  s
   44   2   1  -1       0.82832882  p_y
   44   2   1   0       0.82669118  p_z
   44   2   1   1       0.83480156  p_x
   44   3   2  -2       0.03283928  d_xy
   44   3   2  -1       0.04225520  d_yz
   44   3   2   0       0.01756622  d_z2
   44   3   2   1       0.03781607  d_xz
   44   3   2   2       0.01816250  d_x2-y2
   45   1   0   0       1.37034657  s
   45   2   1  -1       0.82675521  p_y
   45   2   1   0       0.83024092  p_z
   45   2   1   1       0.82960386  p_x
   45   3   2  -2       0.03625644  d_xy
   45   3   2  -1       0.03996589  d_yz
   45   3   2   0       0.01789977  d_z2
   45   3   2   1       0.03818823  d_xz
   45   3   2   2       0.01864530  d_x2-y2
   46   1   0   0       1.36363215  s
   46   2   1  -1       0.83772983  p_y
   46   2   1   0       0.82124907  p_z
   46   2   1   1       0.82626052  p_x
   46   3   2  -2       0.03275440  d_xy
   46   3   2  -1       0.04018420  d_yz
   46   3   2   0       0.02035448  d_z2
   46   3   2   1       0.04139234  d_xz
   46   3   2   2       0.01837612  d_x2-y2
   47   1   0   0       1.37415690  s
   47   2   1  -1       0.83040995  p_y
   47   2   1   0       0.82133282  p_z
   47   2   1   1       0.82212591  p_x
   47   3   2  -2       0.03828250  d_xy
   47   3   2  -1       0.03647330  d_yz
   47   3   2   0       0.02024354  d_z2
   47   3   2   1       0.03914995  d_xz
   47   3   2   2       0.01887147  d_x2-y2
   48   1   0   0       1.33064915  s
   48   2   1  -1       0.82608148  p_y
   48   2   1   0       0.82836522  p_z
   48   2   1   1       0.82677579  p_x
   48   3   2  -2       0.04673293  d_xy
   48   3   2  -1       0.04012452  d_yz
   48   3   2   0       0.02196940  d_z2
   48   3   2   1       0.04026103  d_xz
   48   3   2   2       0.02279730  d_x2-y2
   49   1   0   0       1.39739993  s
   49   2   1  -1       0.83002783  p_y
   49   2   1   0       0.83272014  p_z
   49   2   1   1       0.82993167  p_x
   49   3   2  -2       0.03799051  d_xy
   49   3   2  -1       0.03311736  d_yz
   49   3   2   0       0.01735481  d_z2
   49   3   2   1       0.03638365  d_xz
   49   3   2   2       0.01614113  d_x2-y2
   50   1   0   0       1.37283329  s
   50   2   1  -1       0.82814332  p_y
   50   2   1   0       0.83101547  p_z
   50   2   1   1       0.82530771  p_x
   50   3   2  -2       0.03965712  d_xy
   50   3   2  -1       0.03434322  d_yz
   50   3   2   0       0.01983451  d_z2
   50   3   2   1       0.03928903  d_xz
   50   3   2   2       0.01698732  d_x2-y2
   51   1   0   0       1.34953607  s
   51   2   1  -1       0.82600561  p_y
   51   2   1   0       0.83628958  p_z
   51   2   1   1       0.82953107  p_x
   51   3   2  -2       0.04435638  d_xy
   51   3   2  -1       0.03960833  d_yz
   51   3   2   0       0.01844671  d_z2
   51   3   2   1       0.03760199  d_xz
   51   3   2   2       0.02248400  d_x2-y2
   52   1   0   0       1.33468786  s
   52   2   1  -1       0.82787367  p_y
   52   2   1   0       0.82303729  p_z
   52   2   1   1       0.82412735  p_x
   52   3   2  -2       0.04073465  d_xy
   52   3   2  -1       0.04392885  d_yz
   52   3   2   0       0.02368770  d_z2
   52   3   2   1       0.04059509  d_xz
   52   3   2   2       0.02177678  d_x2-y2
   53   1   0   0       1.34215475  s
   53   2   1  -1       0.82557571  p_y
   53   2   1   0       0.83304217  p_z
   53   2   1   1       0.82518468  p_x
   53   3   2  -2       0.04877403  d_xy
   53   3   2  -1       0.03917796  d_yz
   53   3   2   0       0.02207234  d_z2
   53   3   2   1       0.03614596  d_xz
   53   3   2   2       0.02199844  d_x2-y2
   54   1   0   0       1.35119889  s
   54   2   1  -1       0.83099618  p_y
   54   2   1   0       0.82699397  p_z
   54   2   1   1       0.82769934  p_x
   54   3   2  -2       0.03926227  d_xy
   54   3   2  -1       0.03798514  d_yz
   54   3   2   0       0.02156642  d_z2
   54   3   2   1       0.04435658  d_xz
   54   3   2   2       0.02067586  d_x2-y2
   55   1   0   0       1.37228949  s
   55   2   1  -1       0.82573672  p_y
   55   2   1   0       0.82738047  p_z
   55   2   1   1       0.82878436  p_x
   55   3   2  -2       0.03891315  d_xy
   55   3   2  -1       0.03851187  d_yz
   55   3   2   0       0.01797352  d_z2
   55   3   2   1       0.03621689  d_xz
   55   3   2   2       0.01808938  d_x2-y2
   56   1   0   0       1.34409088  s
   56   2   1  -1       0.82505410  p_y
   56   2   1   0       0.83042954  p_z
   56   2   1   1       0.82429394  p_x
   56   3   2  -2       0.04231200  d_xy
   56   3   2  -1       0.04305775  d_yz
   56   3   2   0       0.02085872  d_z2
   56   3   2   1       0.03889919  d_xz
   56   3   2   2       0.02158263  d_x2-y2
   57   1   0   0       1.38714974  s
   57   2   1  -1       0.82461109  p_y
   57   2   1   0       0.83681269  p_z
   57   2   1   1       0.83167013  p_x
   57   3   2  -2       0.03752952  d_xy
   57   3   2  -1       0.04086391  d_yz
   57   3   2   0       0.01537813  d_z2
   57   3   2   1       0.03327638  d_xz
   57   3   2   2       0.01980264  d_x2-y2
   58   1   0   0       1.36403818  s
   58   2   1  -1       0.82571358  p_y
   58   2   1   0       0.83007207  p_z
   58   2   1   1       0.82320501  p_x
   58   3   2  -2       0.03877617  d_xy
   58   3   2  -1       0.04170485  d_yz
   58   3   2   0       0.02004347  d_z2
   58   3   2   1       0.03795262  d_xz
   58   3   2   2       0.02009894  d_x2-y2
   59   1   0   0       1.38378100  s
   59   2   1  -1       0.82786117  p_y
   59   2   1   0       0.83854349  p_z
   59   2   1   1       0.82811462  p_x
   59   3   2  -2       0.04348762  d_xy
   59   3   2  -1       0.03290600  d_yz
   59   3   2   0       0.01708010  d_z2
   59   3   2   1       0.03817861  d_xz
   59   3   2   2       0.01884037  d_x2-y2
   60   1   0   0       1.36998613  s
   60   2   1  -1       0.82743446  p_y
   60   2   1   0       0.82338135  p_z
   60   2   1   1       0.82783492  p_x
   60   3   2  -2       0.03729687  d_xy
   60   3   2  -1       0.03610565  d_yz
   60   3   2   0       0.01986113  d_z2
   60   3   2   1       0.04319964  d_xz
   60   3   2   2       0.01924782  d_x2-y2
   61   1   0   0       1.34772788  s
   61   2   1  -1       0.82521237  p_y
   61   2   1   0       0.82699853  p_z
   61   2   1   1       0.82768988  p_x
   61   3   2  -2       0.03736606  d_xy
   61   3   2  -1       0.03758410  d_yz
   61   3   2   0       0.01902025  d_z2
   61   3   2   1       0.04583545  d_xz
   61   3   2   2       0.02256732  d_x2-y2
   62   1   0   0       1.35882047  s
   62   2   1  -1       0.81221285  p_y
   62   2   1   0       0.83193728  p_z
   62   2   1   1       0.82806974  p_x
   62   3   2  -2       0.04480782  d_xy
   62   3   2  -1       0.04471526  d_yz
   62   3   2   0       0.02098356  d_z2
   62   3   2   1       0.03637019  d_xz
   62   3   2   2       0.02216544  d_x2-y2
   63   1   0   0       1.38649067  s
   63   2   1  -1       0.82961685  p_y
   63   2   1   0       0.82191871  p_z
   63   2   1   1       0.83013705  p_x
   63   3   2  -2       0.03163705  d_xy
   63   3   2  -1       0.04230867  d_yz
   63   3   2   0       0.01763412  d_z2
   63   3   2   1       0.03766485  d_xz
   63   3   2   2       0.01810163  d_x2-y2
   64   1   0   0       1.33892547  s
   64   2   1  -1       0.82214309  p_y
   64   2   1   0       0.83178293  p_z
   64   2   1   1       0.82059071  p_x
   64   3   2  -2       0.04592462  d_xy
   64   3   2  -1       0.03842616  d_yz
   64   3   2   0       0.01924473  d_z2
   64   3   2   1       0.04153423  d_xz
   64   3   2   2       0.02454143  d_x2-y2

Fermi level:                        -0.1333248650 H           -3.6280 eV
Band energy:                       -88.1158585176 H        -2397.7545 eV
TS:                                  0.0000000000 H            0.0000 eV
Band free energy (E-TS):           -88.1158585176 H        -2397.7545 eV
Extrapolated E(0K):                -88.1158585176 H        -2397.7545 eV
Input / Output electrons (q):    256.0000000000    256.0000000000

Energy H0:                         -88.1067254677 H        -2397.5060 eV
Energy SCC:                          0.0004837346 H            0.0132 eV
Total Electronic energy:           -88.1062417331 H        -2397.4928 eV
Repulsive energy:                    0.0000000000 H            0.0000 eV
Total energy:                      -88.1062417331 H        -2397.4928 eV
Extrapolated to 0:                 -88.1062417331 H        -2397.4928 eV
Total Mermin free energy:          -88.1062417331 H        -2397.4928 eV
Force related energy:              -88.1062417331 H        -2397.4928 eV

Non-constrained calculation

SCC converged

Warning: dipole moment is not defined absolutely!
Dipole moment:    0.80315476   -1.02809155    0.39509962 au
Dipole moment:    2.04141595   -2.61314829    1.00424315 Debye


