 Fermi distribution function

Calculation with static geometry


********************************************************************************
 iSCC Total electronic   Diff electronic      SCC error    
    9   -0.88178973E+02   -0.15202346E-08    0.72695669E-05
********************************************************************************

 Total charge:    -0.00000000

 Atomic gross charges (e)
 Atom           Charge
    1      -0.01267523
    2      -0.01312488
    3      -0.00638593
    4       0.00407643
    5       0.01443860
    6       0.01513210
    7      -0.00088654
    8       0.02434186
    9       0.00252813
   10       0.00844876
   11      -0.02820600
   12       0.01599756
   13      -0.00083868
   14       0.01865577
   15       0.00626427
   16       0.00484131
   17       0.01431778
   18      -0.01164438
   19      -0.00035001
   20      -0.01274480
   21       0.00513499
   22      -0.01198493
   23       0.00895792
   24      -0.00509871
   25      -0.00692884
   26       0.00451975
   27       0.01817729
   28      -0.00072897
   29       0.00750666
   30      -0.00157656
   31      -0.01539881
   32      -0.01427226
   33       0.00480777
   34       0.01543087
   35      -0.00652506
   36      -0.01708983
   37      -0.01044856
   38       0.01464924
   39       0.01024101
   40       0.02248899
   41      -0.00540924
   42       0.01549230
   43      -0.00228584
   44       0.00911478
   45       0.01474092
   46      -0.00708133
   47      -0.01153651
   48       0.01714876
   49      -0.01726719
   50       0.00795482
   51       0.00023365
   52       0.00626847
   53       0.01550462
   54      -0.02274983
   55      -0.00061034
   56      -0.04159731
   57       0.00363953
   58      -0.00058633
   59       0.01988249
   60      -0.01965201
   61      -0.01343380
   62      -0.00441593
   63      -0.01584850
   64      -0.01155422

Nr. of electrons (up):    256.00000000
Atom populations (up)
 Atom       Population
    1       4.01267523
    2       4.01312488
    3       4.00638593
    4       3.99592357
    5       3.98556140
    6       3.98486790
    7       4.00088654
    8       3.97565814
    9       3.99747187
   10       3.99155124
   11       4.02820600
   12       3.98400244
   13       4.00083868
   14       3.98134423
   15       3.99373573
   16       3.99515869
   17       3.98568222
   18       4.01164438
   19       4.00035001
   20       4.01274480
   21       3.99486501
   22       4.01198493
   23       3.99104208
   24       4.00509871
   25       4.00692884
   26       3.99548025
   27       3.98182271
   28       4.00072897
   29       3.99249334
   30       4.00157656
   31       4.01539881
   32       4.01427226
   33       3.99519223
   34       3.98456913
   35       4.00652506
   36       4.01708983
   37       4.01044856
   38       3.98535076
   39       3.98975899
   40       3.97751101
   41       4.00540924
   42       3.98450770
   43       4.00228584
   44       3.99088522
   45       3.98525908
   46       4.00708133
   47       4.01153651
   48       3.98285124
   49       4.01726719
   50       3.99204518
   51       3.99976635
   52       3.99373153
   53       3.98449538
   54       4.02274983
   55       4.00061034
   56       4.04159731
   57       3.99636047
   58       4.00058633
   59       3.98011751
   60       4.01965201
   61       4.01343380
   62       4.00441593
   63       4.01584850
   64       4.01155422

l-shell populations (up)
 Atom Sh.   l       Population
    1   1   0       1.36393198
    1   2   1       2.48855921
    1   3   2       0.16018404
    2   1   0       1.38591354
    2   2   1       2.49302864
    2   3   2       0.13418270
    3   1   0       1.36148052
    3   2   1       2.48545711
    3   3   2       0.15944830
    4   1   0       1.35873299
    4   2   1       2.48329915
    4   3   2       0.15389143
    5   1   0       1.34766560
    5   2   1       2.48097330
    5   3   2       0.15692251
    6   1   0       1.33785046
    6   2   1       2.48415704
    6   3   2       0.16286040
    7   1   0       1.36069951
    7   2   1       2.49378402
    7   3   2       0.14640301
    8   1   0       1.33184270
    8   2   1       2.46611425
    8   3   2       0.17770118
    9   1   0       1.35116255
    9   2   1       2.49474855
    9   3   2       0.15156078
   10   1   0       1.34929451
   10   2   1       2.48593208
   10   3   2       0.15632465
   11   1   0       1.39807471
   11   2   1       2.49951518
   11   3   2       0.13061611
   12   1   0       1.35445592
   12   2   1       2.46422961
   12   3   2       0.16531691
   13   1   0       1.36540413
   13   2   1       2.48309184
   13   3   2       0.15234271
   14   1   0       1.33099391
   14   2   1       2.47470988
   14   3   2       0.17564044
   15   1   0       1.34330711
   15   2   1       2.47755965
   15   3   2       0.17286898
   16   1   0       1.36856400
   16   2   1       2.47476165
   16   3   2       0.15183304
   17   1   0       1.34045231
   17   2   1       2.48375329
   17   3   2       0.16147662
   18   1   0       1.37231309
   18   2   1       2.48862395
   18   3   2       0.15070734
   19   1   0       1.36163704
   19   2   1       2.48443911
   19   3   2       0.15427387
   20   1   0       1.36812019
   20   2   1       2.48958739
   20   3   2       0.15503722
   21   1   0       1.34418160
   21   2   1       2.48355862
   21   3   2       0.16712479
   22   1   0       1.35680758
   22   2   1       2.49367751
   22   3   2       0.16149984
   23   1   0       1.34377078
   23   2   1       2.48783763
   23   3   2       0.15943368
   24   1   0       1.36013185
   24   2   1       2.48454686
   24   3   2       0.16042001
   25   1   0       1.37569101
   25   2   1       2.48308865
   25   3   2       0.14814918
   26   1   0       1.35614276
   26   2   1       2.48413153
   26   3   2       0.15520596
   27   1   0       1.33203485
   27   2   1       2.47791841
   27   3   2       0.17186945
   28   1   0       1.35566317
   28   2   1       2.48703913
   28   3   2       0.15802666
   29   1   0       1.34644522
   29   2   1       2.47445243
   29   3   2       0.17159569
   30   1   0       1.36668792
   30   2   1       2.48817722
   30   3   2       0.14671142
   31   1   0       1.37679844
   31   2   1       2.48647592
   31   3   2       0.15212444
   32   1   0       1.38170673
   32   2   1       2.48890342
   32   3   2       0.14366211
   33   1   0       1.36171264
   33   2   1       2.47788381
   33   3   2       0.15559578
   34   1   0       1.34193462
   34   2   1       2.47351850
   34   3   2       0.16911600
   35   1   0       1.36572536
   35   2   1       2.48516667
   35   3   2       0.15563304
   36   1   0       1.38515853
   36   2   1       2.48953782
   36   3   2       0.14239348
   37   1   0       1.37836270
   37   2   1       2.48729401
   37   3   2       0.14479185
   38   1   0       1.33820918
   38   2   1       2.47534500
   38   3   2       0.17179658
   39   1   0       1.34865765
   39   2   1       2.48204428
   39   3   2       0.15905705
   40   1   0       1.32327277
   40   2   1       2.47761383
   40   3   2       0.17662442
   41   1   0       1.36114406
   41   2   1       2.49021040
   41   3   2       0.15405478
   42   1   0       1.32893169
   42   2   1       2.48458655
   42   3   2       0.17098946
   43   1   0       1.34912937
   43   2   1       2.48746016
   43   3   2       0.16569630
   44   1   0       1.35066885
   44   2   1       2.47198077
   44   3   2       0.16823560
   45   1   0       1.33056393
   45   2   1       2.48111805
   45   3   2       0.17357711
   46   1   0       1.37052122
   46   2   1       2.49124363
   46   3   2       0.14531648
   47   1   0       1.38192785
   47   2   1       2.48805059
   47   3   2       0.14155807
   48   1   0       1.34717062
   48   2   1       2.47184402
   48   3   2       0.16383659
   49   1   0       1.39523500
   49   2   1       2.48539754
   49   3   2       0.13663466
   50   1   0       1.33750725
   50   2   1       2.47999431
   50   3   2       0.17454362
   51   1   0       1.35559257
   51   2   1       2.48268711
   51   3   2       0.16148666
   52   1   0       1.34652338
   52   2   1       2.47834760
   52   3   2       0.16886055
   53   1   0       1.32383599
   53   2   1       2.49108593
   53   3   2       0.16957346
   54   1   0       1.39150158
   54   2   1       2.49477349
   54   3   2       0.13647476
   55   1   0       1.35842525
   55   2   1       2.48747455
   55   3   2       0.15471054
   56   1   0       1.40410516
   56   2   1       2.50902103
   56   3   2       0.12847111
   57   1   0       1.35629851
   57   2   1       2.48184833
   57   3   2       0.15821364
   58   1   0       1.35633868
   58   2   1       2.48589732
   58   3   2       0.15835033
   59   1   0       1.31647467
   59   2   1       2.48067312
   59   3   2       0.18296971
   60   1   0       1.38009306
   60   2   1       2.49835282
   60   3   2       0.14120613
   61   1   0       1.36927455
   61   2   1       2.48837325
   61   3   2       0.15578600
   62   1   0       1.35527245
   62   2   1       2.49282726
   62   3   2       0.15631623
   63   1   0       1.38543668
   63   2   1       2.49086747
   63   3   2       0.13954435
   64   1   0       1.36542036
   64   2   1       2.48440259
   64   3   2       0.16173127

Orbital populations (up)
 Atom Sh.   l   m       Population  Label
    1   1   0   0       1.36393198  s
    1   2   1  -1       0.82542392  p_y
    1   2   1   0       0.83485200  p_z
    1   2   1   1       0.82828329  p_x
    1   3   2  -2       0.04204871  d_xy
    1   3   2  -1       0.04027331  d_yz
    1   3   2   0       0.01697276  d_z2
    1   3   2   1       0.03850154  d_xz
    1   3   2   2       0.02238772  d_x2-y2
    2   1   0   0       1.38591354  s
    2   2   1  -1       0.83047836  p_y
    2   2   1   0       0.83271457  p_z
    2   2   1   1       0.82983571  p_x
    2   3   2  -2       0.03605197  d_xy
    2   3   2  -1       0.03358179  d_yz
    2   3   2   0       0.01464288  d_z2
    2   3   2   1       0.03381504  d_xz
    2   3   2   2       0.01609102  d_x2-y2
    3   1   0   0       1.36148052  s
    3   2   1  -1       0.82767056  p_y
    3   2   1   0       0.82529749  p_z
    3   2   1   1       0.83248906  p_x
    3   3   2  -2       0.03827896  d_xy
    3   3   2  -1       0.04143681  d_yz
    3   3   2   0       0.01896107  d_z2
    3   3   2   1       0.04052747  d_xz
    3   3   2   2       0.02024400  d_x2-y2
    4   1   0   0       1.35873299  s
    4   2   1  -1       0.82741551  p_y
    4   2   1   0       0.83065848  p_z
    4   2   1   1       0.82522516  p_x
    4   3   2  -2       0.03970154  d_xy
    4   3   2  -1       0.03803227  d_yz
    4   3   2   0       0.01875721  d_z2
    4   3   2   1       0.03785321  d_xz
    4   3   2   2       0.01954720  d_x2-y2
    5   1   0   0       1.34766560  s
    5   2   1  -1       0.82409051  p_y
    5   2   1   0       0.82913263  p_z
    5   2   1   1       0.82775016  p_x
    5   3   2  -2       0.03951415  d_xy
    5   3   2  -1       0.04193660  d_yz
    5   3   2   0       0.01916041  d_z2
    5   3   2   1       0.03692566  d_xz
    5   3   2   2       0.01938569  d_x2-y2
    6   1   0   0       1.33785046  s
    6   2   1  -1       0.82978096  p_y
    6   2   1   0       0.82677167  p_z
    6   2   1   1       0.82760442  p_x
    6   3   2  -2       0.03895358  d_xy
    6   3   2  -1       0.03964898  d_yz
    6   3   2   0       0.02155573  d_z2
    6   3   2   1       0.04234030  d_xz
    6   3   2   2       0.02036181  d_x2-y2
    7   1   0   0       1.36069951  s
    7   2   1  -1       0.83102079  p_y
    7   2   1   0       0.83235299  p_z
    7   2   1   1       0.83041024  p_x
    7   3   2  -2       0.04016328  d_xy
    7   3   2  -1       0.03728075  d_yz
    7   3   2   0       0.01736376  d_z2
    7   3   2   1       0.03418739  d_xz
    7   3   2   2       0.01740782  d_x2-y2
    8   1   0   0       1.33184270  s
    8   2   1  -1       0.82358763  p_y
    8   2   1   0       0.82396018  p_z
    8   2   1   1       0.81856644  p_x
    8   3   2  -2       0.04270791  d_xy
    8   3   2  -1       0.04256161  d_yz
    8   3   2   0       0.02354756  d_z2
    8   3   2   1       0.04491293  d_xz
    8   3   2   2       0.02397118  d_x2-y2
    9   1   0   0       1.35116255  s
    9   2   1  -1       0.83614696  p_y
    9   2   1   0       0.82682870  p_z
    9   2   1   1       0.83177289  p_x
    9   3   2  -2       0.03685338  d_xy
    9   3   2  -1       0.03851500  d_yz
    9   3   2   0       0.01997585  d_z2
    9   3   2   1       0.03870999  d_xz
    9   3   2   2       0.01750655  d_x2-y2
   10   1   0   0       1.34929451  s
   10   2   1  -1       0.82803764  p_y
   10   2   1   0       0.83076749  p_z
   10   2   1   1       0.82712696  p_x
   10   3   2  -2       0.04158600  d_xy
   10   3   2  -1       0.03499313  d_yz
   10   3   2   0       0.01980312  d_z2
   10   3   2   1       0.04096593  d_xz
   10   3   2   2       0.01897646  d_x2-y2
   11   1   0   0       1.39807471  s
   11   2   1  -1       0.82680340  p_y
   11   2   1   0       0.83726726  p_z
   11   2   1   1       0.83544452  p_x
   11   3   2  -2       0.03462712  d_xy
   11   3   2  -1       0.03438008  d_yz
   11   3   2   0       0.01481175  d_z2
   11   3   2   1       0.03131109  d_xz
   11   3   2   2       0.01548608  d_x2-y2
   12   1   0   0       1.35445592  s
   12   2   1  -1       0.82376001  p_y
   12   2   1   0       0.81844127  p_z
   12   2   1   1       0.82202832  p_x
   12   3   2  -2       0.03748017  d_xy
   12   3   2  -1       0.04345312  d_yz
   12   3   2   0       0.02173385  d_z2
   12   3   2   1       0.04054543  d_xz
   12   3   2   2       0.02210433  d_x2-y2
   13   1   0   0       1.36540413  s
   13   2   1  -1       0.82401606  p_y
   13   2   1   0       0.82753127  p_z
   13   2   1   1       0.83154451  p_x
   13   3   2  -2       0.03694695  d_xy
   13   3   2  -1       0.04017035  d_yz
   13   3   2   0       0.01827056  d_z2
   13   3   2   1       0.03739530  d_xz
   13   3   2   2       0.01955955  d_x2-y2
   14   1   0   0       1.33099391  s
   14   2   1  -1       0.82583025  p_y
   14   2   1   0       0.82477959  p_z
   14   2   1   1       0.82410004  p_x
   14   3   2  -2       0.04497537  d_xy
   14   3   2  -1       0.04204018  d_yz
   14   3   2   0       0.02446565  d_z2
   14   3   2   1       0.04190006  d_xz
   14   3   2   2       0.02225918  d_x2-y2
   15   1   0   0       1.34330711  s
   15   2   1  -1       0.82419374  p_y
   15   2   1   0       0.82447105  p_z
   15   2   1   1       0.82889486  p_x
   15   3   2  -2       0.03939221  d_xy
   15   3   2  -1       0.04101497  d_yz
   15   3   2   0       0.02197629  d_z2
   15   3   2   1       0.04714012  d_xz
   15   3   2   2       0.02334538  d_x2-y2
   16   1   0   0       1.36856400  s
   16   2   1  -1       0.82397851  p_y
   16   2   1   0       0.82236596  p_z
   16   2   1   1       0.82841717  p_x
   16   3   2  -2       0.03976742  d_xy
   16   3   2  -1       0.03839938  d_yz
   16   3   2   0       0.01937122  d_z2
   16   3   2   1       0.03709210  d_xz
   16   3   2   2       0.01720292  d_x2-y2
   17   1   0   0       1.34045231  s
   17   2   1  -1       0.82979312  p_y
   17   2   1   0       0.82462567  p_z
   17   2   1   1       0.82933450  p_x
   17   3   2  -2       0.03728835  d_xy
   17   3   2  -1       0.04203113  d_yz
   17   3   2   0       0.02060049  d_z2
   17   3   2   1       0.04110095  d_xz
   17   3   2   2       0.02045571  d_x2-y2
   18   1   0   0       1.37231309  s
   18   2   1  -1       0.82869921  p_y
   18   2   1   0       0.83121764  p_z
   18   2   1   1       0.82870710  p_x
   18   3   2  -2       0.03826687  d_xy
   18   3   2  -1       0.03652385  d_yz
   18   3   2   0       0.01801535  d_z2
   18   3   2   1       0.03956387  d_xz
   18   3   2   2       0.01833739  d_x2-y2
   19   1   0   0       1.36163704  s
   19   2   1  -1       0.83022180  p_y
   19   2   1   0       0.82841438  p_z
   19   2   1   1       0.82580293  p_x
   19   3   2  -2       0.03858043  d_xy
   19   3   2  -1       0.03975614  d_yz
   19   3   2   0       0.01861740  d_z2
   19   3   2   1       0.03872147  d_xz
   19   3   2   2       0.01859842  d_x2-y2
   20   1   0   0       1.36812019  s
   20   2   1  -1       0.82782879  p_y
   20   2   1   0       0.82831929  p_z
   20   2   1   1       0.83343931  p_x
   20   3   2  -2       0.03850302  d_xy
   20   3   2  -1       0.03972977  d_yz
   20   3   2   0       0.01937985  d_z2
   20   3   2   1       0.03911784  d_xz
   20   3   2   2       0.01830674  d_x2-y2
   21   1   0   0       1.34418160  s
   21   2   1  -1       0.82592133  p_y
   21   2   1   0       0.82952577  p_z
   21   2   1   1       0.82811153  p_x
   21   3   2  -2       0.04038077  d_xy
   21   3   2  -1       0.04375825  d_yz
   21   3   2   0       0.02060905  d_z2
   21   3   2   1       0.04065152  d_xz
   21   3   2   2       0.02172521  d_x2-y2
   22   1   0   0       1.35680758  s
   22   2   1  -1       0.83150708  p_y
   22   2   1   0       0.82973238  p_z
   22   2   1   1       0.83243805  p_x
   22   3   2  -2       0.03998779  d_xy
   22   3   2  -1       0.04016786  d_yz
   22   3   2   0       0.02126362  d_z2
   22   3   2   1       0.04010965  d_xz
   22   3   2   2       0.01997093  d_x2-y2
   23   1   0   0       1.34377078  s
   23   2   1  -1       0.82833839  p_y
   23   2   1   0       0.82776958  p_z
   23   2   1   1       0.83172966  p_x
   23   3   2  -2       0.03938815  d_xy
   23   3   2  -1       0.03964304  d_yz
   23   3   2   0       0.02021557  d_z2
   23   3   2   1       0.04007604  d_xz
   23   3   2   2       0.02011088  d_x2-y2
   24   1   0   0       1.36013185  s
   24   2   1  -1       0.82682843  p_y
   24   2   1   0       0.82704892  p_z
   24   2   1   1       0.83066951  p_x
   24   3   2  -2       0.04010157  d_xy
   24   3   2  -1       0.04067247  d_yz
   24   3   2   0       0.01932701  d_z2
   24   3   2   1       0.03978483  d_xz
   24   3   2   2       0.02053412  d_x2-y2
   25   1   0   0       1.37569101  s
   25   2   1  -1       0.82844057  p_y
   25   2   1   0       0.82669403  p_z
   25   2   1   1       0.82795404  p_x
   25   3   2  -2       0.03827972  d_xy
   25   3   2  -1       0.03681821  d_yz
   25   3   2   0       0.01823881  d_z2
   25   3   2   1       0.03769469  d_xz
   25   3   2   2       0.01711775  d_x2-y2
   26   1   0   0       1.35614276  s
   26   2   1  -1       0.82897261  p_y
   26   2   1   0       0.83031409  p_z
   26   2   1   1       0.82484482  p_x
   26   3   2  -2       0.03912013  d_xy
   26   3   2  -1       0.03910733  d_yz
   26   3   2   0       0.01812876  d_z2
   26   3   2   1       0.03915457  d_xz
   26   3   2   2       0.01969518  d_x2-y2
   27   1   0   0       1.33203485  s
   27   2   1  -1       0.82622053  p_y
   27   2   1   0       0.82606208  p_z
   27   2   1   1       0.82563579  p_x
   27   3   2  -2       0.04247247  d_xy
   27   3   2  -1       0.04169021  d_yz
   27   3   2   0       0.02197501  d_z2
   27   3   2   1       0.04290953  d_xz
   27   3   2   2       0.02282223  d_x2-y2
   28   1   0   0       1.35566317  s
   28   2   1  -1       0.83485039  p_y
   28   2   1   0       0.82746748  p_z
   28   2   1   1       0.82472127  p_x
   28   3   2  -2       0.04022653  d_xy
   28   3   2  -1       0.03724362  d_yz
   28   3   2   0       0.02168326  d_z2
   28   3   2   1       0.04079998  d_xz
   28   3   2   2       0.01807326  d_x2-y2
   29   1   0   0       1.34644522  s
   29   2   1  -1       0.83172291  p_y
   29   2   1   0       0.82105575  p_z
   29   2   1   1       0.82167376  p_x
   29   3   2  -2       0.03904019  d_xy
   29   3   2  -1       0.04280716  d_yz
   29   3   2   0       0.02194053  d_z2
   29   3   2   1       0.04490828  d_xz
   29   3   2   2       0.02289953  d_x2-y2
   30   1   0   0       1.36668792  s
   30   2   1  -1       0.83447543  p_y
   30   2   1   0       0.83139345  p_z
   30   2   1   1       0.82230835  p_x
   30   3   2  -2       0.03538756  d_xy
   30   3   2  -1       0.03559831  d_yz
   30   3   2   0       0.01750543  d_z2
   30   3   2   1       0.04025598  d_xz
   30   3   2   2       0.01796413  d_x2-y2
   31   1   0   0       1.37679844  s
   31   2   1  -1       0.82738331  p_y
   31   2   1   0       0.82763136  p_z
   31   2   1   1       0.83146124  p_x
   31   3   2  -2       0.03973897  d_xy
   31   3   2  -1       0.03730021  d_yz
   31   3   2   0       0.01905513  d_z2
   31   3   2   1       0.03903408  d_xz
   31   3   2   2       0.01699606  d_x2-y2
   32   1   0   0       1.38170673  s
   32   2   1  -1       0.82842577  p_y
   32   2   1   0       0.83196264  p_z
   32   2   1   1       0.82851501  p_x
   32   3   2  -2       0.03828710  d_xy
   32   3   2  -1       0.03526795  d_yz
   32   3   2   0       0.01743281  d_z2
   32   3   2   1       0.03545103  d_xz
   32   3   2   2       0.01722322  d_x2-y2
   33   1   0   0       1.36171264  s
   33   2   1  -1       0.83026960  p_y
   33   2   1   0       0.82486855  p_z
   33   2   1   1       0.82274567  p_x
   33   3   2  -2       0.03807021  d_xy
   33   3   2  -1       0.03718563  d_yz
   33   3   2   0       0.02011168  d_z2
   33   3   2   1       0.04162463  d_xz
   33   3   2   2       0.01860363  d_x2-y2
   34   1   0   0       1.34193462  s
   34   2   1  -1       0.82327374  p_y
   34   2   1   0       0.82379291  p_z
   34   2   1   1       0.82645185  p_x
   34   3   2  -2       0.04253027  d_xy
   34   3   2  -1       0.04211584  d_yz
   34   3   2   0       0.02213371  d_z2
   34   3   2   1       0.04055565  d_xz
   34   3   2   2       0.02178054  d_x2-y2
   35   1   0   0       1.36572536  s
   35   2   1  -1       0.83211666  p_y
   35   2   1   0       0.82929058  p_z
   35   2   1   1       0.82375943  p_x
   35   3   2  -2       0.03757589  d_xy
   35   3   2  -1       0.03968776  d_yz
   35   3   2   0       0.01707429  d_z2
   35   3   2   1       0.04097249  d_xz
   35   3   2   2       0.02032261  d_x2-y2
   36   1   0   0       1.38515853  s
   36   2   1  -1       0.83268448  p_y
   36   2   1   0       0.83034957  p_z
   36   2   1   1       0.82650377  p_x
   36   3   2  -2       0.03961667  d_xy
   36   3   2  -1       0.03473571  d_yz
   36   3   2   0       0.01624840  d_z2
   36   3   2   1       0.03516437  d_xz
   36   3   2   2       0.01662832  d_x2-y2
   37   1   0   0       1.37836270  s
   37   2   1  -1       0.83028674  p_y
   37   2   1   0       0.82951189  p_z
   37   2   1   1       0.82749537  p_x
   37   3   2  -2       0.03461113  d_xy
   37   3   2  -1       0.03763044  d_yz
   37   3   2   0       0.01671045  d_z2
   37   3   2   1       0.03820398  d_xz
   37   3   2   2       0.01763585  d_x2-y2
   38   1   0   0       1.33820918  s
   38   2   1  -1       0.82687461  p_y
   38   2   1   0       0.82357044  p_z
   38   2   1   1       0.82489995  p_x
   38   3   2  -2       0.04284405  d_xy
   38   3   2  -1       0.04008153  d_yz
   38   3   2   0       0.02263876  d_z2
   38   3   2   1       0.04428740  d_xz
   38   3   2   2       0.02194484  d_x2-y2
   39   1   0   0       1.34865765  s
   39   2   1  -1       0.82439610  p_y
   39   2   1   0       0.83045688  p_z
   39   2   1   1       0.82719129  p_x
   39   3   2  -2       0.03898817  d_xy
   39   3   2  -1       0.03904056  d_yz
   39   3   2   0       0.01856494  d_z2
   39   3   2   1       0.04050123  d_xz
   39   3   2   2       0.02196215  d_x2-y2
   40   1   0   0       1.32327277  s
   40   2   1  -1       0.82327598  p_y
   40   2   1   0       0.82364700  p_z
   40   2   1   1       0.83069085  p_x
   40   3   2  -2       0.04335559  d_xy
   40   3   2  -1       0.04627350  d_yz
   40   3   2   0       0.02515242  d_z2
   40   3   2   1       0.04015451  d_xz
   40   3   2   2       0.02168839  d_x2-y2
   41   1   0   0       1.36114406  s
   41   2   1  -1       0.82539957  p_y
   41   2   1   0       0.83115164  p_z
   41   2   1   1       0.83365918  p_x
   41   3   2  -2       0.03944687  d_xy
   41   3   2  -1       0.03934076  d_yz
   41   3   2   0       0.01829498  d_z2
   41   3   2   1       0.03694988  d_xz
   41   3   2   2       0.02002230  d_x2-y2
   42   1   0   0       1.32893169  s
   42   2   1  -1       0.82834778  p_y
   42   2   1   0       0.82847561  p_z
   42   2   1   1       0.82776317  p_x
   42   3   2  -2       0.03888707  d_xy
   42   3   2  -1       0.04321002  d_yz
   42   3   2   0       0.02073644  d_z2
   42   3   2   1       0.04436968  d_xz
   42   3   2   2       0.02378624  d_x2-y2
   43   1   0   0       1.34912937  s
   43   2   1  -1       0.82873333  p_y
   43   2   1   0       0.82976978  p_z
   43   2   1   1       0.82895705  p_x
   43   3   2  -2       0.03921421  d_xy
   43   3   2  -1       0.04204891  d_yz
   43   3   2   0       0.01938094  d_z2
   43   3   2   1       0.04233549  d_xz
   43   3   2   2       0.02271675  d_x2-y2
   44   1   0   0       1.35066885  s
   44   2   1  -1       0.82431772  p_y
   44   2   1   0       0.81809839  p_z
   44   2   1   1       0.82956465  p_x
   44   3   2  -2       0.03849538  d_xy
   44   3   2  -1       0.04165390  d_yz
   44   3   2   0       0.02382452  d_z2
   44   3   2   1       0.04357728  d_xz
   44   3   2   2       0.02068450  d_x2-y2
   45   1   0   0       1.33056393  s
   45   2   1  -1       0.82541995  p_y
   45   2   1   0       0.82979184  p_z
   45   2   1   1       0.82590626  p_x
   45   3   2  -2       0.04336148  d_xy
   45   3   2  -1       0.04201195  d_yz
   45   3   2   0       0.02168750  d_z2
   45   3   2   1       0.04253857  d_xz
   45   3   2   2       0.02397761  d_x2-y2
   46   1   0   0       1.37052122  s
   46   2   1  -1       0.83358432  p_y
   46   2   1   0       0.82797701  p_z
   46   2   1   1       0.82968230  p_x
   46   3   2  -2       0.03761133  d_xy
   46   3   2  -1       0.03548044  d_yz
   46   3   2   0       0.01807957  d_z2
   46   3   2   1       0.03766459  d_xz
   46   3   2   2       0.01648055  d_x2-y2
   47   1   0   0       1.38192785  s
   47   2   1  -1       0.83104357  p_y
   47   2   1   0       0.82628282  p_z
   47   2   1   1       0.83072420  p_x
   47   3   2  -2       0.03545761  d_xy
   47   3   2  -1       0.03653316  d_yz
   47   3   2   0       0.01681648  d_z2
   47   3   2   1       0.03598736  d_xz
   47   3   2   2       0.01676346  d_x2-y2
   48   1   0   0       1.34717062  s
   48   2   1  -1       0.82655316  p_y
   48   2   1   0       0.82463961  p_z
   48   2   1   1       0.82065126  p_x
   48   3   2  -2       0.03667714  d_xy
   48   3   2  -1       0.04208846  d_yz
   48   3   2   0       0.02094890  d_z2
   48   3   2   1       0.04131243  d_xz
   48   3   2   2       0.02280966  d_x2-y2
   49   1   0   0       1.39523500  s
   49   2   1  -1       0.82714838  p_y
   49   2   1   0       0.82949862  p_z
   49   2   1   1       0.82875054  p_x
   49   3   2  -2       0.03689014  d_xy
   49   3   2  -1       0.03516533  d_yz
   49   3   2   0       0.01705677  d_z2
   49   3   2   1       0.03193606  d_xz
   49   3   2   2       0.01558636  d_x2-y2
   50   1   0   0       1.33750725  s
   50   2   1  -1       0.82471658  p_y
   50   2   1   0       0.82714945  p_z
   50   2   1   1       0.82812828  p_x
   50   3   2  -2       0.04551148  d_xy
   50   3   2  -1       0.03975330  d_yz
   50   3   2   0       0.02259804  d_z2
   50   3   2   1       0.04381861  d_xz
   50   3   2   2       0.02286219  d_x2-y2
   51   1   0   0       1.35559257  s
   51   2   1  -1       0.82912145  p_y
   51   2   1   0       0.82632942  p_z
   51   2   1   1       0.82723624  p_x
   51   3   2  -2       0.03937276  d_xy
   51   3   2  -1       0.03793075  d_yz
   51   3   2   0       0.02025446  d_z2
   51   3   2   1       0.04376682  d_xz
   51   3   2   2       0.02016187  d_x2-y2
   52   1   0   0       1.34652338  s
   52   2   1  -1       0.82691460  p_y
   52   2   1   0       0.82221588  p_z
   52   2   1   1       0.82921712  p_x
   52   3   2  -2       0.04010745  d_xy
   52   3   2  -1       0.04372001  d_yz
   52   3   2   0       0.02292215  d_z2
   52   3   2   1       0.04128402  d_xz
   52   3   2   2       0.02082692  d_x2-y2
   53   1   0   0       1.32383599  s
   53   2   1  -1       0.83343108  p_y
   53   2   1   0       0.83007880  p_z
   53   2   1   1       0.82757605  p_x
   53   3   2  -2       0.04123430  d_xy
   53   3   2  -1       0.04346911  d_yz
   53   3   2   0       0.02192302  d_z2
   53   3   2   1       0.04109960  d_xz
   53   3   2   2       0.02184742  d_x2-y2
   54   1   0   0       1.39150158  s
   54   2   1  -1       0.83044719  p_y
   54   2   1   0       0.83052245  p_z
   54   2   1   1       0.83380384  p_x
   54   3   2  -2       0.03617933  d_xy
   54   3   2  -1       0.03819996  d_yz
   54   3   2   0       0.01740465  d_z2
   54   3   2   1       0.03041886  d_xz
   54   3   2   2       0.01427196  d_x2-y2
   55   1   0   0       1.35842525  s
   55   2   1  -1       0.82970120  p_y
   55   2   1   0       0.83275323  p_z
   55   2   1   1       0.82502012  p_x
   55   3   2  -2       0.03983574  d_xy
   55   3   2  -1       0.03689579  d_yz
   55   3   2   0       0.01824768  d_z2
   55   3   2   1       0.03967094  d_xz
   55   3   2   2       0.02006039  d_x2-y2
   56   1   0   0       1.40410516  s
   56   2   1  -1       0.83413645  p_y
   56   2   1   0       0.83761441  p_z
   56   2   1   1       0.83727018  p_x
   56   3   2  -2       0.03670497  d_xy
   56   3   2  -1       0.03077120  d_yz
   56   3   2   0       0.01405337  d_z2
   56   3   2   1       0.03269654  d_xz
   56   3   2   2       0.01424503  d_x2-y2
   57   1   0   0       1.35629851  s
   57   2   1  -1       0.82439252  p_y
   57   2   1   0       0.82789737  p_z
   57   2   1   1       0.82955843  p_x
   57   3   2  -2       0.03988249  d_xy
   57   3   2  -1       0.03833670  d_yz
   57   3   2   0       0.01984159  d_z2
   57   3   2   1       0.04075999  d_xz
   57   3   2   2       0.01939286  d_x2-y2
   58   1   0   0       1.35633868  s
   58   2   1  -1       0.82897722  p_y
   58   2   1   0       0.82686554  p_z
   58   2   1   1       0.83005456  p_x
   58   3   2  -2       0.03825489  d_xy
   58   3   2  -1       0.04375563  d_yz
   58   3   2   0       0.01926810  d_z2
   58   3   2   1       0.03749979  d_xz
   58   3   2   2       0.01957192  d_x2-y2
   59   1   0   0       1.31647467  s
   59   2   1  -1       0.82510363  p_y
   59   2   1   0       0.82928345  p_z
   59   2   1   1       0.82628605  p_x
   59   3   2  -2       0.04356430  d_xy
   59   3   2  -1       0.04714886  d_yz
   59   3   2   0       0.02404659  d_z2
   59   3   2   1       0.04300946  d_xz
   59   3   2   2       0.02520050  d_x2-y2
   60   1   0   0       1.38009306  s
   60   2   1  -1       0.82783973  p_y
   60   2   1   0       0.83689958  p_z
   60   2   1   1       0.83361352  p_x
   60   3   2  -2       0.03701071  d_xy
   60   3   2  -1       0.03633915  d_yz
   60   3   2   0       0.01600342  d_z2
   60   3   2   1       0.03471552  d_xz
   60   3   2   2       0.01713734  d_x2-y2
   61   1   0   0       1.36927455  s
   61   2   1  -1       0.82614529  p_y
   61   2   1   0       0.83141598  p_z
   61   2   1   1       0.83081198  p_x
   61   3   2  -2       0.03671094  d_xy
   61   3   2  -1       0.03865660  d_yz
   61   3   2   0       0.01903173  d_z2
   61   3   2   1       0.04065755  d_xz
   61   3   2   2       0.02072918  d_x2-y2
   62   1   0   0       1.35527245  s
   62   2   1  -1       0.83022470  p_y
   62   2   1   0       0.83068166  p_z
   62   2   1   1       0.83192090  p_x
   62   3   2  -2       0.04013697  d_xy
   62   3   2  -1       0.03618447  d_yz
   62   3   2   0       0.02072172  d_z2
   62   3   2   1       0.04075345  d_xz
   62   3   2   2       0.01851963  d_x2-y2
   63   1   0   0       1.38543668  s
   63   2   1  -1       0.83032276  p_y
   63   2   1   0       0.82985425  p_z
   63   2   1   1       0.83069046  p_x
   63   3   2  -2       0.03890897  d_xy
   63   3   2  -1       0.03462924  d_yz
   63   3   2   0       0.01646340  d_z2
   63   3   2   1       0.03378528  d_xz
   63   3   2   2       0.01575746  d_x2-y2
   64   1   0   0       1.36542036  s
   64   2   1  -1       0.82750144  p_y
   64   2   1   0       0.83050527  p_z
   64   2   1   1       0.82639588  p_x
   64   3   2  -2       0.03824363  d_xy
   64   3   2  -1       0.04252363  d_yz
   64   3   2   0       0.01893616  d_z2
   64   3   2   1       0.04050050  d_xz
   64   3   2   2       0.02152735  d_x2-y2

Fermi level:                        -0.1333494417 H           -3.6286 eV
Band energy:                       -88.1896504863 H        -2399.7625 eV
TS:                                  0.0000000000 H            0.0000 eV
Band free energy (E-TS):           -88.1896504863 H        -2399.7625 eV
Extrapolated E(0K):                -88.1896504863 H        -2399.7625 eV
Input / Output electrons (q):    256.0000000000    256.0000000000

Energy H0:                         -88.1794049472 H        -2399.4837 eV
Energy SCC:                          0.0004315109 H            0.0117 eV
Total Electronic energy:           -88.1789734363 H        -2399.4720 eV
Repulsive energy:                    0.0000000000 H            0.0000 eV
Total energy:                      -88.1789734363 H        -2399.4720 eV
Extrapolated to 0:                 -88.1789734363 H        -2399.4720 eV
Total Mermin free energy:          -88.1789734363 H        -2399.4720 eV
Force related energy:              -88.1789734363 H        -2399.4720 eV

Non-constrained calculation

SCC converged

Warning: dipole moment is not defined absolutely!
Dipole moment:   -0.83883111    1.02459814    0.69967640 au
Dipole moment:   -2.13209619    2.60426892    1.77840016 Debye


