 Fermi distribution function

Calculation with static geometry


********************************************************************************
 iSCC Total electronic   Diff electronic      SCC error    
    9   -0.88175537E+02   -0.92775565E-09    0.41141428E-05
********************************************************************************

 Total charge:    -0.00000000

 Atomic gross charges (e)
 Atom           Charge
    1      -0.01292812
    2       0.01086366
    3       0.00432829
    4       0.00751113
    5       0.01112638
    6       0.00369632
    7       0.00771356
    8       0.01459879
    9       0.00123060
   10       0.01029745
   11      -0.01072750
   12       0.00593708
   13      -0.00389390
   14       0.01462127
   15       0.01366382
   16       0.00077919
   17      -0.00398979
   18      -0.01045847
   19      -0.00486217
   20      -0.01487987
   21      -0.01010139
   22       0.00932271
   23      -0.00825295
   24      -0.01827309
   25       0.00271187
   26      -0.01718768
   27      -0.00210363
   28      -0.00378993
   29      -0.00282125
   30      -0.00384514
   31       0.00598348
   32       0.01828823
   33       0.01167106
   34       0.01490487
   35       0.01054458
   36      -0.02216557
   37       0.00927353
   38       0.00194709
   39      -0.00287648
   40       0.01943378
   41      -0.00856246
   42       0.01372629
   43      -0.01670475
   44       0.00733596
   45      -0.00073890
   46       0.00529718
   47      -0.00612450
   48       0.02191553
   49      -0.02640321
   50      -0.01146420
   51      -0.00574600
   52       0.00636101
   53       0.01463550
   54      -0.01881796
   55      -0.00650414
   56      -0.01590295
   57      -0.01056845
   58      -0.00673342
   59      -0.00407547
   60       0.00683136
   61       0.00250058
   62       0.00482647
   63      -0.00358668
   64       0.00121142

Nr. of electrons (up):    256.00000000
Atom populations (up)
 Atom       Population
    1       4.01292812
    2       3.98913634
    3       3.99567171
    4       3.99248887
    5       3.98887362
    6       3.99630368
    7       3.99228644
    8       3.98540121
    9       3.99876940
   10       3.98970255
   11       4.01072750
   12       3.99406292
   13       4.00389390
   14       3.98537873
   15       3.98633618
   16       3.99922081
   17       4.00398979
   18       4.01045847
   19       4.00486217
   20       4.01487987
   21       4.01010139
   22       3.99067729
   23       4.00825295
   24       4.01827309
   25       3.99728813
   26       4.01718768
   27       4.00210363
   28       4.00378993
   29       4.00282125
   30       4.00384514
   31       3.99401652
   32       3.98171177
   33       3.98832894
   34       3.98509513
   35       3.98945542
   36       4.02216557
   37       3.99072647
   38       3.99805291
   39       4.00287648
   40       3.98056622
   41       4.00856246
   42       3.98627371
   43       4.01670475
   44       3.99266404
   45       4.00073890
   46       3.99470282
   47       4.00612450
   48       3.97808447
   49       4.02640321
   50       4.01146420
   51       4.00574600
   52       3.99363899
   53       3.98536450
   54       4.01881796
   55       4.00650414
   56       4.01590295
   57       4.01056845
   58       4.00673342
   59       4.00407547
   60       3.99316864
   61       3.99749942
   62       3.99517353
   63       4.00358668
   64       3.99878858

l-shell populations (up)
 Atom Sh.   l       Population
    1   1   0       1.38063142
    1   2   1       2.49409246
    1   3   2       0.13820424
    2   1   0       1.34278094
    2   2   1       2.48601292
    2   3   2       0.16034248
    3   1   0       1.35155438
    3   2   1       2.48233203
    3   3   2       0.16178530
    4   1   0       1.35380241
    4   2   1       2.48341340
    4   3   2       0.15527306
    5   1   0       1.34080289
    5   2   1       2.48305021
    5   3   2       0.16502052
    6   1   0       1.36532937
    6   2   1       2.47520454
    6   3   2       0.15576976
    7   1   0       1.36658308
    7   2   1       2.46934206
    7   3   2       0.15636131
    8   1   0       1.34648615
    8   2   1       2.47707731
    8   3   2       0.16183775
    9   1   0       1.34820668
    9   2   1       2.48736366
    9   3   2       0.16319906
   10   1   0       1.35717193
   10   2   1       2.47199139
   10   3   2       0.16053924
   11   1   0       1.37764401
   11   2   1       2.47858831
   11   3   2       0.15449519
   12   1   0       1.35454580
   12   2   1       2.48669901
   12   3   2       0.15281811
   13   1   0       1.36637379
   13   2   1       2.48720365
   13   3   2       0.15031647
   14   1   0       1.34228920
   14   2   1       2.48066156
   14   3   2       0.16242797
   15   1   0       1.34668504
   15   2   1       2.48412396
   15   3   2       0.15552718
   16   1   0       1.35995429
   16   2   1       2.48562890
   16   3   2       0.15363762
   17   1   0       1.36477315
   17   2   1       2.47932032
   17   3   2       0.15989632
   18   1   0       1.35862387
   18   2   1       2.49175311
   18   3   2       0.16008149
   19   1   0       1.36293982
   19   2   1       2.48605308
   19   3   2       0.15586927
   20   1   0       1.37883981
   20   2   1       2.48645639
   20   3   2       0.14958366
   21   1   0       1.36808901
   21   2   1       2.49054288
   21   3   2       0.15146950
   22   1   0       1.35332293
   22   2   1       2.47811986
   22   3   2       0.15923450
   23   1   0       1.37007909
   23   2   1       2.47937622
   23   3   2       0.15879763
   24   1   0       1.38745890
   24   2   1       2.48910652
   24   3   2       0.14170768
   25   1   0       1.35053337
   25   2   1       2.48775482
   25   3   2       0.15899993
   26   1   0       1.37780841
   26   2   1       2.48772407
   26   3   2       0.15165519
   27   1   0       1.35726890
   27   2   1       2.49233264
   27   3   2       0.15250209
   28   1   0       1.34921859
   28   2   1       2.50071931
   28   3   2       0.15385202
   29   1   0       1.36243183
   29   2   1       2.48358711
   29   3   2       0.15680231
   30   1   0       1.36802291
   30   2   1       2.48459579
   30   3   2       0.15122645
   31   1   0       1.33669217
   31   2   1       2.49160560
   31   3   2       0.16571874
   32   1   0       1.31468557
   32   2   1       2.48392502
   32   3   2       0.18310117
   33   1   0       1.33289187
   33   2   1       2.48063552
   33   3   2       0.17480155
   34   1   0       1.32575185
   34   2   1       2.48759349
   34   3   2       0.17174979
   35   1   0       1.33739885
   35   2   1       2.48840648
   35   3   2       0.16365008
   36   1   0       1.39515872
   36   2   1       2.48729057
   36   3   2       0.13971629
   37   1   0       1.34430634
   37   2   1       2.48458807
   37   3   2       0.16183206
   38   1   0       1.37227352
   38   2   1       2.48582448
   38   3   2       0.13995491
   39   1   0       1.35987859
   39   2   1       2.48363851
   39   3   2       0.15935939
   40   1   0       1.34051763
   40   2   1       2.47057395
   40   3   2       0.16947464
   41   1   0       1.37069340
   41   2   1       2.49248581
   41   3   2       0.14538324
   42   1   0       1.34125927
   42   2   1       2.47378214
   42   3   2       0.17123231
   43   1   0       1.38985084
   43   2   1       2.48268174
   43   3   2       0.14417217
   44   1   0       1.35253371
   44   2   1       2.47579019
   44   3   2       0.16434014
   45   1   0       1.36700535
   45   2   1       2.48027693
   45   3   2       0.15345662
   46   1   0       1.36120892
   46   2   1       2.47777436
   46   3   2       0.15571954
   47   1   0       1.36814360
   47   2   1       2.48669968
   47   3   2       0.15128122
   48   1   0       1.31562426
   48   2   1       2.48104938
   48   3   2       0.18141083
   49   1   0       1.38517195
   49   2   1       2.49304526
   49   3   2       0.14818600
   50   1   0       1.37365387
   50   2   1       2.48717090
   50   3   2       0.15063943
   51   1   0       1.35536038
   51   2   1       2.49357427
   51   3   2       0.15681136
   52   1   0       1.34835796
   52   2   1       2.48627602
   52   3   2       0.15900500
   53   1   0       1.33907757
   53   2   1       2.47406008
   53   3   2       0.17222686
   54   1   0       1.38002484
   54   2   1       2.49090599
   54   3   2       0.14788712
   55   1   0       1.37503906
   55   2   1       2.47725368
   55   3   2       0.15421140
   56   1   0       1.38711182
   56   2   1       2.48057262
   56   3   2       0.14821851
   57   1   0       1.36023731
   57   2   1       2.49904155
   57   3   2       0.15128959
   58   1   0       1.36739233
   58   2   1       2.48602484
   58   3   2       0.15331625
   59   1   0       1.36292275
   59   2   1       2.48149492
   59   3   2       0.15965780
   60   1   0       1.35006921
   60   2   1       2.47956976
   60   3   2       0.16352966
   61   1   0       1.35506426
   61   2   1       2.49228334
   61   3   2       0.15015182
   62   1   0       1.35036841
   62   2   1       2.48042358
   62   3   2       0.16438154
   63   1   0       1.35627062
   63   2   1       2.49624244
   63   3   2       0.15107361
   64   1   0       1.34674560
   64   2   1       2.50125303
   64   3   2       0.15078995

Orbital populations (up)
 Atom Sh.   l   m       Population  Label
    1   1   0   0       1.38063142  s
    1   2   1  -1       0.83116026  p_y
    1   2   1   0       0.83079423  p_z
    1   2   1   1       0.83213797  p_x
    1   3   2  -2       0.03655846  d_xy
    1   3   2  -1       0.03425557  d_yz
    1   3   2   0       0.01698550  d_z2
    1   3   2   1       0.03541514  d_xz
    1   3   2   2       0.01498957  d_x2-y2
    2   1   0   0       1.34278094  s
    2   2   1  -1       0.82385804  p_y
    2   2   1   0       0.83389246  p_z
    2   2   1   1       0.82826242  p_x
    2   3   2  -2       0.04543821  d_xy
    2   3   2  -1       0.03932792  d_yz
    2   3   2   0       0.01948505  d_z2
    2   3   2   1       0.03566514  d_xz
    2   3   2   2       0.02042616  d_x2-y2
    3   1   0   0       1.35155438  s
    3   2   1  -1       0.82256852  p_y
    3   2   1   0       0.83008065  p_z
    3   2   1   1       0.82968286  p_x
    3   3   2  -2       0.04261210  d_xy
    3   3   2  -1       0.04333482  d_yz
    3   3   2   0       0.02178778  d_z2
    3   3   2   1       0.03477510  d_xz
    3   3   2   2       0.01927550  d_x2-y2
    4   1   0   0       1.35380241  s
    4   2   1  -1       0.82408471  p_y
    4   2   1   0       0.83069070  p_z
    4   2   1   1       0.82863799  p_x
    4   3   2  -2       0.03910776  d_xy
    4   3   2  -1       0.04000324  d_yz
    4   3   2   0       0.01932485  d_z2
    4   3   2   1       0.03740119  d_xz
    4   3   2   2       0.01943603  d_x2-y2
    5   1   0   0       1.34080289  s
    5   2   1  -1       0.82550903  p_y
    5   2   1   0       0.83073078  p_z
    5   2   1   1       0.82681039  p_x
    5   3   2  -2       0.04458046  d_xy
    5   3   2  -1       0.04028432  d_yz
    5   3   2   0       0.01987759  d_z2
    5   3   2   1       0.03853148  d_xz
    5   3   2   2       0.02174667  d_x2-y2
    6   1   0   0       1.36532937  s
    6   2   1  -1       0.82347527  p_y
    6   2   1   0       0.82881623  p_z
    6   2   1   1       0.82291304  p_x
    6   3   2  -2       0.03948542  d_xy
    6   3   2  -1       0.03468557  d_yz
    6   3   2   0       0.01985863  d_z2
    6   3   2   1       0.04247051  d_xz
    6   3   2   2       0.01926963  d_x2-y2
    7   1   0   0       1.36658308  s
    7   2   1  -1       0.82195281  p_y
    7   2   1   0       0.82685857  p_z
    7   2   1   1       0.82053068  p_x
    7   3   2  -2       0.04392978  d_xy
    7   3   2  -1       0.03664671  d_yz
    7   3   2   0       0.01796756  d_z2
    7   3   2   1       0.03727290  d_xz
    7   3   2   2       0.02054435  d_x2-y2
    8   1   0   0       1.34648615  s
    8   2   1  -1       0.82643134  p_y
    8   2   1   0       0.82357304  p_z
    8   2   1   1       0.82707292  p_x
    8   3   2  -2       0.03964627  d_xy
    8   3   2  -1       0.04022851  d_yz
    8   3   2   0       0.02285922  d_z2
    8   3   2   1       0.04048113  d_xz
    8   3   2   2       0.01862261  d_x2-y2
    9   1   0   0       1.34820668  s
    9   2   1  -1       0.82521489  p_y
    9   2   1   0       0.83213041  p_z
    9   2   1   1       0.83001836  p_x
    9   3   2  -2       0.03985165  d_xy
    9   3   2  -1       0.04198556  d_yz
    9   3   2   0       0.01969076  d_z2
    9   3   2   1       0.04032151  d_xz
    9   3   2   2       0.02134957  d_x2-y2
   10   1   0   0       1.35717193  s
   10   2   1  -1       0.82179037  p_y
   10   2   1   0       0.82953746  p_z
   10   2   1   1       0.82066356  p_x
   10   3   2  -2       0.04166918  d_xy
   10   3   2  -1       0.04040987  d_yz
   10   3   2   0       0.01944201  d_z2
   10   3   2   1       0.03834897  d_xz
   10   3   2   2       0.02066921  d_x2-y2
   11   1   0   0       1.37764401  s
   11   2   1  -1       0.83230152  p_y
   11   2   1   0       0.82117919  p_z
   11   2   1   1       0.82510760  p_x
   11   3   2  -2       0.03415131  d_xy
   11   3   2  -1       0.03752850  d_yz
   11   3   2   0       0.01815472  d_z2
   11   3   2   1       0.04512828  d_xz
   11   3   2   2       0.01953236  d_x2-y2
   12   1   0   0       1.35454580  s
   12   2   1  -1       0.82303439  p_y
   12   2   1   0       0.83583108  p_z
   12   2   1   1       0.82783354  p_x
   12   3   2  -2       0.04292247  d_xy
   12   3   2  -1       0.03667070  d_yz
   12   3   2   0       0.01693665  d_z2
   12   3   2   1       0.03612169  d_xz
   12   3   2   2       0.02016660  d_x2-y2
   13   1   0   0       1.36637379  s
   13   2   1  -1       0.83016904  p_y
   13   2   1   0       0.82857470  p_z
   13   2   1   1       0.82845991  p_x
   13   3   2  -2       0.03343490  d_xy
   13   3   2  -1       0.03891573  d_yz
   13   3   2   0       0.01739035  d_z2
   13   3   2   1       0.04191772  d_xz
   13   3   2   2       0.01865776  d_x2-y2
   14   1   0   0       1.34228920  s
   14   2   1  -1       0.82706505  p_y
   14   2   1   0       0.82400569  p_z
   14   2   1   1       0.82959082  p_x
   14   3   2  -2       0.04214525  d_xy
   14   3   2  -1       0.04322870  d_yz
   14   3   2   0       0.02209682  d_z2
   14   3   2   1       0.03650735  d_xz
   14   3   2   2       0.01844985  d_x2-y2
   15   1   0   0       1.34668504  s
   15   2   1  -1       0.82309429  p_y
   15   2   1   0       0.83406440  p_z
   15   2   1   1       0.82696527  p_x
   15   3   2  -2       0.04095912  d_xy
   15   3   2  -1       0.03838197  d_yz
   15   3   2   0       0.01816118  d_z2
   15   3   2   1       0.03708215  d_xz
   15   3   2   2       0.02094276  d_x2-y2
   16   1   0   0       1.35995429  s
   16   2   1  -1       0.82822900  p_y
   16   2   1   0       0.83406368  p_z
   16   2   1   1       0.82333622  p_x
   16   3   2  -2       0.04011747  d_xy
   16   3   2  -1       0.03673211  d_yz
   16   3   2   0       0.01714444  d_z2
   16   3   2   1       0.03941392  d_xz
   16   3   2   2       0.02022968  d_x2-y2
   17   1   0   0       1.36477315  s
   17   2   1  -1       0.82515530  p_y
   17   2   1   0       0.82945526  p_z
   17   2   1   1       0.82470976  p_x
   17   3   2  -2       0.04288486  d_xy
   17   3   2  -1       0.03940675  d_yz
   17   3   2   0       0.02043726  d_z2
   17   3   2   1       0.03768101  d_xz
   17   3   2   2       0.01948645  d_x2-y2
   18   1   0   0       1.35862387  s
   18   2   1  -1       0.83774641  p_y
   18   2   1   0       0.82285915  p_z
   18   2   1   1       0.83114756  p_x
   18   3   2  -2       0.03555748  d_xy
   18   3   2  -1       0.03876587  d_yz
   18   3   2   0       0.02028524  d_z2
   18   3   2   1       0.04560242  d_xz
   18   3   2   2       0.01987048  d_x2-y2
   19   1   0   0       1.36293982  s
   19   2   1  -1       0.82644029  p_y
   19   2   1   0       0.83020480  p_z
   19   2   1   1       0.82940800  p_x
   19   3   2  -2       0.04211053  d_xy
   19   3   2  -1       0.03778828  d_yz
   19   3   2   0       0.01904614  d_z2
   19   3   2   1       0.03701270  d_xz
   19   3   2   2       0.01991161  d_x2-y2
   20   1   0   0       1.37883981  s
   20   2   1  -1       0.83043278  p_y
   20   2   1   0       0.82441215  p_z
   20   2   1   1       0.83161146  p_x
   20   3   2  -2       0.03388038  d_xy
   20   3   2  -1       0.03845298  d_yz
   20   3   2   0       0.01793628  d_z2
   20   3   2   1       0.04152375  d_xz
   20   3   2   2       0.01779027  d_x2-y2
   21   1   0   0       1.36808901  s
   21   2   1  -1       0.83516290  p_y
   21   2   1   0       0.82551145  p_z
   21   2   1   1       0.82986853  p_x
   21   3   2  -2       0.03840219  d_xy
   21   3   2  -1       0.03754462  d_yz
   21   3   2   0       0.01935849  d_z2
   21   3   2   1       0.03874594  d_xz
   21   3   2   2       0.01741825  d_x2-y2
   22   1   0   0       1.35332293  s
   22   2   1  -1       0.82407682  p_y
   22   2   1   0       0.83286365  p_z
   22   2   1   1       0.82117939  p_x
   22   3   2  -2       0.04242696  d_xy
   22   3   2  -1       0.03696361  d_yz
   22   3   2   0       0.02066503  d_z2
   22   3   2   1       0.03852111  d_xz
   22   3   2   2       0.02065778  d_x2-y2
   23   1   0   0       1.37007909  s
   23   2   1  -1       0.83131271  p_y
   23   2   1   0       0.82163222  p_z
   23   2   1   1       0.82643130  p_x
   23   3   2  -2       0.03855244  d_xy
   23   3   2  -1       0.03879525  d_yz
   23   3   2   0       0.02074985  d_z2
   23   3   2   1       0.04283212  d_xz
   23   3   2   2       0.01786797  d_x2-y2
   24   1   0   0       1.38745890  s
   24   2   1  -1       0.83081679  p_y
   24   2   1   0       0.83183750  p_z
   24   2   1   1       0.82645223  p_x
   24   3   2  -2       0.03896624  d_xy
   24   3   2  -1       0.03390455  d_yz
   24   3   2   0       0.01676802  d_z2
   24   3   2   1       0.03556831  d_xz
   24   3   2   2       0.01650055  d_x2-y2
   25   1   0   0       1.35053337  s
   25   2   1  -1       0.82891473  p_y
   25   2   1   0       0.83063326  p_z
   25   2   1   1       0.82820683  p_x
   25   3   2  -2       0.03722291  d_xy
   25   3   2  -1       0.04231932  d_yz
   25   3   2   0       0.01916366  d_z2
   25   3   2   1       0.03969093  d_xz
   25   3   2   2       0.02060312  d_x2-y2
   26   1   0   0       1.37780841  s
   26   2   1  -1       0.82998113  p_y
   26   2   1   0       0.82738249  p_z
   26   2   1   1       0.83036045  p_x
   26   3   2  -2       0.03725043  d_xy
   26   3   2  -1       0.04301125  d_yz
   26   3   2   0       0.01858623  d_z2
   26   3   2   1       0.03547330  d_xz
   26   3   2   2       0.01733398  d_x2-y2
   27   1   0   0       1.35726890  s
   27   2   1  -1       0.83236653  p_y
   27   2   1   0       0.82807718  p_z
   27   2   1   1       0.83188894  p_x
   27   3   2  -2       0.03655847  d_xy
   27   3   2  -1       0.03837893  d_yz
   27   3   2   0       0.01952322  d_z2
   27   3   2   1       0.04096518  d_xz
   27   3   2   2       0.01707630  d_x2-y2
   28   1   0   0       1.34921859  s
   28   2   1  -1       0.83273854  p_y
   28   2   1   0       0.83400219  p_z
   28   2   1   1       0.83397859  p_x
   28   3   2  -2       0.04200013  d_xy
   28   3   2  -1       0.03694391  d_yz
   28   3   2   0       0.01880030  d_z2
   28   3   2   1       0.03708015  d_xz
   28   3   2   2       0.01902754  d_x2-y2
   29   1   0   0       1.36243183  s
   29   2   1  -1       0.83091139  p_y
   29   2   1   0       0.82189367  p_z
   29   2   1   1       0.83078205  p_x
   29   3   2  -2       0.03476114  d_xy
   29   3   2  -1       0.04081053  d_yz
   29   3   2   0       0.01937867  d_z2
   29   3   2   1       0.04324080  d_xz
   29   3   2   2       0.01861117  d_x2-y2
   30   1   0   0       1.36802291  s
   30   2   1  -1       0.82552272  p_y
   30   2   1   0       0.83181212  p_z
   30   2   1   1       0.82726095  p_x
   30   3   2  -2       0.03932571  d_xy
   30   3   2  -1       0.03872473  d_yz
   30   3   2   0       0.01838081  d_z2
   30   3   2   1       0.03649983  d_xz
   30   3   2   2       0.01829536  d_x2-y2
   31   1   0   0       1.33669217  s
   31   2   1  -1       0.83570766  p_y
   31   2   1   0       0.82573461  p_z
   31   2   1   1       0.83016333  p_x
   31   3   2  -2       0.03719613  d_xy
   31   3   2  -1       0.04300212  d_yz
   31   3   2   0       0.02129616  d_z2
   31   3   2   1       0.04303740  d_xz
   31   3   2   2       0.02118694  d_x2-y2
   32   1   0   0       1.31468557  s
   32   2   1  -1       0.83085125  p_y
   32   2   1   0       0.82663567  p_z
   32   2   1   1       0.82643810  p_x
   32   3   2  -2       0.04120850  d_xy
   32   3   2  -1       0.04428557  d_yz
   32   3   2   0       0.02376149  d_z2
   32   3   2   1       0.04783124  d_xz
   32   3   2   2       0.02601439  d_x2-y2
   33   1   0   0       1.33289187  s
   33   2   1  -1       0.83233465  p_y
   33   2   1   0       0.82132320  p_z
   33   2   1   1       0.82697767  p_x
   33   3   2  -2       0.03452055  d_xy
   33   3   2  -1       0.04270035  d_yz
   33   3   2   0       0.02177980  d_z2
   33   3   2   1       0.05212115  d_xz
   33   3   2   2       0.02367970  d_x2-y2
   34   1   0   0       1.32575185  s
   34   2   1  -1       0.82584896  p_y
   34   2   1   0       0.83117887  p_z
   34   2   1   1       0.83056566  p_x
   34   3   2  -2       0.04568422  d_xy
   34   3   2  -1       0.04146357  d_yz
   34   3   2   0       0.02242581  d_z2
   34   3   2   1       0.03992841  d_xz
   34   3   2   2       0.02224777  d_x2-y2
   35   1   0   0       1.33739885  s
   35   2   1  -1       0.83194769  p_y
   35   2   1   0       0.82453991  p_z
   35   2   1   1       0.83191889  p_x
   35   3   2  -2       0.03905949  d_xy
   35   3   2  -1       0.04216389  d_yz
   35   3   2   0       0.02193630  d_z2
   35   3   2   1       0.04042651  d_xz
   35   3   2   2       0.02006389  d_x2-y2
   36   1   0   0       1.39515872  s
   36   2   1  -1       0.82754524  p_y
   36   2   1   0       0.82787842  p_z
   36   2   1   1       0.83186690  p_x
   36   3   2  -2       0.03680533  d_xy
   36   3   2  -1       0.03881796  d_yz
   36   3   2   0       0.01699335  d_z2
   36   3   2   1       0.03157652  d_xz
   36   3   2   2       0.01552313  d_x2-y2
   37   1   0   0       1.34430634  s
   37   2   1  -1       0.82714094  p_y
   37   2   1   0       0.83247003  p_z
   37   2   1   1       0.82497710  p_x
   37   3   2  -2       0.04238651  d_xy
   37   3   2  -1       0.03881232  d_yz
   37   3   2   0       0.01946185  d_z2
   37   3   2   1       0.03916288  d_xz
   37   3   2   2       0.02200850  d_x2-y2
   38   1   0   0       1.37227352  s
   38   2   1  -1       0.83373593  p_y
   38   2   1   0       0.82433728  p_z
   38   2   1   1       0.82775128  p_x
   38   3   2  -2       0.03486179  d_xy
   38   3   2  -1       0.03461694  d_yz
   38   3   2   0       0.01722699  d_z2
   38   3   2   1       0.03763192  d_xz
   38   3   2   2       0.01561726  d_x2-y2
   39   1   0   0       1.35987859  s
   39   2   1  -1       0.82692839  p_y
   39   2   1   0       0.83044682  p_z
   39   2   1   1       0.82626330  p_x
   39   3   2  -2       0.04066969  d_xy
   39   3   2  -1       0.03907557  d_yz
   39   3   2   0       0.02126288  d_z2
   39   3   2   1       0.03956380  d_xz
   39   3   2   2       0.01878745  d_x2-y2
   40   1   0   0       1.34051763  s
   40   2   1  -1       0.82635060  p_y
   40   2   1   0       0.81793787  p_z
   40   2   1   1       0.82628548  p_x
   40   3   2  -2       0.03801137  d_xy
   40   3   2  -1       0.04448843  d_yz
   40   3   2   0       0.02249801  d_z2
   40   3   2   1       0.04275620  d_xz
   40   3   2   2       0.02172062  d_x2-y2
   41   1   0   0       1.37069340  s
   41   2   1  -1       0.83525939  p_y
   41   2   1   0       0.82541570  p_z
   41   2   1   1       0.83181072  p_x
   41   3   2  -2       0.03679730  d_xy
   41   3   2  -1       0.04114674  d_yz
   41   3   2   0       0.01773726  d_z2
   41   3   2   1       0.03330367  d_xz
   41   3   2   2       0.01639828  d_x2-y2
   42   1   0   0       1.34125927  s
   42   2   1  -1       0.82747031  p_y
   42   2   1   0       0.82234496  p_z
   42   2   1   1       0.82396687  p_x
   42   3   2  -2       0.03874533  d_xy
   42   3   2  -1       0.04232181  d_yz
   42   3   2   0       0.02261815  d_z2
   42   3   2   1       0.04600484  d_xz
   42   3   2   2       0.02154218  d_x2-y2
   43   1   0   0       1.38985084  s
   43   2   1  -1       0.82963338  p_y
   43   2   1   0       0.82540164  p_z
   43   2   1   1       0.82764672  p_x
   43   3   2  -2       0.03801216  d_xy
   43   3   2  -1       0.03379995  d_yz
   43   3   2   0       0.01766428  d_z2
   43   3   2   1       0.03865003  d_xz
   43   3   2   2       0.01604575  d_x2-y2
   44   1   0   0       1.35253371  s
   44   2   1  -1       0.82797221  p_y
   44   2   1   0       0.83022442  p_z
   44   2   1   1       0.81759356  p_x
   44   3   2  -2       0.04079840  d_xy
   44   3   2  -1       0.03640310  d_yz
   44   3   2   0       0.02203182  d_z2
   44   3   2   1       0.04520072  d_xz
   44   3   2   2       0.01990609  d_x2-y2
   45   1   0   0       1.36700535  s
   45   2   1  -1       0.82775904  p_y
   45   2   1   0       0.82426817  p_z
   45   2   1   1       0.82824972  p_x
   45   3   2  -2       0.03790051  d_xy
   45   3   2  -1       0.03725007  d_yz
   45   3   2   0       0.01960160  d_z2
   45   3   2   1       0.04107766  d_xz
   45   3   2   2       0.01762677  d_x2-y2
   46   1   0   0       1.36120892  s
   46   2   1  -1       0.82794838  p_y
   46   2   1   0       0.82100261  p_z
   46   2   1   1       0.82882337  p_x
   46   3   2  -2       0.03540070  d_xy
   46   3   2  -1       0.04196682  d_yz
   46   3   2   0       0.02013006  d_z2
   46   3   2   1       0.03962934  d_xz
   46   3   2   2       0.01859262  d_x2-y2
   47   1   0   0       1.36814360  s
   47   2   1  -1       0.82558803  p_y
   47   2   1   0       0.83141495  p_z
   47   2   1   1       0.82969670  p_x
   47   3   2  -2       0.03974042  d_xy
   47   3   2  -1       0.03902736  d_yz
   47   3   2   0       0.01718840  d_z2
   47   3   2   1       0.03586610  d_xz
   47   3   2   2       0.01945894  d_x2-y2
   48   1   0   0       1.31562426  s
   48   2   1  -1       0.83187216  p_y
   48   2   1   0       0.82097429  p_z
   48   2   1   1       0.82820293  p_x
   48   3   2  -2       0.04205925  d_xy
   48   3   2  -1       0.04151118  d_yz
   48   3   2   0       0.02658910  d_z2
   48   3   2   1       0.04767010  d_xz
   48   3   2   2       0.02358120  d_x2-y2
   49   1   0   0       1.38517195  s
   49   2   1  -1       0.82983365  p_y
   49   2   1   0       0.83603736  p_z
   49   2   1   1       0.82717425  p_x
   49   3   2  -2       0.03969619  d_xy
   49   3   2  -1       0.03597521  d_yz
   49   3   2   0       0.01700701  d_z2
   49   3   2   1       0.03706376  d_xz
   49   3   2   2       0.01844381  d_x2-y2
   50   1   0   0       1.37365387  s
   50   2   1  -1       0.83166974  p_y
   50   2   1   0       0.82730790  p_z
   50   2   1   1       0.82819327  p_x
   50   3   2  -2       0.03419204  d_xy
   50   3   2  -1       0.04092637  d_yz
   50   3   2   0       0.01834005  d_z2
   50   3   2   1       0.03842299  d_xz
   50   3   2   2       0.01875798  d_x2-y2
   51   1   0   0       1.35536038  s
   51   2   1  -1       0.82681189  p_y
   51   2   1   0       0.83645799  p_z
   51   2   1   1       0.83030439  p_x
   51   3   2  -2       0.04155098  d_xy
   51   3   2  -1       0.04007342  d_yz
   51   3   2   0       0.01792269  d_z2
   51   3   2   1       0.03660539  d_xz
   51   3   2   2       0.02065888  d_x2-y2
   52   1   0   0       1.34835796  s
   52   2   1  -1       0.83122102  p_y
   52   2   1   0       0.82570371  p_z
   52   2   1   1       0.82935129  p_x
   52   3   2  -2       0.03740478  d_xy
   52   3   2  -1       0.04015844  d_yz
   52   3   2   0       0.02006816  d_z2
   52   3   2   1       0.04161271  d_xz
   52   3   2   2       0.01976091  d_x2-y2
   53   1   0   0       1.33907757  s
   53   2   1  -1       0.82008468  p_y
   53   2   1   0       0.82734078  p_z
   53   2   1   1       0.82663462  p_x
   53   3   2  -2       0.04397485  d_xy
   53   3   2  -1       0.04358857  d_yz
   53   3   2   0       0.02105828  d_z2
   53   3   2   1       0.04047648  d_xz
   53   3   2   2       0.02312868  d_x2-y2
   54   1   0   0       1.38002484  s
   54   2   1  -1       0.82552976  p_y
   54   2   1   0       0.83393437  p_z
   54   2   1   1       0.83144186  p_x
   54   3   2  -2       0.03947517  d_xy
   54   3   2  -1       0.03416185  d_yz
   54   3   2   0       0.01608792  d_z2
   54   3   2   1       0.03893541  d_xz
   54   3   2   2       0.01922678  d_x2-y2
   55   1   0   0       1.37503906  s
   55   2   1  -1       0.82770497  p_y
   55   2   1   0       0.82768417  p_z
   55   2   1   1       0.82186454  p_x
   55   3   2  -2       0.04362751  d_xy
   55   3   2  -1       0.03621677  d_yz
   55   3   2   0       0.01816532  d_z2
   55   3   2   1       0.03710784  d_xz
   55   3   2   2       0.01909396  d_x2-y2
   56   1   0   0       1.38711182  s
   56   2   1  -1       0.82569463  p_y
   56   2   1   0       0.82777483  p_z
   56   2   1   1       0.82710316  p_x
   56   3   2  -2       0.03688531  d_xy
   56   3   2  -1       0.03770983  d_yz
   56   3   2   0       0.01787833  d_z2
   56   3   2   1       0.03847542  d_xz
   56   3   2   2       0.01726963  d_x2-y2
   57   1   0   0       1.36023731  s
   57   2   1  -1       0.83439906  p_y
   57   2   1   0       0.83617735  p_z
   57   2   1   1       0.82846514  p_x
   57   3   2  -2       0.04368282  d_xy
   57   3   2  -1       0.03293443  d_yz
   57   3   2   0       0.01879035  d_z2
   57   3   2   1       0.03807763  d_xz
   57   3   2   2       0.01780436  d_x2-y2
   58   1   0   0       1.36739233  s
   58   2   1  -1       0.82690637  p_y
   58   2   1   0       0.82692544  p_z
   58   2   1   1       0.83219303  p_x
   58   3   2  -2       0.03859205  d_xy
   58   3   2  -1       0.03876037  d_yz
   58   3   2   0       0.01894394  d_z2
   58   3   2   1       0.03844096  d_xz
   58   3   2   2       0.01857893  d_x2-y2
   59   1   0   0       1.36292275  s
   59   2   1  -1       0.82361473  p_y
   59   2   1   0       0.83211632  p_z
   59   2   1   1       0.82576386  p_x
   59   3   2  -2       0.03933063  d_xy
   59   3   2  -1       0.04169404  d_yz
   59   3   2   0       0.01876103  d_z2
   59   3   2   1       0.03928492  d_xz
   59   3   2   2       0.02058718  d_x2-y2
   60   1   0   0       1.35006921  s
   60   2   1  -1       0.82776828  p_y
   60   2   1   0       0.82735161  p_z
   60   2   1   1       0.82444987  p_x
   60   3   2  -2       0.04151064  d_xy
   60   3   2  -1       0.03964836  d_yz
   60   3   2   0       0.02083534  d_z2
   60   3   2   1       0.04081578  d_xz
   60   3   2   2       0.02071955  d_x2-y2
   61   1   0   0       1.35506426  s
   61   2   1  -1       0.83042306  p_y
   61   2   1   0       0.82827788  p_z
   61   2   1   1       0.83358239  p_x
   61   3   2  -2       0.03318683  d_xy
   61   3   2  -1       0.04212157  d_yz
   61   3   2   0       0.01838109  d_z2
   61   3   2   1       0.03841033  d_xz
   61   3   2   2       0.01805201  d_x2-y2
   62   1   0   0       1.35036841  s
   62   2   1  -1       0.82327494  p_y
   62   2   1   0       0.83045954  p_z
   62   2   1   1       0.82668910  p_x
   62   3   2  -2       0.04199983  d_xy
   62   3   2  -1       0.04472595  d_yz
   62   3   2   0       0.02004571  d_z2
   62   3   2   1       0.03671411  d_xz
   62   3   2   2       0.02089594  d_x2-y2
   63   1   0   0       1.35627062  s
   63   2   1  -1       0.83399722  p_y
   63   2   1   0       0.82999274  p_z
   63   2   1   1       0.83225248  p_x
   63   3   2  -2       0.03591090  d_xy
   63   3   2  -1       0.03745325  d_yz
   63   3   2   0       0.01906750  d_z2
   63   3   2   1       0.04077198  d_xz
   63   3   2   2       0.01786998  d_x2-y2
   64   1   0   0       1.34674560  s
   64   2   1  -1       0.83078876  p_y
   64   2   1   0       0.83799837  p_z
   64   2   1   1       0.83246590  p_x
   64   3   2  -2       0.04370492  d_xy
   64   3   2  -1       0.03557522  d_yz
   64   3   2   0       0.01927280  d_z2
   64   3   2   1       0.03466404  d_xz
   64   3   2   2       0.01757297  d_x2-y2

Fermi level:                        -0.1328219143 H           -3.6143 eV
Band energy:                       -88.1915759801 H        -2399.8149 eV
TS:                                  0.0000000000 H            0.0000 eV
Band free energy (E-TS):           -88.1915759801 H        -2399.8149 eV
Extrapolated E(0K):                -88.1915759801 H        -2399.8149 eV
Input / Output electrons (q):    256.0000000000    256.0000000000

Energy H0:                         -88.1760107781 H        -2399.3913 eV
Energy SCC:                          0.0004742736 H            0.0129 eV
Total Electronic energy:           -88.1755365045 H        -2399.3784 eV
Repulsive energy:                    0.0000000000 H            0.0000 eV
Total energy:                      -88.1755365045 H        -2399.3784 eV
Extrapolated to 0:                 -88.1755365045 H        -2399.3784 eV
Total Mermin free energy:          -88.1755365045 H        -2399.3784 eV
Force related energy:              -88.1755365045 H        -2399.3784 eV

Non-constrained calculation

SCC converged

Warning: dipole moment is not defined absolutely!
Dipole moment:    0.19148181   -0.05979593    0.39673916 au
Dipole moment:    0.48669824   -0.15198610    1.00841044 Debye


