 Fermi distribution function

Calculation with static geometry


********************************************************************************
 iSCC Total electronic   Diff electronic      SCC error    
    8   -0.88178625E+02   -0.14643149E-08    0.95068433E-05
********************************************************************************

 Total charge:    -0.00000000

 Atomic gross charges (e)
 Atom           Charge
    1      -0.00049382
    2      -0.02892716
    3       0.01325842
    4      -0.00473724
    5      -0.01490055
    6       0.01271914
    7      -0.01028806
    8       0.02898623
    9      -0.00231187
   10       0.00582517
   11      -0.01266275
   12      -0.01171497
   13      -0.00456284
   14       0.01470630
   15       0.01262129
   16       0.00217362
   17       0.00228515
   18      -0.00236030
   19       0.00809979
   20       0.00976398
   21       0.01000182
   22      -0.01635314
   23       0.00561470
   24      -0.01205798
   25       0.00243423
   26       0.00638907
   27       0.00267793
   28       0.00573948
   29       0.00068039
   30      -0.02360181
   31       0.01857753
   32      -0.01565923
   33      -0.00374609
   34       0.01492327
   35      -0.00646844
   36      -0.00762897
   37       0.00186165
   38       0.00157374
   39       0.01231874
   40      -0.00226200
   41      -0.02830333
   42       0.00573615
   43       0.00022188
   44       0.01333283
   45       0.01382296
   46      -0.01646744
   47      -0.00085657
   48       0.00075483
   49       0.00835920
   50      -0.00575966
   51       0.01613045
   52       0.00429518
   53       0.00901857
   54      -0.01011092
   55      -0.00573909
   56      -0.01785847
   57       0.01050684
   58       0.00571258
   59       0.00860251
   60       0.00130787
   61      -0.00112229
   62      -0.00944817
   63      -0.00944839
   64      -0.00518192

Nr. of electrons (up):    256.00000000
Atom populations (up)
 Atom       Population
    1       4.00049382
    2       4.02892716
    3       3.98674158
    4       4.00473724
    5       4.01490055
    6       3.98728086
    7       4.01028806
    8       3.97101377
    9       4.00231187
   10       3.99417483
   11       4.01266275
   12       4.01171497
   13       4.00456284
   14       3.98529370
   15       3.98737871
   16       3.99782638
   17       3.99771485
   18       4.00236030
   19       3.99190021
   20       3.99023602
   21       3.98999818
   22       4.01635314
   23       3.99438530
   24       4.01205798
   25       3.99756577
   26       3.99361093
   27       3.99732207
   28       3.99426052
   29       3.99931961
   30       4.02360181
   31       3.98142247
   32       4.01565923
   33       4.00374609
   34       3.98507673
   35       4.00646844
   36       4.00762897
   37       3.99813835
   38       3.99842626
   39       3.98768126
   40       4.00226200
   41       4.02830333
   42       3.99426385
   43       3.99977812
   44       3.98666717
   45       3.98617704
   46       4.01646744
   47       4.00085657
   48       3.99924517
   49       3.99164080
   50       4.00575966
   51       3.98386955
   52       3.99570482
   53       3.99098143
   54       4.01011092
   55       4.00573909
   56       4.01785847
   57       3.98949316
   58       3.99428742
   59       3.99139749
   60       3.99869213
   61       4.00112229
   62       4.00944817
   63       4.00944839
   64       4.00518192

l-shell populations (up)
 Atom Sh.   l       Population
    1   1   0       1.36384061
    1   2   1       2.48641651
    1   3   2       0.15023670
    2   1   0       1.40215046
    2   2   1       2.49571188
    2   3   2       0.13106482
    3   1   0       1.34292459
    3   2   1       2.47557790
    3   3   2       0.16823909
    4   1   0       1.36604924
    4   2   1       2.48618718
    4   3   2       0.15250082
    5   1   0       1.37728046
    5   2   1       2.48671352
    5   3   2       0.15090656
    6   1   0       1.34745616
    6   2   1       2.48017834
    6   3   2       0.15964636
    7   1   0       1.37486589
    7   2   1       2.49139812
    7   3   2       0.14402405
    8   1   0       1.32030653
    8   2   1       2.46809169
    8   3   2       0.18261555
    9   1   0       1.36474885
    9   2   1       2.48369323
    9   3   2       0.15386979
   10   1   0       1.34205910
   10   2   1       2.48508222
   10   3   2       0.16703351
   11   1   0       1.37784678
   11   2   1       2.49274997
   11   3   2       0.14206600
   12   1   0       1.36701665
   12   2   1       2.49155957
   12   3   2       0.15313875
   13   1   0       1.35464388
   13   2   1       2.49234346
   13   3   2       0.15757550
   14   1   0       1.33885980
   14   2   1       2.47494748
   14   3   2       0.17148641
   15   1   0       1.33089223
   15   2   1       2.47837495
   15   3   2       0.17811154
   16   1   0       1.36654655
   16   2   1       2.47995096
   16   3   2       0.15132886
   17   1   0       1.35383156
   17   2   1       2.48821931
   17   3   2       0.15566398
   18   1   0       1.37020494
   18   2   1       2.48449843
   18   3   2       0.14765693
   19   1   0       1.35523703
   19   2   1       2.47385802
   19   3   2       0.16280516
   20   1   0       1.35355118
   20   2   1       2.47738432
   20   3   2       0.15930053
   21   1   0       1.34527150
   21   2   1       2.48038696
   21   3   2       0.16433972
   22   1   0       1.37228370
   22   2   1       2.49316067
   22   3   2       0.15090877
   23   1   0       1.35946865
   23   2   1       2.47822385
   23   3   2       0.15669280
   24   1   0       1.36571199
   24   2   1       2.48766712
   24   3   2       0.15867888
   25   1   0       1.35749642
   25   2   1       2.48260634
   25   3   2       0.15746301
   26   1   0       1.34864113
   26   2   1       2.47954840
   26   3   2       0.16542140
   27   1   0       1.35953645
   27   2   1       2.48284666
   27   3   2       0.15493896
   28   1   0       1.35463721
   28   2   1       2.48588965
   28   3   2       0.15373365
   29   1   0       1.35345126
   29   2   1       2.48872533
   29   3   2       0.15714302
   30   1   0       1.37831395
   30   2   1       2.49647401
   30   3   2       0.14881386
   31   1   0       1.32660036
   31   2   1       2.47635669
   31   3   2       0.17846542
   32   1   0       1.36999816
   32   2   1       2.49862275
   32   3   2       0.14703831
   33   1   0       1.35216373
   33   2   1       2.48930511
   33   3   2       0.16227724
   34   1   0       1.33710610
   34   2   1       2.47626408
   34   3   2       0.17170655
   35   1   0       1.36906813
   35   2   1       2.48685024
   35   3   2       0.15055007
   36   1   0       1.37823510
   36   2   1       2.48289466
   36   3   2       0.14649922
   37   1   0       1.36859952
   37   2   1       2.48710265
   37   3   2       0.14243618
   38   1   0       1.34216931
   38   2   1       2.48246221
   38   3   2       0.17379475
   39   1   0       1.34209187
   39   2   1       2.48209859
   39   3   2       0.16349080
   40   1   0       1.35078415
   40   2   1       2.49098638
   40   3   2       0.16049147
   41   1   0       1.39795751
   41   2   1       2.48893324
   41   3   2       0.14141258
   42   1   0       1.34498661
   42   2   1       2.48887822
   42   3   2       0.16039902
   43   1   0       1.35149808
   43   2   1       2.48454052
   43   3   2       0.16373952
   44   1   0       1.34024796
   44   2   1       2.47923812
   44   3   2       0.16718110
   45   1   0       1.34387992
   45   2   1       2.47192801
   45   3   2       0.17036911
   46   1   0       1.37802137
   46   2   1       2.49849985
   46   3   2       0.13994621
   47   1   0       1.36437519
   47   2   1       2.49174408
   47   3   2       0.14473731
   48   1   0       1.35213138
   48   2   1       2.48547678
   48   3   2       0.16163701
   49   1   0       1.35075962
   49   2   1       2.48209039
   49   3   2       0.15879080
   50   1   0       1.36214280
   50   2   1       2.47818168
   50   3   2       0.16543518
   51   1   0       1.34690784
   51   2   1       2.47957643
   51   3   2       0.15738529
   52   1   0       1.34830281
   52   2   1       2.47868943
   52   3   2       0.16871258
   53   1   0       1.35152261
   53   2   1       2.47624964
   53   3   2       0.16320919
   54   1   0       1.36969132
   54   2   1       2.48904831
   54   3   2       0.15137129
   55   1   0       1.35673639
   55   2   1       2.48692126
   55   3   2       0.16208145
   56   1   0       1.38682960
   56   2   1       2.49440397
   56   3   2       0.13662490
   57   1   0       1.35152623
   57   2   1       2.48005857
   57   3   2       0.15790837
   58   1   0       1.34925257
   58   2   1       2.48479128
   58   3   2       0.16024356
   59   1   0       1.35544892
   59   2   1       2.47590891
   59   3   2       0.16003966
   60   1   0       1.35649304
   60   2   1       2.48169878
   60   3   2       0.16050032
   61   1   0       1.35614497
   61   2   1       2.48552265
   61   3   2       0.15945467
   62   1   0       1.37007229
   62   2   1       2.49145794
   62   3   2       0.14791793
   63   1   0       1.37298982
   63   2   1       2.49495758
   63   3   2       0.14150100
   64   1   0       1.36077038
   64   2   1       2.49116532
   64   3   2       0.15324621

Orbital populations (up)
 Atom Sh.   l   m       Population  Label
    1   1   0   0       1.36384061  s
    1   2   1  -1       0.82708655  p_y
    1   2   1   0       0.83175019  p_z
    1   2   1   1       0.82757977  p_x
    1   3   2  -2       0.03928562  d_xy
    1   3   2  -1       0.03730634  d_yz
    1   3   2   0       0.01726573  d_z2
    1   3   2   1       0.03747576  d_xz
    1   3   2   2       0.01890325  d_x2-y2
    2   1   0   0       1.40215046  s
    2   2   1  -1       0.83291475  p_y
    2   2   1   0       0.83032708  p_z
    2   2   1   1       0.83247005  p_x
    2   3   2  -2       0.03373228  d_xy
    2   3   2  -1       0.03486355  d_yz
    2   3   2   0       0.01560276  d_z2
    2   3   2   1       0.03258839  d_xz
    2   3   2   2       0.01427784  d_x2-y2
    3   1   0   0       1.34292459  s
    3   2   1  -1       0.82603633  p_y
    3   2   1   0       0.83101135  p_z
    3   2   1   1       0.81853022  p_x
    3   3   2  -2       0.04427596  d_xy
    3   3   2  -1       0.03800594  d_yz
    3   3   2   0       0.02315194  d_z2
    3   3   2   1       0.04196959  d_xz
    3   3   2   2       0.02083566  d_x2-y2
    4   1   0   0       1.36604924  s
    4   2   1  -1       0.83001700  p_y
    4   2   1   0       0.82778491  p_z
    4   2   1   1       0.82838528  p_x
    4   3   2  -2       0.03728887  d_xy
    4   3   2  -1       0.03895528  d_yz
    4   3   2   0       0.01860713  d_z2
    4   3   2   1       0.03904161  d_xz
    4   3   2   2       0.01860792  d_x2-y2
    5   1   0   0       1.37728046  s
    5   2   1  -1       0.82870734  p_y
    5   2   1   0       0.82570284  p_z
    5   2   1   1       0.83230335  p_x
    5   3   2  -2       0.03727312  d_xy
    5   3   2  -1       0.04011415  d_yz
    5   3   2   0       0.01898080  d_z2
    5   3   2   1       0.03689523  d_xz
    5   3   2   2       0.01764326  d_x2-y2
    6   1   0   0       1.34745616  s
    6   2   1  -1       0.82743653  p_y
    6   2   1   0       0.82516347  p_z
    6   2   1   1       0.82757834  p_x
    6   3   2  -2       0.03806055  d_xy
    6   3   2  -1       0.03759598  d_yz
    6   3   2   0       0.01886042  d_z2
    6   3   2   1       0.04372192  d_xz
    6   3   2   2       0.02140749  d_x2-y2
    7   1   0   0       1.37486589  s
    7   2   1  -1       0.83092569  p_y
    7   2   1   0       0.82753223  p_z
    7   2   1   1       0.83294020  p_x
    7   3   2  -2       0.03961907  d_xy
    7   3   2  -1       0.03531947  d_yz
    7   3   2   0       0.01794087  d_z2
    7   3   2   1       0.03463271  d_xz
    7   3   2   2       0.01651192  d_x2-y2
    8   1   0   0       1.32030653  s
    8   2   1  -1       0.82585641  p_y
    8   2   1   0       0.81828604  p_z
    8   2   1   1       0.82394924  p_x
    8   3   2  -2       0.04091592  d_xy
    8   3   2  -1       0.04556335  d_yz
    8   3   2   0       0.02459188  d_z2
    8   3   2   1       0.04700097  d_xz
    8   3   2   2       0.02454344  d_x2-y2
    9   1   0   0       1.36474885  s
    9   2   1  -1       0.82393938  p_y
    9   2   1   0       0.83496985  p_z
    9   2   1   1       0.82478400  p_x
    9   3   2  -2       0.04105761  d_xy
    9   3   2  -1       0.03780592  d_yz
    9   3   2   0       0.01912785  d_z2
    9   3   2   1       0.03712422  d_xz
    9   3   2   2       0.01875419  d_x2-y2
   10   1   0   0       1.34205910  s
   10   2   1  -1       0.83295628  p_y
   10   2   1   0       0.82451316  p_z
   10   2   1   1       0.82761278  p_x
   10   3   2  -2       0.03830971  d_xy
   10   3   2  -1       0.04118091  d_yz
   10   3   2   0       0.02206863  d_z2
   10   3   2   1       0.04450342  d_xz
   10   3   2   2       0.02097084  d_x2-y2
   11   1   0   0       1.37784678  s
   11   2   1  -1       0.83175473  p_y
   11   2   1   0       0.83079200  p_z
   11   2   1   1       0.83020324  p_x
   11   3   2  -2       0.03668857  d_xy
   11   3   2  -1       0.03667569  d_yz
   11   3   2   0       0.01621597  d_z2
   11   3   2   1       0.03509186  d_xz
   11   3   2   2       0.01739391  d_x2-y2
   12   1   0   0       1.36701665  s
   12   2   1  -1       0.83604360  p_y
   12   2   1   0       0.82567022  p_z
   12   2   1   1       0.82984575  p_x
   12   3   2  -2       0.03531748  d_xy
   12   3   2  -1       0.03979937  d_yz
   12   3   2   0       0.01873669  d_z2
   12   3   2   1       0.04127752  d_xz
   12   3   2   2       0.01800769  d_x2-y2
   13   1   0   0       1.35464388  s
   13   2   1  -1       0.83495260  p_y
   13   2   1   0       0.82916244  p_z
   13   2   1   1       0.82822842  p_x
   13   3   2  -2       0.03470131  d_xy
   13   3   2  -1       0.03825580  d_yz
   13   3   2   0       0.01953550  d_z2
   13   3   2   1       0.04464882  d_xz
   13   3   2   2       0.02043407  d_x2-y2
   14   1   0   0       1.33885980  s
   14   2   1  -1       0.82358195  p_y
   14   2   1   0       0.82494651  p_z
   14   2   1   1       0.82641902  p_x
   14   3   2  -2       0.04296179  d_xy
   14   3   2  -1       0.04379559  d_yz
   14   3   2   0       0.02251035  d_z2
   14   3   2   1       0.04048742  d_xz
   14   3   2   2       0.02173126  d_x2-y2
   15   1   0   0       1.33089223  s
   15   2   1  -1       0.82633946  p_y
   15   2   1   0       0.82420800  p_z
   15   2   1   1       0.82782749  p_x
   15   3   2  -2       0.04105491  d_xy
   15   3   2  -1       0.04275397  d_yz
   15   3   2   0       0.02398743  d_z2
   15   3   2   1       0.04694367  d_xz
   15   3   2   2       0.02337156  d_x2-y2
   16   1   0   0       1.36654655  s
   16   2   1  -1       0.82545360  p_y
   16   2   1   0       0.82730788  p_z
   16   2   1   1       0.82718948  p_x
   16   3   2  -2       0.04059824  d_xy
   16   3   2  -1       0.03763340  d_yz
   16   3   2   0       0.01857506  d_z2
   16   3   2   1       0.03640835  d_xz
   16   3   2   2       0.01811382  d_x2-y2
   17   1   0   0       1.35383156  s
   17   2   1  -1       0.83049006  p_y
   17   2   1   0       0.83070200  p_z
   17   2   1   1       0.82702725  p_x
   17   3   2  -2       0.03912309  d_xy
   17   3   2  -1       0.03779502  d_yz
   17   3   2   0       0.01904298  d_z2
   17   3   2   1       0.04080112  d_xz
   17   3   2   2       0.01890177  d_x2-y2
   18   1   0   0       1.37020494  s
   18   2   1  -1       0.82884964  p_y
   18   2   1   0       0.83196271  p_z
   18   2   1   1       0.82368608  p_x
   18   3   2  -2       0.03825956  d_xy
   18   3   2  -1       0.03614874  d_yz
   18   3   2   0       0.01693664  d_z2
   18   3   2   1       0.03783569  d_xz
   18   3   2   2       0.01847630  d_x2-y2
   19   1   0   0       1.35523703  s
   19   2   1  -1       0.82092487  p_y
   19   2   1   0       0.82977448  p_z
   19   2   1   1       0.82315866  p_x
   19   3   2  -2       0.03958729  d_xy
   19   3   2  -1       0.04417815  d_yz
   19   3   2   0       0.02008289  d_z2
   19   3   2   1       0.03838830  d_xz
   19   3   2   2       0.02056853  d_x2-y2
   20   1   0   0       1.35355118  s
   20   2   1  -1       0.81535947  p_y
   20   2   1   0       0.83062822  p_z
   20   2   1   1       0.83139662  p_x
   20   3   2  -2       0.04068573  d_xy
   20   3   2  -1       0.04173790  d_yz
   20   3   2   0       0.01983309  d_z2
   20   3   2   1       0.03597568  d_xz
   20   3   2   2       0.02106813  d_x2-y2
   21   1   0   0       1.34527150  s
   21   2   1  -1       0.82635320  p_y
   21   2   1   0       0.83080049  p_z
   21   2   1   1       0.82323328  p_x
   21   3   2  -2       0.04045428  d_xy
   21   3   2  -1       0.04017021  d_yz
   21   3   2   0       0.01963262  d_z2
   21   3   2   1       0.04218199  d_xz
   21   3   2   2       0.02190062  d_x2-y2
   22   1   0   0       1.37228370  s
   22   2   1  -1       0.83195616  p_y
   22   2   1   0       0.82823688  p_z
   22   2   1   1       0.83296763  p_x
   22   3   2  -2       0.03815460  d_xy
   22   3   2  -1       0.03745832  d_yz
   22   3   2   0       0.01906944  d_z2
   22   3   2   1       0.03741904  d_xz
   22   3   2   2       0.01880736  d_x2-y2
   23   1   0   0       1.35946865  s
   23   2   1  -1       0.82574294  p_y
   23   2   1   0       0.82873839  p_z
   23   2   1   1       0.82374252  p_x
   23   3   2  -2       0.04266601  d_xy
   23   3   2  -1       0.03679178  d_yz
   23   3   2   0       0.02029706  d_z2
   23   3   2   1       0.03837487  d_xz
   23   3   2   2       0.01856309  d_x2-y2
   24   1   0   0       1.36571199  s
   24   2   1  -1       0.82469687  p_y
   24   2   1   0       0.83133964  p_z
   24   2   1   1       0.83163060  p_x
   24   3   2  -2       0.04180550  d_xy
   24   3   2  -1       0.03848739  d_yz
   24   3   2   0       0.01911632  d_z2
   24   3   2   1       0.03921914  d_xz
   24   3   2   2       0.02005053  d_x2-y2
   25   1   0   0       1.35749642  s
   25   2   1  -1       0.82611248  p_y
   25   2   1   0       0.82713067  p_z
   25   2   1   1       0.82936319  p_x
   25   3   2  -2       0.04120768  d_xy
   25   3   2  -1       0.03885578  d_yz
   25   3   2   0       0.02202232  d_z2
   25   3   2   1       0.03768357  d_xz
   25   3   2   2       0.01769367  d_x2-y2
   26   1   0   0       1.34864113  s
   26   2   1  -1       0.82515556  p_y
   26   2   1   0       0.82740831  p_z
   26   2   1   1       0.82698453  p_x
   26   3   2  -2       0.04126946  d_xy
   26   3   2  -1       0.04207632  d_yz
   26   3   2   0       0.02049940  d_z2
   26   3   2   1       0.04048493  d_xz
   26   3   2   2       0.02109129  d_x2-y2
   27   1   0   0       1.35953645  s
   27   2   1  -1       0.82928993  p_y
   27   2   1   0       0.82766538  p_z
   27   2   1   1       0.82589136  p_x
   27   3   2  -2       0.03975337  d_xy
   27   3   2  -1       0.03756103  d_yz
   27   3   2   0       0.01988574  d_z2
   27   3   2   1       0.03939213  d_xz
   27   3   2   2       0.01834669  d_x2-y2
   28   1   0   0       1.35463721  s
   28   2   1  -1       0.82544028  p_y
   28   2   1   0       0.83011020  p_z
   28   2   1   1       0.83033917  p_x
   28   3   2  -2       0.04111136  d_xy
   28   3   2  -1       0.03807524  d_yz
   28   3   2   0       0.01912890  d_z2
   28   3   2   1       0.03689090  d_xz
   28   3   2   2       0.01852725  d_x2-y2
   29   1   0   0       1.35345126  s
   29   2   1  -1       0.82737476  p_y
   29   2   1   0       0.83488129  p_z
   29   2   1   1       0.82646928  p_x
   29   3   2  -2       0.04167479  d_xy
   29   3   2  -1       0.03889489  d_yz
   29   3   2   0       0.01864956  d_z2
   29   3   2   1       0.03768621  d_xz
   29   3   2   2       0.02023758  d_x2-y2
   30   1   0   0       1.37831395  s
   30   2   1  -1       0.83206403  p_y
   30   2   1   0       0.83003182  p_z
   30   2   1   1       0.83437816  p_x
   30   3   2  -2       0.03283404  d_xy
   30   3   2  -1       0.04070769  d_yz
   30   3   2   0       0.01692500  d_z2
   30   3   2   1       0.03952699  d_xz
   30   3   2   2       0.01882013  d_x2-y2
   31   1   0   0       1.32660036  s
   31   2   1  -1       0.82326749  p_y
   31   2   1   0       0.82898766  p_z
   31   2   1   1       0.82410154  p_x
   31   3   2  -2       0.04784001  d_xy
   31   3   2  -1       0.04252052  d_yz
   31   3   2   0       0.02352508  d_z2
   31   3   2   1       0.04075464  d_xz
   31   3   2   2       0.02382517  d_x2-y2
   32   1   0   0       1.36999816  s
   32   2   1  -1       0.83800790  p_y
   32   2   1   0       0.82813441  p_z
   32   2   1   1       0.83248045  p_x
   32   3   2  -2       0.03448408  d_xy
   32   3   2  -1       0.03811678  d_yz
   32   3   2   0       0.01716934  d_z2
   32   3   2   1       0.03947324  d_xz
   32   3   2   2       0.01779487  d_x2-y2
   33   1   0   0       1.35216373  s
   33   2   1  -1       0.82995630  p_y
   33   2   1   0       0.82711742  p_z
   33   2   1   1       0.83223140  p_x
   33   3   2  -2       0.04049717  d_xy
   33   3   2  -1       0.03891998  d_yz
   33   3   2   0       0.02114518  d_z2
   33   3   2   1       0.04238239  d_xz
   33   3   2   2       0.01933252  d_x2-y2
   34   1   0   0       1.33710610  s
   34   2   1  -1       0.82281699  p_y
   34   2   1   0       0.82690786  p_z
   34   2   1   1       0.82653923  p_x
   34   3   2  -2       0.04471529  d_xy
   34   3   2  -1       0.04311637  d_yz
   34   3   2   0       0.02238858  d_z2
   34   3   2   1       0.03921344  d_xz
   34   3   2   2       0.02227287  d_x2-y2
   35   1   0   0       1.36906813  s
   35   2   1  -1       0.82800389  p_y
   35   2   1   0       0.82757346  p_z
   35   2   1   1       0.83127289  p_x
   35   3   2  -2       0.03685962  d_xy
   35   3   2  -1       0.04050207  d_yz
   35   3   2   0       0.01830473  d_z2
   35   3   2   1       0.03643196  d_xz
   35   3   2   2       0.01845168  d_x2-y2
   36   1   0   0       1.37823510  s
   36   2   1  -1       0.82592480  p_y
   36   2   1   0       0.82787766  p_z
   36   2   1   1       0.82909221  p_x
   36   3   2  -2       0.04010037  d_xy
   36   3   2  -1       0.03681503  d_yz
   36   3   2   0       0.01661698  d_z2
   36   3   2   1       0.03422568  d_xz
   36   3   2   2       0.01874115  d_x2-y2
   37   1   0   0       1.36859952  s
   37   2   1  -1       0.82607211  p_y
   37   2   1   0       0.82969487  p_z
   37   2   1   1       0.83133566  p_x
   37   3   2  -2       0.03673659  d_xy
   37   3   2  -1       0.03678740  d_yz
   37   3   2   0       0.01705024  d_z2
   37   3   2   1       0.03500543  d_xz
   37   3   2   2       0.01685652  d_x2-y2
   38   1   0   0       1.34216931  s
   38   2   1  -1       0.82494629  p_y
   38   2   1   0       0.83035058  p_z
   38   2   1   1       0.82716534  p_x
   38   3   2  -2       0.04436617  d_xy
   38   3   2  -1       0.04061405  d_yz
   38   3   2   0       0.02371218  d_z2
   38   3   2   1       0.04241229  d_xz
   38   3   2   2       0.02269005  d_x2-y2
   39   1   0   0       1.34209187  s
   39   2   1  -1       0.82514800  p_y
   39   2   1   0       0.82720570  p_z
   39   2   1   1       0.82974490  p_x
   39   3   2  -2       0.04123597  d_xy
   39   3   2  -1       0.04014832  d_yz
   39   3   2   0       0.02170720  d_z2
   39   3   2   1       0.04050636  d_xz
   39   3   2   2       0.01989296  d_x2-y2
   40   1   0   0       1.35078415  s
   40   2   1  -1       0.82554271  p_y
   40   2   1   0       0.83454725  p_z
   40   2   1   1       0.83089643  p_x
   40   3   2  -2       0.04162016  d_xy
   40   3   2  -1       0.03776538  d_yz
   40   3   2   0       0.01908597  d_z2
   40   3   2   1       0.04093729  d_xz
   40   3   2   2       0.02108266  d_x2-y2
   41   1   0   0       1.39795751  s
   41   2   1  -1       0.82563745  p_y
   41   2   1   0       0.83276065  p_z
   41   2   1   1       0.83053515  p_x
   41   3   2  -2       0.03903384  d_xy
   41   3   2  -1       0.03674672  d_yz
   41   3   2   0       0.01558819  d_z2
   41   3   2   1       0.03297176  d_xz
   41   3   2   2       0.01707207  d_x2-y2
   42   1   0   0       1.34498661  s
   42   2   1  -1       0.83565582  p_y
   42   2   1   0       0.82934722  p_z
   42   2   1   1       0.82387517  p_x
   42   3   2  -2       0.03573447  d_xy
   42   3   2  -1       0.03949833  d_yz
   42   3   2   0       0.01916498  d_z2
   42   3   2   1       0.04507181  d_xz
   42   3   2   2       0.02092944  d_x2-y2
   43   1   0   0       1.35149808  s
   43   2   1  -1       0.82412305  p_y
   43   2   1   0       0.83286448  p_z
   43   2   1   1       0.82755299  p_x
   43   3   2  -2       0.04222987  d_xy
   43   3   2  -1       0.04077555  d_yz
   43   3   2   0       0.01912195  d_z2
   43   3   2   1       0.03971300  d_xz
   43   3   2   2       0.02189916  d_x2-y2
   44   1   0   0       1.34024796  s
   44   2   1  -1       0.82671412  p_y
   44   2   1   0       0.82411758  p_z
   44   2   1   1       0.82840641  p_x
   44   3   2  -2       0.03870852  d_xy
   44   3   2  -1       0.04369522  d_yz
   44   3   2   0       0.02185521  d_z2
   44   3   2   1       0.04238307  d_xz
   44   3   2   2       0.02053909  d_x2-y2
   45   1   0   0       1.34387992  s
   45   2   1  -1       0.82574342  p_y
   45   2   1   0       0.82118528  p_z
   45   2   1   1       0.82499931  p_x
   45   3   2  -2       0.03745783  d_xy
   45   3   2  -1       0.04468865  d_yz
   45   3   2   0       0.02135615  d_z2
   45   3   2   1       0.04415525  d_xz
   45   3   2   2       0.02271124  d_x2-y2
   46   1   0   0       1.37802137  s
   46   2   1  -1       0.83314167  p_y
   46   2   1   0       0.83470705  p_z
   46   2   1   1       0.83065114  p_x
   46   3   2  -2       0.03905398  d_xy
   46   3   2  -1       0.03550145  d_yz
   46   3   2   0       0.01646730  d_z2
   46   3   2   1       0.03242709  d_xz
   46   3   2   2       0.01649639  d_x2-y2
   47   1   0   0       1.36437519  s
   47   2   1  -1       0.83249297  p_y
   47   2   1   0       0.82982370  p_z
   47   2   1   1       0.82942741  p_x
   47   3   2  -2       0.03690215  d_xy
   47   3   2  -1       0.03459808  d_yz
   47   3   2   0       0.01701938  d_z2
   47   3   2   1       0.03879885  d_xz
   47   3   2   2       0.01741885  d_x2-y2
   48   1   0   0       1.35213138  s
   48   2   1  -1       0.82625181  p_y
   48   2   1   0       0.83211680  p_z
   48   2   1   1       0.82710817  p_x
   48   3   2  -2       0.04120940  d_xy
   48   3   2  -1       0.04008183  d_yz
   48   3   2   0       0.01981290  d_z2
   48   3   2   1       0.03967751  d_xz
   48   3   2   2       0.02085536  d_x2-y2
   49   1   0   0       1.35075962  s
   49   2   1  -1       0.83275336  p_y
   49   2   1   0       0.81999090  p_z
   49   2   1   1       0.82934613  p_x
   49   3   2  -2       0.03695769  d_xy
   49   3   2  -1       0.04117802  d_yz
   49   3   2   0       0.02161759  d_z2
   49   3   2   1       0.04125398  d_xz
   49   3   2   2       0.01778352  d_x2-y2
   50   1   0   0       1.36214280  s
   50   2   1  -1       0.82643137  p_y
   50   2   1   0       0.82799706  p_z
   50   2   1   1       0.82375325  p_x
   50   3   2  -2       0.04251055  d_xy
   50   3   2  -1       0.03945072  d_yz
   50   3   2   0       0.02096683  d_z2
   50   3   2   1       0.04176198  d_xz
   50   3   2   2       0.02074510  d_x2-y2
   51   1   0   0       1.34690784  s
   51   2   1  -1       0.83080222  p_y
   51   2   1   0       0.81882421  p_z
   51   2   1   1       0.82995000  p_x
   51   3   2  -2       0.03703781  d_xy
   51   3   2  -1       0.04084037  d_yz
   51   3   2   0       0.02087277  d_z2
   51   3   2   1       0.03981173  d_xz
   51   3   2   2       0.01882261  d_x2-y2
   52   1   0   0       1.34830281  s
   52   2   1  -1       0.82724054  p_y
   52   2   1   0       0.82486384  p_z
   52   2   1   1       0.82658505  p_x
   52   3   2  -2       0.04136287  d_xy
   52   3   2  -1       0.04198116  d_yz
   52   3   2   0       0.02094451  d_z2
   52   3   2   1       0.04168238  d_xz
   52   3   2   2       0.02274165  d_x2-y2
   53   1   0   0       1.35152261  s
   53   2   1  -1       0.82764616  p_y
   53   2   1   0       0.82345324  p_z
   53   2   1   1       0.82515024  p_x
   53   3   2  -2       0.04195277  d_xy
   53   3   2  -1       0.04038487  d_yz
   53   3   2   0       0.02132950  d_z2
   53   3   2   1       0.03909473  d_xz
   53   3   2   2       0.02044732  d_x2-y2
   54   1   0   0       1.36969132  s
   54   2   1  -1       0.82840296  p_y
   54   2   1   0       0.82809500  p_z
   54   2   1   1       0.83255036  p_x
   54   3   2  -2       0.03655231  d_xy
   54   3   2  -1       0.03872828  d_yz
   54   3   2   0       0.01871665  d_z2
   54   3   2   1       0.03937002  d_xz
   54   3   2   2       0.01800403  d_x2-y2
   55   1   0   0       1.35673639  s
   55   2   1  -1       0.83068182  p_y
   55   2   1   0       0.82973160  p_z
   55   2   1   1       0.82650784  p_x
   55   3   2  -2       0.04061930  d_xy
   55   3   2  -1       0.03757279  d_yz
   55   3   2   0       0.02062311  d_z2
   55   3   2   1       0.04182811  d_xz
   55   3   2   2       0.02143814  d_x2-y2
   56   1   0   0       1.38682960  s
   56   2   1  -1       0.83394493  p_y
   56   2   1   0       0.83074191  p_z
   56   2   1   1       0.82971713  p_x
   56   3   2  -2       0.03499529  d_xy
   56   3   2  -1       0.03429162  d_yz
   56   3   2   0       0.01577034  d_z2
   56   3   2   1       0.03537215  d_xz
   56   3   2   2       0.01619550  d_x2-y2
   57   1   0   0       1.35152623  s
   57   2   1  -1       0.83238676  p_y
   57   2   1   0       0.81881040  p_z
   57   2   1   1       0.82886141  p_x
   57   3   2  -2       0.03718266  d_xy
   57   3   2  -1       0.03931363  d_yz
   57   3   2   0       0.02055799  d_z2
   57   3   2   1       0.04238471  d_xz
   57   3   2   2       0.01846938  d_x2-y2
   58   1   0   0       1.34925257  s
   58   2   1  -1       0.82449215  p_y
   58   2   1   0       0.83289454  p_z
   58   2   1   1       0.82740459  p_x
   58   3   2  -2       0.04338980  d_xy
   58   3   2  -1       0.03981928  d_yz
   58   3   2   0       0.02065886  d_z2
   58   3   2   1       0.03603409  d_xz
   58   3   2   2       0.02034153  d_x2-y2
   59   1   0   0       1.35544892  s
   59   2   1  -1       0.82589463  p_y
   59   2   1   0       0.82259904  p_z
   59   2   1   1       0.82741524  p_x
   59   3   2  -2       0.03860814  d_xy
   59   3   2  -1       0.04125649  d_yz
   59   3   2   0       0.02072401  d_z2
   59   3   2   1       0.04042525  d_xz
   59   3   2   2       0.01902577  d_x2-y2
   60   1   0   0       1.35649304  s
   60   2   1  -1       0.82553500  p_y
   60   2   1   0       0.83174674  p_z
   60   2   1   1       0.82441703  p_x
   60   3   2  -2       0.03983642  d_xy
   60   3   2  -1       0.03874316  d_yz
   60   3   2   0       0.01980890  d_z2
   60   3   2   1       0.04192933  d_xz
   60   3   2   2       0.02018251  d_x2-y2
   61   1   0   0       1.35614497  s
   61   2   1  -1       0.82637481  p_y
   61   2   1   0       0.83198340  p_z
   61   2   1   1       0.82716444  p_x
   61   3   2  -2       0.03953612  d_xy
   61   3   2  -1       0.03958289  d_yz
   61   3   2   0       0.01931577  d_z2
   61   3   2   1       0.03991106  d_xz
   61   3   2   2       0.02110882  d_x2-y2
   62   1   0   0       1.37007229  s
   62   2   1  -1       0.83526984  p_y
   62   2   1   0       0.82674903  p_z
   62   2   1   1       0.82943907  p_x
   62   3   2  -2       0.03536601  d_xy
   62   3   2  -1       0.03897498  d_yz
   62   3   2   0       0.01820480  d_z2
   62   3   2   1       0.03827349  d_xz
   62   3   2   2       0.01709866  d_x2-y2
   63   1   0   0       1.37298982  s
   63   2   1  -1       0.83345509  p_y
   63   2   1   0       0.83072626  p_z
   63   2   1   1       0.83077622  p_x
   63   3   2  -2       0.03362930  d_xy
   63   3   2  -1       0.03808503  d_yz
   63   3   2   0       0.01580318  d_z2
   63   3   2   1       0.03680006  d_xz
   63   3   2   2       0.01718343  d_x2-y2
   64   1   0   0       1.36077038  s
   64   2   1  -1       0.83574666  p_y
   64   2   1   0       0.83036673  p_z
   64   2   1   1       0.82505193  p_x
   64   3   2  -2       0.03722953  d_xy
   64   3   2  -1       0.03612351  d_yz
   64   3   2   0       0.01810748  d_z2
   64   3   2   1       0.04268293  d_xz
   64   3   2   2       0.01910277  d_x2-y2

Fermi level:                        -0.1334054152 H           -3.6301 eV
Band energy:                       -88.1844301921 H        -2399.6204 eV
TS:                                  0.0000000000 H            0.0000 eV
Band free energy (E-TS):           -88.1844301921 H        -2399.6204 eV
Extrapolated E(0K):                -88.1844301921 H        -2399.6204 eV
Input / Output electrons (q):    256.0000000000    256.0000000000

Energy H0:                         -88.1789449724 H        -2399.4712 eV
Energy SCC:                          0.0003203666 H            0.0087 eV
Total Electronic energy:           -88.1786246057 H        -2399.4625 eV
Repulsive energy:                    0.0000000000 H            0.0000 eV
Total energy:                      -88.1786246057 H        -2399.4625 eV
Extrapolated to 0:                 -88.1786246057 H        -2399.4625 eV
Total Mermin free energy:          -88.1786246057 H        -2399.4625 eV
Force related energy:              -88.1786246057 H        -2399.4625 eV

Non-constrained calculation

SCC converged

Warning: dipole moment is not defined absolutely!
Dipole moment:   -0.58160030   -0.12329090    0.21746050 au
Dipole moment:   -1.47828063   -0.31337424    0.55272950 Debye


