 Fermi distribution function

Calculation with static geometry


********************************************************************************
 iSCC Total electronic   Diff electronic      SCC error    
    9   -0.88189352E+02   -0.11554562E-08    0.90966492E-05
********************************************************************************

 Total charge:    -0.00000000

 Atomic gross charges (e)
 Atom           Charge
    1       0.00351728
    2      -0.00038847
    3       0.01238997
    4      -0.00995609
    5      -0.01246079
    6       0.01414841
    7      -0.01360327
    8      -0.00067849
    9       0.00329667
   10      -0.00573698
   11      -0.00800019
   12       0.00616368
   13      -0.00457870
   14      -0.00709010
   15      -0.00107873
   16      -0.00605354
   17       0.01566370
   18       0.00445594
   19       0.00873656
   20       0.01314913
   21       0.00893278
   22      -0.01245948
   23      -0.00550650
   24       0.00361541
   25      -0.00710353
   26       0.01067798
   27       0.00744129
   28      -0.00022546
   29       0.00091495
   30      -0.00684407
   31       0.00135404
   32      -0.02414397
   33       0.00123812
   34      -0.00921543
   35      -0.02795671
   36       0.01012537
   37      -0.00734675
   38      -0.00183121
   39       0.01230371
   40      -0.02602718
   41      -0.01795045
   42      -0.01777601
   43      -0.00426849
   44       0.00436504
   45       0.03107236
   46      -0.01113859
   47       0.00678429
   48      -0.01560698
   49       0.02503074
   50       0.00773302
   51       0.00071253
   52      -0.00458951
   53       0.00246645
   54       0.00841073
   55       0.01700302
   56      -0.00537838
   57       0.00573634
   58       0.00053480
   59       0.01350855
   60      -0.00202170
   61       0.00107706
   62       0.00885822
   63      -0.00452983
   64       0.01012744

Nr. of electrons (up):    256.00000000
Atom populations (up)
 Atom       Population
    1       3.99648272
    2       4.00038847
    3       3.98761003
    4       4.00995609
    5       4.01246079
    6       3.98585159
    7       4.01360327
    8       4.00067849
    9       3.99670333
   10       4.00573698
   11       4.00800019
   12       3.99383632
   13       4.00457870
   14       4.00709010
   15       4.00107873
   16       4.00605354
   17       3.98433630
   18       3.99554406
   19       3.99126344
   20       3.98685087
   21       3.99106722
   22       4.01245948
   23       4.00550650
   24       3.99638459
   25       4.00710353
   26       3.98932202
   27       3.99255871
   28       4.00022546
   29       3.99908505
   30       4.00684407
   31       3.99864596
   32       4.02414397
   33       3.99876188
   34       4.00921543
   35       4.02795671
   36       3.98987463
   37       4.00734675
   38       4.00183121
   39       3.98769629
   40       4.02602718
   41       4.01795045
   42       4.01777601
   43       4.00426849
   44       3.99563496
   45       3.96892764
   46       4.01113859
   47       3.99321571
   48       4.01560698
   49       3.97496926
   50       3.99226698
   51       3.99928747
   52       4.00458951
   53       3.99753355
   54       3.99158927
   55       3.98299698
   56       4.00537838
   57       3.99426366
   58       3.99946520
   59       3.98649145
   60       4.00202170
   61       3.99892294
   62       3.99114178
   63       4.00452983
   64       3.98987256

l-shell populations (up)
 Atom Sh.   l       Population
    1   1   0       1.34442853
    1   2   1       2.48437032
    1   3   2       0.16768386
    2   1   0       1.36169970
    2   2   1       2.48300163
    2   3   2       0.15568713
    3   1   0       1.33299607
    3   2   1       2.47931670
    3   3   2       0.17529727
    4   1   0       1.36134355
    4   2   1       2.48814218
    4   3   2       0.16047036
    5   1   0       1.37080724
    5   2   1       2.48860132
    5   3   2       0.15305224
    6   1   0       1.34040863
    6   2   1       2.48206919
    6   3   2       0.16337377
    7   1   0       1.37717800
    7   2   1       2.49601364
    7   3   2       0.14041164
    8   1   0       1.35836101
    8   2   1       2.47854635
    8   3   2       0.16377113
    9   1   0       1.36664097
    9   2   1       2.47626488
    9   3   2       0.15379748
   10   1   0       1.34715631
   10   2   1       2.48881339
   10   3   2       0.16976728
   11   1   0       1.37499192
   11   2   1       2.49224310
   11   3   2       0.14076517
   12   1   0       1.34176822
   12   2   1       2.47940644
   12   3   2       0.17266167
   13   1   0       1.35483340
   13   2   1       2.49564590
   13   3   2       0.15409940
   14   1   0       1.36803492
   14   2   1       2.48724331
   14   3   2       0.15181187
   15   1   0       1.35642634
   15   2   1       2.47763726
   15   3   2       0.16701514
   16   1   0       1.37556314
   16   2   1       2.48821509
   16   3   2       0.14227531
   17   1   0       1.33095467
   17   2   1       2.48627541
   17   3   2       0.16710621
   18   1   0       1.35228936
   18   2   1       2.48860776
   18   3   2       0.15464693
   19   1   0       1.34451186
   19   2   1       2.47843818
   19   3   2       0.16831340
   20   1   0       1.33346234
   20   2   1       2.47650683
   20   3   2       0.17688170
   21   1   0       1.34790308
   21   2   1       2.48419254
   21   3   2       0.15897161
   22   1   0       1.35884518
   22   2   1       2.50163231
   22   3   2       0.15198199
   23   1   0       1.37312452
   23   2   1       2.49737271
   23   3   2       0.13500928
   24   1   0       1.34157838
   24   2   1       2.48557019
   24   3   2       0.16923602
   25   1   0       1.37077887
   25   2   1       2.48050039
   25   3   2       0.15582427
   26   1   0       1.34215143
   26   2   1       2.48664527
   26   3   2       0.16052532
   27   1   0       1.35394349
   27   2   1       2.48250481
   27   3   2       0.15611040
   28   1   0       1.36528414
   28   2   1       2.48196285
   28   3   2       0.15297847
   29   1   0       1.36126237
   29   2   1       2.48771471
   29   3   2       0.15010797
   30   1   0       1.36845930
   30   2   1       2.48626669
   30   3   2       0.15211808
   31   1   0       1.36105020
   31   2   1       2.47831743
   31   3   2       0.15927834
   32   1   0       1.39999993
   32   2   1       2.49068313
   32   3   2       0.13346090
   33   1   0       1.35429234
   33   2   1       2.48789569
   33   3   2       0.15657384
   34   1   0       1.37164408
   34   2   1       2.48537538
   34   3   2       0.15219597
   35   1   0       1.38601461
   35   2   1       2.50347306
   35   3   2       0.13846904
   36   1   0       1.34833436
   36   2   1       2.48364322
   36   3   2       0.15789705
   37   1   0       1.37975116
   37   2   1       2.48174821
   37   3   2       0.14584737
   38   1   0       1.34029488
   38   2   1       2.48662297
   38   3   2       0.17491336
   39   1   0       1.33804328
   39   2   1       2.48443608
   39   3   2       0.16521692
   40   1   0       1.38672871
   40   2   1       2.49296892
   40   3   2       0.14632955
   41   1   0       1.38164032
   41   2   1       2.49181484
   41   3   2       0.14449529
   42   1   0       1.38269703
   42   2   1       2.49362923
   42   3   2       0.14144975
   43   1   0       1.35455432
   43   2   1       2.49000361
   43   3   2       0.15971056
   44   1   0       1.35042801
   44   2   1       2.48309646
   44   3   2       0.16211049
   45   1   0       1.31329531
   45   2   1       2.45946637
   45   3   2       0.19616596
   46   1   0       1.36672618
   46   2   1       2.49625179
   46   3   2       0.14816062
   47   1   0       1.35353874
   47   2   1       2.47894671
   47   3   2       0.16073026
   48   1   0       1.38350189
   48   2   1       2.48819179
   48   3   2       0.14391330
   49   1   0       1.34144243
   49   2   1       2.47432483
   49   3   2       0.15920201
   50   1   0       1.34044528
   50   2   1       2.48509861
   50   3   2       0.16672309
   51   1   0       1.36912961
   51   2   1       2.48530025
   51   3   2       0.14485762
   52   1   0       1.37266140
   52   2   1       2.48074638
   52   3   2       0.15118172
   53   1   0       1.35493915
   53   2   1       2.49104398
   53   3   2       0.15155041
   54   1   0       1.34641524
   54   2   1       2.48592315
   54   3   2       0.15925088
   55   1   0       1.32855317
   55   2   1       2.47412719
   55   3   2       0.18031662
   56   1   0       1.35601913
   56   2   1       2.49514838
   56   3   2       0.15421087
   57   1   0       1.35957733
   57   2   1       2.47418001
   57   3   2       0.16050632
   58   1   0       1.36086170
   58   2   1       2.48810612
   58   3   2       0.15049739
   59   1   0       1.33491585
   59   2   1       2.47786970
   59   3   2       0.17370591
   60   1   0       1.35953480
   60   2   1       2.49252808
   60   3   2       0.14995882
   61   1   0       1.36393313
   61   2   1       2.47221147
   61   3   2       0.16277834
   62   1   0       1.34810303
   62   2   1       2.47966887
   62   3   2       0.16336988
   63   1   0       1.36278542
   63   2   1       2.48743074
   63   3   2       0.15431367
   64   1   0       1.34712118
   64   2   1       2.46738573
   64   3   2       0.17536565

Orbital populations (up)
 Atom Sh.   l   m       Population  Label
    1   1   0   0       1.34442853  s
    1   2   1  -1       0.82710915  p_y
    1   2   1   0       0.82562482  p_z
    1   2   1   1       0.83163634  p_x
    1   3   2  -2       0.04121162  d_xy
    1   3   2  -1       0.04444180  d_yz
    1   3   2   0       0.02142264  d_z2
    1   3   2   1       0.03918995  d_xz
    1   3   2   2       0.02141785  d_x2-y2
    2   1   0   0       1.36169970  s
    2   2   1  -1       0.82784355  p_y
    2   2   1   0       0.83085667  p_z
    2   2   1   1       0.82430142  p_x
    2   3   2  -2       0.03890298  d_xy
    2   3   2  -1       0.03786507  d_yz
    2   3   2   0       0.01764801  d_z2
    2   3   2   1       0.03989132  d_xz
    2   3   2   2       0.02137975  d_x2-y2
    3   1   0   0       1.33299607  s
    3   2   1  -1       0.82857450  p_y
    3   2   1   0       0.82579907  p_z
    3   2   1   1       0.82494313  p_x
    3   3   2  -2       0.04164980  d_xy
    3   3   2  -1       0.04288070  d_yz
    3   3   2   0       0.02250112  d_z2
    3   3   2   1       0.04491044  d_xz
    3   3   2   2       0.02335521  d_x2-y2
    4   1   0   0       1.36134355  s
    4   2   1  -1       0.82739232  p_y
    4   2   1   0       0.83138912  p_z
    4   2   1   1       0.82936074  p_x
    4   3   2  -2       0.04005350  d_xy
    4   3   2  -1       0.04068102  d_yz
    4   3   2   0       0.01944960  d_z2
    4   3   2   1       0.03966808  d_xz
    4   3   2   2       0.02061816  d_x2-y2
    5   1   0   0       1.37080724  s
    5   2   1  -1       0.82991127  p_y
    5   2   1   0       0.83082883  p_z
    5   2   1   1       0.82786123  p_x
    5   3   2  -2       0.03587163  d_xy
    5   3   2  -1       0.03819669  d_yz
    5   3   2   0       0.01799317  d_z2
    5   3   2   1       0.04139328  d_xz
    5   3   2   2       0.01959747  d_x2-y2
    6   1   0   0       1.34040863  s
    6   2   1  -1       0.82458867  p_y
    6   2   1   0       0.82678863  p_z
    6   2   1   1       0.83069189  p_x
    6   3   2  -2       0.04221139  d_xy
    6   3   2  -1       0.04157837  d_yz
    6   3   2   0       0.02058058  d_z2
    6   3   2   1       0.03738306  d_xz
    6   3   2   2       0.02162037  d_x2-y2
    7   1   0   0       1.37717800  s
    7   2   1  -1       0.83357020  p_y
    7   2   1   0       0.82715809  p_z
    7   2   1   1       0.83528534  p_x
    7   3   2  -2       0.03385900  d_xy
    7   3   2  -1       0.03678763  d_yz
    7   3   2   0       0.01787277  d_z2
    7   3   2   1       0.03662668  d_xz
    7   3   2   2       0.01526556  d_x2-y2
    8   1   0   0       1.35836101  s
    8   2   1  -1       0.82591403  p_y
    8   2   1   0       0.82772432  p_z
    8   2   1   1       0.82490800  p_x
    8   3   2  -2       0.04066143  d_xy
    8   3   2  -1       0.03839847  d_yz
    8   3   2   0       0.02054614  d_z2
    8   3   2   1       0.04240237  d_xz
    8   3   2   2       0.02176272  d_x2-y2
    9   1   0   0       1.36664097  s
    9   2   1  -1       0.83171726  p_y
    9   2   1   0       0.82177402  p_z
    9   2   1   1       0.82277360  p_x
    9   3   2  -2       0.03550815  d_xy
    9   3   2  -1       0.03774913  d_yz
    9   3   2   0       0.02161000  d_z2
    9   3   2   1       0.04076598  d_xz
    9   3   2   2       0.01816421  d_x2-y2
   10   1   0   0       1.34715631  s
   10   2   1  -1       0.82605250  p_y
   10   2   1   0       0.83323169  p_z
   10   2   1   1       0.82952920  p_x
   10   3   2  -2       0.04666340  d_xy
   10   3   2  -1       0.03860143  d_yz
   10   3   2   0       0.02298570  d_z2
   10   3   2   1       0.04104200  d_xz
   10   3   2   2       0.02047475  d_x2-y2
   11   1   0   0       1.37499192  s
   11   2   1  -1       0.82748125  p_y
   11   2   1   0       0.83197815  p_z
   11   2   1   1       0.83278370  p_x
   11   3   2  -2       0.03546070  d_xy
   11   3   2  -1       0.03667482  d_yz
   11   3   2   0       0.01600263  d_z2
   11   3   2   1       0.03554620  d_xz
   11   3   2   2       0.01708082  d_x2-y2
   12   1   0   0       1.34176822  s
   12   2   1  -1       0.82976155  p_y
   12   2   1   0       0.82482136  p_z
   12   2   1   1       0.82482353  p_x
   12   3   2  -2       0.04169922  d_xy
   12   3   2  -1       0.04427891  d_yz
   12   3   2   0       0.02263798  d_z2
   12   3   2   1       0.04217502  d_xz
   12   3   2   2       0.02187054  d_x2-y2
   13   1   0   0       1.35483340  s
   13   2   1  -1       0.83308381  p_y
   13   2   1   0       0.83473605  p_z
   13   2   1   1       0.82782604  p_x
   13   3   2  -2       0.04492531  d_xy
   13   3   2  -1       0.03461987  d_yz
   13   3   2   0       0.01928282  d_z2
   13   3   2   1       0.03689063  d_xz
   13   3   2   2       0.01838077  d_x2-y2
   14   1   0   0       1.36803492  s
   14   2   1  -1       0.83086677  p_y
   14   2   1   0       0.82792653  p_z
   14   2   1   1       0.82845001  p_x
   14   3   2  -2       0.03724568  d_xy
   14   3   2  -1       0.03728368  d_yz
   14   3   2   0       0.01968785  d_z2
   14   3   2   1       0.04035386  d_xz
   14   3   2   2       0.01724079  d_x2-y2
   15   1   0   0       1.35642634  s
   15   2   1  -1       0.82446285  p_y
   15   2   1   0       0.82688971  p_z
   15   2   1   1       0.82628470  p_x
   15   3   2  -2       0.04105608  d_xy
   15   3   2  -1       0.04368189  d_yz
   15   3   2   0       0.02097062  d_z2
   15   3   2   1       0.03992832  d_xz
   15   3   2   2       0.02137823  d_x2-y2
   16   1   0   0       1.37556314  s
   16   2   1  -1       0.83223049  p_y
   16   2   1   0       0.82206986  p_z
   16   2   1   1       0.83391474  p_x
   16   3   2  -2       0.03347057  d_xy
   16   3   2  -1       0.03867786  d_yz
   16   3   2   0       0.01831111  d_z2
   16   3   2   1       0.03652337  d_xz
   16   3   2   2       0.01529239  d_x2-y2
   17   1   0   0       1.33095467  s
   17   2   1  -1       0.82882380  p_y
   17   2   1   0       0.82835259  p_z
   17   2   1   1       0.82909902  p_x
   17   3   2  -2       0.04280902  d_xy
   17   3   2  -1       0.04317670  d_yz
   17   3   2   0       0.02168623  d_z2
   17   3   2   1       0.03817529  d_xz
   17   3   2   2       0.02125897  d_x2-y2
   18   1   0   0       1.35228936  s
   18   2   1  -1       0.82948137  p_y
   18   2   1   0       0.82716325  p_z
   18   2   1   1       0.83196315  p_x
   18   3   2  -2       0.03810815  d_xy
   18   3   2  -1       0.03790793  d_yz
   18   3   2   0       0.01978093  d_z2
   18   3   2   1       0.03976710  d_xz
   18   3   2   2       0.01908281  d_x2-y2
   19   1   0   0       1.34451186  s
   19   2   1  -1       0.82573926  p_y
   19   2   1   0       0.82870932  p_z
   19   2   1   1       0.82398960  p_x
   19   3   2  -2       0.04484961  d_xy
   19   3   2  -1       0.03924068  d_yz
   19   3   2   0       0.02204124  d_z2
   19   3   2   1       0.04123702  d_xz
   19   3   2   2       0.02094484  d_x2-y2
   20   1   0   0       1.33346234  s
   20   2   1  -1       0.82617726  p_y
   20   2   1   0       0.82307811  p_z
   20   2   1   1       0.82725147  p_x
   20   3   2  -2       0.04238796  d_xy
   20   3   2  -1       0.04363418  d_yz
   20   3   2   0       0.02514287  d_z2
   20   3   2   1       0.04352883  d_xz
   20   3   2   2       0.02218786  d_x2-y2
   21   1   0   0       1.34790308  s
   21   2   1  -1       0.82768969  p_y
   21   2   1   0       0.82820540  p_z
   21   2   1   1       0.82829744  p_x
   21   3   2  -2       0.03784723  d_xy
   21   3   2  -1       0.04264527  d_yz
   21   3   2   0       0.01979795  d_z2
   21   3   2   1       0.03868513  d_xz
   21   3   2   2       0.01999603  d_x2-y2
   22   1   0   0       1.35884518  s
   22   2   1  -1       0.83073273  p_y
   22   2   1   0       0.83676282  p_z
   22   2   1   1       0.83413676  p_x
   22   3   2  -2       0.03949126  d_xy
   22   3   2  -1       0.03963592  d_yz
   22   3   2   0       0.01784674  d_z2
   22   3   2   1       0.03635390  d_xz
   22   3   2   2       0.01865417  d_x2-y2
   23   1   0   0       1.37312452  s
   23   2   1  -1       0.83148371  p_y
   23   2   1   0       0.83220755  p_z
   23   2   1   1       0.83368145  p_x
   23   3   2  -2       0.03728979  d_xy
   23   3   2  -1       0.03314518  d_yz
   23   3   2   0       0.01633903  d_z2
   23   3   2   1       0.03253729  d_xz
   23   3   2   2       0.01569798  d_x2-y2
   24   1   0   0       1.34157838  s
   24   2   1  -1       0.82795597  p_y
   24   2   1   0       0.83127188  p_z
   24   2   1   1       0.82634234  p_x
   24   3   2  -2       0.04049102  d_xy
   24   3   2  -1       0.04137040  d_yz
   24   3   2   0       0.02109222  d_z2
   24   3   2   1       0.04350295  d_xz
   24   3   2   2       0.02277943  d_x2-y2
   25   1   0   0       1.37077887  s
   25   2   1  -1       0.82801005  p_y
   25   2   1   0       0.82873207  p_z
   25   2   1   1       0.82375827  p_x
   25   3   2  -2       0.03776022  d_xy
   25   3   2  -1       0.03661194  d_yz
   25   3   2   0       0.01862946  d_z2
   25   3   2   1       0.04365093  d_xz
   25   3   2   2       0.01917173  d_x2-y2
   26   1   0   0       1.34215143  s
   26   2   1  -1       0.82896139  p_y
   26   2   1   0       0.83096898  p_z
   26   2   1   1       0.82671491  p_x
   26   3   2  -2       0.04059429  d_xy
   26   3   2  -1       0.03944325  d_yz
   26   3   2   0       0.01960158  d_z2
   26   3   2   1       0.04023667  d_xz
   26   3   2   2       0.02064953  d_x2-y2
   27   1   0   0       1.35394349  s
   27   2   1  -1       0.82821970  p_y
   27   2   1   0       0.82864102  p_z
   27   2   1   1       0.82564410  p_x
   27   3   2  -2       0.03877438  d_xy
   27   3   2  -1       0.03961167  d_yz
   27   3   2   0       0.01831987  d_z2
   27   3   2   1       0.03813318  d_xz
   27   3   2   2       0.02127130  d_x2-y2
   28   1   0   0       1.36528414  s
   28   2   1  -1       0.82600968  p_y
   28   2   1   0       0.82889392  p_z
   28   2   1   1       0.82705924  p_x
   28   3   2  -2       0.03740819  d_xy
   28   3   2  -1       0.04051748  d_yz
   28   3   2   0       0.01742827  d_z2
   28   3   2   1       0.03729933  d_xz
   28   3   2   2       0.02032521  d_x2-y2
   29   1   0   0       1.36126237  s
   29   2   1  -1       0.83362162  p_y
   29   2   1   0       0.82339477  p_z
   29   2   1   1       0.83069832  p_x
   29   3   2  -2       0.03556332  d_xy
   29   3   2  -1       0.03897819  d_yz
   29   3   2   0       0.01941174  d_z2
   29   3   2   1       0.03831902  d_xz
   29   3   2   2       0.01783570  d_x2-y2
   30   1   0   0       1.36845930  s
   30   2   1  -1       0.83095077  p_y
   30   2   1   0       0.82982758  p_z
   30   2   1   1       0.82548835  p_x
   30   3   2  -2       0.04046019  d_xy
   30   3   2  -1       0.03441932  d_yz
   30   3   2   0       0.01909142  d_z2
   30   3   2   1       0.04015219  d_xz
   30   3   2   2       0.01799495  d_x2-y2
   31   1   0   0       1.36105020  s
   31   2   1  -1       0.82622243  p_y
   31   2   1   0       0.82410425  p_z
   31   2   1   1       0.82799075  p_x
   31   3   2  -2       0.03840236  d_xy
   31   3   2  -1       0.03732038  d_yz
   31   3   2   0       0.01989077  d_z2
   31   3   2   1       0.04403231  d_xz
   31   3   2   2       0.01963250  d_x2-y2
   32   1   0   0       1.39999993  s
   32   2   1  -1       0.82684251  p_y
   32   2   1   0       0.83266286  p_z
   32   2   1   1       0.83117777  p_x
   32   3   2  -2       0.03723751  d_xy
   32   3   2  -1       0.03509905  d_yz
   32   3   2   0       0.01513597  d_z2
   32   3   2   1       0.03081440  d_xz
   32   3   2   2       0.01517397  d_x2-y2
   33   1   0   0       1.35429234  s
   33   2   1  -1       0.82990070  p_y
   33   2   1   0       0.82785339  p_z
   33   2   1   1       0.83014161  p_x
   33   3   2  -2       0.04147758  d_xy
   33   3   2  -1       0.04425144  d_yz
   33   3   2   0       0.02014234  d_z2
   33   3   2   1       0.03141019  d_xz
   33   3   2   2       0.01929229  d_x2-y2
   34   1   0   0       1.37164408  s
   34   2   1  -1       0.83012250  p_y
   34   2   1   0       0.82949719  p_z
   34   2   1   1       0.82575569  p_x
   34   3   2  -2       0.03780908  d_xy
   34   3   2  -1       0.03604996  d_yz
   34   3   2   0       0.01837029  d_z2
   34   3   2   1       0.04148075  d_xz
   34   3   2   2       0.01848589  d_x2-y2
   35   1   0   0       1.38601461  s
   35   2   1  -1       0.83608326  p_y
   35   2   1   0       0.83436261  p_z
   35   2   1   1       0.83302719  p_x
   35   3   2  -2       0.03811159  d_xy
   35   3   2  -1       0.03221246  d_yz
   35   3   2   0       0.01638166  d_z2
   35   3   2   1       0.03593917  d_xz
   35   3   2   2       0.01582416  d_x2-y2
   36   1   0   0       1.34833436  s
   36   2   1  -1       0.82381834  p_y
   36   2   1   0       0.83160857  p_z
   36   2   1   1       0.82821631  p_x
   36   3   2  -2       0.03904140  d_xy
   36   3   2  -1       0.03942263  d_yz
   36   3   2   0       0.01918393  d_z2
   36   3   2   1       0.03919608  d_xz
   36   3   2   2       0.02105301  d_x2-y2
   37   1   0   0       1.37975116  s
   37   2   1  -1       0.82927743  p_y
   37   2   1   0       0.83053191  p_z
   37   2   1   1       0.82193887  p_x
   37   3   2  -2       0.03862833  d_xy
   37   3   2  -1       0.03772476  d_yz
   37   3   2   0       0.01710710  d_z2
   37   3   2   1       0.03426581  d_xz
   37   3   2   2       0.01812138  d_x2-y2
   38   1   0   0       1.34029488  s
   38   2   1  -1       0.82872043  p_y
   38   2   1   0       0.82768135  p_z
   38   2   1   1       0.83022118  p_x
   38   3   2  -2       0.04229887  d_xy
   38   3   2  -1       0.04479445  d_yz
   38   3   2   0       0.02329478  d_z2
   38   3   2   1       0.04259771  d_xz
   38   3   2   2       0.02192755  d_x2-y2
   39   1   0   0       1.33804328  s
   39   2   1  -1       0.82641875  p_y
   39   2   1   0       0.83111618  p_z
   39   2   1   1       0.82690115  p_x
   39   3   2  -2       0.04068181  d_xy
   39   3   2  -1       0.04054899  d_yz
   39   3   2   0       0.02126095  d_z2
   39   3   2   1       0.04141308  d_xz
   39   3   2   2       0.02131209  d_x2-y2
   40   1   0   0       1.38672871  s
   40   2   1  -1       0.83297278  p_y
   40   2   1   0       0.82928249  p_z
   40   2   1   1       0.83071364  p_x
   40   3   2  -2       0.03759681  d_xy
   40   3   2  -1       0.03616098  d_yz
   40   3   2   0       0.01821055  d_z2
   40   3   2   1       0.03824097  d_xz
   40   3   2   2       0.01612023  d_x2-y2
   41   1   0   0       1.38164032  s
   41   2   1  -1       0.82952076  p_y
   41   2   1   0       0.82868165  p_z
   41   2   1   1       0.83361244  p_x
   41   3   2  -2       0.03334975  d_xy
   41   3   2  -1       0.03452713  d_yz
   41   3   2   0       0.01749342  d_z2
   41   3   2   1       0.04114153  d_xz
   41   3   2   2       0.01798348  d_x2-y2
   42   1   0   0       1.38269703  s
   42   2   1  -1       0.82966640  p_y
   42   2   1   0       0.83125894  p_z
   42   2   1   1       0.83270389  p_x
   42   3   2  -2       0.03831875  d_xy
   42   3   2  -1       0.03660655  d_yz
   42   3   2   0       0.01539610  d_z2
   42   3   2   1       0.03201069  d_xz
   42   3   2   2       0.01911765  d_x2-y2
   43   1   0   0       1.35455432  s
   43   2   1  -1       0.82946942  p_y
   43   2   1   0       0.82771447  p_z
   43   2   1   1       0.83281972  p_x
   43   3   2  -2       0.03547208  d_xy
   43   3   2  -1       0.04302808  d_yz
   43   3   2   0       0.01922475  d_z2
   43   3   2   1       0.04067519  d_xz
   43   3   2   2       0.02131047  d_x2-y2
   44   1   0   0       1.35042801  s
   44   2   1  -1       0.82481534  p_y
   44   2   1   0       0.82894828  p_z
   44   2   1   1       0.82933284  p_x
   44   3   2  -2       0.04091595  d_xy
   44   3   2  -1       0.04172134  d_yz
   44   3   2   0       0.02070328  d_z2
   44   3   2   1       0.03890934  d_xz
   44   3   2   2       0.01986057  d_x2-y2
   45   1   0   0       1.31329531  s
   45   2   1  -1       0.81632260  p_y
   45   2   1   0       0.82242931  p_z
   45   2   1   1       0.82071446  p_x
   45   3   2  -2       0.05165984  d_xy
   45   3   2  -1       0.04277483  d_yz
   45   3   2   0       0.02515848  d_z2
   45   3   2   1       0.04754301  d_xz
   45   3   2   2       0.02902981  d_x2-y2
   46   1   0   0       1.36672618  s
   46   2   1  -1       0.83056752  p_y
   46   2   1   0       0.83124881  p_z
   46   2   1   1       0.83443546  p_x
   46   3   2  -2       0.03752178  d_xy
   46   3   2  -1       0.03425523  d_yz
   46   3   2   0       0.01784474  d_z2
   46   3   2   1       0.04037346  d_xz
   46   3   2   2       0.01816540  d_x2-y2
   47   1   0   0       1.35353874  s
   47   2   1  -1       0.82575935  p_y
   47   2   1   0       0.82568707  p_z
   47   2   1   1       0.82750029  p_x
   47   3   2  -2       0.03983964  d_xy
   47   3   2  -1       0.04200419  d_yz
   47   3   2   0       0.02101062  d_z2
   47   3   2   1       0.03835777  d_xz
   47   3   2   2       0.01951804  d_x2-y2
   48   1   0   0       1.38350189  s
   48   2   1  -1       0.82899005  p_y
   48   2   1   0       0.83079832  p_z
   48   2   1   1       0.82840341  p_x
   48   3   2  -2       0.03519566  d_xy
   48   3   2  -1       0.04007746  d_yz
   48   3   2   0       0.01735458  d_z2
   48   3   2   1       0.03481212  d_xz
   48   3   2   2       0.01647348  d_x2-y2
   49   1   0   0       1.34144243  s
   49   2   1  -1       0.82281873  p_y
   49   2   1   0       0.83003833  p_z
   49   2   1   1       0.82146777  p_x
   49   3   2  -2       0.03609796  d_xy
   49   3   2  -1       0.04345133  d_yz
   49   3   2   0       0.01841377  d_z2
   49   3   2   1       0.03848255  d_xz
   49   3   2   2       0.02275640  d_x2-y2
   50   1   0   0       1.34044528  s
   50   2   1  -1       0.82551052  p_y
   50   2   1   0       0.82757586  p_z
   50   2   1   1       0.83201224  p_x
   50   3   2  -2       0.04069615  d_xy
   50   3   2  -1       0.04234919  d_yz
   50   3   2   0       0.02115595  d_z2
   50   3   2   1       0.04047432  d_xz
   50   3   2   2       0.02204748  d_x2-y2
   51   1   0   0       1.36912961  s
   51   2   1  -1       0.83007590  p_y
   51   2   1   0       0.82985848  p_z
   51   2   1   1       0.82536586  p_x
   51   3   2  -2       0.03814567  d_xy
   51   3   2  -1       0.03340475  d_yz
   51   3   2   0       0.01759558  d_z2
   51   3   2   1       0.03864985  d_xz
   51   3   2   2       0.01706177  d_x2-y2
   52   1   0   0       1.37266140  s
   52   2   1  -1       0.82897939  p_y
   52   2   1   0       0.82296420  p_z
   52   2   1   1       0.82880279  p_x
   52   3   2  -2       0.03727196  d_xy
   52   3   2  -1       0.03832843  d_yz
   52   3   2   0       0.01859415  d_z2
   52   3   2   1       0.03858671  d_xz
   52   3   2   2       0.01840047  d_x2-y2
   53   1   0   0       1.35493915  s
   53   2   1  -1       0.83255776  p_y
   53   2   1   0       0.82816949  p_z
   53   2   1   1       0.83031673  p_x
   53   3   2  -2       0.04091187  d_xy
   53   3   2  -1       0.03750249  d_yz
   53   3   2   0       0.01919628  d_z2
   53   3   2   1       0.03636342  d_xz
   53   3   2   2       0.01757635  d_x2-y2
   54   1   0   0       1.34641524  s
   54   2   1  -1       0.82986187  p_y
   54   2   1   0       0.82802321  p_z
   54   2   1   1       0.82803807  p_x
   54   3   2  -2       0.04016596  d_xy
   54   3   2  -1       0.04200486  d_yz
   54   3   2   0       0.02116555  d_z2
   54   3   2   1       0.03726365  d_xz
   54   3   2   2       0.01865085  d_x2-y2
   55   1   0   0       1.32855317  s
   55   2   1  -1       0.82514715  p_y
   55   2   1   0       0.82537225  p_z
   55   2   1   1       0.82360779  p_x
   55   3   2  -2       0.04442851  d_xy
   55   3   2  -1       0.04731939  d_yz
   55   3   2   0       0.02245091  d_z2
   55   3   2   1       0.04156144  d_xz
   55   3   2   2       0.02455637  d_x2-y2
   56   1   0   0       1.35601913  s
   56   2   1  -1       0.83131266  p_y
   56   2   1   0       0.83176881  p_z
   56   2   1   1       0.83206691  p_x
   56   3   2  -2       0.03574784  d_xy
   56   3   2  -1       0.03833786  d_yz
   56   3   2   0       0.01883323  d_z2
   56   3   2   1       0.04072094  d_xz
   56   3   2   2       0.02057100  d_x2-y2
   57   1   0   0       1.35957733  s
   57   2   1  -1       0.82408586  p_y
   57   2   1   0       0.82214737  p_z
   57   2   1   1       0.82794678  p_x
   57   3   2  -2       0.03921445  d_xy
   57   3   2  -1       0.04246232  d_yz
   57   3   2   0       0.02115269  d_z2
   57   3   2   1       0.03872837  d_xz
   57   3   2   2       0.01894849  d_x2-y2
   58   1   0   0       1.36086170  s
   58   2   1  -1       0.83173929  p_y
   58   2   1   0       0.82660654  p_z
   58   2   1   1       0.82976029  p_x
   58   3   2  -2       0.03491270  d_xy
   58   3   2  -1       0.03962802  d_yz
   58   3   2   0       0.01825035  d_z2
   58   3   2   1       0.03967429  d_xz
   58   3   2   2       0.01803203  d_x2-y2
   59   1   0   0       1.33491585  s
   59   2   1  -1       0.82429926  p_y
   59   2   1   0       0.82548188  p_z
   59   2   1   1       0.82808856  p_x
   59   3   2  -2       0.04734352  d_xy
   59   3   2  -1       0.03994021  d_yz
   59   3   2   0       0.02349921  d_z2
   59   3   2   1       0.04106371  d_xz
   59   3   2   2       0.02185926  d_x2-y2
   60   1   0   0       1.35953480  s
   60   2   1  -1       0.83196739  p_y
   60   2   1   0       0.82772126  p_z
   60   2   1   1       0.83283944  p_x
   60   3   2  -2       0.03656728  d_xy
   60   3   2  -1       0.03789486  d_yz
   60   3   2   0       0.01904728  d_z2
   60   3   2   1       0.03855561  d_xz
   60   3   2   2       0.01789379  d_x2-y2
   61   1   0   0       1.36393313  s
   61   2   1  -1       0.82091059  p_y
   61   2   1   0       0.82436756  p_z
   61   2   1   1       0.82693331  p_x
   61   3   2  -2       0.03891703  d_xy
   61   3   2  -1       0.04094733  d_yz
   61   3   2   0       0.02030416  d_z2
   61   3   2   1       0.04204533  d_xz
   61   3   2   2       0.02056450  d_x2-y2
   62   1   0   0       1.34810303  s
   62   2   1  -1       0.82530207  p_y
   62   2   1   0       0.82959939  p_z
   62   2   1   1       0.82476741  p_x
   62   3   2  -2       0.04574460  d_xy
   62   3   2  -1       0.03466895  d_yz
   62   3   2   0       0.02158271  d_z2
   62   3   2   1       0.04145424  d_xz
   62   3   2   2       0.01991937  d_x2-y2
   63   1   0   0       1.36278542  s
   63   2   1  -1       0.82887299  p_y
   63   2   1   0       0.82607680  p_z
   63   2   1   1       0.83248095  p_x
   63   3   2  -2       0.03650174  d_xy
   63   3   2  -1       0.03842275  d_yz
   63   3   2   0       0.01904696  d_z2
   63   3   2   1       0.04132107  d_xz
   63   3   2   2       0.01902115  d_x2-y2
   64   1   0   0       1.34712118  s
   64   2   1  -1       0.82249228  p_y
   64   2   1   0       0.82376080  p_z
   64   2   1   1       0.82113265  p_x
   64   3   2  -2       0.04246442  d_xy
   64   3   2  -1       0.04444782  d_yz
   64   3   2   0       0.02376891  d_z2
   64   3   2   1       0.04264531  d_xz
   64   3   2   2       0.02203918  d_x2-y2

Fermi level:                        -0.1329562030 H           -3.6179 eV
Band energy:                       -88.1990838713 H        -2400.0192 eV
TS:                                  0.0000000000 H            0.0000 eV
Band free energy (E-TS):           -88.1990838713 H        -2400.0192 eV
Extrapolated E(0K):                -88.1990838713 H        -2400.0192 eV
Input / Output electrons (q):    256.0000000000    256.0000000000

Energy H0:                         -88.1897431518 H        -2399.7650 eV
Energy SCC:                          0.0003911042 H            0.0106 eV
Total Electronic energy:           -88.1893520476 H        -2399.7544 eV
Repulsive energy:                    0.0000000000 H            0.0000 eV
Total energy:                      -88.1893520476 H        -2399.7544 eV
Extrapolated to 0:                 -88.1893520476 H        -2399.7544 eV
Total Mermin free energy:          -88.1893520476 H        -2399.7544 eV
Force related energy:              -88.1893520476 H        -2399.7544 eV

Non-constrained calculation

SCC converged

Warning: dipole moment is not defined absolutely!
Dipole moment:   -0.18009752   -0.04628878   -0.52836702 au
Dipole moment:   -0.45776228   -0.11765435   -1.34297511 Debye


