 Fermi distribution function

Calculation with static geometry


********************************************************************************
 iSCC Total electronic   Diff electronic      SCC error    
    9   -0.88203928E+02   -0.12679777E-08    0.64798035E-05
********************************************************************************

 Total charge:    -0.00000000

 Atomic gross charges (e)
 Atom           Charge
    1      -0.00345572
    2       0.01009905
    3      -0.00693414
    4       0.00742540
    5       0.01244429
    6      -0.02174051
    7       0.00558878
    8      -0.04266403
    9       0.00789846
   10      -0.00890043
   11       0.01510577
   12      -0.00044194
   13      -0.00839289
   14      -0.01310440
   15      -0.02506430
   16      -0.00554552
   17       0.00272467
   18       0.02839605
   19      -0.00377211
   20       0.00270125
   21      -0.00254029
   22       0.01494766
   23      -0.01120768
   24       0.02044147
   25       0.00662508
   26       0.00008577
   27       0.00693744
   28       0.00253418
   29      -0.01186558
   30       0.02014326
   31       0.00593341
   32       0.00595390
   33       0.00732770
   34      -0.02332427
   35      -0.00104085
   36       0.01681433
   37      -0.00527813
   38      -0.00469855
   39      -0.00404641
   40      -0.01593709
   41       0.01945342
   42      -0.02281635
   43       0.00382413
   44      -0.02951431
   45      -0.00400338
   46       0.00053723
   47      -0.00813660
   48      -0.02140522
   49       0.00786890
   50       0.00574169
   51      -0.01348125
   52      -0.00773708
   53      -0.00944026
   54       0.02190349
   55       0.01024259
   56       0.01416396
   57       0.00059692
   58      -0.00149811
   59      -0.01029632
   60       0.02243726
   61       0.00755262
   62       0.01094922
   63       0.01478632
   64       0.00809807

Nr. of electrons (up):    256.00000000
Atom populations (up)
 Atom       Population
    1       4.00345572
    2       3.98990095
    3       4.00693414
    4       3.99257460
    5       3.98755571
    6       4.02174051
    7       3.99441122
    8       4.04266403
    9       3.99210154
   10       4.00890043
   11       3.98489423
   12       4.00044194
   13       4.00839289
   14       4.01310440
   15       4.02506430
   16       4.00554552
   17       3.99727533
   18       3.97160395
   19       4.00377211
   20       3.99729875
   21       4.00254029
   22       3.98505234
   23       4.01120768
   24       3.97955853
   25       3.99337492
   26       3.99991423
   27       3.99306256
   28       3.99746582
   29       4.01186558
   30       3.97985674
   31       3.99406659
   32       3.99404610
   33       3.99267230
   34       4.02332427
   35       4.00104085
   36       3.98318567
   37       4.00527813
   38       4.00469855
   39       4.00404641
   40       4.01593709
   41       3.98054658
   42       4.02281635
   43       3.99617587
   44       4.02951431
   45       4.00400338
   46       3.99946277
   47       4.00813660
   48       4.02140522
   49       3.99213110
   50       3.99425831
   51       4.01348125
   52       4.00773708
   53       4.00944026
   54       3.97809651
   55       3.98975741
   56       3.98583604
   57       3.99940308
   58       4.00149811
   59       4.01029632
   60       3.97756274
   61       3.99244738
   62       3.98905078
   63       3.98521368
   64       3.99190193

l-shell populations (up)
 Atom Sh.   l       Population
    1   1   0       1.35864783
    1   2   1       2.48815975
    1   3   2       0.15664815
    2   1   0       1.33349972
    2   2   1       2.48172177
    2   3   2       0.17467946
    3   1   0       1.36902774
    3   2   1       2.49179622
    3   3   2       0.14611018
    4   1   0       1.34469963
    4   2   1       2.48619505
    4   3   2       0.16167991
    5   1   0       1.33075768
    5   2   1       2.48375726
    5   3   2       0.17304076
    6   1   0       1.37813691
    6   2   1       2.50185895
    6   3   2       0.14174466
    7   1   0       1.34511892
    7   2   1       2.48391712
    7   3   2       0.16537518
    8   1   0       1.40860741
    8   2   1       2.49817817
    8   3   2       0.13587845
    9   1   0       1.34444150
    9   2   1       2.48428838
    9   3   2       0.16337166
   10   1   0       1.36584911
   10   2   1       2.48630925
   10   3   2       0.15674206
   11   1   0       1.33083486
   11   2   1       2.47037811
   11   3   2       0.18368126
   12   1   0       1.36041352
   12   2   1       2.48246968
   12   3   2       0.15755874
   13   1   0       1.36800573
   13   2   1       2.49236898
   13   3   2       0.14801818
   14   1   0       1.36595275
   14   2   1       2.49133873
   14   3   2       0.15581292
   15   1   0       1.39055409
   15   2   1       2.49452658
   15   3   2       0.13998363
   16   1   0       1.35238998
   16   2   1       2.49685776
   16   3   2       0.15629778
   17   1   0       1.35094214
   17   2   1       2.48593691
   17   3   2       0.16039629
   18   1   0       1.33619907
   18   2   1       2.46709607
   18   3   2       0.16830881
   19   1   0       1.37170034
   19   2   1       2.48380772
   19   3   2       0.14826404
   20   1   0       1.35885566
   20   2   1       2.48082392
   20   3   2       0.15761917
   21   1   0       1.36537189
   21   2   1       2.49101216
   21   3   2       0.14615625
   22   1   0       1.35689320
   22   2   1       2.47511930
   22   3   2       0.15303984
   23   1   0       1.37252192
   23   2   1       2.49359367
   23   3   2       0.14509208
   24   1   0       1.32981322
   24   2   1       2.48370280
   24   3   2       0.16604252
   25   1   0       1.34547060
   25   2   1       2.48275898
   25   3   2       0.16514535
   26   1   0       1.36237233
   26   2   1       2.48568773
   26   3   2       0.15185416
   27   1   0       1.34822874
   27   2   1       2.49171586
   27   3   2       0.15311796
   28   1   0       1.36216407
   28   2   1       2.48326263
   28   3   2       0.15203911
   29   1   0       1.37574884
   29   2   1       2.49275519
   29   3   2       0.14336154
   30   1   0       1.34112551
   30   2   1       2.47235417
   30   3   2       0.16637706
   31   1   0       1.34653495
   31   2   1       2.48544425
   31   3   2       0.16208738
   32   1   0       1.35767663
   32   2   1       2.47611287
   32   3   2       0.16025661
   33   1   0       1.34782638
   33   2   1       2.48419513
   33   3   2       0.16065080
   34   1   0       1.38097877
   34   2   1       2.50075346
   34   3   2       0.14159204
   35   1   0       1.36698005
   35   2   1       2.48362587
   35   3   2       0.15043493
   36   1   0       1.31755206
   36   2   1       2.48547377
   36   3   2       0.18015984
   37   1   0       1.35838790
   37   2   1       2.48837523
   37   3   2       0.15851501
   38   1   0       1.35973972
   38   2   1       2.49381902
   38   3   2       0.15113981
   39   1   0       1.35581067
   39   2   1       2.48533519
   39   3   2       0.16290055
   40   1   0       1.37686130
   40   2   1       2.49228573
   40   3   2       0.14679006
   41   1   0       1.33544547
   41   2   1       2.47938514
   41   3   2       0.16571598
   42   1   0       1.38589963
   42   2   1       2.49392262
   42   3   2       0.14299410
   43   1   0       1.36548754
   43   2   1       2.48375856
   43   3   2       0.14692978
   44   1   0       1.39782990
   44   2   1       2.49567707
   44   3   2       0.13600734
   45   1   0       1.35780491
   45   2   1       2.49023521
   45   3   2       0.15596326
   46   1   0       1.35122879
   46   2   1       2.49006163
   46   3   2       0.15817236
   47   1   0       1.37027004
   47   2   1       2.48425439
   47   3   2       0.15361217
   48   1   0       1.38130434
   48   2   1       2.49250428
   48   3   2       0.14759660
   49   1   0       1.34145419
   49   2   1       2.48191649
   49   3   2       0.16876042
   50   1   0       1.35014152
   50   2   1       2.49256535
   50   3   2       0.15155144
   51   1   0       1.37322181
   51   2   1       2.49266449
   51   3   2       0.14759495
   52   1   0       1.37779591
   52   2   1       2.48482903
   52   3   2       0.14511214
   53   1   0       1.36961844
   53   2   1       2.49809544
   53   3   2       0.14172638
   54   1   0       1.30966472
   54   2   1       2.47897866
   54   3   2       0.18945314
   55   1   0       1.34074493
   55   2   1       2.48040197
   55   3   2       0.16861052
   56   1   0       1.34163310
   56   2   1       2.47362267
   56   3   2       0.17058028
   57   1   0       1.35258792
   57   2   1       2.48802763
   57   3   2       0.15878753
   58   1   0       1.36784702
   58   2   1       2.48299018
   58   3   2       0.15066091
   59   1   0       1.37147892
   59   2   1       2.49344331
   59   3   2       0.14537409
   60   1   0       1.32751855
   60   2   1       2.47876459
   60   3   2       0.17127960
   61   1   0       1.35387287
   61   2   1       2.47761267
   61   3   2       0.16096184
   62   1   0       1.35315086
   62   2   1       2.47234575
   62   3   2       0.16355417
   63   1   0       1.33604887
   63   2   1       2.48057929
   63   3   2       0.16858552
   64   1   0       1.35524199
   64   2   1       2.48009476
   64   3   2       0.15656518

Orbital populations (up)
 Atom Sh.   l   m       Population  Label
    1   1   0   0       1.35864783  s
    1   2   1  -1       0.83159321  p_y
    1   2   1   0       0.82884076  p_z
    1   2   1   1       0.82772578  p_x
    1   3   2  -2       0.03826488  d_xy
    1   3   2  -1       0.03782889  d_yz
    1   3   2   0       0.02120923  d_z2
    1   3   2   1       0.04102616  d_xz
    1   3   2   2       0.01831899  d_x2-y2
    2   1   0   0       1.33349972  s
    2   2   1  -1       0.82588901  p_y
    2   2   1   0       0.82952221  p_z
    2   2   1   1       0.82631055  p_x
    2   3   2  -2       0.04117371  d_xy
    2   3   2  -1       0.04560725  d_yz
    2   3   2   0       0.02127652  d_z2
    2   3   2   1       0.04267423  d_xz
    2   3   2   2       0.02394775  d_x2-y2
    3   1   0   0       1.36902774  s
    3   2   1  -1       0.83400349  p_y
    3   2   1   0       0.82842325  p_z
    3   2   1   1       0.82936949  p_x
    3   3   2  -2       0.03632577  d_xy
    3   3   2  -1       0.03825923  d_yz
    3   3   2   0       0.01719176  d_z2
    3   3   2   1       0.03720462  d_xz
    3   3   2   2       0.01712880  d_x2-y2
    4   1   0   0       1.34469963  s
    4   2   1  -1       0.82609251  p_y
    4   2   1   0       0.82882710  p_z
    4   2   1   1       0.83127544  p_x
    4   3   2  -2       0.04033899  d_xy
    4   3   2  -1       0.03951114  d_yz
    4   3   2   0       0.02013525  d_z2
    4   3   2   1       0.04081603  d_xz
    4   3   2   2       0.02087849  d_x2-y2
    5   1   0   0       1.33075768  s
    5   2   1  -1       0.83036277  p_y
    5   2   1   0       0.83131573  p_z
    5   2   1   1       0.82207877  p_x
    5   3   2  -2       0.04519179  d_xy
    5   3   2  -1       0.04102318  d_yz
    5   3   2   0       0.02345017  d_z2
    5   3   2   1       0.04128198  d_xz
    5   3   2   2       0.02209364  d_x2-y2
    6   1   0   0       1.37813691  s
    6   2   1  -1       0.83336879  p_y
    6   2   1   0       0.83194329  p_z
    6   2   1   1       0.83654686  p_x
    6   3   2  -2       0.03523026  d_xy
    6   3   2  -1       0.03597797  d_yz
    6   3   2   0       0.01646962  d_z2
    6   3   2   1       0.03704900  d_xz
    6   3   2   2       0.01701780  d_x2-y2
    7   1   0   0       1.34511892  s
    7   2   1  -1       0.83171459  p_y
    7   2   1   0       0.82723147  p_z
    7   2   1   1       0.82497106  p_x
    7   3   2  -2       0.04209325  d_xy
    7   3   2  -1       0.03952212  d_yz
    7   3   2   0       0.02144547  d_z2
    7   3   2   1       0.04190914  d_xz
    7   3   2   2       0.02040519  d_x2-y2
    8   1   0   0       1.40860741  s
    8   2   1  -1       0.82979355  p_y
    8   2   1   0       0.83417942  p_z
    8   2   1   1       0.83420520  p_x
    8   3   2  -2       0.03236609  d_xy
    8   3   2  -1       0.03658373  d_yz
    8   3   2   0       0.01452992  d_z2
    8   3   2   1       0.03530421  d_xz
    8   3   2   2       0.01709451  d_x2-y2
    9   1   0   0       1.34444150  s
    9   2   1  -1       0.83115822  p_y
    9   2   1   0       0.82619333  p_z
    9   2   1   1       0.82693683  p_x
    9   3   2  -2       0.04166597  d_xy
    9   3   2  -1       0.04033038  d_yz
    9   3   2   0       0.02139079  d_z2
    9   3   2   1       0.03978906  d_xz
    9   3   2   2       0.02019546  d_x2-y2
   10   1   0   0       1.36584911  s
   10   2   1  -1       0.82871058  p_y
   10   2   1   0       0.82630074  p_z
   10   2   1   1       0.83129794  p_x
   10   3   2  -2       0.03779558  d_xy
   10   3   2  -1       0.04171359  d_yz
   10   3   2   0       0.01974199  d_z2
   10   3   2   1       0.03917932  d_xz
   10   3   2   2       0.01831158  d_x2-y2
   11   1   0   0       1.33083486  s
   11   2   1  -1       0.82475837  p_y
   11   2   1   0       0.82229961  p_z
   11   2   1   1       0.82332013  p_x
   11   3   2  -2       0.04514093  d_xy
   11   3   2  -1       0.04234329  d_yz
   11   3   2   0       0.02547172  d_z2
   11   3   2   1       0.04708152  d_xz
   11   3   2   2       0.02364380  d_x2-y2
   12   1   0   0       1.36041352  s
   12   2   1  -1       0.82410886  p_y
   12   2   1   0       0.82913881  p_z
   12   2   1   1       0.82922202  p_x
   12   3   2  -2       0.04230407  d_xy
   12   3   2  -1       0.03799010  d_yz
   12   3   2   0       0.02062519  d_z2
   12   3   2   1       0.03807598  d_xz
   12   3   2   2       0.01856339  d_x2-y2
   13   1   0   0       1.36800573  s
   13   2   1  -1       0.83080688  p_y
   13   2   1   0       0.82931182  p_z
   13   2   1   1       0.83225029  p_x
   13   3   2  -2       0.03609700  d_xy
   13   3   2  -1       0.03772793  d_yz
   13   3   2   0       0.01836246  d_z2
   13   3   2   1       0.03868816  d_xz
   13   3   2   2       0.01714263  d_x2-y2
   14   1   0   0       1.36595275  s
   14   2   1  -1       0.83023684  p_y
   14   2   1   0       0.83279417  p_z
   14   2   1   1       0.82830772  p_x
   14   3   2  -2       0.04025517  d_xy
   14   3   2  -1       0.03996238  d_yz
   14   3   2   0       0.01899808  d_z2
   14   3   2   1       0.03710216  d_xz
   14   3   2   2       0.01949512  d_x2-y2
   15   1   0   0       1.39055409  s
   15   2   1  -1       0.83246113  p_y
   15   2   1   0       0.83236231  p_z
   15   2   1   1       0.82970313  p_x
   15   3   2  -2       0.03553611  d_xy
   15   3   2  -1       0.03570524  d_yz
   15   3   2   0       0.01574687  d_z2
   15   3   2   1       0.03659449  d_xz
   15   3   2   2       0.01640091  d_x2-y2
   16   1   0   0       1.35238998  s
   16   2   1  -1       0.83357306  p_y
   16   2   1   0       0.83257472  p_z
   16   2   1   1       0.83070998  p_x
   16   3   2  -2       0.04142626  d_xy
   16   3   2  -1       0.03877226  d_yz
   16   3   2   0       0.01947349  d_z2
   16   3   2   1       0.03761125  d_xz
   16   3   2   2       0.01901452  d_x2-y2
   17   1   0   0       1.35094214  s
   17   2   1  -1       0.82911359  p_y
   17   2   1   0       0.82867875  p_z
   17   2   1   1       0.82814457  p_x
   17   3   2  -2       0.04274341  d_xy
   17   3   2  -1       0.03599012  d_yz
   17   3   2   0       0.02131041  d_z2
   17   3   2   1       0.04112367  d_xz
   17   3   2   2       0.01922868  d_x2-y2
   18   1   0   0       1.33619907  s
   18   2   1  -1       0.82078717  p_y
   18   2   1   0       0.82403041  p_z
   18   2   1   1       0.82227849  p_x
   18   3   2  -2       0.04214757  d_xy
   18   3   2  -1       0.04161930  d_yz
   18   3   2   0       0.02137879  d_z2
   18   3   2   1       0.04026480  d_xz
   18   3   2   2       0.02289835  d_x2-y2
   19   1   0   0       1.37170034  s
   19   2   1  -1       0.82724819  p_y
   19   2   1   0       0.82965572  p_z
   19   2   1   1       0.82690381  p_x
   19   3   2  -2       0.03533019  d_xy
   19   3   2  -1       0.03798555  d_yz
   19   3   2   0       0.01767549  d_z2
   19   3   2   1       0.03927518  d_xz
   19   3   2   2       0.01799763  d_x2-y2
   20   1   0   0       1.35885566  s
   20   2   1  -1       0.82886267  p_y
   20   2   1   0       0.82507918  p_z
   20   2   1   1       0.82688207  p_x
   20   3   2  -2       0.04109202  d_xy
   20   3   2  -1       0.03856312  d_yz
   20   3   2   0       0.02045939  d_z2
   20   3   2   1       0.03902572  d_xz
   20   3   2   2       0.01847892  d_x2-y2
   21   1   0   0       1.36537189  s
   21   2   1  -1       0.82927977  p_y
   21   2   1   0       0.83173564  p_z
   21   2   1   1       0.82999674  p_x
   21   3   2  -2       0.03499129  d_xy
   21   3   2  -1       0.03679616  d_yz
   21   3   2   0       0.01779423  d_z2
   21   3   2   1       0.03819090  d_xz
   21   3   2   2       0.01838368  d_x2-y2
   22   1   0   0       1.35689320  s
   22   2   1  -1       0.82270775  p_y
   22   2   1   0       0.82896471  p_z
   22   2   1   1       0.82344685  p_x
   22   3   2  -2       0.04015741  d_xy
   22   3   2  -1       0.03746234  d_yz
   22   3   2   0       0.01917974  d_z2
   22   3   2   1       0.03814450  d_xz
   22   3   2   2       0.01809585  d_x2-y2
   23   1   0   0       1.37252192  s
   23   2   1  -1       0.83179917  p_y
   23   2   1   0       0.83013578  p_z
   23   2   1   1       0.83165873  p_x
   23   3   2  -2       0.03593017  d_xy
   23   3   2  -1       0.03656684  d_yz
   23   3   2   0       0.01738030  d_z2
   23   3   2   1       0.03844279  d_xz
   23   3   2   2       0.01677198  d_x2-y2
   24   1   0   0       1.32981322  s
   24   2   1  -1       0.82669273  p_y
   24   2   1   0       0.82984005  p_z
   24   2   1   1       0.82717002  p_x
   24   3   2  -2       0.04110145  d_xy
   24   3   2  -1       0.04311176  d_yz
   24   3   2   0       0.02030285  d_z2
   24   3   2   1       0.03901717  d_xz
   24   3   2   2       0.02250928  d_x2-y2
   25   1   0   0       1.34547060  s
   25   2   1  -1       0.82661410  p_y
   25   2   1   0       0.82809923  p_z
   25   2   1   1       0.82804564  p_x
   25   3   2  -2       0.04375749  d_xy
   25   3   2  -1       0.04011716  d_yz
   25   3   2   0       0.02201984  d_z2
   25   3   2   1       0.03926731  d_xz
   25   3   2   2       0.01998355  d_x2-y2
   26   1   0   0       1.36237233  s
   26   2   1  -1       0.82971891  p_y
   26   2   1   0       0.82770488  p_z
   26   2   1   1       0.82826393  p_x
   26   3   2  -2       0.03587030  d_xy
   26   3   2  -1       0.03902641  d_yz
   26   3   2   0       0.01866192  d_z2
   26   3   2   1       0.03956786  d_xz
   26   3   2   2       0.01872768  d_x2-y2
   27   1   0   0       1.34822874  s
   27   2   1  -1       0.83059058  p_y
   27   2   1   0       0.83507803  p_z
   27   2   1   1       0.82604725  p_x
   27   3   2  -2       0.03812259  d_xy
   27   3   2  -1       0.03894906  d_yz
   27   3   2   0       0.01703110  d_z2
   27   3   2   1       0.03818232  d_xz
   27   3   2   2       0.02083289  d_x2-y2
   28   1   0   0       1.36216407  s
   28   2   1  -1       0.82736834  p_y
   28   2   1   0       0.82848442  p_z
   28   2   1   1       0.82740987  p_x
   28   3   2  -2       0.03692537  d_xy
   28   3   2  -1       0.03801894  d_yz
   28   3   2   0       0.01780483  d_z2
   28   3   2   1       0.03996991  d_xz
   28   3   2   2       0.01932006  d_x2-y2
   29   1   0   0       1.37574884  s
   29   2   1  -1       0.83123335  p_y
   29   2   1   0       0.83253836  p_z
   29   2   1   1       0.82898348  p_x
   29   3   2  -2       0.03895688  d_xy
   29   3   2  -1       0.03680974  d_yz
   29   3   2   0       0.01723149  d_z2
   29   3   2   1       0.03371887  d_xz
   29   3   2   2       0.01664455  d_x2-y2
   30   1   0   0       1.34112551  s
   30   2   1  -1       0.82335194  p_y
   30   2   1   0       0.82215196  p_z
   30   2   1   1       0.82685026  p_x
   30   3   2  -2       0.04088622  d_xy
   30   3   2  -1       0.04243196  d_yz
   30   3   2   0       0.02182491  d_z2
   30   3   2   1       0.04011946  d_xz
   30   3   2   2       0.02111452  d_x2-y2
   31   1   0   0       1.34653495  s
   31   2   1  -1       0.82604282  p_y
   31   2   1   0       0.82918146  p_z
   31   2   1   1       0.83021997  p_x
   31   3   2  -2       0.04248568  d_xy
   31   3   2  -1       0.03979446  d_yz
   31   3   2   0       0.02072198  d_z2
   31   3   2   1       0.03905364  d_xz
   31   3   2   2       0.02003162  d_x2-y2
   32   1   0   0       1.35767663  s
   32   2   1  -1       0.82663961  p_y
   32   2   1   0       0.82464675  p_z
   32   2   1   1       0.82482651  p_x
   32   3   2  -2       0.04016576  d_xy
   32   3   2  -1       0.03820944  d_yz
   32   3   2   0       0.02127978  d_z2
   32   3   2   1       0.04157957  d_xz
   32   3   2   2       0.01902206  d_x2-y2
   33   1   0   0       1.34782638  s
   33   2   1  -1       0.82993297  p_y
   33   2   1   0       0.82536933  p_z
   33   2   1   1       0.82889282  p_x
   33   3   2  -2       0.04133876  d_xy
   33   3   2  -1       0.03902791  d_yz
   33   3   2   0       0.02160387  d_z2
   33   3   2   1       0.03992885  d_xz
   33   3   2   2       0.01875142  d_x2-y2
   34   1   0   0       1.38097877  s
   34   2   1  -1       0.83367621  p_y
   34   2   1   0       0.83485763  p_z
   34   2   1   1       0.83221961  p_x
   34   3   2  -2       0.03661085  d_xy
   34   3   2  -1       0.03635976  d_yz
   34   3   2   0       0.01627618  d_z2
   34   3   2   1       0.03531716  d_xz
   34   3   2   2       0.01702809  d_x2-y2
   35   1   0   0       1.36698005  s
   35   2   1  -1       0.82804187  p_y
   35   2   1   0       0.82562859  p_z
   35   2   1   1       0.82995541  p_x
   35   3   2  -2       0.03672823  d_xy
   35   3   2  -1       0.04054084  d_yz
   35   3   2   0       0.01861930  d_z2
   35   3   2   1       0.03730001  d_xz
   35   3   2   2       0.01724656  d_x2-y2
   36   1   0   0       1.31755206  s
   36   2   1  -1       0.82707580  p_y
   36   2   1   0       0.82950060  p_z
   36   2   1   1       0.82889737  p_x
   36   3   2  -2       0.04239477  d_xy
   36   3   2  -1       0.04439050  d_yz
   36   3   2   0       0.02372700  d_z2
   36   3   2   1       0.04458929  d_xz
   36   3   2   2       0.02505827  d_x2-y2
   37   1   0   0       1.35838790  s
   37   2   1  -1       0.83113795  p_y
   37   2   1   0       0.82858605  p_z
   37   2   1   1       0.82865122  p_x
   37   3   2  -2       0.03960078  d_xy
   37   3   2  -1       0.03980067  d_yz
   37   3   2   0       0.02007831  d_z2
   37   3   2   1       0.03957625  d_xz
   37   3   2   2       0.01945900  d_x2-y2
   38   1   0   0       1.35973972  s
   38   2   1  -1       0.82952991  p_y
   38   2   1   0       0.83042442  p_z
   38   2   1   1       0.83386468  p_x
   38   3   2  -2       0.03573644  d_xy
   38   3   2  -1       0.03943476  d_yz
   38   3   2   0       0.01852340  d_z2
   38   3   2   1       0.03876561  d_xz
   38   3   2   2       0.01867960  d_x2-y2
   39   1   0   0       1.35581067  s
   39   2   1  -1       0.82526645  p_y
   39   2   1   0       0.83044562  p_z
   39   2   1   1       0.82962313  p_x
   39   3   2  -2       0.04219578  d_xy
   39   3   2  -1       0.04197363  d_yz
   39   3   2   0       0.01954854  d_z2
   39   3   2   1       0.03809362  d_xz
   39   3   2   2       0.02108898  d_x2-y2
   40   1   0   0       1.37686130  s
   40   2   1  -1       0.83343502  p_y
   40   2   1   0       0.83247956  p_z
   40   2   1   1       0.82637115  p_x
   40   3   2  -2       0.03765966  d_xy
   40   3   2  -1       0.03682718  d_yz
   40   3   2   0       0.01698655  d_z2
   40   3   2   1       0.03705476  d_xz
   40   3   2   2       0.01826191  d_x2-y2
   41   1   0   0       1.33544547  s
   41   2   1  -1       0.82455404  p_y
   41   2   1   0       0.82740593  p_z
   41   2   1   1       0.82742517  p_x
   41   3   2  -2       0.04141420  d_xy
   41   3   2  -1       0.04073805  d_yz
   41   3   2   0       0.02142872  d_z2
   41   3   2   1       0.04052075  d_xz
   41   3   2   2       0.02161426  d_x2-y2
   42   1   0   0       1.38589963  s
   42   2   1  -1       0.83187448  p_y
   42   2   1   0       0.83059845  p_z
   42   2   1   1       0.83144969  p_x
   42   3   2  -2       0.03663545  d_xy
   42   3   2  -1       0.03547668  d_yz
   42   3   2   0       0.01639672  d_z2
   42   3   2   1       0.03745221  d_xz
   42   3   2   2       0.01703304  d_x2-y2
   43   1   0   0       1.36548754  s
   43   2   1  -1       0.82558049  p_y
   43   2   1   0       0.83159989  p_z
   43   2   1   1       0.82657818  p_x
   43   3   2  -2       0.03710553  d_xy
   43   3   2  -1       0.03738671  d_yz
   43   3   2   0       0.01621466  d_z2
   43   3   2   1       0.03733240  d_xz
   43   3   2   2       0.01889047  d_x2-y2
   44   1   0   0       1.39782990  s
   44   2   1  -1       0.83006385  p_y
   44   2   1   0       0.83085695  p_z
   44   2   1   1       0.83475627  p_x
   44   3   2  -2       0.03612832  d_xy
   44   3   2  -1       0.03459669  d_yz
   44   3   2   0       0.01608126  d_z2
   44   3   2   1       0.03389898  d_xz
   44   3   2   2       0.01530209  d_x2-y2
   45   1   0   0       1.35780491  s
   45   2   1  -1       0.82827691  p_y
   45   2   1   0       0.82939754  p_z
   45   2   1   1       0.83256076  p_x
   45   3   2  -2       0.03653601  d_xy
   45   3   2  -1       0.04221476  d_yz
   45   3   2   0       0.01870214  d_z2
   45   3   2   1       0.03893400  d_xz
   45   3   2   2       0.01957634  d_x2-y2
   46   1   0   0       1.35122879  s
   46   2   1  -1       0.82768322  p_y
   46   2   1   0       0.82989344  p_z
   46   2   1   1       0.83248497  p_x
   46   3   2  -2       0.03925792  d_xy
   46   3   2  -1       0.04111822  d_yz
   46   3   2   0       0.01926846  d_z2
   46   3   2   1       0.03848725  d_xz
   46   3   2   2       0.02004051  d_x2-y2
   47   1   0   0       1.37027004  s
   47   2   1  -1       0.82947368  p_y
   47   2   1   0       0.82652773  p_z
   47   2   1   1       0.82825298  p_x
   47   3   2  -2       0.04027547  d_xy
   47   3   2  -1       0.03761178  d_yz
   47   3   2   0       0.01949503  d_z2
   47   3   2   1       0.03893235  d_xz
   47   3   2   2       0.01729753  d_x2-y2
   48   1   0   0       1.38130434  s
   48   2   1  -1       0.83222155  p_y
   48   2   1   0       0.83197693  p_z
   48   2   1   1       0.82830579  p_x
   48   3   2  -2       0.03958899  d_xy
   48   3   2  -1       0.03502310  d_yz
   48   3   2   0       0.01703423  d_z2
   48   3   2   1       0.03769505  d_xz
   48   3   2   2       0.01825524  d_x2-y2
   49   1   0   0       1.34145419  s
   49   2   1  -1       0.82728295  p_y
   49   2   1   0       0.82736969  p_z
   49   2   1   1       0.82726385  p_x
   49   3   2  -2       0.04147235  d_xy
   49   3   2  -1       0.04038073  d_yz
   49   3   2   0       0.02108372  d_z2
   49   3   2   1       0.04296882  d_xz
   49   3   2   2       0.02285480  d_x2-y2
   50   1   0   0       1.35014152  s
   50   2   1  -1       0.83345586  p_y
   50   2   1   0       0.82869529  p_z
   50   2   1   1       0.83041420  p_x
   50   3   2  -2       0.03818947  d_xy
   50   3   2  -1       0.03593710  d_yz
   50   3   2   0       0.01964426  d_z2
   50   3   2   1       0.04007296  d_xz
   50   3   2   2       0.01770765  d_x2-y2
   51   1   0   0       1.37322181  s
   51   2   1  -1       0.82879942  p_y
   51   2   1   0       0.83300592  p_z
   51   2   1   1       0.83085915  p_x
   51   3   2  -2       0.03834830  d_xy
   51   3   2  -1       0.03698061  d_yz
   51   3   2   0       0.01702191  d_z2
   51   3   2   1       0.03665699  d_xz
   51   3   2   2       0.01858714  d_x2-y2
   52   1   0   0       1.37779591  s
   52   2   1  -1       0.82933764  p_y
   52   2   1   0       0.82858351  p_z
   52   2   1   1       0.82690788  p_x
   52   3   2  -2       0.03696717  d_xy
   52   3   2  -1       0.03655044  d_yz
   52   3   2   0       0.01757452  d_z2
   52   3   2   1       0.03673371  d_xz
   52   3   2   2       0.01728630  d_x2-y2
   53   1   0   0       1.36961844  s
   53   2   1  -1       0.83413480  p_y
   53   2   1   0       0.82946790  p_z
   53   2   1   1       0.83449273  p_x
   53   3   2  -2       0.03739359  d_xy
   53   3   2  -1       0.03571872  d_yz
   53   3   2   0       0.01836467  d_z2
   53   3   2   1       0.03451508  d_xz
   53   3   2   2       0.01573433  d_x2-y2
   54   1   0   0       1.30966472  s
   54   2   1  -1       0.83039582  p_y
   54   2   1   0       0.82682532  p_z
   54   2   1   1       0.82175752  p_x
   54   3   2  -2       0.04572914  d_xy
   54   3   2  -1       0.04534370  d_yz
   54   3   2   0       0.02563427  d_z2
   54   3   2   1       0.04617007  d_xz
   54   3   2   2       0.02657597  d_x2-y2
   55   1   0   0       1.34074493  s
   55   2   1  -1       0.82728593  p_y
   55   2   1   0       0.82304321  p_z
   55   2   1   1       0.83007282  p_x
   55   3   2  -2       0.03902716  d_xy
   55   3   2  -1       0.04427098  d_yz
   55   3   2   0       0.02288734  d_z2
   55   3   2   1       0.04179949  d_xz
   55   3   2   2       0.02062555  d_x2-y2
   56   1   0   0       1.34163310  s
   56   2   1  -1       0.82565372  p_y
   56   2   1   0       0.82627247  p_z
   56   2   1   1       0.82169648  p_x
   56   3   2  -2       0.04099610  d_xy
   56   3   2  -1       0.04371859  d_yz
   56   3   2   0       0.02064832  d_z2
   56   3   2   1       0.04232572  d_xz
   56   3   2   2       0.02289154  d_x2-y2
   57   1   0   0       1.35258792  s
   57   2   1  -1       0.82475008  p_y
   57   2   1   0       0.83177034  p_z
   57   2   1   1       0.83150721  p_x
   57   3   2  -2       0.03931556  d_xy
   57   3   2  -1       0.04138700  d_yz
   57   3   2   0       0.01841729  d_z2
   57   3   2   1       0.03832554  d_xz
   57   3   2   2       0.02134214  d_x2-y2
   58   1   0   0       1.36784702  s
   58   2   1  -1       0.82865548  p_y
   58   2   1   0       0.82859077  p_z
   58   2   1   1       0.82574393  p_x
   58   3   2  -2       0.03635181  d_xy
   58   3   2  -1       0.03841791  d_yz
   58   3   2   0       0.01712312  d_z2
   58   3   2   1       0.03932561  d_xz
   58   3   2   2       0.01944246  d_x2-y2
   59   1   0   0       1.37147892  s
   59   2   1  -1       0.83242157  p_y
   59   2   1   0       0.82848558  p_z
   59   2   1   1       0.83253616  p_x
   59   3   2  -2       0.03640530  d_xy
   59   3   2  -1       0.03595955  d_yz
   59   3   2   0       0.01786000  d_z2
   59   3   2   1       0.03817891  d_xz
   59   3   2   2       0.01697034  d_x2-y2
   60   1   0   0       1.32751855  s
   60   2   1  -1       0.83105982  p_y
   60   2   1   0       0.82069578  p_z
   60   2   1   1       0.82700900  p_x
   60   3   2  -2       0.04214256  d_xy
   60   3   2  -1       0.04055811  d_yz
   60   3   2   0       0.02384149  d_z2
   60   3   2   1       0.04371868  d_xz
   60   3   2   2       0.02101876  d_x2-y2
   61   1   0   0       1.35387287  s
   61   2   1  -1       0.82660123  p_y
   61   2   1   0       0.82753764  p_z
   61   2   1   1       0.82347380  p_x
   61   3   2  -2       0.04091451  d_xy
   61   3   2  -1       0.03755355  d_yz
   61   3   2   0       0.02019150  d_z2
   61   3   2   1       0.04160190  d_xz
   61   3   2   2       0.02070039  d_x2-y2
   62   1   0   0       1.35315086  s
   62   2   1  -1       0.82397468  p_y
   62   2   1   0       0.82164760  p_z
   62   2   1   1       0.82672348  p_x
   62   3   2  -2       0.03909883  d_xy
   62   3   2  -1       0.04222792  d_yz
   62   3   2   0       0.02127327  d_z2
   62   3   2   1       0.04059495  d_xz
   62   3   2   2       0.02035921  d_x2-y2
   63   1   0   0       1.33604887  s
   63   2   1  -1       0.82272126  p_y
   63   2   1   0       0.82711860  p_z
   63   2   1   1       0.83073943  p_x
   63   3   2  -2       0.04127305  d_xy
   63   3   2  -1       0.04419868  d_yz
   63   3   2   0       0.02153801  d_z2
   63   3   2   1       0.03989865  d_xz
   63   3   2   2       0.02167712  d_x2-y2
   64   1   0   0       1.35524199  s
   64   2   1  -1       0.82799646  p_y
   64   2   1   0       0.82678643  p_z
   64   2   1   1       0.82531187  p_x
   64   3   2  -2       0.03925153  d_xy
   64   3   2  -1       0.03893544  d_yz
   64   3   2   0       0.01918452  d_z2
   64   3   2   1       0.03962054  d_xz
   64   3   2   2       0.01957315  d_x2-y2

Fermi level:                        -0.1331553538 H           -3.6233 eV
Band energy:                       -88.2141196643 H        -2400.4283 eV
TS:                                  0.0000000000 H            0.0000 eV
Band free energy (E-TS):           -88.2141196643 H        -2400.4283 eV
Extrapolated E(0K):                -88.2141196643 H        -2400.4283 eV
Input / Output electrons (q):    256.0000000000    256.0000000000

Energy H0:                         -88.2044064645 H        -2400.1640 eV
Energy SCC:                          0.0004789051 H            0.0130 eV
Total Electronic energy:           -88.2039275594 H        -2400.1510 eV
Repulsive energy:                    0.0000000000 H            0.0000 eV
Total energy:                      -88.2039275594 H        -2400.1510 eV
Extrapolated to 0:                 -88.2039275594 H        -2400.1510 eV
Total Mermin free energy:          -88.2039275594 H        -2400.1510 eV
Force related energy:              -88.2039275594 H        -2400.1510 eV

Non-constrained calculation

SCC converged

Warning: dipole moment is not defined absolutely!
Dipole moment:    0.68806488   -0.72300947   -0.01126321 au
Dipole moment:    1.74888661   -1.83770692   -0.02862822 Debye


