 Fermi distribution function

Calculation with static geometry


********************************************************************************
 iSCC Total electronic   Diff electronic      SCC error    
    9   -0.88189093E+02   -0.10679031E-08    0.75183489E-05
********************************************************************************

 Total charge:    -0.00000000

 Atomic gross charges (e)
 Atom           Charge
    1       0.00003946
    2       0.01723788
    3       0.00456138
    4       0.00316483
    5       0.01730752
    6       0.01745161
    7      -0.01470385
    8       0.00916809
    9       0.00946352
   10      -0.01074627
   11       0.00123209
   12       0.00019792
   13      -0.00482275
   14       0.01308691
   15      -0.00601795
   16       0.01783438
   17       0.01745868
   18       0.01388271
   19      -0.00303327
   20      -0.01211118
   21      -0.01125800
   22      -0.01447326
   23       0.01515436
   24      -0.02242195
   25      -0.00076401
   26      -0.00302564
   27       0.00779004
   28       0.00470575
   29      -0.00243249
   30      -0.02130021
   31      -0.01621337
   32      -0.01638425
   33      -0.00764437
   34       0.01551681
   35       0.00047757
   36       0.00821538
   37       0.01437000
   38      -0.00445545
   39       0.01291266
   40      -0.00304945
   41      -0.02066963
   42       0.00469135
   43      -0.01528093
   44      -0.01348822
   45       0.01989418
   46      -0.00582306
   47       0.00369971
   48       0.01691969
   49      -0.00278906
   50      -0.01100778
   51       0.01851132
   52       0.00295972
   53       0.01119899
   54      -0.01156727
   55      -0.01007971
   56      -0.00153769
   57      -0.00256065
   58      -0.00687989
   59       0.00874646
   60      -0.00207224
   61      -0.00075042
   62      -0.00392049
   63      -0.00226641
   64      -0.02229980

Nr. of electrons (up):    256.00000000
Atom populations (up)
 Atom       Population
    1       3.99996054
    2       3.98276212
    3       3.99543862
    4       3.99683517
    5       3.98269248
    6       3.98254839
    7       4.01470385
    8       3.99083191
    9       3.99053648
   10       4.01074627
   11       3.99876791
   12       3.99980208
   13       4.00482275
   14       3.98691309
   15       4.00601795
   16       3.98216562
   17       3.98254132
   18       3.98611729
   19       4.00303327
   20       4.01211118
   21       4.01125800
   22       4.01447326
   23       3.98484564
   24       4.02242195
   25       4.00076401
   26       4.00302564
   27       3.99220996
   28       3.99529425
   29       4.00243249
   30       4.02130021
   31       4.01621337
   32       4.01638425
   33       4.00764437
   34       3.98448319
   35       3.99952243
   36       3.99178462
   37       3.98563000
   38       4.00445545
   39       3.98708734
   40       4.00304945
   41       4.02066963
   42       3.99530865
   43       4.01528093
   44       4.01348822
   45       3.98010582
   46       4.00582306
   47       3.99630029
   48       3.98308031
   49       4.00278906
   50       4.01100778
   51       3.98148868
   52       3.99704028
   53       3.98880101
   54       4.01156727
   55       4.01007971
   56       4.00153769
   57       4.00256065
   58       4.00687989
   59       3.99125354
   60       4.00207224
   61       4.00075042
   62       4.00392049
   63       4.00226641
   64       4.02229980

l-shell populations (up)
 Atom Sh.   l       Population
    1   1   0       1.35764984
    1   2   1       2.48768208
    1   3   2       0.15462863
    2   1   0       1.32248939
    2   2   1       2.48194057
    2   3   2       0.17833216
    3   1   0       1.35806325
    3   2   1       2.49001124
    3   3   2       0.14736413
    4   1   0       1.34871039
    4   2   1       2.48745509
    4   3   2       0.16066969
    5   1   0       1.33458093
    5   2   1       2.48188328
    5   3   2       0.16622826
    6   1   0       1.34843280
    6   2   1       2.46830220
    6   3   2       0.16581339
    7   1   0       1.37397700
    7   2   1       2.48756669
    7   3   2       0.15316017
    8   1   0       1.35896920
    8   2   1       2.47565636
    8   3   2       0.15620635
    9   1   0       1.35992553
    9   2   1       2.47144806
    9   3   2       0.15916289
   10   1   0       1.37607619
   10   2   1       2.48167101
   10   3   2       0.15299907
   11   1   0       1.35307461
   11   2   1       2.48011155
   11   3   2       0.16558175
   12   1   0       1.35892744
   12   2   1       2.48362402
   12   3   2       0.15725062
   13   1   0       1.36762013
   13   2   1       2.48928026
   13   3   2       0.14792236
   14   1   0       1.34496209
   14   2   1       2.48029465
   14   3   2       0.16165636
   15   1   0       1.36241938
   15   2   1       2.49440533
   15   3   2       0.14919325
   16   1   0       1.33645946
   16   2   1       2.48174736
   16   3   2       0.16395879
   17   1   0       1.34136154
   17   2   1       2.47198203
   17   3   2       0.16919775
   18   1   0       1.33896520
   18   2   1       2.47699852
   18   3   2       0.17015357
   19   1   0       1.36285256
   19   2   1       2.48780691
   19   3   2       0.15237380
   20   1   0       1.37374729
   20   2   1       2.49152951
   20   3   2       0.14683438
   21   1   0       1.37625941
   21   2   1       2.49095147
   21   3   2       0.14404712
   22   1   0       1.37363943
   22   2   1       2.49027188
   22   3   2       0.15056195
   23   1   0       1.33741934
   23   2   1       2.48095507
   23   3   2       0.16647123
   24   1   0       1.38668092
   24   2   1       2.49907926
   24   3   2       0.13666178
   25   1   0       1.35731588
   25   2   1       2.48527020
   25   3   2       0.15817793
   26   1   0       1.36572521
   26   2   1       2.48919072
   26   3   2       0.14810971
   27   1   0       1.34271618
   27   2   1       2.48586364
   27   3   2       0.16363015
   28   1   0       1.34799827
   28   2   1       2.47960382
   28   3   2       0.16769216
   29   1   0       1.36404100
   29   2   1       2.48776478
   29   3   2       0.15062670
   30   1   0       1.37643127
   30   2   1       2.49726714
   30   3   2       0.14760181
   31   1   0       1.37578695
   31   2   1       2.49975059
   31   3   2       0.14067583
   32   1   0       1.36914304
   32   2   1       2.49239015
   32   3   2       0.15485107
   33   1   0       1.36665292
   33   2   1       2.49221488
   33   3   2       0.14877657
   34   1   0       1.34279729
   34   2   1       2.48593542
   34   3   2       0.15575047
   35   1   0       1.35265882
   35   2   1       2.49209238
   35   3   2       0.15477123
   36   1   0       1.34824945
   36   2   1       2.48663943
   36   3   2       0.15689573
   37   1   0       1.34104282
   37   2   1       2.47913883
   37   3   2       0.16544836
   38   1   0       1.36577888
   38   2   1       2.49493937
   38   3   2       0.14373720
   39   1   0       1.34458704
   39   2   1       2.47502866
   39   3   2       0.16747165
   40   1   0       1.36583857
   40   2   1       2.48126257
   40   3   2       0.15594831
   41   1   0       1.37725854
   41   2   1       2.49908440
   41   3   2       0.14432669
   42   1   0       1.35843724
   42   2   1       2.47460711
   42   3   2       0.16226430
   43   1   0       1.38662489
   43   2   1       2.48577291
   43   3   2       0.14288313
   44   1   0       1.37904551
   44   2   1       2.49312071
   44   3   2       0.14132201
   45   1   0       1.32708562
   45   2   1       2.48266672
   45   3   2       0.17035348
   46   1   0       1.36839456
   46   2   1       2.48171676
   46   3   2       0.15571174
   47   1   0       1.36254576
   47   2   1       2.47716404
   47   3   2       0.15659048
   48   1   0       1.32838568
   48   2   1       2.48085621
   48   3   2       0.17383842
   49   1   0       1.36684010
   49   2   1       2.48382471
   49   3   2       0.15212425
   50   1   0       1.37516514
   50   2   1       2.49589796
   50   3   2       0.13994468
   51   1   0       1.32488659
   51   2   1       2.47925659
   51   3   2       0.17734551
   52   1   0       1.35120218
   52   2   1       2.48239410
   52   3   2       0.16344400
   53   1   0       1.32710143
   53   2   1       2.48607164
   53   3   2       0.17562794
   54   1   0       1.36901015
   54   2   1       2.48938764
   54   3   2       0.15316948
   55   1   0       1.38039520
   55   2   1       2.48278144
   55   3   2       0.14690307
   56   1   0       1.35582149
   56   2   1       2.48524445
   56   3   2       0.16047175
   57   1   0       1.37007177
   57   2   1       2.47751712
   57   3   2       0.15497176
   58   1   0       1.36661317
   58   2   1       2.48392433
   58   3   2       0.15634239
   59   1   0       1.34978023
   59   2   1       2.48662586
   59   3   2       0.15484745
   60   1   0       1.35711693
   60   2   1       2.48763342
   60   3   2       0.15732190
   61   1   0       1.35259480
   61   2   1       2.48584630
   61   3   2       0.16230931
   62   1   0       1.34678093
   62   2   1       2.49193780
   62   3   2       0.16520176
   63   1   0       1.35670602
   63   2   1       2.48460730
   63   3   2       0.16095308
   64   1   0       1.39038153
   64   2   1       2.49322202
   64   3   2       0.13869625

Orbital populations (up)
 Atom Sh.   l   m       Population  Label
    1   1   0   0       1.35764984  s
    1   2   1  -1       0.82735302  p_y
    1   2   1   0       0.83108221  p_z
    1   2   1   1       0.82924684  p_x
    1   3   2  -2       0.03687039  d_xy
    1   3   2  -1       0.04159943  d_yz
    1   3   2   0       0.01875598  d_z2
    1   3   2   1       0.03830697  d_xz
    1   3   2   2       0.01909586  d_x2-y2
    2   1   0   0       1.32248939  s
    2   2   1  -1       0.83220004  p_y
    2   2   1   0       0.82494801  p_z
    2   2   1   1       0.82479252  p_x
    2   3   2  -2       0.04456196  d_xy
    2   3   2  -1       0.04234178  d_yz
    2   3   2   0       0.02486329  d_z2
    2   3   2   1       0.04381247  d_xz
    2   3   2   2       0.02275267  d_x2-y2
    3   1   0   0       1.35806325  s
    3   2   1  -1       0.82871256  p_y
    3   2   1   0       0.83198445  p_z
    3   2   1   1       0.82931423  p_x
    3   3   2  -2       0.03730345  d_xy
    3   3   2  -1       0.03557958  d_yz
    3   3   2   0       0.01774358  d_z2
    3   3   2   1       0.03901238  d_xz
    3   3   2   2       0.01772513  d_x2-y2
    4   1   0   0       1.34871039  s
    4   2   1  -1       0.83027262  p_y
    4   2   1   0       0.82767540  p_z
    4   2   1   1       0.82950707  p_x
    4   3   2  -2       0.03793321  d_xy
    4   3   2  -1       0.04180389  d_yz
    4   3   2   0       0.01984123  d_z2
    4   3   2   1       0.04096840  d_xz
    4   3   2   2       0.02012296  d_x2-y2
    5   1   0   0       1.33458093  s
    5   2   1  -1       0.82481652  p_y
    5   2   1   0       0.82786213  p_z
    5   2   1   1       0.82920464  p_x
    5   3   2  -2       0.04220815  d_xy
    5   3   2  -1       0.04009178  d_yz
    5   3   2   0       0.02075054  d_z2
    5   3   2   1       0.04123759  d_xz
    5   3   2   2       0.02194020  d_x2-y2
    6   1   0   0       1.34843280  s
    6   2   1  -1       0.82404741  p_y
    6   2   1   0       0.81896480  p_z
    6   2   1   1       0.82528999  p_x
    6   3   2  -2       0.04063939  d_xy
    6   3   2  -1       0.04231427  d_yz
    6   3   2   0       0.02236706  d_z2
    6   3   2   1       0.03955025  d_xz
    6   3   2   2       0.02094242  d_x2-y2
    7   1   0   0       1.37397700  s
    7   2   1  -1       0.82994952  p_y
    7   2   1   0       0.82401153  p_z
    7   2   1   1       0.83360564  p_x
    7   3   2  -2       0.03607384  d_xy
    7   3   2  -1       0.03878677  d_yz
    7   3   2   0       0.01945392  d_z2
    7   3   2   1       0.04094664  d_xz
    7   3   2   2       0.01789901  d_x2-y2
    8   1   0   0       1.35896920  s
    8   2   1  -1       0.82611796  p_y
    8   2   1   0       0.82303834  p_z
    8   2   1   1       0.82650006  p_x
    8   3   2  -2       0.03896895  d_xy
    8   3   2  -1       0.03667502  d_yz
    8   3   2   0       0.02056127  d_z2
    8   3   2   1       0.04203644  d_xz
    8   3   2   2       0.01796468  d_x2-y2
    9   1   0   0       1.35992553  s
    9   2   1  -1       0.82664740  p_y
    9   2   1   0       0.82554546  p_z
    9   2   1   1       0.81925520  p_x
    9   3   2  -2       0.04201328  d_xy
    9   3   2  -1       0.03506937  d_yz
    9   3   2   0       0.02108961  d_z2
    9   3   2   1       0.04162650  d_xz
    9   3   2   2       0.01936413  d_x2-y2
   10   1   0   0       1.37607619  s
   10   2   1  -1       0.83073795  p_y
   10   2   1   0       0.82210910  p_z
   10   2   1   1       0.82882396  p_x
   10   3   2  -2       0.03705852  d_xy
   10   3   2  -1       0.03951969  d_yz
   10   3   2   0       0.01937662  d_z2
   10   3   2   1       0.03989261  d_xz
   10   3   2   2       0.01715163  d_x2-y2
   11   1   0   0       1.35307461  s
   11   2   1  -1       0.82438125  p_y
   11   2   1   0       0.83026557  p_z
   11   2   1   1       0.82546473  p_x
   11   3   2  -2       0.04433530  d_xy
   11   3   2  -1       0.04117493  d_yz
   11   3   2   0       0.02110244  d_z2
   11   3   2   1       0.03728975  d_xz
   11   3   2   2       0.02167934  d_x2-y2
   12   1   0   0       1.35892744  s
   12   2   1  -1       0.83198830  p_y
   12   2   1   0       0.82473133  p_z
   12   2   1   1       0.82690439  p_x
   12   3   2  -2       0.03606407  d_xy
   12   3   2  -1       0.04041190  d_yz
   12   3   2   0       0.01837253  d_z2
   12   3   2   1       0.04225476  d_xz
   12   3   2   2       0.02014736  d_x2-y2
   13   1   0   0       1.36762013  s
   13   2   1  -1       0.82794857  p_y
   13   2   1   0       0.83039438  p_z
   13   2   1   1       0.83093730  p_x
   13   3   2  -2       0.03829072  d_xy
   13   3   2  -1       0.03849534  d_yz
   13   3   2   0       0.01765164  d_z2
   13   3   2   1       0.03579909  d_xz
   13   3   2   2       0.01768557  d_x2-y2
   14   1   0   0       1.34496209  s
   14   2   1  -1       0.82788200  p_y
   14   2   1   0       0.82809333  p_z
   14   2   1   1       0.82431932  p_x
   14   3   2  -2       0.03878994  d_xy
   14   3   2  -1       0.03829253  d_yz
   14   3   2   0       0.01986703  d_z2
   14   3   2   1       0.04394401  d_xz
   14   3   2   2       0.02076285  d_x2-y2
   15   1   0   0       1.36241938  s
   15   2   1  -1       0.83207664  p_y
   15   2   1   0       0.82730127  p_z
   15   2   1   1       0.83502742  p_x
   15   3   2  -2       0.03610721  d_xy
   15   3   2  -1       0.04072397  d_yz
   15   3   2   0       0.01825698  d_z2
   15   3   2   1       0.03675234  d_xz
   15   3   2   2       0.01735274  d_x2-y2
   16   1   0   0       1.33645946  s
   16   2   1  -1       0.82772355  p_y
   16   2   1   0       0.82401479  p_z
   16   2   1   1       0.83000902  p_x
   16   3   2  -2       0.03749813  d_xy
   16   3   2  -1       0.04499969  d_yz
   16   3   2   0       0.02159450  d_z2
   16   3   2   1       0.03921943  d_xz
   16   3   2   2       0.02064704  d_x2-y2
   17   1   0   0       1.34136154  s
   17   2   1  -1       0.82271578  p_y
   17   2   1   0       0.82389782  p_z
   17   2   1   1       0.82536843  p_x
   17   3   2  -2       0.04238498  d_xy
   17   3   2  -1       0.04290129  d_yz
   17   3   2   0       0.02233295  d_z2
   17   3   2   1       0.04082298  d_xz
   17   3   2   2       0.02075556  d_x2-y2
   18   1   0   0       1.33896520  s
   18   2   1  -1       0.81970288  p_y
   18   2   1   0       0.83062588  p_z
   18   2   1   1       0.82666975  p_x
   18   3   2  -2       0.04470083  d_xy
   18   3   2  -1       0.04206966  d_yz
   18   3   2   0       0.02112388  d_z2
   18   3   2   1       0.03940226  d_xz
   18   3   2   2       0.02285694  d_x2-y2
   19   1   0   0       1.36285256  s
   19   2   1  -1       0.82842542  p_y
   19   2   1   0       0.83300386  p_z
   19   2   1   1       0.82637763  p_x
   19   3   2  -2       0.03992924  d_xy
   19   3   2  -1       0.03661766  d_yz
   19   3   2   0       0.01879305  d_z2
   19   3   2   1       0.03868559  d_xz
   19   3   2   2       0.01834826  d_x2-y2
   20   1   0   0       1.37374729  s
   20   2   1  -1       0.83087729  p_y
   20   2   1   0       0.83036363  p_z
   20   2   1   1       0.83028859  p_x
   20   3   2  -2       0.03680746  d_xy
   20   3   2  -1       0.03683541  d_yz
   20   3   2   0       0.01735576  d_z2
   20   3   2   1       0.03836441  d_xz
   20   3   2   2       0.01747134  d_x2-y2
   21   1   0   0       1.37625941  s
   21   2   1  -1       0.82638450  p_y
   21   2   1   0       0.83566225  p_z
   21   2   1   1       0.82890472  p_x
   21   3   2  -2       0.03824451  d_xy
   21   3   2  -1       0.03594799  d_yz
   21   3   2   0       0.01567261  d_z2
   21   3   2   1       0.03616517  d_xz
   21   3   2   2       0.01801685  d_x2-y2
   22   1   0   0       1.37363943  s
   22   2   1  -1       0.82926015  p_y
   22   2   1   0       0.82852753  p_z
   22   2   1   1       0.83248419  p_x
   22   3   2  -2       0.03786668  d_xy
   22   3   2  -1       0.03914000  d_yz
   22   3   2   0       0.01817799  d_z2
   22   3   2   1       0.03714387  d_xz
   22   3   2   2       0.01823340  d_x2-y2
   23   1   0   0       1.33741934  s
   23   2   1  -1       0.82653718  p_y
   23   2   1   0       0.82744179  p_z
   23   2   1   1       0.82697610  p_x
   23   3   2  -2       0.04388663  d_xy
   23   3   2  -1       0.03875516  d_yz
   23   3   2   0       0.02237959  d_z2
   23   3   2   1       0.04093271  d_xz
   23   3   2   2       0.02051714  d_x2-y2
   24   1   0   0       1.38668092  s
   24   2   1  -1       0.83208701  p_y
   24   2   1   0       0.83309537  p_z
   24   2   1   1       0.83389687  p_x
   24   3   2  -2       0.03453121  d_xy
   24   3   2  -1       0.03537484  d_yz
   24   3   2   0       0.01553203  d_z2
   24   3   2   1       0.03520376  d_xz
   24   3   2   2       0.01601994  d_x2-y2
   25   1   0   0       1.35731588  s
   25   2   1  -1       0.82610708  p_y
   25   2   1   0       0.83171903  p_z
   25   2   1   1       0.82744409  p_x
   25   3   2  -2       0.04265452  d_xy
   25   3   2  -1       0.03854696  d_yz
   25   3   2   0       0.02002965  d_z2
   25   3   2   1       0.03783864  d_xz
   25   3   2   2       0.01910816  d_x2-y2
   26   1   0   0       1.36572521  s
   26   2   1  -1       0.82866595  p_y
   26   2   1   0       0.83132180  p_z
   26   2   1   1       0.82920297  p_x
   26   3   2  -2       0.03939643  d_xy
   26   3   2  -1       0.03601941  d_yz
   26   3   2   0       0.01762695  d_z2
   26   3   2   1       0.03734815  d_xz
   26   3   2   2       0.01771877  d_x2-y2
   27   1   0   0       1.34271618  s
   27   2   1  -1       0.82761737  p_y
   27   2   1   0       0.82997924  p_z
   27   2   1   1       0.82826703  p_x
   27   3   2  -2       0.04092125  d_xy
   27   3   2  -1       0.04106503  d_yz
   27   3   2   0       0.02100570  d_z2
   27   3   2   1       0.04014670  d_xz
   27   3   2   2       0.02049147  d_x2-y2
   28   1   0   0       1.34799827  s
   28   2   1  -1       0.83042015  p_y
   28   2   1   0       0.82248228  p_z
   28   2   1   1       0.82670139  p_x
   28   3   2  -2       0.03995648  d_xy
   28   3   2  -1       0.04152287  d_yz
   28   3   2   0       0.02143574  d_z2
   28   3   2   1       0.04333278  d_xz
   28   3   2   2       0.02144429  d_x2-y2
   29   1   0   0       1.36404100  s
   29   2   1  -1       0.82936045  p_y
   29   2   1   0       0.82906459  p_z
   29   2   1   1       0.82933974  p_x
   29   3   2  -2       0.03770449  d_xy
   29   3   2  -1       0.03997404  d_yz
   29   3   2   0       0.01871135  d_z2
   29   3   2   1       0.03647420  d_xz
   29   3   2   2       0.01776263  d_x2-y2
   30   1   0   0       1.37643127  s
   30   2   1  -1       0.83285138  p_y
   30   2   1   0       0.83271721  p_z
   30   2   1   1       0.83169855  p_x
   30   3   2  -2       0.03624856  d_xy
   30   3   2  -1       0.03804602  d_yz
   30   3   2   0       0.01681711  d_z2
   30   3   2   1       0.03797857  d_xz
   30   3   2   2       0.01851154  d_x2-y2
   31   1   0   0       1.37578695  s
   31   2   1  -1       0.83031011  p_y
   31   2   1   0       0.83783979  p_z
   31   2   1   1       0.83160069  p_x
   31   3   2  -2       0.03899244  d_xy
   31   3   2  -1       0.03416824  d_yz
   31   3   2   0       0.01591564  d_z2
   31   3   2   1       0.03434560  d_xz
   31   3   2   2       0.01725391  d_x2-y2
   32   1   0   0       1.36914304  s
   32   2   1  -1       0.83194088  p_y
   32   2   1   0       0.83153738  p_z
   32   2   1   1       0.82891189  p_x
   32   3   2  -2       0.04011201  d_xy
   32   3   2  -1       0.03861272  d_yz
   32   3   2   0       0.01859058  d_z2
   32   3   2   1       0.03831147  d_xz
   32   3   2   2       0.01922429  d_x2-y2
   33   1   0   0       1.36665292  s
   33   2   1  -1       0.83024668  p_y
   33   2   1   0       0.83014920  p_z
   33   2   1   1       0.83181900  p_x
   33   3   2  -2       0.03895772  d_xy
   33   3   2  -1       0.03884104  d_yz
   33   3   2   0       0.01920209  d_z2
   33   3   2   1       0.03493226  d_xz
   33   3   2   2       0.01684346  d_x2-y2
   34   1   0   0       1.34279729  s
   34   2   1  -1       0.82521857  p_y
   34   2   1   0       0.83175229  p_z
   34   2   1   1       0.82896456  p_x
   34   3   2  -2       0.04235458  d_xy
   34   3   2  -1       0.03721343  d_yz
   34   3   2   0       0.02076542  d_z2
   34   3   2   1       0.03651220  d_xz
   34   3   2   2       0.01890483  d_x2-y2
   35   1   0   0       1.35265882  s
   35   2   1  -1       0.82900993  p_y
   35   2   1   0       0.83330371  p_z
   35   2   1   1       0.82977873  p_x
   35   3   2  -2       0.04060613  d_xy
   35   3   2  -1       0.03662814  d_yz
   35   3   2   0       0.01923971  d_z2
   35   3   2   1       0.03898954  d_xz
   35   3   2   2       0.01930770  d_x2-y2
   36   1   0   0       1.34824945  s
   36   2   1  -1       0.83011353  p_y
   36   2   1   0       0.82982249  p_z
   36   2   1   1       0.82670341  p_x
   36   3   2  -2       0.03749888  d_xy
   36   3   2  -1       0.04045396  d_yz
   36   3   2   0       0.01928607  d_z2
   36   3   2   1       0.03978363  d_xz
   36   3   2   2       0.01987319  d_x2-y2
   37   1   0   0       1.34104282  s
   37   2   1  -1       0.82829955  p_y
   37   2   1   0       0.82543916  p_z
   37   2   1   1       0.82540012  p_x
   37   3   2  -2       0.04097057  d_xy
   37   3   2  -1       0.03961856  d_yz
   37   3   2   0       0.02123442  d_z2
   37   3   2   1       0.04280904  d_xz
   37   3   2   2       0.02081577  d_x2-y2
   38   1   0   0       1.36577888  s
   38   2   1  -1       0.83028640  p_y
   38   2   1   0       0.83113178  p_z
   38   2   1   1       0.83352119  p_x
   38   3   2  -2       0.03760088  d_xy
   38   3   2  -1       0.03881539  d_yz
   38   3   2   0       0.01737003  d_z2
   38   3   2   1       0.03326345  d_xz
   38   3   2   2       0.01668746  d_x2-y2
   39   1   0   0       1.34458704  s
   39   2   1  -1       0.82125530  p_y
   39   2   1   0       0.82813000  p_z
   39   2   1   1       0.82564335  p_x
   39   3   2  -2       0.04341695  d_xy
   39   3   2  -1       0.04102819  d_yz
   39   3   2   0       0.02088239  d_z2
   39   3   2   1       0.04037527  d_xz
   39   3   2   2       0.02176885  d_x2-y2
   40   1   0   0       1.36583857  s
   40   2   1  -1       0.82557639  p_y
   40   2   1   0       0.83034014  p_z
   40   2   1   1       0.82534604  p_x
   40   3   2  -2       0.03908102  d_xy
   40   3   2  -1       0.03745330  d_yz
   40   3   2   0       0.01817424  d_z2
   40   3   2   1       0.04108179  d_xz
   40   3   2   2       0.02015795  d_x2-y2
   41   1   0   0       1.37725854  s
   41   2   1  -1       0.83317035  p_y
   41   2   1   0       0.83577792  p_z
   41   2   1   1       0.83013613  p_x
   41   3   2  -2       0.03824282  d_xy
   41   3   2  -1       0.03251544  d_yz
   41   3   2   0       0.01693649  d_z2
   41   3   2   1       0.03951329  d_xz
   41   3   2   2       0.01711865  d_x2-y2
   42   1   0   0       1.35843724  s
   42   2   1  -1       0.82207920  p_y
   42   2   1   0       0.82746350  p_z
   42   2   1   1       0.82506441  p_x
   42   3   2  -2       0.04261873  d_xy
   42   3   2  -1       0.03959145  d_yz
   42   3   2   0       0.01825882  d_z2
   42   3   2   1       0.03873216  d_xz
   42   3   2   2       0.02306315  d_x2-y2
   43   1   0   0       1.38662489  s
   43   2   1  -1       0.82739179  p_y
   43   2   1   0       0.82876134  p_z
   43   2   1   1       0.82961977  p_x
   43   3   2  -2       0.03500059  d_xy
   43   3   2  -1       0.04142964  d_yz
   43   3   2   0       0.01651069  d_z2
   43   3   2   1       0.03290321  d_xz
   43   3   2   2       0.01703901  d_x2-y2
   44   1   0   0       1.37904551  s
   44   2   1  -1       0.83017061  p_y
   44   2   1   0       0.83211311  p_z
   44   2   1   1       0.83083699  p_x
   44   3   2  -2       0.03624134  d_xy
   44   3   2  -1       0.03590810  d_yz
   44   3   2   0       0.01668882  d_z2
   44   3   2   1       0.03603710  d_xz
   44   3   2   2       0.01644666  d_x2-y2
   45   1   0   0       1.32708562  s
   45   2   1  -1       0.82612814  p_y
   45   2   1   0       0.82833500  p_z
   45   2   1   1       0.82820358  p_x
   45   3   2  -2       0.04182032  d_xy
   45   3   2  -1       0.04194758  d_yz
   45   3   2   0       0.02202226  d_z2
   45   3   2   1       0.04215688  d_xz
   45   3   2   2       0.02240644  d_x2-y2
   46   1   0   0       1.36839456  s
   46   2   1  -1       0.82768139  p_y
   46   2   1   0       0.83067800  p_z
   46   2   1   1       0.82335737  p_x
   46   3   2  -2       0.03970913  d_xy
   46   3   2  -1       0.03641608  d_yz
   46   3   2   0       0.01818944  d_z2
   46   3   2   1       0.04199602  d_xz
   46   3   2   2       0.01940108  d_x2-y2
   47   1   0   0       1.36254576  s
   47   2   1  -1       0.82765963  p_y
   47   2   1   0       0.82473291  p_z
   47   2   1   1       0.82477150  p_x
   47   3   2  -2       0.03896218  d_xy
   47   3   2  -1       0.03852418  d_yz
   47   3   2   0       0.02058578  d_z2
   47   3   2   1       0.04000881  d_xz
   47   3   2   2       0.01850953  d_x2-y2
   48   1   0   0       1.32838568  s
   48   2   1  -1       0.82141878  p_y
   48   2   1   0       0.83306088  p_z
   48   2   1   1       0.82637655  p_x
   48   3   2  -2       0.04772840  d_xy
   48   3   2  -1       0.04287179  d_yz
   48   3   2   0       0.02232429  d_z2
   48   3   2   1       0.03750575  d_xz
   48   3   2   2       0.02340820  d_x2-y2
   49   1   0   0       1.36684010  s
   49   2   1  -1       0.83233236  p_y
   49   2   1   0       0.82038418  p_z
   49   2   1   1       0.83110818  p_x
   49   3   2  -2       0.03312367  d_xy
   49   3   2  -1       0.04146722  d_yz
   49   3   2   0       0.01920414  d_z2
   49   3   2   1       0.04068296  d_xz
   49   3   2   2       0.01764626  d_x2-y2
   50   1   0   0       1.37516514  s
   50   2   1  -1       0.83177498  p_y
   50   2   1   0       0.83313229  p_z
   50   2   1   1       0.83099068  p_x
   50   3   2  -2       0.03819141  d_xy
   50   3   2  -1       0.03409056  d_yz
   50   3   2   0       0.01553526  d_z2
   50   3   2   1       0.03474960  d_xz
   50   3   2   2       0.01737785  d_x2-y2
   51   1   0   0       1.32488659  s
   51   2   1  -1       0.82980805  p_y
   51   2   1   0       0.82266508  p_z
   51   2   1   1       0.82678346  p_x
   51   3   2  -2       0.04368370  d_xy
   51   3   2  -1       0.04097067  d_yz
   51   3   2   0       0.02545465  d_z2
   51   3   2   1       0.04597953  d_xz
   51   3   2   2       0.02125695  d_x2-y2
   52   1   0   0       1.35120218  s
   52   2   1  -1       0.82375877  p_y
   52   2   1   0       0.82784786  p_z
   52   2   1   1       0.83078747  p_x
   52   3   2  -2       0.03919338  d_xy
   52   3   2  -1       0.04507267  d_yz
   52   3   2   0       0.01989658  d_z2
   52   3   2   1       0.03820072  d_xz
   52   3   2   2       0.02108065  d_x2-y2
   53   1   0   0       1.32710143  s
   53   2   1  -1       0.83147070  p_y
   53   2   1   0       0.82717282  p_z
   53   2   1   1       0.82742812  p_x
   53   3   2  -2       0.04372654  d_xy
   53   3   2  -1       0.04133927  d_yz
   53   3   2   0       0.02323090  d_z2
   53   3   2   1       0.04474928  d_xz
   53   3   2   2       0.02258196  d_x2-y2
   54   1   0   0       1.36901015  s
   54   2   1  -1       0.83056295  p_y
   54   2   1   0       0.83088128  p_z
   54   2   1   1       0.82794341  p_x
   54   3   2  -2       0.04110732  d_xy
   54   3   2  -1       0.03590496  d_yz
   54   3   2   0       0.01942176  d_z2
   54   3   2   1       0.03867791  d_xz
   54   3   2   2       0.01805751  d_x2-y2
   55   1   0   0       1.38039520  s
   55   2   1  -1       0.83117614  p_y
   55   2   1   0       0.82612111  p_z
   55   2   1   1       0.82548419  p_x
   55   3   2  -2       0.03416576  d_xy
   55   3   2  -1       0.03764522  d_yz
   55   3   2   0       0.01748901  d_z2
   55   3   2   1       0.03961143  d_xz
   55   3   2   2       0.01799164  d_x2-y2
   56   1   0   0       1.35582149  s
   56   2   1  -1       0.83124074  p_y
   56   2   1   0       0.82809523  p_z
   56   2   1   1       0.82590848  p_x
   56   3   2  -2       0.04039454  d_xy
   56   3   2  -1       0.03935611  d_yz
   56   3   2   0       0.02030698  d_z2
   56   3   2   1       0.04084582  d_xz
   56   3   2   2       0.01956830  d_x2-y2
   57   1   0   0       1.37007177  s
   57   2   1  -1       0.82575575  p_y
   57   2   1   0       0.82533317  p_z
   57   2   1   1       0.82642820  p_x
   57   3   2  -2       0.03719530  d_xy
   57   3   2  -1       0.04243226  d_yz
   57   3   2   0       0.02129480  d_z2
   57   3   2   1       0.03712175  d_xz
   57   3   2   2       0.01692765  d_x2-y2
   58   1   0   0       1.36661317  s
   58   2   1  -1       0.82816492  p_y
   58   2   1   0       0.82666222  p_z
   58   2   1   1       0.82909719  p_x
   58   3   2  -2       0.03784227  d_xy
   58   3   2  -1       0.03966096  d_yz
   58   3   2   0       0.01924086  d_z2
   58   3   2   1       0.04035197  d_xz
   58   3   2   2       0.01924632  d_x2-y2
   59   1   0   0       1.34978023  s
   59   2   1  -1       0.82881025  p_y
   59   2   1   0       0.82669492  p_z
   59   2   1   1       0.83112069  p_x
   59   3   2  -2       0.04161760  d_xy
   59   3   2  -1       0.03594759  d_yz
   59   3   2   0       0.02030040  d_z2
   59   3   2   1       0.03925357  d_xz
   59   3   2   2       0.01772829  d_x2-y2
   60   1   0   0       1.35711693  s
   60   2   1  -1       0.82623258  p_y
   60   2   1   0       0.83031659  p_z
   60   2   1   1       0.83108424  p_x
   60   3   2  -2       0.03932299  d_xy
   60   3   2  -1       0.03824472  d_yz
   60   3   2   0       0.01960443  d_z2
   60   3   2   1       0.04053031  d_xz
   60   3   2   2       0.01961945  d_x2-y2
   61   1   0   0       1.35259480  s
   61   2   1  -1       0.83070056  p_y
   61   2   1   0       0.82784633  p_z
   61   2   1   1       0.82729941  p_x
   61   3   2  -2       0.04171861  d_xy
   61   3   2  -1       0.03743080  d_yz
   61   3   2   0       0.01986565  d_z2
   61   3   2   1       0.04298765  d_xz
   61   3   2   2       0.02030661  d_x2-y2
   62   1   0   0       1.34678093  s
   62   2   1  -1       0.83080163  p_y
   62   2   1   0       0.82867039  p_z
   62   2   1   1       0.83246577  p_x
   62   3   2  -2       0.03831135  d_xy
   62   3   2  -1       0.04182851  d_yz
   62   3   2   0       0.02050320  d_z2
   62   3   2   1       0.04349208  d_xz
   62   3   2   2       0.02106663  d_x2-y2
   63   1   0   0       1.35670602  s
   63   2   1  -1       0.82899567  p_y
   63   2   1   0       0.82751399  p_z
   63   2   1   1       0.82809764  p_x
   63   3   2  -2       0.03888957  d_xy
   63   3   2  -1       0.04390481  d_yz
   63   3   2   0       0.01960924  d_z2
   63   3   2   1       0.03820283  d_xz
   63   3   2   2       0.02034664  d_x2-y2
   64   1   0   0       1.39038153  s
   64   2   1  -1       0.82899944  p_y
   64   2   1   0       0.83564138  p_z
   64   2   1   1       0.82858120  p_x
   64   3   2  -2       0.03442126  d_xy
   64   3   2  -1       0.03620175  d_yz
   64   3   2   0       0.01603828  d_z2
   64   3   2   1       0.03523975  d_xz
   64   3   2   2       0.01679521  d_x2-y2

Fermi level:                        -0.1335226764 H           -3.6333 eV
Band energy:                       -88.1986134506 H        -2400.0064 eV
TS:                                  0.0000000000 H            0.0000 eV
Band free energy (E-TS):           -88.1986134506 H        -2400.0064 eV
Extrapolated E(0K):                -88.1986134506 H        -2400.0064 eV
Input / Output electrons (q):    256.0000000000    256.0000000000

Energy H0:                         -88.1894823402 H        -2399.7579 eV
Energy SCC:                          0.0003894254 H            0.0106 eV
Total Electronic energy:           -88.1890929148 H        -2399.7473 eV
Repulsive energy:                    0.0000000000 H            0.0000 eV
Total energy:                      -88.1890929148 H        -2399.7473 eV
Extrapolated to 0:                 -88.1890929148 H        -2399.7473 eV
Total Mermin free energy:          -88.1890929148 H        -2399.7473 eV
Force related energy:              -88.1890929148 H        -2399.7473 eV

Non-constrained calculation

SCC converged

Warning: dipole moment is not defined absolutely!
Dipole moment:    0.06900293    0.86797441    0.20681273 au
Dipole moment:    0.17538798    2.20617107    0.52566557 Debye


