 Fermi distribution function

Calculation with static geometry


********************************************************************************
 iSCC Total electronic   Diff electronic      SCC error    
    9   -0.88129092E+02   -0.98643227E-09    0.94345711E-05
********************************************************************************

 Total charge:    -0.00000000

 Atomic gross charges (e)
 Atom           Charge
    1       0.00356194
    2       0.00471109
    3       0.02022818
    4       0.00651572
    5       0.00588698
    6      -0.01024110
    7      -0.00879277
    8       0.00629814
    9      -0.00638959
   10       0.01395985
   11      -0.00408817
   12      -0.00252001
   13       0.00629317
   14      -0.00310789
   15       0.01583278
   16       0.00192368
   17       0.00542297
   18       0.01456635
   19      -0.00397407
   20      -0.01363122
   21      -0.02205697
   22       0.00301675
   23      -0.00728610
   24      -0.00386650
   25      -0.01095076
   26      -0.00728519
   27      -0.00074867
   28       0.00004682
   29      -0.01155009
   30      -0.02210250
   31       0.00221578
   32       0.01877557
   33       0.02326453
   34       0.01326860
   35       0.02291880
   36      -0.02273838
   37       0.00455185
   38      -0.01990100
   39       0.02312024
   40      -0.00790318
   41      -0.02271878
   42       0.00499653
   43      -0.01200690
   44       0.00190624
   45       0.00673545
   46      -0.00097744
   47       0.00252254
   48       0.02311932
   49      -0.00925501
   50      -0.01236188
   51       0.00317270
   52       0.00897911
   53       0.02561543
   54       0.00442852
   55      -0.01499818
   56       0.00322131
   57      -0.01478399
   58      -0.00259750
   59      -0.01359133
   60      -0.00128139
   61      -0.00679587
   62      -0.00752095
   63      -0.00807349
   64       0.01501995

Nr. of electrons (up):    256.00000000
Atom populations (up)
 Atom       Population
    1       3.99643806
    2       3.99528891
    3       3.97977182
    4       3.99348428
    5       3.99411302
    6       4.01024110
    7       4.00879277
    8       3.99370186
    9       4.00638959
   10       3.98604015
   11       4.00408817
   12       4.00252001
   13       3.99370683
   14       4.00310789
   15       3.98416722
   16       3.99807632
   17       3.99457703
   18       3.98543365
   19       4.00397407
   20       4.01363122
   21       4.02205697
   22       3.99698325
   23       4.00728610
   24       4.00386650
   25       4.01095076
   26       4.00728519
   27       4.00074867
   28       3.99995318
   29       4.01155009
   30       4.02210250
   31       3.99778422
   32       3.98122443
   33       3.97673547
   34       3.98673140
   35       3.97708120
   36       4.02273838
   37       3.99544815
   38       4.01990100
   39       3.97687976
   40       4.00790318
   41       4.02271878
   42       3.99500347
   43       4.01200690
   44       3.99809376
   45       3.99326455
   46       4.00097744
   47       3.99747746
   48       3.97688068
   49       4.00925501
   50       4.01236188
   51       3.99682730
   52       3.99102089
   53       3.97438457
   54       3.99557148
   55       4.01499818
   56       3.99677869
   57       4.01478399
   58       4.00259750
   59       4.01359133
   60       4.00128139
   61       4.00679587
   62       4.00752095
   63       4.00807349
   64       3.98498005

l-shell populations (up)
 Atom Sh.   l       Population
    1   1   0       1.35298192
    1   2   1       2.48970148
    1   3   2       0.15375467
    2   1   0       1.34970191
    2   2   1       2.48563278
    2   3   2       0.15995422
    3   1   0       1.32408789
    3   2   1       2.48887725
    3   3   2       0.16680668
    4   1   0       1.34979779
    4   2   1       2.48351026
    4   3   2       0.16017622
    5   1   0       1.36928778
    5   2   1       2.46908361
    5   3   2       0.15574164
    6   1   0       1.37698942
    6   2   1       2.48875320
    6   3   2       0.14449849
    7   1   0       1.37485235
    7   2   1       2.47881448
    7   3   2       0.15512594
    8   1   0       1.35622749
    8   2   1       2.47749663
    8   3   2       0.15997774
    9   1   0       1.37241480
    9   2   1       2.47427935
    9   3   2       0.15969544
   10   1   0       1.33851286
   10   2   1       2.47158713
   10   3   2       0.17594016
   11   1   0       1.37404030
   11   2   1       2.47496986
   11   3   2       0.15507801
   12   1   0       1.36422577
   12   2   1       2.48449759
   12   3   2       0.15379665
   13   1   0       1.34210372
   13   2   1       2.48968315
   13   3   2       0.16191996
   14   1   0       1.36940126
   14   2   1       2.48095541
   14   3   2       0.15275122
   15   1   0       1.32999704
   15   2   1       2.49082296
   15   3   2       0.16334722
   16   1   0       1.35592680
   16   2   1       2.48672367
   16   3   2       0.15542585
   17   1   0       1.35167171
   17   2   1       2.47304298
   17   3   2       0.16986234
   18   1   0       1.34816745
   18   2   1       2.47386519
   18   3   2       0.16340101
   19   1   0       1.36525261
   19   2   1       2.48151770
   19   3   2       0.15720376
   20   1   0       1.37392838
   20   2   1       2.49305663
   20   3   2       0.14664621
   21   1   0       1.37872564
   21   2   1       2.50207135
   21   3   2       0.14125997
   22   1   0       1.36284292
   22   2   1       2.47610054
   22   3   2       0.15803978
   23   1   0       1.37426179
   23   2   1       2.47688259
   23   3   2       0.15614172
   24   1   0       1.36527678
   24   2   1       2.48946083
   24   3   2       0.14912890
   25   1   0       1.37055803
   25   2   1       2.49056894
   25   3   2       0.14982380
   26   1   0       1.37250269
   26   2   1       2.47346833
   26   3   2       0.16131416
   27   1   0       1.35883254
   27   2   1       2.48753886
   27   3   2       0.15437727
   28   1   0       1.34913070
   28   2   1       2.49135023
   28   3   2       0.15947225
   29   1   0       1.37586900
   29   2   1       2.48654776
   29   3   2       0.14913333
   30   1   0       1.39362708
   30   2   1       2.48251569
   30   3   2       0.14595973
   31   1   0       1.35444615
   31   2   1       2.48698568
   31   3   2       0.15635239
   32   1   0       1.31319636
   32   2   1       2.48168574
   32   3   2       0.18634233
   33   1   0       1.32409275
   33   2   1       2.47782096
   33   3   2       0.17482176
   34   1   0       1.34399497
   34   2   1       2.47649114
   34   3   2       0.16624529
   35   1   0       1.32114109
   35   2   1       2.48596058
   35   3   2       0.16997953
   36   1   0       1.38927853
   36   2   1       2.49926795
   36   3   2       0.13419190
   37   1   0       1.34916873
   37   2   1       2.48116282
   37   3   2       0.16511660
   38   1   0       1.38772366
   38   2   1       2.49520854
   38   3   2       0.13696880
   39   1   0       1.33096587
   39   2   1       2.46810371
   39   3   2       0.17781018
   40   1   0       1.36994130
   40   2   1       2.48360724
   40   3   2       0.15435465
   41   1   0       1.40240558
   41   2   1       2.47817630
   41   3   2       0.14213690
   42   1   0       1.35587848
   42   2   1       2.47698411
   42   3   2       0.16214087
   43   1   0       1.39039404
   43   2   1       2.48218502
   43   3   2       0.13942784
   44   1   0       1.35483602
   44   2   1       2.48152951
   44   3   2       0.16172823
   45   1   0       1.35535567
   45   2   1       2.47601886
   45   3   2       0.16189002
   46   1   0       1.36349894
   46   2   1       2.48778410
   46   3   2       0.14969440
   47   1   0       1.36118970
   47   2   1       2.47959403
   47   3   2       0.15669374
   48   1   0       1.32723659
   48   2   1       2.47654926
   48   3   2       0.17309483
   49   1   0       1.37356318
   49   2   1       2.48305111
   49   3   2       0.15264073
   50   1   0       1.37979272
   50   2   1       2.48690077
   50   3   2       0.14566839
   51   1   0       1.33507581
   51   2   1       2.49587400
   51   3   2       0.16587749
   52   1   0       1.34636907
   52   2   1       2.48556039
   52   3   2       0.15909142
   53   1   0       1.32056747
   53   2   1       2.46455988
   53   3   2       0.18925721
   54   1   0       1.34812952
   54   2   1       2.47761598
   54   3   2       0.16982597
   55   1   0       1.39148897
   55   2   1       2.47665740
   55   3   2       0.14685181
   56   1   0       1.36215558
   56   2   1       2.47362643
   56   3   2       0.16099669
   57   1   0       1.38681489
   57   2   1       2.47541172
   57   3   2       0.15255738
   58   1   0       1.37065174
   58   2   1       2.47707478
   58   3   2       0.15487097
   59   1   0       1.37686011
   59   2   1       2.48290775
   59   3   2       0.15382347
   60   1   0       1.35491550
   60   2   1       2.48818143
   60   3   2       0.15818446
   61   1   0       1.36374183
   61   2   1       2.49374374
   61   3   2       0.14931030
   62   1   0       1.36706506
   62   2   1       2.47707417
   62   3   2       0.16338172
   63   1   0       1.36854105
   63   2   1       2.48827350
   63   3   2       0.15125894
   64   1   0       1.33782460
   64   2   1       2.48486380
   64   3   2       0.16229165

Orbital populations (up)
 Atom Sh.   l   m       Population  Label
    1   1   0   0       1.35298192  s
    1   2   1  -1       0.83064406  p_y
    1   2   1   0       0.82678439  p_z
    1   2   1   1       0.83227302  p_x
    1   3   2  -2       0.03581438  d_xy
    1   3   2  -1       0.04366347  d_yz
    1   3   2   0       0.02024712  d_z2
    1   3   2   1       0.03580198  d_xz
    1   3   2   2       0.01822772  d_x2-y2
    2   1   0   0       1.34970191  s
    2   2   1  -1       0.82172726  p_y
    2   2   1   0       0.83510227  p_z
    2   2   1   1       0.82880325  p_x
    2   3   2  -2       0.04479640  d_xy
    2   3   2  -1       0.03970578  d_yz
    2   3   2   0       0.01955203  d_z2
    2   3   2   1       0.03546413  d_xz
    2   3   2   2       0.02043589  d_x2-y2
    3   1   0   0       1.32408789  s
    3   2   1  -1       0.83250778  p_y
    3   2   1   0       0.82425307  p_z
    3   2   1   1       0.83211640  p_x
    3   3   2  -2       0.03831209  d_xy
    3   3   2  -1       0.04137743  d_yz
    3   3   2   0       0.02297385  d_z2
    3   3   2   1       0.04404960  d_xz
    3   3   2   2       0.02009371  d_x2-y2
    4   1   0   0       1.34979779  s
    4   2   1  -1       0.82570324  p_y
    4   2   1   0       0.82951805  p_z
    4   2   1   1       0.82828897  p_x
    4   3   2  -2       0.04098773  d_xy
    4   3   2  -1       0.04121858  d_yz
    4   3   2   0       0.01990082  d_z2
    4   3   2   1       0.03749533  d_xz
    4   3   2   2       0.02057376  d_x2-y2
    5   1   0   0       1.36928778  s
    5   2   1  -1       0.82551701  p_y
    5   2   1   0       0.82116222  p_z
    5   2   1   1       0.82240438  p_x
    5   3   2  -2       0.04167861  d_xy
    5   3   2  -1       0.03412161  d_yz
    5   3   2   0       0.01907238  d_z2
    5   3   2   1       0.04168792  d_xz
    5   3   2   2       0.01918112  d_x2-y2
    6   1   0   0       1.37698942  s
    6   2   1  -1       0.82747011  p_y
    6   2   1   0       0.83092397  p_z
    6   2   1   1       0.83035912  p_x
    6   3   2  -2       0.03911370  d_xy
    6   3   2  -1       0.03686426  d_yz
    6   3   2   0       0.01707274  d_z2
    6   3   2   1       0.03414049  d_xz
    6   3   2   2       0.01730731  d_x2-y2
    7   1   0   0       1.37485235  s
    7   2   1  -1       0.82336374  p_y
    7   2   1   0       0.82619260  p_z
    7   2   1   1       0.82925814  p_x
    7   3   2  -2       0.03600613  d_xy
    7   3   2  -1       0.04205200  d_yz
    7   3   2   0       0.01775643  d_z2
    7   3   2   1       0.03918085  d_xz
    7   3   2   2       0.02013052  d_x2-y2
    8   1   0   0       1.35622749  s
    8   2   1  -1       0.82583424  p_y
    8   2   1   0       0.82619370  p_z
    8   2   1   1       0.82546869  p_x
    8   3   2  -2       0.04201187  d_xy
    8   3   2  -1       0.03675925  d_yz
    8   3   2   0       0.02177988  d_z2
    8   3   2   1       0.04116084  d_xz
    8   3   2   2       0.01826590  d_x2-y2
    9   1   0   0       1.37241480  s
    9   2   1  -1       0.82805427  p_y
    9   2   1   0       0.82388131  p_z
    9   2   1   1       0.82234377  p_x
    9   3   2  -2       0.04049068  d_xy
    9   3   2  -1       0.03671077  d_yz
    9   3   2   0       0.02007232  d_z2
    9   3   2   1       0.04248347  d_xz
    9   3   2   2       0.01993819  d_x2-y2
   10   1   0   0       1.33851286  s
   10   2   1  -1       0.82134461  p_y
   10   2   1   0       0.82747292  p_z
   10   2   1   1       0.82276959  p_x
   10   3   2  -2       0.04420509  d_xy
   10   3   2  -1       0.04355607  d_yz
   10   3   2   0       0.02158564  d_z2
   10   3   2   1       0.04209389  d_xz
   10   3   2   2       0.02449947  d_x2-y2
   11   1   0   0       1.37404030  s
   11   2   1  -1       0.82094479  p_y
   11   2   1   0       0.82698772  p_z
   11   2   1   1       0.82703736  p_x
   11   3   2  -2       0.04086284  d_xy
   11   3   2  -1       0.04077658  d_yz
   11   3   2   0       0.01918897  d_z2
   11   3   2   1       0.03529214  d_xz
   11   3   2   2       0.01895747  d_x2-y2
   12   1   0   0       1.36422577  s
   12   2   1  -1       0.82575199  p_y
   12   2   1   0       0.83467054  p_z
   12   2   1   1       0.82407506  p_x
   12   3   2  -2       0.04222479  d_xy
   12   3   2  -1       0.03637067  d_yz
   12   3   2   0       0.01633235  d_z2
   12   3   2   1       0.03835210  d_xz
   12   3   2   2       0.02051675  d_x2-y2
   13   1   0   0       1.34210372  s
   13   2   1  -1       0.82829032  p_y
   13   2   1   0       0.83385688  p_z
   13   2   1   1       0.82753594  p_x
   13   3   2  -2       0.04356201  d_xy
   13   3   2  -1       0.04052775  d_yz
   13   3   2   0       0.01934951  d_z2
   13   3   2   1       0.03633261  d_xz
   13   3   2   2       0.02214806  d_x2-y2
   14   1   0   0       1.36940126  s
   14   2   1  -1       0.82631140  p_y
   14   2   1   0       0.82747164  p_z
   14   2   1   1       0.82717237  p_x
   14   3   2  -2       0.03771288  d_xy
   14   3   2  -1       0.03619092  d_yz
   14   3   2   0       0.01974950  d_z2
   14   3   2   1       0.04162513  d_xz
   14   3   2   2       0.01747278  d_x2-y2
   15   1   0   0       1.32999704  s
   15   2   1  -1       0.82612804  p_y
   15   2   1   0       0.83432797  p_z
   15   2   1   1       0.83036695  p_x
   15   3   2  -2       0.04326734  d_xy
   15   3   2  -1       0.04097168  d_yz
   15   3   2   0       0.02022652  d_z2
   15   3   2   1       0.03777999  d_xz
   15   3   2   2       0.02110170  d_x2-y2
   16   1   0   0       1.35592680  s
   16   2   1  -1       0.82690031  p_y
   16   2   1   0       0.83345771  p_z
   16   2   1   1       0.82636565  p_x
   16   3   2  -2       0.03829842  d_xy
   16   3   2  -1       0.04072624  d_yz
   16   3   2   0       0.02016919  d_z2
   16   3   2   1       0.03695185  d_xz
   16   3   2   2       0.01928015  d_x2-y2
   17   1   0   0       1.35167171  s
   17   2   1  -1       0.82430429  p_y
   17   2   1   0       0.82290801  p_z
   17   2   1   1       0.82583067  p_x
   17   3   2  -2       0.03911975  d_xy
   17   3   2  -1       0.04395510  d_yz
   17   3   2   0       0.02207276  d_z2
   17   3   2   1       0.04270769  d_xz
   17   3   2   2       0.02200702  d_x2-y2
   18   1   0   0       1.34816745  s
   18   2   1  -1       0.82372190  p_y
   18   2   1   0       0.82655536  p_z
   18   2   1   1       0.82358793  p_x
   18   3   2  -2       0.04522271  d_xy
   18   3   2  -1       0.04021978  d_yz
   18   3   2   0       0.02192490  d_z2
   18   3   2   1       0.03570097  d_xz
   18   3   2   2       0.02033265  d_x2-y2
   19   1   0   0       1.36525261  s
   19   2   1  -1       0.83265828  p_y
   19   2   1   0       0.82794836  p_z
   19   2   1   1       0.82091106  p_x
   19   3   2  -2       0.03858436  d_xy
   19   3   2  -1       0.03793718  d_yz
   19   3   2   0       0.01938696  d_z2
   19   3   2   1       0.04180905  d_xz
   19   3   2   2       0.01948621  d_x2-y2
   20   1   0   0       1.37392838  s
   20   2   1  -1       0.83373094  p_y
   20   2   1   0       0.82840949  p_z
   20   2   1   1       0.83091621  p_x
   20   3   2  -2       0.03531182  d_xy
   20   3   2  -1       0.03840099  d_yz
   20   3   2   0       0.01793925  d_z2
   20   3   2   1       0.03804370  d_xz
   20   3   2   2       0.01695045  d_x2-y2
   21   1   0   0       1.37872564  s
   21   2   1  -1       0.83816399  p_y
   21   2   1   0       0.83028431  p_z
   21   2   1   1       0.83362306  p_x
   21   3   2  -2       0.03549184  d_xy
   21   3   2  -1       0.03454624  d_yz
   21   3   2   0       0.01823991  d_z2
   21   3   2   1       0.03755953  d_xz
   21   3   2   2       0.01542246  d_x2-y2
   22   1   0   0       1.36284292  s
   22   2   1  -1       0.82488632  p_y
   22   2   1   0       0.82766071  p_z
   22   2   1   1       0.82355351  p_x
   22   3   2  -2       0.04088400  d_xy
   22   3   2  -1       0.03957430  d_yz
   22   3   2   0       0.02010692  d_z2
   22   3   2   1       0.03769211  d_xz
   22   3   2   2       0.01978246  d_x2-y2
   23   1   0   0       1.37426179  s
   23   2   1  -1       0.83159981  p_y
   23   2   1   0       0.82030916  p_z
   23   2   1   1       0.82497362  p_x
   23   3   2  -2       0.03618938  d_xy
   23   3   2  -1       0.03768480  d_yz
   23   3   2   0       0.02064638  d_z2
   23   3   2   1       0.04318590  d_xz
   23   3   2   2       0.01843526  d_x2-y2
   24   1   0   0       1.36527678  s
   24   2   1  -1       0.83054567  p_y
   24   2   1   0       0.83187094  p_z
   24   2   1   1       0.82704422  p_x
   24   3   2  -2       0.03733341  d_xy
   24   3   2  -1       0.03548286  d_yz
   24   3   2   0       0.01867007  d_z2
   24   3   2   1       0.03968591  d_xz
   24   3   2   2       0.01795664  d_x2-y2
   25   1   0   0       1.37055803  s
   25   2   1  -1       0.82228019  p_y
   25   2   1   0       0.83779428  p_z
   25   2   1   1       0.83049447  p_x
   25   3   2  -2       0.04070768  d_xy
   25   3   2  -1       0.03778031  d_yz
   25   3   2   0       0.01669651  d_z2
   25   3   2   1       0.03481912  d_xz
   25   3   2   2       0.01982018  d_x2-y2
   26   1   0   0       1.37250269  s
   26   2   1  -1       0.82951089  p_y
   26   2   1   0       0.81931693  p_z
   26   2   1   1       0.82464052  p_x
   26   3   2  -2       0.03728688  d_xy
   26   3   2  -1       0.03853923  d_yz
   26   3   2   0       0.02095650  d_z2
   26   3   2   1       0.04546442  d_xz
   26   3   2   2       0.01906714  d_x2-y2
   27   1   0   0       1.35883254  s
   27   2   1  -1       0.82750109  p_y
   27   2   1   0       0.82825009  p_z
   27   2   1   1       0.83178768  p_x
   27   3   2  -2       0.03986055  d_xy
   27   3   2  -1       0.03998163  d_yz
   27   3   2   0       0.01967234  d_z2
   27   3   2   1       0.03662170  d_xz
   27   3   2   2       0.01824105  d_x2-y2
   28   1   0   0       1.34913070  s
   28   2   1  -1       0.83692200  p_y
   28   2   1   0       0.82128303  p_z
   28   2   1   1       0.83314520  p_x
   28   3   2  -2       0.03513437  d_xy
   28   3   2  -1       0.04216992  d_yz
   28   3   2   0       0.02141867  d_z2
   28   3   2   1       0.04205342  d_xz
   28   3   2   2       0.01869588  d_x2-y2
   29   1   0   0       1.37586900  s
   29   2   1  -1       0.83111949  p_y
   29   2   1   0       0.82279296  p_z
   29   2   1   1       0.83263531  p_x
   29   3   2  -2       0.03287252  d_xy
   29   3   2  -1       0.04034359  d_yz
   29   3   2   0       0.01841881  d_z2
   29   3   2   1       0.04035921  d_xz
   29   3   2   2       0.01713920  d_x2-y2
   30   1   0   0       1.39362708  s
   30   2   1  -1       0.82778265  p_y
   30   2   1   0       0.82924299  p_z
   30   2   1   1       0.82549005  p_x
   30   3   2  -2       0.03766439  d_xy
   30   3   2  -1       0.03612069  d_yz
   30   3   2   0       0.01718728  d_z2
   30   3   2   1       0.03758040  d_xz
   30   3   2   2       0.01740696  d_x2-y2
   31   1   0   0       1.35444615  s
   31   2   1  -1       0.83029029  p_y
   31   2   1   0       0.82879376  p_z
   31   2   1   1       0.82790163  p_x
   31   3   2  -2       0.03977544  d_xy
   31   3   2  -1       0.03957946  d_yz
   31   3   2   0       0.02060977  d_z2
   31   3   2   1       0.03847030  d_xz
   31   3   2   2       0.01791743  d_x2-y2
   32   1   0   0       1.31319636  s
   32   2   1  -1       0.82394537  p_y
   32   2   1   0       0.83034643  p_z
   32   2   1   1       0.82739395  p_x
   32   3   2  -2       0.04674209  d_xy
   32   3   2  -1       0.04419475  d_yz
   32   3   2   0       0.02465576  d_z2
   32   3   2   1       0.04439962  d_xz
   32   3   2   2       0.02635011  d_x2-y2
   33   1   0   0       1.32409275  s
   33   2   1  -1       0.82838776  p_y
   33   2   1   0       0.82332779  p_z
   33   2   1   1       0.82610541  p_x
   33   3   2  -2       0.04034697  d_xy
   33   3   2  -1       0.04754592  d_yz
   33   3   2   0       0.02223298  d_z2
   33   3   2   1       0.04081059  d_xz
   33   3   2   2       0.02388531  d_x2-y2
   34   1   0   0       1.34399497  s
   34   2   1  -1       0.82667518  p_y
   34   2   1   0       0.82512577  p_z
   34   2   1   1       0.82469019  p_x
   34   3   2  -2       0.03911419  d_xy
   34   3   2  -1       0.04406476  d_yz
   34   3   2   0       0.02121388  d_z2
   34   3   2   1       0.04059190  d_xz
   34   3   2   2       0.02126054  d_x2-y2
   35   1   0   0       1.32114109  s
   35   2   1  -1       0.83163522  p_y
   35   2   1   0       0.82637008  p_z
   35   2   1   1       0.82795529  p_x
   35   3   2  -2       0.03977256  d_xy
   35   3   2  -1       0.04106927  d_yz
   35   3   2   0       0.02267348  d_z2
   35   3   2   1       0.04438997  d_xz
   35   3   2   2       0.02207425  d_x2-y2
   36   1   0   0       1.38927853  s
   36   2   1  -1       0.83321591  p_y
   36   2   1   0       0.83318126  p_z
   36   2   1   1       0.83287078  p_x
   36   3   2  -2       0.03105276  d_xy
   36   3   2  -1       0.03445336  d_yz
   36   3   2   0       0.01554157  d_z2
   36   3   2   1       0.03803083  d_xz
   36   3   2   2       0.01511338  d_x2-y2
   37   1   0   0       1.34916873  s
   37   2   1  -1       0.82438380  p_y
   37   2   1   0       0.83185447  p_z
   37   2   1   1       0.82492454  p_x
   37   3   2  -2       0.04209962  d_xy
   37   3   2  -1       0.03676858  d_yz
   37   3   2   0       0.02088708  d_z2
   37   3   2   1       0.04321156  d_xz
   37   3   2   2       0.02214976  d_x2-y2
   38   1   0   0       1.38772366  s
   38   2   1  -1       0.83586364  p_y
   38   2   1   0       0.82401082  p_z
   38   2   1   1       0.83533408  p_x
   38   3   2  -2       0.03163798  d_xy
   38   3   2  -1       0.03798193  d_yz
   38   3   2   0       0.01604092  d_z2
   38   3   2   1       0.03597364  d_xz
   38   3   2   2       0.01533432  d_x2-y2
   39   1   0   0       1.33096587  s
   39   2   1  -1       0.81974130  p_y
   39   2   1   0       0.82769066  p_z
   39   2   1   1       0.82067174  p_x
   39   3   2  -2       0.04510725  d_xy
   39   3   2  -1       0.04518338  d_yz
   39   3   2   0       0.02430635  d_z2
   39   3   2   1       0.04001900  d_xz
   39   3   2   2       0.02319420  d_x2-y2
   40   1   0   0       1.36994130  s
   40   2   1  -1       0.82863134  p_y
   40   2   1   0       0.82108581  p_z
   40   2   1   1       0.83389009  p_x
   40   3   2  -2       0.03574350  d_xy
   40   3   2  -1       0.03898814  d_yz
   40   3   2   0       0.01946327  d_z2
   40   3   2   1       0.04181006  d_xz
   40   3   2   2       0.01834967  d_x2-y2
   41   1   0   0       1.40240558  s
   41   2   1  -1       0.83185213  p_y
   41   2   1   0       0.82373210  p_z
   41   2   1   1       0.82259206  p_x
   41   3   2  -2       0.03518830  d_xy
   41   3   2  -1       0.03294156  d_yz
   41   3   2   0       0.01737358  d_z2
   41   3   2   1       0.04073792  d_xz
   41   3   2   2       0.01589554  d_x2-y2
   42   1   0   0       1.35587848  s
   42   2   1  -1       0.82580191  p_y
   42   2   1   0       0.82931095  p_z
   42   2   1   1       0.82187126  p_x
   42   3   2  -2       0.04553906  d_xy
   42   3   2  -1       0.03732633  d_yz
   42   3   2   0       0.01980264  d_z2
   42   3   2   1       0.03930924  d_xz
   42   3   2   2       0.02016359  d_x2-y2
   43   1   0   0       1.39039404  s
   43   2   1  -1       0.83000544  p_y
   43   2   1   0       0.81981640  p_z
   43   2   1   1       0.83236318  p_x
   43   3   2  -2       0.03214978  d_xy
   43   3   2  -1       0.03947969  d_yz
   43   3   2   0       0.01682890  d_z2
   43   3   2   1       0.03555027  d_xz
   43   3   2   2       0.01541920  d_x2-y2
   44   1   0   0       1.35483602  s
   44   2   1  -1       0.82878252  p_y
   44   2   1   0       0.82520388  p_z
   44   2   1   1       0.82754311  p_x
   44   3   2  -2       0.04210995  d_xy
   44   3   2  -1       0.04070676  d_yz
   44   3   2   0       0.02067772  d_z2
   44   3   2   1       0.03808115  d_xz
   44   3   2   2       0.02015266  d_x2-y2
   45   1   0   0       1.35535567  s
   45   2   1  -1       0.82465670  p_y
   45   2   1   0       0.82640307  p_z
   45   2   1   1       0.82495908  p_x
   45   3   2  -2       0.04230862  d_xy
   45   3   2  -1       0.04036755  d_yz
   45   3   2   0       0.02108101  d_z2
   45   3   2   1       0.03896361  d_xz
   45   3   2   2       0.01916923  d_x2-y2
   46   1   0   0       1.36349894  s
   46   2   1  -1       0.83452963  p_y
   46   2   1   0       0.82309772  p_z
   46   2   1   1       0.83015675  p_x
   46   3   2  -2       0.03429755  d_xy
   46   3   2  -1       0.03594475  d_yz
   46   3   2   0       0.01971767  d_z2
   46   3   2   1       0.04252285  d_xz
   46   3   2   2       0.01721158  d_x2-y2
   47   1   0   0       1.36118970  s
   47   2   1  -1       0.82494306  p_y
   47   2   1   0       0.83134692  p_z
   47   2   1   1       0.82330405  p_x
   47   3   2  -2       0.04018693  d_xy
   47   3   2  -1       0.03872694  d_yz
   47   3   2   0       0.01780994  d_z2
   47   3   2   1       0.03940878  d_xz
   47   3   2   2       0.02056115  d_x2-y2
   48   1   0   0       1.32723659  s
   48   2   1  -1       0.82804282  p_y
   48   2   1   0       0.82174599  p_z
   48   2   1   1       0.82676045  p_x
   48   3   2  -2       0.04216398  d_xy
   48   3   2  -1       0.04478327  d_yz
   48   3   2   0       0.02315355  d_z2
   48   3   2   1       0.04054371  d_xz
   48   3   2   2       0.02245032  d_x2-y2
   49   1   0   0       1.37356318  s
   49   2   1  -1       0.82708483  p_y
   49   2   1   0       0.83033647  p_z
   49   2   1   1       0.82562981  p_x
   49   3   2  -2       0.03707741  d_xy
   49   3   2  -1       0.04090277  d_yz
   49   3   2   0       0.01780355  d_z2
   49   3   2   1       0.03683699  d_xz
   49   3   2   2       0.02002000  d_x2-y2
   50   1   0   0       1.37979272  s
   50   2   1  -1       0.83157371  p_y
   50   2   1   0       0.82943486  p_z
   50   2   1   1       0.82589220  p_x
   50   3   2  -2       0.03906201  d_xy
   50   3   2  -1       0.03636596  d_yz
   50   3   2   0       0.01674822  d_z2
   50   3   2   1       0.03587785  d_xz
   50   3   2   2       0.01761435  d_x2-y2
   51   1   0   0       1.33507581  s
   51   2   1  -1       0.82683289  p_y
   51   2   1   0       0.84003232  p_z
   51   2   1   1       0.82900878  p_x
   51   3   2  -2       0.04673862  d_xy
   51   3   2  -1       0.03747797  d_yz
   51   3   2   0       0.01989776  d_z2
   51   3   2   1       0.03850011  d_xz
   51   3   2   2       0.02326303  d_x2-y2
   52   1   0   0       1.34636907  s
   52   2   1  -1       0.83172354  p_y
   52   2   1   0       0.82346736  p_z
   52   2   1   1       0.83036949  p_x
   52   3   2  -2       0.03755010  d_xy
   52   3   2  -1       0.04289220  d_yz
   52   3   2   0       0.02081336  d_z2
   52   3   2   1       0.03895477  d_xz
   52   3   2   2       0.01888100  d_x2-y2
   53   1   0   0       1.32056747  s
   53   2   1  -1       0.82089602  p_y
   53   2   1   0       0.82785986  p_z
   53   2   1   1       0.81580400  p_x
   53   3   2  -2       0.04626986  d_xy
   53   3   2  -1       0.04057317  d_yz
   53   3   2   0       0.02610333  d_z2
   53   3   2   1       0.04969019  d_xz
   53   3   2   2       0.02662066  d_x2-y2
   54   1   0   0       1.34812952  s
   54   2   1  -1       0.81806178  p_y
   54   2   1   0       0.83135012  p_z
   54   2   1   1       0.82820409  p_x
   54   3   2  -2       0.04855173  d_xy
   54   3   2  -1       0.04027535  d_yz
   54   3   2   0       0.02166309  d_z2
   54   3   2   1       0.03715862  d_xz
   54   3   2   2       0.02217719  d_x2-y2
   55   1   0   0       1.39148897  s
   55   2   1  -1       0.82576208  p_y
   55   2   1   0       0.82456298  p_z
   55   2   1   1       0.82633235  p_x
   55   3   2  -2       0.03394361  d_xy
   55   3   2  -1       0.03775388  d_yz
   55   3   2   0       0.01862911  d_z2
   55   3   2   1       0.03892381  d_xz
   55   3   2   2       0.01760140  d_x2-y2
   56   1   0   0       1.36215558  s
   56   2   1  -1       0.82221734  p_y
   56   2   1   0       0.82845858  p_z
   56   2   1   1       0.82295051  p_x
   56   3   2  -2       0.04272799  d_xy
   56   3   2  -1       0.03713007  d_yz
   56   3   2   0       0.02109592  d_z2
   56   3   2   1       0.04089523  d_xz
   56   3   2   2       0.01914749  d_x2-y2
   57   1   0   0       1.38681489  s
   57   2   1  -1       0.82549003  p_y
   57   2   1   0       0.82899210  p_z
   57   2   1   1       0.82092958  p_x
   57   3   2  -2       0.04090097  d_xy
   57   3   2  -1       0.03612192  d_yz
   57   3   2   0       0.01889633  d_z2
   57   3   2   1       0.03738344  d_xz
   57   3   2   2       0.01925473  d_x2-y2
   58   1   0   0       1.37065174  s
   58   2   1  -1       0.83193288  p_y
   58   2   1   0       0.82021583  p_z
   58   2   1   1       0.82492608  p_x
   58   3   2  -2       0.03663210  d_xy
   58   3   2  -1       0.03723652  d_yz
   58   3   2   0       0.01972858  d_z2
   58   3   2   1       0.04223402  d_xz
   58   3   2   2       0.01903976  d_x2-y2
   59   1   0   0       1.37686011  s
   59   2   1  -1       0.82564438  p_y
   59   2   1   0       0.83219705  p_z
   59   2   1   1       0.82506632  p_x
   59   3   2  -2       0.04198131  d_xy
   59   3   2  -1       0.03690830  d_yz
   59   3   2   0       0.01735912  d_z2
   59   3   2   1       0.03776205  d_xz
   59   3   2   2       0.01981269  d_x2-y2
   60   1   0   0       1.35491550  s
   60   2   1  -1       0.82974947  p_y
   60   2   1   0       0.83011726  p_z
   60   2   1   1       0.82831471  p_x
   60   3   2  -2       0.03590233  d_xy
   60   3   2  -1       0.04055977  d_yz
   60   3   2   0       0.01897397  d_z2
   60   3   2   1       0.04247317  d_xz
   60   3   2   2       0.02027521  d_x2-y2
   61   1   0   0       1.36374183  s
   61   2   1  -1       0.82948281  p_y
   61   2   1   0       0.83181915  p_z
   61   2   1   1       0.83244178  p_x
   61   3   2  -2       0.04138597  d_xy
   61   3   2  -1       0.03677166  d_yz
   61   3   2   0       0.01887601  d_z2
   61   3   2   1       0.03517847  d_xz
   61   3   2   2       0.01709818  d_x2-y2
   62   1   0   0       1.36706506  s
   62   2   1  -1       0.82693073  p_y
   62   2   1   0       0.82826219  p_z
   62   2   1   1       0.82188125  p_x
   62   3   2  -2       0.03846095  d_xy
   62   3   2  -1       0.04055273  d_yz
   62   3   2   0       0.01969136  d_z2
   62   3   2   1       0.04290081  d_xz
   62   3   2   2       0.02177588  d_x2-y2
   63   1   0   0       1.36854105  s
   63   2   1  -1       0.82871676  p_y
   63   2   1   0       0.82770019  p_z
   63   2   1   1       0.83185655  p_x
   63   3   2  -2       0.03905272  d_xy
   63   3   2  -1       0.04283545  d_yz
   63   3   2   0       0.01905783  d_z2
   63   3   2   1       0.03268436  d_xz
   63   3   2   2       0.01762858  d_x2-y2
   64   1   0   0       1.33782460  s
   64   2   1  -1       0.82708254  p_y
   64   2   1   0       0.82719529  p_z
   64   2   1   1       0.83058597  p_x
   64   3   2  -2       0.04146528  d_xy
   64   3   2  -1       0.04071852  d_yz
   64   3   2   0       0.02153536  d_z2
   64   3   2   1       0.03882043  d_xz
   64   3   2   2       0.01975206  d_x2-y2

Fermi level:                        -0.1336610805 H           -3.6371 eV
Band energy:                       -88.1506328901 H        -2398.7008 eV
TS:                                  0.0000000000 H            0.0000 eV
Band free energy (E-TS):           -88.1506328901 H        -2398.7008 eV
Extrapolated E(0K):                -88.1506328901 H        -2398.7008 eV
Input / Output electrons (q):    256.0000000000    256.0000000000

Energy H0:                         -88.1296458832 H        -2398.1297 eV
Energy SCC:                          0.0005539416 H            0.0151 eV
Total Electronic energy:           -88.1290919417 H        -2398.1146 eV
Repulsive energy:                    0.0000000000 H            0.0000 eV
Total energy:                      -88.1290919417 H        -2398.1146 eV
Extrapolated to 0:                 -88.1290919417 H        -2398.1146 eV
Total Mermin free energy:          -88.1290919417 H        -2398.1146 eV
Force related energy:              -88.1290919417 H        -2398.1146 eV

Non-constrained calculation

SCC converged

Warning: dipole moment is not defined absolutely!
Dipole moment:    0.00122595   -0.06751630    0.09629879 au
Dipole moment:    0.00311605   -0.17160932    0.24476712 Debye


