 Fermi distribution function

Calculation with static geometry


********************************************************************************
 iSCC Total electronic   Diff electronic      SCC error    
    9   -0.88182776E+02   -0.11168311E-08    0.64746992E-05
********************************************************************************

 Total charge:    -0.00000000

 Atomic gross charges (e)
 Atom           Charge
    1       0.00947722
    2       0.00932653
    3       0.01386297
    4      -0.00842583
    5       0.00216747
    6      -0.00090154
    7      -0.00138350
    8      -0.00737299
    9       0.01015152
   10      -0.01577289
   11       0.02576499
   12      -0.01551976
   13       0.00023037
   14      -0.01396248
   15      -0.00179448
   16      -0.00190302
   17      -0.00427834
   18       0.01053446
   19      -0.00915572
   20      -0.00563827
   21       0.00268120
   22      -0.00080084
   23       0.00883872
   24       0.00519409
   25      -0.01314336
   26       0.00737449
   27      -0.01629909
   28       0.01312991
   29      -0.00941620
   30       0.00422893
   31       0.00246781
   32       0.01213486
   33       0.01621693
   34       0.00460975
   35       0.01624258
   36       0.00912658
   37       0.00042498
   38      -0.01543003
   39       0.00694717
   40      -0.01620964
   41       0.01155490
   42       0.00331781
   43      -0.00131446
   44      -0.00608336
   45       0.00183054
   46      -0.01054751
   47      -0.00084194
   48      -0.01287895
   49       0.00763587
   50      -0.02148627
   51       0.00367967
   52      -0.01207208
   53      -0.00301957
   54       0.00996284
   55      -0.00988834
   56       0.01498936
   57      -0.00524247
   58       0.00322011
   59      -0.01236250
   60       0.00775631
   61      -0.01571121
   62       0.00979069
   63      -0.00413534
   64       0.00812040

Nr. of electrons (up):    256.00000000
Atom populations (up)
 Atom       Population
    1       3.99052278
    2       3.99067347
    3       3.98613703
    4       4.00842583
    5       3.99783253
    6       4.00090154
    7       4.00138350
    8       4.00737299
    9       3.98984848
   10       4.01577289
   11       3.97423501
   12       4.01551976
   13       3.99976963
   14       4.01396248
   15       4.00179448
   16       4.00190302
   17       4.00427834
   18       3.98946554
   19       4.00915572
   20       4.00563827
   21       3.99731880
   22       4.00080084
   23       3.99116128
   24       3.99480591
   25       4.01314336
   26       3.99262551
   27       4.01629909
   28       3.98687009
   29       4.00941620
   30       3.99577107
   31       3.99753219
   32       3.98786514
   33       3.98378307
   34       3.99539025
   35       3.98375742
   36       3.99087342
   37       3.99957502
   38       4.01543003
   39       3.99305283
   40       4.01620964
   41       3.98844510
   42       3.99668219
   43       4.00131446
   44       4.00608336
   45       3.99816946
   46       4.01054751
   47       4.00084194
   48       4.01287895
   49       3.99236413
   50       4.02148627
   51       3.99632033
   52       4.01207208
   53       4.00301957
   54       3.99003716
   55       4.00988834
   56       3.98501064
   57       4.00524247
   58       3.99677989
   59       4.01236250
   60       3.99224369
   61       4.01571121
   62       3.99020931
   63       4.00413534
   64       3.99187960

l-shell populations (up)
 Atom Sh.   l       Population
    1   1   0       1.35204851
    1   2   1       2.48475852
    1   3   2       0.15371575
    2   1   0       1.33641363
    2   2   1       2.48181881
    2   3   2       0.17244104
    3   1   0       1.35824394
    3   2   1       2.47925290
    3   3   2       0.14864019
    4   1   0       1.36732866
    4   2   1       2.49356165
    4   3   2       0.14753553
    5   1   0       1.34979210
    5   2   1       2.48748378
    5   3   2       0.16055664
    6   1   0       1.35866187
    6   2   1       2.48591526
    6   3   2       0.15632441
    7   1   0       1.35931406
    7   2   1       2.47964481
    7   3   2       0.16242463
    8   1   0       1.37537438
    8   2   1       2.48235948
    8   3   2       0.14963914
    9   1   0       1.35039196
    9   2   1       2.47664661
    9   3   2       0.16280991
   10   1   0       1.37967083
   10   2   1       2.48878407
   10   3   2       0.14731800
   11   1   0       1.32432967
   11   2   1       2.46429163
   11   3   2       0.18561371
   12   1   0       1.37592356
   12   2   1       2.49762785
   12   3   2       0.14196835
   13   1   0       1.35679901
   13   2   1       2.48403483
   13   3   2       0.15893579
   14   1   0       1.38008289
   14   2   1       2.48794505
   14   3   2       0.14593455
   15   1   0       1.37072996
   15   2   1       2.48377044
   15   3   2       0.14729408
   16   1   0       1.35436351
   16   2   1       2.49149249
   16   3   2       0.15604702
   17   1   0       1.36035978
   17   2   1       2.48503341
   17   3   2       0.15888515
   18   1   0       1.35313885
   18   2   1       2.47354008
   18   3   2       0.16278661
   19   1   0       1.35986250
   19   2   1       2.49202140
   19   3   2       0.15727182
   20   1   0       1.37381280
   20   2   1       2.48798846
   20   3   2       0.14383702
   21   1   0       1.35340513
   21   2   1       2.48395354
   21   3   2       0.15996012
   22   1   0       1.36083947
   22   2   1       2.48505355
   22   3   2       0.15490781
   23   1   0       1.34676725
   23   2   1       2.47855723
   23   3   2       0.16583680
   24   1   0       1.36311905
   24   2   1       2.48530192
   24   3   2       0.14638494
   25   1   0       1.37275249
   25   2   1       2.49037694
   25   3   2       0.15001393
   26   1   0       1.35046609
   26   2   1       2.48374084
   26   3   2       0.15841858
   27   1   0       1.37643160
   27   2   1       2.49798096
   27   3   2       0.14188653
   28   1   0       1.34143181
   28   2   1       2.47814539
   28   3   2       0.16729289
   29   1   0       1.37280076
   29   2   1       2.49178178
   29   3   2       0.14483366
   30   1   0       1.34576839
   30   2   1       2.48163029
   30   3   2       0.16837240
   31   1   0       1.34929680
   31   2   1       2.48820126
   31   3   2       0.16003413
   32   1   0       1.32793879
   32   2   1       2.47526790
   32   3   2       0.18465845
   33   1   0       1.33220196
   33   2   1       2.47686625
   33   3   2       0.17471487
   34   1   0       1.36093250
   34   2   1       2.48153962
   34   3   2       0.15291813
   35   1   0       1.33284133
   35   2   1       2.47726355
   35   3   2       0.17365254
   36   1   0       1.34011035
   36   2   1       2.48299856
   36   3   2       0.16776451
   37   1   0       1.35863407
   37   2   1       2.48535247
   37   3   2       0.15558848
   38   1   0       1.37281979
   38   2   1       2.50317954
   38   3   2       0.13943069
   39   1   0       1.35155064
   39   2   1       2.47780802
   39   3   2       0.16369417
   40   1   0       1.37395290
   40   2   1       2.49119475
   40   3   2       0.15106199
   41   1   0       1.34651616
   41   2   1       2.47706930
   41   3   2       0.16485965
   42   1   0       1.36137655
   42   2   1       2.47497750
   42   3   2       0.16032814
   43   1   0       1.37810847
   43   2   1       2.47960161
   43   3   2       0.14360438
   44   1   0       1.36275886
   44   2   1       2.49057152
   44   3   2       0.15275298
   45   1   0       1.35723697
   45   2   1       2.48938267
   45   3   2       0.15154982
   46   1   0       1.36639832
   46   2   1       2.48589627
   46   3   2       0.15825291
   47   1   0       1.35714376
   47   2   1       2.48833196
   47   3   2       0.15536623
   48   1   0       1.35842734
   48   2   1       2.49309054
   48   3   2       0.16136107
   49   1   0       1.34448075
   49   2   1       2.47811481
   49   3   2       0.16976857
   50   1   0       1.38411031
   50   2   1       2.50013589
   50   3   2       0.13724007
   51   1   0       1.35420440
   51   2   1       2.48384930
   51   3   2       0.15826662
   52   1   0       1.37182598
   52   2   1       2.49258184
   52   3   2       0.14766427
   53   1   0       1.35369587
   53   2   1       2.49087340
   53   3   2       0.15845029
   54   1   0       1.34971113
   54   2   1       2.47856754
   54   3   2       0.16175849
   55   1   0       1.37440183
   55   2   1       2.48930646
   55   3   2       0.14618005
   56   1   0       1.33763491
   56   2   1       2.47542720
   56   3   2       0.17194853
   57   1   0       1.37196299
   57   2   1       2.48551808
   57   3   2       0.14776140
   58   1   0       1.34914198
   58   2   1       2.48033487
   58   3   2       0.16730305
   59   1   0       1.38329822
   59   2   1       2.49277091
   59   3   2       0.13629338
   60   1   0       1.33442139
   60   2   1       2.48197439
   60   3   2       0.17584791
   61   1   0       1.37773910
   61   2   1       2.49394993
   61   3   2       0.14402218
   62   1   0       1.34595437
   62   2   1       2.47856074
   62   3   2       0.16569420
   63   1   0       1.35637333
   63   2   1       2.48804539
   63   3   2       0.15971662
   64   1   0       1.36028430
   64   2   1       2.48540885
   64   3   2       0.14618646

Orbital populations (up)
 Atom Sh.   l   m       Population  Label
    1   1   0   0       1.35204851  s
    1   2   1  -1       0.82792553  p_y
    1   2   1   0       0.82852245  p_z
    1   2   1   1       0.82831055  p_x
    1   3   2  -2       0.03660910  d_xy
    1   3   2  -1       0.04072790  d_yz
    1   3   2   0       0.01902571  d_z2
    1   3   2   1       0.03880127  d_xz
    1   3   2   2       0.01855177  d_x2-y2
    2   1   0   0       1.33641363  s
    2   2   1  -1       0.82930586  p_y
    2   2   1   0       0.82530748  p_z
    2   2   1   1       0.82720547  p_x
    2   3   2  -2       0.04187975  d_xy
    2   3   2  -1       0.04311882  d_yz
    2   3   2   0       0.02358250  d_z2
    2   3   2   1       0.04197737  d_xz
    2   3   2   2       0.02188260  d_x2-y2
    3   1   0   0       1.35824394  s
    3   2   1  -1       0.82693378  p_y
    3   2   1   0       0.82704113  p_z
    3   2   1   1       0.82527798  p_x
    3   3   2  -2       0.03765338  d_xy
    3   3   2  -1       0.03583248  d_yz
    3   3   2   0       0.01913424  d_z2
    3   3   2   1       0.03843238  d_xz
    3   3   2   2       0.01758771  d_x2-y2
    4   1   0   0       1.36732866  s
    4   2   1  -1       0.83235439  p_y
    4   2   1   0       0.82611945  p_z
    4   2   1   1       0.83508781  p_x
    4   3   2  -2       0.03681091  d_xy
    4   3   2  -1       0.03788815  d_yz
    4   3   2   0       0.01841193  d_z2
    4   3   2   1       0.03775559  d_xz
    4   3   2   2       0.01666895  d_x2-y2
    5   1   0   0       1.34979210  s
    5   2   1  -1       0.83036392  p_y
    5   2   1   0       0.82614750  p_z
    5   2   1   1       0.83097236  p_x
    5   3   2  -2       0.04068816  d_xy
    5   3   2  -1       0.03929870  d_yz
    5   3   2   0       0.02119679  d_z2
    5   3   2   1       0.04035523  d_xz
    5   3   2   2       0.01901775  d_x2-y2
    6   1   0   0       1.35866187  s
    6   2   1  -1       0.82474793  p_y
    6   2   1   0       0.82991174  p_z
    6   2   1   1       0.83125559  p_x
    6   3   2  -2       0.04107734  d_xy
    6   3   2  -1       0.03924483  d_yz
    6   3   2   0       0.01901250  d_z2
    6   3   2   1       0.03751268  d_xz
    6   3   2   2       0.01947705  d_x2-y2
    7   1   0   0       1.35931406  s
    7   2   1  -1       0.83029301  p_y
    7   2   1   0       0.82248865  p_z
    7   2   1   1       0.82686314  p_x
    7   3   2  -2       0.03748333  d_xy
    7   3   2  -1       0.04034492  d_yz
    7   3   2   0       0.02115973  d_z2
    7   3   2   1       0.04423670  d_xz
    7   3   2   2       0.01919995  d_x2-y2
    8   1   0   0       1.37537438  s
    8   2   1  -1       0.82583398  p_y
    8   2   1   0       0.83335755  p_z
    8   2   1   1       0.82316795  p_x
    8   3   2  -2       0.03909729  d_xy
    8   3   2  -1       0.03632066  d_yz
    8   3   2   0       0.01714947  d_z2
    8   3   2   1       0.03815358  d_xz
    8   3   2   2       0.01891814  d_x2-y2
    9   1   0   0       1.35039196  s
    9   2   1  -1       0.82823323  p_y
    9   2   1   0       0.82715674  p_z
    9   2   1   1       0.82125663  p_x
    9   3   2  -2       0.04150563  d_xy
    9   3   2  -1       0.03790671  d_yz
    9   3   2   0       0.02044133  d_z2
    9   3   2   1       0.04261386  d_xz
    9   3   2   2       0.02034238  d_x2-y2
   10   1   0   0       1.37967083  s
   10   2   1  -1       0.83065628  p_y
   10   2   1   0       0.82695911  p_z
   10   2   1   1       0.83116867  p_x
   10   3   2  -2       0.03450551  d_xy
   10   3   2  -1       0.04056823  d_yz
   10   3   2   0       0.01759044  d_z2
   10   3   2   1       0.03709583  d_xz
   10   3   2   2       0.01755799  d_x2-y2
   11   1   0   0       1.32432967  s
   11   2   1  -1       0.81899437  p_y
   11   2   1   0       0.82353154  p_z
   11   2   1   1       0.82176573  p_x
   11   3   2  -2       0.04971567  d_xy
   11   3   2  -1       0.04482134  d_yz
   11   3   2   0       0.02664234  d_z2
   11   3   2   1       0.04058272  d_xz
   11   3   2   2       0.02385164  d_x2-y2
   12   1   0   0       1.37592356  s
   12   2   1  -1       0.83424891  p_y
   12   2   1   0       0.82685584  p_z
   12   2   1   1       0.83652310  p_x
   12   3   2  -2       0.03296989  d_xy
   12   3   2  -1       0.03470512  d_yz
   12   3   2   0       0.01747545  d_z2
   12   3   2   1       0.04049602  d_xz
   12   3   2   2       0.01632187  d_x2-y2
   13   1   0   0       1.35679901  s
   13   2   1  -1       0.82779450  p_y
   13   2   1   0       0.82647948  p_z
   13   2   1   1       0.82976085  p_x
   13   3   2  -2       0.03948260  d_xy
   13   3   2  -1       0.04041775  d_yz
   13   3   2   0       0.01985873  d_z2
   13   3   2   1       0.03986607  d_xz
   13   3   2   2       0.01931063  d_x2-y2
   14   1   0   0       1.38008289  s
   14   2   1  -1       0.82780100  p_y
   14   2   1   0       0.83018397  p_z
   14   2   1   1       0.82996008  p_x
   14   3   2  -2       0.03791679  d_xy
   14   3   2  -1       0.03557889  d_yz
   14   3   2   0       0.01788543  d_z2
   14   3   2   1       0.03719308  d_xz
   14   3   2   2       0.01736035  d_x2-y2
   15   1   0   0       1.37072996  s
   15   2   1  -1       0.82935092  p_y
   15   2   1   0       0.82676030  p_z
   15   2   1   1       0.82765922  p_x
   15   3   2  -2       0.03625237  d_xy
   15   3   2  -1       0.03980356  d_yz
   15   3   2   0       0.01813090  d_z2
   15   3   2   1       0.03593776  d_xz
   15   3   2   2       0.01716950  d_x2-y2
   16   1   0   0       1.35436351  s
   16   2   1  -1       0.82977596  p_y
   16   2   1   0       0.82967812  p_z
   16   2   1   1       0.83203840  p_x
   16   3   2  -2       0.03759401  d_xy
   16   3   2  -1       0.04258760  d_yz
   16   3   2   0       0.01865094  d_z2
   16   3   2   1       0.03771140  d_xz
   16   3   2   2       0.01950307  d_x2-y2
   17   1   0   0       1.36035978  s
   17   2   1  -1       0.82752236  p_y
   17   2   1   0       0.82801001  p_z
   17   2   1   1       0.82950104  p_x
   17   3   2  -2       0.03961067  d_xy
   17   3   2  -1       0.03919641  d_yz
   17   3   2   0       0.01980925  d_z2
   17   3   2   1       0.04075172  d_xz
   17   3   2   2       0.01951710  d_x2-y2
   18   1   0   0       1.35313885  s
   18   2   1  -1       0.82294158  p_y
   18   2   1   0       0.83013422  p_z
   18   2   1   1       0.82046428  p_x
   18   3   2  -2       0.04407920  d_xy
   18   3   2  -1       0.04059536  d_yz
   18   3   2   0       0.01983149  d_z2
   18   3   2   1       0.03685873  d_xz
   18   3   2   2       0.02142183  d_x2-y2
   19   1   0   0       1.35986250  s
   19   2   1  -1       0.82928614  p_y
   19   2   1   0       0.83320780  p_z
   19   2   1   1       0.82952746  p_x
   19   3   2  -2       0.03928885  d_xy
   19   3   2  -1       0.03842303  d_yz
   19   3   2   0       0.01865156  d_z2
   19   3   2   1       0.04060695  d_xz
   19   3   2   2       0.02030143  d_x2-y2
   20   1   0   0       1.37381280  s
   20   2   1  -1       0.83188562  p_y
   20   2   1   0       0.82782209  p_z
   20   2   1   1       0.82828075  p_x
   20   3   2  -2       0.03804765  d_xy
   20   3   2  -1       0.03419849  d_yz
   20   3   2   0       0.01823975  d_z2
   20   3   2   1       0.03751421  d_xz
   20   3   2   2       0.01583692  d_x2-y2
   21   1   0   0       1.35340513  s
   21   2   1  -1       0.82375886  p_y
   21   2   1   0       0.83373531  p_z
   21   2   1   1       0.82645937  p_x
   21   3   2  -2       0.04219880  d_xy
   21   3   2  -1       0.03740553  d_yz
   21   3   2   0       0.01827462  d_z2
   21   3   2   1       0.04087308  d_xz
   21   3   2   2       0.02120809  d_x2-y2
   22   1   0   0       1.36083947  s
   22   2   1  -1       0.82967276  p_y
   22   2   1   0       0.82918067  p_z
   22   2   1   1       0.82620013  p_x
   22   3   2  -2       0.03895646  d_xy
   22   3   2  -1       0.03798715  d_yz
   22   3   2   0       0.01897895  d_z2
   22   3   2   1       0.03988329  d_xz
   22   3   2   2       0.01910198  d_x2-y2
   23   1   0   0       1.34676725  s
   23   2   1  -1       0.82345411  p_y
   23   2   1   0       0.82828368  p_z
   23   2   1   1       0.82681944  p_x
   23   3   2  -2       0.04285733  d_xy
   23   3   2  -1       0.04166541  d_yz
   23   3   2   0       0.02113177  d_z2
   23   3   2   1       0.03906565  d_xz
   23   3   2   2       0.02111664  d_x2-y2
   24   1   0   0       1.36311905  s
   24   2   1  -1       0.82833340  p_y
   24   2   1   0       0.82604210  p_z
   24   2   1   1       0.83092642  p_x
   24   3   2  -2       0.03599452  d_xy
   24   3   2  -1       0.03957661  d_yz
   24   3   2   0       0.01847667  d_z2
   24   3   2   1       0.03573801  d_xz
   24   3   2   2       0.01659913  d_x2-y2
   25   1   0   0       1.37275249  s
   25   2   1  -1       0.82970487  p_y
   25   2   1   0       0.83158376  p_z
   25   2   1   1       0.82908831  p_x
   25   3   2  -2       0.03912477  d_xy
   25   3   2  -1       0.03806458  d_yz
   25   3   2   0       0.01827100  d_z2
   25   3   2   1       0.03555401  d_xz
   25   3   2   2       0.01899957  d_x2-y2
   26   1   0   0       1.35046609  s
   26   2   1  -1       0.82785555  p_y
   26   2   1   0       0.83080957  p_z
   26   2   1   1       0.82507572  p_x
   26   3   2  -2       0.03901193  d_xy
   26   3   2  -1       0.03870068  d_yz
   26   3   2   0       0.01879406  d_z2
   26   3   2   1       0.04118462  d_xz
   26   3   2   2       0.02072729  d_x2-y2
   27   1   0   0       1.37643160  s
   27   2   1  -1       0.83517712  p_y
   27   2   1   0       0.83275565  p_z
   27   2   1   1       0.83004818  p_x
   27   3   2  -2       0.03591059  d_xy
   27   3   2  -1       0.03663268  d_yz
   27   3   2   0       0.01614062  d_z2
   27   3   2   1       0.03610653  d_xz
   27   3   2   2       0.01709612  d_x2-y2
   28   1   0   0       1.34143181  s
   28   2   1  -1       0.82605812  p_y
   28   2   1   0       0.82904263  p_z
   28   2   1   1       0.82304464  p_x
   28   3   2  -2       0.04217980  d_xy
   28   3   2  -1       0.04032742  d_yz
   28   3   2   0       0.02039761  d_z2
   28   3   2   1       0.04165518  d_xz
   28   3   2   2       0.02273288  d_x2-y2
   29   1   0   0       1.37280076  s
   29   2   1  -1       0.82689512  p_y
   29   2   1   0       0.83382259  p_z
   29   2   1   1       0.83106407  p_x
   29   3   2  -2       0.03671528  d_xy
   29   3   2  -1       0.03842939  d_yz
   29   3   2   0       0.01636489  d_z2
   29   3   2   1       0.03563892  d_xz
   29   3   2   2       0.01768519  d_x2-y2
   30   1   0   0       1.34576839  s
   30   2   1  -1       0.82970116  p_y
   30   2   1   0       0.82322277  p_z
   30   2   1   1       0.82870636  p_x
   30   3   2  -2       0.04045269  d_xy
   30   3   2  -1       0.04073176  d_yz
   30   3   2   0       0.02245401  d_z2
   30   3   2   1       0.04355107  d_xz
   30   3   2   2       0.02118286  d_x2-y2
   31   1   0   0       1.34929680  s
   31   2   1  -1       0.82275946  p_y
   31   2   1   0       0.83560363  p_z
   31   2   1   1       0.82983817  p_x
   31   3   2  -2       0.04439654  d_xy
   31   3   2  -1       0.03838325  d_yz
   31   3   2   0       0.01933753  d_z2
   31   3   2   1       0.03715550  d_xz
   31   3   2   2       0.02076130  d_x2-y2
   32   1   0   0       1.32793879  s
   32   2   1  -1       0.82544328  p_y
   32   2   1   0       0.82523162  p_z
   32   2   1   1       0.82459300  p_x
   32   3   2  -2       0.04422799  d_xy
   32   3   2  -1       0.04544226  d_yz
   32   3   2   0       0.02440097  d_z2
   32   3   2   1       0.04538012  d_xz
   32   3   2   2       0.02520710  d_x2-y2
   33   1   0   0       1.33220196  s
   33   2   1  -1       0.82136084  p_y
   33   2   1   0       0.82795132  p_z
   33   2   1   1       0.82755408  p_x
   33   3   2  -2       0.04587539  d_xy
   33   3   2  -1       0.04487843  d_yz
   33   3   2   0       0.02309744  d_z2
   33   3   2   1       0.03841965  d_xz
   33   3   2   2       0.02244395  d_x2-y2
   34   1   0   0       1.36093250  s
   34   2   1  -1       0.82734148  p_y
   34   2   1   0       0.82591805  p_z
   34   2   1   1       0.82828009  p_x
   34   3   2  -2       0.03850372  d_xy
   34   3   2  -1       0.03722355  d_yz
   34   3   2   0       0.01972824  d_z2
   34   3   2   1       0.03882127  d_xz
   34   3   2   2       0.01864135  d_x2-y2
   35   1   0   0       1.33284133  s
   35   2   1  -1       0.82569348  p_y
   35   2   1   0       0.82844581  p_z
   35   2   1   1       0.82312426  p_x
   35   3   2  -2       0.04679174  d_xy
   35   3   2  -1       0.03989585  d_yz
   35   3   2   0       0.02401619  d_z2
   35   3   2   1       0.04130917  d_xz
   35   3   2   2       0.02163960  d_x2-y2
   36   1   0   0       1.34011035  s
   36   2   1  -1       0.82763652  p_y
   36   2   1   0       0.82665399  p_z
   36   2   1   1       0.82870805  p_x
   36   3   2  -2       0.03732612  d_xy
   36   3   2  -1       0.04304665  d_yz
   36   3   2   0       0.02127868  d_z2
   36   3   2   1       0.04456792  d_xz
   36   3   2   2       0.02154514  d_x2-y2
   37   1   0   0       1.35863407  s
   37   2   1  -1       0.83172042  p_y
   37   2   1   0       0.82509663  p_z
   37   2   1   1       0.82853541  p_x
   37   3   2  -2       0.03791218  d_xy
   37   3   2  -1       0.03806226  d_yz
   37   3   2   0       0.02005878  d_z2
   37   3   2   1       0.04130955  d_xz
   37   3   2   2       0.01824571  d_x2-y2
   38   1   0   0       1.37281979  s
   38   2   1  -1       0.83263236  p_y
   38   2   1   0       0.83679010  p_z
   38   2   1   1       0.83375708  p_x
   38   3   2  -2       0.03651768  d_xy
   38   3   2  -1       0.03775680  d_yz
   38   3   2   0       0.01567386  d_z2
   38   3   2   1       0.03313016  d_xz
   38   3   2   2       0.01635219  d_x2-y2
   39   1   0   0       1.35155064  s
   39   2   1  -1       0.82611129  p_y
   39   2   1   0       0.82637973  p_z
   39   2   1   1       0.82531700  p_x
   39   3   2  -2       0.04159001  d_xy
   39   3   2  -1       0.04127339  d_yz
   39   3   2   0       0.02065443  d_z2
   39   3   2   1       0.04010622  d_xz
   39   3   2   2       0.02007012  d_x2-y2
   40   1   0   0       1.37395290  s
   40   2   1  -1       0.82894109  p_y
   40   2   1   0       0.83686433  p_z
   40   2   1   1       0.82538934  p_x
   40   3   2  -2       0.04016520  d_xy
   40   3   2  -1       0.03644108  d_yz
   40   3   2   0       0.01697827  d_z2
   40   3   2   1       0.03733901  d_xz
   40   3   2   2       0.02013842  d_x2-y2
   41   1   0   0       1.34651616  s
   41   2   1  -1       0.82498021  p_y
   41   2   1   0       0.83009298  p_z
   41   2   1   1       0.82199611  p_x
   41   3   2  -2       0.04249500  d_xy
   41   3   2  -1       0.03669172  d_yz
   41   3   2   0       0.02078372  d_z2
   41   3   2   1       0.04351176  d_xz
   41   3   2   2       0.02137745  d_x2-y2
   42   1   0   0       1.36137655  s
   42   2   1  -1       0.82320132  p_y
   42   2   1   0       0.82481174  p_z
   42   2   1   1       0.82696443  p_x
   42   3   2  -2       0.04382264  d_xy
   42   3   2  -1       0.03817579  d_yz
   42   3   2   0       0.01990074  d_z2
   42   3   2   1       0.03834972  d_xz
   42   3   2   2       0.02007926  d_x2-y2
   43   1   0   0       1.37810847  s
   43   2   1  -1       0.82476208  p_y
   43   2   1   0       0.82577385  p_z
   43   2   1   1       0.82906568  p_x
   43   3   2  -2       0.03428033  d_xy
   43   3   2  -1       0.04006855  d_yz
   43   3   2   0       0.01717321  d_z2
   43   3   2   1       0.03540508  d_xz
   43   3   2   2       0.01667721  d_x2-y2
   44   1   0   0       1.36275886  s
   44   2   1  -1       0.83202718  p_y
   44   2   1   0       0.82744783  p_z
   44   2   1   1       0.83109652  p_x
   44   3   2  -2       0.03759913  d_xy
   44   3   2  -1       0.04133291  d_yz
   44   3   2   0       0.01877116  d_z2
   44   3   2   1       0.03640379  d_xz
   44   3   2   2       0.01864597  d_x2-y2
   45   1   0   0       1.35723697  s
   45   2   1  -1       0.83168429  p_y
   45   2   1   0       0.82818643  p_z
   45   2   1   1       0.82951196  p_x
   45   3   2  -2       0.03704188  d_xy
   45   3   2  -1       0.03883483  d_yz
   45   3   2   0       0.01870803  d_z2
   45   3   2   1       0.03899875  d_xz
   45   3   2   2       0.01796633  d_x2-y2
   46   1   0   0       1.36639832  s
   46   2   1  -1       0.82959909  p_y
   46   2   1   0       0.83197782  p_z
   46   2   1   1       0.82431937  p_x
   46   3   2  -2       0.03939075  d_xy
   46   3   2  -1       0.03766823  d_yz
   46   3   2   0       0.01866586  d_z2
   46   3   2   1       0.04240603  d_xz
   46   3   2   2       0.02012203  d_x2-y2
   47   1   0   0       1.35714376  s
   47   2   1  -1       0.83117762  p_y
   47   2   1   0       0.82803458  p_z
   47   2   1   1       0.82911976  p_x
   47   3   2  -2       0.03726335  d_xy
   47   3   2  -1       0.03856026  d_yz
   47   3   2   0       0.01949868  d_z2
   47   3   2   1       0.04060213  d_xz
   47   3   2   2       0.01944180  d_x2-y2
   48   1   0   0       1.35842734  s
   48   2   1  -1       0.82411490  p_y
   48   2   1   0       0.83636561  p_z
   48   2   1   1       0.83261004  p_x
   48   3   2  -2       0.04607010  d_xy
   48   3   2  -1       0.03837537  d_yz
   48   3   2   0       0.01938705  d_z2
   48   3   2   1       0.03653483  d_xz
   48   3   2   2       0.02099372  d_x2-y2
   49   1   0   0       1.34448075  s
   49   2   1  -1       0.82919751  p_y
   49   2   1   0       0.82227324  p_z
   49   2   1   1       0.82664406  p_x
   49   3   2  -2       0.03770678  d_xy
   49   3   2  -1       0.04346199  d_yz
   49   3   2   0       0.02139070  d_z2
   49   3   2   1       0.04513445  d_xz
   49   3   2   2       0.02207464  d_x2-y2
   50   1   0   0       1.38411031  s
   50   2   1  -1       0.83168262  p_y
   50   2   1   0       0.83574610  p_z
   50   2   1   1       0.83270716  p_x
   50   3   2  -2       0.03694997  d_xy
   50   3   2  -1       0.03361059  d_yz
   50   3   2   0       0.01522609  d_z2
   50   3   2   1       0.03471346  d_xz
   50   3   2   2       0.01673996  d_x2-y2
   51   1   0   0       1.35420440  s
   51   2   1  -1       0.83101270  p_y
   51   2   1   0       0.82498183  p_z
   51   2   1   1       0.82785476  p_x
   51   3   2  -2       0.03965579  d_xy
   51   3   2  -1       0.03798333  d_yz
   51   3   2   0       0.01982437  d_z2
   51   3   2   1       0.04132947  d_xz
   51   3   2   2       0.01947368  d_x2-y2
   52   1   0   0       1.37182598  s
   52   2   1  -1       0.83068542  p_y
   52   2   1   0       0.83352504  p_z
   52   2   1   1       0.82837137  p_x
   52   3   2  -2       0.03560596  d_xy
   52   3   2  -1       0.04046900  d_yz
   52   3   2   0       0.01724237  d_z2
   52   3   2   1       0.03614079  d_xz
   52   3   2   2       0.01820615  d_x2-y2
   53   1   0   0       1.35369587  s
   53   2   1  -1       0.83287401  p_y
   53   2   1   0       0.83053350  p_z
   53   2   1   1       0.82746589  p_x
   53   3   2  -2       0.04232414  d_xy
   53   3   2  -1       0.03738429  d_yz
   53   3   2   0       0.01992800  d_z2
   53   3   2   1       0.03965624  d_xz
   53   3   2   2       0.01915762  d_x2-y2
   54   1   0   0       1.34971113  s
   54   2   1  -1       0.82884352  p_y
   54   2   1   0       0.82349048  p_z
   54   2   1   1       0.82623353  p_x
   54   3   2  -2       0.03819212  d_xy
   54   3   2  -1       0.03999846  d_yz
   54   3   2   0       0.01989602  d_z2
   54   3   2   1       0.04280476  d_xz
   54   3   2   2       0.02086713  d_x2-y2
   55   1   0   0       1.37440183  s
   55   2   1  -1       0.83076389  p_y
   55   2   1   0       0.82776758  p_z
   55   2   1   1       0.83077499  p_x
   55   3   2  -2       0.03577767  d_xy
   55   3   2  -1       0.03812245  d_yz
   55   3   2   0       0.01797671  d_z2
   55   3   2   1       0.03758685  d_xz
   55   3   2   2       0.01671636  d_x2-y2
   56   1   0   0       1.33763491  s
   56   2   1  -1       0.82691097  p_y
   56   2   1   0       0.82348469  p_z
   56   2   1   1       0.82503155  p_x
   56   3   2  -2       0.04098063  d_xy
   56   3   2  -1       0.04180833  d_yz
   56   3   2   0       0.02243557  d_z2
   56   3   2   1       0.04457324  d_xz
   56   3   2   2       0.02215076  d_x2-y2
   57   1   0   0       1.37196299  s
   57   2   1  -1       0.82448500  p_y
   57   2   1   0       0.82649398  p_z
   57   2   1   1       0.83453910  p_x
   57   3   2  -2       0.03446467  d_xy
   57   3   2  -1       0.04241169  d_yz
   57   3   2   0       0.01783351  d_z2
   57   3   2   1       0.03559756  d_xz
   57   3   2   2       0.01745396  d_x2-y2
   58   1   0   0       1.34914198  s
   58   2   1  -1       0.82761988  p_y
   58   2   1   0       0.82386702  p_z
   58   2   1   1       0.82884797  p_x
   58   3   2  -2       0.04168866  d_xy
   58   3   2  -1       0.04177510  d_yz
   58   3   2   0       0.02213076  d_z2
   58   3   2   1       0.04094889  d_xz
   58   3   2   2       0.02075963  d_x2-y2
   59   1   0   0       1.38329822  s
   59   2   1  -1       0.83522328  p_y
   59   2   1   0       0.82913953  p_z
   59   2   1   1       0.82840810  p_x
   59   3   2  -2       0.03529331  d_xy
   59   3   2  -1       0.03286156  d_yz
   59   3   2   0       0.01579986  d_z2
   59   3   2   1       0.03652600  d_xz
   59   3   2   2       0.01581265  d_x2-y2
   60   1   0   0       1.33442139  s
   60   2   1  -1       0.82762058  p_y
   60   2   1   0       0.83108555  p_z
   60   2   1   1       0.82326827  p_x
   60   3   2  -2       0.04525465  d_xy
   60   3   2  -1       0.04067631  d_yz
   60   3   2   0       0.02374227  d_z2
   60   3   2   1       0.04384421  d_xz
   60   3   2   2       0.02233047  d_x2-y2
   61   1   0   0       1.37773910  s
   61   2   1  -1       0.82999319  p_y
   61   2   1   0       0.83166995  p_z
   61   2   1   1       0.83228679  p_x
   61   3   2  -2       0.03622103  d_xy
   61   3   2  -1       0.03423891  d_yz
   61   3   2   0       0.01730482  d_z2
   61   3   2   1       0.03871353  d_xz
   61   3   2   2       0.01754388  d_x2-y2
   62   1   0   0       1.34595437  s
   62   2   1  -1       0.82531312  p_y
   62   2   1   0       0.82499557  p_z
   62   2   1   1       0.82825206  p_x
   62   3   2  -2       0.03879361  d_xy
   62   3   2  -1       0.04331590  d_yz
   62   3   2   0       0.02057503  d_z2
   62   3   2   1       0.04168289  d_xz
   62   3   2   2       0.02132677  d_x2-y2
   63   1   0   0       1.35637333  s
   63   2   1  -1       0.82855120  p_y
   63   2   1   0       0.82890052  p_z
   63   2   1   1       0.83059367  p_x
   63   3   2  -2       0.03887467  d_xy
   63   3   2  -1       0.04297189  d_yz
   63   3   2   0       0.02020429  d_z2
   63   3   2   1       0.03827188  d_xz
   63   3   2   2       0.01939390  d_x2-y2
   64   1   0   0       1.36028430  s
   64   2   1  -1       0.83272049  p_y
   64   2   1   0       0.82364414  p_z
   64   2   1   1       0.82904422  p_x
   64   3   2  -2       0.03685420  d_xy
   64   3   2  -1       0.03728995  d_yz
   64   3   2   0       0.01911912  d_z2
   64   3   2   1       0.03692122  d_xz
   64   3   2   2       0.01600198  d_x2-y2

Fermi level:                        -0.1326566918 H           -3.6098 eV
Band energy:                       -88.1881298122 H        -2399.7211 eV
TS:                                  0.0000000000 H            0.0000 eV
Band free energy (E-TS):           -88.1881298122 H        -2399.7211 eV
Extrapolated E(0K):                -88.1881298122 H        -2399.7211 eV
Input / Output electrons (q):    256.0000000000    256.0000000000

Energy H0:                         -88.1830137493 H        -2399.5819 eV
Energy SCC:                          0.0002380678 H            0.0065 eV
Total Electronic energy:           -88.1827756815 H        -2399.5754 eV
Repulsive energy:                    0.0000000000 H            0.0000 eV
Total energy:                      -88.1827756815 H        -2399.5754 eV
Extrapolated to 0:                 -88.1827756815 H        -2399.5754 eV
Total Mermin free energy:          -88.1827756815 H        -2399.5754 eV
Force related energy:              -88.1827756815 H        -2399.5754 eV

Non-constrained calculation

SCC converged

Warning: dipole moment is not defined absolutely!
Dipole moment:    0.03832336   -0.49995967    0.13780831 au
Dipole moment:    0.09740826   -1.27077083    0.35027380 Debye


