 Fermi distribution function

Calculation with static geometry


********************************************************************************
 iSCC Total electronic   Diff electronic      SCC error    
    9   -0.88159574E+02   -0.12097985E-08    0.98991496E-05
********************************************************************************

 Total charge:    -0.00000000

 Atomic gross charges (e)
 Atom           Charge
    1      -0.00342150
    2       0.00594725
    3      -0.00350280
    4      -0.00069398
    5      -0.01755920
    6       0.00322790
    7      -0.00497691
    8      -0.00094550
    9      -0.02705115
   10      -0.00636435
   11       0.00723677
   12      -0.00415175
   13       0.00615435
   14      -0.00126868
   15      -0.01448965
   16       0.01621689
   17       0.00772936
   18       0.01410682
   19       0.01713298
   20       0.01198652
   21       0.00161274
   22      -0.01698121
   23       0.00327681
   24      -0.00804961
   25       0.02470127
   26       0.00105755
   27       0.01704860
   28       0.00778980
   29      -0.00261928
   30      -0.01701854
   31       0.02085578
   32       0.00100709
   33      -0.01131808
   34      -0.00440670
   35      -0.00181006
   36       0.01179245
   37      -0.00094532
   38      -0.00013374
   39      -0.00851071
   40      -0.01791467
   41      -0.01940723
   42      -0.01585795
   43      -0.01540046
   44      -0.00391171
   45      -0.02523451
   46       0.01153345
   47      -0.00230030
   48      -0.00080640
   49       0.03066881
   50      -0.00777303
   51       0.02162596
   52      -0.00058569
   53      -0.00431280
   54       0.00310422
   55       0.01186707
   56       0.00401160
   57       0.02007458
   58       0.00724724
   59      -0.01560974
   60       0.01490508
   61       0.00199136
   62      -0.02978384
   63       0.01642775
   64      -0.00722097

Nr. of electrons (up):    256.00000000
Atom populations (up)
 Atom       Population
    1       4.00342150
    2       3.99405275
    3       4.00350280
    4       4.00069398
    5       4.01755920
    6       3.99677210
    7       4.00497691
    8       4.00094550
    9       4.02705115
   10       4.00636435
   11       3.99276323
   12       4.00415175
   13       3.99384565
   14       4.00126868
   15       4.01448965
   16       3.98378311
   17       3.99227064
   18       3.98589318
   19       3.98286702
   20       3.98801348
   21       3.99838726
   22       4.01698121
   23       3.99672319
   24       4.00804961
   25       3.97529873
   26       3.99894245
   27       3.98295140
   28       3.99221020
   29       4.00261928
   30       4.01701854
   31       3.97914422
   32       3.99899291
   33       4.01131808
   34       4.00440670
   35       4.00181006
   36       3.98820755
   37       4.00094532
   38       4.00013374
   39       4.00851071
   40       4.01791467
   41       4.01940723
   42       4.01585795
   43       4.01540046
   44       4.00391171
   45       4.02523451
   46       3.98846655
   47       4.00230030
   48       4.00080640
   49       3.96933119
   50       4.00777303
   51       3.97837404
   52       4.00058569
   53       4.00431280
   54       3.99689578
   55       3.98813293
   56       3.99598840
   57       3.97992542
   58       3.99275276
   59       4.01560974
   60       3.98509492
   61       3.99800864
   62       4.02978384
   63       3.98357225
   64       4.00722097

l-shell populations (up)
 Atom Sh.   l       Population
    1   1   0       1.35916651
    1   2   1       2.49285103
    1   3   2       0.15140396
    2   1   0       1.34235483
    2   2   1       2.48270563
    2   3   2       0.16899229
    3   1   0       1.36527549
    3   2   1       2.49078102
    3   3   2       0.14744630
    4   1   0       1.35149447
    4   2   1       2.48684360
    4   3   2       0.16235591
    5   1   0       1.37839796
    5   2   1       2.49084499
    5   3   2       0.14831625
    6   1   0       1.36324235
    6   2   1       2.47475143
    6   3   2       0.15877833
    7   1   0       1.36516055
    7   2   1       2.47884363
    7   3   2       0.16097273
    8   1   0       1.36782467
    8   2   1       2.47682526
    8   3   2       0.15629557
    9   1   0       1.39095388
    9   2   1       2.48902515
    9   3   2       0.14707212
   10   1   0       1.36294331
   10   2   1       2.48499995
   10   3   2       0.15842109
   11   1   0       1.34747493
   11   2   1       2.47195829
   11   3   2       0.17333001
   12   1   0       1.36480426
   12   2   1       2.48837589
   12   3   2       0.15097160
   13   1   0       1.34680011
   13   2   1       2.48091973
   13   3   2       0.16612581
   14   1   0       1.36173047
   14   2   1       2.48274871
   14   3   2       0.15678950
   15   1   0       1.36877390
   15   2   1       2.50121417
   15   3   2       0.14450158
   16   1   0       1.32493004
   16   2   1       2.48120144
   16   3   2       0.17765164
   17   1   0       1.35704304
   17   2   1       2.47572827
   17   3   2       0.15949933
   18   1   0       1.34829050
   18   2   1       2.47608739
   18   3   2       0.16151529
   19   1   0       1.33723849
   19   2   1       2.47770636
   19   3   2       0.16792217
   20   1   0       1.35961338
   20   2   1       2.47411862
   20   3   2       0.15428148
   21   1   0       1.36448931
   21   2   1       2.48198584
   21   3   2       0.15191212
   22   1   0       1.37397616
   22   2   1       2.49934335
   22   3   2       0.14366170
   23   1   0       1.36976754
   23   2   1       2.46920170
   23   3   2       0.15775395
   24   1   0       1.37503620
   24   2   1       2.49162318
   24   3   2       0.14139023
   25   1   0       1.32640325
   25   2   1       2.47593116
   25   3   2       0.17296432
   26   1   0       1.36599787
   26   2   1       2.47417672
   26   3   2       0.15876786
   27   1   0       1.36034569
   27   2   1       2.46999349
   27   3   2       0.15261222
   28   1   0       1.34237100
   28   2   1       2.48674109
   28   3   2       0.16309811
   29   1   0       1.36281577
   29   2   1       2.49195396
   29   3   2       0.14784955
   30   1   0       1.38424533
   30   2   1       2.48428103
   30   3   2       0.14849218
   31   1   0       1.32460776
   31   2   1       2.48487197
   31   3   2       0.16966448
   32   1   0       1.34993102
   32   2   1       2.48405281
   32   3   2       0.16500908
   33   1   0       1.36590051
   33   2   1       2.49059094
   33   3   2       0.15482663
   34   1   0       1.36667714
   34   2   1       2.48855311
   34   3   2       0.14917644
   35   1   0       1.35929143
   35   2   1       2.49070875
   35   3   2       0.15180988
   36   1   0       1.33553130
   36   2   1       2.48762737
   36   3   2       0.16504888
   37   1   0       1.35233528
   37   2   1       2.48701424
   37   3   2       0.16159580
   38   1   0       1.35323022
   38   2   1       2.48505537
   38   3   2       0.16184816
   39   1   0       1.36476938
   39   2   1       2.48105358
   39   3   2       0.16268775
   40   1   0       1.38405847
   40   2   1       2.48752620
   40   3   2       0.14633000
   41   1   0       1.37618048
   41   2   1       2.49247593
   41   3   2       0.15075082
   42   1   0       1.38830227
   42   2   1       2.47999261
   42   3   2       0.14756308
   43   1   0       1.38706935
   43   2   1       2.48487065
   43   3   2       0.14346046
   44   1   0       1.35602423
   44   2   1       2.48624247
   44   3   2       0.16164501
   45   1   0       1.38744287
   45   2   1       2.49909178
   45   3   2       0.13869986
   46   1   0       1.33548126
   46   2   1       2.48039949
   46   3   2       0.17258581
   47   1   0       1.34821492
   47   2   1       2.48906367
   47   3   2       0.16502171
   48   1   0       1.35817660
   48   2   1       2.48646443
   48   3   2       0.15616538
   49   1   0       1.30796790
   49   2   1       2.46770057
   49   3   2       0.19366272
   50   1   0       1.37043381
   50   2   1       2.48782836
   50   3   2       0.14951087
   51   1   0       1.33192506
   51   2   1       2.48170123
   51   3   2       0.16474775
   52   1   0       1.36467717
   52   2   1       2.48627925
   52   3   2       0.14962927
   53   1   0       1.37307007
   53   2   1       2.47831045
   53   3   2       0.15293228
   54   1   0       1.35504785
   54   2   1       2.47679142
   54   3   2       0.16505651
   55   1   0       1.34863758
   55   2   1       2.47545301
   55   3   2       0.16404234
   56   1   0       1.35136428
   56   2   1       2.47736019
   56   3   2       0.16726393
   57   1   0       1.34296584
   57   2   1       2.47368018
   57   3   2       0.16327941
   58   1   0       1.35649479
   58   2   1       2.47810428
   58   3   2       0.15815370
   59   1   0       1.39319193
   59   2   1       2.48203805
   59   3   2       0.14037976
   60   1   0       1.32785304
   60   2   1       2.47967356
   60   3   2       0.17756832
   61   1   0       1.34917675
   61   2   1       2.49251865
   61   3   2       0.15631324
   62   1   0       1.39241859
   62   2   1       2.49211889
   62   3   2       0.14524636
   63   1   0       1.32544155
   63   2   1       2.48187663
   63   3   2       0.17625407
   64   1   0       1.36672471
   64   2   1       2.50248579
   64   3   2       0.13801047

Orbital populations (up)
 Atom Sh.   l   m       Population  Label
    1   1   0   0       1.35916651  s
    1   2   1  -1       0.83395437  p_y
    1   2   1   0       0.82897166  p_z
    1   2   1   1       0.82992500  p_x
    1   3   2  -2       0.03979579  d_xy
    1   3   2  -1       0.03912693  d_yz
    1   3   2   0       0.02122572  d_z2
    1   3   2   1       0.03430788  d_xz
    1   3   2   2       0.01694764  d_x2-y2
    2   1   0   0       1.34235483  s
    2   2   1  -1       0.83001747  p_y
    2   2   1   0       0.82348924  p_z
    2   2   1   1       0.82919891  p_x
    2   3   2  -2       0.04282332  d_xy
    2   3   2  -1       0.04220414  d_yz
    2   3   2   0       0.02331306  d_z2
    2   3   2   1       0.04084723  d_xz
    2   3   2   2       0.01980455  d_x2-y2
    3   1   0   0       1.36527549  s
    3   2   1  -1       0.81968638  p_y
    3   2   1   0       0.83587658  p_z
    3   2   1   1       0.83521806  p_x
    3   3   2  -2       0.03796946  d_xy
    3   3   2  -1       0.03802176  d_yz
    3   3   2   0       0.01802917  d_z2
    3   3   2   1       0.03532526  d_xz
    3   3   2   2       0.01810065  d_x2-y2
    4   1   0   0       1.35149447  s
    4   2   1  -1       0.83136027  p_y
    4   2   1   0       0.82761944  p_z
    4   2   1   1       0.82786389  p_x
    4   3   2  -2       0.03813052  d_xy
    4   3   2  -1       0.04133393  d_yz
    4   3   2   0       0.02046881  d_z2
    4   3   2   1       0.04199591  d_xz
    4   3   2   2       0.02042673  d_x2-y2
    5   1   0   0       1.37839796  s
    5   2   1  -1       0.82885584  p_y
    5   2   1   0       0.83118241  p_z
    5   2   1   1       0.83080674  p_x
    5   3   2  -2       0.03800691  d_xy
    5   3   2  -1       0.03435095  d_yz
    5   3   2   0       0.01759049  d_z2
    5   3   2   1       0.04062874  d_xz
    5   3   2   2       0.01773916  d_x2-y2
    6   1   0   0       1.36324235  s
    6   2   1  -1       0.82710359  p_y
    6   2   1   0       0.82566223  p_z
    6   2   1   1       0.82198561  p_x
    6   3   2  -2       0.04253469  d_xy
    6   3   2  -1       0.03952647  d_yz
    6   3   2   0       0.02114079  d_z2
    6   3   2   1       0.03642685  d_xz
    6   3   2   2       0.01914952  d_x2-y2
    7   1   0   0       1.36516055  s
    7   2   1  -1       0.82672781  p_y
    7   2   1   0       0.82294631  p_z
    7   2   1   1       0.82916951  p_x
    7   3   2  -2       0.03609508  d_xy
    7   3   2  -1       0.04305409  d_yz
    7   3   2   0       0.02019735  d_z2
    7   3   2   1       0.04184972  d_xz
    7   3   2   2       0.01977651  d_x2-y2
    8   1   0   0       1.36782467  s
    8   2   1  -1       0.82342824  p_y
    8   2   1   0       0.82864875  p_z
    8   2   1   1       0.82474827  p_x
    8   3   2  -2       0.04407811  d_xy
    8   3   2  -1       0.03613092  d_yz
    8   3   2   0       0.02051530  d_z2
    8   3   2   1       0.03754416  d_xz
    8   3   2   2       0.01802708  d_x2-y2
    9   1   0   0       1.39095388  s
    9   2   1  -1       0.82826217  p_y
    9   2   1   0       0.83292336  p_z
    9   2   1   1       0.82783961  p_x
    9   3   2  -2       0.03858206  d_xy
    9   3   2  -1       0.03369521  d_yz
    9   3   2   0       0.01600639  d_z2
    9   3   2   1       0.04031768  d_xz
    9   3   2   2       0.01847079  d_x2-y2
   10   1   0   0       1.36294331  s
   10   2   1  -1       0.82941802  p_y
   10   2   1   0       0.83105979  p_z
   10   2   1   1       0.82452215  p_x
   10   3   2  -2       0.04102363  d_xy
   10   3   2  -1       0.03929675  d_yz
   10   3   2   0       0.01936661  d_z2
   10   3   2   1       0.03849060  d_xz
   10   3   2   2       0.02024350  d_x2-y2
   11   1   0   0       1.34747493  s
   11   2   1  -1       0.82214924  p_y
   11   2   1   0       0.82982522  p_z
   11   2   1   1       0.81998383  p_x
   11   3   2  -2       0.04529308  d_xy
   11   3   2  -1       0.04213110  d_yz
   11   3   2   0       0.02265242  d_z2
   11   3   2   1       0.03977496  d_xz
   11   3   2   2       0.02347845  d_x2-y2
   12   1   0   0       1.36480426  s
   12   2   1  -1       0.83373534  p_y
   12   2   1   0       0.82753612  p_z
   12   2   1   1       0.82710443  p_x
   12   3   2  -2       0.03584435  d_xy
   12   3   2  -1       0.03736478  d_yz
   12   3   2   0       0.01773455  d_z2
   12   3   2   1       0.04118388  d_xz
   12   3   2   2       0.01884403  d_x2-y2
   13   1   0   0       1.34680011  s
   13   2   1  -1       0.82431353  p_y
   13   2   1   0       0.82496514  p_z
   13   2   1   1       0.83164105  p_x
   13   3   2  -2       0.04176548  d_xy
   13   3   2  -1       0.04394751  d_yz
   13   3   2   0       0.02170784  d_z2
   13   3   2   1       0.03739011  d_xz
   13   3   2   2       0.02131488  d_x2-y2
   14   1   0   0       1.36173047  s
   14   2   1  -1       0.82428704  p_y
   14   2   1   0       0.83020485  p_z
   14   2   1   1       0.82825682  p_x
   14   3   2  -2       0.03805059  d_xy
   14   3   2  -1       0.03761728  d_yz
   14   3   2   0       0.01924784  d_z2
   14   3   2   1       0.04242560  d_xz
   14   3   2   2       0.01944820  d_x2-y2
   15   1   0   0       1.36877390  s
   15   2   1  -1       0.83414821  p_y
   15   2   1   0       0.83239995  p_z
   15   2   1   1       0.83466601  p_x
   15   3   2  -2       0.03826385  d_xy
   15   3   2  -1       0.03722526  d_yz
   15   3   2   0       0.01794183  d_z2
   15   3   2   1       0.03482028  d_xz
   15   3   2   2       0.01625036  d_x2-y2
   16   1   0   0       1.32493004  s
   16   2   1  -1       0.82844614  p_y
   16   2   1   0       0.82642247  p_z
   16   2   1   1       0.82633283  p_x
   16   3   2  -2       0.04100064  d_xy
   16   3   2  -1       0.04511661  d_yz
   16   3   2   0       0.02320088  d_z2
   16   3   2   1       0.04498285  d_xz
   16   3   2   2       0.02335067  d_x2-y2
   17   1   0   0       1.35704304  s
   17   2   1  -1       0.82404552  p_y
   17   2   1   0       0.82383008  p_z
   17   2   1   1       0.82785268  p_x
   17   3   2  -2       0.03764420  d_xy
   17   3   2  -1       0.04387259  d_yz
   17   3   2   0       0.02003060  d_z2
   17   3   2   1       0.03820281  d_xz
   17   3   2   2       0.01974913  d_x2-y2
   18   1   0   0       1.34829050  s
   18   2   1  -1       0.82064208  p_y
   18   2   1   0       0.82955084  p_z
   18   2   1   1       0.82589447  p_x
   18   3   2  -2       0.04458702  d_xy
   18   3   2  -1       0.03868152  d_yz
   18   3   2   0       0.02102916  d_z2
   18   3   2   1       0.03608968  d_xz
   18   3   2   2       0.02112791  d_x2-y2
   19   1   0   0       1.33723849  s
   19   2   1  -1       0.82673979  p_y
   19   2   1   0       0.82393758  p_z
   19   2   1   1       0.82702900  p_x
   19   3   2  -2       0.04203228  d_xy
   19   3   2  -1       0.03915167  d_yz
   19   3   2   0       0.02191019  d_z2
   19   3   2   1       0.04381615  d_xz
   19   3   2   2       0.02101188  d_x2-y2
   20   1   0   0       1.35961338  s
   20   2   1  -1       0.82626048  p_y
   20   2   1   0       0.82639638  p_z
   20   2   1   1       0.82146177  p_x
   20   3   2  -2       0.03631645  d_xy
   20   3   2  -1       0.03993024  d_yz
   20   3   2   0       0.01788785  d_z2
   20   3   2   1       0.04015652  d_xz
   20   3   2   2       0.01999042  d_x2-y2
   21   1   0   0       1.36448931  s
   21   2   1  -1       0.82505750  p_y
   21   2   1   0       0.83031425  p_z
   21   2   1   1       0.82661409  p_x
   21   3   2  -2       0.04281515  d_xy
   21   3   2  -1       0.03641724  d_yz
   21   3   2   0       0.01864314  d_z2
   21   3   2   1       0.03606386  d_xz
   21   3   2   2       0.01797274  d_x2-y2
   22   1   0   0       1.37397616  s
   22   2   1  -1       0.83610478  p_y
   22   2   1   0       0.83151527  p_z
   22   2   1   1       0.83172330  p_x
   22   3   2  -2       0.03496726  d_xy
   22   3   2  -1       0.03790194  d_yz
   22   3   2   0       0.01653782  d_z2
   22   3   2   1       0.03668970  d_xz
   22   3   2   2       0.01756498  d_x2-y2
   23   1   0   0       1.36976754  s
   23   2   1  -1       0.82283419  p_y
   23   2   1   0       0.82352181  p_z
   23   2   1   1       0.82284571  p_x
   23   3   2  -2       0.03991715  d_xy
   23   3   2  -1       0.03894615  d_yz
   23   3   2   0       0.01929223  d_z2
   23   3   2   1       0.03946099  d_xz
   23   3   2   2       0.02013742  d_x2-y2
   24   1   0   0       1.37503620  s
   24   2   1  -1       0.83483524  p_y
   24   2   1   0       0.82492560  p_z
   24   2   1   1       0.83186234  p_x
   24   3   2  -2       0.03288403  d_xy
   24   3   2  -1       0.03493310  d_yz
   24   3   2   0       0.01756308  d_z2
   24   3   2   1       0.04073187  d_xz
   24   3   2   2       0.01527815  d_x2-y2
   25   1   0   0       1.32640325  s
   25   2   1  -1       0.82477104  p_y
   25   2   1   0       0.82684663  p_z
   25   2   1   1       0.82431349  p_x
   25   3   2  -2       0.04169727  d_xy
   25   3   2  -1       0.04347887  d_yz
   25   3   2   0       0.02274133  d_z2
   25   3   2   1       0.04204774  d_xz
   25   3   2   2       0.02299910  d_x2-y2
   26   1   0   0       1.36599787  s
   26   2   1  -1       0.82524143  p_y
   26   2   1   0       0.82399439  p_z
   26   2   1   1       0.82494090  p_x
   26   3   2  -2       0.04083682  d_xy
   26   3   2  -1       0.03786170  d_yz
   26   3   2   0       0.02020686  d_z2
   26   3   2   1       0.04110661  d_xz
   26   3   2   2       0.01875586  d_x2-y2
   27   1   0   0       1.36034569  s
   27   2   1  -1       0.82917172  p_y
   27   2   1   0       0.81593809  p_z
   27   2   1   1       0.82488368  p_x
   27   3   2  -2       0.03849808  d_xy
   27   3   2  -1       0.03892324  d_yz
   27   3   2   0       0.02114131  d_z2
   27   3   2   1       0.03760037  d_xz
   27   3   2   2       0.01644922  d_x2-y2
   28   1   0   0       1.34237100  s
   28   2   1  -1       0.82830038  p_y
   28   2   1   0       0.82873249  p_z
   28   2   1   1       0.82970821  p_x
   28   3   2  -2       0.03877144  d_xy
   28   3   2  -1       0.04137637  d_yz
   28   3   2   0       0.01988998  d_z2
   28   3   2   1       0.04152631  d_xz
   28   3   2   2       0.02153401  d_x2-y2
   29   1   0   0       1.36281577  s
   29   2   1  -1       0.83119052  p_y
   29   2   1   0       0.82797937  p_z
   29   2   1   1       0.83278407  p_x
   29   3   2  -2       0.03457438  d_xy
   29   3   2  -1       0.03586653  d_yz
   29   3   2   0       0.01911041  d_z2
   29   3   2   1       0.04021644  d_xz
   29   3   2   2       0.01808179  d_x2-y2
   30   1   0   0       1.38424533  s
   30   2   1  -1       0.83082077  p_y
   30   2   1   0       0.82385385  p_z
   30   2   1   1       0.82960641  p_x
   30   3   2  -2       0.03564373  d_xy
   30   3   2  -1       0.03629080  d_yz
   30   3   2   0       0.01711265  d_z2
   30   3   2   1       0.04140843  d_xz
   30   3   2   2       0.01803656  d_x2-y2
   31   1   0   0       1.32460776  s
   31   2   1  -1       0.82936814  p_y
   31   2   1   0       0.82853310  p_z
   31   2   1   1       0.82697073  p_x
   31   3   2  -2       0.04156574  d_xy
   31   3   2  -1       0.04430954  d_yz
   31   3   2   0       0.02086415  d_z2
   31   3   2   1       0.03957750  d_xz
   31   3   2   2       0.02334755  d_x2-y2
   32   1   0   0       1.34993102  s
   32   2   1  -1       0.82363905  p_y
   32   2   1   0       0.83398862  p_z
   32   2   1   1       0.82642514  p_x
   32   3   2  -2       0.04273931  d_xy
   32   3   2  -1       0.04208962  d_yz
   32   3   2   0       0.01911002  d_z2
   32   3   2   1       0.03737880  d_xz
   32   3   2   2       0.02369131  d_x2-y2
   33   1   0   0       1.36590051  s
   33   2   1  -1       0.82552000  p_y
   33   2   1   0       0.83594186  p_z
   33   2   1   1       0.82912908  p_x
   33   3   2  -2       0.03782606  d_xy
   33   3   2  -1       0.03975499  d_yz
   33   3   2   0       0.01818223  d_z2
   33   3   2   1       0.03832197  d_xz
   33   3   2   2       0.02074138  d_x2-y2
   34   1   0   0       1.36667714  s
   34   2   1  -1       0.83401194  p_y
   34   2   1   0       0.82555679  p_z
   34   2   1   1       0.82898438  p_x
   34   3   2  -2       0.03504599  d_xy
   34   3   2  -1       0.03875514  d_yz
   34   3   2   0       0.01883667  d_z2
   34   3   2   1       0.03924293  d_xz
   34   3   2   2       0.01729573  d_x2-y2
   35   1   0   0       1.35929143  s
   35   2   1  -1       0.82785705  p_y
   35   2   1   0       0.83568678  p_z
   35   2   1   1       0.82716492  p_x
   35   3   2  -2       0.03999260  d_xy
   35   3   2  -1       0.03566532  d_yz
   35   3   2   0       0.01867998  d_z2
   35   3   2   1       0.03761855  d_xz
   35   3   2   2       0.01985343  d_x2-y2
   36   1   0   0       1.33553130  s
   36   2   1  -1       0.83087301  p_y
   36   2   1   0       0.82722910  p_z
   36   2   1   1       0.82952525  p_x
   36   3   2  -2       0.03971657  d_xy
   36   3   2  -1       0.04037929  d_yz
   36   3   2   0       0.02141795  d_z2
   36   3   2   1       0.04323091  d_xz
   36   3   2   2       0.02030416  d_x2-y2
   37   1   0   0       1.35233528  s
   37   2   1  -1       0.82941274  p_y
   37   2   1   0       0.82620981  p_z
   37   2   1   1       0.83139169  p_x
   37   3   2  -2       0.03847934  d_xy
   37   3   2  -1       0.03911006  d_yz
   37   3   2   0       0.02130860  d_z2
   37   3   2   1       0.04263658  d_xz
   37   3   2   2       0.02006121  d_x2-y2
   38   1   0   0       1.35323022  s
   38   2   1  -1       0.82638139  p_y
   38   2   1   0       0.82960897  p_z
   38   2   1   1       0.82906500  p_x
   38   3   2  -2       0.04362783  d_xy
   38   3   2  -1       0.03951454  d_yz
   38   3   2   0       0.02015075  d_z2
   38   3   2   1       0.03774304  d_xz
   38   3   2   2       0.02081199  d_x2-y2
   39   1   0   0       1.36476938  s
   39   2   1  -1       0.83043246  p_y
   39   2   1   0       0.82432670  p_z
   39   2   1   1       0.82629442  p_x
   39   3   2  -2       0.03725662  d_xy
   39   3   2  -1       0.04071766  d_yz
   39   3   2   0       0.01980843  d_z2
   39   3   2   1       0.04365424  d_xz
   39   3   2   2       0.02125080  d_x2-y2
   40   1   0   0       1.38405847  s
   40   2   1  -1       0.82750679  p_y
   40   2   1   0       0.82651613  p_z
   40   2   1   1       0.83350329  p_x
   40   3   2  -2       0.03496055  d_xy
   40   3   2  -1       0.04106651  d_yz
   40   3   2   0       0.01706198  d_z2
   40   3   2   1       0.03566683  d_xz
   40   3   2   2       0.01757414  d_x2-y2
   41   1   0   0       1.37618048  s
   41   2   1  -1       0.83305564  p_y
   41   2   1   0       0.83316591  p_z
   41   2   1   1       0.82625438  p_x
   41   3   2  -2       0.03914995  d_xy
   41   3   2  -1       0.03682619  d_yz
   41   3   2   0       0.01803960  d_z2
   41   3   2   1       0.03910669  d_xz
   41   3   2   2       0.01762838  d_x2-y2
   42   1   0   0       1.38830227  s
   42   2   1  -1       0.82657742  p_y
   42   2   1   0       0.82360513  p_z
   42   2   1   1       0.82981005  p_x
   42   3   2  -2       0.03717260  d_xy
   42   3   2  -1       0.04005927  d_yz
   42   3   2   0       0.01833975  d_z2
   42   3   2   1       0.03495034  d_xz
   42   3   2   2       0.01704113  d_x2-y2
   43   1   0   0       1.38706935  s
   43   2   1  -1       0.83104734  p_y
   43   2   1   0       0.82332976  p_z
   43   2   1   1       0.83049355  p_x
   43   3   2  -2       0.03568475  d_xy
   43   3   2  -1       0.03504647  d_yz
   43   3   2   0       0.01836843  d_z2
   43   3   2   1       0.03813021  d_xz
   43   3   2   2       0.01623059  d_x2-y2
   44   1   0   0       1.35602423  s
   44   2   1  -1       0.82946355  p_y
   44   2   1   0       0.82921629  p_z
   44   2   1   1       0.82756263  p_x
   44   3   2  -2       0.04284425  d_xy
   44   3   2  -1       0.03837393  d_yz
   44   3   2   0       0.02001848  d_z2
   44   3   2   1       0.03928621  d_xz
   44   3   2   2       0.02112215  d_x2-y2
   45   1   0   0       1.38744287  s
   45   2   1  -1       0.83622554  p_y
   45   2   1   0       0.83407939  p_z
   45   2   1   1       0.82878684  p_x
   45   3   2  -2       0.03785322  d_xy
   45   3   2  -1       0.03380636  d_yz
   45   3   2   0       0.01630478  d_z2
   45   3   2   1       0.03500496  d_xz
   45   3   2   2       0.01573054  d_x2-y2
   46   1   0   0       1.33548126  s
   46   2   1  -1       0.82740049  p_y
   46   2   1   0       0.82716809  p_z
   46   2   1   1       0.82583090  p_x
   46   3   2  -2       0.04298453  d_xy
   46   3   2  -1       0.04030561  d_yz
   46   3   2   0       0.02233708  d_z2
   46   3   2   1       0.04422205  d_xz
   46   3   2   2       0.02273655  d_x2-y2
   47   1   0   0       1.34821492  s
   47   2   1  -1       0.82943253  p_y
   47   2   1   0       0.82799563  p_z
   47   2   1   1       0.83163552  p_x
   47   3   2  -2       0.03819365  d_xy
   47   3   2  -1       0.04367281  d_yz
   47   3   2   0       0.02038577  d_z2
   47   3   2   1       0.04068122  d_xz
   47   3   2   2       0.02208825  d_x2-y2
   48   1   0   0       1.35817660  s
   48   2   1  -1       0.82814297  p_y
   48   2   1   0       0.82848478  p_z
   48   2   1   1       0.82983667  p_x
   48   3   2  -2       0.03918740  d_xy
   48   3   2  -1       0.04018727  d_yz
   48   3   2   0       0.01976463  d_z2
   48   3   2   1       0.03818771  d_xz
   48   3   2   2       0.01883836  d_x2-y2
   49   1   0   0       1.30796790  s
   49   2   1  -1       0.82059080  p_y
   49   2   1   0       0.82278204  p_z
   49   2   1   1       0.82432773  p_x
   49   3   2  -2       0.04660171  d_xy
   49   3   2  -1       0.04822696  d_yz
   49   3   2   0       0.02810062  d_z2
   49   3   2   1       0.04457257  d_xz
   49   3   2   2       0.02616085  d_x2-y2
   50   1   0   0       1.37043381  s
   50   2   1  -1       0.82566341  p_y
   50   2   1   0       0.83269938  p_z
   50   2   1   1       0.82946557  p_x
   50   3   2  -2       0.04042558  d_xy
   50   3   2  -1       0.03971731  d_yz
   50   3   2   0       0.01777342  d_z2
   50   3   2   1       0.03287839  d_xz
   50   3   2   2       0.01871616  d_x2-y2
   51   1   0   0       1.33192506  s
   51   2   1  -1       0.83202479  p_y
   51   2   1   0       0.82714479  p_z
   51   2   1   1       0.82253165  p_x
   51   3   2  -2       0.04026407  d_xy
   51   3   2  -1       0.03811811  d_yz
   51   3   2   0       0.02249612  d_z2
   51   3   2   1       0.04415677  d_xz
   51   3   2   2       0.01971268  d_x2-y2
   52   1   0   0       1.36467717  s
   52   2   1  -1       0.82978675  p_y
   52   2   1   0       0.82401410  p_z
   52   2   1   1       0.83247839  p_x
   52   3   2  -2       0.03651363  d_xy
   52   3   2  -1       0.03780303  d_yz
   52   3   2   0       0.01848219  d_z2
   52   3   2   1       0.03876206  d_xz
   52   3   2   2       0.01806835  d_x2-y2
   53   1   0   0       1.37307007  s
   53   2   1  -1       0.82718667  p_y
   53   2   1   0       0.82933579  p_z
   53   2   1   1       0.82178799  p_x
   53   3   2  -2       0.03741880  d_xy
   53   3   2  -1       0.03499330  d_yz
   53   3   2   0       0.01763378  d_z2
   53   3   2   1       0.04359619  d_xz
   53   3   2   2       0.01929021  d_x2-y2
   54   1   0   0       1.35504785  s
   54   2   1  -1       0.82115926  p_y
   54   2   1   0       0.82611029  p_z
   54   2   1   1       0.82952187  p_x
   54   3   2  -2       0.04401694  d_xy
   54   3   2  -1       0.04017190  d_yz
   54   3   2   0       0.01963095  d_z2
   54   3   2   1       0.03916150  d_xz
   54   3   2   2       0.02207522  d_x2-y2
   55   1   0   0       1.34863758  s
   55   2   1  -1       0.82384892  p_y
   55   2   1   0       0.82722457  p_z
   55   2   1   1       0.82437952  p_x
   55   3   2  -2       0.04232154  d_xy
   55   3   2  -1       0.03910670  d_yz
   55   3   2   0       0.02001718  d_z2
   55   3   2   1       0.04138759  d_xz
   55   3   2   2       0.02120932  d_x2-y2
   56   1   0   0       1.35136428  s
   56   2   1  -1       0.82772727  p_y
   56   2   1   0       0.82613048  p_z
   56   2   1   1       0.82350244  p_x
   56   3   2  -2       0.04064476  d_xy
   56   3   2  -1       0.03844184  d_yz
   56   3   2   0       0.02172058  d_z2
   56   3   2   1       0.04541794  d_xz
   56   3   2   2       0.02103881  d_x2-y2
   57   1   0   0       1.34296584  s
   57   2   1  -1       0.82719964  p_y
   57   2   1   0       0.82288649  p_z
   57   2   1   1       0.82359404  p_x
   57   3   2  -2       0.04136539  d_xy
   57   3   2  -1       0.03896709  d_yz
   57   3   2   0       0.02063127  d_z2
   57   3   2   1       0.04151765  d_xz
   57   3   2   2       0.02079800  d_x2-y2
   58   1   0   0       1.35649479  s
   58   2   1  -1       0.82513124  p_y
   58   2   1   0       0.82545236  p_z
   58   2   1   1       0.82752067  p_x
   58   3   2  -2       0.03947523  d_xy
   58   3   2  -1       0.03715400  d_yz
   58   3   2   0       0.01948645  d_z2
   58   3   2   1       0.04172615  d_xz
   58   3   2   2       0.02031187  d_x2-y2
   59   1   0   0       1.39319193  s
   59   2   1  -1       0.82939230  p_y
   59   2   1   0       0.82289136  p_z
   59   2   1   1       0.82975440  p_x
   59   3   2  -2       0.03445173  d_xy
   59   3   2  -1       0.03800948  d_yz
   59   3   2   0       0.01752938  d_z2
   59   3   2   1       0.03559937  d_xz
   59   3   2   2       0.01478979  d_x2-y2
   60   1   0   0       1.32785304  s
   60   2   1  -1       0.82219687  p_y
   60   2   1   0       0.83128832  p_z
   60   2   1   1       0.82618837  p_x
   60   3   2  -2       0.04459922  d_xy
   60   3   2  -1       0.04377099  d_yz
   60   3   2   0       0.02224152  d_z2
   60   3   2   1       0.04232394  d_xz
   60   3   2   2       0.02463265  d_x2-y2
   61   1   0   0       1.34917675  s
   61   2   1  -1       0.83528558  p_y
   61   2   1   0       0.82615738  p_z
   61   2   1   1       0.83107570  p_x
   61   3   2  -2       0.03894769  d_xy
   61   3   2  -1       0.04242061  d_yz
   61   3   2   0       0.02169476  d_z2
   61   3   2   1       0.03503677  d_xz
   61   3   2   2       0.01821340  d_x2-y2
   62   1   0   0       1.39241859  s
   62   2   1  -1       0.83091986  p_y
   62   2   1   0       0.83230322  p_z
   62   2   1   1       0.82889581  p_x
   62   3   2  -2       0.03527753  d_xy
   62   3   2  -1       0.03650538  d_yz
   62   3   2   0       0.01605433  d_z2
   62   3   2   1       0.03867907  d_xz
   62   3   2   2       0.01873005  d_x2-y2
   63   1   0   0       1.32544155  s
   63   2   1  -1       0.82705175  p_y
   63   2   1   0       0.83135199  p_z
   63   2   1   1       0.82347290  p_x
   63   3   2  -2       0.04648629  d_xy
   63   3   2  -1       0.04229363  d_yz
   63   3   2   0       0.02233985  d_z2
   63   3   2   1       0.04125541  d_xz
   63   3   2   2       0.02387888  d_x2-y2
   64   1   0   0       1.36672471  s
   64   2   1  -1       0.82796534  p_y
   64   2   1   0       0.83284207  p_z
   64   2   1   1       0.84167837  p_x
   64   3   2  -2       0.03287367  d_xy
   64   3   2  -1       0.04017452  d_yz
   64   3   2   0       0.01623631  d_z2
   64   3   2   1       0.03230775  d_xz
   64   3   2   2       0.01641823  d_x2-y2

Fermi level:                        -0.1332748683 H           -3.6266 eV
Band energy:                       -88.1760892583 H        -2399.3935 eV
TS:                                  0.0000000000 H            0.0000 eV
Band free energy (E-TS):           -88.1760892583 H        -2399.3935 eV
Extrapolated E(0K):                -88.1760892583 H        -2399.3935 eV
Input / Output electrons (q):    256.0000000000    256.0000000000

Energy H0:                         -88.1601524333 H        -2398.9598 eV
Energy SCC:                          0.0005785158 H            0.0157 eV
Total Electronic energy:           -88.1595739175 H        -2398.9441 eV
Repulsive energy:                    0.0000000000 H            0.0000 eV
Total energy:                      -88.1595739175 H        -2398.9441 eV
Extrapolated to 0:                 -88.1595739175 H        -2398.9441 eV
Total Mermin free energy:          -88.1595739175 H        -2398.9441 eV
Force related energy:              -88.1595739175 H        -2398.9441 eV

Non-constrained calculation

SCC converged

Warning: dipole moment is not defined absolutely!
Dipole moment:   -0.22963168   -0.34440762    0.72929564 au
Dipole moment:   -0.58366555   -0.87539693    1.85368477 Debye


