 Fermi distribution function

Calculation with static geometry


********************************************************************************
 iSCC Total electronic   Diff electronic      SCC error    
    9   -0.88148724E+02   -0.46024695E-09    0.47307157E-05
********************************************************************************

 Total charge:    -0.00000000

 Atomic gross charges (e)
 Atom           Charge
    1       0.00195235
    2       0.00908168
    3       0.00976367
    4       0.00387574
    5       0.00756343
    6      -0.00337610
    7       0.00016376
    8       0.00513215
    9       0.01467068
   10       0.00319835
   11      -0.00305104
   12       0.01611531
   13      -0.00394417
   14       0.00499316
   15       0.00098314
   16      -0.00654143
   17       0.00476521
   18      -0.01080306
   19       0.00043863
   20      -0.01402314
   21      -0.00972347
   22      -0.00633284
   23      -0.01176479
   24      -0.00275294
   25      -0.01192038
   26       0.00139329
   27       0.00192863
   28       0.00257291
   29      -0.00382461
   30       0.00684023
   31      -0.01506835
   32      -0.01433280
   33      -0.00462033
   34       0.00908450
   35      -0.00453164
   36      -0.00036976
   37      -0.00824475
   38       0.01647621
   39       0.00341686
   40       0.00916508
   41       0.00798373
   42       0.01313204
   43       0.00061226
   44       0.00194611
   45       0.01853162
   46      -0.00435308
   47      -0.00693854
   48      -0.00535882
   49      -0.01722668
   50       0.00116240
   51      -0.00268370
   52      -0.00535551
   53       0.00400582
   54      -0.00996149
   55       0.00170356
   56      -0.00601591
   57       0.00534307
   58      -0.00632257
   59       0.01617608
   60      -0.01273501
   61      -0.00609951
   62       0.01807866
   63      -0.01000775
   64       0.00603387

Nr. of electrons (up):    256.00000000
Atom populations (up)
 Atom       Population
    1       3.99804765
    2       3.99091832
    3       3.99023633
    4       3.99612426
    5       3.99243657
    6       4.00337610
    7       3.99983624
    8       3.99486785
    9       3.98532932
   10       3.99680165
   11       4.00305104
   12       3.98388469
   13       4.00394417
   14       3.99500684
   15       3.99901686
   16       4.00654143
   17       3.99523479
   18       4.01080306
   19       3.99956137
   20       4.01402314
   21       4.00972347
   22       4.00633284
   23       4.01176479
   24       4.00275294
   25       4.01192038
   26       3.99860671
   27       3.99807137
   28       3.99742709
   29       4.00382461
   30       3.99315977
   31       4.01506835
   32       4.01433280
   33       4.00462033
   34       3.99091550
   35       4.00453164
   36       4.00036976
   37       4.00824475
   38       3.98352379
   39       3.99658314
   40       3.99083492
   41       3.99201627
   42       3.98686796
   43       3.99938774
   44       3.99805389
   45       3.98146838
   46       4.00435308
   47       4.00693854
   48       4.00535882
   49       4.01722668
   50       3.99883760
   51       4.00268370
   52       4.00535551
   53       3.99599418
   54       4.00996149
   55       3.99829644
   56       4.00601591
   57       3.99465693
   58       4.00632257
   59       3.98382392
   60       4.01273501
   61       4.00609951
   62       3.98192134
   63       4.01000775
   64       3.99396613

l-shell populations (up)
 Atom Sh.   l       Population
    1   1   0       1.35593690
    1   2   1       2.47851357
    1   3   2       0.16359718
    2   1   0       1.34588216
    2   2   1       2.48652201
    2   3   2       0.15851415
    3   1   0       1.34620582
    3   2   1       2.47520640
    3   3   2       0.16882411
    4   1   0       1.36002710
    4   2   1       2.47403966
    4   3   2       0.16205749
    5   1   0       1.34943435
    5   2   1       2.48478367
    5   3   2       0.15821855
    6   1   0       1.35992664
    6   2   1       2.49130607
    6   3   2       0.15214339
    7   1   0       1.36532958
    7   2   1       2.48571088
    7   3   2       0.14879578
    8   1   0       1.35481963
    8   2   1       2.47859978
    8   3   2       0.16144844
    9   1   0       1.33306003
    9   2   1       2.48559068
    9   3   2       0.16667861
   10   1   0       1.35830047
   10   2   1       2.47470227
   10   3   2       0.16379891
   11   1   0       1.37486943
   11   2   1       2.48350110
   11   3   2       0.14468052
   12   1   0       1.33702882
   12   2   1       2.47197616
   12   3   2       0.17487971
   13   1   0       1.36707623
   13   2   1       2.48098857
   13   3   2       0.15587937
   14   1   0       1.35183228
   14   2   1       2.48593282
   14   3   2       0.15724174
   15   1   0       1.35467801
   15   2   1       2.47852190
   15   3   2       0.16581695
   16   1   0       1.37512384
   16   2   1       2.48755972
   16   3   2       0.14385787
   17   1   0       1.34889711
   17   2   1       2.48273009
   17   3   2       0.16360760
   18   1   0       1.37379767
   18   2   1       2.48594827
   18   3   2       0.15105712
   19   1   0       1.35007083
   19   2   1       2.48721287
   19   3   2       0.16227767
   20   1   0       1.37663592
   20   2   1       2.48464537
   20   3   2       0.15274185
   21   1   0       1.36832911
   21   2   1       2.48793085
   21   3   2       0.15346350
   22   1   0       1.36665820
   22   2   1       2.48127910
   22   3   2       0.15839554
   23   1   0       1.36911160
   23   2   1       2.50011393
   23   3   2       0.14253926
   24   1   0       1.35396130
   24   2   1       2.48188718
   24   3   2       0.16690446
   25   1   0       1.37228905
   25   2   1       2.48594037
   25   3   2       0.15369096
   26   1   0       1.34307997
   26   2   1       2.49468191
   26   3   2       0.16084483
   27   1   0       1.35353847
   27   2   1       2.47985952
   27   3   2       0.16467338
   28   1   0       1.35369753
   28   2   1       2.48437782
   28   3   2       0.15935174
   29   1   0       1.36675774
   29   2   1       2.48505219
   29   3   2       0.15201468
   30   1   0       1.34471409
   30   2   1       2.49021911
   30   3   2       0.15822657
   31   1   0       1.38348199
   31   2   1       2.48535122
   31   3   2       0.14623514
   32   1   0       1.38632509
   32   2   1       2.49136709
   32   3   2       0.13664061
   33   1   0       1.37907087
   33   2   1       2.47718533
   33   3   2       0.14836413
   34   1   0       1.34853207
   34   2   1       2.48200152
   34   3   2       0.16038191
   35   1   0       1.37450413
   35   2   1       2.48579429
   35   3   2       0.14423322
   36   1   0       1.36745382
   36   2   1       2.48336413
   36   3   2       0.14955181
   37   1   0       1.36698543
   37   2   1       2.48876421
   37   3   2       0.15249512
   38   1   0       1.33423323
   38   2   1       2.47660108
   38   3   2       0.17268948
   39   1   0       1.35515708
   39   2   1       2.48250830
   39   3   2       0.15891776
   40   1   0       1.34208295
   40   2   1       2.48416392
   40   3   2       0.16458805
   41   1   0       1.35213210
   41   2   1       2.48783045
   41   3   2       0.15205372
   42   1   0       1.35156889
   42   2   1       2.47536948
   42   3   2       0.15992959
   43   1   0       1.35850183
   43   2   1       2.48206772
   43   3   2       0.15881819
   44   1   0       1.35829685
   44   2   1       2.48058577
   44   3   2       0.15917127
   45   1   0       1.33345474
   45   2   1       2.47301613
   45   3   2       0.17499752
   46   1   0       1.37654120
   46   2   1       2.47863714
   46   3   2       0.14917474
   47   1   0       1.36924777
   47   2   1       2.48418212
   47   3   2       0.15350865
   48   1   0       1.36887607
   48   2   1       2.48549143
   48   3   2       0.15099132
   49   1   0       1.38148002
   49   2   1       2.49140094
   49   3   2       0.14434572
   50   1   0       1.35113160
   50   2   1       2.48891357
   50   3   2       0.15879244
   51   1   0       1.36811057
   51   2   1       2.48206637
   51   3   2       0.15250676
   52   1   0       1.36315620
   52   2   1       2.48175580
   52   3   2       0.16044351
   53   1   0       1.35167658
   53   2   1       2.48431126
   53   3   2       0.16000633
   54   1   0       1.37432831
   54   2   1       2.48018676
   54   3   2       0.15544642
   55   1   0       1.35044178
   55   2   1       2.48449470
   55   3   2       0.16335996
   56   1   0       1.37310142
   56   2   1       2.48001382
   56   3   2       0.15290068
   57   1   0       1.34943937
   57   2   1       2.48525230
   57   3   2       0.15996526
   58   1   0       1.37622228
   58   2   1       2.47885894
   58   3   2       0.15124135
   59   1   0       1.33089721
   59   2   1       2.47830519
   59   3   2       0.17462152
   60   1   0       1.38618265
   60   2   1       2.48780348
   60   3   2       0.13874889
   61   1   0       1.36513347
   61   2   1       2.47979014
   61   3   2       0.16117590
   62   1   0       1.32856874
   62   2   1       2.48147677
   62   3   2       0.17187583
   63   1   0       1.37044131
   63   2   1       2.48898138
   63   3   2       0.15058505
   64   1   0       1.34032588
   64   2   1       2.47638827
   64   3   2       0.17725197

Orbital populations (up)
 Atom Sh.   l   m       Population  Label
    1   1   0   0       1.35593690  s
    1   2   1  -1       0.82344520  p_y
    1   2   1   0       0.83087847  p_z
    1   2   1   1       0.82418991  p_x
    1   3   2  -2       0.04436293  d_xy
    1   3   2  -1       0.03610611  d_yz
    1   3   2   0       0.01932211  d_z2
    1   3   2   1       0.04226408  d_xz
    1   3   2   2       0.02154195  d_x2-y2
    2   1   0   0       1.34588216  s
    2   2   1  -1       0.83017525  p_y
    2   2   1   0       0.82650520  p_z
    2   2   1   1       0.82984156  p_x
    2   3   2  -2       0.03954420  d_xy
    2   3   2  -1       0.04023075  d_yz
    2   3   2   0       0.01991556  d_z2
    2   3   2   1       0.03927872  d_xz
    2   3   2   2       0.01954492  d_x2-y2
    3   1   0   0       1.34620582  s
    3   2   1  -1       0.82465429  p_y
    3   2   1   0       0.82473967  p_z
    3   2   1   1       0.82581244  p_x
    3   3   2  -2       0.04289291  d_xy
    3   3   2  -1       0.04451173  d_yz
    3   3   2   0       0.02144345  d_z2
    3   3   2   1       0.03870676  d_xz
    3   3   2   2       0.02126925  d_x2-y2
    4   1   0   0       1.36002710  s
    4   2   1  -1       0.82222110  p_y
    4   2   1   0       0.82508068  p_z
    4   2   1   1       0.82673788  p_x
    4   3   2  -2       0.03842946  d_xy
    4   3   2  -1       0.04134414  d_yz
    4   3   2   0       0.02078469  d_z2
    4   3   2   1       0.04176960  d_xz
    4   3   2   2       0.01972960  d_x2-y2
    5   1   0   0       1.34943435  s
    5   2   1  -1       0.82886246  p_y
    5   2   1   0       0.82828756  p_z
    5   2   1   1       0.82763365  p_x
    5   3   2  -2       0.03934797  d_xy
    5   3   2  -1       0.04190479  d_yz
    5   3   2   0       0.02061080  d_z2
    5   3   2   1       0.03731597  d_xz
    5   3   2   2       0.01903901  d_x2-y2
    6   1   0   0       1.35992664  s
    6   2   1  -1       0.83654049  p_y
    6   2   1   0       0.82845435  p_z
    6   2   1   1       0.82631123  p_x
    6   3   2  -2       0.03511203  d_xy
    6   3   2  -1       0.03745986  d_yz
    6   3   2   0       0.01842632  d_z2
    6   3   2   1       0.04237695  d_xz
    6   3   2   2       0.01876824  d_x2-y2
    7   1   0   0       1.36532958  s
    7   2   1  -1       0.83023099  p_y
    7   2   1   0       0.82777045  p_z
    7   2   1   1       0.82770944  p_x
    7   3   2  -2       0.04213951  d_xy
    7   3   2  -1       0.03622611  d_yz
    7   3   2   0       0.01878846  d_z2
    7   3   2   1       0.03450623  d_xz
    7   3   2   2       0.01713547  d_x2-y2
    8   1   0   0       1.35481963  s
    8   2   1  -1       0.82512240  p_y
    8   2   1   0       0.82539893  p_z
    8   2   1   1       0.82807845  p_x
    8   3   2  -2       0.03765859  d_xy
    8   3   2  -1       0.04247356  d_yz
    8   3   2   0       0.01938509  d_z2
    8   3   2   1       0.04043344  d_xz
    8   3   2   2       0.02149776  d_x2-y2
    9   1   0   0       1.33306003  s
    9   2   1  -1       0.82876900  p_y
    9   2   1   0       0.82727143  p_z
    9   2   1   1       0.82955025  p_x
    9   3   2  -2       0.03987013  d_xy
    9   3   2  -1       0.04304976  d_yz
    9   3   2   0       0.02158932  d_z2
    9   3   2   1       0.04001652  d_xz
    9   3   2   2       0.02215289  d_x2-y2
   10   1   0   0       1.35830047  s
   10   2   1  -1       0.82970912  p_y
   10   2   1   0       0.81894291  p_z
   10   2   1   1       0.82605024  p_x
   10   3   2  -2       0.04030719  d_xy
   10   3   2  -1       0.03861224  d_yz
   10   3   2   0       0.02235594  d_z2
   10   3   2   1       0.04289094  d_xz
   10   3   2   2       0.01963260  d_x2-y2
   11   1   0   0       1.37486943  s
   11   2   1  -1       0.82924745  p_y
   11   2   1   0       0.82904617  p_z
   11   2   1   1       0.82520747  p_x
   11   3   2  -2       0.03476849  d_xy
   11   3   2  -1       0.03551978  d_yz
   11   3   2   0       0.01785186  d_z2
   11   3   2   1       0.04012271  d_xz
   11   3   2   2       0.01641768  d_x2-y2
   12   1   0   0       1.33702882  s
   12   2   1  -1       0.82428567  p_y
   12   2   1   0       0.82304582  p_z
   12   2   1   1       0.82464467  p_x
   12   3   2  -2       0.04229153  d_xy
   12   3   2  -1       0.04435474  d_yz
   12   3   2   0       0.02359159  d_z2
   12   3   2   1       0.04225019  d_xz
   12   3   2   2       0.02239166  d_x2-y2
   13   1   0   0       1.36707623  s
   13   2   1  -1       0.82897066  p_y
   13   2   1   0       0.82232033  p_z
   13   2   1   1       0.82969758  p_x
   13   3   2  -2       0.03415971  d_xy
   13   3   2  -1       0.04085134  d_yz
   13   3   2   0       0.01999584  d_z2
   13   3   2   1       0.04171881  d_xz
   13   3   2   2       0.01915367  d_x2-y2
   14   1   0   0       1.35183228  s
   14   2   1  -1       0.82474785  p_y
   14   2   1   0       0.83072744  p_z
   14   2   1   1       0.83045754  p_x
   14   3   2  -2       0.03947905  d_xy
   14   3   2  -1       0.04232016  d_yz
   14   3   2   0       0.01904623  d_z2
   14   3   2   1       0.03588012  d_xz
   14   3   2   2       0.02051617  d_x2-y2
   15   1   0   0       1.35467801  s
   15   2   1  -1       0.82714085  p_y
   15   2   1   0       0.82511380  p_z
   15   2   1   1       0.82626725  p_x
   15   3   2  -2       0.04126066  d_xy
   15   3   2  -1       0.03916533  d_yz
   15   3   2   0       0.02128257  d_z2
   15   3   2   1       0.04387935  d_xz
   15   3   2   2       0.02022904  d_x2-y2
   16   1   0   0       1.37512384  s
   16   2   1  -1       0.82892935  p_y
   16   2   1   0       0.82807748  p_z
   16   2   1   1       0.83055289  p_x
   16   3   2  -2       0.03962839  d_xy
   16   3   2  -1       0.03389652  d_yz
   16   3   2   0       0.01700824  d_z2
   16   3   2   1       0.03587786  d_xz
   16   3   2   2       0.01744686  d_x2-y2
   17   1   0   0       1.34889711  s
   17   2   1  -1       0.82670565  p_y
   17   2   1   0       0.82953180  p_z
   17   2   1   1       0.82649264  p_x
   17   3   2  -2       0.04327166  d_xy
   17   3   2  -1       0.04029727  d_yz
   17   3   2   0       0.02139964  d_z2
   17   3   2   1       0.03891430  d_xz
   17   3   2   2       0.01972473  d_x2-y2
   18   1   0   0       1.37379767  s
   18   2   1  -1       0.83022222  p_y
   18   2   1   0       0.83064741  p_z
   18   2   1   1       0.82507864  p_x
   18   3   2  -2       0.03542004  d_xy
   18   3   2  -1       0.03612794  d_yz
   18   3   2   0       0.01710029  d_z2
   18   3   2   1       0.04312046  d_xz
   18   3   2   2       0.01928838  d_x2-y2
   19   1   0   0       1.35007083  s
   19   2   1  -1       0.82853762  p_y
   19   2   1   0       0.83061899  p_z
   19   2   1   1       0.82805626  p_x
   19   3   2  -2       0.04241064  d_xy
   19   3   2  -1       0.03924443  d_yz
   19   3   2   0       0.02044421  d_z2
   19   3   2   1       0.03987700  d_xz
   19   3   2   2       0.02030139  d_x2-y2
   20   1   0   0       1.37663592  s
   20   2   1  -1       0.82635228  p_y
   20   2   1   0       0.82674639  p_z
   20   2   1   1       0.83154670  p_x
   20   3   2  -2       0.03824177  d_xy
   20   3   2  -1       0.03979685  d_yz
   20   3   2   0       0.01841021  d_z2
   20   3   2   1       0.03775451  d_xz
   20   3   2   2       0.01853852  d_x2-y2
   21   1   0   0       1.36832911  s
   21   2   1  -1       0.82063209  p_y
   21   2   1   0       0.83649328  p_z
   21   2   1   1       0.83080548  p_x
   21   3   2  -2       0.04039358  d_xy
   21   3   2  -1       0.03810699  d_yz
   21   3   2   0       0.01816734  d_z2
   21   3   2   1       0.03690125  d_xz
   21   3   2   2       0.01989435  d_x2-y2
   22   1   0   0       1.36665820  s
   22   2   1  -1       0.82611301  p_y
   22   2   1   0       0.82328853  p_z
   22   2   1   1       0.83187756  p_x
   22   3   2  -2       0.03937312  d_xy
   22   3   2  -1       0.03961085  d_yz
   22   3   2   0       0.02017447  d_z2
   22   3   2   1       0.03977512  d_xz
   22   3   2   2       0.01946197  d_x2-y2
   23   1   0   0       1.36911160  s
   23   2   1  -1       0.83313401  p_y
   23   2   1   0       0.83571900  p_z
   23   2   1   1       0.83126092  p_x
   23   3   2  -2       0.03734523  d_xy
   23   3   2  -1       0.03599918  d_yz
   23   3   2   0       0.01672974  d_z2
   23   3   2   1       0.03471218  d_xz
   23   3   2   2       0.01775293  d_x2-y2
   24   1   0   0       1.35396130  s
   24   2   1  -1       0.82776244  p_y
   24   2   1   0       0.82773540  p_z
   24   2   1   1       0.82638934  p_x
   24   3   2  -2       0.04221190  d_xy
   24   3   2  -1       0.04168931  d_yz
   24   3   2   0       0.02041327  d_z2
   24   3   2   1       0.04015781  d_xz
   24   3   2   2       0.02243216  d_x2-y2
   25   1   0   0       1.37228905  s
   25   2   1  -1       0.83027032  p_y
   25   2   1   0       0.82743414  p_z
   25   2   1   1       0.82823591  p_x
   25   3   2  -2       0.03736594  d_xy
   25   3   2  -1       0.03877615  d_yz
   25   3   2   0       0.01895007  d_z2
   25   3   2   1       0.04022145  d_xz
   25   3   2   2       0.01837734  d_x2-y2
   26   1   0   0       1.34307997  s
   26   2   1  -1       0.82917091  p_y
   26   2   1   0       0.83432305  p_z
   26   2   1   1       0.83118796  p_x
   26   3   2  -2       0.04179807  d_xy
   26   3   2  -1       0.04195465  d_yz
   26   3   2   0       0.02024124  d_z2
   26   3   2   1       0.03643969  d_xz
   26   3   2   2       0.02041118  d_x2-y2
   27   1   0   0       1.35353847  s
   27   2   1  -1       0.82158532  p_y
   27   2   1   0       0.83244678  p_z
   27   2   1   1       0.82582742  p_x
   27   3   2  -2       0.04129408  d_xy
   27   3   2  -1       0.03919659  d_yz
   27   3   2   0       0.02153816  d_z2
   27   3   2   1       0.04147729  d_xz
   27   3   2   2       0.02116725  d_x2-y2
   28   1   0   0       1.35369753  s
   28   2   1  -1       0.82944187  p_y
   28   2   1   0       0.83190790  p_z
   28   2   1   1       0.82302805  p_x
   28   3   2  -2       0.04328050  d_xy
   28   3   2  -1       0.03769636  d_yz
   28   3   2   0       0.01909169  d_z2
   28   3   2   1       0.03885921  d_xz
   28   3   2   2       0.02042399  d_x2-y2
   29   1   0   0       1.36675774  s
   29   2   1  -1       0.83070023  p_y
   29   2   1   0       0.82951755  p_z
   29   2   1   1       0.82483441  p_x
   29   3   2  -2       0.03953756  d_xy
   29   3   2  -1       0.03637082  d_yz
   29   3   2   0       0.01747990  d_z2
   29   3   2   1       0.03920530  d_xz
   29   3   2   2       0.01942110  d_x2-y2
   30   1   0   0       1.34471409  s
   30   2   1  -1       0.83203596  p_y
   30   2   1   0       0.82996483  p_z
   30   2   1   1       0.82821832  p_x
   30   3   2  -2       0.03681216  d_xy
   30   3   2  -1       0.04202548  d_yz
   30   3   2   0       0.01967941  d_z2
   30   3   2   1       0.03868194  d_xz
   30   3   2   2       0.02102757  d_x2-y2
   31   1   0   0       1.38348199  s
   31   2   1  -1       0.82684966  p_y
   31   2   1   0       0.82890556  p_z
   31   2   1   1       0.82959600  p_x
   31   3   2  -2       0.03606463  d_xy
   31   3   2  -1       0.03816584  d_yz
   31   3   2   0       0.01717335  d_z2
   31   3   2   1       0.03694269  d_xz
   31   3   2   2       0.01788863  d_x2-y2
   32   1   0   0       1.38632509  s
   32   2   1  -1       0.83272066  p_y
   32   2   1   0       0.82624804  p_z
   32   2   1   1       0.83239840  p_x
   32   3   2  -2       0.03426420  d_xy
   32   3   2  -1       0.03485548  d_yz
   32   3   2   0       0.01688529  d_z2
   32   3   2   1       0.03586645  d_xz
   32   3   2   2       0.01476919  d_x2-y2
   33   1   0   0       1.37907087  s
   33   2   1  -1       0.83021535  p_y
   33   2   1   0       0.82226556  p_z
   33   2   1   1       0.82470443  p_x
   33   3   2  -2       0.03475619  d_xy
   33   3   2  -1       0.03453817  d_yz
   33   3   2   0       0.01843561  d_z2
   33   3   2   1       0.04355930  d_xz
   33   3   2   2       0.01707487  d_x2-y2
   34   1   0   0       1.34853207  s
   34   2   1  -1       0.82672560  p_y
   34   2   1   0       0.82787492  p_z
   34   2   1   1       0.82740100  p_x
   34   3   2  -2       0.04269562  d_xy
   34   3   2  -1       0.03987612  d_yz
   34   3   2   0       0.02064800  d_z2
   34   3   2   1       0.03808310  d_xz
   34   3   2   2       0.01907907  d_x2-y2
   35   1   0   0       1.37450413  s
   35   2   1  -1       0.82791177  p_y
   35   2   1   0       0.82932809  p_z
   35   2   1   1       0.82855444  p_x
   35   3   2  -2       0.03737302  d_xy
   35   3   2  -1       0.03820034  d_yz
   35   3   2   0       0.01731742  d_z2
   35   3   2   1       0.03443172  d_xz
   35   3   2   2       0.01691073  d_x2-y2
   36   1   0   0       1.36745382  s
   36   2   1  -1       0.82521349  p_y
   36   2   1   0       0.83045645  p_z
   36   2   1   1       0.82769419  p_x
   36   3   2  -2       0.04359679  d_xy
   36   3   2  -1       0.03794391  d_yz
   36   3   2   0       0.01812783  d_z2
   36   3   2   1       0.03159055  d_xz
   36   3   2   2       0.01829272  d_x2-y2
   37   1   0   0       1.36698543  s
   37   2   1  -1       0.83035388  p_y
   37   2   1   0       0.82825764  p_z
   37   2   1   1       0.83015269  p_x
   37   3   2  -2       0.03865423  d_xy
   37   3   2  -1       0.03977736  d_yz
   37   3   2   0       0.01882481  d_z2
   37   3   2   1       0.03707136  d_xz
   37   3   2   2       0.01816737  d_x2-y2
   38   1   0   0       1.33423323  s
   38   2   1  -1       0.82558063  p_y
   38   2   1   0       0.82984109  p_z
   38   2   1   1       0.82117936  p_x
   38   3   2  -2       0.04679695  d_xy
   38   3   2  -1       0.03820383  d_yz
   38   3   2   0       0.02297882  d_z2
   38   3   2   1       0.04269129  d_xz
   38   3   2   2       0.02201858  d_x2-y2
   39   1   0   0       1.35515708  s
   39   2   1  -1       0.82699694  p_y
   39   2   1   0       0.82746006  p_z
   39   2   1   1       0.82805130  p_x
   39   3   2  -2       0.03853530  d_xy
   39   3   2  -1       0.03868964  d_yz
   39   3   2   0       0.01934593  d_z2
   39   3   2   1       0.04202559  d_xz
   39   3   2   2       0.02032130  d_x2-y2
   40   1   0   0       1.34208295  s
   40   2   1  -1       0.82789419  p_y
   40   2   1   0       0.82980531  p_z
   40   2   1   1       0.82646442  p_x
   40   3   2  -2       0.04002122  d_xy
   40   3   2  -1       0.04303429  d_yz
   40   3   2   0       0.01983420  d_z2
   40   3   2   1       0.03909214  d_xz
   40   3   2   2       0.02260619  d_x2-y2
   41   1   0   0       1.35213210  s
   41   2   1  -1       0.82261116  p_y
   41   2   1   0       0.83170234  p_z
   41   2   1   1       0.83351695  p_x
   41   3   2  -2       0.03863934  d_xy
   41   3   2  -1       0.04160436  d_yz
   41   3   2   0       0.01841614  d_z2
   41   3   2   1       0.03409361  d_xz
   41   3   2   2       0.01930027  d_x2-y2
   42   1   0   0       1.35156889  s
   42   2   1  -1       0.82438201  p_y
   42   2   1   0       0.82572475  p_z
   42   2   1   1       0.82526272  p_x
   42   3   2  -2       0.03487758  d_xy
   42   3   2  -1       0.04307778  d_yz
   42   3   2   0       0.02037181  d_z2
   42   3   2   1       0.04128050  d_xz
   42   3   2   2       0.02032193  d_x2-y2
   43   1   0   0       1.35850183  s
   43   2   1  -1       0.82662823  p_y
   43   2   1   0       0.83194472  p_z
   43   2   1   1       0.82349476  p_x
   43   3   2  -2       0.04395868  d_xy
   43   3   2  -1       0.03572427  d_yz
   43   3   2   0       0.01985471  d_z2
   43   3   2   1       0.03911863  d_xz
   43   3   2   2       0.02016190  d_x2-y2
   44   1   0   0       1.35829685  s
   44   2   1  -1       0.82846603  p_y
   44   2   1   0       0.82670761  p_z
   44   2   1   1       0.82541213  p_x
   44   3   2  -2       0.03738684  d_xy
   44   3   2  -1       0.03682528  d_yz
   44   3   2   0       0.02036060  d_z2
   44   3   2   1       0.04505784  d_xz
   44   3   2   2       0.01954071  d_x2-y2
   45   1   0   0       1.33345474  s
   45   2   1  -1       0.82825904  p_y
   45   2   1   0       0.82400024  p_z
   45   2   1   1       0.82075686  p_x
   45   3   2  -2       0.04154586  d_xy
   45   3   2  -1       0.04074729  d_yz
   45   3   2   0       0.02219577  d_z2
   45   3   2   1       0.04683719  d_xz
   45   3   2   2       0.02367141  d_x2-y2
   46   1   0   0       1.37654120  s
   46   2   1  -1       0.82295196  p_y
   46   2   1   0       0.83183269  p_z
   46   2   1   1       0.82385250  p_x
   46   3   2  -2       0.04153728  d_xy
   46   3   2  -1       0.03803174  d_yz
   46   3   2   0       0.01849560  d_z2
   46   3   2   1       0.03342544  d_xz
   46   3   2   2       0.01768468  d_x2-y2
   47   1   0   0       1.36924777  s
   47   2   1  -1       0.83069605  p_y
   47   2   1   0       0.82497990  p_z
   47   2   1   1       0.82850618  p_x
   47   3   2  -2       0.03844745  d_xy
   47   3   2  -1       0.04045507  d_yz
   47   3   2   0       0.01935901  d_z2
   47   3   2   1       0.03712280  d_xz
   47   3   2   2       0.01812432  d_x2-y2
   48   1   0   0       1.36887607  s
   48   2   1  -1       0.83037780  p_y
   48   2   1   0       0.82920777  p_z
   48   2   1   1       0.82590586  p_x
   48   3   2  -2       0.03619161  d_xy
   48   3   2  -1       0.03688540  d_yz
   48   3   2   0       0.01772338  d_z2
   48   3   2   1       0.04126196  d_xz
   48   3   2   2       0.01892897  d_x2-y2
   49   1   0   0       1.38148002  s
   49   2   1  -1       0.83189515  p_y
   49   2   1   0       0.82792956  p_z
   49   2   1   1       0.83157623  p_x
   49   3   2  -2       0.03908071  d_xy
   49   3   2  -1       0.03417130  d_yz
   49   3   2   0       0.01763870  d_z2
   49   3   2   1       0.03709923  d_xz
   49   3   2   2       0.01635579  d_x2-y2
   50   1   0   0       1.35113160  s
   50   2   1  -1       0.82808734  p_y
   50   2   1   0       0.82794278  p_z
   50   2   1   1       0.83288345  p_x
   50   3   2  -2       0.03784908  d_xy
   50   3   2  -1       0.03946104  d_yz
   50   3   2   0       0.01988121  d_z2
   50   3   2   1       0.04149450  d_xz
   50   3   2   2       0.02010661  d_x2-y2
   51   1   0   0       1.36811057  s
   51   2   1  -1       0.82753973  p_y
   51   2   1   0       0.82344283  p_z
   51   2   1   1       0.83108381  p_x
   51   3   2  -2       0.03541668  d_xy
   51   3   2  -1       0.04212121  d_yz
   51   3   2   0       0.01885180  d_z2
   51   3   2   1       0.03804721  d_xz
   51   3   2   2       0.01806986  d_x2-y2
   52   1   0   0       1.36315620  s
   52   2   1  -1       0.82703241  p_y
   52   2   1   0       0.83065569  p_z
   52   2   1   1       0.82406770  p_x
   52   3   2  -2       0.04117211  d_xy
   52   3   2  -1       0.03853845  d_yz
   52   3   2   0       0.02067110  d_z2
   52   3   2   1       0.04026573  d_xz
   52   3   2   2       0.01979612  d_x2-y2
   53   1   0   0       1.35167658  s
   53   2   1  -1       0.83126034  p_y
   53   2   1   0       0.82335913  p_z
   53   2   1   1       0.82969179  p_x
   53   3   2  -2       0.03970849  d_xy
   53   3   2  -1       0.04358943  d_yz
   53   3   2   0       0.02155250  d_z2
   53   3   2   1       0.03663055  d_xz
   53   3   2   2       0.01852536  d_x2-y2
   54   1   0   0       1.37432831  s
   54   2   1  -1       0.82947386  p_y
   54   2   1   0       0.82591952  p_z
   54   2   1   1       0.82479338  p_x
   54   3   2  -2       0.03808513  d_xy
   54   3   2  -1       0.03849127  d_yz
   54   3   2   0       0.01932657  d_z2
   54   3   2   1       0.04016224  d_xz
   54   3   2   2       0.01938122  d_x2-y2
   55   1   0   0       1.35044178  s
   55   2   1  -1       0.82847766  p_y
   55   2   1   0       0.83140061  p_z
   55   2   1   1       0.82461643  p_x
   55   3   2  -2       0.04561101  d_xy
   55   3   2  -1       0.03651991  d_yz
   55   3   2   0       0.02091375  d_z2
   55   3   2   1       0.03989111  d_xz
   55   3   2   2       0.02042419  d_x2-y2
   56   1   0   0       1.37310142  s
   56   2   1  -1       0.83010814  p_y
   56   2   1   0       0.82471628  p_z
   56   2   1   1       0.82518940  p_x
   56   3   2  -2       0.03752607  d_xy
   56   3   2  -1       0.03967536  d_yz
   56   3   2   0       0.01811764  d_z2
   56   3   2   1       0.03787025  d_xz
   56   3   2   2       0.01971136  d_x2-y2
   57   1   0   0       1.34943937  s
   57   2   1  -1       0.82955387  p_y
   57   2   1   0       0.82884210  p_z
   57   2   1   1       0.82685633  p_x
   57   3   2  -2       0.03991830  d_xy
   57   3   2  -1       0.03692099  d_yz
   57   3   2   0       0.01905282  d_z2
   57   3   2   1       0.04332844  d_xz
   57   3   2   2       0.02074471  d_x2-y2
   58   1   0   0       1.37622228  s
   58   2   1  -1       0.82197985  p_y
   58   2   1   0       0.83441062  p_z
   58   2   1   1       0.82246847  p_x
   58   3   2  -2       0.03979295  d_xy
   58   3   2  -1       0.03926290  d_yz
   58   3   2   0       0.01889856  d_z2
   58   3   2   1       0.03549204  d_xz
   58   3   2   2       0.01779490  d_x2-y2
   59   1   0   0       1.33089721  s
   59   2   1  -1       0.82699777  p_y
   59   2   1   0       0.82208056  p_z
   59   2   1   1       0.82922686  p_x
   59   3   2  -2       0.03873420  d_xy
   59   3   2  -1       0.04818375  d_yz
   59   3   2   0       0.02395372  d_z2
   59   3   2   1       0.04180905  d_xz
   59   3   2   2       0.02194079  d_x2-y2
   60   1   0   0       1.38618265  s
   60   2   1  -1       0.82618751  p_y
   60   2   1   0       0.82999455  p_z
   60   2   1   1       0.83162142  p_x
   60   3   2  -2       0.03795836  d_xy
   60   3   2  -1       0.03529056  d_yz
   60   3   2   0       0.01646074  d_z2
   60   3   2   1       0.03348569  d_xz
   60   3   2   2       0.01555353  d_x2-y2
   61   1   0   0       1.36513347  s
   61   2   1  -1       0.82598791  p_y
   61   2   1   0       0.82390170  p_z
   61   2   1   1       0.82990054  p_x
   61   3   2  -2       0.03464885  d_xy
   61   3   2  -1       0.04225899  d_yz
   61   3   2   0       0.01975752  d_z2
   61   3   2   1       0.04320154  d_xz
   61   3   2   2       0.02130900  d_x2-y2
   62   1   0   0       1.32856874  s
   62   2   1  -1       0.82824493  p_y
   62   2   1   0       0.82442566  p_z
   62   2   1   1       0.82880618  p_x
   62   3   2  -2       0.04038654  d_xy
   62   3   2  -1       0.04087005  d_yz
   62   3   2   0       0.02208159  d_z2
   62   3   2   1       0.04523973  d_xz
   62   3   2   2       0.02329791  d_x2-y2
   63   1   0   0       1.37044131  s
   63   2   1  -1       0.83178855  p_y
   63   2   1   0       0.82879578  p_z
   63   2   1   1       0.82839706  p_x
   63   3   2  -2       0.03927060  d_xy
   63   3   2  -1       0.03558860  d_yz
   63   3   2   0       0.01924059  d_z2
   63   3   2   1       0.03920503  d_xz
   63   3   2   2       0.01728023  d_x2-y2
   64   1   0   0       1.34032588  s
   64   2   1  -1       0.82624785  p_y
   64   2   1   0       0.82705875  p_z
   64   2   1   1       0.82308167  p_x
   64   3   2  -2       0.04252726  d_xy
   64   3   2  -1       0.04448893  d_yz
   64   3   2   0       0.02340793  d_z2
   64   3   2   1       0.04327571  d_xz
   64   3   2   2       0.02355214  d_x2-y2

Fermi level:                        -0.1332091961 H           -3.6248 eV
Band energy:                       -88.1567978638 H        -2398.8685 eV
TS:                                  0.0000000000 H            0.0000 eV
Band free energy (E-TS):           -88.1567978638 H        -2398.8685 eV
Extrapolated E(0K):                -88.1567978638 H        -2398.8685 eV
Input / Output electrons (q):    256.0000000000    256.0000000000

Energy H0:                         -88.1489932976 H        -2398.6561 eV
Energy SCC:                          0.0002694460 H            0.0073 eV
Total Electronic energy:           -88.1487238516 H        -2398.6488 eV
Repulsive energy:                    0.0000000000 H            0.0000 eV
Total energy:                      -88.1487238516 H        -2398.6488 eV
Extrapolated to 0:                 -88.1487238516 H        -2398.6488 eV
Total Mermin free energy:          -88.1487238516 H        -2398.6488 eV
Force related energy:              -88.1487238516 H        -2398.6488 eV

Non-constrained calculation

SCC converged

Warning: dipole moment is not defined absolutely!
Dipole moment:   -0.19244128   -0.16111565    0.09437796 au
Dipole moment:   -0.48913698   -0.40951516    0.23988487 Debye


