 Fermi distribution function

Calculation with static geometry


********************************************************************************
 iSCC Total electronic   Diff electronic      SCC error    
   10   -0.88128506E+02   -0.17080026E-09    0.47022132E-05
********************************************************************************

 Total charge:    -0.00000000

 Atomic gross charges (e)
 Atom           Charge
    1       0.01659680
    2      -0.00342284
    3       0.02255908
    4       0.00579947
    5      -0.00263474
    6      -0.01103933
    7       0.00368466
    8       0.00298302
    9      -0.00581996
   10       0.02032819
   11      -0.02597110
   12       0.01404177
   13       0.00720487
   14      -0.00928938
   15       0.02019858
   16      -0.01433356
   17      -0.01350557
   18      -0.00414615
   19      -0.00783964
   20       0.00435407
   21      -0.01788126
   22       0.02160886
   23      -0.02573821
   24       0.00328826
   25       0.00154920
   26      -0.03724381
   27      -0.00333591
   28      -0.00799542
   29      -0.01156350
   30      -0.00900222
   31       0.00111916
   32       0.03330606
   33       0.01672509
   34       0.00292186
   35       0.02308026
   36      -0.01709543
   37       0.01065060
   38      -0.00974649
   39      -0.01020150
   40      -0.00097495
   41      -0.01158093
   42      -0.00490880
   43       0.01476813
   44       0.00599532
   45      -0.00347507
   46       0.00769542
   47       0.01432084
   48       0.02122553
   49      -0.03273216
   50      -0.00040318
   51      -0.00540441
   52       0.00701744
   53       0.01381168
   54       0.01052594
   55      -0.01103240
   56       0.00355576
   57      -0.02143633
   58      -0.00381581
   59      -0.00610456
   60      -0.00602478
   61       0.01537958
   62       0.00010492
   63      -0.00737965
   64       0.01667861

Nr. of electrons (up):    256.00000000
Atom populations (up)
 Atom       Population
    1       3.98340320
    2       4.00342284
    3       3.97744092
    4       3.99420053
    5       4.00263474
    6       4.01103933
    7       3.99631534
    8       3.99701698
    9       4.00581996
   10       3.97967181
   11       4.02597110
   12       3.98595823
   13       3.99279513
   14       4.00928938
   15       3.97980142
   16       4.01433356
   17       4.01350557
   18       4.00414615
   19       4.00783964
   20       3.99564593
   21       4.01788126
   22       3.97839114
   23       4.02573821
   24       3.99671174
   25       3.99845080
   26       4.03724381
   27       4.00333591
   28       4.00799542
   29       4.01156350
   30       4.00900222
   31       3.99888084
   32       3.96669394
   33       3.98327491
   34       3.99707814
   35       3.97691974
   36       4.01709543
   37       3.98934940
   38       4.00974649
   39       4.01020150
   40       4.00097495
   41       4.01158093
   42       4.00490880
   43       3.98523187
   44       3.99400468
   45       4.00347507
   46       3.99230458
   47       3.98567916
   48       3.97877447
   49       4.03273216
   50       4.00040318
   51       4.00540441
   52       3.99298256
   53       3.98618832
   54       3.98947406
   55       4.01103240
   56       3.99644424
   57       4.02143633
   58       4.00381581
   59       4.00610456
   60       4.00602478
   61       3.98462042
   62       3.99989508
   63       4.00737965
   64       3.98332139

l-shell populations (up)
 Atom Sh.   l       Population
    1   1   0       1.33189942
    1   2   1       2.47862388
    1   3   2       0.17287990
    2   1   0       1.37326518
    2   2   1       2.47543201
    2   3   2       0.15472565
    3   1   0       1.31523144
    3   2   1       2.47035015
    3   3   2       0.19185932
    4   1   0       1.35222653
    4   2   1       2.48144707
    4   3   2       0.16052693
    5   1   0       1.35938754
    5   2   1       2.48503705
    5   3   2       0.15821015
    6   1   0       1.38186503
    6   2   1       2.47737358
    6   3   2       0.15180072
    7   1   0       1.36988625
    7   2   1       2.46784373
    7   3   2       0.15858536
    8   1   0       1.35468618
    8   2   1       2.48702215
    8   3   2       0.15530865
    9   1   0       1.36976560
    9   2   1       2.47789082
    9   3   2       0.15816354
   10   1   0       1.34346528
   10   2   1       2.46174878
   10   3   2       0.17445775
   11   1   0       1.39566922
   11   2   1       2.49740137
   11   3   2       0.13290051
   12   1   0       1.33258836
   12   2   1       2.48040727
   12   3   2       0.17296260
   13   1   0       1.35383854
   13   2   1       2.48354463
   13   3   2       0.15541196
   14   1   0       1.36915865
   14   2   1       2.48829778
   14   3   2       0.15183294
   15   1   0       1.32162532
   15   2   1       2.48092088
   15   3   2       0.17725522
   16   1   0       1.37614931
   16   2   1       2.49557000
   16   3   2       0.14261425
   17   1   0       1.37105149
   17   2   1       2.48885669
   17   3   2       0.15359739
   18   1   0       1.34953770
   18   2   1       2.49405247
   18   3   2       0.16055599
   19   1   0       1.36409422
   19   2   1       2.48772164
   19   3   2       0.15602377
   20   1   0       1.35210619
   20   2   1       2.47751452
   20   3   2       0.16602522
   21   1   0       1.37420970
   21   2   1       2.49468888
   21   3   2       0.14898268
   22   1   0       1.33176915
   22   2   1       2.47261066
   22   3   2       0.17401133
   23   1   0       1.39791776
   23   2   1       2.48795786
   23   3   2       0.13986260
   24   1   0       1.34908559
   24   2   1       2.48355925
   24   3   2       0.16406690
   25   1   0       1.35025975
   25   2   1       2.48058563
   25   3   2       0.16760542
   26   1   0       1.40296307
   26   2   1       2.49037993
   26   3   2       0.14390081
   27   1   0       1.35684151
   27   2   1       2.48796480
   27   3   2       0.15852960
   28   1   0       1.36553623
   28   2   1       2.49387161
   28   3   2       0.14858758
   29   1   0       1.37158459
   29   2   1       2.48508491
   29   3   2       0.15489400
   30   1   0       1.38742372
   30   2   1       2.47412034
   30   3   2       0.14745817
   31   1   0       1.34820471
   31   2   1       2.49959237
   31   3   2       0.15108377
   32   1   0       1.33367755
   32   2   1       2.47027098
   32   3   2       0.16274542
   33   1   0       1.34042548
   33   2   1       2.48159036
   33   3   2       0.16125907
   34   1   0       1.35072239
   34   2   1       2.48492858
   34   3   2       0.16142717
   35   1   0       1.34947695
   35   2   1       2.47398588
   35   3   2       0.15345691
   36   1   0       1.39990821
   36   2   1       2.47961688
   36   3   2       0.13757033
   37   1   0       1.33531035
   37   2   1       2.48911416
   37   3   2       0.16492489
   38   1   0       1.37866978
   38   2   1       2.47783145
   38   3   2       0.15324527
   39   1   0       1.36570132
   39   2   1       2.49375166
   39   3   2       0.15074852
   40   1   0       1.36450612
   40   2   1       2.47888371
   40   3   2       0.15758512
   41   1   0       1.39011093
   41   2   1       2.48288434
   41   3   2       0.13858566
   42   1   0       1.36567122
   42   2   1       2.48346520
   42   3   2       0.15577238
   43   1   0       1.35126839
   43   2   1       2.46484052
   43   3   2       0.16912296
   44   1   0       1.34766151
   44   2   1       2.48425310
   44   3   2       0.16209007
   45   1   0       1.36037106
   45   2   1       2.48014815
   45   3   2       0.16295587
   46   1   0       1.36259684
   46   2   1       2.47548901
   46   3   2       0.15421874
   47   1   0       1.34784256
   47   2   1       2.46693402
   47   3   2       0.17090258
   48   1   0       1.32467657
   48   2   1       2.48908171
   48   3   2       0.16501619
   49   1   0       1.39969931
   49   2   1       2.49999114
   49   3   2       0.13304171
   50   1   0       1.37211248
   50   2   1       2.46862690
   50   3   2       0.15966380
   51   1   0       1.35292025
   51   2   1       2.49897017
   51   3   2       0.15351399
   52   1   0       1.34169432
   52   2   1       2.48414793
   52   3   2       0.16714030
   53   1   0       1.33840824
   53   2   1       2.47232327
   53   3   2       0.17545681
   54   1   0       1.35277301
   54   2   1       2.47199172
   54   3   2       0.16470933
   55   1   0       1.38205592
   55   2   1       2.47872096
   55   3   2       0.15025552
   56   1   0       1.35868964
   56   2   1       2.47941095
   56   3   2       0.15834365
   57   1   0       1.37607620
   57   2   1       2.49375345
   57   3   2       0.15160667
   58   1   0       1.38165306
   58   2   1       2.47453437
   58   3   2       0.14762838
   59   1   0       1.35658531
   59   2   1       2.47591867
   59   3   2       0.17360058
   60   1   0       1.37293746
   60   2   1       2.48903204
   60   3   2       0.14405528
   61   1   0       1.33321118
   61   2   1       2.48059506
   61   3   2       0.17081418
   62   1   0       1.36317465
   62   2   1       2.46677541
   62   3   2       0.16994502
   63   1   0       1.36877072
   63   2   1       2.49127271
   63   3   2       0.14733622
   64   1   0       1.31048550
   64   2   1       2.48462236
   64   3   2       0.18821353

Orbital populations (up)
 Atom Sh.   l   m       Population  Label
    1   1   0   0       1.33189942  s
    1   2   1  -1       0.82783148  p_y
    1   2   1   0       0.82441652  p_z
    1   2   1   1       0.82637588  p_x
    1   3   2  -2       0.04338982  d_xy
    1   3   2  -1       0.04214068  d_yz
    1   3   2   0       0.02371142  d_z2
    1   3   2   1       0.04168826  d_xz
    1   3   2   2       0.02194973  d_x2-y2
    2   1   0   0       1.37326518  s
    2   2   1  -1       0.82541646  p_y
    2   2   1   0       0.82764832  p_z
    2   2   1   1       0.82236723  p_x
    2   3   2  -2       0.03925467  d_xy
    2   3   2  -1       0.03882229  d_yz
    2   3   2   0       0.01973451  d_z2
    2   3   2   1       0.03782360  d_xz
    2   3   2   2       0.01909057  d_x2-y2
    3   1   0   0       1.31523144  s
    3   2   1  -1       0.82073568  p_y
    3   2   1   0       0.82488275  p_z
    3   2   1   1       0.82473173  p_x
    3   3   2  -2       0.04336419  d_xy
    3   3   2  -1       0.04670678  d_yz
    3   3   2   0       0.02695292  d_z2
    3   3   2   1       0.04810453  d_xz
    3   3   2   2       0.02673090  d_x2-y2
    4   1   0   0       1.35222653  s
    4   2   1  -1       0.83186111  p_y
    4   2   1   0       0.81619057  p_z
    4   2   1   1       0.83339539  p_x
    4   3   2  -2       0.03736304  d_xy
    4   3   2  -1       0.04138709  d_yz
    4   3   2   0       0.02210387  d_z2
    4   3   2   1       0.04125792  d_xz
    4   3   2   2       0.01841501  d_x2-y2
    5   1   0   0       1.35938754  s
    5   2   1  -1       0.83228723  p_y
    5   2   1   0       0.82632067  p_z
    5   2   1   1       0.82642915  p_x
    5   3   2  -2       0.03847504  d_xy
    5   3   2  -1       0.03411781  d_yz
    5   3   2   0       0.02052773  d_z2
    5   3   2   1       0.04560986  d_xz
    5   3   2   2       0.01947972  d_x2-y2
    6   1   0   0       1.38186503  s
    6   2   1  -1       0.82320108  p_y
    6   2   1   0       0.82735459  p_z
    6   2   1   1       0.82681791  p_x
    6   3   2  -2       0.03998599  d_xy
    6   3   2  -1       0.03564644  d_yz
    6   3   2   0       0.01907286  d_z2
    6   3   2   1       0.03832497  d_xz
    6   3   2   2       0.01877047  d_x2-y2
    7   1   0   0       1.36988625  s
    7   2   1  -1       0.82221145  p_y
    7   2   1   0       0.81997462  p_z
    7   2   1   1       0.82565765  p_x
    7   3   2  -2       0.03556732  d_xy
    7   3   2  -1       0.04313736  d_yz
    7   3   2   0       0.01865666  d_z2
    7   3   2   1       0.04091502  d_xz
    7   3   2   2       0.02030901  d_x2-y2
    8   1   0   0       1.35468618  s
    8   2   1  -1       0.82764947  p_y
    8   2   1   0       0.83008526  p_z
    8   2   1   1       0.82928742  p_x
    8   3   2  -2       0.04005324  d_xy
    8   3   2  -1       0.03779661  d_yz
    8   3   2   0       0.01926096  d_z2
    8   3   2   1       0.03909011  d_xz
    8   3   2   2       0.01910774  d_x2-y2
    9   1   0   0       1.36976560  s
    9   2   1  -1       0.82532849  p_y
    9   2   1   0       0.82879844  p_z
    9   2   1   1       0.82376388  p_x
    9   3   2  -2       0.04178004  d_xy
    9   3   2  -1       0.03883145  d_yz
    9   3   2   0       0.01868371  d_z2
    9   3   2   1       0.03940990  d_xz
    9   3   2   2       0.01945843  d_x2-y2
   10   1   0   0       1.34346528  s
   10   2   1  -1       0.82323559  p_y
   10   2   1   0       0.81735684  p_z
   10   2   1   1       0.82115635  p_x
   10   3   2  -2       0.04046459  d_xy
   10   3   2  -1       0.04424930  d_yz
   10   3   2   0       0.02194228  d_z2
   10   3   2   1       0.04378296  d_xz
   10   3   2   2       0.02401862  d_x2-y2
   11   1   0   0       1.39566922  s
   11   2   1  -1       0.83288576  p_y
   11   2   1   0       0.83212195  p_z
   11   2   1   1       0.83239365  p_x
   11   3   2  -2       0.03388229  d_xy
   11   3   2  -1       0.03507022  d_yz
   11   3   2   0       0.01468995  d_z2
   11   3   2   1       0.03342295  d_xz
   11   3   2   2       0.01583510  d_x2-y2
   12   1   0   0       1.33258836  s
   12   2   1  -1       0.82502949  p_y
   12   2   1   0       0.82689023  p_z
   12   2   1   1       0.82848755  p_x
   12   3   2  -2       0.04393952  d_xy
   12   3   2  -1       0.04142455  d_yz
   12   3   2   0       0.02224927  d_z2
   12   3   2   1       0.04269571  d_xz
   12   3   2   2       0.02265356  d_x2-y2
   13   1   0   0       1.35383854  s
   13   2   1  -1       0.83091854  p_y
   13   2   1   0       0.82562189  p_z
   13   2   1   1       0.82700420  p_x
   13   3   2  -2       0.03977882  d_xy
   13   3   2  -1       0.04078376  d_yz
   13   3   2   0       0.01972957  d_z2
   13   3   2   1       0.03661862  d_xz
   13   3   2   2       0.01850119  d_x2-y2
   14   1   0   0       1.36915865  s
   14   2   1  -1       0.83500617  p_y
   14   2   1   0       0.82577016  p_z
   14   2   1   1       0.82752145  p_x
   14   3   2  -2       0.03925501  d_xy
   14   3   2  -1       0.03729097  d_yz
   14   3   2   0       0.02148599  d_z2
   14   3   2   1       0.03741875  d_xz
   14   3   2   2       0.01638223  d_x2-y2
   15   1   0   0       1.32162532  s
   15   2   1  -1       0.82899142  p_y
   15   2   1   0       0.82816281  p_z
   15   2   1   1       0.82376665  p_x
   15   3   2  -2       0.04432312  d_xy
   15   3   2  -1       0.04245887  d_yz
   15   3   2   0       0.02266309  d_z2
   15   3   2   1       0.04278155  d_xz
   15   3   2   2       0.02502860  d_x2-y2
   16   1   0   0       1.37614931  s
   16   2   1  -1       0.83336370  p_y
   16   2   1   0       0.83570655  p_z
   16   2   1   1       0.82649974  p_x
   16   3   2  -2       0.03544994  d_xy
   16   3   2  -1       0.03750971  d_yz
   16   3   2   0       0.01649309  d_z2
   16   3   2   1       0.03572524  d_xz
   16   3   2   2       0.01743627  d_x2-y2
   17   1   0   0       1.37105149  s
   17   2   1  -1       0.82888814  p_y
   17   2   1   0       0.82576280  p_z
   17   2   1   1       0.83420576  p_x
   17   3   2  -2       0.03444546  d_xy
   17   3   2  -1       0.04278737  d_yz
   17   3   2   0       0.01877703  d_z2
   17   3   2   1       0.03835118  d_xz
   17   3   2   2       0.01923635  d_x2-y2
   18   1   0   0       1.34953770  s
   18   2   1  -1       0.83168263  p_y
   18   2   1   0       0.83360363  p_z
   18   2   1   1       0.82876620  p_x
   18   3   2  -2       0.04982721  d_xy
   18   3   2  -1       0.03480228  d_yz
   18   3   2   0       0.02186315  d_z2
   18   3   2   1       0.03550158  d_xz
   18   3   2   2       0.01856177  d_x2-y2
   19   1   0   0       1.36409422  s
   19   2   1  -1       0.83098712  p_y
   19   2   1   0       0.83186980  p_z
   19   2   1   1       0.82486473  p_x
   19   3   2  -2       0.03782437  d_xy
   19   3   2  -1       0.03537232  d_yz
   19   3   2   0       0.01784385  d_z2
   19   3   2   1       0.04470031  d_xz
   19   3   2   2       0.02028292  d_x2-y2
   20   1   0   0       1.35210619  s
   20   2   1  -1       0.82753382  p_y
   20   2   1   0       0.82569420  p_z
   20   2   1   1       0.82428650  p_x
   20   3   2  -2       0.04213192  d_xy
   20   3   2  -1       0.04305424  d_yz
   20   3   2   0       0.02209402  d_z2
   20   3   2   1       0.03840209  d_xz
   20   3   2   2       0.02034296  d_x2-y2
   21   1   0   0       1.37420970  s
   21   2   1  -1       0.83274361  p_y
   21   2   1   0       0.83631265  p_z
   21   2   1   1       0.82563262  p_x
   21   3   2  -2       0.04185325  d_xy
   21   3   2  -1       0.03553333  d_yz
   21   3   2   0       0.01891871  d_z2
   21   3   2   1       0.03444421  d_xz
   21   3   2   2       0.01823318  d_x2-y2
   22   1   0   0       1.33176915  s
   22   2   1  -1       0.82574088  p_y
   22   2   1   0       0.82257384  p_z
   22   2   1   1       0.82429594  p_x
   22   3   2  -2       0.04184466  d_xy
   22   3   2  -1       0.04640492  d_yz
   22   3   2   0       0.02507448  d_z2
   22   3   2   1       0.03856842  d_xz
   22   3   2   2       0.02211885  d_x2-y2
   23   1   0   0       1.39791776  s
   23   2   1  -1       0.83014397  p_y
   23   2   1   0       0.82858369  p_z
   23   2   1   1       0.82923020  p_x
   23   3   2  -2       0.03565582  d_xy
   23   3   2  -1       0.03501750  d_yz
   23   3   2   0       0.01664277  d_z2
   23   3   2   1       0.03722307  d_xz
   23   3   2   2       0.01532344  d_x2-y2
   24   1   0   0       1.34908559  s
   24   2   1  -1       0.82983468  p_y
   24   2   1   0       0.82637091  p_z
   24   2   1   1       0.82735367  p_x
   24   3   2  -2       0.03858986  d_xy
   24   3   2  -1       0.03485643  d_yz
   24   3   2   0       0.02101056  d_z2
   24   3   2   1       0.04813097  d_xz
   24   3   2   2       0.02147907  d_x2-y2
   25   1   0   0       1.35025975  s
   25   2   1  -1       0.82972622  p_y
   25   2   1   0       0.82845136  p_z
   25   2   1   1       0.82240804  p_x
   25   3   2  -2       0.04223299  d_xy
   25   3   2  -1       0.04005782  d_yz
   25   3   2   0       0.01947536  d_z2
   25   3   2   1       0.04105779  d_xz
   25   3   2   2       0.02478145  d_x2-y2
   26   1   0   0       1.40296307  s
   26   2   1  -1       0.83156270  p_y
   26   2   1   0       0.82943225  p_z
   26   2   1   1       0.82938498  p_x
   26   3   2  -2       0.03399159  d_xy
   26   3   2  -1       0.03640380  d_yz
   26   3   2   0       0.01574779  d_z2
   26   3   2   1       0.03972308  d_xz
   26   3   2   2       0.01803456  d_x2-y2
   27   1   0   0       1.35684151  s
   27   2   1  -1       0.82850569  p_y
   27   2   1   0       0.83060415  p_z
   27   2   1   1       0.82885496  p_x
   27   3   2  -2       0.04270884  d_xy
   27   3   2  -1       0.04172946  d_yz
   27   3   2   0       0.01937740  d_z2
   27   3   2   1       0.03481657  d_xz
   27   3   2   2       0.01989733  d_x2-y2
   28   1   0   0       1.36553623  s
   28   2   1  -1       0.83045318  p_y
   28   2   1   0       0.83401216  p_z
   28   2   1   1       0.82940627  p_x
   28   3   2  -2       0.03371452  d_xy
   28   3   2  -1       0.03936039  d_yz
   28   3   2   0       0.01707128  d_z2
   28   3   2   1       0.04007518  d_xz
   28   3   2   2       0.01836620  d_x2-y2
   29   1   0   0       1.37158459  s
   29   2   1  -1       0.82439030  p_y
   29   2   1   0       0.83041046  p_z
   29   2   1   1       0.83028415  p_x
   29   3   2  -2       0.03914142  d_xy
   29   3   2  -1       0.03894102  d_yz
   29   3   2   0       0.01925059  d_z2
   29   3   2   1       0.03888714  d_xz
   29   3   2   2       0.01867382  d_x2-y2
   30   1   0   0       1.38742372  s
   30   2   1  -1       0.82303999  p_y
   30   2   1   0       0.82635551  p_z
   30   2   1   1       0.82472484  p_x
   30   3   2  -2       0.03840577  d_xy
   30   3   2  -1       0.03676320  d_yz
   30   3   2   0       0.01854054  d_z2
   30   3   2   1       0.03722596  d_xz
   30   3   2   2       0.01652271  d_x2-y2
   31   1   0   0       1.34820471  s
   31   2   1  -1       0.82825152  p_y
   31   2   1   0       0.83689458  p_z
   31   2   1   1       0.83444627  p_x
   31   3   2  -2       0.03776031  d_xy
   31   3   2  -1       0.04026122  d_yz
   31   3   2   0       0.01782980  d_z2
   31   3   2   1       0.03588862  d_xz
   31   3   2   2       0.01934382  d_x2-y2
   32   1   0   0       1.33367755  s
   32   2   1  -1       0.82250001  p_y
   32   2   1   0       0.82567375  p_z
   32   2   1   1       0.82209721  p_x
   32   3   2  -2       0.03978898  d_xy
   32   3   2  -1       0.04079493  d_yz
   32   3   2   0       0.02012512  d_z2
   32   3   2   1       0.03859349  d_xz
   32   3   2   2       0.02344289  d_x2-y2
   33   1   0   0       1.34042548  s
   33   2   1  -1       0.82554004  p_y
   33   2   1   0       0.82823008  p_z
   33   2   1   1       0.82782024  p_x
   33   3   2  -2       0.03767604  d_xy
   33   3   2  -1       0.04324389  d_yz
   33   3   2   0       0.01889219  d_z2
   33   3   2   1       0.03934582  d_xz
   33   3   2   2       0.02210113  d_x2-y2
   34   1   0   0       1.35072239  s
   34   2   1  -1       0.82749677  p_y
   34   2   1   0       0.82286622  p_z
   34   2   1   1       0.83456559  p_x
   34   3   2  -2       0.03444797  d_xy
   34   3   2  -1       0.04498730  d_yz
   34   3   2   0       0.02025534  d_z2
   34   3   2   1       0.04056008  d_xz
   34   3   2   2       0.02117647  d_x2-y2
   35   1   0   0       1.34947695  s
   35   2   1  -1       0.81800381  p_y
   35   2   1   0       0.82839478  p_z
   35   2   1   1       0.82758730  p_x
   35   3   2  -2       0.03770582  d_xy
   35   3   2  -1       0.04042980  d_yz
   35   3   2   0       0.01932687  d_z2
   35   3   2   1       0.03590850  d_xz
   35   3   2   2       0.02008592  d_x2-y2
   36   1   0   0       1.39990821  s
   36   2   1  -1       0.82558095  p_y
   36   2   1   0       0.82808531  p_z
   36   2   1   1       0.82595062  p_x
   36   3   2  -2       0.03521039  d_xy
   36   3   2  -1       0.03352091  d_yz
   36   3   2   0       0.01657559  d_z2
   36   3   2   1       0.03632045  d_xz
   36   3   2   2       0.01594299  d_x2-y2
   37   1   0   0       1.33531035  s
   37   2   1  -1       0.83051892  p_y
   37   2   1   0       0.83116944  p_z
   37   2   1   1       0.82742579  p_x
   37   3   2  -2       0.04205216  d_xy
   37   3   2  -1       0.03826997  d_yz
   37   3   2   0       0.02141975  d_z2
   37   3   2   1       0.04195955  d_xz
   37   3   2   2       0.02122346  d_x2-y2
   38   1   0   0       1.37866978  s
   38   2   1  -1       0.82754250  p_y
   38   2   1   0       0.83011221  p_z
   38   2   1   1       0.82017674  p_x
   38   3   2  -2       0.04604802  d_xy
   38   3   2  -1       0.03248449  d_yz
   38   3   2   0       0.01917344  d_z2
   38   3   2   1       0.03684653  d_xz
   38   3   2   2       0.01869278  d_x2-y2
   39   1   0   0       1.36570132  s
   39   2   1  -1       0.83656360  p_y
   39   2   1   0       0.82766633  p_z
   39   2   1   1       0.82952172  p_x
   39   3   2  -2       0.03503074  d_xy
   39   3   2  -1       0.03946946  d_yz
   39   3   2   0       0.01895425  d_z2
   39   3   2   1       0.03945844  d_xz
   39   3   2   2       0.01783563  d_x2-y2
   40   1   0   0       1.36450612  s
   40   2   1  -1       0.82577643  p_y
   40   2   1   0       0.82532817  p_z
   40   2   1   1       0.82777911  p_x
   40   3   2  -2       0.03691470  d_xy
   40   3   2  -1       0.04307703  d_yz
   40   3   2   0       0.01883306  d_z2
   40   3   2   1       0.03824540  d_xz
   40   3   2   2       0.02051492  d_x2-y2
   41   1   0   0       1.39011093  s
   41   2   1  -1       0.82825177  p_y
   41   2   1   0       0.82917073  p_z
   41   2   1   1       0.82546183  p_x
   41   3   2  -2       0.03717125  d_xy
   41   3   2  -1       0.03384264  d_yz
   41   3   2   0       0.01567669  d_z2
   41   3   2   1       0.03565705  d_xz
   41   3   2   2       0.01623803  d_x2-y2
   42   1   0   0       1.36567122  s
   42   2   1  -1       0.82751086  p_y
   42   2   1   0       0.82679627  p_z
   42   2   1   1       0.82915807  p_x
   42   3   2  -2       0.03913145  d_xy
   42   3   2  -1       0.04092199  d_yz
   42   3   2   0       0.02029418  d_z2
   42   3   2   1       0.03715891  d_xz
   42   3   2   2       0.01826585  d_x2-y2
   43   1   0   0       1.35126839  s
   43   2   1  -1       0.81919310  p_y
   43   2   1   0       0.82271378  p_z
   43   2   1   1       0.82293364  p_x
   43   3   2  -2       0.04256230  d_xy
   43   3   2  -1       0.04123032  d_yz
   43   3   2   0       0.02241212  d_z2
   43   3   2   1       0.04141437  d_xz
   43   3   2   2       0.02150383  d_x2-y2
   44   1   0   0       1.34766151  s
   44   2   1  -1       0.82940104  p_y
   44   2   1   0       0.83024300  p_z
   44   2   1   1       0.82460906  p_x
   44   3   2  -2       0.04812676  d_xy
   44   3   2  -1       0.03697395  d_yz
   44   3   2   0       0.02097288  d_z2
   44   3   2   1       0.03657401  d_xz
   44   3   2   2       0.01944246  d_x2-y2
   45   1   0   0       1.36037106  s
   45   2   1  -1       0.82779479  p_y
   45   2   1   0       0.82463248  p_z
   45   2   1   1       0.82772087  p_x
   45   3   2  -2       0.04181222  d_xy
   45   3   2  -1       0.04013853  d_yz
   45   3   2   0       0.02106298  d_z2
   45   3   2   1       0.04022237  d_xz
   45   3   2   2       0.01971975  d_x2-y2
   46   1   0   0       1.36259684  s
   46   2   1  -1       0.82495738  p_y
   46   2   1   0       0.82881034  p_z
   46   2   1   1       0.82172128  p_x
   46   3   2  -2       0.04032803  d_xy
   46   3   2  -1       0.03621550  d_yz
   46   3   2   0       0.01914530  d_z2
   46   3   2   1       0.03851842  d_xz
   46   3   2   2       0.02001149  d_x2-y2
   47   1   0   0       1.34784256  s
   47   2   1  -1       0.82278229  p_y
   47   2   1   0       0.81703349  p_z
   47   2   1   1       0.82711824  p_x
   47   3   2  -2       0.04117627  d_xy
   47   3   2  -1       0.04145157  d_yz
   47   3   2   0       0.02236577  d_z2
   47   3   2   1       0.04291584  d_xz
   47   3   2   2       0.02299314  d_x2-y2
   48   1   0   0       1.32467657  s
   48   2   1  -1       0.82787982  p_y
   48   2   1   0       0.83103386  p_z
   48   2   1   1       0.83016804  p_x
   48   3   2  -2       0.03681110  d_xy
   48   3   2  -1       0.04300133  d_yz
   48   3   2   0       0.02079556  d_z2
   48   3   2   1       0.04133019  d_xz
   48   3   2   2       0.02307802  d_x2-y2
   49   1   0   0       1.39969931  s
   49   2   1  -1       0.83367216  p_y
   49   2   1   0       0.83349991  p_z
   49   2   1   1       0.83281907  p_x
   49   3   2  -2       0.03258297  d_xy
   49   3   2  -1       0.03734515  d_yz
   49   3   2   0       0.01501041  d_z2
   49   3   2   1       0.03288876  d_xz
   49   3   2   2       0.01521442  d_x2-y2
   50   1   0   0       1.37211248  s
   50   2   1  -1       0.82148893  p_y
   50   2   1   0       0.82399285  p_z
   50   2   1   1       0.82314513  p_x
   50   3   2  -2       0.04078349  d_xy
   50   3   2  -1       0.04209137  d_yz
   50   3   2   0       0.01942099  d_z2
   50   3   2   1       0.03730013  d_xz
   50   3   2   2       0.02006783  d_x2-y2
   51   1   0   0       1.35292025  s
   51   2   1  -1       0.83540840  p_y
   51   2   1   0       0.83229116  p_z
   51   2   1   1       0.83127060  p_x
   51   3   2  -2       0.03754175  d_xy
   51   3   2  -1       0.03833207  d_yz
   51   3   2   0       0.01774203  d_z2
   51   3   2   1       0.04009548  d_xz
   51   3   2   2       0.01980266  d_x2-y2
   52   1   0   0       1.34169432  s
   52   2   1  -1       0.82721810  p_y
   52   2   1   0       0.83269944  p_z
   52   2   1   1       0.82423039  p_x
   52   3   2  -2       0.04134195  d_xy
   52   3   2  -1       0.03858065  d_yz
   52   3   2   0       0.02181808  d_z2
   52   3   2   1       0.04331301  d_xz
   52   3   2   2       0.02208661  d_x2-y2
   53   1   0   0       1.33840824  s
   53   2   1  -1       0.82533447  p_y
   53   2   1   0       0.82315216  p_z
   53   2   1   1       0.82383664  p_x
   53   3   2  -2       0.03821635  d_xy
   53   3   2  -1       0.04077599  d_yz
   53   3   2   0       0.02268177  d_z2
   53   3   2   1       0.04973683  d_xz
   53   3   2   2       0.02404587  d_x2-y2
   54   1   0   0       1.35277301  s
   54   2   1  -1       0.81585760  p_y
   54   2   1   0       0.82878081  p_z
   54   2   1   1       0.82735330  p_x
   54   3   2  -2       0.04394232  d_xy
   54   3   2  -1       0.04244474  d_yz
   54   3   2   0       0.01947123  d_z2
   54   3   2   1       0.03538499  d_xz
   54   3   2   2       0.02346605  d_x2-y2
   55   1   0   0       1.38205592  s
   55   2   1  -1       0.82898237  p_y
   55   2   1   0       0.82315474  p_z
   55   2   1   1       0.82658385  p_x
   55   3   2  -2       0.03564947  d_xy
   55   3   2  -1       0.03755208  d_yz
   55   3   2   0       0.01780139  d_z2
   55   3   2   1       0.04158182  d_xz
   55   3   2   2       0.01767076  d_x2-y2
   56   1   0   0       1.35868964  s
   56   2   1  -1       0.82761151  p_y
   56   2   1   0       0.82494951  p_z
   56   2   1   1       0.82684993  p_x
   56   3   2  -2       0.03947186  d_xy
   56   3   2  -1       0.03583691  d_yz
   56   3   2   0       0.02147481  d_z2
   56   3   2   1       0.04319531  d_xz
   56   3   2   2       0.01836474  d_x2-y2
   57   1   0   0       1.37607620  s
   57   2   1  -1       0.83507788  p_y
   57   2   1   0       0.82879133  p_z
   57   2   1   1       0.82988424  p_x
   57   3   2  -2       0.04013104  d_xy
   57   3   2  -1       0.03274758  d_yz
   57   3   2   0       0.01918952  d_z2
   57   3   2   1       0.04196488  d_xz
   57   3   2   2       0.01757366  d_x2-y2
   58   1   0   0       1.38165306  s
   58   2   1  -1       0.82418491  p_y
   58   2   1   0       0.82584046  p_z
   58   2   1   1       0.82450900  p_x
   58   3   2  -2       0.03859416  d_xy
   58   3   2  -1       0.03557627  d_yz
   58   3   2   0       0.01933433  d_z2
   58   3   2   1       0.03754200  d_xz
   58   3   2   2       0.01658162  d_x2-y2
   59   1   0   0       1.35658531  s
   59   2   1  -1       0.82219781  p_y
   59   2   1   0       0.82459404  p_z
   59   2   1   1       0.82912682  p_x
   59   3   2  -2       0.04066453  d_xy
   59   3   2  -1       0.04784286  d_yz
   59   3   2   0       0.02197444  d_z2
   59   3   2   1       0.04037178  d_xz
   59   3   2   2       0.02274698  d_x2-y2
   60   1   0   0       1.37293746  s
   60   2   1  -1       0.82945279  p_y
   60   2   1   0       0.82999809  p_z
   60   2   1   1       0.82958116  p_x
   60   3   2  -2       0.03595069  d_xy
   60   3   2  -1       0.03930813  d_yz
   60   3   2   0       0.01756534  d_z2
   60   3   2   1       0.03435976  d_xz
   60   3   2   2       0.01687137  d_x2-y2
   61   1   0   0       1.33321118  s
   61   2   1  -1       0.82278386  p_y
   61   2   1   0       0.82726156  p_z
   61   2   1   1       0.83054965  p_x
   61   3   2  -2       0.04254655  d_xy
   61   3   2  -1       0.04597569  d_yz
   61   3   2   0       0.02236257  d_z2
   61   3   2   1       0.03708308  d_xz
   61   3   2   2       0.02284629  d_x2-y2
   62   1   0   0       1.36317465  s
   62   2   1  -1       0.82702177  p_y
   62   2   1   0       0.82023096  p_z
   62   2   1   1       0.81952268  p_x
   62   3   2  -2       0.03951748  d_xy
   62   3   2  -1       0.03917412  d_yz
   62   3   2   0       0.02201386  d_z2
   62   3   2   1       0.04880389  d_xz
   62   3   2   2       0.02043567  d_x2-y2
   63   1   0   0       1.36877072  s
   63   2   1  -1       0.82929163  p_y
   63   2   1   0       0.83272748  p_z
   63   2   1   1       0.82925360  p_x
   63   3   2  -2       0.04287295  d_xy
   63   3   2  -1       0.03452241  d_yz
   63   3   2   0       0.01791944  d_z2
   63   3   2   1       0.03465327  d_xz
   63   3   2   2       0.01736815  d_x2-y2
   64   1   0   0       1.31048550  s
   64   2   1  -1       0.83046909  p_y
   64   2   1   0       0.82020522  p_z
   64   2   1   1       0.83394805  p_x
   64   3   2  -2       0.04349020  d_xy
   64   3   2  -1       0.04941581  d_yz
   64   3   2   0       0.02810503  d_z2
   64   3   2   1       0.04341029  d_xz
   64   3   2   2       0.02379220  d_x2-y2

Fermi level:                        -0.1334776242 H           -3.6321 eV
Band energy:                       -88.1526691877 H        -2398.7562 eV
TS:                                  0.0000000000 H            0.0000 eV
Band free energy (E-TS):           -88.1526691877 H        -2398.7562 eV
Extrapolated E(0K):                -88.1526691877 H        -2398.7562 eV
Input / Output electrons (q):    256.0000000000    256.0000000000

Energy H0:                         -88.1292544822 H        -2398.1190 eV
Energy SCC:                          0.0007481610 H            0.0204 eV
Total Electronic energy:           -88.1285063212 H        -2398.0987 eV
Repulsive energy:                    0.0000000000 H            0.0000 eV
Total energy:                      -88.1285063212 H        -2398.0987 eV
Extrapolated to 0:                 -88.1285063212 H        -2398.0987 eV
Total Mermin free energy:          -88.1285063212 H        -2398.0987 eV
Force related energy:              -88.1285063212 H        -2398.0987 eV

Non-constrained calculation

SCC converged

Warning: dipole moment is not defined absolutely!
Dipole moment:    0.37437876   -0.53033296   -0.71782439 au
Dipole moment:    0.95157598   -1.34797204   -1.82452777 Debye


