 Fermi distribution function

Calculation with static geometry


********************************************************************************
 iSCC Total electronic   Diff electronic      SCC error    
    9   -0.88197589E+02   -0.66864914E-09    0.61153265E-05
********************************************************************************

 Total charge:    -0.00000000

 Atomic gross charges (e)
 Atom           Charge
    1      -0.01141044
    2       0.00939921
    3      -0.01630377
    4      -0.00517406
    5       0.00385395
    6      -0.00467794
    7      -0.00113182
    8       0.00745318
    9       0.00234749
   10      -0.00372428
   11      -0.00901249
   12       0.00691226
   13      -0.01230514
   14      -0.00281304
   15      -0.00016867
   16      -0.01308638
   17      -0.00217440
   18      -0.01356237
   19       0.00908608
   20      -0.00358150
   21       0.00805390
   22      -0.00245070
   23      -0.00939079
   24       0.00982179
   25       0.01042735
   26       0.01294134
   27      -0.00698278
   28      -0.00120902
   29      -0.01124816
   30       0.02168722
   31       0.00467096
   32       0.01118980
   33       0.00476826
   34      -0.01491108
   35      -0.00296248
   36       0.01011237
   37      -0.01725575
   38       0.01484101
   39      -0.01269479
   40       0.00881089
   41       0.01230986
   42      -0.00745130
   43      -0.01983248
   44      -0.00097351
   45      -0.00835555
   46       0.00773519
   47      -0.00748258
   48      -0.00359778
   49       0.00994158
   50       0.01116575
   51      -0.01379535
   52      -0.00229056
   53      -0.00615814
   54      -0.00459237
   55       0.01387408
   56      -0.00323777
   57       0.01171157
   58       0.00151854
   59       0.00260008
   60       0.00197305
   61       0.00068075
   62       0.00702822
   63       0.00794986
   64       0.01113362

Nr. of electrons (up):    256.00000000
Atom populations (up)
 Atom       Population
    1       4.01141044
    2       3.99060079
    3       4.01630377
    4       4.00517406
    5       3.99614605
    6       4.00467794
    7       4.00113182
    8       3.99254682
    9       3.99765251
   10       4.00372428
   11       4.00901249
   12       3.99308774
   13       4.01230514
   14       4.00281304
   15       4.00016867
   16       4.01308638
   17       4.00217440
   18       4.01356237
   19       3.99091392
   20       4.00358150
   21       3.99194610
   22       4.00245070
   23       4.00939079
   24       3.99017821
   25       3.98957265
   26       3.98705866
   27       4.00698278
   28       4.00120902
   29       4.01124816
   30       3.97831278
   31       3.99532904
   32       3.98881020
   33       3.99523174
   34       4.01491108
   35       4.00296248
   36       3.98988763
   37       4.01725575
   38       3.98515899
   39       4.01269479
   40       3.99118911
   41       3.98769014
   42       4.00745130
   43       4.01983248
   44       4.00097351
   45       4.00835555
   46       3.99226481
   47       4.00748258
   48       4.00359778
   49       3.99005842
   50       3.98883425
   51       4.01379535
   52       4.00229056
   53       4.00615814
   54       4.00459237
   55       3.98612592
   56       4.00323777
   57       3.98828843
   58       3.99848146
   59       3.99739992
   60       3.99802695
   61       3.99931925
   62       3.99297178
   63       3.99205014
   64       3.98886638

l-shell populations (up)
 Atom Sh.   l       Population
    1   1   0       1.36659551
    1   2   1       2.49295783
    1   3   2       0.15185710
    2   1   0       1.34568717
    2   2   1       2.48405457
    2   3   2       0.16085905
    3   1   0       1.37969013
    3   2   1       2.48873940
    3   3   2       0.14787424
    4   1   0       1.36217250
    4   2   1       2.49235330
    4   3   2       0.15064826
    5   1   0       1.34340974
    5   2   1       2.48786333
    5   3   2       0.16487298
    6   1   0       1.37419346
    6   2   1       2.48093831
    6   3   2       0.14954618
    7   1   0       1.36371514
    7   2   1       2.48170750
    7   3   2       0.15570919
    8   1   0       1.34816469
    8   2   1       2.47944847
    8   3   2       0.16493366
    9   1   0       1.34978612
    9   2   1       2.49097565
    9   3   2       0.15689074
   10   1   0       1.36432729
   10   2   1       2.48046029
   10   3   2       0.15893670
   11   1   0       1.36350761
   11   2   1       2.48919309
   11   3   2       0.15631178
   12   1   0       1.35524541
   12   2   1       2.48182611
   12   3   2       0.15601622
   13   1   0       1.37200677
   13   2   1       2.49256753
   13   3   2       0.14773084
   14   1   0       1.35572308
   14   2   1       2.48903264
   14   3   2       0.15805731
   15   1   0       1.35073668
   15   2   1       2.48899016
   15   3   2       0.16044183
   16   1   0       1.37069502
   16   2   1       2.49693676
   16   3   2       0.14545460
   17   1   0       1.36448446
   17   2   1       2.48431061
   17   3   2       0.15337932
   18   1   0       1.38214980
   18   2   1       2.48596891
   18   3   2       0.14544365
   19   1   0       1.33623978
   19   2   1       2.48581512
   19   3   2       0.16885903
   20   1   0       1.36483913
   20   2   1       2.48456997
   20   3   2       0.15417241
   21   1   0       1.33952781
   21   2   1       2.48453347
   21   3   2       0.16788482
   22   1   0       1.37163712
   22   2   1       2.48096600
   22   3   2       0.14984759
   23   1   0       1.37761675
   23   2   1       2.48569744
   23   3   2       0.14607661
   24   1   0       1.35368231
   24   2   1       2.47483999
   24   3   2       0.16165591
   25   1   0       1.34402504
   25   2   1       2.48133782
   25   3   2       0.16420980
   26   1   0       1.33480318
   26   2   1       2.48355297
   26   3   2       0.16870250
   27   1   0       1.37409158
   27   2   1       2.48887214
   27   3   2       0.14401906
   28   1   0       1.36112025
   28   2   1       2.49092535
   28   3   2       0.14916341
   29   1   0       1.37578212
   29   2   1       2.49178996
   29   3   2       0.14367607
   30   1   0       1.32221554
   30   2   1       2.48502005
   30   3   2       0.17107720
   31   1   0       1.34081081
   31   2   1       2.48521861
   31   3   2       0.16929962
   32   1   0       1.34049792
   32   2   1       2.48204927
   32   3   2       0.16626301
   33   1   0       1.35274506
   33   2   1       2.47619427
   33   3   2       0.16629241
   34   1   0       1.37122791
   34   2   1       2.49626243
   34   3   2       0.14742073
   35   1   0       1.36004052
   35   2   1       2.49102699
   35   3   2       0.15189497
   36   1   0       1.34163658
   36   2   1       2.48066657
   36   3   2       0.16758448
   37   1   0       1.38110269
   37   2   1       2.49737601
   37   3   2       0.13877705
   38   1   0       1.34307668
   38   2   1       2.48068192
   38   3   2       0.16140039
   39   1   0       1.36414416
   39   2   1       2.48708417
   39   3   2       0.16146646
   40   1   0       1.35032513
   40   2   1       2.48554359
   40   3   2       0.15532040
   41   1   0       1.33293774
   41   2   1       2.48919305
   41   3   2       0.16555935
   42   1   0       1.36563718
   42   2   1       2.48625851
   42   3   2       0.15555561
   43   1   0       1.38865159
   43   2   1       2.48893909
   43   3   2       0.14224179
   44   1   0       1.35199394
   44   2   1       2.48362522
   44   3   2       0.16535435
   45   1   0       1.36015406
   45   2   1       2.48854166
   45   3   2       0.15965983
   46   1   0       1.35445385
   46   2   1       2.47786614
   46   3   2       0.15994482
   47   1   0       1.35961153
   47   2   1       2.49496428
   47   3   2       0.15290677
   48   1   0       1.36780527
   48   2   1       2.48194129
   48   3   2       0.15385123
   49   1   0       1.33962189
   49   2   1       2.47705268
   49   3   2       0.17338385
   50   1   0       1.34317915
   50   2   1       2.48267060
   50   3   2       0.16298449
   51   1   0       1.38098342
   51   2   1       2.48788386
   51   3   2       0.14492807
   52   1   0       1.37135357
   52   2   1       2.48562335
   52   3   2       0.14531364
   53   1   0       1.37879178
   53   2   1       2.48620076
   53   3   2       0.14116560
   54   1   0       1.36446938
   54   2   1       2.48137702
   54   3   2       0.15874597
   55   1   0       1.34207039
   55   2   1       2.47442373
   55   3   2       0.16963180
   56   1   0       1.36624801
   56   2   1       2.48476313
   56   3   2       0.15222664
   57   1   0       1.33597765
   57   2   1       2.48851977
   57   3   2       0.16379102
   58   1   0       1.36362112
   58   2   1       2.48549233
   58   3   2       0.14936800
   59   1   0       1.35820162
   59   2   1       2.47994430
   59   3   2       0.15925400
   60   1   0       1.35219142
   60   2   1       2.48359994
   60   3   2       0.16223558
   61   1   0       1.36261188
   61   2   1       2.48339935
   61   3   2       0.15330802
   62   1   0       1.34751439
   62   2   1       2.49144751
   62   3   2       0.15400987
   63   1   0       1.34830536
   63   2   1       2.48982148
   63   3   2       0.15392331
   64   1   0       1.34370909
   64   2   1       2.48224427
   64   3   2       0.16291302

Orbital populations (up)
 Atom Sh.   l   m       Population  Label
    1   1   0   0       1.36659551  s
    1   2   1  -1       0.83070568  p_y
    1   2   1   0       0.83042856  p_z
    1   2   1   1       0.83182358  p_x
    1   3   2  -2       0.03688004  d_xy
    1   3   2  -1       0.03684107  d_yz
    1   3   2   0       0.01868958  d_z2
    1   3   2   1       0.04162652  d_xz
    1   3   2   2       0.01781988  d_x2-y2
    2   1   0   0       1.34568717  s
    2   2   1  -1       0.82586623  p_y
    2   2   1   0       0.82780708  p_z
    2   2   1   1       0.83038127  p_x
    2   3   2  -2       0.04080504  d_xy
    2   3   2  -1       0.04189711  d_yz
    2   3   2   0       0.02086681  d_z2
    2   3   2   1       0.03761645  d_xz
    2   3   2   2       0.01967364  d_x2-y2
    3   1   0   0       1.37969013  s
    3   2   1  -1       0.82830707  p_y
    3   2   1   0       0.82811892  p_z
    3   2   1   1       0.83231340  p_x
    3   3   2  -2       0.03548463  d_xy
    3   3   2  -1       0.03997848  d_yz
    3   3   2   0       0.01767683  d_z2
    3   3   2   1       0.03732740  d_xz
    3   3   2   2       0.01740689  d_x2-y2
    4   1   0   0       1.36217250  s
    4   2   1  -1       0.82649370  p_y
    4   2   1   0       0.83599905  p_z
    4   2   1   1       0.82986055  p_x
    4   3   2  -2       0.03924732  d_xy
    4   3   2  -1       0.03702505  d_yz
    4   3   2   0       0.01697491  d_z2
    4   3   2   1       0.03750951  d_xz
    4   3   2   2       0.01989147  d_x2-y2
    5   1   0   0       1.34340974  s
    5   2   1  -1       0.82881005  p_y
    5   2   1   0       0.83140052  p_z
    5   2   1   1       0.82765276  p_x
    5   3   2  -2       0.03949052  d_xy
    5   3   2  -1       0.04127275  d_yz
    5   3   2   0       0.01995492  d_z2
    5   3   2   1       0.04156332  d_xz
    5   3   2   2       0.02259147  d_x2-y2
    6   1   0   0       1.37419346  s
    6   2   1  -1       0.82512666  p_y
    6   2   1   0       0.83059352  p_z
    6   2   1   1       0.82521813  p_x
    6   3   2  -2       0.03894388  d_xy
    6   3   2  -1       0.03592890  d_yz
    6   3   2   0       0.01729762  d_z2
    6   3   2   1       0.03835501  d_xz
    6   3   2   2       0.01902076  d_x2-y2
    7   1   0   0       1.36371514  s
    7   2   1  -1       0.82619246  p_y
    7   2   1   0       0.82802586  p_z
    7   2   1   1       0.82748918  p_x
    7   3   2  -2       0.04261861  d_xy
    7   3   2  -1       0.03686280  d_yz
    7   3   2   0       0.02036366  d_z2
    7   3   2   1       0.03765181  d_xz
    7   3   2   2       0.01821230  d_x2-y2
    8   1   0   0       1.34816469  s
    8   2   1  -1       0.82721725  p_y
    8   2   1   0       0.82573532  p_z
    8   2   1   1       0.82649590  p_x
    8   3   2  -2       0.04140682  d_xy
    8   3   2  -1       0.03853501  d_yz
    8   3   2   0       0.02100164  d_z2
    8   3   2   1       0.04288949  d_xz
    8   3   2   2       0.02110070  d_x2-y2
    9   1   0   0       1.34978612  s
    9   2   1  -1       0.83093975  p_y
    9   2   1   0       0.82982918  p_z
    9   2   1   1       0.83020672  p_x
    9   3   2  -2       0.04145978  d_xy
    9   3   2  -1       0.03831504  d_yz
    9   3   2   0       0.02001817  d_z2
    9   3   2   1       0.03739136  d_xz
    9   3   2   2       0.01970638  d_x2-y2
   10   1   0   0       1.36432729  s
   10   2   1  -1       0.82431861  p_y
   10   2   1   0       0.82849090  p_z
   10   2   1   1       0.82765079  p_x
   10   3   2  -2       0.04071300  d_xy
   10   3   2  -1       0.04126560  d_yz
   10   3   2   0       0.01956367  d_z2
   10   3   2   1       0.03784296  d_xz
   10   3   2   2       0.01955147  d_x2-y2
   11   1   0   0       1.36350761  s
   11   2   1  -1       0.83083641  p_y
   11   2   1   0       0.83094536  p_z
   11   2   1   1       0.82741132  p_x
   11   3   2  -2       0.04129471  d_xy
   11   3   2  -1       0.03945498  d_yz
   11   3   2   0       0.01966168  d_z2
   11   3   2   1       0.03710142  d_xz
   11   3   2   2       0.01879899  d_x2-y2
   12   1   0   0       1.35524541  s
   12   2   1  -1       0.82819128  p_y
   12   2   1   0       0.82866881  p_z
   12   2   1   1       0.82496602  p_x
   12   3   2  -2       0.04000611  d_xy
   12   3   2  -1       0.03876782  d_yz
   12   3   2   0       0.01775652  d_z2
   12   3   2   1       0.03925592  d_xz
   12   3   2   2       0.02022985  d_x2-y2
   13   1   0   0       1.37200677  s
   13   2   1  -1       0.83268459  p_y
   13   2   1   0       0.83068557  p_z
   13   2   1   1       0.82919737  p_x
   13   3   2  -2       0.03554268  d_xy
   13   3   2  -1       0.03987009  d_yz
   13   3   2   0       0.01740365  d_z2
   13   3   2   1       0.03746121  d_xz
   13   3   2   2       0.01745322  d_x2-y2
   14   1   0   0       1.35572308  s
   14   2   1  -1       0.82831962  p_y
   14   2   1   0       0.83206667  p_z
   14   2   1   1       0.82864635  p_x
   14   3   2  -2       0.03947651  d_xy
   14   3   2  -1       0.04047768  d_yz
   14   3   2   0       0.01810113  d_z2
   14   3   2   1       0.03898032  d_xz
   14   3   2   2       0.02102168  d_x2-y2
   15   1   0   0       1.35073668  s
   15   2   1  -1       0.82941015  p_y
   15   2   1   0       0.83011126  p_z
   15   2   1   1       0.82946875  p_x
   15   3   2  -2       0.04197854  d_xy
   15   3   2  -1       0.03832966  d_yz
   15   3   2   0       0.01992710  d_z2
   15   3   2   1       0.04018155  d_xz
   15   3   2   2       0.02002497  d_x2-y2
   16   1   0   0       1.37069502  s
   16   2   1  -1       0.83101006  p_y
   16   2   1   0       0.83418414  p_z
   16   2   1   1       0.83174256  p_x
   16   3   2  -2       0.03855445  d_xy
   16   3   2  -1       0.03664862  d_yz
   16   3   2   0       0.01731967  d_z2
   16   3   2   1       0.03565598  d_xz
   16   3   2   2       0.01727588  d_x2-y2
   17   1   0   0       1.36448446  s
   17   2   1  -1       0.83007829  p_y
   17   2   1   0       0.82646197  p_z
   17   2   1   1       0.82777035  p_x
   17   3   2  -2       0.03785280  d_xy
   17   3   2  -1       0.03771154  d_yz
   17   3   2   0       0.01872829  d_z2
   17   3   2   1       0.04086447  d_xz
   17   3   2   2       0.01822223  d_x2-y2
   18   1   0   0       1.38214980  s
   18   2   1  -1       0.82770176  p_y
   18   2   1   0       0.83043538  p_z
   18   2   1   1       0.82783178  p_x
   18   3   2  -2       0.03749974  d_xy
   18   3   2  -1       0.03777258  d_yz
   18   3   2   0       0.01691338  d_z2
   18   3   2   1       0.03473603  d_xz
   18   3   2   2       0.01852193  d_x2-y2
   19   1   0   0       1.33623978  s
   19   2   1  -1       0.82934555  p_y
   19   2   1   0       0.82313820  p_z
   19   2   1   1       0.83333137  p_x
   19   3   2  -2       0.03798999  d_xy
   19   3   2  -1       0.04516072  d_yz
   19   3   2   0       0.02250690  d_z2
   19   3   2   1       0.04200941  d_xz
   19   3   2   2       0.02119202  d_x2-y2
   20   1   0   0       1.36483913  s
   20   2   1  -1       0.82723332  p_y
   20   2   1   0       0.82551089  p_z
   20   2   1   1       0.83182576  p_x
   20   3   2  -2       0.04022704  d_xy
   20   3   2  -1       0.03735316  d_yz
   20   3   2   0       0.01948839  d_z2
   20   3   2   1       0.03903505  d_xz
   20   3   2   2       0.01806877  d_x2-y2
   21   1   0   0       1.33952781  s
   21   2   1  -1       0.83037971  p_y
   21   2   1   0       0.82647288  p_z
   21   2   1   1       0.82768088  p_x
   21   3   2  -2       0.03881164  d_xy
   21   3   2  -1       0.04011769  d_yz
   21   3   2   0       0.02158257  d_z2
   21   3   2   1       0.04583470  d_xz
   21   3   2   2       0.02153821  d_x2-y2
   22   1   0   0       1.37163712  s
   22   2   1  -1       0.82881773  p_y
   22   2   1   0       0.82899245  p_z
   22   2   1   1       0.82315582  p_x
   22   3   2  -2       0.03798624  d_xy
   22   3   2  -1       0.03408789  d_yz
   22   3   2   0       0.01737809  d_z2
   22   3   2   1       0.04101798  d_xz
   22   3   2   2       0.01937739  d_x2-y2
   23   1   0   0       1.37761675  s
   23   2   1  -1       0.83313352  p_y
   23   2   1   0       0.82288366  p_z
   23   2   1   1       0.82968025  p_x
   23   3   2  -2       0.03415301  d_xy
   23   3   2  -1       0.03704981  d_yz
   23   3   2   0       0.01844189  d_z2
   23   3   2   1       0.04039917  d_xz
   23   3   2   2       0.01603272  d_x2-y2
   24   1   0   0       1.35368231  s
   24   2   1  -1       0.82222249  p_y
   24   2   1   0       0.82452766  p_z
   24   2   1   1       0.82808984  p_x
   24   3   2  -2       0.03992863  d_xy
   24   3   2  -1       0.04272618  d_yz
   24   3   2   0       0.01994948  d_z2
   24   3   2   1       0.03848235  d_xz
   24   3   2   2       0.02056927  d_x2-y2
   25   1   0   0       1.34402504  s
   25   2   1  -1       0.82662473  p_y
   25   2   1   0       0.82704873  p_z
   25   2   1   1       0.82766436  p_x
   25   3   2  -2       0.04335011  d_xy
   25   3   2  -1       0.04058711  d_yz
   25   3   2   0       0.02222400  d_z2
   25   3   2   1       0.03817760  d_xz
   25   3   2   2       0.01987098  d_x2-y2
   26   1   0   0       1.33480318  s
   26   2   1  -1       0.83114094  p_y
   26   2   1   0       0.82347529  p_z
   26   2   1   1       0.82893674  p_x
   26   3   2  -2       0.03779740  d_xy
   26   3   2  -1       0.04299155  d_yz
   26   3   2   0       0.02227827  d_z2
   26   3   2   1       0.04459554  d_xz
   26   3   2   2       0.02103974  d_x2-y2
   27   1   0   0       1.37409158  s
   27   2   1  -1       0.82850984  p_y
   27   2   1   0       0.83148046  p_z
   27   2   1   1       0.82888184  p_x
   27   3   2  -2       0.03644183  d_xy
   27   3   2  -1       0.03691105  d_yz
   27   3   2   0       0.01694074  d_z2
   27   3   2   1       0.03646887  d_xz
   27   3   2   2       0.01725656  d_x2-y2
   28   1   0   0       1.36112025  s
   28   2   1  -1       0.83238894  p_y
   28   2   1   0       0.82960660  p_z
   28   2   1   1       0.82892982  p_x
   28   3   2  -2       0.03744030  d_xy
   28   3   2  -1       0.03771094  d_yz
   28   3   2   0       0.01789359  d_z2
   28   3   2   1       0.03803144  d_xz
   28   3   2   2       0.01808715  d_x2-y2
   29   1   0   0       1.37578212  s
   29   2   1  -1       0.83380310  p_y
   29   2   1   0       0.82807960  p_z
   29   2   1   1       0.82990726  p_x
   29   3   2  -2       0.03653107  d_xy
   29   3   2  -1       0.03740306  d_yz
   29   3   2   0       0.01759392  d_z2
   29   3   2   1       0.03566234  d_xz
   29   3   2   2       0.01648568  d_x2-y2
   30   1   0   0       1.32221554  s
   30   2   1  -1       0.82952406  p_y
   30   2   1   0       0.82798440  p_z
   30   2   1   1       0.82751159  p_x
   30   3   2  -2       0.04065428  d_xy
   30   3   2  -1       0.04408497  d_yz
   30   3   2   0       0.02151707  d_z2
   30   3   2   1       0.04156402  d_xz
   30   3   2   2       0.02325686  d_x2-y2
   31   1   0   0       1.34081081  s
   31   2   1  -1       0.82963908  p_y
   31   2   1   0       0.82740420  p_z
   31   2   1   1       0.82817533  p_x
   31   3   2  -2       0.04365218  d_xy
   31   3   2  -1       0.04174272  d_yz
   31   3   2   0       0.02226500  d_z2
   31   3   2   1       0.04065054  d_xz
   31   3   2   2       0.02098918  d_x2-y2
   32   1   0   0       1.34049792  s
   32   2   1  -1       0.82875750  p_y
   32   2   1   0       0.82855496  p_z
   32   2   1   1       0.82473682  p_x
   32   3   2  -2       0.04166256  d_xy
   32   3   2  -1       0.04012741  d_yz
   32   3   2   0       0.02179274  d_z2
   32   3   2   1       0.04207563  d_xz
   32   3   2   2       0.02060467  d_x2-y2
   33   1   0   0       1.35274506  s
   33   2   1  -1       0.82673200  p_y
   33   2   1   0       0.82184398  p_z
   33   2   1   1       0.82761829  p_x
   33   3   2  -2       0.03931730  d_xy
   33   3   2  -1       0.04031643  d_yz
   33   3   2   0       0.02145134  d_z2
   33   3   2   1       0.04431371  d_xz
   33   3   2   2       0.02089363  d_x2-y2
   34   1   0   0       1.37122791  s
   34   2   1  -1       0.83473180  p_y
   34   2   1   0       0.82953632  p_z
   34   2   1   1       0.83199432  p_x
   34   3   2  -2       0.03885366  d_xy
   34   3   2  -1       0.03678844  d_yz
   34   3   2   0       0.01867308  d_z2
   34   3   2   1       0.03674632  d_xz
   34   3   2   2       0.01635924  d_x2-y2
   35   1   0   0       1.36004052  s
   35   2   1  -1       0.83132833  p_y
   35   2   1   0       0.82863710  p_z
   35   2   1   1       0.83106155  p_x
   35   3   2  -2       0.03670338  d_xy
   35   3   2  -1       0.03852923  d_yz
   35   3   2   0       0.01847856  d_z2
   35   3   2   1       0.03948352  d_xz
   35   3   2   2       0.01870028  d_x2-y2
   36   1   0   0       1.34163658  s
   36   2   1  -1       0.82902358  p_y
   36   2   1   0       0.82376627  p_z
   36   2   1   1       0.82787672  p_x
   36   3   2  -2       0.04010145  d_xy
   36   3   2  -1       0.04164362  d_yz
   36   3   2   0       0.02253379  d_z2
   36   3   2   1       0.04291057  d_xz
   36   3   2   2       0.02039504  d_x2-y2
   37   1   0   0       1.38110269  s
   37   2   1  -1       0.83445558  p_y
   37   2   1   0       0.83021193  p_z
   37   2   1   1       0.83270849  p_x
   37   3   2  -2       0.03561201  d_xy
   37   3   2  -1       0.03517844  d_yz
   37   3   2   0       0.01661825  d_z2
   37   3   2   1       0.03598452  d_xz
   37   3   2   2       0.01538382  d_x2-y2
   38   1   0   0       1.34307668  s
   38   2   1  -1       0.83002653  p_y
   38   2   1   0       0.82345939  p_z
   38   2   1   1       0.82719601  p_x
   38   3   2  -2       0.03444419  d_xy
   38   3   2  -1       0.04309602  d_yz
   38   3   2   0       0.01988640  d_z2
   38   3   2   1       0.04248999  d_xz
   38   3   2   2       0.02148380  d_x2-y2
   39   1   0   0       1.36414416  s
   39   2   1  -1       0.82358978  p_y
   39   2   1   0       0.83238625  p_z
   39   2   1   1       0.83110815  p_x
   39   3   2  -2       0.04152248  d_xy
   39   3   2  -1       0.04113277  d_yz
   39   3   2   0       0.01902949  d_z2
   39   3   2   1       0.03845736  d_xz
   39   3   2   2       0.02132436  d_x2-y2
   40   1   0   0       1.35032513  s
   40   2   1  -1       0.83165157  p_y
   40   2   1   0       0.82542891  p_z
   40   2   1   1       0.82846311  p_x
   40   3   2  -2       0.03781394  d_xy
   40   3   2  -1       0.03902508  d_yz
   40   3   2   0       0.02011254  d_z2
   40   3   2   1       0.03981171  d_xz
   40   3   2   2       0.01855713  d_x2-y2
   41   1   0   0       1.33293774  s
   41   2   1  -1       0.82998932  p_y
   41   2   1   0       0.83347429  p_z
   41   2   1   1       0.82572944  p_x
   41   3   2  -2       0.04606385  d_xy
   41   3   2  -1       0.03826976  d_yz
   41   3   2   0       0.02143883  d_z2
   41   3   2   1       0.03840849  d_xz
   41   3   2   2       0.02137842  d_x2-y2
   42   1   0   0       1.36563718  s
   42   2   1  -1       0.83181140  p_y
   42   2   1   0       0.82853841  p_z
   42   2   1   1       0.82590871  p_x
   42   3   2  -2       0.03666644  d_xy
   42   3   2  -1       0.03859600  d_yz
   42   3   2   0       0.01862766  d_z2
   42   3   2   1       0.04211199  d_xz
   42   3   2   2       0.01955352  d_x2-y2
   43   1   0   0       1.38865159  s
   43   2   1  -1       0.83110569  p_y
   43   2   1   0       0.82986700  p_z
   43   2   1   1       0.82796640  p_x
   43   3   2  -2       0.03420151  d_xy
   43   3   2  -1       0.03954689  d_yz
   43   3   2   0       0.01584003  d_z2
   43   3   2   1       0.03538828  d_xz
   43   3   2   2       0.01726507  d_x2-y2
   44   1   0   0       1.35199394  s
   44   2   1  -1       0.82460198  p_y
   44   2   1   0       0.82747308  p_z
   44   2   1   1       0.83155015  p_x
   44   3   2  -2       0.03984353  d_xy
   44   3   2  -1       0.04174172  d_yz
   44   3   2   0       0.02144078  d_z2
   44   3   2   1       0.04114047  d_xz
   44   3   2   2       0.02118784  d_x2-y2
   45   1   0   0       1.36015406  s
   45   2   1  -1       0.82872914  p_y
   45   2   1   0       0.82932467  p_z
   45   2   1   1       0.83048786  p_x
   45   3   2  -2       0.03690451  d_xy
   45   3   2  -1       0.04319827  d_yz
   45   3   2   0       0.02040000  d_z2
   45   3   2   1       0.03930096  d_xz
   45   3   2   2       0.01985609  d_x2-y2
   46   1   0   0       1.35445385  s
   46   2   1  -1       0.82636617  p_y
   46   2   1   0       0.82213093  p_z
   46   2   1   1       0.82936905  p_x
   46   3   2  -2       0.03665317  d_xy
   46   3   2  -1       0.04369877  d_yz
   46   3   2   0       0.01937943  d_z2
   46   3   2   1       0.03988014  d_xz
   46   3   2   2       0.02033332  d_x2-y2
   47   1   0   0       1.35961153  s
   47   2   1  -1       0.83445091  p_y
   47   2   1   0       0.83042625  p_z
   47   2   1   1       0.83008711  p_x
   47   3   2  -2       0.03995216  d_xy
   47   3   2  -1       0.03454314  d_yz
   47   3   2   0       0.01904510  d_z2
   47   3   2   1       0.04109425  d_xz
   47   3   2   2       0.01827212  d_x2-y2
   48   1   0   0       1.36780527  s
   48   2   1  -1       0.82747739  p_y
   48   2   1   0       0.82877199  p_z
   48   2   1   1       0.82569191  p_x
   48   3   2  -2       0.04241066  d_xy
   48   3   2  -1       0.03494848  d_yz
   48   3   2   0       0.01879819  d_z2
   48   3   2   1       0.03897127  d_xz
   48   3   2   2       0.01872263  d_x2-y2
   49   1   0   0       1.33962189  s
   49   2   1  -1       0.82525089  p_y
   49   2   1   0       0.82941175  p_z
   49   2   1   1       0.82239004  p_x
   49   3   2  -2       0.04431173  d_xy
   49   3   2  -1       0.03902183  d_yz
   49   3   2   0       0.02176520  d_z2
   49   3   2   1       0.04535538  d_xz
   49   3   2   2       0.02292971  d_x2-y2
   50   1   0   0       1.34317915  s
   50   2   1  -1       0.82670769  p_y
   50   2   1   0       0.82971059  p_z
   50   2   1   1       0.82625231  p_x
   50   3   2  -2       0.04281664  d_xy
   50   3   2  -1       0.03994764  d_yz
   50   3   2   0       0.02051692  d_z2
   50   3   2   1       0.03914467  d_xz
   50   3   2   2       0.02055862  d_x2-y2
   51   1   0   0       1.38098342  s
   51   2   1  -1       0.83365354  p_y
   51   2   1   0       0.82875807  p_z
   51   2   1   1       0.82547225  p_x
   51   3   2  -2       0.03716693  d_xy
   51   3   2  -1       0.03776019  d_yz
   51   3   2   0       0.01729911  d_z2
   51   3   2   1       0.03522282  d_xz
   51   3   2   2       0.01747902  d_x2-y2
   52   1   0   0       1.37135357  s
   52   2   1  -1       0.82943249  p_y
   52   2   1   0       0.83071081  p_z
   52   2   1   1       0.82548005  p_x
   52   3   2  -2       0.03603002  d_xy
   52   3   2  -1       0.03815277  d_yz
   52   3   2   0       0.01669233  d_z2
   52   3   2   1       0.03676840  d_xz
   52   3   2   2       0.01767013  d_x2-y2
   53   1   0   0       1.37879178  s
   53   2   1  -1       0.83055092  p_y
   53   2   1   0       0.82829510  p_z
   53   2   1   1       0.82735474  p_x
   53   3   2  -2       0.03651078  d_xy
   53   3   2  -1       0.03441035  d_yz
   53   3   2   0       0.01735629  d_z2
   53   3   2   1       0.03723087  d_xz
   53   3   2   2       0.01565731  d_x2-y2
   54   1   0   0       1.36446938  s
   54   2   1  -1       0.82564661  p_y
   54   2   1   0       0.82282665  p_z
   54   2   1   1       0.83290376  p_x
   54   3   2  -2       0.04051056  d_xy
   54   3   2  -1       0.03829884  d_yz
   54   3   2   0       0.02087205  d_z2
   54   3   2   1       0.04019036  d_xz
   54   3   2   2       0.01887417  d_x2-y2
   55   1   0   0       1.34207039  s
   55   2   1  -1       0.82377124  p_y
   55   2   1   0       0.82885490  p_z
   55   2   1   1       0.82179760  p_x
   55   3   2  -2       0.03989161  d_xy
   55   3   2  -1       0.03976002  d_yz
   55   3   2   0       0.02165344  d_z2
   55   3   2   1       0.04611698  d_xz
   55   3   2   2       0.02220975  d_x2-y2
   56   1   0   0       1.36624801  s
   56   2   1  -1       0.82666020  p_y
   56   2   1   0       0.83088293  p_z
   56   2   1   1       0.82722000  p_x
   56   3   2  -2       0.04220123  d_xy
   56   3   2  -1       0.03723041  d_yz
   56   3   2   0       0.01792595  d_z2
   56   3   2   1       0.03567807  d_xz
   56   3   2   2       0.01919097  d_x2-y2
   57   1   0   0       1.33597765  s
   57   2   1  -1       0.82343732  p_y
   57   2   1   0       0.83500515  p_z
   57   2   1   1       0.83007730  p_x
   57   3   2  -2       0.04412155  d_xy
   57   3   2  -1       0.04231164  d_yz
   57   3   2   0       0.02010589  d_z2
   57   3   2   1       0.03592193  d_xz
   57   3   2   2       0.02133001  d_x2-y2
   58   1   0   0       1.36362112  s
   58   2   1  -1       0.82789384  p_y
   58   2   1   0       0.82930367  p_z
   58   2   1   1       0.82829482  p_x
   58   3   2  -2       0.03779975  d_xy
   58   3   2  -1       0.03816435  d_yz
   58   3   2   0       0.01819160  d_z2
   58   3   2   1       0.03700283  d_xz
   58   3   2   2       0.01820947  d_x2-y2
   59   1   0   0       1.35820162  s
   59   2   1  -1       0.82755281  p_y
   59   2   1   0       0.82651462  p_z
   59   2   1   1       0.82587687  p_x
   59   3   2  -2       0.04022262  d_xy
   59   3   2  -1       0.03786937  d_yz
   59   3   2   0       0.02016029  d_z2
   59   3   2   1       0.04167779  d_xz
   59   3   2   2       0.01932393  d_x2-y2
   60   1   0   0       1.35219142  s
   60   2   1  -1       0.83043729  p_y
   60   2   1   0       0.82419020  p_z
   60   2   1   1       0.82897246  p_x
   60   3   2  -2       0.03876511  d_xy
   60   3   2  -1       0.04055140  d_yz
   60   3   2   0       0.02128432  d_z2
   60   3   2   1       0.04214168  d_xz
   60   3   2   2       0.01949308  d_x2-y2
   61   1   0   0       1.36261188  s
   61   2   1  -1       0.82660813  p_y
   61   2   1   0       0.82647443  p_z
   61   2   1   1       0.83031679  p_x
   61   3   2  -2       0.04146900  d_xy
   61   3   2  -1       0.03761863  d_yz
   61   3   2   0       0.01932898  d_z2
   61   3   2   1       0.03681705  d_xz
   61   3   2   2       0.01807437  d_x2-y2
   62   1   0   0       1.34751439  s
   62   2   1  -1       0.82561798  p_y
   62   2   1   0       0.83249597  p_z
   62   2   1   1       0.83333356  p_x
   62   3   2  -2       0.03697705  d_xy
   62   3   2  -1       0.04221299  d_yz
   62   3   2   0       0.01849845  d_z2
   62   3   2   1       0.03683704  d_xz
   62   3   2   2       0.01948434  d_x2-y2
   63   1   0   0       1.34830536  s
   63   2   1  -1       0.82521750  p_y
   63   2   1   0       0.83238867  p_z
   63   2   1   1       0.83221531  p_x
   63   3   2  -2       0.04084962  d_xy
   63   3   2  -1       0.04241387  d_yz
   63   3   2   0       0.01804032  d_z2
   63   3   2   1       0.03319112  d_xz
   63   3   2   2       0.01942839  d_x2-y2
   64   1   0   0       1.34370909  s
   64   2   1  -1       0.82567874  p_y
   64   2   1   0       0.83092329  p_z
   64   2   1   1       0.82564224  p_x
   64   3   2  -2       0.03777922  d_xy
   64   3   2  -1       0.04050138  d_yz
   64   3   2   0       0.01905047  d_z2
   64   3   2   1       0.04343364  d_xz
   64   3   2   2       0.02214830  d_x2-y2

Fermi level:                        -0.1332572929 H           -3.6261 eV
Band energy:                       -88.2066820570 H        -2400.2259 eV
TS:                                  0.0000000000 H            0.0000 eV
Band free energy (E-TS):           -88.2066820570 H        -2400.2259 eV
Extrapolated E(0K):                -88.2066820570 H        -2400.2259 eV
Input / Output electrons (q):    256.0000000000    256.0000000000

Energy H0:                         -88.1978986988 H        -2399.9869 eV
Energy SCC:                          0.0003101544 H            0.0084 eV
Total Electronic energy:           -88.1975885443 H        -2399.9785 eV
Repulsive energy:                    0.0000000000 H            0.0000 eV
Total energy:                      -88.1975885443 H        -2399.9785 eV
Extrapolated to 0:                 -88.1975885443 H        -2399.9785 eV
Total Mermin free energy:          -88.1975885443 H        -2399.9785 eV
Force related energy:              -88.1975885443 H        -2399.9785 eV

Non-constrained calculation

SCC converged

Warning: dipole moment is not defined absolutely!
Dipole moment:    0.40439872   -0.60943262   -0.53439793 au
Dipole moment:    1.02787911   -1.54902332   -1.35830417 Debye


