 Fermi distribution function

Calculation with static geometry


********************************************************************************
 iSCC Total electronic   Diff electronic      SCC error    
    9   -0.88172879E+02   -0.98052055E-09    0.58675981E-05
********************************************************************************

 Total charge:    -0.00000000

 Atomic gross charges (e)
 Atom           Charge
    1      -0.01067818
    2      -0.00219133
    3      -0.01589792
    4       0.00247603
    5      -0.00252978
    6       0.00418797
    7       0.00402055
    8       0.00997974
    9      -0.00187493
   10      -0.00819841
   11      -0.00619617
   12       0.00178256
   13       0.00158902
   14       0.00059749
   15       0.00265377
   16       0.00241532
   17       0.00251885
   18      -0.01565394
   19       0.01860387
   20       0.00138021
   21       0.00289016
   22      -0.00670112
   23       0.00551933
   24      -0.02281943
   25       0.02394486
   26       0.00585460
   27       0.00138555
   28       0.01373749
   29       0.01018563
   30      -0.00018883
   31       0.01095286
   32      -0.00154370
   33      -0.01924135
   34      -0.00771138
   35      -0.01060158
   36      -0.00186674
   37       0.01368105
   38       0.01055393
   39      -0.00446572
   40       0.00016676
   41      -0.00973783
   42      -0.01266786
   43      -0.01718320
   44       0.00798728
   45      -0.00811625
   46       0.00136471
   47       0.01620313
   48      -0.02217361
   49       0.00678638
   50      -0.00268553
   51       0.00815436
   52      -0.00022724
   53      -0.00226574
   54      -0.01769252
   55       0.00331623
   56      -0.00484145
   57       0.02572388
   58       0.01026032
   59      -0.00468410
   60      -0.00865866
   61       0.00384590
   62      -0.00583322
   63       0.01980459
   64       0.00060334

Nr. of electrons (up):    256.00000000
Atom populations (up)
 Atom       Population
    1       4.01067818
    2       4.00219133
    3       4.01589792
    4       3.99752397
    5       4.00252978
    6       3.99581203
    7       3.99597945
    8       3.99002026
    9       4.00187493
   10       4.00819841
   11       4.00619617
   12       3.99821744
   13       3.99841098
   14       3.99940251
   15       3.99734623
   16       3.99758468
   17       3.99748115
   18       4.01565394
   19       3.98139613
   20       3.99861979
   21       3.99710984
   22       4.00670112
   23       3.99448067
   24       4.02281943
   25       3.97605514
   26       3.99414540
   27       3.99861445
   28       3.98626251
   29       3.98981437
   30       4.00018883
   31       3.98904714
   32       4.00154370
   33       4.01924135
   34       4.00771138
   35       4.01060158
   36       4.00186674
   37       3.98631895
   38       3.98944607
   39       4.00446572
   40       3.99983324
   41       4.00973783
   42       4.01266786
   43       4.01718320
   44       3.99201272
   45       4.00811625
   46       3.99863529
   47       3.98379687
   48       4.02217361
   49       3.99321362
   50       4.00268553
   51       3.99184564
   52       4.00022724
   53       4.00226574
   54       4.01769252
   55       3.99668377
   56       4.00484145
   57       3.97427612
   58       3.98973968
   59       4.00468410
   60       4.00865866
   61       3.99615410
   62       4.00583322
   63       3.98019541
   64       3.99939666

l-shell populations (up)
 Atom Sh.   l       Population
    1   1   0       1.37055001
    1   2   1       2.48859448
    1   3   2       0.15153369
    2   1   0       1.35405559
    2   2   1       2.48692333
    2   3   2       0.16121241
    3   1   0       1.37974386
    3   2   1       2.48927136
    3   3   2       0.14688270
    4   1   0       1.35288931
    4   2   1       2.48208501
    4   3   2       0.16254965
    5   1   0       1.37169695
    5   2   1       2.48288112
    5   3   2       0.14795172
    6   1   0       1.35199563
    6   2   1       2.47965837
    6   3   2       0.16415803
    7   1   0       1.35524550
    7   2   1       2.47742037
    7   3   2       0.16331359
    8   1   0       1.34985199
    8   2   1       2.48565798
    8   3   2       0.15451029
    9   1   0       1.35970114
    9   2   1       2.49004439
    9   3   2       0.15212940
   10   1   0       1.37727682
   10   2   1       2.48173370
   10   3   2       0.14918789
   11   1   0       1.36050913
   11   2   1       2.49231981
   11   3   2       0.15336723
   12   1   0       1.35549239
   12   2   1       2.48002168
   12   3   2       0.16270337
   13   1   0       1.35017389
   13   2   1       2.47961153
   13   3   2       0.16862556
   14   1   0       1.35711764
   14   2   1       2.48846439
   14   3   2       0.15382049
   15   1   0       1.35514712
   15   2   1       2.48902942
   15   3   2       0.15316968
   16   1   0       1.35839415
   16   2   1       2.47844620
   16   3   2       0.16074433
   17   1   0       1.36496546
   17   2   1       2.47203970
   17   3   2       0.16047599
   18   1   0       1.37481262
   18   2   1       2.49117386
   18   3   2       0.14966746
   19   1   0       1.33452654
   19   2   1       2.47562774
   19   3   2       0.17124185
   20   1   0       1.36149072
   20   2   1       2.48391306
   20   3   2       0.15321601
   21   1   0       1.36229538
   21   2   1       2.48575778
   21   3   2       0.14905668
   22   1   0       1.36420433
   22   2   1       2.48223651
   22   3   2       0.16026029
   23   1   0       1.36241806
   23   2   1       2.47213502
   23   3   2       0.15992759
   24   1   0       1.39102331
   24   2   1       2.48680434
   24   3   2       0.14499178
   25   1   0       1.32811887
   25   2   1       2.48297976
   25   3   2       0.16495652
   26   1   0       1.35066487
   26   2   1       2.48327824
   26   3   2       0.16020229
   27   1   0       1.35309533
   27   2   1       2.48274839
   27   3   2       0.16277073
   28   1   0       1.34044830
   28   2   1       2.48071330
   28   3   2       0.16510091
   29   1   0       1.35175838
   29   2   1       2.47704074
   29   3   2       0.16101526
   30   1   0       1.35632940
   30   2   1       2.48945447
   30   3   2       0.15440496
   31   1   0       1.35324910
   31   2   1       2.48415883
   31   3   2       0.15163921
   32   1   0       1.35069275
   32   2   1       2.49639528
   32   3   2       0.15445567
   33   1   0       1.38768298
   33   2   1       2.48948243
   33   3   2       0.14207594
   34   1   0       1.36859197
   34   2   1       2.49066849
   34   3   2       0.14845092
   35   1   0       1.36413676
   35   2   1       2.49452625
   35   3   2       0.15193857
   36   1   0       1.35729497
   36   2   1       2.48539855
   36   3   2       0.15917322
   37   1   0       1.33468689
   37   2   1       2.47806641
   37   3   2       0.17356564
   38   1   0       1.34001611
   38   2   1       2.48049056
   38   3   2       0.16893940
   39   1   0       1.36917784
   39   2   1       2.48233378
   39   3   2       0.15295410
   40   1   0       1.35230343
   40   2   1       2.49001588
   40   3   2       0.15751393
   41   1   0       1.35418195
   41   2   1       2.49418651
   41   3   2       0.16136937
   42   1   0       1.36674327
   42   2   1       2.49017564
   42   3   2       0.15574895
   43   1   0       1.38200737
   43   2   1       2.48753361
   43   3   2       0.14764222
   44   1   0       1.34258564
   44   2   1       2.48178134
   44   3   2       0.16764574
   45   1   0       1.37276379
   45   2   1       2.48510417
   45   3   2       0.15024829
   46   1   0       1.35858332
   46   2   1       2.47878170
   46   3   2       0.16127027
   47   1   0       1.32966277
   47   2   1       2.47994076
   47   3   2       0.17419334
   48   1   0       1.38499026
   48   2   1       2.49525361
   48   3   2       0.14192974
   49   1   0       1.34931541
   49   2   1       2.48034103
   49   3   2       0.16355718
   50   1   0       1.37117379
   50   2   1       2.47903967
   50   3   2       0.15247206
   51   1   0       1.35587871
   51   2   1       2.47441671
   51   3   2       0.16155022
   52   1   0       1.35142407
   52   2   1       2.49417887
   52   3   2       0.15462430
   53   1   0       1.37673003
   53   2   1       2.46920099
   53   3   2       0.15633471
   54   1   0       1.38500374
   54   2   1       2.48838100
   54   3   2       0.14430778
   55   1   0       1.35962730
   55   2   1       2.48356286
   55   3   2       0.15349361
   56   1   0       1.36028238
   56   2   1       2.48429156
   56   3   2       0.16026751
   57   1   0       1.31472457
   57   2   1       2.48211778
   57   3   2       0.17743377
   58   1   0       1.34485599
   58   2   1       2.48175914
   58   3   2       0.16312455
   59   1   0       1.37361363
   59   2   1       2.48453242
   59   3   2       0.14653805
   60   1   0       1.37268872
   60   2   1       2.48742703
   60   3   2       0.14854291
   61   1   0       1.35529623
   61   2   1       2.49102268
   61   3   2       0.14983519
   62   1   0       1.35893471
   62   2   1       2.49336430
   62   3   2       0.15353422
   63   1   0       1.32658863
   63   2   1       2.47582779
   63   3   2       0.17777900
   64   1   0       1.34921002
   64   2   1       2.49254014
   64   3   2       0.15764649

Orbital populations (up)
 Atom Sh.   l   m       Population  Label
    1   1   0   0       1.37055001  s
    1   2   1  -1       0.83088326  p_y
    1   2   1   0       0.82478265  p_z
    1   2   1   1       0.83292857  p_x
    1   3   2  -2       0.03689723  d_xy
    1   3   2  -1       0.04162257  d_yz
    1   3   2   0       0.01864380  d_z2
    1   3   2   1       0.03613559  d_xz
    1   3   2   2       0.01823450  d_x2-y2
    2   1   0   0       1.35405559  s
    2   2   1  -1       0.82769695  p_y
    2   2   1   0       0.83049330  p_z
    2   2   1   1       0.82873308  p_x
    2   3   2  -2       0.04310376  d_xy
    2   3   2  -1       0.03921935  d_yz
    2   3   2   0       0.02128686  d_z2
    2   3   2   1       0.03854806  d_xz
    2   3   2   2       0.01905437  d_x2-y2
    3   1   0   0       1.37974386  s
    3   2   1  -1       0.82636434  p_y
    3   2   1   0       0.82982203  p_z
    3   2   1   1       0.83308499  p_x
    3   3   2  -2       0.03952397  d_xy
    3   3   2  -1       0.03545449  d_yz
    3   3   2   0       0.01809706  d_z2
    3   3   2   1       0.03662622  d_xz
    3   3   2   2       0.01718097  d_x2-y2
    4   1   0   0       1.35288931  s
    4   2   1  -1       0.82291889  p_y
    4   2   1   0       0.83082525  p_z
    4   2   1   1       0.82834087  p_x
    4   3   2  -2       0.04226613  d_xy
    4   3   2  -1       0.04127350  d_yz
    4   3   2   0       0.02037141  d_z2
    4   3   2   1       0.03753090  d_xz
    4   3   2   2       0.02110771  d_x2-y2
    5   1   0   0       1.37169695  s
    5   2   1  -1       0.82887807  p_y
    5   2   1   0       0.82769834  p_z
    5   2   1   1       0.82630470  p_x
    5   3   2  -2       0.03913941  d_xy
    5   3   2  -1       0.03594480  d_yz
    5   3   2   0       0.01881575  d_z2
    5   3   2   1       0.03629190  d_xz
    5   3   2   2       0.01775985  d_x2-y2
    6   1   0   0       1.35199563  s
    6   2   1  -1       0.82706647  p_y
    6   2   1   0       0.82907268  p_z
    6   2   1   1       0.82351921  p_x
    6   3   2  -2       0.04400716  d_xy
    6   3   2  -1       0.03971547  d_yz
    6   3   2   0       0.02114171  d_z2
    6   3   2   1       0.03929375  d_xz
    6   3   2   2       0.01999994  d_x2-y2
    7   1   0   0       1.35524550  s
    7   2   1  -1       0.82130619  p_y
    7   2   1   0       0.82900454  p_z
    7   2   1   1       0.82710963  p_x
    7   3   2  -2       0.04050535  d_xy
    7   3   2  -1       0.04089458  d_yz
    7   3   2   0       0.02008797  d_z2
    7   3   2   1       0.04047027  d_xz
    7   3   2   2       0.02135542  d_x2-y2
    8   1   0   0       1.34985199  s
    8   2   1  -1       0.83068758  p_y
    8   2   1   0       0.82787718  p_z
    8   2   1   1       0.82709323  p_x
    8   3   2  -2       0.03953774  d_xy
    8   3   2  -1       0.03756671  d_yz
    8   3   2   0       0.02021249  d_z2
    8   3   2   1       0.03814783  d_xz
    8   3   2   2       0.01904552  d_x2-y2
    9   1   0   0       1.35970114  s
    9   2   1  -1       0.83382184  p_y
    9   2   1   0       0.82804097  p_z
    9   2   1   1       0.82818158  p_x
    9   3   2  -2       0.03505001  d_xy
    9   3   2  -1       0.03644680  d_yz
    9   3   2   0       0.01835160  d_z2
    9   3   2   1       0.04152689  d_xz
    9   3   2   2       0.02075410  d_x2-y2
   10   1   0   0       1.37727682  s
   10   2   1  -1       0.82854624  p_y
   10   2   1   0       0.83126720  p_z
   10   2   1   1       0.82192027  p_x
   10   3   2  -2       0.03770149  d_xy
   10   3   2  -1       0.03832049  d_yz
   10   3   2   0       0.01642196  d_z2
   10   3   2   1       0.03708809  d_xz
   10   3   2   2       0.01965585  d_x2-y2
   11   1   0   0       1.36050913  s
   11   2   1  -1       0.83020308  p_y
   11   2   1   0       0.83325067  p_z
   11   2   1   1       0.82886607  p_x
   11   3   2  -2       0.03951373  d_xy
   11   3   2  -1       0.03949223  d_yz
   11   3   2   0       0.01890509  d_z2
   11   3   2   1       0.03703164  d_xz
   11   3   2   2       0.01842453  d_x2-y2
   12   1   0   0       1.35549239  s
   12   2   1  -1       0.82840884  p_y
   12   2   1   0       0.83179295  p_z
   12   2   1   1       0.81981989  p_x
   12   3   2  -2       0.04199258  d_xy
   12   3   2  -1       0.03641042  d_yz
   12   3   2   0       0.02088968  d_z2
   12   3   2   1       0.04280024  d_xz
   12   3   2   2       0.02061046  d_x2-y2
   13   1   0   0       1.35017389  s
   13   2   1  -1       0.82580131  p_y
   13   2   1   0       0.82958734  p_z
   13   2   1   1       0.82422288  p_x
   13   3   2  -2       0.04300387  d_xy
   13   3   2  -1       0.03911380  d_yz
   13   3   2   0       0.02217032  d_z2
   13   3   2   1       0.04329328  d_xz
   13   3   2   2       0.02104430  d_x2-y2
   14   1   0   0       1.35711764  s
   14   2   1  -1       0.82792248  p_y
   14   2   1   0       0.82846176  p_z
   14   2   1   1       0.83208015  p_x
   14   3   2  -2       0.03813898  d_xy
   14   3   2  -1       0.03829555  d_yz
   14   3   2   0       0.01850655  d_z2
   14   3   2   1       0.03972673  d_xz
   14   3   2   2       0.01915267  d_x2-y2
   15   1   0   0       1.35514712  s
   15   2   1  -1       0.82442151  p_y
   15   2   1   0       0.83138719  p_z
   15   2   1   1       0.83322072  p_x
   15   3   2  -2       0.04050703  d_xy
   15   3   2  -1       0.04106341  d_yz
   15   3   2   0       0.01895491  d_z2
   15   3   2   1       0.03430668  d_xz
   15   3   2   2       0.01833765  d_x2-y2
   16   1   0   0       1.35839415  s
   16   2   1  -1       0.82526770  p_y
   16   2   1   0       0.82619518  p_z
   16   2   1   1       0.82698332  p_x
   16   3   2  -2       0.03838236  d_xy
   16   3   2  -1       0.04243391  d_yz
   16   3   2   0       0.01954502  d_z2
   16   3   2   1       0.03999175  d_xz
   16   3   2   2       0.02039128  d_x2-y2
   17   1   0   0       1.36496546  s
   17   2   1  -1       0.82509906  p_y
   17   2   1   0       0.82193924  p_z
   17   2   1   1       0.82500140  p_x
   17   3   2  -2       0.03934936  d_xy
   17   3   2  -1       0.04035035  d_yz
   17   3   2   0       0.02049883  d_z2
   17   3   2   1       0.04054794  d_xz
   17   3   2   2       0.01972951  d_x2-y2
   18   1   0   0       1.37481262  s
   18   2   1  -1       0.83408037  p_y
   18   2   1   0       0.82726334  p_z
   18   2   1   1       0.82983015  p_x
   18   3   2  -2       0.03385814  d_xy
   18   3   2  -1       0.03748937  d_yz
   18   3   2   0       0.01816641  d_z2
   18   3   2   1       0.04184266  d_xz
   18   3   2   2       0.01831087  d_x2-y2
   19   1   0   0       1.33452654  s
   19   2   1  -1       0.82472977  p_y
   19   2   1   0       0.82400682  p_z
   19   2   1   1       0.82689115  p_x
   19   3   2  -2       0.04471919  d_xy
   19   3   2  -1       0.04274977  d_yz
   19   3   2   0       0.02216395  d_z2
   19   3   2   1       0.03982118  d_xz
   19   3   2   2       0.02178777  d_x2-y2
   20   1   0   0       1.36149072  s
   20   2   1  -1       0.82885974  p_y
   20   2   1   0       0.82732106  p_z
   20   2   1   1       0.82773226  p_x
   20   3   2  -2       0.03565603  d_xy
   20   3   2  -1       0.03782156  d_yz
   20   3   2   0       0.01790380  d_z2
   20   3   2   1       0.04247656  d_xz
   20   3   2   2       0.01935807  d_x2-y2
   21   1   0   0       1.36229538  s
   21   2   1  -1       0.83149640  p_y
   21   2   1   0       0.82638933  p_z
   21   2   1   1       0.82787205  p_x
   21   3   2  -2       0.03933989  d_xy
   21   3   2  -1       0.03556854  d_yz
   21   3   2   0       0.01932424  d_z2
   21   3   2   1       0.03830516  d_xz
   21   3   2   2       0.01651885  d_x2-y2
   22   1   0   0       1.36420433  s
   22   2   1  -1       0.82763493  p_y
   22   2   1   0       0.83003154  p_z
   22   2   1   1       0.82457004  p_x
   22   3   2  -2       0.04316192  d_xy
   22   3   2  -1       0.03775125  d_yz
   22   3   2   0       0.01958343  d_z2
   22   3   2   1       0.03967717  d_xz
   22   3   2   2       0.02008651  d_x2-y2
   23   1   0   0       1.36241806  s
   23   2   1  -1       0.82619165  p_y
   23   2   1   0       0.82347187  p_z
   23   2   1   1       0.82247150  p_x
   23   3   2  -2       0.03938831  d_xy
   23   3   2  -1       0.04058996  d_yz
   23   3   2   0       0.02069096  d_z2
   23   3   2   1       0.03983276  d_xz
   23   3   2   2       0.01942559  d_x2-y2
   24   1   0   0       1.39102331  s
   24   2   1  -1       0.82948130  p_y
   24   2   1   0       0.82873887  p_z
   24   2   1   1       0.82858416  p_x
   24   3   2  -2       0.03769175  d_xy
   24   3   2  -1       0.03622154  d_yz
   24   3   2   0       0.01714175  d_z2
   24   3   2   1       0.03714596  d_xz
   24   3   2   2       0.01679079  d_x2-y2
   25   1   0   0       1.32811887  s
   25   2   1  -1       0.83101966  p_y
   25   2   1   0       0.82524045  p_z
   25   2   1   1       0.82671965  p_x
   25   3   2  -2       0.03782926  d_xy
   25   3   2  -1       0.04297934  d_yz
   25   3   2   0       0.02099298  d_z2
   25   3   2   1       0.04145183  d_xz
   25   3   2   2       0.02170312  d_x2-y2
   26   1   0   0       1.35066487  s
   26   2   1  -1       0.83029976  p_y
   26   2   1   0       0.82421472  p_z
   26   2   1   1       0.82876377  p_x
   26   3   2  -2       0.04007088  d_xy
   26   3   2  -1       0.04180766  d_yz
   26   3   2   0       0.02094865  d_z2
   26   3   2   1       0.03839843  d_xz
   26   3   2   2       0.01897667  d_x2-y2
   27   1   0   0       1.35309533  s
   27   2   1  -1       0.83181734  p_y
   27   2   1   0       0.82462205  p_z
   27   2   1   1       0.82630900  p_x
   27   3   2  -2       0.03897958  d_xy
   27   3   2  -1       0.03807235  d_yz
   27   3   2   0       0.02222111  d_z2
   27   3   2   1       0.04487077  d_xz
   27   3   2   2       0.01862692  d_x2-y2
   28   1   0   0       1.34044830  s
   28   2   1  -1       0.82758308  p_y
   28   2   1   0       0.82910570  p_z
   28   2   1   1       0.82402453  p_x
   28   3   2  -2       0.04451784  d_xy
   28   3   2  -1       0.03927219  d_yz
   28   3   2   0       0.02100365  d_z2
   28   3   2   1       0.03881819  d_xz
   28   3   2   2       0.02148904  d_x2-y2
   29   1   0   0       1.35175838  s
   29   2   1  -1       0.82488690  p_y
   29   2   1   0       0.82285793  p_z
   29   2   1   1       0.82929591  p_x
   29   3   2  -2       0.03657116  d_xy
   29   3   2  -1       0.04160986  d_yz
   29   3   2   0       0.02041072  d_z2
   29   3   2   1       0.04220768  d_xz
   29   3   2   2       0.02021583  d_x2-y2
   30   1   0   0       1.35632940  s
   30   2   1  -1       0.82955071  p_y
   30   2   1   0       0.82896113  p_z
   30   2   1   1       0.83094263  p_x
   30   3   2  -2       0.03619204  d_xy
   30   3   2  -1       0.04092016  d_yz
   30   3   2   0       0.01820148  d_z2
   30   3   2   1       0.03912385  d_xz
   30   3   2   2       0.01996744  d_x2-y2
   31   1   0   0       1.35324910  s
   31   2   1  -1       0.83144253  p_y
   31   2   1   0       0.82673827  p_z
   31   2   1   1       0.82597804  p_x
   31   3   2  -2       0.03579901  d_xy
   31   3   2  -1       0.03848699  d_yz
   31   3   2   0       0.01827125  d_z2
   31   3   2   1       0.03926791  d_xz
   31   3   2   2       0.01981406  d_x2-y2
   32   1   0   0       1.35069275  s
   32   2   1  -1       0.83219928  p_y
   32   2   1   0       0.83325903  p_z
   32   2   1   1       0.83093698  p_x
   32   3   2  -2       0.03734369  d_xy
   32   3   2  -1       0.03958154  d_yz
   32   3   2   0       0.01781498  d_z2
   32   3   2   1       0.03960474  d_xz
   32   3   2   2       0.02011071  d_x2-y2
   33   1   0   0       1.38768298  s
   33   2   1  -1       0.82892548  p_y
   33   2   1   0       0.83041716  p_z
   33   2   1   1       0.83013979  p_x
   33   3   2  -2       0.03320943  d_xy
   33   3   2  -1       0.03836724  d_yz
   33   3   2   0       0.01597788  d_z2
   33   3   2   1       0.03697273  d_xz
   33   3   2   2       0.01754866  d_x2-y2
   34   1   0   0       1.36859197  s
   34   2   1  -1       0.83232390  p_y
   34   2   1   0       0.82953586  p_z
   34   2   1   1       0.82880873  p_x
   34   3   2  -2       0.03964711  d_xy
   34   3   2  -1       0.03544009  d_yz
   34   3   2   0       0.01773935  d_z2
   34   3   2   1       0.03793097  d_xz
   34   3   2   2       0.01769339  d_x2-y2
   35   1   0   0       1.36413676  s
   35   2   1  -1       0.83177976  p_y
   35   2   1   0       0.83029274  p_z
   35   2   1   1       0.83245375  p_x
   35   3   2  -2       0.03895774  d_xy
   35   3   2  -1       0.03804022  d_yz
   35   3   2   0       0.01788210  d_z2
   35   3   2   1       0.03817598  d_xz
   35   3   2   2       0.01888252  d_x2-y2
   36   1   0   0       1.35729497  s
   36   2   1  -1       0.82832547  p_y
   36   2   1   0       0.82713317  p_z
   36   2   1   1       0.82993992  p_x
   36   3   2  -2       0.03658218  d_xy
   36   3   2  -1       0.04256357  d_yz
   36   3   2   0       0.01945766  d_z2
   36   3   2   1       0.04003886  d_xz
   36   3   2   2       0.02053095  d_x2-y2
   37   1   0   0       1.33468689  s
   37   2   1  -1       0.82043461  p_y
   37   2   1   0       0.82693101  p_z
   37   2   1   1       0.83070079  p_x
   37   3   2  -2       0.04339265  d_xy
   37   3   2  -1       0.04354820  d_yz
   37   3   2   0       0.02284339  d_z2
   37   3   2   1       0.04068657  d_xz
   37   3   2   2       0.02309484  d_x2-y2
   38   1   0   0       1.34001611  s
   38   2   1  -1       0.82622136  p_y
   38   2   1   0       0.82308124  p_z
   38   2   1   1       0.83118796  p_x
   38   3   2  -2       0.03905361  d_xy
   38   3   2  -1       0.04759284  d_yz
   38   3   2   0       0.02270749  d_z2
   38   3   2   1       0.03879253  d_xz
   38   3   2   2       0.02079293  d_x2-y2
   39   1   0   0       1.36917784  s
   39   2   1  -1       0.82790667  p_y
   39   2   1   0       0.83012127  p_z
   39   2   1   1       0.82430584  p_x
   39   3   2  -2       0.04028837  d_xy
   39   3   2  -1       0.03751052  d_yz
   39   3   2   0       0.01893479  d_z2
   39   3   2   1       0.03792176  d_xz
   39   3   2   2       0.01829864  d_x2-y2
   40   1   0   0       1.35230343  s
   40   2   1  -1       0.83498230  p_y
   40   2   1   0       0.82659894  p_z
   40   2   1   1       0.82843464  p_x
   40   3   2  -2       0.03688315  d_xy
   40   3   2  -1       0.03714296  d_yz
   40   3   2   0       0.01993134  d_z2
   40   3   2   1       0.04426478  d_xz
   40   3   2   2       0.01929170  d_x2-y2
   41   1   0   0       1.35418195  s
   41   2   1  -1       0.83441833  p_y
   41   2   1   0       0.82977969  p_z
   41   2   1   1       0.82998849  p_x
   41   3   2  -2       0.03810451  d_xy
   41   3   2  -1       0.03924153  d_yz
   41   3   2   0       0.02090765  d_z2
   41   3   2   1       0.04102617  d_xz
   41   3   2   2       0.02208951  d_x2-y2
   42   1   0   0       1.36674327  s
   42   2   1  -1       0.83203821  p_y
   42   2   1   0       0.82969023  p_z
   42   2   1   1       0.82844720  p_x
   42   3   2  -2       0.04034534  d_xy
   42   3   2  -1       0.03671826  d_yz
   42   3   2   0       0.01946153  d_z2
   42   3   2   1       0.03991273  d_xz
   42   3   2   2       0.01931109  d_x2-y2
   43   1   0   0       1.38200737  s
   43   2   1  -1       0.83403442  p_y
   43   2   1   0       0.82336700  p_z
   43   2   1   1       0.83013219  p_x
   43   3   2  -2       0.03703406  d_xy
   43   3   2  -1       0.03542620  d_yz
   43   3   2   0       0.01994419  d_z2
   43   3   2   1       0.03965876  d_xz
   43   3   2   2       0.01557901  d_x2-y2
   44   1   0   0       1.34258564  s
   44   2   1  -1       0.82607506  p_y
   44   2   1   0       0.82736490  p_z
   44   2   1   1       0.82834138  p_x
   44   3   2  -2       0.03922988  d_xy
   44   3   2  -1       0.04476808  d_yz
   44   3   2   0       0.02052447  d_z2
   44   3   2   1       0.04059038  d_xz
   44   3   2   2       0.02253293  d_x2-y2
   45   1   0   0       1.37276379  s
   45   2   1  -1       0.83214075  p_y
   45   2   1   0       0.82621290  p_z
   45   2   1   1       0.82675052  p_x
   45   3   2  -2       0.03761434  d_xy
   45   3   2  -1       0.03736228  d_yz
   45   3   2   0       0.01889447  d_z2
   45   3   2   1       0.03905209  d_xz
   45   3   2   2       0.01732511  d_x2-y2
   46   1   0   0       1.35858332  s
   46   2   1  -1       0.82839727  p_y
   46   2   1   0       0.82084044  p_z
   46   2   1   1       0.82954400  p_x
   46   3   2  -2       0.03717955  d_xy
   46   3   2  -1       0.04155684  d_yz
   46   3   2   0       0.02059314  d_z2
   46   3   2   1       0.04193293  d_xz
   46   3   2   2       0.02000780  d_x2-y2
   47   1   0   0       1.32966277  s
   47   2   1  -1       0.82683847  p_y
   47   2   1   0       0.82669440  p_z
   47   2   1   1       0.82640789  p_x
   47   3   2  -2       0.04107626  d_xy
   47   3   2  -1       0.04309704  d_yz
   47   3   2   0       0.02132795  d_z2
   47   3   2   1       0.04465987  d_xz
   47   3   2   2       0.02403222  d_x2-y2
   48   1   0   0       1.38499026  s
   48   2   1  -1       0.83377538  p_y
   48   2   1   0       0.82800179  p_z
   48   2   1   1       0.83347645  p_x
   48   3   2  -2       0.03767055  d_xy
   48   3   2  -1       0.03648413  d_yz
   48   3   2   0       0.01766724  d_z2
   48   3   2   1       0.03444336  d_xz
   48   3   2   2       0.01566446  d_x2-y2
   49   1   0   0       1.34931541  s
   49   2   1  -1       0.82832280  p_y
   49   2   1   0       0.82542986  p_z
   49   2   1   1       0.82658837  p_x
   49   3   2  -2       0.03919443  d_xy
   49   3   2  -1       0.04143936  d_yz
   49   3   2   0       0.02142017  d_z2
   49   3   2   1       0.04204301  d_xz
   49   3   2   2       0.01946021  d_x2-y2
   50   1   0   0       1.37117379  s
   50   2   1  -1       0.82581434  p_y
   50   2   1   0       0.82762288  p_z
   50   2   1   1       0.82560245  p_x
   50   3   2  -2       0.03879128  d_xy
   50   3   2  -1       0.03964027  d_yz
   50   3   2   0       0.01848105  d_z2
   50   3   2   1       0.03643977  d_xz
   50   3   2   2       0.01911969  d_x2-y2
   51   1   0   0       1.35587871  s
   51   2   1  -1       0.82658271  p_y
   51   2   1   0       0.82816807  p_z
   51   2   1   1       0.81966593  p_x
   51   3   2  -2       0.04372190  d_xy
   51   3   2  -1       0.03809756  d_yz
   51   3   2   0       0.02042358  d_z2
   51   3   2   1       0.03858493  d_xz
   51   3   2   2       0.02072225  d_x2-y2
   52   1   0   0       1.35142407  s
   52   2   1  -1       0.83055093  p_y
   52   2   1   0       0.83070821  p_z
   52   2   1   1       0.83291973  p_x
   52   3   2  -2       0.03879200  d_xy
   52   3   2  -1       0.03898863  d_yz
   52   3   2   0       0.01883134  d_z2
   52   3   2   1       0.03858550  d_xz
   52   3   2   2       0.01942684  d_x2-y2
   53   1   0   0       1.37673003  s
   53   2   1  -1       0.82374839  p_y
   53   2   1   0       0.82634229  p_z
   53   2   1   1       0.81911031  p_x
   53   3   2  -2       0.04445140  d_xy
   53   3   2  -1       0.03668628  d_yz
   53   3   2   0       0.01758326  d_z2
   53   3   2   1       0.03712912  d_xz
   53   3   2   2       0.02048465  d_x2-y2
   54   1   0   0       1.38500374  s
   54   2   1  -1       0.82746054  p_y
   54   2   1   0       0.83116721  p_z
   54   2   1   1       0.82975325  p_x
   54   3   2  -2       0.03574261  d_xy
   54   3   2  -1       0.03541336  d_yz
   54   3   2   0       0.01558301  d_z2
   54   3   2   1       0.03933981  d_xz
   54   3   2   2       0.01822899  d_x2-y2
   55   1   0   0       1.35962730  s
   55   2   1  -1       0.82557174  p_y
   55   2   1   0       0.82828468  p_z
   55   2   1   1       0.82970645  p_x
   55   3   2  -2       0.04110011  d_xy
   55   3   2  -1       0.03728809  d_yz
   55   3   2   0       0.01807028  d_z2
   55   3   2   1       0.03756319  d_xz
   55   3   2   2       0.01947195  d_x2-y2
   56   1   0   0       1.36028238  s
   56   2   1  -1       0.82722016  p_y
   56   2   1   0       0.82742624  p_z
   56   2   1   1       0.82964516  p_x
   56   3   2  -2       0.03896020  d_xy
   56   3   2  -1       0.04095654  d_yz
   56   3   2   0       0.02019938  d_z2
   56   3   2   1       0.04007985  d_xz
   56   3   2   2       0.02007154  d_x2-y2
   57   1   0   0       1.31472457  s
   57   2   1  -1       0.82105614  p_y
   57   2   1   0       0.83183897  p_z
   57   2   1   1       0.82922267  p_x
   57   3   2  -2       0.04332360  d_xy
   57   3   2  -1       0.04577750  d_yz
   57   3   2   0       0.02318724  d_z2
   57   3   2   1       0.04096324  d_xz
   57   3   2   2       0.02418219  d_x2-y2
   58   1   0   0       1.34485599  s
   58   2   1  -1       0.82314343  p_y
   58   2   1   0       0.82774768  p_z
   58   2   1   1       0.83086803  p_x
   58   3   2  -2       0.04092911  d_xy
   58   3   2  -1       0.04280079  d_yz
   58   3   2   0       0.02093978  d_z2
   58   3   2   1       0.03835696  d_xz
   58   3   2   2       0.02009792  d_x2-y2
   59   1   0   0       1.37361363  s
   59   2   1  -1       0.82765157  p_y
   59   2   1   0       0.83163516  p_z
   59   2   1   1       0.82524569  p_x
   59   3   2  -2       0.04145473  d_xy
   59   3   2  -1       0.03388412  d_yz
   59   3   2   0       0.01783354  d_z2
   59   3   2   1       0.03635860  d_xz
   59   3   2   2       0.01700706  d_x2-y2
   60   1   0   0       1.37268872  s
   60   2   1  -1       0.82774112  p_y
   60   2   1   0       0.83206618  p_z
   60   2   1   1       0.82761973  p_x
   60   3   2  -2       0.03686862  d_xy
   60   3   2  -1       0.03656674  d_yz
   60   3   2   0       0.01748174  d_z2
   60   3   2   1       0.03878631  d_xz
   60   3   2   2       0.01883949  d_x2-y2
   61   1   0   0       1.35529623  s
   61   2   1  -1       0.83392739  p_y
   61   2   1   0       0.82782925  p_z
   61   2   1   1       0.82926604  p_x
   61   3   2  -2       0.03719488  d_xy
   61   3   2  -1       0.03736978  d_yz
   61   3   2   0       0.01921133  d_z2
   61   3   2   1       0.03886536  d_xz
   61   3   2   2       0.01719384  d_x2-y2
   62   1   0   0       1.35893471  s
   62   2   1  -1       0.82795011  p_y
   62   2   1   0       0.83407909  p_z
   62   2   1   1       0.83133510  p_x
   62   3   2  -2       0.03996542  d_xy
   62   3   2  -1       0.04274020  d_yz
   62   3   2   0       0.01765928  d_z2
   62   3   2   1       0.03316416  d_xz
   62   3   2   2       0.02000515  d_x2-y2
   63   1   0   0       1.32658863  s
   63   2   1  -1       0.82825326  p_y
   63   2   1   0       0.82227850  p_z
   63   2   1   1       0.82529603  p_x
   63   3   2  -2       0.03778841  d_xy
   63   3   2  -1       0.04600098  d_yz
   63   3   2   0       0.02336974  d_z2
   63   3   2   1       0.04610017  d_xz
   63   3   2   2       0.02451969  d_x2-y2
   64   1   0   0       1.34921002  s
   64   2   1  -1       0.82945486  p_y
   64   2   1   0       0.83144515  p_z
   64   2   1   1       0.83164014  p_x
   64   3   2  -2       0.04172381  d_xy
   64   3   2  -1       0.03777875  d_yz
   64   3   2   0       0.02011928  d_z2
   64   3   2   1       0.03833390  d_xz
   64   3   2   2       0.01969074  d_x2-y2

Fermi level:                        -0.1329196906 H           -3.6169 eV
Band energy:                       -88.1855031914 H        -2399.6496 eV
TS:                                  0.0000000000 H            0.0000 eV
Band free energy (E-TS):           -88.1855031914 H        -2399.6496 eV
Extrapolated E(0K):                -88.1855031914 H        -2399.6496 eV
Input / Output electrons (q):    256.0000000000    256.0000000000

Energy H0:                         -88.1732647297 H        -2399.3166 eV
Energy SCC:                          0.0003859806 H            0.0105 eV
Total Electronic energy:           -88.1728787491 H        -2399.3061 eV
Repulsive energy:                    0.0000000000 H            0.0000 eV
Total energy:                      -88.1728787491 H        -2399.3061 eV
Extrapolated to 0:                 -88.1728787491 H        -2399.3061 eV
Total Mermin free energy:          -88.1728787491 H        -2399.3061 eV
Force related energy:              -88.1728787491 H        -2399.3061 eV

Non-constrained calculation

SCC converged

Warning: dipole moment is not defined absolutely!
Dipole moment:   -0.39054480    0.55803866   -0.19248001 au
Dipole moment:   -0.99266596    1.41839292   -0.48923543 Debye


