 Fermi distribution function

Calculation with static geometry


********************************************************************************
 iSCC Total electronic   Diff electronic      SCC error    
    9   -0.88151480E+02   -0.58625460E-09    0.66717441E-05
********************************************************************************

 Total charge:    -0.00000000

 Atomic gross charges (e)
 Atom           Charge
    1      -0.02517380
    2       0.00951630
    3      -0.02479324
    4       0.01333763
    5       0.01544828
    6      -0.00155064
    7       0.00515614
    8      -0.00304984
    9       0.01828661
   10       0.00189350
   11       0.00169790
   12       0.00663661
   13      -0.00672838
   14       0.00814310
   15      -0.01693571
   16      -0.00180161
   17       0.00983699
   18      -0.01179131
   19      -0.00899018
   20      -0.01499635
   21      -0.01145876
   22      -0.00741880
   23       0.01111891
   24      -0.01467201
   25      -0.00839808
   26       0.00814211
   27       0.01202902
   28      -0.00175081
   29      -0.00185557
   30       0.01997774
   31      -0.01984040
   32       0.00943775
   33      -0.00299178
   34       0.00174825
   35      -0.00632384
   36      -0.00959034
   37      -0.00008755
   38       0.00431627
   39       0.00431840
   40       0.01784825
   41       0.01482652
   42       0.01653126
   43       0.00142920
   44      -0.00477869
   45      -0.00183265
   46       0.00002403
   47      -0.00961509
   48       0.01513423
   49      -0.01009618
   50       0.00579599
   51      -0.01326169
   52       0.00153862
   53       0.01375431
   54       0.00037417
   55       0.00555199
   56      -0.00786250
   57      -0.00240265
   58       0.00430360
   59       0.01057064
   60      -0.00488733
   61      -0.00042131
   62       0.01692497
   63      -0.00224582
   64      -0.02804635

Nr. of electrons (up):    256.00000000
Atom populations (up)
 Atom       Population
    1       4.02517380
    2       3.99048370
    3       4.02479324
    4       3.98666237
    5       3.98455172
    6       4.00155064
    7       3.99484386
    8       4.00304984
    9       3.98171339
   10       3.99810650
   11       3.99830210
   12       3.99336339
   13       4.00672838
   14       3.99185690
   15       4.01693571
   16       4.00180161
   17       3.99016301
   18       4.01179131
   19       4.00899018
   20       4.01499635
   21       4.01145876
   22       4.00741880
   23       3.98888109
   24       4.01467201
   25       4.00839808
   26       3.99185789
   27       3.98797098
   28       4.00175081
   29       4.00185557
   30       3.98002226
   31       4.01984040
   32       3.99056225
   33       4.00299178
   34       3.99825175
   35       4.00632384
   36       4.00959034
   37       4.00008755
   38       3.99568373
   39       3.99568160
   40       3.98215175
   41       3.98517348
   42       3.98346874
   43       3.99857080
   44       4.00477869
   45       4.00183265
   46       3.99997597
   47       4.00961509
   48       3.98486577
   49       4.01009618
   50       3.99420401
   51       4.01326169
   52       3.99846138
   53       3.98624569
   54       3.99962583
   55       3.99444801
   56       4.00786250
   57       4.00240265
   58       3.99569640
   59       3.98942936
   60       4.00488733
   61       4.00042131
   62       3.98307503
   63       4.00224582
   64       4.02804635

l-shell populations (up)
 Atom Sh.   l       Population
    1   1   0       1.39482512
    1   2   1       2.48936179
    1   3   2       0.14098689
    2   1   0       1.34989152
    2   2   1       2.47623502
    2   3   2       0.16435716
    3   1   0       1.39642102
    3   2   1       2.48769184
    3   3   2       0.14068038
    4   1   0       1.35345295
    4   2   1       2.46979670
    4   3   2       0.16341272
    5   1   0       1.33569551
    5   2   1       2.48404242
    5   3   2       0.16481379
    6   1   0       1.36411803
    6   2   1       2.48799185
    6   3   2       0.14944076
    7   1   0       1.33310546
    7   2   1       2.49495485
    7   3   2       0.16678356
    8   1   0       1.36153690
    8   2   1       2.48564340
    8   3   2       0.15586954
    9   1   0       1.32373705
    9   2   1       2.48737063
    9   3   2       0.17060571
   10   1   0       1.34896370
   10   2   1       2.49007570
   10   3   2       0.15906710
   11   1   0       1.34468727
   11   2   1       2.48833726
   11   3   2       0.16527757
   12   1   0       1.36764401
   12   2   1       2.47631729
   12   3   2       0.14940209
   13   1   0       1.36815403
   13   2   1       2.48373496
   13   3   2       0.15483940
   14   1   0       1.34690221
   14   2   1       2.48631011
   14   3   2       0.15864457
   15   1   0       1.38537656
   15   2   1       2.48738396
   15   3   2       0.14417520
   16   1   0       1.36322397
   16   2   1       2.47904248
   16   3   2       0.15953517
   17   1   0       1.34121470
   17   2   1       2.48199667
   17   3   2       0.16695164
   18   1   0       1.37371864
   18   2   1       2.48303567
   18   3   2       0.15503699
   19   1   0       1.36829483
   19   2   1       2.49007403
   19   3   2       0.15062132
   20   1   0       1.37586236
   20   2   1       2.49400701
   20   3   2       0.14512697
   21   1   0       1.37169147
   21   2   1       2.48874793
   21   3   2       0.15101936
   22   1   0       1.36522940
   22   2   1       2.49168020
   22   3   2       0.15050919
   23   1   0       1.32471399
   23   2   1       2.49122646
   23   3   2       0.17294064
   24   1   0       1.38972168
   24   2   1       2.48644181
   24   3   2       0.13850852
   25   1   0       1.36903032
   25   2   1       2.48422696
   25   3   2       0.15514080
   26   1   0       1.33508455
   26   2   1       2.49466785
   26   3   2       0.16210549
   27   1   0       1.34511304
   27   2   1       2.47905716
   27   3   2       0.16380078
   28   1   0       1.37285607
   28   2   1       2.46810111
   28   3   2       0.16079363
   29   1   0       1.35966899
   29   2   1       2.49032143
   29   3   2       0.15186515
   30   1   0       1.33035632
   30   2   1       2.48188144
   30   3   2       0.16778450
   31   1   0       1.38858637
   31   2   1       2.47973385
   31   3   2       0.15152018
   32   1   0       1.34403209
   32   2   1       2.46878501
   32   3   2       0.17774515
   33   1   0       1.36932704
   33   2   1       2.47822241
   33   3   2       0.15544234
   34   1   0       1.35904670
   34   2   1       2.47543236
   34   3   2       0.16377269
   35   1   0       1.36991762
   35   2   1       2.47634982
   35   3   2       0.16005640
   36   1   0       1.37218379
   36   2   1       2.48625914
   36   3   2       0.15114741
   37   1   0       1.35939265
   37   2   1       2.47967292
   37   3   2       0.16102198
   38   1   0       1.36253715
   38   2   1       2.48547079
   38   3   2       0.14767579
   39   1   0       1.34382034
   39   2   1       2.48469421
   39   3   2       0.16716705
   40   1   0       1.33926883
   40   2   1       2.48267825
   40   3   2       0.16020468
   41   1   0       1.33637047
   41   2   1       2.48597251
   41   3   2       0.16283050
   42   1   0       1.32864289
   42   2   1       2.48433688
   42   3   2       0.17048897
   43   1   0       1.36087334
   43   2   1       2.49142650
   43   3   2       0.14627096
   44   1   0       1.37239802
   44   2   1       2.47937967
   44   3   2       0.15300099
   45   1   0       1.36043105
   45   2   1       2.49495486
   45   3   2       0.14644674
   46   1   0       1.35846000
   46   2   1       2.48199599
   46   3   2       0.15951998
   47   1   0       1.37580859
   47   2   1       2.48282528
   47   3   2       0.15098122
   48   1   0       1.34152027
   48   2   1       2.46825213
   48   3   2       0.17509337
   49   1   0       1.37082641
   49   2   1       2.48469704
   49   3   2       0.15457274
   50   1   0       1.35667795
   50   2   1       2.48563375
   50   3   2       0.15189232
   51   1   0       1.37838356
   51   2   1       2.47641377
   51   3   2       0.15846435
   52   1   0       1.36451639
   52   2   1       2.47618350
   52   3   2       0.15776150
   53   1   0       1.33335329
   53   2   1       2.48073339
   53   3   2       0.17215901
   54   1   0       1.36505212
   54   2   1       2.47357481
   54   3   2       0.16099889
   55   1   0       1.35433841
   55   2   1       2.48848028
   55   3   2       0.15162932
   56   1   0       1.36412411
   56   2   1       2.48768174
   56   3   2       0.15605665
   57   1   0       1.35784845
   57   2   1       2.48739461
   57   3   2       0.15715959
   58   1   0       1.36001473
   58   2   1       2.48121485
   58   3   2       0.15446683
   59   1   0       1.33308860
   59   2   1       2.49804257
   59   3   2       0.15829820
   60   1   0       1.36340742
   60   2   1       2.48047461
   60   3   2       0.16100530
   61   1   0       1.37168217
   61   2   1       2.47705935
   61   3   2       0.15167979
   62   1   0       1.32275089
   62   2   1       2.49281935
   62   3   2       0.16750479
   63   1   0       1.36940371
   63   2   1       2.48137720
   63   3   2       0.15146491
   64   1   0       1.40610246
   64   2   1       2.48385059
   64   3   2       0.13809330

Orbital populations (up)
 Atom Sh.   l   m       Population  Label
    1   1   0   0       1.39482512  s
    1   2   1  -1       0.82990159  p_y
    1   2   1   0       0.83177138  p_z
    1   2   1   1       0.82768882  p_x
    1   3   2  -2       0.03611276  d_xy
    1   3   2  -1       0.03726464  d_yz
    1   3   2   0       0.01608045  d_z2
    1   3   2   1       0.03496081  d_xz
    1   3   2   2       0.01656823  d_x2-y2
    2   1   0   0       1.34989152  s
    2   2   1  -1       0.83105664  p_y
    2   2   1   0       0.81729654  p_z
    2   2   1   1       0.82788184  p_x
    2   3   2  -2       0.03730297  d_xy
    2   3   2  -1       0.03993565  d_yz
    2   3   2   0       0.02178386  d_z2
    2   3   2   1       0.04544142  d_xz
    2   3   2   2       0.01989326  d_x2-y2
    3   1   0   0       1.39642102  s
    3   2   1  -1       0.82849802  p_y
    3   2   1   0       0.82758977  p_z
    3   2   1   1       0.83160405  p_x
    3   3   2  -2       0.03620305  d_xy
    3   3   2  -1       0.03475674  d_yz
    3   3   2   0       0.01658898  d_z2
    3   3   2   1       0.03713156  d_xz
    3   3   2   2       0.01600005  d_x2-y2
    4   1   0   0       1.35345295  s
    4   2   1  -1       0.83067803  p_y
    4   2   1   0       0.82121048  p_z
    4   2   1   1       0.81790819  p_x
    4   3   2  -2       0.04005720  d_xy
    4   3   2  -1       0.03897883  d_yz
    4   3   2   0       0.02068573  d_z2
    4   3   2   1       0.04288964  d_xz
    4   3   2   2       0.02080132  d_x2-y2
    5   1   0   0       1.33569551  s
    5   2   1  -1       0.82925875  p_y
    5   2   1   0       0.82526791  p_z
    5   2   1   1       0.82951576  p_x
    5   3   2  -2       0.03830173  d_xy
    5   3   2  -1       0.04215881  d_yz
    5   3   2   0       0.02177067  d_z2
    5   3   2   1       0.04162592  d_xz
    5   3   2   2       0.02095667  d_x2-y2
    6   1   0   0       1.36411803  s
    6   2   1  -1       0.82820869  p_y
    6   2   1   0       0.82670587  p_z
    6   2   1   1       0.83307729  p_x
    6   3   2  -2       0.03633576  d_xy
    6   3   2  -1       0.03947478  d_yz
    6   3   2   0       0.01932868  d_z2
    6   3   2   1       0.03665308  d_xz
    6   3   2   2       0.01764847  d_x2-y2
    7   1   0   0       1.33310546  s
    7   2   1  -1       0.83566156  p_y
    7   2   1   0       0.82828470  p_z
    7   2   1   1       0.83100859  p_x
    7   3   2  -2       0.03820704  d_xy
    7   3   2  -1       0.04290542  d_yz
    7   3   2   0       0.02172595  d_z2
    7   3   2   1       0.04247263  d_xz
    7   3   2   2       0.02147251  d_x2-y2
    8   1   0   0       1.36153690  s
    8   2   1  -1       0.83084129  p_y
    8   2   1   0       0.82797602  p_z
    8   2   1   1       0.82682609  p_x
    8   3   2  -2       0.04091904  d_xy
    8   3   2  -1       0.03731359  d_yz
    8   3   2   0       0.02068088  d_z2
    8   3   2   1       0.03883064  d_xz
    8   3   2   2       0.01812540  d_x2-y2
    9   1   0   0       1.32373705  s
    9   2   1  -1       0.82857573  p_y
    9   2   1   0       0.82934781  p_z
    9   2   1   1       0.82944710  p_x
    9   3   2  -2       0.04075452  d_xy
    9   3   2  -1       0.04268000  d_yz
    9   3   2   0       0.02241418  d_z2
    9   3   2   1       0.04239794  d_xz
    9   3   2   2       0.02235908  d_x2-y2
   10   1   0   0       1.34896370  s
   10   2   1  -1       0.83322377  p_y
   10   2   1   0       0.82586679  p_z
   10   2   1   1       0.83098514  p_x
   10   3   2  -2       0.03709975  d_xy
   10   3   2  -1       0.04091914  d_yz
   10   3   2   0       0.02055122  d_z2
   10   3   2   1       0.04069785  d_xz
   10   3   2   2       0.01979913  d_x2-y2
   11   1   0   0       1.34468727  s
   11   2   1  -1       0.82297988  p_y
   11   2   1   0       0.83620479  p_z
   11   2   1   1       0.82915259  p_x
   11   3   2  -2       0.04420224  d_xy
   11   3   2  -1       0.04070622  d_yz
   11   3   2   0       0.01979096  d_z2
   11   3   2   1       0.03785843  d_xz
   11   3   2   2       0.02271971  d_x2-y2
   12   1   0   0       1.36764401  s
   12   2   1  -1       0.83183894  p_y
   12   2   1   0       0.81894702  p_z
   12   2   1   1       0.82553134  p_x
   12   3   2  -2       0.03423631  d_xy
   12   3   2  -1       0.03836327  d_yz
   12   3   2   0       0.01876008  d_z2
   12   3   2   1       0.04055788  d_xz
   12   3   2   2       0.01748455  d_x2-y2
   13   1   0   0       1.36815403  s
   13   2   1  -1       0.82726875  p_y
   13   2   1   0       0.82729859  p_z
   13   2   1   1       0.82916762  p_x
   13   3   2  -2       0.04061029  d_xy
   13   3   2  -1       0.03790602  d_yz
   13   3   2   0       0.01911670  d_z2
   13   3   2   1       0.03815464  d_xz
   13   3   2   2       0.01905174  d_x2-y2
   14   1   0   0       1.34690221  s
   14   2   1  -1       0.82813254  p_y
   14   2   1   0       0.83139749  p_z
   14   2   1   1       0.82678009  p_x
   14   3   2  -2       0.04039435  d_xy
   14   3   2  -1       0.03757951  d_yz
   14   3   2   0       0.02026865  d_z2
   14   3   2   1       0.04148469  d_xz
   14   3   2   2       0.01891737  d_x2-y2
   15   1   0   0       1.38537656  s
   15   2   1  -1       0.83217818  p_y
   15   2   1   0       0.82213598  p_z
   15   2   1   1       0.83306979  p_x
   15   3   2  -2       0.03395149  d_xy
   15   3   2  -1       0.03674063  d_yz
   15   3   2   0       0.01811551  d_z2
   15   3   2   1       0.03881052  d_xz
   15   3   2   2       0.01655706  d_x2-y2
   16   1   0   0       1.36322397  s
   16   2   1  -1       0.82710244  p_y
   16   2   1   0       0.82572697  p_z
   16   2   1   1       0.82621307  p_x
   16   3   2  -2       0.03878087  d_xy
   16   3   2  -1       0.04069276  d_yz
   16   3   2   0       0.01937462  d_z2
   16   3   2   1       0.04030643  d_xz
   16   3   2   2       0.02038050  d_x2-y2
   17   1   0   0       1.34121470  s
   17   2   1  -1       0.82799054  p_y
   17   2   1   0       0.82934171  p_z
   17   2   1   1       0.82466441  p_x
   17   3   2  -2       0.04028630  d_xy
   17   3   2  -1       0.04144839  d_yz
   17   3   2   0       0.02153077  d_z2
   17   3   2   1       0.04197817  d_xz
   17   3   2   2       0.02170801  d_x2-y2
   18   1   0   0       1.37371864  s
   18   2   1  -1       0.82366390  p_y
   18   2   1   0       0.82975910  p_z
   18   2   1   1       0.82961267  p_x
   18   3   2  -2       0.04010894  d_xy
   18   3   2  -1       0.04112095  d_yz
   18   3   2   0       0.01882386  d_z2
   18   3   2   1       0.03620820  d_xz
   18   3   2   2       0.01877504  d_x2-y2
   19   1   0   0       1.36829483  s
   19   2   1  -1       0.83145502  p_y
   19   2   1   0       0.82866561  p_z
   19   2   1   1       0.82995340  p_x
   19   3   2  -2       0.03751244  d_xy
   19   3   2  -1       0.04013044  d_yz
   19   3   2   0       0.01896361  d_z2
   19   3   2   1       0.03627451  d_xz
   19   3   2   2       0.01774032  d_x2-y2
   20   1   0   0       1.37586236  s
   20   2   1  -1       0.82851695  p_y
   20   2   1   0       0.83538836  p_z
   20   2   1   1       0.83010170  p_x
   20   3   2  -2       0.04044767  d_xy
   20   3   2  -1       0.03420812  d_yz
   20   3   2   0       0.01542191  d_z2
   20   3   2   1       0.03666395  d_xz
   20   3   2   2       0.01838532  d_x2-y2
   21   1   0   0       1.37169147  s
   21   2   1  -1       0.82805156  p_y
   21   2   1   0       0.83282989  p_z
   21   2   1   1       0.82786648  p_x
   21   3   2  -2       0.03987966  d_xy
   21   3   2  -1       0.03763423  d_yz
   21   3   2   0       0.01907308  d_z2
   21   3   2   1       0.03723504  d_xz
   21   3   2   2       0.01719735  d_x2-y2
   22   1   0   0       1.36522940  s
   22   2   1  -1       0.83310458  p_y
   22   2   1   0       0.82703160  p_z
   22   2   1   1       0.83154402  p_x
   22   3   2  -2       0.03622416  d_xy
   22   3   2  -1       0.03872993  d_yz
   22   3   2   0       0.01882828  d_z2
   22   3   2   1       0.03947403  d_xz
   22   3   2   2       0.01725279  d_x2-y2
   23   1   0   0       1.32471399  s
   23   2   1  -1       0.82372253  p_y
   23   2   1   0       0.83414448  p_z
   23   2   1   1       0.83335945  p_x
   23   3   2  -2       0.04435018  d_xy
   23   3   2  -1       0.04390569  d_yz
   23   3   2   0       0.02135477  d_z2
   23   3   2   1       0.03951037  d_xz
   23   3   2   2       0.02381962  d_x2-y2
   24   1   0   0       1.38972168  s
   24   2   1  -1       0.82819920  p_y
   24   2   1   0       0.82538793  p_z
   24   2   1   1       0.83285469  p_x
   24   3   2  -2       0.03414511  d_xy
   24   3   2  -1       0.03910141  d_yz
   24   3   2   0       0.01625624  d_z2
   24   3   2   1       0.03325181  d_xz
   24   3   2   2       0.01575395  d_x2-y2
   25   1   0   0       1.36903032  s
   25   2   1  -1       0.82806940  p_y
   25   2   1   0       0.83393595  p_z
   25   2   1   1       0.82222160  p_x
   25   3   2  -2       0.03941534  d_xy
   25   3   2  -1       0.03913056  d_yz
   25   3   2   0       0.01767158  d_z2
   25   3   2   1       0.03844253  d_xz
   25   3   2   2       0.02048078  d_x2-y2
   26   1   0   0       1.33508455  s
   26   2   1  -1       0.83155254  p_y
   26   2   1   0       0.83638516  p_z
   26   2   1   1       0.82673015  p_x
   26   3   2  -2       0.04335840  d_xy
   26   3   2  -1       0.03695242  d_yz
   26   3   2   0       0.02054680  d_z2
   26   3   2   1       0.04051012  d_xz
   26   3   2   2       0.02073776  d_x2-y2
   27   1   0   0       1.34511304  s
   27   2   1  -1       0.82677641  p_y
   27   2   1   0       0.82557585  p_z
   27   2   1   1       0.82670490  p_x
   27   3   2  -2       0.04149334  d_xy
   27   3   2  -1       0.03885047  d_yz
   27   3   2   0       0.02078223  d_z2
   27   3   2   1       0.04225068  d_xz
   27   3   2   2       0.02042406  d_x2-y2
   28   1   0   0       1.37285607  s
   28   2   1  -1       0.83073636  p_y
   28   2   1   0       0.81925320  p_z
   28   2   1   1       0.81811156  p_x
   28   3   2  -2       0.03986061  d_xy
   28   3   2  -1       0.03772419  d_yz
   28   3   2   0       0.02171892  d_z2
   28   3   2   1       0.04175709  d_xz
   28   3   2   2       0.01973283  d_x2-y2
   29   1   0   0       1.35966899  s
   29   2   1  -1       0.82560980  p_y
   29   2   1   0       0.83461663  p_z
   29   2   1   1       0.83009500  p_x
   29   3   2  -2       0.04388579  d_xy
   29   3   2  -1       0.03561073  d_yz
   29   3   2   0       0.01808659  d_z2
   29   3   2   1       0.03541973  d_xz
   29   3   2   2       0.01886231  d_x2-y2
   30   1   0   0       1.33035632  s
   30   2   1  -1       0.82759675  p_y
   30   2   1   0       0.82961881  p_z
   30   2   1   1       0.82466588  p_x
   30   3   2  -2       0.04204591  d_xy
   30   3   2  -1       0.03864264  d_yz
   30   3   2   0       0.02333966  d_z2
   30   3   2   1       0.04249800  d_xz
   30   3   2   2       0.02125828  d_x2-y2
   31   1   0   0       1.38858637  s
   31   2   1  -1       0.82328056  p_y
   31   2   1   0       0.83313692  p_z
   31   2   1   1       0.82331637  p_x
   31   3   2  -2       0.04136701  d_xy
   31   3   2  -1       0.03755891  d_yz
   31   3   2   0       0.01789733  d_z2
   31   3   2   1       0.03638740  d_xz
   31   3   2   2       0.01830954  d_x2-y2
   32   1   0   0       1.34403209  s
   32   2   1  -1       0.82536726  p_y
   32   2   1   0       0.82385280  p_z
   32   2   1   1       0.81956495  p_x
   32   3   2  -2       0.04383320  d_xy
   32   3   2  -1       0.04154838  d_yz
   32   3   2   0       0.02290820  d_z2
   32   3   2   1       0.04576228  d_xz
   32   3   2   2       0.02369310  d_x2-y2
   33   1   0   0       1.36932704  s
   33   2   1  -1       0.82165398  p_y
   33   2   1   0       0.82920054  p_z
   33   2   1   1       0.82736788  p_x
   33   3   2  -2       0.04387858  d_xy
   33   3   2  -1       0.03872386  d_yz
   33   3   2   0       0.01766992  d_z2
   33   3   2   1       0.03491503  d_xz
   33   3   2   2       0.02025494  d_x2-y2
   34   1   0   0       1.35904670  s
   34   2   1  -1       0.82393313  p_y
   34   2   1   0       0.82763183  p_z
   34   2   1   1       0.82386741  p_x
   34   3   2  -2       0.03910227  d_xy
   34   3   2  -1       0.04114733  d_yz
   34   3   2   0       0.02011926  d_z2
   34   3   2   1       0.04122495  d_xz
   34   3   2   2       0.02217889  d_x2-y2
   35   1   0   0       1.36991762  s
   35   2   1  -1       0.82312249  p_y
   35   2   1   0       0.82795403  p_z
   35   2   1   1       0.82527330  p_x
   35   3   2  -2       0.04001607  d_xy
   35   3   2  -1       0.03868089  d_yz
   35   3   2   0       0.01716553  d_z2
   35   3   2   1       0.04213442  d_xz
   35   3   2   2       0.02205948  d_x2-y2
   36   1   0   0       1.37218379  s
   36   2   1  -1       0.82938809  p_y
   36   2   1   0       0.83063138  p_z
   36   2   1   1       0.82623967  p_x
   36   3   2  -2       0.03740845  d_xy
   36   3   2  -1       0.03616813  d_yz
   36   3   2   0       0.01811664  d_z2
   36   3   2   1       0.04102910  d_xz
   36   3   2   2       0.01842509  d_x2-y2
   37   1   0   0       1.35939265  s
   37   2   1  -1       0.82809665  p_y
   37   2   1   0       0.82497280  p_z
   37   2   1   1       0.82660346  p_x
   37   3   2  -2       0.03847177  d_xy
   37   3   2  -1       0.03905560  d_yz
   37   3   2   0       0.02126222  d_z2
   37   3   2   1       0.04230611  d_xz
   37   3   2   2       0.01992627  d_x2-y2
   38   1   0   0       1.36253715  s
   38   2   1  -1       0.82800330  p_y
   38   2   1   0       0.83181254  p_z
   38   2   1   1       0.82565495  p_x
   38   3   2  -2       0.03504951  d_xy
   38   3   2  -1       0.04061164  d_yz
   38   3   2   0       0.01681858  d_z2
   38   3   2   1       0.03661959  d_xz
   38   3   2   2       0.01857647  d_x2-y2
   39   1   0   0       1.34382034  s
   39   2   1  -1       0.83105687  p_y
   39   2   1   0       0.82694530  p_z
   39   2   1   1       0.82669204  p_x
   39   3   2  -2       0.04286111  d_xy
   39   3   2  -1       0.03983769  d_yz
   39   3   2   0       0.02104448  d_z2
   39   3   2   1       0.04199756  d_xz
   39   3   2   2       0.02142620  d_x2-y2
   40   1   0   0       1.33926883  s
   40   2   1  -1       0.82069579  p_y
   40   2   1   0       0.83437843  p_z
   40   2   1   1       0.82760403  p_x
   40   3   2  -2       0.04543653  d_xy
   40   3   2  -1       0.03556604  d_yz
   40   3   2   0       0.02025570  d_z2
   40   3   2   1       0.03877203  d_xz
   40   3   2   2       0.02017439  d_x2-y2
   41   1   0   0       1.33637047  s
   41   2   1  -1       0.82648307  p_y
   41   2   1   0       0.82991338  p_z
   41   2   1   1       0.82957606  p_x
   41   3   2  -2       0.04084386  d_xy
   41   3   2  -1       0.04108377  d_yz
   41   3   2   0       0.02037675  d_z2
   41   3   2   1       0.03926636  d_xz
   41   3   2   2       0.02125977  d_x2-y2
   42   1   0   0       1.32864289  s
   42   2   1  -1       0.82432697  p_y
   42   2   1   0       0.83127552  p_z
   42   2   1   1       0.82873440  p_x
   42   3   2  -2       0.04576237  d_xy
   42   3   2  -1       0.04175341  d_yz
   42   3   2   0       0.02222959  d_z2
   42   3   2   1       0.03891978  d_xz
   42   3   2   2       0.02182383  d_x2-y2
   43   1   0   0       1.36087334  s
   43   2   1  -1       0.82851984  p_y
   43   2   1   0       0.83177960  p_z
   43   2   1   1       0.83112706  p_x
   43   3   2  -2       0.03685006  d_xy
   43   3   2  -1       0.03877722  d_yz
   43   3   2   0       0.01744149  d_z2
   43   3   2   1       0.03479993  d_xz
   43   3   2   2       0.01840225  d_x2-y2
   44   1   0   0       1.37239802  s
   44   2   1  -1       0.82525815  p_y
   44   2   1   0       0.82661883  p_z
   44   2   1   1       0.82750269  p_x
   44   3   2  -2       0.03817394  d_xy
   44   3   2  -1       0.04175100  d_yz
   44   3   2   0       0.01977374  d_z2
   44   3   2   1       0.03595018  d_xz
   44   3   2   2       0.01735212  d_x2-y2
   45   1   0   0       1.36043105  s
   45   2   1  -1       0.83191774  p_y
   45   2   1   0       0.83074975  p_z
   45   2   1   1       0.83228737  p_x
   45   3   2  -2       0.03732323  d_xy
   45   3   2  -1       0.03869559  d_yz
   45   3   2   0       0.01826354  d_z2
   45   3   2   1       0.03538027  d_xz
   45   3   2   2       0.01678412  d_x2-y2
   46   1   0   0       1.35846000  s
   46   2   1  -1       0.82503948  p_y
   46   2   1   0       0.83153214  p_z
   46   2   1   1       0.82542438  p_x
   46   3   2  -2       0.04380875  d_xy
   46   3   2  -1       0.03672745  d_yz
   46   3   2   0       0.01937675  d_z2
   46   3   2   1       0.03973450  d_xz
   46   3   2   2       0.01987253  d_x2-y2
   47   1   0   0       1.37580859  s
   47   2   1  -1       0.83172638  p_y
   47   2   1   0       0.82365227  p_z
   47   2   1   1       0.82744663  p_x
   47   3   2  -2       0.03548038  d_xy
   47   3   2  -1       0.03742789  d_yz
   47   3   2   0       0.01911495  d_z2
   47   3   2   1       0.04128621  d_xz
   47   3   2   2       0.01767178  d_x2-y2
   48   1   0   0       1.34152027  s
   48   2   1  -1       0.81855784  p_y
   48   2   1   0       0.82779931  p_z
   48   2   1   1       0.82189497  p_x
   48   3   2  -2       0.04791364  d_xy
   48   3   2  -1       0.04191350  d_yz
   48   3   2   0       0.02284210  d_z2
   48   3   2   1       0.03892668  d_xz
   48   3   2   2       0.02349745  d_x2-y2
   49   1   0   0       1.37082641  s
   49   2   1  -1       0.83136326  p_y
   49   2   1   0       0.82316308  p_z
   49   2   1   1       0.83017069  p_x
   49   3   2  -2       0.03708596  d_xy
   49   3   2  -1       0.03878460  d_yz
   49   3   2   0       0.01883684  d_z2
   49   3   2   1       0.04136053  d_xz
   49   3   2   2       0.01850480  d_x2-y2
   50   1   0   0       1.35667795  s
   50   2   1  -1       0.82672261  p_y
   50   2   1   0       0.83460664  p_z
   50   2   1   1       0.82430450  p_x
   50   3   2  -2       0.04174804  d_xy
   50   3   2  -1       0.03701689  d_yz
   50   3   2   0       0.02034454  d_z2
   50   3   2   1       0.03503361  d_xz
   50   3   2   2       0.01774924  d_x2-y2
   51   1   0   0       1.37838356  s
   51   2   1  -1       0.82732126  p_y
   51   2   1   0       0.82098583  p_z
   51   2   1   1       0.82810668  p_x
   51   3   2  -2       0.03719262  d_xy
   51   3   2  -1       0.04047072  d_yz
   51   3   2   0       0.01953999  d_z2
   51   3   2   1       0.04279915  d_xz
   51   3   2   2       0.01846188  d_x2-y2
   52   1   0   0       1.36451639  s
   52   2   1  -1       0.82252933  p_y
   52   2   1   0       0.83030508  p_z
   52   2   1   1       0.82334909  p_x
   52   3   2  -2       0.04293324  d_xy
   52   3   2  -1       0.03985435  d_yz
   52   3   2   0       0.02118173  d_z2
   52   3   2   1       0.03544647  d_xz
   52   3   2   2       0.01834571  d_x2-y2
   53   1   0   0       1.33335329  s
   53   2   1  -1       0.82761216  p_y
   53   2   1   0       0.82762353  p_z
   53   2   1   1       0.82549770  p_x
   53   3   2  -2       0.04191105  d_xy
   53   3   2  -1       0.04108653  d_yz
   53   3   2   0       0.02117974  d_z2
   53   3   2   1       0.04440280  d_xz
   53   3   2   2       0.02357889  d_x2-y2
   54   1   0   0       1.36505212  s
   54   2   1  -1       0.82782519  p_y
   54   2   1   0       0.82040377  p_z
   54   2   1   1       0.82534586  p_x
   54   3   2  -2       0.03810785  d_xy
   54   3   2  -1       0.03943868  d_yz
   54   3   2   0       0.02230073  d_z2
   54   3   2   1       0.04295787  d_xz
   54   3   2   2       0.01819377  d_x2-y2
   55   1   0   0       1.35433841  s
   55   2   1  -1       0.82996670  p_y
   55   2   1   0       0.82990701  p_z
   55   2   1   1       0.82860656  p_x
   55   3   2  -2       0.03437021  d_xy
   55   3   2  -1       0.04063880  d_yz
   55   3   2   0       0.01816505  d_z2
   55   3   2   1       0.03948884  d_xz
   55   3   2   2       0.01896642  d_x2-y2
   56   1   0   0       1.36412411  s
   56   2   1  -1       0.83323091  p_y
   56   2   1   0       0.82615210  p_z
   56   2   1   1       0.82829873  p_x
   56   3   2  -2       0.03864582  d_xy
   56   3   2  -1       0.03941570  d_yz
   56   3   2   0       0.01949130  d_z2
   56   3   2   1       0.03968380  d_xz
   56   3   2   2       0.01882002  d_x2-y2
   57   1   0   0       1.35784845  s
   57   2   1  -1       0.83436948  p_y
   57   2   1   0       0.82093873  p_z
   57   2   1   1       0.83208640  p_x
   57   3   2  -2       0.03523055  d_xy
   57   3   2  -1       0.04461262  d_yz
   57   3   2   0       0.02156751  d_z2
   57   3   2   1       0.03762161  d_xz
   57   3   2   2       0.01812729  d_x2-y2
   58   1   0   0       1.36001473  s
   58   2   1  -1       0.82151116  p_y
   58   2   1   0       0.82902773  p_z
   58   2   1   1       0.83067596  p_x
   58   3   2  -2       0.03886070  d_xy
   58   3   2  -1       0.03842540  d_yz
   58   3   2   0       0.01999545  d_z2
   58   3   2   1       0.03870421  d_xz
   58   3   2   2       0.01848106  d_x2-y2
   59   1   0   0       1.33308860  s
   59   2   1  -1       0.83581945  p_y
   59   2   1   0       0.83053862  p_z
   59   2   1   1       0.83168449  p_x
   59   3   2  -2       0.03887776  d_xy
   59   3   2  -1       0.03833162  d_yz
   59   3   2   0       0.01968543  d_z2
   59   3   2   1       0.04126630  d_xz
   59   3   2   2       0.02013709  d_x2-y2
   60   1   0   0       1.36340742  s
   60   2   1  -1       0.81858192  p_y
   60   2   1   0       0.83268387  p_z
   60   2   1   1       0.82920881  p_x
   60   3   2  -2       0.04072151  d_xy
   60   3   2  -1       0.04054624  d_yz
   60   3   2   0       0.01924052  d_z2
   60   3   2   1       0.03910303  d_xz
   60   3   2   2       0.02139401  d_x2-y2
   61   1   0   0       1.37168217  s
   61   2   1  -1       0.82886747  p_y
   61   2   1   0       0.82170865  p_z
   61   2   1   1       0.82648323  p_x
   61   3   2  -2       0.04241816  d_xy
   61   3   2  -1       0.03470806  d_yz
   61   3   2   0       0.02046275  d_z2
   61   3   2   1       0.03700659  d_xz
   61   3   2   2       0.01708422  d_x2-y2
   62   1   0   0       1.32275089  s
   62   2   1  -1       0.83434255  p_y
   62   2   1   0       0.82932405  p_z
   62   2   1   1       0.82915276  p_x
   62   3   2  -2       0.04171290  d_xy
   62   3   2  -1       0.04170865  d_yz
   62   3   2   0       0.02223540  d_z2
   62   3   2   1       0.04068510  d_xz
   62   3   2   2       0.02116275  d_x2-y2
   63   1   0   0       1.36940371  s
   63   2   1  -1       0.82765955  p_y
   63   2   1   0       0.82590269  p_z
   63   2   1   1       0.82781496  p_x
   63   3   2  -2       0.03776743  d_xy
   63   3   2  -1       0.03940637  d_yz
   63   3   2   0       0.01879316  d_z2
   63   3   2   1       0.03765134  d_xz
   63   3   2   2       0.01784662  d_x2-y2
   64   1   0   0       1.40610246  s
   64   2   1  -1       0.82698667  p_y
   64   2   1   0       0.82774324  p_z
   64   2   1   1       0.82912069  p_x
   64   3   2  -2       0.03313712  d_xy
   64   3   2  -1       0.03453063  d_yz
   64   3   2   0       0.01600630  d_z2
   64   3   2   1       0.03839920  d_xz
   64   3   2   2       0.01602004  d_x2-y2

Fermi level:                        -0.1327478183 H           -3.6123 eV
Band energy:                       -88.1747182864 H        -2399.3562 eV
TS:                                  0.0000000000 H            0.0000 eV
Band free energy (E-TS):           -88.1747182864 H        -2399.3562 eV
Extrapolated E(0K):                -88.1747182864 H        -2399.3562 eV
Input / Output electrons (q):    256.0000000000    256.0000000000

Energy H0:                         -88.1521361137 H        -2398.7417 eV
Energy SCC:                          0.0006556917 H            0.0178 eV
Total Electronic energy:           -88.1514804219 H        -2398.7238 eV
Repulsive energy:                    0.0000000000 H            0.0000 eV
Total energy:                      -88.1514804219 H        -2398.7238 eV
Extrapolated to 0:                 -88.1514804219 H        -2398.7238 eV
Total Mermin free energy:          -88.1514804219 H        -2398.7238 eV
Force related energy:              -88.1514804219 H        -2398.7238 eV

Non-constrained calculation

SCC converged

Warning: dipole moment is not defined absolutely!
Dipole moment:   -0.06411793    0.11401903    0.07160910 au
Dipole moment:   -0.16297153    0.28980748    0.18201218 Debye


