 Fermi distribution function

Calculation with static geometry


********************************************************************************
 iSCC Total electronic   Diff electronic      SCC error    
    9   -0.88164984E+02   -0.76941831E-09    0.64425023E-05
********************************************************************************

 Total charge:    -0.00000000

 Atomic gross charges (e)
 Atom           Charge
    1       0.01585580
    2       0.00285747
    3       0.01047703
    4      -0.00299016
    5       0.00300753
    6       0.01897618
    7      -0.00181468
    8       0.00726129
    9       0.00308566
   10       0.00122572
   11       0.00421336
   12       0.00338535
   13       0.01376402
   14       0.00350870
   15       0.00480771
   16       0.01283347
   17       0.00723968
   18       0.00801154
   19      -0.01250767
   20      -0.01730255
   21       0.00410743
   22      -0.01836106
   23       0.00966740
   24      -0.00823324
   25      -0.03710793
   26       0.00426639
   27      -0.01476283
   28       0.00603371
   29      -0.00550788
   30      -0.01410324
   31      -0.01122065
   32       0.00114748
   33       0.02074142
   34       0.01214531
   35       0.01290259
   36      -0.00085006
   37       0.00244119
   38      -0.01690964
   39       0.01991919
   40      -0.00486373
   41      -0.00696616
   42       0.01440990
   43      -0.01486316
   44       0.00577159
   45       0.01883690
   46      -0.00902210
   47       0.00488575
   48       0.02162419
   49      -0.00472607
   50      -0.00796165
   51       0.01045430
   52      -0.00383280
   53       0.01348952
   54       0.00463369
   55      -0.01960735
   56      -0.00342445
   57      -0.02067245
   58      -0.00028979
   59      -0.00629850
   60       0.00211639
   61      -0.02179893
   62       0.00259665
   63      -0.01978305
   64      -0.00691974

Nr. of electrons (up):    256.00000000
Atom populations (up)
 Atom       Population
    1       3.98414420
    2       3.99714253
    3       3.98952297
    4       4.00299016
    5       3.99699247
    6       3.98102382
    7       4.00181468
    8       3.99273871
    9       3.99691434
   10       3.99877428
   11       3.99578664
   12       3.99661465
   13       3.98623598
   14       3.99649130
   15       3.99519229
   16       3.98716653
   17       3.99276032
   18       3.99198846
   19       4.01250767
   20       4.01730255
   21       3.99589257
   22       4.01836106
   23       3.99033260
   24       4.00823324
   25       4.03710793
   26       3.99573361
   27       4.01476283
   28       3.99396629
   29       4.00550788
   30       4.01410324
   31       4.01122065
   32       3.99885252
   33       3.97925858
   34       3.98785469
   35       3.98709741
   36       4.00085006
   37       3.99755881
   38       4.01690964
   39       3.98008081
   40       4.00486373
   41       4.00696616
   42       3.98559010
   43       4.01486316
   44       3.99422841
   45       3.98116310
   46       4.00902210
   47       3.99511425
   48       3.97837581
   49       4.00472607
   50       4.00796165
   51       3.98954570
   52       4.00383280
   53       3.98651048
   54       3.99536631
   55       4.01960735
   56       4.00342445
   57       4.02067245
   58       4.00028979
   59       4.00629850
   60       3.99788361
   61       4.02179893
   62       3.99740335
   63       4.01978305
   64       4.00691974

l-shell populations (up)
 Atom Sh.   l       Population
    1   1   0       1.34119371
    1   2   1       2.47962917
    1   3   2       0.16332132
    2   1   0       1.35424822
    2   2   1       2.48580962
    2   3   2       0.15708469
    3   1   0       1.34699396
    3   2   1       2.48662783
    3   3   2       0.15590118
    4   1   0       1.37686692
    4   2   1       2.47858269
    4   3   2       0.14754054
    5   1   0       1.35981533
    5   2   1       2.48025758
    5   3   2       0.15691956
    6   1   0       1.34589471
    6   2   1       2.47531109
    6   3   2       0.15981803
    7   1   0       1.36823848
    7   2   1       2.47714792
    7   3   2       0.15642828
    8   1   0       1.34197677
    8   2   1       2.47983266
    8   3   2       0.17092928
    9   1   0       1.36000222
    9   2   1       2.48077777
    9   3   2       0.15613435
   10   1   0       1.35651112
   10   2   1       2.48113676
   10   3   2       0.16112640
   11   1   0       1.35483319
   11   2   1       2.47630993
   11   3   2       0.16464352
   12   1   0       1.35839005
   12   2   1       2.48627000
   12   3   2       0.15195459
   13   1   0       1.34441455
   13   2   1       2.47843800
   13   3   2       0.16338343
   14   1   0       1.35937206
   14   2   1       2.47885656
   14   3   2       0.15826269
   15   1   0       1.35278470
   15   2   1       2.48683121
   15   3   2       0.15557638
   16   1   0       1.34723858
   16   2   1       2.48217570
   16   3   2       0.15775224
   17   1   0       1.33277814
   17   2   1       2.48613442
   17   3   2       0.17384776
   18   1   0       1.34363925
   18   2   1       2.48501758
   18   3   2       0.16333162
   19   1   0       1.36498647
   19   2   1       2.49046836
   19   3   2       0.15705284
   20   1   0       1.39262664
   20   2   1       2.48558660
   20   3   2       0.13908931
   21   1   0       1.34481741
   21   2   1       2.48647579
   21   3   2       0.16459936
   22   1   0       1.37577193
   22   2   1       2.49829982
   22   3   2       0.14428931
   23   1   0       1.33879731
   23   2   1       2.47982195
   23   3   2       0.17171334
   24   1   0       1.37219513
   24   2   1       2.48887321
   24   3   2       0.14716490
   25   1   0       1.40642835
   25   2   1       2.49448123
   25   3   2       0.13619835
   26   1   0       1.35214303
   26   2   1       2.47972812
   26   3   2       0.16386247
   27   1   0       1.36638265
   27   2   1       2.50176476
   27   3   2       0.14661542
   28   1   0       1.34695412
   28   2   1       2.48049531
   28   3   2       0.16651686
   29   1   0       1.37251570
   29   2   1       2.48104761
   29   3   2       0.15194458
   30   1   0       1.37401620
   30   2   1       2.48718433
   30   3   2       0.15290272
   31   1   0       1.36653191
   31   2   1       2.49100268
   31   3   2       0.15368606
   32   1   0       1.34799600
   32   2   1       2.47894928
   32   3   2       0.17190724
   33   1   0       1.32276518
   33   2   1       2.47496137
   33   3   2       0.18153203
   34   1   0       1.34441259
   34   2   1       2.48387289
   34   3   2       0.15956921
   35   1   0       1.33972972
   35   2   1       2.47563375
   35   3   2       0.17173395
   36   1   0       1.36784487
   36   2   1       2.48153178
   36   3   2       0.15147342
   37   1   0       1.37011549
   37   2   1       2.47641458
   37   3   2       0.15102874
   38   1   0       1.37783929
   38   2   1       2.49755261
   38   3   2       0.14151774
   39   1   0       1.33137994
   39   2   1       2.47245383
   39   3   2       0.17624705
   40   1   0       1.36367340
   40   2   1       2.48169157
   40   3   2       0.15949876
   41   1   0       1.37494739
   41   2   1       2.48064987
   41   3   2       0.15136889
   42   1   0       1.33788638
   42   2   1       2.47410530
   42   3   2       0.17359842
   43   1   0       1.37946936
   43   2   1       2.49335530
   43   3   2       0.14203849
   44   1   0       1.36124888
   44   2   1       2.48092685
   44   3   2       0.15205268
   45   1   0       1.33569385
   45   2   1       2.48000981
   45   3   2       0.16545944
   46   1   0       1.37695250
   46   2   1       2.48439226
   46   3   2       0.14767734
   47   1   0       1.36771120
   47   2   1       2.47762692
   47   3   2       0.14977613
   48   1   0       1.32322172
   48   2   1       2.47663958
   48   3   2       0.17851451
   49   1   0       1.36306297
   49   2   1       2.48573617
   49   3   2       0.15592693
   50   1   0       1.36428080
   50   2   1       2.49331050
   50   3   2       0.15037035
   51   1   0       1.33342239
   51   2   1       2.48583634
   51   3   2       0.17028697
   52   1   0       1.35637190
   52   2   1       2.48337692
   52   3   2       0.16408398
   53   1   0       1.32326175
   53   2   1       2.48672491
   53   3   2       0.17652382
   54   1   0       1.35634222
   54   2   1       2.48239135
   54   3   2       0.15663274
   55   1   0       1.38571371
   55   2   1       2.48946001
   55   3   2       0.14443363
   56   1   0       1.36552772
   56   2   1       2.48312828
   56   3   2       0.15476846
   57   1   0       1.39406362
   57   2   1       2.48503083
   57   3   2       0.14157800
   58   1   0       1.35533667
   58   2   1       2.47910175
   58   3   2       0.16585137
   59   1   0       1.36049381
   59   2   1       2.49375192
   59   3   2       0.15205277
   60   1   0       1.34646809
   60   2   1       2.48226356
   60   3   2       0.16915196
   61   1   0       1.38367066
   61   2   1       2.49031832
   61   3   2       0.14780994
   62   1   0       1.35992201
   62   2   1       2.47801354
   62   3   2       0.15946781
   63   1   0       1.37603070
   63   2   1       2.49204046
   63   3   2       0.15171190
   64   1   0       1.37040425
   64   2   1       2.49088601
   64   3   2       0.14562948

Orbital populations (up)
 Atom Sh.   l   m       Population  Label
    1   1   0   0       1.34119371  s
    1   2   1  -1       0.82526729  p_y
    1   2   1   0       0.82940036  p_z
    1   2   1   1       0.82496153  p_x
    1   3   2  -2       0.04061523  d_xy
    1   3   2  -1       0.04055415  d_yz
    1   3   2   0       0.01894942  d_z2
    1   3   2   1       0.04083022  d_xz
    1   3   2   2       0.02237231  d_x2-y2
    2   1   0   0       1.35424822  s
    2   2   1  -1       0.82474557  p_y
    2   2   1   0       0.83362232  p_z
    2   2   1   1       0.82744172  p_x
    2   3   2  -2       0.03745891  d_xy
    2   3   2  -1       0.04159514  d_yz
    2   3   2   0       0.01722229  d_z2
    2   3   2   1       0.03925774  d_xz
    2   3   2   2       0.02155061  d_x2-y2
    3   1   0   0       1.34699396  s
    3   2   1  -1       0.82820925  p_y
    3   2   1   0       0.82647254  p_z
    3   2   1   1       0.83194604  p_x
    3   3   2  -2       0.03783455  d_xy
    3   3   2  -1       0.04588869  d_yz
    3   3   2   0       0.01912011  d_z2
    3   3   2   1       0.03326568  d_xz
    3   3   2   2       0.01979214  d_x2-y2
    4   1   0   0       1.37686692  s
    4   2   1  -1       0.82297748  p_y
    4   2   1   0       0.83055061  p_z
    4   2   1   1       0.82505460  p_x
    4   3   2  -2       0.03834555  d_xy
    4   3   2  -1       0.03370937  d_yz
    4   3   2   0       0.01722310  d_z2
    4   3   2   1       0.03989473  d_xz
    4   3   2   2       0.01836779  d_x2-y2
    5   1   0   0       1.35981533  s
    5   2   1  -1       0.82248551  p_y
    5   2   1   0       0.82905893  p_z
    5   2   1   1       0.82871314  p_x
    5   3   2  -2       0.03982728  d_xy
    5   3   2  -1       0.04020798  d_yz
    5   3   2   0       0.01848074  d_z2
    5   3   2   1       0.03825271  d_xz
    5   3   2   2       0.02015084  d_x2-y2
    6   1   0   0       1.34589471  s
    6   2   1  -1       0.82781082  p_y
    6   2   1   0       0.82165242  p_z
    6   2   1   1       0.82584785  p_x
    6   3   2  -2       0.03782435  d_xy
    6   3   2  -1       0.03829080  d_yz
    6   3   2   0       0.02080774  d_z2
    6   3   2   1       0.04197078  d_xz
    6   3   2   2       0.02092435  d_x2-y2
    7   1   0   0       1.36823848  s
    7   2   1  -1       0.82601082  p_y
    7   2   1   0       0.82473303  p_z
    7   2   1   1       0.82640407  p_x
    7   3   2  -2       0.04196970  d_xy
    7   3   2  -1       0.03636243  d_yz
    7   3   2   0       0.02006023  d_z2
    7   3   2   1       0.03915555  d_xz
    7   3   2   2       0.01888039  d_x2-y2
    8   1   0   0       1.34197677  s
    8   2   1  -1       0.82426825  p_y
    8   2   1   0       0.83144971  p_z
    8   2   1   1       0.82411471  p_x
    8   3   2  -2       0.04379587  d_xy
    8   3   2  -1       0.04251336  d_yz
    8   3   2   0       0.02125517  d_z2
    8   3   2   1       0.04044192  d_xz
    8   3   2   2       0.02292294  d_x2-y2
    9   1   0   0       1.36000222  s
    9   2   1  -1       0.83162840  p_y
    9   2   1   0       0.82005324  p_z
    9   2   1   1       0.82909612  p_x
    9   3   2  -2       0.03674098  d_xy
    9   3   2  -1       0.04007220  d_yz
    9   3   2   0       0.02155569  d_z2
    9   3   2   1       0.03945388  d_xz
    9   3   2   2       0.01831160  d_x2-y2
   10   1   0   0       1.35651112  s
   10   2   1  -1       0.82170007  p_y
   10   2   1   0       0.83217819  p_z
   10   2   1   1       0.82725850  p_x
   10   3   2  -2       0.04538844  d_xy
   10   3   2  -1       0.03844010  d_yz
   10   3   2   0       0.02059273  d_z2
   10   3   2   1       0.03722532  d_xz
   10   3   2   2       0.01947981  d_x2-y2
   11   1   0   0       1.35483319  s
   11   2   1  -1       0.82394114  p_y
   11   2   1   0       0.82671916  p_z
   11   2   1   1       0.82564962  p_x
   11   3   2  -2       0.04084361  d_xy
   11   3   2  -1       0.03661331  d_yz
   11   3   2   0       0.02033624  d_z2
   11   3   2   1       0.04525721  d_xz
   11   3   2   2       0.02159315  d_x2-y2
   12   1   0   0       1.35839005  s
   12   2   1  -1       0.82774155  p_y
   12   2   1   0       0.83266140  p_z
   12   2   1   1       0.82586705  p_x
   12   3   2  -2       0.04399389  d_xy
   12   3   2  -1       0.03728628  d_yz
   12   3   2   0       0.01846548  d_z2
   12   3   2   1       0.03344923  d_xz
   12   3   2   2       0.01875972  d_x2-y2
   13   1   0   0       1.34441455  s
   13   2   1  -1       0.82313228  p_y
   13   2   1   0       0.82987167  p_z
   13   2   1   1       0.82543405  p_x
   13   3   2  -2       0.04068173  d_xy
   13   3   2  -1       0.04248828  d_yz
   13   3   2   0       0.02045734  d_z2
   13   3   2   1       0.03847436  d_xz
   13   3   2   2       0.02128172  d_x2-y2
   14   1   0   0       1.35937206  s
   14   2   1  -1       0.82499144  p_y
   14   2   1   0       0.82685544  p_z
   14   2   1   1       0.82700967  p_x
   14   3   2  -2       0.03959516  d_xy
   14   3   2  -1       0.04379732  d_yz
   14   3   2   0       0.02083759  d_z2
   14   3   2   1       0.03568910  d_xz
   14   3   2   2       0.01834352  d_x2-y2
   15   1   0   0       1.35278470  s
   15   2   1  -1       0.82753409  p_y
   15   2   1   0       0.83254922  p_z
   15   2   1   1       0.82674789  p_x
   15   3   2  -2       0.04060573  d_xy
   15   3   2  -1       0.03665436  d_yz
   15   3   2   0       0.01831844  d_z2
   15   3   2   1       0.03950478  d_xz
   15   3   2   2       0.02049307  d_x2-y2
   16   1   0   0       1.34723858  s
   16   2   1  -1       0.82621521  p_y
   16   2   1   0       0.82798908  p_z
   16   2   1   1       0.82797141  p_x
   16   3   2  -2       0.04102351  d_xy
   16   3   2  -1       0.03471201  d_yz
   16   3   2   0       0.02161398  d_z2
   16   3   2   1       0.04134755  d_xz
   16   3   2   2       0.01905519  d_x2-y2
   17   1   0   0       1.33277814  s
   17   2   1  -1       0.83012066  p_y
   17   2   1   0       0.82558559  p_z
   17   2   1   1       0.83042816  p_x
   17   3   2  -2       0.04342147  d_xy
   17   3   2  -1       0.04148897  d_yz
   17   3   2   0       0.02274806  d_z2
   17   3   2   1       0.04284131  d_xz
   17   3   2   2       0.02334796  d_x2-y2
   18   1   0   0       1.34363925  s
   18   2   1  -1       0.83120143  p_y
   18   2   1   0       0.82362465  p_z
   18   2   1   1       0.83019151  p_x
   18   3   2  -2       0.03812880  d_xy
   18   3   2  -1       0.04174328  d_yz
   18   3   2   0       0.02134518  d_z2
   18   3   2   1       0.04178279  d_xz
   18   3   2   2       0.02033156  d_x2-y2
   19   1   0   0       1.36498647  s
   19   2   1  -1       0.82736165  p_y
   19   2   1   0       0.83185586  p_z
   19   2   1   1       0.83125085  p_x
   19   3   2  -2       0.03925457  d_xy
   19   3   2  -1       0.04149294  d_yz
   19   3   2   0       0.01903960  d_z2
   19   3   2   1       0.03732684  d_xz
   19   3   2   2       0.01993887  d_x2-y2
   20   1   0   0       1.39262664  s
   20   2   1  -1       0.83479300  p_y
   20   2   1   0       0.82236891  p_z
   20   2   1   1       0.82842470  p_x
   20   3   2  -2       0.03393624  d_xy
   20   3   2  -1       0.03326935  d_yz
   20   3   2   0       0.01761159  d_z2
   20   3   2   1       0.03950836  d_xz
   20   3   2   2       0.01476376  d_x2-y2
   21   1   0   0       1.34481741  s
   21   2   1  -1       0.82851298  p_y
   21   2   1   0       0.83018935  p_z
   21   2   1   1       0.82777347  p_x
   21   3   2  -2       0.04010994  d_xy
   21   3   2  -1       0.04018402  d_yz
   21   3   2   0       0.01986973  d_z2
   21   3   2   1       0.04296376  d_xz
   21   3   2   2       0.02147192  d_x2-y2
   22   1   0   0       1.37577193  s
   22   2   1  -1       0.83414843  p_y
   22   2   1   0       0.83261645  p_z
   22   2   1   1       0.83153494  p_x
   22   3   2  -2       0.03574259  d_xy
   22   3   2  -1       0.03639578  d_yz
   22   3   2   0       0.01738592  d_z2
   22   3   2   1       0.03851693  d_xz
   22   3   2   2       0.01624810  d_x2-y2
   23   1   0   0       1.33879731  s
   23   2   1  -1       0.82932129  p_y
   23   2   1   0       0.81974995  p_z
   23   2   1   1       0.83075071  p_x
   23   3   2  -2       0.03829956  d_xy
   23   3   2  -1       0.04467622  d_yz
   23   3   2   0       0.02286248  d_z2
   23   3   2   1       0.04465388  d_xz
   23   3   2   2       0.02122121  d_x2-y2
   24   1   0   0       1.37219513  s
   24   2   1  -1       0.82541521  p_y
   24   2   1   0       0.83287343  p_z
   24   2   1   1       0.83058457  p_x
   24   3   2  -2       0.03665192  d_xy
   24   3   2  -1       0.03894837  d_yz
   24   3   2   0       0.01916034  d_z2
   24   3   2   1       0.03513700  d_xz
   24   3   2   2       0.01726726  d_x2-y2
   25   1   0   0       1.40642835  s
   25   2   1  -1       0.83077184  p_y
   25   2   1   0       0.82891208  p_z
   25   2   1   1       0.83479730  p_x
   25   3   2  -2       0.03551402  d_xy
   25   3   2  -1       0.03506099  d_yz
   25   3   2   0       0.01597926  d_z2
   25   3   2   1       0.03493776  d_xz
   25   3   2   2       0.01470633  d_x2-y2
   26   1   0   0       1.35214303  s
   26   2   1  -1       0.82631030  p_y
   26   2   1   0       0.82599522  p_z
   26   2   1   1       0.82742260  p_x
   26   3   2  -2       0.03994780  d_xy
   26   3   2  -1       0.04275270  d_yz
   26   3   2   0       0.02081335  d_z2
   26   3   2   1       0.03918759  d_xz
   26   3   2   2       0.02116102  d_x2-y2
   27   1   0   0       1.36638265  s
   27   2   1  -1       0.83715740  p_y
   27   2   1   0       0.83297553  p_z
   27   2   1   1       0.83163183  p_x
   27   3   2  -2       0.03405147  d_xy
   27   3   2  -1       0.03779645  d_yz
   27   3   2   0       0.01667917  d_z2
   27   3   2   1       0.03898035  d_xz
   27   3   2   2       0.01910799  d_x2-y2
   28   1   0   0       1.34695412  s
   28   2   1  -1       0.83254807  p_y
   28   2   1   0       0.82652157  p_z
   28   2   1   1       0.82142567  p_x
   28   3   2  -2       0.04265961  d_xy
   28   3   2  -1       0.03873319  d_yz
   28   3   2   0       0.02145585  d_z2
   28   3   2   1       0.04277839  d_xz
   28   3   2   2       0.02088981  d_x2-y2
   29   1   0   0       1.37251570  s
   29   2   1  -1       0.83306094  p_y
   29   2   1   0       0.82169462  p_z
   29   2   1   1       0.82629204  p_x
   29   3   2  -2       0.03598513  d_xy
   29   3   2  -1       0.03911114  d_yz
   29   3   2   0       0.01881156  d_z2
   29   3   2   1       0.03960973  d_xz
   29   3   2   2       0.01842702  d_x2-y2
   30   1   0   0       1.37401620  s
   30   2   1  -1       0.83290339  p_y
   30   2   1   0       0.82777806  p_z
   30   2   1   1       0.82650288  p_x
   30   3   2  -2       0.03938536  d_xy
   30   3   2  -1       0.03697721  d_yz
   30   3   2   0       0.01943120  d_z2
   30   3   2   1       0.03895705  d_xz
   30   3   2   2       0.01815189  d_x2-y2
   31   1   0   0       1.36653191  s
   31   2   1  -1       0.83087186  p_y
   31   2   1   0       0.82554895  p_z
   31   2   1   1       0.83458188  p_x
   31   3   2  -2       0.03729901  d_xy
   31   3   2  -1       0.03921423  d_yz
   31   3   2   0       0.01970579  d_z2
   31   3   2   1       0.03986463  d_xz
   31   3   2   2       0.01760239  d_x2-y2
   32   1   0   0       1.34799600  s
   32   2   1  -1       0.82671362  p_y
   32   2   1   0       0.82996000  p_z
   32   2   1   1       0.82227566  p_x
   32   3   2  -2       0.04708370  d_xy
   32   3   2  -1       0.03735830  d_yz
   32   3   2   0       0.02248041  d_z2
   32   3   2   1       0.04345659  d_xz
   32   3   2   2       0.02152824  d_x2-y2
   33   1   0   0       1.32276518  s
   33   2   1  -1       0.83360533  p_y
   33   2   1   0       0.81847210  p_z
   33   2   1   1       0.82288394  p_x
   33   3   2  -2       0.04184496  d_xy
   33   3   2  -1       0.04204991  d_yz
   33   3   2   0       0.02679734  d_z2
   33   3   2   1       0.04842509  d_xz
   33   3   2   2       0.02241472  d_x2-y2
   34   1   0   0       1.34441259  s
   34   2   1  -1       0.82710895  p_y
   34   2   1   0       0.82758740  p_z
   34   2   1   1       0.82917655  p_x
   34   3   2  -2       0.03752263  d_xy
   34   3   2  -1       0.04089706  d_yz
   34   3   2   0       0.01978571  d_z2
   34   3   2   1       0.04116787  d_xz
   34   3   2   2       0.02019594  d_x2-y2
   35   1   0   0       1.33972972  s
   35   2   1  -1       0.82757959  p_y
   35   2   1   0       0.82547539  p_z
   35   2   1   1       0.82257876  p_x
   35   3   2  -2       0.04192001  d_xy
   35   3   2  -1       0.04334436  d_yz
   35   3   2   0       0.02189552  d_z2
   35   3   2   1       0.04209123  d_xz
   35   3   2   2       0.02248282  d_x2-y2
   36   1   0   0       1.36784487  s
   36   2   1  -1       0.83078440  p_y
   36   2   1   0       0.82726847  p_z
   36   2   1   1       0.82347891  p_x
   36   3   2  -2       0.03814194  d_xy
   36   3   2  -1       0.03708806  d_yz
   36   3   2   0       0.01748871  d_z2
   36   3   2   1       0.03910723  d_xz
   36   3   2   2       0.01964748  d_x2-y2
   37   1   0   0       1.37011549  s
   37   2   1  -1       0.82514821  p_y
   37   2   1   0       0.82736834  p_z
   37   2   1   1       0.82389803  p_x
   37   3   2  -2       0.03862950  d_xy
   37   3   2  -1       0.03888972  d_yz
   37   3   2   0       0.01875376  d_z2
   37   3   2   1       0.03666167  d_xz
   37   3   2   2       0.01809409  d_x2-y2
   38   1   0   0       1.37783929  s
   38   2   1  -1       0.83607322  p_y
   38   2   1   0       0.82713185  p_z
   38   2   1   1       0.83434754  p_x
   38   3   2  -2       0.03351114  d_xy
   38   3   2  -1       0.03366017  d_yz
   38   3   2   0       0.01706580  d_z2
   38   3   2   1       0.04125465  d_xz
   38   3   2   2       0.01602598  d_x2-y2
   39   1   0   0       1.33137994  s
   39   2   1  -1       0.82115027  p_y
   39   2   1   0       0.82664568  p_z
   39   2   1   1       0.82465788  p_x
   39   3   2  -2       0.04456139  d_xy
   39   3   2  -1       0.04132017  d_yz
   39   3   2   0       0.02276370  d_z2
   39   3   2   1       0.04312447  d_xz
   39   3   2   2       0.02447731  d_x2-y2
   40   1   0   0       1.36367340  s
   40   2   1  -1       0.82564501  p_y
   40   2   1   0       0.82564082  p_z
   40   2   1   1       0.83040574  p_x
   40   3   2  -2       0.03953832  d_xy
   40   3   2  -1       0.04455149  d_yz
   40   3   2   0       0.02156799  d_z2
   40   3   2   1       0.03505590  d_xz
   40   3   2   2       0.01878506  d_x2-y2
   41   1   0   0       1.37494739  s
   41   2   1  -1       0.82693941  p_y
   41   2   1   0       0.82363297  p_z
   41   2   1   1       0.83007749  p_x
   41   3   2  -2       0.03549977  d_xy
   41   3   2  -1       0.04213685  d_yz
   41   3   2   0       0.01837252  d_z2
   41   3   2   1       0.03680227  d_xz
   41   3   2   2       0.01855748  d_x2-y2
   42   1   0   0       1.33788638  s
   42   2   1  -1       0.82184088  p_y
   42   2   1   0       0.82561741  p_z
   42   2   1   1       0.82664701  p_x
   42   3   2  -2       0.04141468  d_xy
   42   3   2  -1       0.04654470  d_yz
   42   3   2   0       0.02191969  d_z2
   42   3   2   1       0.03974574  d_xz
   42   3   2   2       0.02397360  d_x2-y2
   43   1   0   0       1.37946936  s
   43   2   1  -1       0.83342695  p_y
   43   2   1   0       0.83008798  p_z
   43   2   1   1       0.82984038  p_x
   43   3   2  -2       0.03426032  d_xy
   43   3   2  -1       0.03262110  d_yz
   43   3   2   0       0.01551829  d_z2
   43   3   2   1       0.04156395  d_xz
   43   3   2   2       0.01807483  d_x2-y2
   44   1   0   0       1.36124888  s
   44   2   1  -1       0.82998170  p_y
   44   2   1   0       0.82451424  p_z
   44   2   1   1       0.82643091  p_x
   44   3   2  -2       0.04046343  d_xy
   44   3   2  -1       0.03384361  d_yz
   44   3   2   0       0.02069341  d_z2
   44   3   2   1       0.04046441  d_xz
   44   3   2   2       0.01658782  d_x2-y2
   45   1   0   0       1.33569385  s
   45   2   1  -1       0.82710516  p_y
   45   2   1   0       0.82989870  p_z
   45   2   1   1       0.82300595  p_x
   45   3   2  -2       0.04060762  d_xy
   45   3   2  -1       0.03813814  d_yz
   45   3   2   0       0.01989467  d_z2
   45   3   2   1       0.04369250  d_xz
   45   3   2   2       0.02312650  d_x2-y2
   46   1   0   0       1.37695250  s
   46   2   1  -1       0.83493196  p_y
   46   2   1   0       0.82119624  p_z
   46   2   1   1       0.82826406  p_x
   46   3   2  -2       0.03500448  d_xy
   46   3   2  -1       0.03778409  d_yz
   46   3   2   0       0.01880718  d_z2
   46   3   2   1       0.03941066  d_xz
   46   3   2   2       0.01667094  d_x2-y2
   47   1   0   0       1.36771120  s
   47   2   1  -1       0.82781362  p_y
   47   2   1   0       0.82467716  p_z
   47   2   1   1       0.82513615  p_x
   47   3   2  -2       0.03655221  d_xy
   47   3   2  -1       0.03960919  d_yz
   47   3   2   0       0.01818515  d_z2
   47   3   2   1       0.03692735  d_xz
   47   3   2   2       0.01850224  d_x2-y2
   48   1   0   0       1.32322172  s
   48   2   1  -1       0.82607328  p_y
   48   2   1   0       0.82411321  p_z
   48   2   1   1       0.82645309  p_x
   48   3   2  -2       0.04307722  d_xy
   48   3   2  -1       0.04100808  d_yz
   48   3   2   0       0.02428613  d_z2
   48   3   2   1       0.04606302  d_xz
   48   3   2   2       0.02408005  d_x2-y2
   49   1   0   0       1.36306297  s
   49   2   1  -1       0.82673549  p_y
   49   2   1   0       0.83377556  p_z
   49   2   1   1       0.82522512  p_x
   49   3   2  -2       0.04558340  d_xy
   49   3   2  -1       0.03505915  d_yz
   49   3   2   0       0.01932711  d_z2
   49   3   2   1       0.03580660  d_xz
   49   3   2   2       0.02015067  d_x2-y2
   50   1   0   0       1.36428080  s
   50   2   1  -1       0.82955848  p_y
   50   2   1   0       0.83167394  p_z
   50   2   1   1       0.83207807  p_x
   50   3   2  -2       0.03685265  d_xy
   50   3   2  -1       0.04030336  d_yz
   50   3   2   0       0.01923232  d_z2
   50   3   2   1       0.03635380  d_xz
   50   3   2   2       0.01762822  d_x2-y2
   51   1   0   0       1.33342239  s
   51   2   1  -1       0.82728947  p_y
   51   2   1   0       0.83053580  p_z
   51   2   1   1       0.82801106  p_x
   51   3   2  -2       0.04100135  d_xy
   51   3   2  -1       0.04371150  d_yz
   51   3   2   0       0.02091704  d_z2
   51   3   2   1       0.04164577  d_xz
   51   3   2   2       0.02301131  d_x2-y2
   52   1   0   0       1.35637190  s
   52   2   1  -1       0.83080671  p_y
   52   2   1   0       0.82272345  p_z
   52   2   1   1       0.82984676  p_x
   52   3   2  -2       0.03879766  d_xy
   52   3   2  -1       0.03937678  d_yz
   52   3   2   0       0.02196271  d_z2
   52   3   2   1       0.04455112  d_xz
   52   3   2   2       0.01939572  d_x2-y2
   53   1   0   0       1.32326175  s
   53   2   1  -1       0.82960232  p_y
   53   2   1   0       0.83153390  p_z
   53   2   1   1       0.82558870  p_x
   53   3   2  -2       0.04594007  d_xy
   53   3   2  -1       0.04196752  d_yz
   53   3   2   0       0.02367705  d_z2
   53   3   2   1       0.04273656  d_xz
   53   3   2   2       0.02220261  d_x2-y2
   54   1   0   0       1.35634222  s
   54   2   1  -1       0.82841755  p_y
   54   2   1   0       0.82814298  p_z
   54   2   1   1       0.82583081  p_x
   54   3   2  -2       0.04158405  d_xy
   54   3   2  -1       0.03793265  d_yz
   54   3   2   0       0.02097675  d_z2
   54   3   2   1       0.03726073  d_xz
   54   3   2   2       0.01887856  d_x2-y2
   55   1   0   0       1.38571371  s
   55   2   1  -1       0.83239399  p_y
   55   2   1   0       0.83160786  p_z
   55   2   1   1       0.82545816  p_x
   55   3   2  -2       0.03844377  d_xy
   55   3   2  -1       0.03805378  d_yz
   55   3   2   0       0.01672402  d_z2
   55   3   2   1       0.03387127  d_xz
   55   3   2   2       0.01734079  d_x2-y2
   56   1   0   0       1.36552772  s
   56   2   1  -1       0.82231728  p_y
   56   2   1   0       0.83111130  p_z
   56   2   1   1       0.82969970  p_x
   56   3   2  -2       0.03714979  d_xy
   56   3   2  -1       0.03922297  d_yz
   56   3   2   0       0.01893655  d_z2
   56   3   2   1       0.03943033  d_xz
   56   3   2   2       0.02002880  d_x2-y2
   57   1   0   0       1.39406362  s
   57   2   1  -1       0.82395505  p_y
   57   2   1   0       0.83266872  p_z
   57   2   1   1       0.82840706  p_x
   57   3   2  -2       0.04125591  d_xy
   57   3   2  -1       0.03455400  d_yz
   57   3   2   0       0.01723331  d_z2
   57   3   2   1       0.03249900  d_xz
   57   3   2   2       0.01603578  d_x2-y2
   58   1   0   0       1.35533667  s
   58   2   1  -1       0.82892378  p_y
   58   2   1   0       0.82224176  p_z
   58   2   1   1       0.82793621  p_x
   58   3   2  -2       0.03815855  d_xy
   58   3   2  -1       0.04369655  d_yz
   58   3   2   0       0.02093827  d_z2
   58   3   2   1       0.04251146  d_xz
   58   3   2   2       0.02054654  d_x2-y2
   59   1   0   0       1.36049381  s
   59   2   1  -1       0.82873939  p_y
   59   2   1   0       0.83139901  p_z
   59   2   1   1       0.83361352  p_x
   59   3   2  -2       0.03501456  d_xy
   59   3   2  -1       0.04055399  d_yz
   59   3   2   0       0.01771825  d_z2
   59   3   2   1       0.03916768  d_xz
   59   3   2   2       0.01959829  d_x2-y2
   60   1   0   0       1.34646809  s
   60   2   1  -1       0.82556529  p_y
   60   2   1   0       0.82742528  p_z
   60   2   1   1       0.82927299  p_x
   60   3   2  -2       0.04623950  d_xy
   60   3   2  -1       0.04084826  d_yz
   60   3   2   0       0.02097936  d_z2
   60   3   2   1       0.03918218  d_xz
   60   3   2   2       0.02190266  d_x2-y2
   61   1   0   0       1.38367066  s
   61   2   1  -1       0.82460805  p_y
   61   2   1   0       0.83279086  p_z
   61   2   1   1       0.83291941  p_x
   61   3   2  -2       0.03532030  d_xy
   61   3   2  -1       0.03924056  d_yz
   61   3   2   0       0.01756305  d_z2
   61   3   2   1       0.03765412  d_xz
   61   3   2   2       0.01803191  d_x2-y2
   62   1   0   0       1.35992201  s
   62   2   1  -1       0.82323083  p_y
   62   2   1   0       0.82967714  p_z
   62   2   1   1       0.82510557  p_x
   62   3   2  -2       0.04436621  d_xy
   62   3   2  -1       0.03944792  d_yz
   62   3   2   0       0.02114053  d_z2
   62   3   2   1       0.03582296  d_xz
   62   3   2   2       0.01869018  d_x2-y2
   63   1   0   0       1.37603070  s
   63   2   1  -1       0.82811976  p_y
   63   2   1   0       0.83094820  p_z
   63   2   1   1       0.83297250  p_x
   63   3   2  -2       0.03929365  d_xy
   63   3   2  -1       0.03620809  d_yz
   63   3   2   0       0.01888596  d_z2
   63   3   2   1       0.03878773  d_xz
   63   3   2   2       0.01853648  d_x2-y2
   64   1   0   0       1.37040425  s
   64   2   1  -1       0.82969586  p_y
   64   2   1   0       0.83099330  p_z
   64   2   1   1       0.83019686  p_x
   64   3   2  -2       0.03803856  d_xy
   64   3   2  -1       0.03690505  d_yz
   64   3   2   0       0.01713539  d_z2
   64   3   2   1       0.03584086  d_xz
   64   3   2   2       0.01770961  d_x2-y2

Fermi level:                        -0.1328086440 H           -3.6139 eV
Band energy:                       -88.1750754010 H        -2399.3659 eV
TS:                                  0.0000000000 H            0.0000 eV
Band free energy (E-TS):           -88.1750754010 H        -2399.3659 eV
Extrapolated E(0K):                -88.1750754010 H        -2399.3659 eV
Input / Output electrons (q):    256.0000000000    256.0000000000

Energy H0:                         -88.1654545412 H        -2399.1041 eV
Energy SCC:                          0.0004702327 H            0.0128 eV
Total Electronic energy:           -88.1649843085 H        -2399.0913 eV
Repulsive energy:                    0.0000000000 H            0.0000 eV
Total energy:                      -88.1649843085 H        -2399.0913 eV
Extrapolated to 0:                 -88.1649843085 H        -2399.0913 eV
Total Mermin free energy:          -88.1649843085 H        -2399.0913 eV
Force related energy:              -88.1649843085 H        -2399.0913 eV

Non-constrained calculation

SCC converged

Warning: dipole moment is not defined absolutely!
Dipole moment:   -0.35972355    0.24367039   -0.34797114 au
Dipole moment:   -0.91432614    0.61934841   -0.88445448 Debye


