 Fermi distribution function

Calculation with static geometry


********************************************************************************
 iSCC Total electronic   Diff electronic      SCC error    
    9   -0.88100904E+02   -0.13956765E-08    0.93790804E-05
********************************************************************************

 Total charge:    -0.00000000

 Atomic gross charges (e)
 Atom           Charge
    1      -0.02079250
    2       0.00655275
    3      -0.01390448
    4       0.00619958
    5       0.00657438
    6       0.01826937
    7       0.00981383
    8       0.01575922
    9      -0.00749499
   10       0.00376498
   11      -0.01282894
   12       0.00055383
   13      -0.00491499
   14       0.01142727
   15      -0.00452188
   16       0.01185343
   17       0.00966011
   18      -0.00404050
   19       0.00371465
   20      -0.01525880
   21      -0.00428653
   22      -0.01149010
   23       0.01060622
   24      -0.02281366
   25       0.00292901
   26      -0.00899263
   27       0.00473974
   28      -0.00539826
   29      -0.00516841
   30      -0.00445201
   31      -0.00438616
   32       0.01333547
   33       0.01366135
   34       0.00817439
   35       0.00224662
   36      -0.00898384
   37       0.00079335
   38      -0.00878815
   39       0.00766588
   40       0.01830209
   41      -0.00732533
   42       0.01574228
   43      -0.00511655
   44       0.00061194
   45       0.00139847
   46       0.01774446
   47      -0.00450690
   48       0.02614559
   49      -0.00230665
   50      -0.00767508
   51       0.00226181
   52      -0.00703522
   53       0.01704977
   54      -0.01702942
   55      -0.00308193
   56      -0.01586972
   57      -0.00138681
   58       0.00931287
   59       0.00376170
   60       0.00304711
   61      -0.00076080
   62      -0.00946542
   63      -0.00041304
   64      -0.03318382

Nr. of electrons (up):    256.00000000
Atom populations (up)
 Atom       Population
    1       4.02079250
    2       3.99344725
    3       4.01390448
    4       3.99380042
    5       3.99342562
    6       3.98173063
    7       3.99018617
    8       3.98424078
    9       4.00749499
   10       3.99623502
   11       4.01282894
   12       3.99944617
   13       4.00491499
   14       3.98857273
   15       4.00452188
   16       3.98814657
   17       3.99033989
   18       4.00404050
   19       3.99628535
   20       4.01525880
   21       4.00428653
   22       4.01149010
   23       3.98939378
   24       4.02281366
   25       3.99707099
   26       4.00899263
   27       3.99526026
   28       4.00539826
   29       4.00516841
   30       4.00445201
   31       4.00438616
   32       3.98666453
   33       3.98633865
   34       3.99182561
   35       3.99775338
   36       4.00898384
   37       3.99920665
   38       4.00878815
   39       3.99233412
   40       3.98169791
   41       4.00732533
   42       3.98425772
   43       4.00511655
   44       3.99938806
   45       3.99860153
   46       3.98225554
   47       4.00450690
   48       3.97385441
   49       4.00230665
   50       4.00767508
   51       3.99773819
   52       4.00703522
   53       3.98295023
   54       4.01702942
   55       4.00308193
   56       4.01586972
   57       4.00138681
   58       3.99068713
   59       3.99623830
   60       3.99695289
   61       4.00076080
   62       4.00946542
   63       4.00041304
   64       4.03318382

l-shell populations (up)
 Atom Sh.   l       Population
    1   1   0       1.38232831
    1   2   1       2.49638034
    1   3   2       0.14208386
    2   1   0       1.35669528
    2   2   1       2.47566909
    2   3   2       0.16108288
    3   1   0       1.37750057
    3   2   1       2.49191052
    3   3   2       0.14449340
    4   1   0       1.36366538
    4   2   1       2.47436705
    4   3   2       0.15576799
    5   1   0       1.35716023
    5   2   1       2.47500188
    5   3   2       0.16126350
    6   1   0       1.35069632
    6   2   1       2.46534843
    6   3   2       0.16568587
    7   1   0       1.34486100
    7   2   1       2.47985515
    7   3   2       0.16547002
    8   1   0       1.34038541
    8   2   1       2.47644425
    8   3   2       0.16741112
    9   1   0       1.36498637
    9   2   1       2.48866068
    9   3   2       0.15384794
   10   1   0       1.35568443
   10   2   1       2.48410517
   10   3   2       0.15644542
   11   1   0       1.36506391
   11   2   1       2.49066737
   11   3   2       0.15709767
   12   1   0       1.36664988
   12   2   1       2.48588634
   12   3   2       0.14690996
   13   1   0       1.35996260
   13   2   1       2.48477664
   13   3   2       0.16017575
   14   1   0       1.34838926
   14   2   1       2.47355339
   14   3   2       0.16663009
   15   1   0       1.37134015
   15   2   1       2.48583926
   15   3   2       0.14734248
   16   1   0       1.35054963
   16   2   1       2.47044571
   16   3   2       0.16715123
   17   1   0       1.34284295
   17   2   1       2.48231559
   17   3   2       0.16518136
   18   1   0       1.35717982
   18   2   1       2.48272584
   18   3   2       0.16413484
   19   1   0       1.35581426
   19   2   1       2.48127410
   19   3   2       0.15919699
   20   1   0       1.37455044
   20   2   1       2.49572196
   20   3   2       0.14498639
   21   1   0       1.34957765
   21   2   1       2.48998567
   21   3   2       0.16472320
   22   1   0       1.37536438
   22   2   1       2.48384041
   22   3   2       0.15228530
   23   1   0       1.33442037
   23   2   1       2.47886995
   23   3   2       0.17610345
   24   1   0       1.39827132
   24   2   1       2.48890629
   24   3   2       0.13563604
   25   1   0       1.37189917
   25   2   1       2.46684481
   25   3   2       0.15832701
   26   1   0       1.35967624
   26   2   1       2.49298909
   26   3   2       0.15632730
   27   1   0       1.36942577
   27   2   1       2.47165682
   27   3   2       0.15417766
   28   1   0       1.36344231
   28   2   1       2.48272116
   28   3   2       0.15923479
   29   1   0       1.36284058
   29   2   1       2.48730688
   29   3   2       0.15502095
   30   1   0       1.36165851
   30   2   1       2.48795278
   30   3   2       0.15484072
   31   1   0       1.36763084
   31   2   1       2.47882526
   31   3   2       0.15793007
   32   1   0       1.34475691
   32   2   1       2.45887274
   32   3   2       0.18303488
   33   1   0       1.35549925
   33   2   1       2.46049351
   33   3   2       0.17034588
   34   1   0       1.35104994
   34   2   1       2.47739729
   34   3   2       0.16337838
   35   1   0       1.35445360
   35   2   1       2.47754993
   35   3   2       0.16574986
   36   1   0       1.37338787
   36   2   1       2.48430681
   36   3   2       0.15128916
   37   1   0       1.36054475
   37   2   1       2.48149847
   37   3   2       0.15716344
   38   1   0       1.37921971
   38   2   1       2.48562591
   38   3   2       0.14394253
   39   1   0       1.35037259
   39   2   1       2.47441576
   39   3   2       0.16754577
   40   1   0       1.34358594
   40   2   1       2.47520422
   40   3   2       0.16290775
   41   1   0       1.36720548
   41   2   1       2.48689251
   41   3   2       0.15322734
   42   1   0       1.33468851
   42   2   1       2.47392648
   42   3   2       0.17564273
   43   1   0       1.36786658
   43   2   1       2.48867864
   43   3   2       0.14857133
   44   1   0       1.36032464
   44   2   1       2.48333481
   44   3   2       0.15572861
   45   1   0       1.37241867
   45   2   1       2.47667026
   45   3   2       0.14951260
   46   1   0       1.34660788
   46   2   1       2.46676612
   46   3   2       0.16888154
   47   1   0       1.37526111
   47   2   1       2.48292030
   47   3   2       0.14632549
   48   1   0       1.32743011
   48   2   1       2.46437961
   48   3   2       0.18204469
   49   1   0       1.36010556
   49   2   1       2.48369900
   49   3   2       0.15850209
   50   1   0       1.36558849
   50   2   1       2.49294882
   50   3   2       0.14913777
   51   1   0       1.35193132
   51   2   1       2.48175811
   51   3   2       0.16404876
   52   1   0       1.35943031
   52   2   1       2.48765285
   52   3   2       0.15995206
   53   1   0       1.33564330
   53   2   1       2.47229509
   53   3   2       0.17501185
   54   1   0       1.39100156
   54   2   1       2.48173643
   54   3   2       0.14429143
   55   1   0       1.36517436
   55   2   1       2.48641089
   55   3   2       0.15149667
   56   1   0       1.37287774
   56   2   1       2.49330989
   56   3   2       0.14968210
   57   1   0       1.36607891
   57   2   1       2.48003927
   57   3   2       0.15526863
   58   1   0       1.35459538
   58   2   1       2.46545210
   58   3   2       0.17063966
   59   1   0       1.34940983
   59   2   1       2.48489260
   59   3   2       0.16193587
   60   1   0       1.34939574
   60   2   1       2.47677099
   60   3   2       0.17078616
   61   1   0       1.37544654
   61   2   1       2.47106394
   61   3   2       0.15425033
   62   1   0       1.35625648
   62   2   1       2.49619950
   62   3   2       0.15700943
   63   1   0       1.36438823
   63   2   1       2.47655146
   63   3   2       0.15947335
   64   1   0       1.40651038
   64   2   1       2.49338056
   64   3   2       0.13329288

Orbital populations (up)
 Atom Sh.   l   m       Population  Label
    1   1   0   0       1.38232831  s
    1   2   1  -1       0.83220729  p_y
    1   2   1   0       0.83108371  p_z
    1   2   1   1       0.83308934  p_x
    1   3   2  -2       0.03423070  d_xy
    1   3   2  -1       0.03959513  d_yz
    1   3   2   0       0.01766084  d_z2
    1   3   2   1       0.03447926  d_xz
    1   3   2   2       0.01611792  d_x2-y2
    2   1   0   0       1.35669528  s
    2   2   1  -1       0.82080298  p_y
    2   2   1   0       0.83000824  p_z
    2   2   1   1       0.82485788  p_x
    2   3   2  -2       0.04179620  d_xy
    2   3   2  -1       0.04030149  d_yz
    2   3   2   0       0.01882713  d_z2
    2   3   2   1       0.03870388  d_xz
    2   3   2   2       0.02145417  d_x2-y2
    3   1   0   0       1.37750057  s
    3   2   1  -1       0.83093622  p_y
    3   2   1   0       0.82870153  p_z
    3   2   1   1       0.83227277  p_x
    3   3   2  -2       0.03459051  d_xy
    3   3   2  -1       0.03547766  d_yz
    3   3   2   0       0.01729524  d_z2
    3   3   2   1       0.04018857  d_xz
    3   3   2   2       0.01694142  d_x2-y2
    4   1   0   0       1.36366538  s
    4   2   1  -1       0.81965312  p_y
    4   2   1   0       0.83225147  p_z
    4   2   1   1       0.82246247  p_x
    4   3   2  -2       0.04603471  d_xy
    4   3   2  -1       0.03568125  d_yz
    4   3   2   0       0.02008855  d_z2
    4   3   2   1       0.03496049  d_xz
    4   3   2   2       0.01900300  d_x2-y2
    5   1   0   0       1.35716023  s
    5   2   1  -1       0.82668974  p_y
    5   2   1   0       0.82502693  p_z
    5   2   1   1       0.82328521  p_x
    5   3   2  -2       0.04063206  d_xy
    5   3   2  -1       0.03598664  d_yz
    5   3   2   0       0.01998450  d_z2
    5   3   2   1       0.04373087  d_xz
    5   3   2   2       0.02092944  d_x2-y2
    6   1   0   0       1.35069632  s
    6   2   1  -1       0.81354740  p_y
    6   2   1   0       0.82691227  p_z
    6   2   1   1       0.82488876  p_x
    6   3   2  -2       0.04473976  d_xy
    6   3   2  -1       0.04131898  d_yz
    6   3   2   0       0.02222475  d_z2
    6   3   2   1       0.03752682  d_xz
    6   3   2   2       0.01987557  d_x2-y2
    7   1   0   0       1.34486100  s
    7   2   1  -1       0.82433174  p_y
    7   2   1   0       0.82805432  p_z
    7   2   1   1       0.82746909  p_x
    7   3   2  -2       0.03802970  d_xy
    7   3   2  -1       0.04303205  d_yz
    7   3   2   0       0.01963224  d_z2
    7   3   2   1       0.04202574  d_xz
    7   3   2   2       0.02275029  d_x2-y2
    8   1   0   0       1.34038541  s
    8   2   1  -1       0.82680325  p_y
    8   2   1   0       0.82930859  p_z
    8   2   1   1       0.82033241  p_x
    8   3   2  -2       0.04374560  d_xy
    8   3   2  -1       0.03961376  d_yz
    8   3   2   0       0.02264308  d_z2
    8   3   2   1       0.04084054  d_xz
    8   3   2   2       0.02056814  d_x2-y2
    9   1   0   0       1.36498637  s
    9   2   1  -1       0.83168180  p_y
    9   2   1   0       0.82807992  p_z
    9   2   1   1       0.82889896  p_x
    9   3   2  -2       0.03788441  d_xy
    9   3   2  -1       0.03789343  d_yz
    9   3   2   0       0.01831263  d_z2
    9   3   2   1       0.04059506  d_xz
    9   3   2   2       0.01916242  d_x2-y2
   10   1   0   0       1.35568443  s
   10   2   1  -1       0.82682150  p_y
   10   2   1   0       0.83685113  p_z
   10   2   1   1       0.82043255  p_x
   10   3   2  -2       0.04206495  d_xy
   10   3   2  -1       0.03853575  d_yz
   10   3   2   0       0.01710644  d_z2
   10   3   2   1       0.03610179  d_xz
   10   3   2   2       0.02263648  d_x2-y2
   11   1   0   0       1.36506391  s
   11   2   1  -1       0.82399623  p_y
   11   2   1   0       0.83451402  p_z
   11   2   1   1       0.83215712  p_x
   11   3   2  -2       0.04187034  d_xy
   11   3   2  -1       0.04119641  d_yz
   11   3   2   0       0.01843264  d_z2
   11   3   2   1       0.03496596  d_xz
   11   3   2   2       0.02063232  d_x2-y2
   12   1   0   0       1.36664988  s
   12   2   1  -1       0.82412308  p_y
   12   2   1   0       0.83246512  p_z
   12   2   1   1       0.82929813  p_x
   12   3   2  -2       0.03942539  d_xy
   12   3   2  -1       0.03615300  d_yz
   12   3   2   0       0.01664546  d_z2
   12   3   2   1       0.03619089  d_xz
   12   3   2   2       0.01849522  d_x2-y2
   13   1   0   0       1.35996260  s
   13   2   1  -1       0.81994057  p_y
   13   2   1   0       0.83894150  p_z
   13   2   1   1       0.82589457  p_x
   13   3   2  -2       0.05031556  d_xy
   13   3   2  -1       0.03631745  d_yz
   13   3   2   0       0.01881698  d_z2
   13   3   2   1       0.03345762  d_xz
   13   3   2   2       0.02126814  d_x2-y2
   14   1   0   0       1.34838926  s
   14   2   1  -1       0.82832315  p_y
   14   2   1   0       0.82447886  p_z
   14   2   1   1       0.82075137  p_x
   14   3   2  -2       0.04354164  d_xy
   14   3   2  -1       0.03570244  d_yz
   14   3   2   0       0.02440215  d_z2
   14   3   2   1       0.04497250  d_xz
   14   3   2   2       0.01801135  d_x2-y2
   15   1   0   0       1.37134015  s
   15   2   1  -1       0.82696598  p_y
   15   2   1   0       0.83245789  p_z
   15   2   1   1       0.82641538  p_x
   15   3   2  -2       0.03837697  d_xy
   15   3   2  -1       0.03883974  d_yz
   15   3   2   0       0.01605593  d_z2
   15   3   2   1       0.03519561  d_xz
   15   3   2   2       0.01887422  d_x2-y2
   16   1   0   0       1.35054963  s
   16   2   1  -1       0.82243245  p_y
   16   2   1   0       0.82623749  p_z
   16   2   1   1       0.82177577  p_x
   16   3   2  -2       0.03844221  d_xy
   16   3   2  -1       0.04356177  d_yz
   16   3   2   0       0.02131306  d_z2
   16   3   2   1       0.04193316  d_xz
   16   3   2   2       0.02190103  d_x2-y2
   17   1   0   0       1.34284295  s
   17   2   1  -1       0.82843381  p_y
   17   2   1   0       0.82352454  p_z
   17   2   1   1       0.83035723  p_x
   17   3   2  -2       0.03812105  d_xy
   17   3   2  -1       0.04371756  d_yz
   17   3   2   0       0.02130961  d_z2
   17   3   2   1       0.04157792  d_xz
   17   3   2   2       0.02045522  d_x2-y2
   18   1   0   0       1.35717982  s
   18   2   1  -1       0.82700084  p_y
   18   2   1   0       0.82434311  p_z
   18   2   1   1       0.83138189  p_x
   18   3   2  -2       0.04234218  d_xy
   18   3   2  -1       0.04345037  d_yz
   18   3   2   0       0.02179604  d_z2
   18   3   2   1       0.03716942  d_xz
   18   3   2   2       0.01937683  d_x2-y2
   19   1   0   0       1.35581426  s
   19   2   1  -1       0.82647423  p_y
   19   2   1   0       0.82590553  p_z
   19   2   1   1       0.82889435  p_x
   19   3   2  -2       0.03680400  d_xy
   19   3   2  -1       0.03978980  d_yz
   19   3   2   0       0.01967413  d_z2
   19   3   2   1       0.04308007  d_xz
   19   3   2   2       0.01984898  d_x2-y2
   20   1   0   0       1.37455044  s
   20   2   1  -1       0.83604900  p_y
   20   2   1   0       0.82636455  p_z
   20   2   1   1       0.83330840  p_x
   20   3   2  -2       0.03631662  d_xy
   20   3   2  -1       0.03703689  d_yz
   20   3   2   0       0.01827075  d_z2
   20   3   2   1       0.03733571  d_xz
   20   3   2   2       0.01602642  d_x2-y2
   21   1   0   0       1.34957765  s
   21   2   1  -1       0.83752631  p_y
   21   2   1   0       0.82289351  p_z
   21   2   1   1       0.82956585  p_x
   21   3   2  -2       0.03748166  d_xy
   21   3   2  -1       0.04082439  d_yz
   21   3   2   0       0.02186440  d_z2
   21   3   2   1       0.04518133  d_xz
   21   3   2   2       0.01937142  d_x2-y2
   22   1   0   0       1.37536438  s
   22   2   1  -1       0.83208920  p_y
   22   2   1   0       0.82742664  p_z
   22   2   1   1       0.82432458  p_x
   22   3   2  -2       0.03845358  d_xy
   22   3   2  -1       0.03826456  d_yz
   22   3   2   0       0.02157324  d_z2
   22   3   2   1       0.03675111  d_xz
   22   3   2   2       0.01724282  d_x2-y2
   23   1   0   0       1.33442037  s
   23   2   1  -1       0.83457224  p_y
   23   2   1   0       0.81672220  p_z
   23   2   1   1       0.82757552  p_x
   23   3   2  -2       0.03959138  d_xy
   23   3   2  -1       0.04465177  d_yz
   23   3   2   0       0.02464608  d_z2
   23   3   2   1       0.04606111  d_xz
   23   3   2   2       0.02115310  d_x2-y2
   24   1   0   0       1.39827132  s
   24   2   1  -1       0.82336138  p_y
   24   2   1   0       0.83697294  p_z
   24   2   1   1       0.82857197  p_x
   24   3   2  -2       0.03532448  d_xy
   24   3   2  -1       0.03277100  d_yz
   24   3   2   0       0.01658715  d_z2
   24   3   2   1       0.03510322  d_xz
   24   3   2   2       0.01585019  d_x2-y2
   25   1   0   0       1.37189917  s
   25   2   1  -1       0.82081946  p_y
   25   2   1   0       0.83135981  p_z
   25   2   1   1       0.81466553  p_x
   25   3   2  -2       0.04338882  d_xy
   25   3   2  -1       0.03803117  d_yz
   25   3   2   0       0.02109795  d_z2
   25   3   2   1       0.03695017  d_xz
   25   3   2   2       0.01885889  d_x2-y2
   26   1   0   0       1.35967624  s
   26   2   1  -1       0.83724613  p_y
   26   2   1   0       0.82693653  p_z
   26   2   1   1       0.82880643  p_x
   26   3   2  -2       0.03528438  d_xy
   26   3   2  -1       0.03712857  d_yz
   26   3   2   0       0.01906381  d_z2
   26   3   2   1       0.04510717  d_xz
   26   3   2   2       0.01974337  d_x2-y2
   27   1   0   0       1.36942577  s
   27   2   1  -1       0.81989007  p_y
   27   2   1   0       0.82760082  p_z
   27   2   1   1       0.82416594  p_x
   27   3   2  -2       0.04225078  d_xy
   27   3   2  -1       0.03907921  d_yz
   27   3   2   0       0.02103244  d_z2
   27   3   2   1       0.03451088  d_xz
   27   3   2   2       0.01730435  d_x2-y2
   28   1   0   0       1.36344231  s
   28   2   1  -1       0.83014048  p_y
   28   2   1   0       0.82180455  p_z
   28   2   1   1       0.83077612  p_x
   28   3   2  -2       0.03330444  d_xy
   28   3   2  -1       0.04367318  d_yz
   28   3   2   0       0.01904975  d_z2
   28   3   2   1       0.04318631  d_xz
   28   3   2   2       0.02002111  d_x2-y2
   29   1   0   0       1.36284058  s
   29   2   1  -1       0.83511893  p_y
   29   2   1   0       0.81889792  p_z
   29   2   1   1       0.83329002  p_x
   29   3   2  -2       0.03572999  d_xy
   29   3   2  -1       0.03949515  d_yz
   29   3   2   0       0.02050725  d_z2
   29   3   2   1       0.04122091  d_xz
   29   3   2   2       0.01806764  d_x2-y2
   30   1   0   0       1.36165851  s
   30   2   1  -1       0.82913132  p_y
   30   2   1   0       0.83167258  p_z
   30   2   1   1       0.82714889  p_x
   30   3   2  -2       0.04191655  d_xy
   30   3   2  -1       0.03368935  d_yz
   30   3   2   0       0.01942989  d_z2
   30   3   2   1       0.04068268  d_xz
   30   3   2   2       0.01912225  d_x2-y2
   31   1   0   0       1.36763084  s
   31   2   1  -1       0.83090850  p_y
   31   2   1   0       0.82335184  p_z
   31   2   1   1       0.82456492  p_x
   31   3   2  -2       0.03781250  d_xy
   31   3   2  -1       0.03900251  d_yz
   31   3   2   0       0.02007652  d_z2
   31   3   2   1       0.04214048  d_xz
   31   3   2   2       0.01889805  d_x2-y2
   32   1   0   0       1.34475691  s
   32   2   1  -1       0.81693367  p_y
   32   2   1   0       0.82572151  p_z
   32   2   1   1       0.81621756  p_x
   32   3   2  -2       0.04501899  d_xy
   32   3   2  -1       0.04279946  d_yz
   32   3   2   0       0.02357938  d_z2
   32   3   2   1       0.04405211  d_xz
   32   3   2   2       0.02758495  d_x2-y2
   33   1   0   0       1.35549925  s
   33   2   1  -1       0.82767296  p_y
   33   2   1   0       0.81303511  p_z
   33   2   1   1       0.81978544  p_x
   33   3   2  -2       0.04143133  d_xy
   33   3   2  -1       0.04306768  d_yz
   33   3   2   0       0.02136405  d_z2
   33   3   2   1       0.04140863  d_xz
   33   3   2   2       0.02307421  d_x2-y2
   34   1   0   0       1.35104994  s
   34   2   1  -1       0.82678745  p_y
   34   2   1   0       0.82438103  p_z
   34   2   1   1       0.82622881  p_x
   34   3   2  -2       0.03555174  d_xy
   34   3   2  -1       0.04176286  d_yz
   34   3   2   0       0.01955375  d_z2
   34   3   2   1       0.04508913  d_xz
   34   3   2   2       0.02142090  d_x2-y2
   35   1   0   0       1.35445360  s
   35   2   1  -1       0.83301480  p_y
   35   2   1   0       0.82241754  p_z
   35   2   1   1       0.82211758  p_x
   35   3   2  -2       0.04049897  d_xy
   35   3   2  -1       0.03688142  d_yz
   35   3   2   0       0.02169676  d_z2
   35   3   2   1       0.04640753  d_xz
   35   3   2   2       0.02026519  d_x2-y2
   36   1   0   0       1.37338787  s
   36   2   1  -1       0.83084908  p_y
   36   2   1   0       0.82515524  p_z
   36   2   1   1       0.82830249  p_x
   36   3   2  -2       0.03189551  d_xy
   36   3   2  -1       0.03643640  d_yz
   36   3   2   0       0.01816546  d_z2
   36   3   2   1       0.04631045  d_xz
   36   3   2   2       0.01848133  d_x2-y2
   37   1   0   0       1.36054475  s
   37   2   1  -1       0.82357067  p_y
   37   2   1   0       0.83019634  p_z
   37   2   1   1       0.82773146  p_x
   37   3   2  -2       0.03934813  d_xy
   37   3   2  -1       0.03752008  d_yz
   37   3   2   0       0.01914607  d_z2
   37   3   2   1       0.04124252  d_xz
   37   3   2   2       0.01990664  d_x2-y2
   38   1   0   0       1.37921971  s
   38   2   1  -1       0.83626250  p_y
   38   2   1   0       0.81880429  p_z
   38   2   1   1       0.83055912  p_x
   38   3   2  -2       0.03331672  d_xy
   38   3   2  -1       0.03997228  d_yz
   38   3   2   0       0.01959445  d_z2
   38   3   2   1       0.03648759  d_xz
   38   3   2   2       0.01457149  d_x2-y2
   39   1   0   0       1.35037259  s
   39   2   1  -1       0.82336784  p_y
   39   2   1   0       0.82778718  p_z
   39   2   1   1       0.82326074  p_x
   39   3   2  -2       0.04289478  d_xy
   39   3   2  -1       0.04132104  d_yz
   39   3   2   0       0.02211751  d_z2
   39   3   2   1       0.03970459  d_xz
   39   3   2   2       0.02150784  d_x2-y2
   40   1   0   0       1.34358594  s
   40   2   1  -1       0.82959411  p_y
   40   2   1   0       0.82170480  p_z
   40   2   1   1       0.82390532  p_x
   40   3   2  -2       0.03871559  d_xy
   40   3   2  -1       0.04016137  d_yz
   40   3   2   0       0.02186639  d_z2
   40   3   2   1       0.04254895  d_xz
   40   3   2   2       0.01961545  d_x2-y2
   41   1   0   0       1.36720548  s
   41   2   1  -1       0.83455083  p_y
   41   2   1   0       0.82638676  p_z
   41   2   1   1       0.82595491  p_x
   41   3   2  -2       0.03455234  d_xy
   41   3   2  -1       0.03652300  d_yz
   41   3   2   0       0.01832630  d_z2
   41   3   2   1       0.04500221  d_xz
   41   3   2   2       0.01882350  d_x2-y2
   42   1   0   0       1.33468851  s
   42   2   1  -1       0.82250632  p_y
   42   2   1   0       0.82965912  p_z
   42   2   1   1       0.82176103  p_x
   42   3   2  -2       0.05082235  d_xy
   42   3   2  -1       0.04007830  d_yz
   42   3   2   0       0.02456236  d_z2
   42   3   2   1       0.03803653  d_xz
   42   3   2   2       0.02214318  d_x2-y2
   43   1   0   0       1.36786658  s
   43   2   1  -1       0.83168200  p_y
   43   2   1   0       0.82277574  p_z
   43   2   1   1       0.83422091  p_x
   43   3   2  -2       0.03204979  d_xy
   43   3   2  -1       0.04218088  d_yz
   43   3   2   0       0.01867935  d_z2
   43   3   2   1       0.03857946  d_xz
   43   3   2   2       0.01708184  d_x2-y2
   44   1   0   0       1.36032464  s
   44   2   1  -1       0.82880368  p_y
   44   2   1   0       0.82445034  p_z
   44   2   1   1       0.83008079  p_x
   44   3   2  -2       0.04159934  d_xy
   44   3   2  -1       0.04276629  d_yz
   44   3   2   0       0.02024330  d_z2
   44   3   2   1       0.03293042  d_xz
   44   3   2   2       0.01818926  d_x2-y2
   45   1   0   0       1.37241867  s
   45   2   1  -1       0.82581725  p_y
   45   2   1   0       0.82757997  p_z
   45   2   1   1       0.82327304  p_x
   45   3   2  -2       0.03914814  d_xy
   45   3   2  -1       0.03840800  d_yz
   45   3   2   0       0.01817807  d_z2
   45   3   2   1       0.03584704  d_xz
   45   3   2   2       0.01793134  d_x2-y2
   46   1   0   0       1.34660788  s
   46   2   1  -1       0.83102410  p_y
   46   2   1   0       0.81069821  p_z
   46   2   1   1       0.82504382  p_x
   46   3   2  -2       0.03669105  d_xy
   46   3   2  -1       0.03938615  d_yz
   46   3   2   0       0.02354901  d_z2
   46   3   2   1       0.04880528  d_xz
   46   3   2   2       0.02045006  d_x2-y2
   47   1   0   0       1.37526111  s
   47   2   1  -1       0.82298978  p_y
   47   2   1   0       0.83256584  p_z
   47   2   1   1       0.82736467  p_x
   47   3   2  -2       0.03719378  d_xy
   47   3   2  -1       0.03616157  d_yz
   47   3   2   0       0.01737693  d_z2
   47   3   2   1       0.03794652  d_xz
   47   3   2   2       0.01764669  d_x2-y2
   48   1   0   0       1.32743011  s
   48   2   1  -1       0.82412205  p_y
   48   2   1   0       0.81559164  p_z
   48   2   1   1       0.82466592  p_x
   48   3   2  -2       0.04109918  d_xy
   48   3   2  -1       0.04681839  d_yz
   48   3   2   0       0.02478400  d_z2
   48   3   2   1       0.04509734  d_xz
   48   3   2   2       0.02424578  d_x2-y2
   49   1   0   0       1.36010556  s
   49   2   1  -1       0.82480581  p_y
   49   2   1   0       0.83458315  p_z
   49   2   1   1       0.82431004  p_x
   49   3   2  -2       0.04101685  d_xy
   49   3   2  -1       0.04083079  d_yz
   49   3   2   0       0.01808030  d_z2
   49   3   2   1       0.03779093  d_xz
   49   3   2   2       0.02078322  d_x2-y2
   50   1   0   0       1.36558849  s
   50   2   1  -1       0.83144266  p_y
   50   2   1   0       0.83186996  p_z
   50   2   1   1       0.82963619  p_x
   50   3   2  -2       0.03792364  d_xy
   50   3   2  -1       0.03861085  d_yz
   50   3   2   0       0.01691889  d_z2
   50   3   2   1       0.03694856  d_xz
   50   3   2   2       0.01873583  d_x2-y2
   51   1   0   0       1.35193132  s
   51   2   1  -1       0.82447353  p_y
   51   2   1   0       0.83366667  p_z
   51   2   1   1       0.82361791  p_x
   51   3   2  -2       0.04518148  d_xy
   51   3   2  -1       0.03651958  d_yz
   51   3   2   0       0.01979525  d_z2
   51   3   2   1       0.04125386  d_xz
   51   3   2   2       0.02129860  d_x2-y2
   52   1   0   0       1.35943031  s
   52   2   1  -1       0.82737648  p_y
   52   2   1   0       0.83368461  p_z
   52   2   1   1       0.82659177  p_x
   52   3   2  -2       0.04039745  d_xy
   52   3   2  -1       0.04082336  d_yz
   52   3   2   0       0.02012605  d_z2
   52   3   2   1       0.03823742  d_xz
   52   3   2   2       0.02036779  d_x2-y2
   53   1   0   0       1.33564330  s
   53   2   1  -1       0.82572113  p_y
   53   2   1   0       0.82800654  p_z
   53   2   1   1       0.81856742  p_x
   53   3   2  -2       0.04278339  d_xy
   53   3   2  -1       0.04017891  d_yz
   53   3   2   0       0.02311498  d_z2
   53   3   2   1       0.04601848  d_xz
   53   3   2   2       0.02291609  d_x2-y2
   54   1   0   0       1.39100156  s
   54   2   1  -1       0.82519332  p_y
   54   2   1   0       0.83348530  p_z
   54   2   1   1       0.82305781  p_x
   54   3   2  -2       0.03865337  d_xy
   54   3   2  -1       0.03595218  d_yz
   54   3   2   0       0.01658819  d_z2
   54   3   2   1       0.03446540  d_xz
   54   3   2   2       0.01863228  d_x2-y2
   55   1   0   0       1.36517436  s
   55   2   1  -1       0.82783142  p_y
   55   2   1   0       0.83021390  p_z
   55   2   1   1       0.82836556  p_x
   55   3   2  -2       0.03501646  d_xy
   55   3   2  -1       0.04064951  d_yz
   55   3   2   0       0.01914683  d_z2
   55   3   2   1       0.03853628  d_xz
   55   3   2   2       0.01814760  d_x2-y2
   56   1   0   0       1.37287774  s
   56   2   1  -1       0.82311957  p_y
   56   2   1   0       0.83792451  p_z
   56   2   1   1       0.83226581  p_x
   56   3   2  -2       0.04059818  d_xy
   56   3   2  -1       0.03603522  d_yz
   56   3   2   0       0.01695418  d_z2
   56   3   2   1       0.03682038  d_xz
   56   3   2   2       0.01927414  d_x2-y2
   57   1   0   0       1.36607891  s
   57   2   1  -1       0.82425597  p_y
   57   2   1   0       0.82849825  p_z
   57   2   1   1       0.82728505  p_x
   57   3   2  -2       0.03981285  d_xy
   57   3   2  -1       0.04138282  d_yz
   57   3   2   0       0.01914370  d_z2
   57   3   2   1       0.03586457  d_xz
   57   3   2   2       0.01906470  d_x2-y2
   58   1   0   0       1.35459538  s
   58   2   1  -1       0.81904154  p_y
   58   2   1   0       0.82157742  p_z
   58   2   1   1       0.82483314  p_x
   58   3   2  -2       0.04264424  d_xy
   58   3   2  -1       0.04046965  d_yz
   58   3   2   0       0.02455547  d_z2
   58   3   2   1       0.04320588  d_xz
   58   3   2   2       0.01976441  d_x2-y2
   59   1   0   0       1.34940983  s
   59   2   1  -1       0.82541489  p_y
   59   2   1   0       0.83686109  p_z
   59   2   1   1       0.82261662  p_x
   59   3   2  -2       0.04841420  d_xy
   59   3   2  -1       0.03529966  d_yz
   59   3   2   0       0.01948605  d_z2
   59   3   2   1       0.03736172  d_xz
   59   3   2   2       0.02137424  d_x2-y2
   60   1   0   0       1.34939574  s
   60   2   1  -1       0.82550704  p_y
   60   2   1   0       0.82489861  p_z
   60   2   1   1       0.82636535  p_x
   60   3   2  -2       0.03970702  d_xy
   60   3   2  -1       0.04350095  d_yz
   60   3   2   0       0.02234596  d_z2
   60   3   2   1       0.04364788  d_xz
   60   3   2   2       0.02158436  d_x2-y2
   61   1   0   0       1.37544654  s
   61   2   1  -1       0.82448167  p_y
   61   2   1   0       0.82546868  p_z
   61   2   1   1       0.82111358  p_x
   61   3   2  -2       0.04437555  d_xy
   61   3   2  -1       0.03482146  d_yz
   61   3   2   0       0.02027056  d_z2
   61   3   2   1       0.03540746  d_xz
   61   3   2   2       0.01937529  d_x2-y2
   62   1   0   0       1.35625648  s
   62   2   1  -1       0.82742981  p_y
   62   2   1   0       0.83965295  p_z
   62   2   1   1       0.82911674  p_x
   62   3   2  -2       0.04356234  d_xy
   62   3   2  -1       0.03786582  d_yz
   62   3   2   0       0.01847944  d_z2
   62   3   2   1       0.03683660  d_xz
   62   3   2   2       0.02026523  d_x2-y2
   63   1   0   0       1.36438823  s
   63   2   1  -1       0.82608274  p_y
   63   2   1   0       0.82494426  p_z
   63   2   1   1       0.82552446  p_x
   63   3   2  -2       0.03965275  d_xy
   63   3   2  -1       0.04127098  d_yz
   63   3   2   0       0.02102622  d_z2
   63   3   2   1       0.03793077  d_xz
   63   3   2   2       0.01959264  d_x2-y2
   64   1   0   0       1.40651038  s
   64   2   1  -1       0.82756684  p_y
   64   2   1   0       0.83046829  p_z
   64   2   1   1       0.83534544  p_x
   64   3   2  -2       0.03510671  d_xy
   64   3   2  -1       0.03611278  d_yz
   64   3   2   0       0.01608593  d_z2
   64   3   2   1       0.03148260  d_xz
   64   3   2   2       0.01450487  d_x2-y2

Fermi level:                        -0.1338639139 H           -3.6426 eV
Band energy:                       -88.1066645085 H        -2397.5043 eV
TS:                                  0.0000000000 H            0.0000 eV
Band free energy (E-TS):           -88.1066645085 H        -2397.5043 eV
Extrapolated E(0K):                -88.1066645085 H        -2397.5043 eV
Input / Output electrons (q):    256.0000000000    256.0000000000

Energy H0:                         -88.1011560758 H        -2397.3544 eV
Energy SCC:                          0.0002524054 H            0.0069 eV
Total Electronic energy:           -88.1009036704 H        -2397.3476 eV
Repulsive energy:                    0.0000000000 H            0.0000 eV
Total energy:                      -88.1009036704 H        -2397.3476 eV
Extrapolated to 0:                 -88.1009036704 H        -2397.3476 eV
Total Mermin free energy:          -88.1009036704 H        -2397.3476 eV
Force related energy:              -88.1009036704 H        -2397.3476 eV

Non-constrained calculation

SCC converged

Warning: dipole moment is not defined absolutely!
Dipole moment:    0.09959555    0.56236099    0.46746162 au
Dipole moment:    0.25314667    1.42937918    1.18816901 Debye


