 Fermi distribution function

Calculation with static geometry


********************************************************************************
 iSCC Total electronic   Diff electronic      SCC error    
    9   -0.88133106E+02   -0.11506103E-08    0.58900200E-05
********************************************************************************

 Total charge:    -0.00000000

 Atomic gross charges (e)
 Atom           Charge
    1       0.01944897
    2       0.00074742
    3       0.01356234
    4      -0.00181093
    5       0.00434796
    6      -0.00505433
    7      -0.00920011
    8      -0.02653426
    9       0.01961365
   10      -0.01765121
   11       0.00347045
   12      -0.00282752
   13      -0.00171298
   14      -0.01273607
   15       0.01002830
   16      -0.00975002
   17      -0.01592179
   18       0.00121545
   19       0.00110089
   20       0.01079883
   21      -0.00248786
   22       0.01105386
   23      -0.01505113
   24       0.01371011
   25       0.00118503
   26       0.00604332
   27      -0.00172770
   28       0.02053287
   29       0.00447967
   30       0.01884518
   31       0.00161138
   32      -0.00739059
   33      -0.00210214
   34      -0.00266516
   35      -0.00470896
   36       0.01534225
   37       0.00209170
   38       0.00962912
   39      -0.00923005
   40      -0.01972866
   41       0.02118870
   42      -0.02205170
   43      -0.00082107
   44      -0.00463348
   45       0.01666534
   46      -0.03636623
   47       0.00385438
   48      -0.04254058
   49      -0.00762506
   50       0.01288243
   51      -0.01041628
   52      -0.00306709
   53      -0.01517013
   54       0.01396716
   55      -0.00142952
   56       0.00954973
   57       0.00818559
   58      -0.00745835
   59      -0.00042571
   60       0.00487933
   61      -0.00734062
   62       0.01933182
   63       0.00614159
   64       0.02213247

Nr. of electrons (up):    256.00000000
Atom populations (up)
 Atom       Population
    1       3.98055103
    2       3.99925258
    3       3.98643766
    4       4.00181093
    5       3.99565204
    6       4.00505433
    7       4.00920011
    8       4.02653426
    9       3.98038635
   10       4.01765121
   11       3.99652955
   12       4.00282752
   13       4.00171298
   14       4.01273607
   15       3.98997170
   16       4.00975002
   17       4.01592179
   18       3.99878455
   19       3.99889911
   20       3.98920117
   21       4.00248786
   22       3.98894614
   23       4.01505113
   24       3.98628989
   25       3.99881497
   26       3.99395668
   27       4.00172770
   28       3.97946713
   29       3.99552033
   30       3.98115482
   31       3.99838862
   32       4.00739059
   33       4.00210214
   34       4.00266516
   35       4.00470896
   36       3.98465775
   37       3.99790830
   38       3.99037088
   39       4.00923005
   40       4.01972866
   41       3.97881130
   42       4.02205170
   43       4.00082107
   44       4.00463348
   45       3.98333466
   46       4.03636623
   47       3.99614562
   48       4.04254058
   49       4.00762506
   50       3.98711757
   51       4.01041628
   52       4.00306709
   53       4.01517013
   54       3.98603284
   55       4.00142952
   56       3.99045027
   57       3.99181441
   58       4.00745835
   59       4.00042571
   60       3.99512067
   61       4.00734062
   62       3.98066818
   63       3.99385841
   64       3.97786753

l-shell populations (up)
 Atom Sh.   l       Population
    1   1   0       1.33423920
    1   2   1       2.47474315
    1   3   2       0.17156868
    2   1   0       1.33920007
    2   2   1       2.50052255
    2   3   2       0.15952996
    3   1   0       1.33913338
    3   2   1       2.47402802
    3   3   2       0.17327626
    4   1   0       1.35877303
    4   2   1       2.48413643
    4   3   2       0.15890147
    5   1   0       1.34806101
    5   2   1       2.49212104
    5   3   2       0.15546999
    6   1   0       1.37221176
    6   2   1       2.48066344
    6   3   2       0.15217913
    7   1   0       1.37671408
    7   2   1       2.48032234
    7   3   2       0.15216370
    8   1   0       1.39500591
    8   2   1       2.48924123
    8   3   2       0.14228712
    9   1   0       1.33015575
    9   2   1       2.48370426
    9   3   2       0.16652633
   10   1   0       1.38657008
   10   2   1       2.47579550
   10   3   2       0.15528563
   11   1   0       1.37169112
   11   2   1       2.47284302
   11   3   2       0.15199542
   12   1   0       1.35570353
   12   2   1       2.48277787
   12   3   2       0.16434612
   13   1   0       1.37452194
   13   2   1       2.47043761
   13   3   2       0.15675342
   14   1   0       1.37922375
   14   2   1       2.48654644
   14   3   2       0.14696588
   15   1   0       1.35458104
   15   2   1       2.46763005
   15   3   2       0.16776061
   16   1   0       1.36427179
   16   2   1       2.50214619
   16   3   2       0.14333204
   17   1   0       1.38412028
   17   2   1       2.48678565
   17   3   2       0.14501586
   18   1   0       1.36510099
   18   2   1       2.48044557
   18   3   2       0.15323799
   19   1   0       1.35206436
   19   2   1       2.48671221
   19   3   2       0.16012254
   20   1   0       1.35687883
   20   2   1       2.46724751
   20   3   2       0.16507483
   21   1   0       1.37324696
   21   2   1       2.48124336
   21   3   2       0.14799754
   22   1   0       1.35338204
   22   2   1       2.46847010
   22   3   2       0.16709400
   23   1   0       1.38798706
   23   2   1       2.48978460
   23   3   2       0.13727947
   24   1   0       1.33788347
   24   2   1       2.46912408
   24   3   2       0.17928233
   25   1   0       1.35172758
   25   2   1       2.48040854
   25   3   2       0.16667885
   26   1   0       1.35053771
   26   2   1       2.48748034
   26   3   2       0.15593862
   27   1   0       1.35585683
   27   2   1       2.48739263
   27   3   2       0.15847825
   28   1   0       1.34443731
   28   2   1       2.47988587
   28   3   2       0.15514395
   29   1   0       1.35552743
   29   2   1       2.47932910
   29   3   2       0.16066380
   30   1   0       1.33536271
   30   2   1       2.48123475
   30   3   2       0.16455735
   31   1   0       1.35083065
   31   2   1       2.49730182
   31   3   2       0.15025615
   32   1   0       1.37777077
   32   2   1       2.49517213
   32   3   2       0.13444770
   33   1   0       1.36639483
   33   2   1       2.48601392
   33   3   2       0.14969339
   34   1   0       1.35326907
   34   2   1       2.49346667
   34   3   2       0.15592942
   35   1   0       1.37538420
   35   2   1       2.48787803
   35   3   2       0.14144672
   36   1   0       1.33594280
   36   2   1       2.48015780
   36   3   2       0.16855715
   37   1   0       1.34939423
   37   2   1       2.49024413
   37   3   2       0.15826995
   38   1   0       1.32425485
   38   2   1       2.48635520
   38   3   2       0.17976082
   39   1   0       1.37765956
   39   2   1       2.48435606
   39   3   2       0.14721443
   40   1   0       1.37517641
   40   2   1       2.49432119
   40   3   2       0.15023106
   41   1   0       1.33063730
   41   2   1       2.48002287
   41   3   2       0.16815113
   42   1   0       1.39402499
   42   2   1       2.48953625
   42   3   2       0.13849046
   43   1   0       1.36878867
   43   2   1       2.47029478
   43   3   2       0.16173762
   44   1   0       1.37536064
   44   2   1       2.47300837
   44   3   2       0.15626447
   45   1   0       1.33605676
   45   2   1       2.47268624
   45   3   2       0.17459166
   46   1   0       1.40244885
   46   2   1       2.49355028
   46   3   2       0.14036710
   47   1   0       1.35070386
   47   2   1       2.47533554
   47   3   2       0.17010622
   48   1   0       1.40495826
   48   2   1       2.50575888
   48   3   2       0.13182344
   49   1   0       1.37236939
   49   2   1       2.48832633
   49   3   2       0.14692934
   50   1   0       1.33904094
   50   2   1       2.48148992
   50   3   2       0.16658671
   51   1   0       1.37796542
   51   2   1       2.49145096
   51   3   2       0.14099990
   52   1   0       1.36531364
   52   2   1       2.48212556
   52   3   2       0.15562789
   53   1   0       1.38414877
   53   2   1       2.48734542
   53   3   2       0.14367594
   54   1   0       1.34521338
   54   2   1       2.47176771
   54   3   2       0.16905176
   55   1   0       1.35715700
   55   2   1       2.48342062
   55   3   2       0.16085189
   56   1   0       1.35776113
   56   2   1       2.47138630
   56   3   2       0.16130283
   57   1   0       1.33842754
   57   2   1       2.49028355
   57   3   2       0.16310331
   58   1   0       1.37878958
   58   2   1       2.48289139
   58   3   2       0.14577738
   59   1   0       1.36642790
   59   2   1       2.47684930
   59   3   2       0.15714851
   60   1   0       1.36510290
   60   2   1       2.47909337
   60   3   2       0.15092440
   61   1   0       1.36537668
   61   2   1       2.48440515
   61   3   2       0.15755878
   62   1   0       1.33990766
   62   2   1       2.47510105
   62   3   2       0.16565947
   63   1   0       1.34367180
   63   2   1       2.48858276
   63   3   2       0.16160386
   64   1   0       1.30621792
   64   2   1       2.48127363
   64   3   2       0.19037598

Orbital populations (up)
 Atom Sh.   l   m       Population  Label
    1   1   0   0       1.33423920  s
    1   2   1  -1       0.82517506  p_y
    1   2   1   0       0.82181457  p_z
    1   2   1   1       0.82775352  p_x
    1   3   2  -2       0.04074857  d_xy
    1   3   2  -1       0.04309891  d_yz
    1   3   2   0       0.02297222  d_z2
    1   3   2   1       0.04339730  d_xz
    1   3   2   2       0.02135168  d_x2-y2
    2   1   0   0       1.33920007  s
    2   2   1  -1       0.82442124  p_y
    2   2   1   0       0.84210044  p_z
    2   2   1   1       0.83400086  p_x
    2   3   2  -2       0.04512848  d_xy
    2   3   2  -1       0.03913276  d_yz
    2   3   2   0       0.01895974  d_z2
    2   3   2   1       0.03570208  d_xz
    2   3   2   2       0.02060690  d_x2-y2
    3   1   0   0       1.33913338  s
    3   2   1  -1       0.82348774  p_y
    3   2   1   0       0.82462296  p_z
    3   2   1   1       0.82591733  p_x
    3   3   2  -2       0.04239352  d_xy
    3   3   2  -1       0.04310735  d_yz
    3   3   2   0       0.02381350  d_z2
    3   3   2   1       0.04200863  d_xz
    3   3   2   2       0.02195326  d_x2-y2
    4   1   0   0       1.35877303  s
    4   2   1  -1       0.82546013  p_y
    4   2   1   0       0.83083859  p_z
    4   2   1   1       0.82783771  p_x
    4   3   2  -2       0.03783799  d_xy
    4   3   2  -1       0.04241854  d_yz
    4   3   2   0       0.01876634  d_z2
    4   3   2   1       0.03979109  d_xz
    4   3   2   2       0.02008751  d_x2-y2
    5   1   0   0       1.34806101  s
    5   2   1  -1       0.83327508  p_y
    5   2   1   0       0.83295314  p_z
    5   2   1   1       0.82589282  p_x
    5   3   2  -2       0.04037721  d_xy
    5   3   2  -1       0.03593387  d_yz
    5   3   2   0       0.01841079  d_z2
    5   3   2   1       0.04119210  d_xz
    5   3   2   2       0.01955601  d_x2-y2
    6   1   0   0       1.37221176  s
    6   2   1  -1       0.82819186  p_y
    6   2   1   0       0.82501848  p_z
    6   2   1   1       0.82745311  p_x
    6   3   2  -2       0.03967685  d_xy
    6   3   2  -1       0.03690193  d_yz
    6   3   2   0       0.01874927  d_z2
    6   3   2   1       0.03881865  d_xz
    6   3   2   2       0.01803244  d_x2-y2
    7   1   0   0       1.37671408  s
    7   2   1  -1       0.82519452  p_y
    7   2   1   0       0.82950073  p_z
    7   2   1   1       0.82562708  p_x
    7   3   2  -2       0.03872568  d_xy
    7   3   2  -1       0.04040094  d_yz
    7   3   2   0       0.01800363  d_z2
    7   3   2   1       0.03656249  d_xz
    7   3   2   2       0.01847095  d_x2-y2
    8   1   0   0       1.39500591  s
    8   2   1  -1       0.83027846  p_y
    8   2   1   0       0.83210240  p_z
    8   2   1   1       0.82686037  p_x
    8   3   2  -2       0.03760710  d_xy
    8   3   2  -1       0.03470537  d_yz
    8   3   2   0       0.01637377  d_z2
    8   3   2   1       0.03695275  d_xz
    8   3   2   2       0.01664814  d_x2-y2
    9   1   0   0       1.33015575  s
    9   2   1  -1       0.82566621  p_y
    9   2   1   0       0.83059542  p_z
    9   2   1   1       0.82744264  p_x
    9   3   2  -2       0.04399362  d_xy
    9   3   2  -1       0.03990620  d_yz
    9   3   2   0       0.02209596  d_z2
    9   3   2   1       0.03963866  d_xz
    9   3   2   2       0.02089188  d_x2-y2
   10   1   0   0       1.38657008  s
   10   2   1  -1       0.82242184  p_y
   10   2   1   0       0.82873574  p_z
   10   2   1   1       0.82463791  p_x
   10   3   2  -2       0.04203813  d_xy
   10   3   2  -1       0.03687517  d_yz
   10   3   2   0       0.01837278  d_z2
   10   3   2   1       0.03915094  d_xz
   10   3   2   2       0.01884861  d_x2-y2
   11   1   0   0       1.37169112  s
   11   2   1  -1       0.82902743  p_y
   11   2   1   0       0.82001269  p_z
   11   2   1   1       0.82380290  p_x
   11   3   2  -2       0.03546503  d_xy
   11   3   2  -1       0.04032034  d_yz
   11   3   2   0       0.01892012  d_z2
   11   3   2   1       0.03950834  d_xz
   11   3   2   2       0.01778159  d_x2-y2
   12   1   0   0       1.35570353  s
   12   2   1  -1       0.82013964  p_y
   12   2   1   0       0.83357558  p_z
   12   2   1   1       0.82906265  p_x
   12   3   2  -2       0.04806866  d_xy
   12   3   2  -1       0.03827033  d_yz
   12   3   2   0       0.01982357  d_z2
   12   3   2   1       0.03666553  d_xz
   12   3   2   2       0.02151802  d_x2-y2
   13   1   0   0       1.37452194  s
   13   2   1  -1       0.82065238  p_y
   13   2   1   0       0.82191950  p_z
   13   2   1   1       0.82786573  p_x
   13   3   2  -2       0.03852156  d_xy
   13   3   2  -1       0.04085563  d_yz
   13   3   2   0       0.01925040  d_z2
   13   3   2   1       0.03854695  d_xz
   13   3   2   2       0.01957888  d_x2-y2
   14   1   0   0       1.37922375  s
   14   2   1  -1       0.82402341  p_y
   14   2   1   0       0.82928299  p_z
   14   2   1   1       0.83324004  p_x
   14   3   2  -2       0.03449158  d_xy
   14   3   2  -1       0.04028968  d_yz
   14   3   2   0       0.01696801  d_z2
   14   3   2   1       0.03636275  d_xz
   14   3   2   2       0.01885386  d_x2-y2
   15   1   0   0       1.35458104  s
   15   2   1  -1       0.82331469  p_y
   15   2   1   0       0.82335858  p_z
   15   2   1   1       0.82095678  p_x
   15   3   2  -2       0.04747630  d_xy
   15   3   2  -1       0.03823211  d_yz
   15   3   2   0       0.02149754  d_z2
   15   3   2   1       0.03984530  d_xz
   15   3   2   2       0.02070936  d_x2-y2
   16   1   0   0       1.36427179  s
   16   2   1  -1       0.83481001  p_y
   16   2   1   0       0.83286641  p_z
   16   2   1   1       0.83446977  p_x
   16   3   2  -2       0.03662616  d_xy
   16   3   2  -1       0.03548476  d_yz
   16   3   2   0       0.01661428  d_z2
   16   3   2   1       0.03722928  d_xz
   16   3   2   2       0.01737757  d_x2-y2
   17   1   0   0       1.38412028  s
   17   2   1  -1       0.82727339  p_y
   17   2   1   0       0.82976050  p_z
   17   2   1   1       0.82975176  p_x
   17   3   2  -2       0.03498219  d_xy
   17   3   2  -1       0.03994857  d_yz
   17   3   2   0       0.01627209  d_z2
   17   3   2   1       0.03610352  d_xz
   17   3   2   2       0.01770950  d_x2-y2
   18   1   0   0       1.36510099  s
   18   2   1  -1       0.83122780  p_y
   18   2   1   0       0.82489326  p_z
   18   2   1   1       0.82432451  p_x
   18   3   2  -2       0.04219573  d_xy
   18   3   2  -1       0.03556979  d_yz
   18   3   2   0       0.01929566  d_z2
   18   3   2   1       0.03860003  d_xz
   18   3   2   2       0.01757678  d_x2-y2
   19   1   0   0       1.35206436  s
   19   2   1  -1       0.82966271  p_y
   19   2   1   0       0.82959952  p_z
   19   2   1   1       0.82744997  p_x
   19   3   2  -2       0.03972613  d_xy
   19   3   2  -1       0.03735700  d_yz
   19   3   2   0       0.01968222  d_z2
   19   3   2   1       0.04345670  d_xz
   19   3   2   2       0.01990049  d_x2-y2
   20   1   0   0       1.35687883  s
   20   2   1  -1       0.82424982  p_y
   20   2   1   0       0.81914485  p_z
   20   2   1   1       0.82385283  p_x
   20   3   2  -2       0.03938167  d_xy
   20   3   2  -1       0.04281198  d_yz
   20   3   2   0       0.02137346  d_z2
   20   3   2   1       0.04151362  d_xz
   20   3   2   2       0.01999411  d_x2-y2
   21   1   0   0       1.37324696  s
   21   2   1  -1       0.82973171  p_y
   21   2   1   0       0.82207785  p_z
   21   2   1   1       0.82943381  p_x
   21   3   2  -2       0.03775333  d_xy
   21   3   2  -1       0.03763547  d_yz
   21   3   2   0       0.01877438  d_z2
   21   3   2   1       0.03724760  d_xz
   21   3   2   2       0.01658675  d_x2-y2
   22   1   0   0       1.35338204  s
   22   2   1  -1       0.82224525  p_y
   22   2   1   0       0.82514379  p_z
   22   2   1   1       0.82108105  p_x
   22   3   2  -2       0.04199147  d_xy
   22   3   2  -1       0.04209321  d_yz
   22   3   2   0       0.02098327  d_z2
   22   3   2   1       0.04034507  d_xz
   22   3   2   2       0.02168098  d_x2-y2
   23   1   0   0       1.38798706  s
   23   2   1  -1       0.83434740  p_y
   23   2   1   0       0.82545722  p_z
   23   2   1   1       0.82997999  p_x
   23   3   2  -2       0.03168972  d_xy
   23   3   2  -1       0.03473839  d_yz
   23   3   2   0       0.01622990  d_z2
   23   3   2   1       0.03920520  d_xz
   23   3   2   2       0.01541626  d_x2-y2
   24   1   0   0       1.33788347  s
   24   2   1  -1       0.82905345  p_y
   24   2   1   0       0.82369470  p_z
   24   2   1   1       0.81637593  p_x
   24   3   2  -2       0.04376963  d_xy
   24   3   2  -1       0.03663822  d_yz
   24   3   2   0       0.02332144  d_z2
   24   3   2   1       0.05199451  d_xz
   24   3   2   2       0.02355853  d_x2-y2
   25   1   0   0       1.35172758  s
   25   2   1  -1       0.82424996  p_y
   25   2   1   0       0.82946960  p_z
   25   2   1   1       0.82668898  p_x
   25   3   2  -2       0.04340692  d_xy
   25   3   2  -1       0.04174279  d_yz
   25   3   2   0       0.02181483  d_z2
   25   3   2   1       0.03910935  d_xz
   25   3   2   2       0.02060495  d_x2-y2
   26   1   0   0       1.35053771  s
   26   2   1  -1       0.83303844  p_y
   26   2   1   0       0.82358597  p_z
   26   2   1   1       0.83085593  p_x
   26   3   2  -2       0.03534375  d_xy
   26   3   2  -1       0.04037243  d_yz
   26   3   2   0       0.01968100  d_z2
   26   3   2   1       0.04221139  d_xz
   26   3   2   2       0.01833006  d_x2-y2
   27   1   0   0       1.35585683  s
   27   2   1  -1       0.82683410  p_y
   27   2   1   0       0.83080603  p_z
   27   2   1   1       0.82975251  p_x
   27   3   2  -2       0.04050012  d_xy
   27   3   2  -1       0.04118017  d_yz
   27   3   2   0       0.01921908  d_z2
   27   3   2   1       0.03758634  d_xz
   27   3   2   2       0.01999254  d_x2-y2
   28   1   0   0       1.34443731  s
   28   2   1  -1       0.83635975  p_y
   28   2   1   0       0.81533530  p_z
   28   2   1   1       0.82819082  p_x
   28   3   2  -2       0.03325455  d_xy
   28   3   2  -1       0.04040331  d_yz
   28   3   2   0       0.02080735  d_z2
   28   3   2   1       0.04204763  d_xz
   28   3   2   2       0.01863110  d_x2-y2
   29   1   0   0       1.35552743  s
   29   2   1  -1       0.83062649  p_y
   29   2   1   0       0.82016609  p_z
   29   2   1   1       0.82853651  p_x
   29   3   2  -2       0.03745961  d_xy
   29   3   2  -1       0.04047047  d_yz
   29   3   2   0       0.02064107  d_z2
   29   3   2   1       0.04256740  d_xz
   29   3   2   2       0.01952525  d_x2-y2
   30   1   0   0       1.33536271  s
   30   2   1  -1       0.82535897  p_y
   30   2   1   0       0.82872987  p_z
   30   2   1   1       0.82714591  p_x
   30   3   2  -2       0.04130980  d_xy
   30   3   2  -1       0.04254872  d_yz
   30   3   2   0       0.02176006  d_z2
   30   3   2   1       0.03866059  d_xz
   30   3   2   2       0.02027819  d_x2-y2
   31   1   0   0       1.35083065  s
   31   2   1  -1       0.83579673  p_y
   31   2   1   0       0.82476883  p_z
   31   2   1   1       0.83673626  p_x
   31   3   2  -2       0.03391053  d_xy
   31   3   2  -1       0.04049598  d_yz
   31   3   2   0       0.01880268  d_z2
   31   3   2   1       0.03944204  d_xz
   31   3   2   2       0.01760492  d_x2-y2
   32   1   0   0       1.37777077  s
   32   2   1  -1       0.83502884  p_y
   32   2   1   0       0.83115539  p_z
   32   2   1   1       0.82898789  p_x
   32   3   2  -2       0.03474813  d_xy
   32   3   2  -1       0.03630742  d_yz
   32   3   2   0       0.01545652  d_z2
   32   3   2   1       0.03263572  d_xz
   32   3   2   2       0.01529990  d_x2-y2
   33   1   0   0       1.36639483  s
   33   2   1  -1       0.83260268  p_y
   33   2   1   0       0.82089976  p_z
   33   2   1   1       0.83251147  p_x
   33   3   2  -2       0.03288104  d_xy
   33   3   2  -1       0.03894135  d_yz
   33   3   2   0       0.01915337  d_z2
   33   3   2   1       0.04198151  d_xz
   33   3   2   2       0.01673612  d_x2-y2
   34   1   0   0       1.35326907  s
   34   2   1  -1       0.83118753  p_y
   34   2   1   0       0.83076734  p_z
   34   2   1   1       0.83151179  p_x
   34   3   2  -2       0.03713393  d_xy
   34   3   2  -1       0.04135744  d_yz
   34   3   2   0       0.02046907  d_z2
   34   3   2   1       0.03861507  d_xz
   34   3   2   2       0.01835391  d_x2-y2
   35   1   0   0       1.37538420  s
   35   2   1  -1       0.83241955  p_y
   35   2   1   0       0.82367331  p_z
   35   2   1   1       0.83178518  p_x
   35   3   2  -2       0.03422995  d_xy
   35   3   2  -1       0.03815619  d_yz
   35   3   2   0       0.01772747  d_z2
   35   3   2   1       0.03554566  d_xz
   35   3   2   2       0.01578746  d_x2-y2
   36   1   0   0       1.33594280  s
   36   2   1  -1       0.82478715  p_y
   36   2   1   0       0.82897749  p_z
   36   2   1   1       0.82639316  p_x
   36   3   2  -2       0.04427114  d_xy
   36   3   2  -1       0.04167806  d_yz
   36   3   2   0       0.02156216  d_z2
   36   3   2   1       0.03958274  d_xz
   36   3   2   2       0.02146305  d_x2-y2
   37   1   0   0       1.34939423  s
   37   2   1  -1       0.82892248  p_y
   37   2   1   0       0.83178627  p_z
   37   2   1   1       0.82953538  p_x
   37   3   2  -2       0.04024160  d_xy
   37   3   2  -1       0.03855316  d_yz
   37   3   2   0       0.01989566  d_z2
   37   3   2   1       0.04026560  d_xz
   37   3   2   2       0.01931394  d_x2-y2
   38   1   0   0       1.32425485  s
   38   2   1  -1       0.82922592  p_y
   38   2   1   0       0.82984428  p_z
   38   2   1   1       0.82728500  p_x
   38   3   2  -2       0.04804207  d_xy
   38   3   2  -1       0.03976534  d_yz
   38   3   2   0       0.02311520  d_z2
   38   3   2   1       0.04455859  d_xz
   38   3   2   2       0.02427962  d_x2-y2
   39   1   0   0       1.37765956  s
   39   2   1  -1       0.82920199  p_y
   39   2   1   0       0.82825717  p_z
   39   2   1   1       0.82689690  p_x
   39   3   2  -2       0.03551237  d_xy
   39   3   2  -1       0.03791343  d_yz
   39   3   2   0       0.01786926  d_z2
   39   3   2   1       0.03864478  d_xz
   39   3   2   2       0.01727458  d_x2-y2
   40   1   0   0       1.37517641  s
   40   2   1  -1       0.83737917  p_y
   40   2   1   0       0.82320441  p_z
   40   2   1   1       0.83373762  p_x
   40   3   2  -2       0.03295838  d_xy
   40   3   2  -1       0.04267251  d_yz
   40   3   2   0       0.01861825  d_z2
   40   3   2   1       0.03915461  d_xz
   40   3   2   2       0.01682731  d_x2-y2
   41   1   0   0       1.33063730  s
   41   2   1  -1       0.83063934  p_y
   41   2   1   0       0.82581511  p_z
   41   2   1   1       0.82356843  p_x
   41   3   2  -2       0.04262023  d_xy
   41   3   2  -1       0.03976436  d_yz
   41   3   2   0       0.02329060  d_z2
   41   3   2   1       0.04192796  d_xz
   41   3   2   2       0.02054799  d_x2-y2
   42   1   0   0       1.39402499  s
   42   2   1  -1       0.83183347  p_y
   42   2   1   0       0.82634634  p_z
   42   2   1   1       0.83135644  p_x
   42   3   2  -2       0.03217239  d_xy
   42   3   2  -1       0.03715268  d_yz
   42   3   2   0       0.01654745  d_z2
   42   3   2   1       0.03718381  d_xz
   42   3   2   2       0.01543414  d_x2-y2
   43   1   0   0       1.36878867  s
   43   2   1  -1       0.82691357  p_y
   43   2   1   0       0.82249282  p_z
   43   2   1   1       0.82088838  p_x
   43   3   2  -2       0.03992835  d_xy
   43   3   2  -1       0.03916124  d_yz
   43   3   2   0       0.01995924  d_z2
   43   3   2   1       0.04314190  d_xz
   43   3   2   2       0.01954690  d_x2-y2
   44   1   0   0       1.37536064  s
   44   2   1  -1       0.82184760  p_y
   44   2   1   0       0.82881388  p_z
   44   2   1   1       0.82234689  p_x
   44   3   2  -2       0.04415582  d_xy
   44   3   2  -1       0.03431226  d_yz
   44   3   2   0       0.01898018  d_z2
   44   3   2   1       0.03954373  d_xz
   44   3   2   2       0.01927247  d_x2-y2
   45   1   0   0       1.33605676  s
   45   2   1  -1       0.82697073  p_y
   45   2   1   0       0.82554963  p_z
   45   2   1   1       0.82016589  p_x
   45   3   2  -2       0.04512892  d_xy
   45   3   2  -1       0.04070515  d_yz
   45   3   2   0       0.02405597  d_z2
   45   3   2   1       0.04245776  d_xz
   45   3   2   2       0.02224386  d_x2-y2
   46   1   0   0       1.40244885  s
   46   2   1  -1       0.83228079  p_y
   46   2   1   0       0.82710191  p_z
   46   2   1   1       0.83416758  p_x
   46   3   2  -2       0.03483839  d_xy
   46   3   2  -1       0.03690217  d_yz
   46   3   2   0       0.01579109  d_z2
   46   3   2   1       0.03668482  d_xz
   46   3   2   2       0.01615062  d_x2-y2
   47   1   0   0       1.35070386  s
   47   2   1  -1       0.82198825  p_y
   47   2   1   0       0.83098341  p_z
   47   2   1   1       0.82236388  p_x
   47   3   2  -2       0.04594034  d_xy
   47   3   2  -1       0.04120951  d_yz
   47   3   2   0       0.02175024  d_z2
   47   3   2   1       0.03951292  d_xz
   47   3   2   2       0.02169321  d_x2-y2
   48   1   0   0       1.40495826  s
   48   2   1  -1       0.84168067  p_y
   48   2   1   0       0.82736456  p_z
   48   2   1   1       0.83671365  p_x
   48   3   2  -2       0.02787776  d_xy
   48   3   2  -1       0.03554926  d_yz
   48   3   2   0       0.01526349  d_z2
   48   3   2   1       0.03848670  d_xz
   48   3   2   2       0.01464623  d_x2-y2
   49   1   0   0       1.37236939  s
   49   2   1  -1       0.82485058  p_y
   49   2   1   0       0.83474401  p_z
   49   2   1   1       0.82873174  p_x
   49   3   2  -2       0.04032108  d_xy
   49   3   2  -1       0.03693728  d_yz
   49   3   2   0       0.01650652  d_z2
   49   3   2   1       0.03472951  d_xz
   49   3   2   2       0.01843495  d_x2-y2
   50   1   0   0       1.33904094  s
   50   2   1  -1       0.83005812  p_y
   50   2   1   0       0.82326742  p_z
   50   2   1   1       0.82816438  p_x
   50   3   2  -2       0.04045178  d_xy
   50   3   2  -1       0.04260916  d_yz
   50   3   2   0       0.02161175  d_z2
   50   3   2   1       0.04103192  d_xz
   50   3   2   2       0.02088211  d_x2-y2
   51   1   0   0       1.37796542  s
   51   2   1  -1       0.82633119  p_y
   51   2   1   0       0.83704785  p_z
   51   2   1   1       0.82807192  p_x
   51   3   2  -2       0.04022618  d_xy
   51   3   2  -1       0.03469338  d_yz
   51   3   2   0       0.01551308  d_z2
   51   3   2   1       0.03321192  d_xz
   51   3   2   2       0.01735534  d_x2-y2
   52   1   0   0       1.36531364  s
   52   2   1  -1       0.82803364  p_y
   52   2   1   0       0.82883247  p_z
   52   2   1   1       0.82525945  p_x
   52   3   2  -2       0.03829332  d_xy
   52   3   2  -1       0.03696015  d_yz
   52   3   2   0       0.01998458  d_z2
   52   3   2   1       0.04239056  d_xz
   52   3   2   2       0.01799929  d_x2-y2
   53   1   0   0       1.38414877  s
   53   2   1  -1       0.83121061  p_y
   53   2   1   0       0.82479770  p_z
   53   2   1   1       0.83133712  p_x
   53   3   2  -2       0.03309600  d_xy
   53   3   2  -1       0.03603213  d_yz
   53   3   2   0       0.01694034  d_z2
   53   3   2   1       0.04064043  d_xz
   53   3   2   2       0.01696705  d_x2-y2
   54   1   0   0       1.34521338  s
   54   2   1  -1       0.81524652  p_y
   54   2   1   0       0.83263833  p_z
   54   2   1   1       0.82388286  p_x
   54   3   2  -2       0.05095753  d_xy
   54   3   2  -1       0.04015854  d_yz
   54   3   2   0       0.02092617  d_z2
   54   3   2   1       0.03494836  d_xz
   54   3   2   2       0.02206116  d_x2-y2
   55   1   0   0       1.35715700  s
   55   2   1  -1       0.82645551  p_y
   55   2   1   0       0.83001882  p_z
   55   2   1   1       0.82694629  p_x
   55   3   2  -2       0.03958289  d_xy
   55   3   2  -1       0.03891584  d_yz
   55   3   2   0       0.01995659  d_z2
   55   3   2   1       0.04256886  d_xz
   55   3   2   2       0.01982771  d_x2-y2
   56   1   0   0       1.35776113  s
   56   2   1  -1       0.82515336  p_y
   56   2   1   0       0.82359198  p_z
   56   2   1   1       0.82264096  p_x
   56   3   2  -2       0.04215457  d_xy
   56   3   2  -1       0.03825372  d_yz
   56   3   2   0       0.02013345  d_z2
   56   3   2   1       0.04111240  d_xz
   56   3   2   2       0.01964869  d_x2-y2
   57   1   0   0       1.33842754  s
   57   2   1  -1       0.83152632  p_y
   57   2   1   0       0.83756601  p_z
   57   2   1   1       0.82119122  p_x
   57   3   2  -2       0.04795732  d_xy
   57   3   2  -1       0.03274345  d_yz
   57   3   2   0       0.01895114  d_z2
   57   3   2   1       0.04145383  d_xz
   57   3   2   2       0.02199758  d_x2-y2
   58   1   0   0       1.37878958  s
   58   2   1  -1       0.82889331  p_y
   58   2   1   0       0.82741338  p_z
   58   2   1   1       0.82658470  p_x
   58   3   2  -2       0.03612586  d_xy
   58   3   2  -1       0.03685505  d_yz
   58   3   2   0       0.01731119  d_z2
   58   3   2   1       0.03848683  d_xz
   58   3   2   2       0.01699844  d_x2-y2
   59   1   0   0       1.36642790  s
   59   2   1  -1       0.82229810  p_y
   59   2   1   0       0.82899238  p_z
   59   2   1   1       0.82555882  p_x
   59   3   2  -2       0.03835199  d_xy
   59   3   2  -1       0.04386546  d_yz
   59   3   2   0       0.01813830  d_z2
   59   3   2   1       0.03648304  d_xz
   59   3   2   2       0.02030972  d_x2-y2
   60   1   0   0       1.36510290  s
   60   2   1  -1       0.82376931  p_y
   60   2   1   0       0.83291001  p_z
   60   2   1   1       0.82241405  p_x
   60   3   2  -2       0.03999137  d_xy
   60   3   2  -1       0.03865660  d_yz
   60   3   2   0       0.01922182  d_z2
   60   3   2   1       0.03569476  d_xz
   60   3   2   2       0.01735985  d_x2-y2
   61   1   0   0       1.36537668  s
   61   2   1  -1       0.82077490  p_y
   61   2   1   0       0.83173404  p_z
   61   2   1   1       0.83189622  p_x
   61   3   2  -2       0.03994234  d_xy
   61   3   2  -1       0.04447686  d_yz
   61   3   2   0       0.02053361  d_z2
   61   3   2   1       0.03360238  d_xz
   61   3   2   2       0.01900359  d_x2-y2
   62   1   0   0       1.33990766  s
   62   2   1  -1       0.82512393  p_y
   62   2   1   0       0.82444261  p_z
   62   2   1   1       0.82553451  p_x
   62   3   2  -2       0.03942288  d_xy
   62   3   2  -1       0.03959935  d_yz
   62   3   2   0       0.02125437  d_z2
   62   3   2   1       0.04494478  d_xz
   62   3   2   2       0.02043810  d_x2-y2
   63   1   0   0       1.34367180  s
   63   2   1  -1       0.82549612  p_y
   63   2   1   0       0.83523851  p_z
   63   2   1   1       0.82784813  p_x
   63   3   2  -2       0.04720145  d_xy
   63   3   2  -1       0.03656271  d_yz
   63   3   2   0       0.01991897  d_z2
   63   3   2   1       0.03724952  d_xz
   63   3   2   2       0.02067120  d_x2-y2
   64   1   0   0       1.30621792  s
   64   2   1  -1       0.82147408  p_y
   64   2   1   0       0.83238689  p_z
   64   2   1   1       0.82741266  p_x
   64   3   2  -2       0.04598181  d_xy
   64   3   2  -1       0.04936321  d_yz
   64   3   2   0       0.02558824  d_z2
   64   3   2   1       0.04264423  d_xz
   64   3   2   2       0.02679850  d_x2-y2

Fermi level:                        -0.1342372865 H           -3.6528 eV
Band energy:                       -88.1581021852 H        -2398.9040 eV
TS:                                  0.0000000000 H            0.0000 eV
Band free energy (E-TS):           -88.1581021852 H        -2398.9040 eV
Extrapolated E(0K):                -88.1581021852 H        -2398.9040 eV
Input / Output electrons (q):    256.0000000000    256.0000000000

Energy H0:                         -88.1337458443 H        -2398.2412 eV
Energy SCC:                          0.0006399196 H            0.0174 eV
Total Electronic energy:           -88.1331059246 H        -2398.2238 eV
Repulsive energy:                    0.0000000000 H            0.0000 eV
Total energy:                      -88.1331059246 H        -2398.2238 eV
Extrapolated to 0:                 -88.1331059246 H        -2398.2238 eV
Total Mermin free energy:          -88.1331059246 H        -2398.2238 eV
Force related energy:              -88.1331059246 H        -2398.2238 eV

Non-constrained calculation

SCC converged

Warning: dipole moment is not defined absolutely!
Dipole moment:    0.47667101   -1.07770098   -1.13067787 au
Dipole moment:    1.21157696   -2.73924287   -2.87389672 Debye


