 Fermi distribution function

Calculation with static geometry


********************************************************************************
 iSCC Total electronic   Diff electronic      SCC error    
    9   -0.88130285E+02   -0.82630436E-09    0.54641760E-05
********************************************************************************

 Total charge:    -0.00000000

 Atomic gross charges (e)
 Atom           Charge
    1       0.01837089
    2      -0.01242903
    3       0.00856929
    4      -0.00857030
    5      -0.01787698
    6      -0.00386936
    7      -0.01259822
    8       0.00041151
    9      -0.02062320
   10      -0.00331336
   11       0.00126838
   12      -0.00275732
   13       0.01148680
   14      -0.00402128
   15       0.00009454
   16       0.00318632
   17      -0.00104658
   18       0.00786235
   19       0.00922118
   20       0.01312695
   21       0.01110802
   22      -0.00081123
   23      -0.00144592
   24       0.01418142
   25       0.00019746
   26      -0.00057817
   27       0.00016988
   28       0.00184497
   29       0.00334729
   30      -0.02030246
   31       0.00930656
   32      -0.02114034
   33      -0.00255380
   34      -0.00692139
   35       0.00655434
   36       0.01830163
   37      -0.00186830
   38      -0.00673445
   39       0.01109658
   40      -0.01915630
   41      -0.01525642
   42      -0.01568476
   43      -0.00237175
   44       0.00569921
   45       0.00253558
   46       0.00013928
   47       0.01538134
   48      -0.02700012
   49       0.02089148
   50      -0.00141043
   51       0.01799743
   52       0.00195597
   53      -0.01053205
   54       0.01330122
   55       0.00187123
   56       0.00863398
   57       0.00853341
   58       0.00650349
   59      -0.01178562
   60      -0.00274453
   61       0.00134543
   62      -0.01891826
   63       0.00208608
   64       0.01774042

Nr. of electrons (up):    256.00000000
Atom populations (up)
 Atom       Population
    1       3.98162911
    2       4.01242903
    3       3.99143071
    4       4.00857030
    5       4.01787698
    6       4.00386936
    7       4.01259822
    8       3.99958849
    9       4.02062320
   10       4.00331336
   11       3.99873162
   12       4.00275732
   13       3.98851320
   14       4.00402128
   15       3.99990546
   16       3.99681368
   17       4.00104658
   18       3.99213765
   19       3.99077882
   20       3.98687305
   21       3.98889198
   22       4.00081123
   23       4.00144592
   24       3.98581858
   25       3.99980254
   26       4.00057817
   27       3.99983012
   28       3.99815503
   29       3.99665271
   30       4.02030246
   31       3.99069344
   32       4.02114034
   33       4.00255380
   34       4.00692139
   35       3.99344566
   36       3.98169837
   37       4.00186830
   38       4.00673445
   39       3.98890342
   40       4.01915630
   41       4.01525642
   42       4.01568476
   43       4.00237175
   44       3.99430079
   45       3.99746442
   46       3.99986072
   47       3.98461866
   48       4.02700012
   49       3.97910852
   50       4.00141043
   51       3.98200257
   52       3.99804403
   53       4.01053205
   54       3.98669878
   55       3.99812877
   56       3.99136602
   57       3.99146659
   58       3.99349651
   59       4.01178562
   60       4.00274453
   61       3.99865457
   62       4.01891826
   63       3.99791392
   64       3.98225958

l-shell populations (up)
 Atom Sh.   l       Population
    1   1   0       1.32522977
    1   2   1       2.47795512
    1   3   2       0.17844422
    2   1   0       1.37160703
    2   2   1       2.48535738
    2   3   2       0.15546462
    3   1   0       1.34105210
    3   2   1       2.48730642
    3   3   2       0.16307219
    4   1   0       1.36314111
    4   2   1       2.48618209
    4   3   2       0.15924710
    5   1   0       1.38813182
    5   2   1       2.48269908
    5   3   2       0.14704609
    6   1   0       1.35663635
    6   2   1       2.48781859
    6   3   2       0.15941442
    7   1   0       1.37465087
    7   2   1       2.48765905
    7   3   2       0.15028829
    8   1   0       1.35791814
    8   2   1       2.48551479
    8   3   2       0.15615557
    9   1   0       1.39792152
    9   2   1       2.47850760
    9   3   2       0.14419408
   10   1   0       1.36321644
   10   2   1       2.48285558
   10   3   2       0.15724134
   11   1   0       1.35658836
   11   2   1       2.48637154
   11   3   2       0.15577172
   12   1   0       1.35613490
   12   2   1       2.48132749
   12   3   2       0.16529493
   13   1   0       1.34252495
   13   2   1       2.47741551
   13   3   2       0.16857274
   14   1   0       1.37912939
   14   2   1       2.47173331
   14   3   2       0.15315858
   15   1   0       1.34489471
   15   2   1       2.49194795
   15   3   2       0.16306279
   16   1   0       1.35117200
   16   2   1       2.48447795
   16   3   2       0.16116373
   17   1   0       1.36128757
   17   2   1       2.48591095
   17   3   2       0.15384806
   18   1   0       1.34506444
   18   2   1       2.48611237
   18   3   2       0.16096084
   19   1   0       1.35630814
   19   2   1       2.47377658
   19   3   2       0.16069410
   20   1   0       1.34261344
   20   2   1       2.47834190
   20   3   2       0.16591771
   21   1   0       1.34707962
   21   2   1       2.47945768
   21   3   2       0.16235468
   22   1   0       1.35504566
   22   2   1       2.48699013
   22   3   2       0.15877544
   23   1   0       1.37268100
   23   2   1       2.48004149
   23   3   2       0.14872343
   24   1   0       1.33517992
   24   2   1       2.47678423
   24   3   2       0.17385443
   25   1   0       1.35570295
   25   2   1       2.48765627
   25   3   2       0.15644333
   26   1   0       1.37710421
   26   2   1       2.47262550
   26   3   2       0.15084846
   27   1   0       1.36446172
   27   2   1       2.47836744
   27   3   2       0.15700096
   28   1   0       1.35359349
   28   2   1       2.48267131
   28   3   2       0.16189023
   29   1   0       1.36421388
   29   2   1       2.47810981
   29   3   2       0.15432901
   30   1   0       1.38372816
   30   2   1       2.48703633
   30   3   2       0.14953797
   31   1   0       1.34945058
   31   2   1       2.48613922
   31   3   2       0.15510364
   32   1   0       1.38994898
   32   2   1       2.49409035
   32   3   2       0.13710102
   33   1   0       1.36361094
   33   2   1       2.48897192
   33   3   2       0.14997094
   34   1   0       1.38153318
   34   2   1       2.47992123
   34   3   2       0.14546698
   35   1   0       1.35125691
   35   2   1       2.48405727
   35   3   2       0.15813147
   36   1   0       1.33981651
   36   2   1       2.47229794
   36   3   2       0.16958392
   37   1   0       1.35594216
   37   2   1       2.49286701
   37   3   2       0.15305913
   38   1   0       1.35562152
   38   2   1       2.48246145
   38   3   2       0.16865148
   39   1   0       1.35788697
   39   2   1       2.46881863
   39   3   2       0.16219782
   40   1   0       1.37999230
   40   2   1       2.48890319
   40   3   2       0.15026080
   41   1   0       1.38133500
   41   2   1       2.47990795
   41   3   2       0.15401347
   42   1   0       1.38495246
   42   2   1       2.48533353
   42   3   2       0.14539877
   43   1   0       1.36101011
   43   2   1       2.48193705
   43   3   2       0.15942460
   44   1   0       1.34856700
   44   2   1       2.48516080
   44   3   2       0.16057298
   45   1   0       1.35362309
   45   2   1       2.48204837
   45   3   2       0.16179295
   46   1   0       1.35337043
   46   2   1       2.48702053
   46   3   2       0.15946976
   47   1   0       1.34443143
   47   2   1       2.47365697
   47   3   2       0.16653026
   48   1   0       1.38939315
   48   2   1       2.50228883
   48   3   2       0.13531814
   49   1   0       1.33471430
   49   2   1       2.47836224
   49   3   2       0.16603198
   50   1   0       1.36512074
   50   2   1       2.47860301
   50   3   2       0.15768668
   51   1   0       1.34192042
   51   2   1       2.47821524
   51   3   2       0.16186691
   52   1   0       1.36522834
   52   2   1       2.47568571
   52   3   2       0.15712997
   53   1   0       1.37703399
   53   2   1       2.48540899
   53   3   2       0.14808906
   54   1   0       1.34307834
   54   2   1       2.48113919
   54   3   2       0.16248125
   55   1   0       1.35431732
   55   2   1       2.48041718
   55   3   2       0.16339427
   56   1   0       1.34730394
   56   2   1       2.48492064
   56   3   2       0.15914144
   57   1   0       1.36199747
   57   2   1       2.47061229
   57   3   2       0.15885683
   58   1   0       1.35022092
   58   2   1       2.47678578
   58   3   2       0.16648981
   59   1   0       1.37918909
   59   2   1       2.48220934
   59   3   2       0.15038718
   60   1   0       1.36601016
   60   2   1       2.48640807
   60   3   2       0.15032630
   61   1   0       1.34968235
   61   2   1       2.48651129
   61   3   2       0.16246093
   62   1   0       1.39148238
   62   2   1       2.47863095
   62   3   2       0.14880493
   63   1   0       1.35157297
   63   2   1       2.48354921
   63   3   2       0.16279174
   64   1   0       1.33573513
   64   2   1       2.47345899
   64   3   2       0.17306546

Orbital populations (up)
 Atom Sh.   l   m       Population  Label
    1   1   0   0       1.32522977  s
    1   2   1  -1       0.82371140  p_y
    1   2   1   0       0.83170660  p_z
    1   2   1   1       0.82253712  p_x
    1   3   2  -2       0.04666949  d_xy
    1   3   2  -1       0.03884783  d_yz
    1   3   2   0       0.02309508  d_z2
    1   3   2   1       0.04528179  d_xz
    1   3   2   2       0.02455003  d_x2-y2
    2   1   0   0       1.37160703  s
    2   2   1  -1       0.82839027  p_y
    2   2   1   0       0.83104031  p_z
    2   2   1   1       0.82592680  p_x
    2   3   2  -2       0.03901115  d_xy
    2   3   2  -1       0.03937597  d_yz
    2   3   2   0       0.02023793  d_z2
    2   3   2   1       0.03812486  d_xz
    2   3   2   2       0.01871471  d_x2-y2
    3   1   0   0       1.34105210  s
    3   2   1  -1       0.82595198  p_y
    3   2   1   0       0.83051341  p_z
    3   2   1   1       0.83084103  p_x
    3   3   2  -2       0.03669042  d_xy
    3   3   2  -1       0.04626598  d_yz
    3   3   2   0       0.02021524  d_z2
    3   3   2   1       0.03786721  d_xz
    3   3   2   2       0.02203334  d_x2-y2
    4   1   0   0       1.36314111  s
    4   2   1  -1       0.82777436  p_y
    4   2   1   0       0.82862398  p_z
    4   2   1   1       0.82978375  p_x
    4   3   2  -2       0.03923283  d_xy
    4   3   2  -1       0.03916972  d_yz
    4   3   2   0       0.01971711  d_z2
    4   3   2   1       0.04092330  d_xz
    4   3   2   2       0.02020414  d_x2-y2
    5   1   0   0       1.38813182  s
    5   2   1  -1       0.82769769  p_y
    5   2   1   0       0.82690107  p_z
    5   2   1   1       0.82810033  p_x
    5   3   2  -2       0.03697872  d_xy
    5   3   2  -1       0.03962941  d_yz
    5   3   2   0       0.01763048  d_z2
    5   3   2   1       0.03536119  d_xz
    5   3   2   2       0.01744628  d_x2-y2
    6   1   0   0       1.35663635  s
    6   2   1  -1       0.83266942  p_y
    6   2   1   0       0.82722351  p_z
    6   2   1   1       0.82792565  p_x
    6   3   2  -2       0.03604979  d_xy
    6   3   2  -1       0.03917392  d_yz
    6   3   2   0       0.02000587  d_z2
    6   3   2   1       0.04466560  d_xz
    6   3   2   2       0.01951924  d_x2-y2
    7   1   0   0       1.37465087  s
    7   2   1  -1       0.82745222  p_y
    7   2   1   0       0.83011335  p_z
    7   2   1   1       0.83009349  p_x
    7   3   2  -2       0.04489387  d_xy
    7   3   2  -1       0.03447792  d_yz
    7   3   2   0       0.01843382  d_z2
    7   3   2   1       0.03497783  d_xz
    7   3   2   2       0.01750484  d_x2-y2
    8   1   0   0       1.35791814  s
    8   2   1  -1       0.82749964  p_y
    8   2   1   0       0.83112497  p_z
    8   2   1   1       0.82689018  p_x
    8   3   2  -2       0.03777714  d_xy
    8   3   2  -1       0.03984488  d_yz
    8   3   2   0       0.01862592  d_z2
    8   3   2   1       0.03992214  d_xz
    8   3   2   2       0.01998548  d_x2-y2
    9   1   0   0       1.39792152  s
    9   2   1  -1       0.82709745  p_y
    9   2   1   0       0.82673340  p_z
    9   2   1   1       0.82467676  p_x
    9   3   2  -2       0.03824869  d_xy
    9   3   2  -1       0.03699765  d_yz
    9   3   2   0       0.01811289  d_z2
    9   3   2   1       0.03473204  d_xz
    9   3   2   2       0.01610282  d_x2-y2
   10   1   0   0       1.36321644  s
   10   2   1  -1       0.83140342  p_y
   10   2   1   0       0.82559321  p_z
   10   2   1   1       0.82585894  p_x
   10   3   2  -2       0.04214492  d_xy
   10   3   2  -1       0.03496822  d_yz
   10   3   2   0       0.01961976  d_z2
   10   3   2   1       0.04155035  d_xz
   10   3   2   2       0.01895809  d_x2-y2
   11   1   0   0       1.35658836  s
   11   2   1  -1       0.82925675  p_y
   11   2   1   0       0.82750319  p_z
   11   2   1   1       0.82961159  p_x
   11   3   2  -2       0.03763822  d_xy
   11   3   2  -1       0.03665262  d_yz
   11   3   2   0       0.01954442  d_z2
   11   3   2   1       0.04341596  d_xz
   11   3   2   2       0.01852050  d_x2-y2
   12   1   0   0       1.35613490  s
   12   2   1  -1       0.82724881  p_y
   12   2   1   0       0.82626615  p_z
   12   2   1   1       0.82781253  p_x
   12   3   2  -2       0.04153268  d_xy
   12   3   2  -1       0.04213798  d_yz
   12   3   2   0       0.02170701  d_z2
   12   3   2   1       0.03958747  d_xz
   12   3   2   2       0.02032980  d_x2-y2
   13   1   0   0       1.34252495  s
   13   2   1  -1       0.82929444  p_y
   13   2   1   0       0.82134427  p_z
   13   2   1   1       0.82677680  p_x
   13   3   2  -2       0.03543827  d_xy
   13   3   2  -1       0.04456206  d_yz
   13   3   2   0       0.02159176  d_z2
   13   3   2   1       0.04541049  d_xz
   13   3   2   2       0.02157016  d_x2-y2
   14   1   0   0       1.37912939  s
   14   2   1  -1       0.82000396  p_y
   14   2   1   0       0.82963982  p_z
   14   2   1   1       0.82208952  p_x
   14   3   2  -2       0.03940149  d_xy
   14   3   2  -1       0.04250815  d_yz
   14   3   2   0       0.01772893  d_z2
   14   3   2   1       0.03355778  d_xz
   14   3   2   2       0.01996223  d_x2-y2
   15   1   0   0       1.34489471  s
   15   2   1  -1       0.83400882  p_y
   15   2   1   0       0.82897109  p_z
   15   2   1   1       0.82896804  p_x
   15   3   2  -2       0.03968495  d_xy
   15   3   2  -1       0.03869158  d_yz
   15   3   2   0       0.02141857  d_z2
   15   3   2   1       0.04299286  d_xz
   15   3   2   2       0.02027482  d_x2-y2
   16   1   0   0       1.35117200  s
   16   2   1  -1       0.82803108  p_y
   16   2   1   0       0.82833544  p_z
   16   2   1   1       0.82811143  p_x
   16   3   2  -2       0.04515557  d_xy
   16   3   2  -1       0.03677507  d_yz
   16   3   2   0       0.02252665  d_z2
   16   3   2   1       0.03857802  d_xz
   16   3   2   2       0.01812843  d_x2-y2
   17   1   0   0       1.36128757  s
   17   2   1  -1       0.83081583  p_y
   17   2   1   0       0.82883158  p_z
   17   2   1   1       0.82626354  p_x
   17   3   2  -2       0.03951895  d_xy
   17   3   2  -1       0.03743874  d_yz
   17   3   2   0       0.01974524  d_z2
   17   3   2   1       0.03883794  d_xz
   17   3   2   2       0.01830719  d_x2-y2
   18   1   0   0       1.34506444  s
   18   2   1  -1       0.83102346  p_y
   18   2   1   0       0.82902788  p_z
   18   2   1   1       0.82606102  p_x
   18   3   2  -2       0.03886466  d_xy
   18   3   2  -1       0.03763832  d_yz
   18   3   2   0       0.01914310  d_z2
   18   3   2   1       0.04373153  d_xz
   18   3   2   2       0.02158323  d_x2-y2
   19   1   0   0       1.35630814  s
   19   2   1  -1       0.81738868  p_y
   19   2   1   0       0.82637121  p_z
   19   2   1   1       0.83001669  p_x
   19   3   2  -2       0.03945797  d_xy
   19   3   2  -1       0.04155400  d_yz
   19   3   2   0       0.01986526  d_z2
   19   3   2   1       0.03778585  d_xz
   19   3   2   2       0.02203103  d_x2-y2
   20   1   0   0       1.34261344  s
   20   2   1  -1       0.82689994  p_y
   20   2   1   0       0.82243695  p_z
   20   2   1   1       0.82900501  p_x
   20   3   2  -2       0.03943581  d_xy
   20   3   2  -1       0.04348604  d_yz
   20   3   2   0       0.02272897  d_z2
   20   3   2   1       0.04040203  d_xz
   20   3   2   2       0.01986486  d_x2-y2
   21   1   0   0       1.34707962  s
   21   2   1  -1       0.82209319  p_y
   21   2   1   0       0.83098833  p_z
   21   2   1   1       0.82637617  p_x
   21   3   2  -2       0.04320519  d_xy
   21   3   2  -1       0.03901555  d_yz
   21   3   2   0       0.01957771  d_z2
   21   3   2   1       0.03872899  d_xz
   21   3   2   2       0.02182725  d_x2-y2
   22   1   0   0       1.35504566  s
   22   2   1  -1       0.82915277  p_y
   22   2   1   0       0.82959013  p_z
   22   2   1   1       0.82824723  p_x
   22   3   2  -2       0.04001000  d_xy
   22   3   2  -1       0.03874543  d_yz
   22   3   2   0       0.01968310  d_z2
   22   3   2   1       0.04024032  d_xz
   22   3   2   2       0.02009659  d_x2-y2
   23   1   0   0       1.37268100  s
   23   2   1  -1       0.82647748  p_y
   23   2   1   0       0.82568239  p_z
   23   2   1   1       0.82788162  p_x
   23   3   2  -2       0.03538609  d_xy
   23   3   2  -1       0.03902324  d_yz
   23   3   2   0       0.01764581  d_z2
   23   3   2   1       0.03876337  d_xz
   23   3   2   2       0.01790491  d_x2-y2
   24   1   0   0       1.33517992  s
   24   2   1  -1       0.82402001  p_y
   24   2   1   0       0.82734166  p_z
   24   2   1   1       0.82542257  p_x
   24   3   2  -2       0.04272022  d_xy
   24   3   2  -1       0.04266819  d_yz
   24   3   2   0       0.02356789  d_z2
   24   3   2   1       0.04182959  d_xz
   24   3   2   2       0.02306853  d_x2-y2
   25   1   0   0       1.35570295  s
   25   2   1  -1       0.83092135  p_y
   25   2   1   0       0.82680325  p_z
   25   2   1   1       0.82993167  p_x
   25   3   2  -2       0.03826558  d_xy
   25   3   2  -1       0.03846545  d_yz
   25   3   2   0       0.02047466  d_z2
   25   3   2   1       0.04108029  d_xz
   25   3   2   2       0.01815735  d_x2-y2
   26   1   0   0       1.37710421  s
   26   2   1  -1       0.82457893  p_y
   26   2   1   0       0.82073215  p_z
   26   2   1   1       0.82731441  p_x
   26   3   2  -2       0.03853997  d_xy
   26   3   2  -1       0.04005677  d_yz
   26   3   2   0       0.01901991  d_z2
   26   3   2   1       0.03571322  d_xz
   26   3   2   2       0.01751859  d_x2-y2
   27   1   0   0       1.36446172  s
   27   2   1  -1       0.82604680  p_y
   27   2   1   0       0.82697850  p_z
   27   2   1   1       0.82534214  p_x
   27   3   2  -2       0.03811838  d_xy
   27   3   2  -1       0.03977337  d_yz
   27   3   2   0       0.01845054  d_z2
   27   3   2   1       0.04064413  d_xz
   27   3   2   2       0.02001454  d_x2-y2
   28   1   0   0       1.35359349  s
   28   2   1  -1       0.82594422  p_y
   28   2   1   0       0.83230681  p_z
   28   2   1   1       0.82442028  p_x
   28   3   2  -2       0.04327598  d_xy
   28   3   2  -1       0.03599854  d_yz
   28   3   2   0       0.02094675  d_z2
   28   3   2   1       0.04017652  d_xz
   28   3   2   2       0.02149243  d_x2-y2
   29   1   0   0       1.36421388  s
   29   2   1  -1       0.82894170  p_y
   29   2   1   0       0.82523258  p_z
   29   2   1   1       0.82393554  p_x
   29   3   2  -2       0.03894884  d_xy
   29   3   2  -1       0.03832285  d_yz
   29   3   2   0       0.01940924  d_z2
   29   3   2   1       0.03904937  d_xz
   29   3   2   2       0.01859872  d_x2-y2
   30   1   0   0       1.38372816  s
   30   2   1  -1       0.83179402  p_y
   30   2   1   0       0.82634206  p_z
   30   2   1   1       0.82890024  p_x
   30   3   2  -2       0.03542064  d_xy
   30   3   2  -1       0.04036410  d_yz
   30   3   2   0       0.01815739  d_z2
   30   3   2   1       0.03780865  d_xz
   30   3   2   2       0.01778720  d_x2-y2
   31   1   0   0       1.34945058  s
   31   2   1  -1       0.82872200  p_y
   31   2   1   0       0.82665491  p_z
   31   2   1   1       0.83076230  p_x
   31   3   2  -2       0.03842928  d_xy
   31   3   2  -1       0.04043867  d_yz
   31   3   2   0       0.01971639  d_z2
   31   3   2   1       0.03771456  d_xz
   31   3   2   2       0.01880474  d_x2-y2
   32   1   0   0       1.38994898  s
   32   2   1  -1       0.83016223  p_y
   32   2   1   0       0.83309436  p_z
   32   2   1   1       0.83083376  p_x
   32   3   2  -2       0.03717340  d_xy
   32   3   2  -1       0.03297188  d_yz
   32   3   2   0       0.01609805  d_z2
   32   3   2   1       0.03503712  d_xz
   32   3   2   2       0.01582057  d_x2-y2
   33   1   0   0       1.36361094  s
   33   2   1  -1       0.83551254  p_y
   33   2   1   0       0.82230965  p_z
   33   2   1   1       0.83114973  p_x
   33   3   2  -2       0.03360790  d_xy
   33   3   2  -1       0.03591303  d_yz
   33   3   2   0       0.01921191  d_z2
   33   3   2   1       0.04456869  d_xz
   33   3   2   2       0.01666940  d_x2-y2
   34   1   0   0       1.38153318  s
   34   2   1  -1       0.83198068  p_y
   34   2   1   0       0.81764386  p_z
   34   2   1   1       0.83029669  p_x
   34   3   2  -2       0.03704563  d_xy
   34   3   2  -1       0.03858037  d_yz
   34   3   2   0       0.01868651  d_z2
   34   3   2   1       0.03407746  d_xz
   34   3   2   2       0.01707700  d_x2-y2
   35   1   0   0       1.35125691  s
   35   2   1  -1       0.82460901  p_y
   35   2   1   0       0.83053154  p_z
   35   2   1   1       0.82891672  p_x
   35   3   2  -2       0.03817304  d_xy
   35   3   2  -1       0.04210168  d_yz
   35   3   2   0       0.02098667  d_z2
   35   3   2   1       0.03737095  d_xz
   35   3   2   2       0.01949913  d_x2-y2
   36   1   0   0       1.33981651  s
   36   2   1  -1       0.82417522  p_y
   36   2   1   0       0.82886156  p_z
   36   2   1   1       0.81926116  p_x
   36   3   2  -2       0.04857261  d_xy
   36   3   2  -1       0.03912464  d_yz
   36   3   2   0       0.02128583  d_z2
   36   3   2   1       0.03729597  d_xz
   36   3   2   2       0.02330488  d_x2-y2
   37   1   0   0       1.35594216  s
   37   2   1  -1       0.83038400  p_y
   37   2   1   0       0.82951904  p_z
   37   2   1   1       0.83296397  p_x
   37   3   2  -2       0.03775264  d_xy
   37   3   2  -1       0.04041393  d_yz
   37   3   2   0       0.01935683  d_z2
   37   3   2   1       0.03710356  d_xz
   37   3   2   2       0.01843216  d_x2-y2
   38   1   0   0       1.35562152  s
   38   2   1  -1       0.82769345  p_y
   38   2   1   0       0.82797746  p_z
   38   2   1   1       0.82679054  p_x
   38   3   2  -2       0.04493071  d_xy
   38   3   2  -1       0.03648067  d_yz
   38   3   2   0       0.02113578  d_z2
   38   3   2   1       0.04416290  d_xz
   38   3   2   2       0.02194142  d_x2-y2
   39   1   0   0       1.35788697  s
   39   2   1  -1       0.81723053  p_y
   39   2   1   0       0.83110660  p_z
   39   2   1   1       0.82048150  p_x
   39   3   2  -2       0.04265531  d_xy
   39   3   2  -1       0.03810036  d_yz
   39   3   2   0       0.02090141  d_z2
   39   3   2   1       0.04070629  d_xz
   39   3   2   2       0.01983445  d_x2-y2
   40   1   0   0       1.37999230  s
   40   2   1  -1       0.83108527  p_y
   40   2   1   0       0.82564507  p_z
   40   2   1   1       0.83217285  p_x
   40   3   2  -2       0.03606187  d_xy
   40   3   2  -1       0.04317196  d_yz
   40   3   2   0       0.01782805  d_z2
   40   3   2   1       0.03518550  d_xz
   40   3   2   2       0.01801342  d_x2-y2
   41   1   0   0       1.38133500  s
   41   2   1  -1       0.82053718  p_y
   41   2   1   0       0.82945750  p_z
   41   2   1   1       0.82991327  p_x
   41   3   2  -2       0.04153472  d_xy
   41   3   2  -1       0.04112949  d_yz
   41   3   2   0       0.01768673  d_z2
   41   3   2   1       0.03464189  d_xz
   41   3   2   2       0.01902064  d_x2-y2
   42   1   0   0       1.38495246  s
   42   2   1  -1       0.83090503  p_y
   42   2   1   0       0.82620232  p_z
   42   2   1   1       0.82822618  p_x
   42   3   2  -2       0.03085483  d_xy
   42   3   2  -1       0.03958401  d_yz
   42   3   2   0       0.01680700  d_z2
   42   3   2   1       0.04074688  d_xz
   42   3   2   2       0.01740606  d_x2-y2
   43   1   0   0       1.36101011  s
   43   2   1  -1       0.82767852  p_y
   43   2   1   0       0.82909737  p_z
   43   2   1   1       0.82516116  p_x
   43   3   2  -2       0.04305507  d_xy
   43   3   2  -1       0.03443514  d_yz
   43   3   2   0       0.02014983  d_z2
   43   3   2   1       0.04195532  d_xz
   43   3   2   2       0.01982923  d_x2-y2
   44   1   0   0       1.34856700  s
   44   2   1  -1       0.83009245  p_y
   44   2   1   0       0.82781552  p_z
   44   2   1   1       0.82725284  p_x
   44   3   2  -2       0.03793711  d_xy
   44   3   2  -1       0.03644632  d_yz
   44   3   2   0       0.01984877  d_z2
   44   3   2   1       0.04584788  d_xz
   44   3   2   2       0.02049290  d_x2-y2
   45   1   0   0       1.35362309  s
   45   2   1  -1       0.82799497  p_y
   45   2   1   0       0.82986613  p_z
   45   2   1   1       0.82418727  p_x
   45   3   2  -2       0.04069390  d_xy
   45   3   2  -1       0.03919723  d_yz
   45   3   2   0       0.01866960  d_z2
   45   3   2   1       0.04184709  d_xz
   45   3   2   2       0.02138514  d_x2-y2
   46   1   0   0       1.35337043  s
   46   2   1  -1       0.82258337  p_y
   46   2   1   0       0.83193350  p_z
   46   2   1   1       0.83250365  p_x
   46   3   2  -2       0.04049217  d_xy
   46   3   2  -1       0.04202468  d_yz
   46   3   2   0       0.02012679  d_z2
   46   3   2   1       0.03633908  d_xz
   46   3   2   2       0.02048704  d_x2-y2
   47   1   0   0       1.34443143  s
   47   2   1  -1       0.82315084  p_y
   47   2   1   0       0.82352557  p_z
   47   2   1   1       0.82698056  p_x
   47   3   2  -2       0.04155434  d_xy
   47   3   2  -1       0.04246281  d_yz
   47   3   2   0       0.02160878  d_z2
   47   3   2   1       0.03980351  d_xz
   47   3   2   2       0.02110082  d_x2-y2
   48   1   0   0       1.38939315  s
   48   2   1  -1       0.83521215  p_y
   48   2   1   0       0.83584902  p_z
   48   2   1   1       0.83122767  p_x
   48   3   2  -2       0.03268381  d_xy
   48   3   2  -1       0.03327015  d_yz
   48   3   2   0       0.01512239  d_z2
   48   3   2   1       0.03805673  d_xz
   48   3   2   2       0.01618506  d_x2-y2
   49   1   0   0       1.33471430  s
   49   2   1  -1       0.82557583  p_y
   49   2   1   0       0.82982444  p_z
   49   2   1   1       0.82296197  p_x
   49   3   2  -2       0.04561186  d_xy
   49   3   2  -1       0.03753225  d_yz
   49   3   2   0       0.02100913  d_z2
   49   3   2   1       0.03992362  d_xz
   49   3   2   2       0.02195512  d_x2-y2
   50   1   0   0       1.36512074  s
   50   2   1  -1       0.82442237  p_y
   50   2   1   0       0.82331901  p_z
   50   2   1   1       0.83086163  p_x
   50   3   2  -2       0.03803148  d_xy
   50   3   2  -1       0.04079674  d_yz
   50   3   2   0       0.02063603  d_z2
   50   3   2   1       0.03906759  d_xz
   50   3   2   2       0.01915484  d_x2-y2
   51   1   0   0       1.34192042  s
   51   2   1  -1       0.83271502  p_y
   51   2   1   0       0.82286706  p_z
   51   2   1   1       0.82263316  p_x
   51   3   2  -2       0.03667358  d_xy
   51   3   2  -1       0.04321774  d_yz
   51   3   2   0       0.02021877  d_z2
   51   3   2   1       0.04094449  d_xz
   51   3   2   2       0.02081233  d_x2-y2
   52   1   0   0       1.36522834  s
   52   2   1  -1       0.83061039  p_y
   52   2   1   0       0.82541695  p_z
   52   2   1   1       0.81965837  p_x
   52   3   2  -2       0.03740974  d_xy
   52   3   2  -1       0.03664045  d_yz
   52   3   2   0       0.01949563  d_z2
   52   3   2   1       0.04298620  d_xz
   52   3   2   2       0.02059796  d_x2-y2
   53   1   0   0       1.37703399  s
   53   2   1  -1       0.82979768  p_y
   53   2   1   0       0.82514342  p_z
   53   2   1   1       0.83046789  p_x
   53   3   2  -2       0.03632759  d_xy
   53   3   2  -1       0.04052318  d_yz
   53   3   2   0       0.01853415  d_z2
   53   3   2   1       0.03571485  d_xz
   53   3   2   2       0.01698928  d_x2-y2
   54   1   0   0       1.34307834  s
   54   2   1  -1       0.82993986  p_y
   54   2   1   0       0.82486746  p_z
   54   2   1   1       0.82633187  p_x
   54   3   2  -2       0.03989446  d_xy
   54   3   2  -1       0.04133197  d_yz
   54   3   2   0       0.02126347  d_z2
   54   3   2   1       0.04012483  d_xz
   54   3   2   2       0.01986653  d_x2-y2
   55   1   0   0       1.35431732  s
   55   2   1  -1       0.82618147  p_y
   55   2   1   0       0.82889896  p_z
   55   2   1   1       0.82533675  p_x
   55   3   2  -2       0.04461218  d_xy
   55   3   2  -1       0.03749211  d_yz
   55   3   2   0       0.02063309  d_z2
   55   3   2   1       0.04029474  d_xz
   55   3   2   2       0.02036217  d_x2-y2
   56   1   0   0       1.34730394  s
   56   2   1  -1       0.82826783  p_y
   56   2   1   0       0.82985798  p_z
   56   2   1   1       0.82679482  p_x
   56   3   2  -2       0.04053218  d_xy
   56   3   2  -1       0.03949545  d_yz
   56   3   2   0       0.01928993  d_z2
   56   3   2   1       0.03911904  d_xz
   56   3   2   2       0.02070484  d_x2-y2
   57   1   0   0       1.36199747  s
   57   2   1  -1       0.82426330  p_y
   57   2   1   0       0.82132203  p_z
   57   2   1   1       0.82502697  p_x
   57   3   2  -2       0.04070468  d_xy
   57   3   2  -1       0.03627197  d_yz
   57   3   2   0       0.01864802  d_z2
   57   3   2   1       0.04216413  d_xz
   57   3   2   2       0.02106804  d_x2-y2
   58   1   0   0       1.35022092  s
   58   2   1  -1       0.82534006  p_y
   58   2   1   0       0.82814190  p_z
   58   2   1   1       0.82330381  p_x
   58   3   2  -2       0.04070943  d_xy
   58   3   2  -1       0.04279218  d_yz
   58   3   2   0       0.02121528  d_z2
   58   3   2   1       0.03967727  d_xz
   58   3   2   2       0.02209565  d_x2-y2
   59   1   0   0       1.37918909  s
   59   2   1  -1       0.82781133  p_y
   59   2   1   0       0.82448945  p_z
   59   2   1   1       0.82990855  p_x
   59   3   2  -2       0.03470035  d_xy
   59   3   2  -1       0.04122770  d_yz
   59   3   2   0       0.01903811  d_z2
   59   3   2   1       0.03839780  d_xz
   59   3   2   2       0.01702323  d_x2-y2
   60   1   0   0       1.36601016  s
   60   2   1  -1       0.82732293  p_y
   60   2   1   0       0.83018851  p_z
   60   2   1   1       0.82889663  p_x
   60   3   2  -2       0.04102509  d_xy
   60   3   2  -1       0.03650936  d_yz
   60   3   2   0       0.01886673  d_z2
   60   3   2   1       0.03660489  d_xz
   60   3   2   2       0.01732023  d_x2-y2
   61   1   0   0       1.34968235  s
   61   2   1  -1       0.82669104  p_y
   61   2   1   0       0.82841449  p_z
   61   2   1   1       0.83140577  p_x
   61   3   2  -2       0.03542872  d_xy
   61   3   2  -1       0.04447637  d_yz
   61   3   2   0       0.01961901  d_z2
   61   3   2   1       0.04139790  d_xz
   61   3   2   2       0.02153894  d_x2-y2
   62   1   0   0       1.39148238  s
   62   2   1  -1       0.82210728  p_y
   62   2   1   0       0.82967535  p_z
   62   2   1   1       0.82684833  p_x
   62   3   2  -2       0.03847346  d_xy
   62   3   2  -1       0.03734821  d_yz
   62   3   2   0       0.01828513  d_z2
   62   3   2   1       0.03681062  d_xz
   62   3   2   2       0.01788751  d_x2-y2
   63   1   0   0       1.35157297  s
   63   2   1  -1       0.82535241  p_y
   63   2   1   0       0.83146320  p_z
   63   2   1   1       0.82673359  p_x
   63   3   2  -2       0.04358146  d_xy
   63   3   2  -1       0.03734644  d_yz
   63   3   2   0       0.02008815  d_z2
   63   3   2   1       0.04111552  d_xz
   63   3   2   2       0.02066018  d_x2-y2
   64   1   0   0       1.33573513  s
   64   2   1  -1       0.82620275  p_y
   64   2   1   0       0.82281622  p_z
   64   2   1   1       0.82444002  p_x
   64   3   2  -2       0.04028281  d_xy
   64   3   2  -1       0.04314708  d_yz
   64   3   2   0       0.02219882  d_z2
   64   3   2   1       0.04333978  d_xz
   64   3   2   2       0.02409698  d_x2-y2

Fermi level:                        -0.1331664451 H           -3.6236 eV
Band energy:                       -88.1428673806 H        -2398.4895 eV
TS:                                  0.0000000000 H            0.0000 eV
Band free energy (E-TS):           -88.1428673806 H        -2398.4895 eV
Extrapolated E(0K):                -88.1428673806 H        -2398.4895 eV
Input / Output electrons (q):    256.0000000000    256.0000000000

Energy H0:                         -88.1307724087 H        -2398.1603 eV
Energy SCC:                          0.0004871265 H            0.0133 eV
Total Electronic energy:           -88.1302852822 H        -2398.1471 eV
Repulsive energy:                    0.0000000000 H            0.0000 eV
Total energy:                      -88.1302852822 H        -2398.1471 eV
Extrapolated to 0:                 -88.1302852822 H        -2398.1471 eV
Total Mermin free energy:          -88.1302852822 H        -2398.1471 eV
Force related energy:              -88.1302852822 H        -2398.1471 eV

Non-constrained calculation

SCC converged

Warning: dipole moment is not defined absolutely!
Dipole moment:   -0.07994974    0.13424312   -0.73389225 au
Dipole moment:   -0.20321198    0.34121199   -1.86536817 Debye


