 Fermi distribution function

Calculation with static geometry


********************************************************************************
 iSCC Total electronic   Diff electronic      SCC error    
    9   -0.88107323E+02   -0.10106049E-08    0.66996974E-05
********************************************************************************

 Total charge:    -0.00000000

 Atomic gross charges (e)
 Atom           Charge
    1      -0.00794900
    2       0.00536249
    3      -0.01544996
    4       0.00124703
    5       0.00450594
    6       0.00378227
    7      -0.00952589
    8      -0.01237104
    9       0.00646020
   10      -0.01449946
   11      -0.02332579
   12       0.00851142
   13      -0.01138004
   14      -0.00029841
   15      -0.01148201
   16       0.00877504
   17       0.00526174
   18      -0.00650094
   19       0.01499722
   20      -0.00142229
   21       0.00289137
   22      -0.01352866
   23       0.00104914
   24      -0.00641993
   25       0.02815364
   26       0.01446205
   27       0.02465456
   28       0.00148014
   29       0.01408869
   30       0.00995172
   31       0.00693616
   32      -0.01001603
   33      -0.03505792
   34      -0.00064432
   35      -0.02843889
   36       0.00874073
   37      -0.00205538
   38       0.02643565
   39      -0.01371424
   40       0.00648446
   41       0.00830503
   42      -0.01501282
   43      -0.01845645
   44      -0.01323847
   45       0.00004785
   46      -0.00799943
   47       0.00032121
   48      -0.01079782
   49       0.00937524
   50       0.01918562
   51       0.00187547
   52      -0.01158117
   53      -0.00216958
   54      -0.00243996
   55       0.01283505
   56      -0.01472607
   57       0.02107089
   58      -0.00966441
   59       0.01884044
   60       0.00465380
   61       0.00938749
   62       0.00483805
   63       0.01755885
   64      -0.00236023

Nr. of electrons (up):    256.00000000
Atom populations (up)
 Atom       Population
    1       4.00794900
    2       3.99463751
    3       4.01544996
    4       3.99875297
    5       3.99549406
    6       3.99621773
    7       4.00952589
    8       4.01237104
    9       3.99353980
   10       4.01449946
   11       4.02332579
   12       3.99148858
   13       4.01138004
   14       4.00029841
   15       4.01148201
   16       3.99122496
   17       3.99473826
   18       4.00650094
   19       3.98500278
   20       4.00142229
   21       3.99710863
   22       4.01352866
   23       3.99895086
   24       4.00641993
   25       3.97184636
   26       3.98553795
   27       3.97534544
   28       3.99851986
   29       3.98591131
   30       3.99004828
   31       3.99306384
   32       4.01001603
   33       4.03505792
   34       4.00064432
   35       4.02843889
   36       3.99125927
   37       4.00205538
   38       3.97356435
   39       4.01371424
   40       3.99351554
   41       3.99169497
   42       4.01501282
   43       4.01845645
   44       4.01323847
   45       3.99995215
   46       4.00799943
   47       3.99967879
   48       4.01079782
   49       3.99062476
   50       3.98081438
   51       3.99812453
   52       4.01158117
   53       4.00216958
   54       4.00243996
   55       3.98716495
   56       4.01472607
   57       3.97892911
   58       4.00966441
   59       3.98115956
   60       3.99534620
   61       3.99061251
   62       3.99516195
   63       3.98244115
   64       4.00236023

l-shell populations (up)
 Atom Sh.   l       Population
    1   1   0       1.36160463
    1   2   1       2.48723942
    1   3   2       0.15910494
    2   1   0       1.34559315
    2   2   1       2.49205169
    2   3   2       0.15699266
    3   1   0       1.36940338
    3   2   1       2.48799734
    3   3   2       0.15804925
    4   1   0       1.35096220
    4   2   1       2.48151968
    4   3   2       0.16627109
    5   1   0       1.34040759
    5   2   1       2.49624496
    5   3   2       0.15884151
    6   1   0       1.36380440
    6   2   1       2.47739200
    6   3   2       0.15502133
    7   1   0       1.37727445
    7   2   1       2.47978870
    7   3   2       0.15246274
    8   1   0       1.37734183
    8   2   1       2.48416283
    8   3   2       0.15086638
    9   1   0       1.35289059
    9   2   1       2.48618603
    9   3   2       0.15446318
   10   1   0       1.38657510
   10   2   1       2.47079529
   10   3   2       0.15712906
   11   1   0       1.39467766
   11   2   1       2.48890134
   11   3   2       0.13974679
   12   1   0       1.34401845
   12   2   1       2.47646091
   12   3   2       0.17100922
   13   1   0       1.37856834
   13   2   1       2.48276952
   13   3   2       0.15004218
   14   1   0       1.35244192
   14   2   1       2.48805065
   14   3   2       0.15980585
   15   1   0       1.36652798
   15   2   1       2.48820922
   15   3   2       0.15674481
   16   1   0       1.34183402
   16   2   1       2.48644301
   16   3   2       0.16294792
   17   1   0       1.36729284
   17   2   1       2.47520547
   17   3   2       0.15223995
   18   1   0       1.37373119
   18   2   1       2.48363809
   18   3   2       0.14913166
   19   1   0       1.34603395
   19   2   1       2.46982090
   19   3   2       0.16914793
   20   1   0       1.36574412
   20   2   1       2.46876696
   20   3   2       0.16691121
   21   1   0       1.36270830
   21   2   1       2.48299865
   21   3   2       0.15140168
   22   1   0       1.37980591
   22   2   1       2.47804168
   22   3   2       0.15568107
   23   1   0       1.37354485
   23   2   1       2.47566348
   23   3   2       0.14974253
   24   1   0       1.37309715
   24   2   1       2.47089308
   24   3   2       0.16242971
   25   1   0       1.33789679
   25   2   1       2.45996833
   25   3   2       0.17398123
   26   1   0       1.34767189
   26   2   1       2.47634417
   26   3   2       0.16152189
   27   1   0       1.33202566
   27   2   1       2.47151406
   27   3   2       0.17180572
   28   1   0       1.34962233
   28   2   1       2.49590500
   28   3   2       0.15299254
   29   1   0       1.34212448
   29   2   1       2.47750200
   29   3   2       0.16628483
   30   1   0       1.33541650
   30   2   1       2.49404423
   30   3   2       0.16058755
   31   1   0       1.35526158
   31   2   1       2.48452808
   31   3   2       0.15327418
   32   1   0       1.38921450
   32   2   1       2.48835366
   32   3   2       0.13244786
   33   1   0       1.40405263
   33   2   1       2.49947839
   33   3   2       0.13152690
   34   1   0       1.35191244
   34   2   1       2.49323102
   34   3   2       0.15550087
   35   1   0       1.39773261
   35   2   1       2.49425767
   35   3   2       0.13644861
   36   1   0       1.34147205
   36   2   1       2.48709846
   36   3   2       0.16268876
   37   1   0       1.35504069
   37   2   1       2.48813905
   37   3   2       0.15887564
   38   1   0       1.30985198
   38   2   1       2.47307657
   38   3   2       0.19063580
   39   1   0       1.37939505
   39   2   1       2.48636140
   39   3   2       0.14795778
   40   1   0       1.35293485
   40   2   1       2.47799276
   40   3   2       0.16258793
   41   1   0       1.33700975
   41   2   1       2.49164614
   41   3   2       0.16303908
   42   1   0       1.39053187
   42   2   1       2.47951037
   42   3   2       0.14497058
   43   1   0       1.37848391
   43   2   1       2.48121524
   43   3   2       0.15875730
   44   1   0       1.37684150
   44   2   1       2.48212638
   44   3   2       0.15427059
   45   1   0       1.34856132
   45   2   1       2.48633067
   45   3   2       0.16506016
   46   1   0       1.38028288
   46   2   1       2.47125038
   46   3   2       0.15646617
   47   1   0       1.35750433
   47   2   1       2.47676569
   47   3   2       0.16540876
   48   1   0       1.38188689
   48   2   1       2.48316370
   48   3   2       0.14574723
   49   1   0       1.36196860
   49   2   1       2.47413886
   49   3   2       0.15451731
   50   1   0       1.32569360
   50   2   1       2.48046626
   50   3   2       0.17465452
   51   1   0       1.36526601
   51   2   1       2.47843428
   51   3   2       0.15442424
   52   1   0       1.37854672
   52   2   1       2.48392395
   52   3   2       0.14911050
   53   1   0       1.37547117
   53   2   1       2.47818163
   53   3   2       0.14851677
   54   1   0       1.36575376
   54   2   1       2.47511670
   54   3   2       0.16156950
   55   1   0       1.36018712
   55   2   1       2.46161802
   55   3   2       0.16535981
   56   1   0       1.39057078
   56   2   1       2.47490948
   56   3   2       0.14924581
   57   1   0       1.32261924
   57   2   1       2.48275267
   57   3   2       0.17355720
   58   1   0       1.38481901
   58   2   1       2.47731879
   58   3   2       0.14752661
   59   1   0       1.33514839
   59   2   1       2.47355983
   59   3   2       0.17245134
   60   1   0       1.36666098
   60   2   1       2.47627608
   60   3   2       0.15240914
   61   1   0       1.34151185
   61   2   1       2.47628166
   61   3   2       0.17281901
   62   1   0       1.35333599
   62   2   1       2.48905521
   62   3   2       0.15277075
   63   1   0       1.33285966
   63   2   1       2.48347322
   63   3   2       0.16610827
   64   1   0       1.34140974
   64   2   1       2.49326079
   64   3   2       0.16768969

Orbital populations (up)
 Atom Sh.   l   m       Population  Label
    1   1   0   0       1.36160463  s
    1   2   1  -1       0.83162716  p_y
    1   2   1   0       0.82659255  p_z
    1   2   1   1       0.82901972  p_x
    1   3   2  -2       0.03841511  d_xy
    1   3   2  -1       0.04191301  d_yz
    1   3   2   0       0.02029496  d_z2
    1   3   2   1       0.03949426  d_xz
    1   3   2   2       0.01898759  d_x2-y2
    2   1   0   0       1.34559315  s
    2   2   1  -1       0.83123943  p_y
    2   2   1   0       0.83129485  p_z
    2   2   1   1       0.82951741  p_x
    2   3   2  -2       0.04192034  d_xy
    2   3   2  -1       0.03634964  d_yz
    2   3   2   0       0.01924711  d_z2
    2   3   2   1       0.03912889  d_xz
    2   3   2   2       0.02034668  d_x2-y2
    3   1   0   0       1.36940338  s
    3   2   1  -1       0.82500215  p_y
    3   2   1   0       0.83087625  p_z
    3   2   1   1       0.83211895  p_x
    3   3   2  -2       0.04129846  d_xy
    3   3   2  -1       0.03897447  d_yz
    3   3   2   0       0.01821666  d_z2
    3   3   2   1       0.03866509  d_xz
    3   3   2   2       0.02089458  d_x2-y2
    4   1   0   0       1.35096220  s
    4   2   1  -1       0.82366267  p_y
    4   2   1   0       0.83128323  p_z
    4   2   1   1       0.82657377  p_x
    4   3   2  -2       0.04054182  d_xy
    4   3   2  -1       0.04491414  d_yz
    4   3   2   0       0.02041619  d_z2
    4   3   2   1       0.03850499  d_xz
    4   3   2   2       0.02189396  d_x2-y2
    5   1   0   0       1.34040759  s
    5   2   1  -1       0.82751502  p_y
    5   2   1   0       0.83619164  p_z
    5   2   1   1       0.83253830  p_x
    5   3   2  -2       0.04302774  d_xy
    5   3   2  -1       0.04104624  d_yz
    5   3   2   0       0.01860805  d_z2
    5   3   2   1       0.03545178  d_xz
    5   3   2   2       0.02070770  d_x2-y2
    6   1   0   0       1.36380440  s
    6   2   1  -1       0.82862582  p_y
    6   2   1   0       0.82960303  p_z
    6   2   1   1       0.81916316  p_x
    6   3   2  -2       0.04079654  d_xy
    6   3   2  -1       0.03822698  d_yz
    6   3   2   0       0.01966914  d_z2
    6   3   2   1       0.03760259  d_xz
    6   3   2   2       0.01872607  d_x2-y2
    7   1   0   0       1.37727445  s
    7   2   1  -1       0.82576740  p_y
    7   2   1   0       0.83050146  p_z
    7   2   1   1       0.82351984  p_x
    7   3   2  -2       0.03903296  d_xy
    7   3   2  -1       0.03694268  d_yz
    7   3   2   0       0.01793763  d_z2
    7   3   2   1       0.03962806  d_xz
    7   3   2   2       0.01892142  d_x2-y2
    8   1   0   0       1.37734183  s
    8   2   1  -1       0.82929436  p_y
    8   2   1   0       0.82752940  p_z
    8   2   1   1       0.82733907  p_x
    8   3   2  -2       0.03748798  d_xy
    8   3   2  -1       0.03721597  d_yz
    8   3   2   0       0.01929395  d_z2
    8   3   2   1       0.03928149  d_xz
    8   3   2   2       0.01758699  d_x2-y2
    9   1   0   0       1.35289059  s
    9   2   1  -1       0.82471395  p_y
    9   2   1   0       0.83230666  p_z
    9   2   1   1       0.82916542  p_x
    9   3   2  -2       0.03818944  d_xy
    9   3   2  -1       0.03871275  d_yz
    9   3   2   0       0.01942573  d_z2
    9   3   2   1       0.03880002  d_xz
    9   3   2   2       0.01933523  d_x2-y2
   10   1   0   0       1.38657510  s
   10   2   1  -1       0.82182105  p_y
   10   2   1   0       0.82103721  p_z
   10   2   1   1       0.82793703  p_x
   10   3   2  -2       0.03834335  d_xy
   10   3   2  -1       0.04056804  d_yz
   10   3   2   0       0.02052170  d_z2
   10   3   2   1       0.03947851  d_xz
   10   3   2   2       0.01821746  d_x2-y2
   11   1   0   0       1.39467766  s
   11   2   1  -1       0.82845256  p_y
   11   2   1   0       0.83272739  p_z
   11   2   1   1       0.82772139  p_x
   11   3   2  -2       0.03526405  d_xy
   11   3   2  -1       0.03582737  d_yz
   11   3   2   0       0.01483575  d_z2
   11   3   2   1       0.03659206  d_xz
   11   3   2   2       0.01722756  d_x2-y2
   12   1   0   0       1.34401845  s
   12   2   1  -1       0.83209950  p_y
   12   2   1   0       0.82406028  p_z
   12   2   1   1       0.82030113  p_x
   12   3   2  -2       0.04399687  d_xy
   12   3   2  -1       0.03810326  d_yz
   12   3   2   0       0.02271584  d_z2
   12   3   2   1       0.04382143  d_xz
   12   3   2   2       0.02237183  d_x2-y2
   13   1   0   0       1.37856834  s
   13   2   1  -1       0.82802053  p_y
   13   2   1   0       0.82312996  p_z
   13   2   1   1       0.83161903  p_x
   13   3   2  -2       0.03595920  d_xy
   13   3   2  -1       0.03640045  d_yz
   13   3   2   0       0.01798906  d_z2
   13   3   2   1       0.04152232  d_xz
   13   3   2   2       0.01817115  d_x2-y2
   14   1   0   0       1.35244192  s
   14   2   1  -1       0.82792235  p_y
   14   2   1   0       0.83191051  p_z
   14   2   1   1       0.82821778  p_x
   14   3   2  -2       0.04037577  d_xy
   14   3   2  -1       0.03997843  d_yz
   14   3   2   0       0.01954854  d_z2
   14   3   2   1       0.03972095  d_xz
   14   3   2   2       0.02018216  d_x2-y2
   15   1   0   0       1.36652798  s
   15   2   1  -1       0.82673592  p_y
   15   2   1   0       0.82940913  p_z
   15   2   1   1       0.83206417  p_x
   15   3   2  -2       0.04028429  d_xy
   15   3   2  -1       0.04026851  d_yz
   15   3   2   0       0.01851851  d_z2
   15   3   2   1       0.03811398  d_xz
   15   3   2   2       0.01955951  d_x2-y2
   16   1   0   0       1.34183402  s
   16   2   1  -1       0.82769315  p_y
   16   2   1   0       0.82894377  p_z
   16   2   1   1       0.82980608  p_x
   16   3   2  -2       0.04101660  d_xy
   16   3   2  -1       0.04123967  d_yz
   16   3   2   0       0.02143323  d_z2
   16   3   2   1       0.03940693  d_xz
   16   3   2   2       0.01985149  d_x2-y2
   17   1   0   0       1.36729284  s
   17   2   1  -1       0.82580781  p_y
   17   2   1   0       0.82619451  p_z
   17   2   1   1       0.82320316  p_x
   17   3   2  -2       0.04040999  d_xy
   17   3   2  -1       0.03644849  d_yz
   17   3   2   0       0.01780204  d_z2
   17   3   2   1       0.03876645  d_xz
   17   3   2   2       0.01881299  d_x2-y2
   18   1   0   0       1.37373119  s
   18   2   1  -1       0.82563402  p_y
   18   2   1   0       0.82458946  p_z
   18   2   1   1       0.83341461  p_x
   18   3   2  -2       0.03364728  d_xy
   18   3   2  -1       0.03987179  d_yz
   18   3   2   0       0.01791259  d_z2
   18   3   2   1       0.03972658  d_xz
   18   3   2   2       0.01797343  d_x2-y2
   19   1   0   0       1.34603395  s
   19   2   1  -1       0.81994137  p_y
   19   2   1   0       0.82690065  p_z
   19   2   1   1       0.82297889  p_x
   19   3   2  -2       0.04577316  d_xy
   19   3   2  -1       0.04336744  d_yz
   19   3   2   0       0.02353451  d_z2
   19   3   2   1       0.03613954  d_xz
   19   3   2   2       0.02033328  d_x2-y2
   20   1   0   0       1.36574412  s
   20   2   1  -1       0.82436704  p_y
   20   2   1   0       0.82391105  p_z
   20   2   1   1       0.82048887  p_x
   20   3   2  -2       0.03986436  d_xy
   20   3   2  -1       0.03772712  d_yz
   20   3   2   0       0.02003139  d_z2
   20   3   2   1       0.04748888  d_xz
   20   3   2   2       0.02179946  d_x2-y2
   21   1   0   0       1.36270830  s
   21   2   1  -1       0.83192524  p_y
   21   2   1   0       0.82426686  p_z
   21   2   1   1       0.82680655  p_x
   21   3   2  -2       0.03780618  d_xy
   21   3   2  -1       0.03766527  d_yz
   21   3   2   0       0.01911945  d_z2
   21   3   2   1       0.03894361  d_xz
   21   3   2   2       0.01786716  d_x2-y2
   22   1   0   0       1.37980591  s
   22   2   1  -1       0.82331900  p_y
   22   2   1   0       0.83094006  p_z
   22   2   1   1       0.82378262  p_x
   22   3   2  -2       0.04478069  d_xy
   22   3   2  -1       0.03350920  d_yz
   22   3   2   0       0.01955615  d_z2
   22   3   2   1       0.03847012  d_xz
   22   3   2   2       0.01936492  d_x2-y2
   23   1   0   0       1.37354485  s
   23   2   1  -1       0.82453759  p_y
   23   2   1   0       0.82710487  p_z
   23   2   1   1       0.82402103  p_x
   23   3   2  -2       0.03746323  d_xy
   23   3   2  -1       0.03668424  d_yz
   23   3   2   0       0.01771777  d_z2
   23   3   2   1       0.03925911  d_xz
   23   3   2   2       0.01861817  d_x2-y2
   24   1   0   0       1.37309715  s
   24   2   1  -1       0.82138498  p_y
   24   2   1   0       0.82197718  p_z
   24   2   1   1       0.82753091  p_x
   24   3   2  -2       0.03979060  d_xy
   24   3   2  -1       0.04221655  d_yz
   24   3   2   0       0.01997696  d_z2
   24   3   2   1       0.03924075  d_xz
   24   3   2   2       0.02120486  d_x2-y2
   25   1   0   0       1.33789679  s
   25   2   1  -1       0.81811028  p_y
   25   2   1   0       0.82118632  p_z
   25   2   1   1       0.82067173  p_x
   25   3   2  -2       0.04212189  d_xy
   25   3   2  -1       0.04511437  d_yz
   25   3   2   0       0.02250569  d_z2
   25   3   2   1       0.04114621  d_xz
   25   3   2   2       0.02309308  d_x2-y2
   26   1   0   0       1.34767189  s
   26   2   1  -1       0.82260153  p_y
   26   2   1   0       0.82363761  p_z
   26   2   1   1       0.83010503  p_x
   26   3   2  -2       0.03888568  d_xy
   26   3   2  -1       0.04590930  d_yz
   26   3   2   0       0.02119297  d_z2
   26   3   2   1       0.03618714  d_xz
   26   3   2   2       0.01934680  d_x2-y2
   27   1   0   0       1.33202566  s
   27   2   1  -1       0.82355627  p_y
   27   2   1   0       0.81959703  p_z
   27   2   1   1       0.82836076  p_x
   27   3   2  -2       0.03765374  d_xy
   27   3   2  -1       0.04070772  d_yz
   27   3   2   0       0.02303806  d_z2
   27   3   2   1       0.04731325  d_xz
   27   3   2   2       0.02309296  d_x2-y2
   28   1   0   0       1.34962233  s
   28   2   1  -1       0.83215723  p_y
   28   2   1   0       0.83279433  p_z
   28   2   1   1       0.83095343  p_x
   28   3   2  -2       0.04473273  d_xy
   28   3   2  -1       0.03614550  d_yz
   28   3   2   0       0.01970470  d_z2
   28   3   2   1       0.03480075  d_xz
   28   3   2   2       0.01760886  d_x2-y2
   29   1   0   0       1.34212448  s
   29   2   1  -1       0.82658532  p_y
   29   2   1   0       0.82375148  p_z
   29   2   1   1       0.82716520  p_x
   29   3   2  -2       0.03927247  d_xy
   29   3   2  -1       0.04449458  d_yz
   29   3   2   0       0.02125010  d_z2
   29   3   2   1       0.04025783  d_xz
   29   3   2   2       0.02100984  d_x2-y2
   30   1   0   0       1.33541650  s
   30   2   1  -1       0.83240245  p_y
   30   2   1   0       0.83115872  p_z
   30   2   1   1       0.83048306  p_x
   30   3   2  -2       0.03763581  d_xy
   30   3   2  -1       0.04300463  d_yz
   30   3   2   0       0.02058767  d_z2
   30   3   2   1       0.03774516  d_xz
   30   3   2   2       0.02161427  d_x2-y2
   31   1   0   0       1.35526158  s
   31   2   1  -1       0.83158111  p_y
   31   2   1   0       0.82517499  p_z
   31   2   1   1       0.82777199  p_x
   31   3   2  -2       0.03888532  d_xy
   31   3   2  -1       0.03770103  d_yz
   31   3   2   0       0.01988752  d_z2
   31   3   2   1       0.03899736  d_xz
   31   3   2   2       0.01780295  d_x2-y2
   32   1   0   0       1.38921450  s
   32   2   1  -1       0.82740338  p_y
   32   2   1   0       0.82951477  p_z
   32   2   1   1       0.83143552  p_x
   32   3   2  -2       0.03120599  d_xy
   32   3   2  -1       0.03415941  d_yz
   32   3   2   0       0.01696491  d_z2
   32   3   2   1       0.03550578  d_xz
   32   3   2   2       0.01461177  d_x2-y2
   33   1   0   0       1.40405263  s
   33   2   1  -1       0.83092247  p_y
   33   2   1   0       0.83338499  p_z
   33   2   1   1       0.83517093  p_x
   33   3   2  -2       0.03220817  d_xy
   33   3   2  -1       0.03617970  d_yz
   33   3   2   0       0.01480677  d_z2
   33   3   2   1       0.03343956  d_xz
   33   3   2   2       0.01489270  d_x2-y2
   34   1   0   0       1.35191244  s
   34   2   1  -1       0.83322692  p_y
   34   2   1   0       0.83291391  p_z
   34   2   1   1       0.82709019  p_x
   34   3   2  -2       0.04349375  d_xy
   34   3   2  -1       0.03700272  d_yz
   34   3   2   0       0.01937675  d_z2
   34   3   2   1       0.03664576  d_xz
   34   3   2   2       0.01898189  d_x2-y2
   35   1   0   0       1.39773261  s
   35   2   1  -1       0.82796118  p_y
   35   2   1   0       0.82804925  p_z
   35   2   1   1       0.83824724  p_x
   35   3   2  -2       0.03401391  d_xy
   35   3   2  -1       0.03562373  d_yz
   35   3   2   0       0.01474693  d_z2
   35   3   2   1       0.03488692  d_xz
   35   3   2   2       0.01717712  d_x2-y2
   36   1   0   0       1.34147205  s
   36   2   1  -1       0.83187035  p_y
   36   2   1   0       0.82382398  p_z
   36   2   1   1       0.83140414  p_x
   36   3   2  -2       0.03768261  d_xy
   36   3   2  -1       0.04588512  d_yz
   36   3   2   0       0.02102045  d_z2
   36   3   2   1       0.03820661  d_xz
   36   3   2   2       0.01989396  d_x2-y2
   37   1   0   0       1.35504069  s
   37   2   1  -1       0.82721044  p_y
   37   2   1   0       0.83118504  p_z
   37   2   1   1       0.82974357  p_x
   37   3   2  -2       0.03915423  d_xy
   37   3   2  -1       0.04062286  d_yz
   37   3   2   0       0.01962547  d_z2
   37   3   2   1       0.03956631  d_xz
   37   3   2   2       0.01990677  d_x2-y2
   38   1   0   0       1.30985198  s
   38   2   1  -1       0.82798807  p_y
   38   2   1   0       0.82045536  p_z
   38   2   1   1       0.82463314  p_x
   38   3   2  -2       0.04123835  d_xy
   38   3   2  -1       0.05054008  d_yz
   38   3   2   0       0.02659871  d_z2
   38   3   2   1       0.04634952  d_xz
   38   3   2   2       0.02590913  d_x2-y2
   39   1   0   0       1.37939505  s
   39   2   1  -1       0.82441654  p_y
   39   2   1   0       0.82812374  p_z
   39   2   1   1       0.83382112  p_x
   39   3   2  -2       0.03874918  d_xy
   39   3   2  -1       0.03845684  d_yz
   39   3   2   0       0.01702316  d_z2
   39   3   2   1       0.03590382  d_xz
   39   3   2   2       0.01782478  d_x2-y2
   40   1   0   0       1.35293485  s
   40   2   1  -1       0.82875756  p_y
   40   2   1   0       0.82355851  p_z
   40   2   1   1       0.82567669  p_x
   40   3   2  -2       0.04160142  d_xy
   40   3   2  -1       0.03611063  d_yz
   40   3   2   0       0.02220311  d_z2
   40   3   2   1       0.04355143  d_xz
   40   3   2   2       0.01912135  d_x2-y2
   41   1   0   0       1.33700975  s
   41   2   1  -1       0.83325588  p_y
   41   2   1   0       0.83192886  p_z
   41   2   1   1       0.82646140  p_x
   41   3   2  -2       0.04013820  d_xy
   41   3   2  -1       0.03652075  d_yz
   41   3   2   0       0.02072005  d_z2
   41   3   2   1       0.04352107  d_xz
   41   3   2   2       0.02213902  d_x2-y2
   42   1   0   0       1.39053187  s
   42   2   1  -1       0.83038661  p_y
   42   2   1   0       0.82407023  p_z
   42   2   1   1       0.82505353  p_x
   42   3   2  -2       0.03811660  d_xy
   42   3   2  -1       0.03323478  d_yz
   42   3   2   0       0.01751667  d_z2
   42   3   2   1       0.03936963  d_xz
   42   3   2   2       0.01673290  d_x2-y2
   43   1   0   0       1.37848391  s
   43   2   1  -1       0.82924449  p_y
   43   2   1   0       0.82755748  p_z
   43   2   1   1       0.82441327  p_x
   43   3   2  -2       0.03939928  d_xy
   43   3   2  -1       0.03982071  d_yz
   43   3   2   0       0.01873247  d_z2
   43   3   2   1       0.04073838  d_xz
   43   3   2   2       0.02006645  d_x2-y2
   44   1   0   0       1.37684150  s
   44   2   1  -1       0.82579683  p_y
   44   2   1   0       0.82872068  p_z
   44   2   1   1       0.82760887  p_x
   44   3   2  -2       0.03630362  d_xy
   44   3   2  -1       0.03922378  d_yz
   44   3   2   0       0.01960515  d_z2
   44   3   2   1       0.04003862  d_xz
   44   3   2   2       0.01909941  d_x2-y2
   45   1   0   0       1.34856132  s
   45   2   1  -1       0.82955432  p_y
   45   2   1   0       0.82609436  p_z
   45   2   1   1       0.83068199  p_x
   45   3   2  -2       0.03864442  d_xy
   45   3   2  -1       0.04193770  d_yz
   45   3   2   0       0.02094165  d_z2
   45   3   2   1       0.04266436  d_xz
   45   3   2   2       0.02087204  d_x2-y2
   46   1   0   0       1.38028288  s
   46   2   1  -1       0.82931975  p_y
   46   2   1   0       0.81828255  p_z
   46   2   1   1       0.82364808  p_x
   46   3   2  -2       0.03521019  d_xy
   46   3   2  -1       0.04092863  d_yz
   46   3   2   0       0.01946929  d_z2
   46   3   2   1       0.04237715  d_xz
   46   3   2   2       0.01848091  d_x2-y2
   47   1   0   0       1.35750433  s
   47   2   1  -1       0.82945455  p_y
   47   2   1   0       0.82318223  p_z
   47   2   1   1       0.82412891  p_x
   47   3   2  -2       0.04144675  d_xy
   47   3   2  -1       0.03967555  d_yz
   47   3   2   0       0.02064060  d_z2
   47   3   2   1       0.04274118  d_xz
   47   3   2   2       0.02090467  d_x2-y2
   48   1   0   0       1.38188689  s
   48   2   1  -1       0.82923705  p_y
   48   2   1   0       0.82782563  p_z
   48   2   1   1       0.82610101  p_x
   48   3   2  -2       0.04071909  d_xy
   48   3   2  -1       0.03589276  d_yz
   48   3   2   0       0.01823773  d_z2
   48   3   2   1       0.03300127  d_xz
   48   3   2   2       0.01789637  d_x2-y2
   49   1   0   0       1.36196860  s
   49   2   1  -1       0.82484002  p_y
   49   2   1   0       0.82242020  p_z
   49   2   1   1       0.82687864  p_x
   49   3   2  -2       0.03602283  d_xy
   49   3   2  -1       0.03924955  d_yz
   49   3   2   0       0.01908965  d_z2
   49   3   2   1       0.04152770  d_xz
   49   3   2   2       0.01862758  d_x2-y2
   50   1   0   0       1.32569360  s
   50   2   1  -1       0.82589121  p_y
   50   2   1   0       0.82725487  p_z
   50   2   1   1       0.82732018  p_x
   50   3   2  -2       0.04390654  d_xy
   50   3   2  -1       0.04199148  d_yz
   50   3   2   0       0.02408408  d_z2
   50   3   2   1       0.04187103  d_xz
   50   3   2   2       0.02280139  d_x2-y2
   51   1   0   0       1.36526601  s
   51   2   1  -1       0.82706583  p_y
   51   2   1   0       0.82994918  p_z
   51   2   1   1       0.82141927  p_x
   51   3   2  -2       0.04108815  d_xy
   51   3   2  -1       0.03870192  d_yz
   51   3   2   0       0.01822031  d_z2
   51   3   2   1       0.03672874  d_xz
   51   3   2   2       0.01968512  d_x2-y2
   52   1   0   0       1.37854672  s
   52   2   1  -1       0.82748979  p_y
   52   2   1   0       0.82545092  p_z
   52   2   1   1       0.83098323  p_x
   52   3   2  -2       0.03734989  d_xy
   52   3   2  -1       0.03817341  d_yz
   52   3   2   0       0.01911569  d_z2
   52   3   2   1       0.03677908  d_xz
   52   3   2   2       0.01769243  d_x2-y2
   53   1   0   0       1.37547117  s
   53   2   1  -1       0.82452467  p_y
   53   2   1   0       0.82878336  p_z
   53   2   1   1       0.82487360  p_x
   53   3   2  -2       0.04471372  d_xy
   53   3   2  -1       0.03554640  d_yz
   53   3   2   0       0.01742912  d_z2
   53   3   2   1       0.03277888  d_xz
   53   3   2   2       0.01804865  d_x2-y2
   54   1   0   0       1.36575376  s
   54   2   1  -1       0.82362454  p_y
   54   2   1   0       0.82533598  p_z
   54   2   1   1       0.82615618  p_x
   54   3   2  -2       0.03912172  d_xy
   54   3   2  -1       0.03785655  d_yz
   54   3   2   0       0.01990770  d_z2
   54   3   2   1       0.04464472  d_xz
   54   3   2   2       0.02003881  d_x2-y2
   55   1   0   0       1.36018712  s
   55   2   1  -1       0.82473114  p_y
   55   2   1   0       0.81623779  p_z
   55   2   1   1       0.82064909  p_x
   55   3   2  -2       0.04297481  d_xy
   55   3   2  -1       0.03948841  d_yz
   55   3   2   0       0.02139235  d_z2
   55   3   2   1       0.04065951  d_xz
   55   3   2   2       0.02084472  d_x2-y2
   56   1   0   0       1.39057078  s
   56   2   1  -1       0.82406918  p_y
   56   2   1   0       0.82436624  p_z
   56   2   1   1       0.82647407  p_x
   56   3   2  -2       0.03611069  d_xy
   56   3   2  -1       0.03806967  d_yz
   56   3   2   0       0.01835051  d_z2
   56   3   2   1       0.03810648  d_xz
   56   3   2   2       0.01860846  d_x2-y2
   57   1   0   0       1.32261924  s
   57   2   1  -1       0.82379694  p_y
   57   2   1   0       0.82925772  p_z
   57   2   1   1       0.82969801  p_x
   57   3   2  -2       0.04389861  d_xy
   57   3   2  -1       0.04618287  d_yz
   57   3   2   0       0.02318104  d_z2
   57   3   2   1       0.03752572  d_xz
   57   3   2   2       0.02276897  d_x2-y2
   58   1   0   0       1.38481901  s
   58   2   1  -1       0.82238720  p_y
   58   2   1   0       0.83206002  p_z
   58   2   1   1       0.82287157  p_x
   58   3   2  -2       0.03687159  d_xy
   58   3   2  -1       0.03923720  d_yz
   58   3   2   0       0.01712306  d_z2
   58   3   2   1       0.03596234  d_xz
   58   3   2   2       0.01833242  d_x2-y2
   59   1   0   0       1.33514839  s
   59   2   1  -1       0.82613765  p_y
   59   2   1   0       0.82490867  p_z
   59   2   1   1       0.82251350  p_x
   59   3   2  -2       0.04407898  d_xy
   59   3   2  -1       0.03771499  d_yz
   59   3   2   0       0.02301931  d_z2
   59   3   2   1       0.04543673  d_xz
   59   3   2   2       0.02220133  d_x2-y2
   60   1   0   0       1.36666098  s
   60   2   1  -1       0.82270098  p_y
   60   2   1   0       0.82999198  p_z
   60   2   1   1       0.82358312  p_x
   60   3   2  -2       0.03840190  d_xy
   60   3   2  -1       0.03659686  d_yz
   60   3   2   0       0.01749611  d_z2
   60   3   2   1       0.04041600  d_xz
   60   3   2   2       0.01949826  d_x2-y2
   61   1   0   0       1.34151185  s
   61   2   1  -1       0.83018781  p_y
   61   2   1   0       0.82192834  p_z
   61   2   1   1       0.82416551  p_x
   61   3   2  -2       0.03922783  d_xy
   61   3   2  -1       0.04018735  d_yz
   61   3   2   0       0.02309367  d_z2
   61   3   2   1       0.04887394  d_xz
   61   3   2   2       0.02143622  d_x2-y2
   62   1   0   0       1.35333599  s
   62   2   1  -1       0.82616716  p_y
   62   2   1   0       0.82995635  p_z
   62   2   1   1       0.83293170  p_x
   62   3   2  -2       0.03883918  d_xy
   62   3   2  -1       0.04583780  d_yz
   62   3   2   0       0.01933965  d_z2
   62   3   2   1       0.03090851  d_xz
   62   3   2   2       0.01784561  d_x2-y2
   63   1   0   0       1.33285966  s
   63   2   1  -1       0.82760512  p_y
   63   2   1   0       0.82702318  p_z
   63   2   1   1       0.82884492  p_x
   63   3   2  -2       0.03559291  d_xy
   63   3   2  -1       0.04508495  d_yz
   63   3   2   0       0.02077082  d_z2
   63   3   2   1       0.04254319  d_xz
   63   3   2   2       0.02211640  d_x2-y2
   64   1   0   0       1.34140974  s
   64   2   1  -1       0.82558772  p_y
   64   2   1   0       0.83827696  p_z
   64   2   1   1       0.82939611  p_x
   64   3   2  -2       0.04642741  d_xy
   64   3   2  -1       0.03631988  d_yz
   64   3   2   0       0.02010474  d_z2
   64   3   2   1       0.04178187  d_xz
   64   3   2   2       0.02305580  d_x2-y2

Fermi level:                        -0.1331767872 H           -3.6239 eV
Band energy:                       -88.1300356043 H        -2398.1403 eV
TS:                                  0.0000000000 H            0.0000 eV
Band free energy (E-TS):           -88.1300356043 H        -2398.1403 eV
Extrapolated E(0K):                -88.1300356043 H        -2398.1403 eV
Input / Output electrons (q):    256.0000000001    256.0000000001

Energy H0:                         -88.1080179257 H        -2397.5412 eV
Energy SCC:                          0.0006948270 H            0.0189 eV
Total Electronic energy:           -88.1073230987 H        -2397.5222 eV
Repulsive energy:                    0.0000000000 H            0.0000 eV
Total energy:                      -88.1073230987 H        -2397.5222 eV
Extrapolated to 0:                 -88.1073230987 H        -2397.5222 eV
Total Mermin free energy:          -88.1073230987 H        -2397.5222 eV
Force related energy:              -88.1073230987 H        -2397.5222 eV

Non-constrained calculation

SCC converged

Warning: dipole moment is not defined absolutely!
Dipole moment:   -0.15255781    0.90194367    0.24318097 au
Dipole moment:   -0.38776330    2.29251231    0.61810442 Debye


