 Fermi distribution function

Calculation with static geometry


********************************************************************************
 iSCC Total electronic   Diff electronic      SCC error    
    9   -0.88164717E+02   -0.10717685E-08    0.92093477E-05
********************************************************************************

 Total charge:    -0.00000000

 Atomic gross charges (e)
 Atom           Charge
    1       0.00037109
    2       0.00417279
    3       0.01529802
    4      -0.00178009
    5      -0.00042369
    6       0.00372895
    7      -0.00030889
    8      -0.00479567
    9      -0.00557698
   10      -0.00544230
   11      -0.00061039
   12      -0.00545333
   13       0.01259317
   14       0.00394012
   15      -0.00194215
   16       0.02021100
   17       0.01077530
   18       0.01634689
   19      -0.00601124
   20      -0.01581510
   21      -0.00412517
   22      -0.00173993
   23       0.01356779
   24      -0.01727382
   25      -0.00317119
   26      -0.00921711
   27       0.01482703
   28       0.00503248
   29      -0.00517566
   30      -0.01752679
   31      -0.00222260
   32       0.00323068
   33       0.00903822
   34       0.01770295
   35       0.00547799
   36       0.00802909
   37       0.01735614
   38      -0.01342820
   39       0.01673973
   40      -0.01192700
   41      -0.01425404
   42       0.01648765
   43      -0.01003466
   44      -0.01165704
   45       0.00681922
   46       0.00119889
   47      -0.00502718
   48       0.01372448
   49       0.00002516
   50       0.00198828
   51       0.01772568
   52       0.00828190
   53       0.01308444
   54       0.00085554
   55      -0.03220130
   56      -0.00644774
   57      -0.01612765
   58      -0.00004627
   59       0.00246568
   60       0.00256369
   61      -0.00610984
   62      -0.01845685
   63      -0.01064976
   64      -0.01868043

Nr. of electrons (up):    256.00000000
Atom populations (up)
 Atom       Population
    1       3.99962891
    2       3.99582721
    3       3.98470198
    4       4.00178009
    5       4.00042369
    6       3.99627105
    7       4.00030889
    8       4.00479567
    9       4.00557698
   10       4.00544230
   11       4.00061039
   12       4.00545333
   13       3.98740683
   14       3.99605988
   15       4.00194215
   16       3.97978900
   17       3.98922470
   18       3.98365311
   19       4.00601124
   20       4.01581510
   21       4.00412517
   22       4.00173993
   23       3.98643221
   24       4.01727382
   25       4.00317119
   26       4.00921711
   27       3.98517297
   28       3.99496752
   29       4.00517566
   30       4.01752679
   31       4.00222260
   32       3.99676932
   33       3.99096178
   34       3.98229705
   35       3.99452201
   36       3.99197091
   37       3.98264386
   38       4.01342820
   39       3.98326027
   40       4.01192700
   41       4.01425404
   42       3.98351235
   43       4.01003466
   44       4.01165704
   45       3.99318078
   46       3.99880111
   47       4.00502718
   48       3.98627552
   49       3.99997484
   50       3.99801172
   51       3.98227432
   52       3.99171810
   53       3.98691556
   54       3.99914446
   55       4.03220130
   56       4.00644774
   57       4.01612765
   58       4.00004627
   59       3.99753432
   60       3.99743631
   61       4.00610984
   62       4.01845685
   63       4.01064976
   64       4.01868043

l-shell populations (up)
 Atom Sh.   l       Population
    1   1   0       1.35434518
    1   2   1       2.49466126
    1   3   2       0.15062247
    2   1   0       1.34313648
    2   2   1       2.49094455
    2   3   2       0.16174618
    3   1   0       1.34543889
    3   2   1       2.48437634
    3   3   2       0.15488674
    4   1   0       1.36179921
    4   2   1       2.48550448
    4   3   2       0.15447641
    5   1   0       1.35691511
    5   2   1       2.48927189
    5   3   2       0.15423668
    6   1   0       1.35689439
    6   2   1       2.48448312
    6   3   2       0.15489354
    7   1   0       1.35951764
    7   2   1       2.47498941
    7   3   2       0.16580184
    8   1   0       1.37832032
    8   2   1       2.47487746
    8   3   2       0.15159789
    9   1   0       1.37489065
    9   2   1       2.47972629
    9   3   2       0.15096003
   10   1   0       1.36518005
   10   2   1       2.48819146
   10   3   2       0.15207080
   11   1   0       1.37382353
   11   2   1       2.46569373
   11   3   2       0.16109313
   12   1   0       1.37463207
   12   2   1       2.48064989
   12   3   2       0.15017137
   13   1   0       1.33695418
   13   2   1       2.48159618
   13   3   2       0.16885647
   14   1   0       1.35725801
   14   2   1       2.48088684
   14   3   2       0.15791503
   15   1   0       1.36454837
   15   2   1       2.48950147
   15   3   2       0.14789230
   16   1   0       1.32649076
   16   2   1       2.47950811
   16   3   2       0.17379013
   17   1   0       1.34588269
   17   2   1       2.47850289
   17   3   2       0.16483911
   18   1   0       1.33881963
   18   2   1       2.47934731
   18   3   2       0.16548617
   19   1   0       1.37144649
   19   2   1       2.48559399
   19   3   2       0.14897076
   20   1   0       1.38170325
   20   2   1       2.49452809
   20   3   2       0.13958377
   21   1   0       1.36631859
   21   2   1       2.48433766
   21   3   2       0.15346892
   22   1   0       1.35463049
   22   2   1       2.48785961
   22   3   2       0.15924983
   23   1   0       1.33151119
   23   2   1       2.47243915
   23   3   2       0.18248188
   24   1   0       1.37984849
   24   2   1       2.49696771
   24   3   2       0.14045762
   25   1   0       1.36683187
   25   2   1       2.48335183
   25   3   2       0.15298750
   26   1   0       1.37651418
   26   2   1       2.48006667
   26   3   2       0.15263626
   27   1   0       1.33684915
   27   2   1       2.47780787
   27   3   2       0.17051594
   28   1   0       1.34647837
   28   2   1       2.48377539
   28   3   2       0.16471376
   29   1   0       1.35823457
   29   2   1       2.49101064
   29   3   2       0.15593045
   30   1   0       1.38085988
   30   2   1       2.48530986
   30   3   2       0.15135705
   31   1   0       1.36597403
   31   2   1       2.49041295
   31   3   2       0.14583562
   32   1   0       1.33589583
   32   2   1       2.48363434
   32   3   2       0.17723915
   33   1   0       1.34901278
   33   2   1       2.48355206
   33   3   2       0.15839694
   34   1   0       1.33447672
   34   2   1       2.47745743
   34   3   2       0.17036290
   35   1   0       1.33814422
   35   2   1       2.48728813
   35   3   2       0.16908966
   36   1   0       1.35449592
   36   2   1       2.48075434
   36   3   2       0.15672065
   37   1   0       1.33824169
   37   2   1       2.47134117
   37   3   2       0.17306100
   38   1   0       1.37904134
   38   2   1       2.49645271
   38   3   2       0.13793416
   39   1   0       1.33922854
   39   2   1       2.47366080
   39   3   2       0.17037093
   40   1   0       1.37514660
   40   2   1       2.48261855
   40   3   2       0.15416185
   41   1   0       1.37477356
   41   2   1       2.48441910
   41   3   2       0.15506138
   42   1   0       1.33801542
   42   2   1       2.46646675
   42   3   2       0.17903018
   43   1   0       1.37492756
   43   2   1       2.48409947
   43   3   2       0.15100763
   44   1   0       1.38111743
   44   2   1       2.47835171
   44   3   2       0.15218789
   45   1   0       1.35371883
   45   2   1       2.49112238
   45   3   2       0.14833956
   46   1   0       1.35699792
   46   2   1       2.48349021
   46   3   2       0.15831297
   47   1   0       1.37346679
   47   2   1       2.48054213
   47   3   2       0.15101827
   48   1   0       1.32836715
   48   2   1       2.48483460
   48   3   2       0.17307377
   49   1   0       1.35691225
   49   2   1       2.48662761
   49   3   2       0.15643497
   50   1   0       1.36187792
   50   2   1       2.48240942
   50   3   2       0.15372438
   51   1   0       1.31332818
   51   2   1       2.48646141
   51   3   2       0.18248473
   52   1   0       1.34965704
   52   2   1       2.47553114
   52   3   2       0.16652992
   53   1   0       1.33175786
   53   2   1       2.48148062
   53   3   2       0.17367707
   54   1   0       1.34968581
   54   2   1       2.48832521
   54   3   2       0.16113345
   55   1   0       1.40636292
   55   2   1       2.49688851
   55   3   2       0.12894988
   56   1   0       1.36537184
   56   2   1       2.48315816
   56   3   2       0.15791774
   57   1   0       1.38505229
   57   2   1       2.48622102
   57   3   2       0.14485434
   58   1   0       1.36227786
   58   2   1       2.47731619
   58   3   2       0.16045222
   59   1   0       1.36918087
   59   2   1       2.47806306
   59   3   2       0.15029039
   60   1   0       1.34837074
   60   2   1       2.48556330
   60   3   2       0.16350227
   61   1   0       1.36422844
   61   2   1       2.49415415
   61   3   2       0.14772725
   62   1   0       1.37824939
   62   2   1       2.48959589
   62   3   2       0.15061158
   63   1   0       1.36483810
   63   2   1       2.49062314
   63   3   2       0.15518852
   64   1   0       1.37844565
   64   2   1       2.50312460
   64   3   2       0.13711017

Orbital populations (up)
 Atom Sh.   l   m       Population  Label
    1   1   0   0       1.35434518  s
    1   2   1  -1       0.83371583  p_y
    1   2   1   0       0.83408320  p_z
    1   2   1   1       0.82686222  p_x
    1   3   2  -2       0.03946428  d_xy
    1   3   2  -1       0.03612467  d_yz
    1   3   2   0       0.01847231  d_z2
    1   3   2   1       0.03839976  d_xz
    1   3   2   2       0.01816144  d_x2-y2
    2   1   0   0       1.34313648  s
    2   2   1  -1       0.83631732  p_y
    2   2   1   0       0.82454475  p_z
    2   2   1   1       0.83008247  p_x
    2   3   2  -2       0.03664693  d_xy
    2   3   2  -1       0.04224881  d_yz
    2   3   2   0       0.02144428  d_z2
    2   3   2   1       0.04069007  d_xz
    2   3   2   2       0.02071609  d_x2-y2
    3   1   0   0       1.34543889  s
    3   2   1  -1       0.82352671  p_y
    3   2   1   0       0.83197902  p_z
    3   2   1   1       0.82887061  p_x
    3   3   2  -2       0.04077968  d_xy
    3   3   2  -1       0.04208570  d_yz
    3   3   2   0       0.01992085  d_z2
    3   3   2   1       0.03284007  d_xz
    3   3   2   2       0.01926044  d_x2-y2
    4   1   0   0       1.36179921  s
    4   2   1  -1       0.83390553  p_y
    4   2   1   0       0.81977802  p_z
    4   2   1   1       0.83182092  p_x
    4   3   2  -2       0.03472997  d_xy
    4   3   2  -1       0.03953658  d_yz
    4   3   2   0       0.02034668  d_z2
    4   3   2   1       0.04202001  d_xz
    4   3   2   2       0.01784318  d_x2-y2
    5   1   0   0       1.35691511  s
    5   2   1  -1       0.83145737  p_y
    5   2   1   0       0.82688357  p_z
    5   2   1   1       0.83093095  p_x
    5   3   2  -2       0.03983741  d_xy
    5   3   2  -1       0.03803770  d_yz
    5   3   2   0       0.02056985  d_z2
    5   3   2   1       0.03824076  d_xz
    5   3   2   2       0.01755097  d_x2-y2
    6   1   0   0       1.35689439  s
    6   2   1  -1       0.82813943  p_y
    6   2   1   0       0.82721455  p_z
    6   2   1   1       0.82912913  p_x
    6   3   2  -2       0.03677170  d_xy
    6   3   2  -1       0.03672796  d_yz
    6   3   2   0       0.01948464  d_z2
    6   3   2   1       0.04292241  d_xz
    6   3   2   2       0.01898683  d_x2-y2
    7   1   0   0       1.35951764  s
    7   2   1  -1       0.83028168  p_y
    7   2   1   0       0.82327860  p_z
    7   2   1   1       0.82142913  p_x
    7   3   2  -2       0.04239330  d_xy
    7   3   2  -1       0.03886979  d_yz
    7   3   2   0       0.02133364  d_z2
    7   3   2   1       0.04198663  d_xz
    7   3   2   2       0.02121849  d_x2-y2
    8   1   0   0       1.37832032  s
    8   2   1  -1       0.82384806  p_y
    8   2   1   0       0.82614177  p_z
    8   2   1   1       0.82488763  p_x
    8   3   2  -2       0.03870680  d_xy
    8   3   2  -1       0.04013628  d_yz
    8   3   2   0       0.01908205  d_z2
    8   3   2   1       0.03545555  d_xz
    8   3   2   2       0.01821721  d_x2-y2
    9   1   0   0       1.37489065  s
    9   2   1  -1       0.82582548  p_y
    9   2   1   0       0.82730322  p_z
    9   2   1   1       0.82659760  p_x
    9   3   2  -2       0.03890016  d_xy
    9   3   2  -1       0.03707265  d_yz
    9   3   2   0       0.01742765  d_z2
    9   3   2   1       0.03823373  d_xz
    9   3   2   2       0.01932584  d_x2-y2
   10   1   0   0       1.36518005  s
   10   2   1  -1       0.83073389  p_y
   10   2   1   0       0.83054416  p_z
   10   2   1   1       0.82691341  p_x
   10   3   2  -2       0.03565402  d_xy
   10   3   2  -1       0.03855301  d_yz
   10   3   2   0       0.01804490  d_z2
   10   3   2   1       0.03965545  d_xz
   10   3   2   2       0.02016342  d_x2-y2
   11   1   0   0       1.37382353  s
   11   2   1  -1       0.82353490  p_y
   11   2   1   0       0.82759927  p_z
   11   2   1   1       0.81455956  p_x
   11   3   2  -2       0.04074186  d_xy
   11   3   2  -1       0.03530737  d_yz
   11   3   2   0       0.02022108  d_z2
   11   3   2   1       0.04500205  d_xz
   11   3   2   2       0.01982077  d_x2-y2
   12   1   0   0       1.37463207  s
   12   2   1  -1       0.82442869  p_y
   12   2   1   0       0.82512017  p_z
   12   2   1   1       0.83110103  p_x
   12   3   2  -2       0.03945761  d_xy
   12   3   2  -1       0.03744461  d_yz
   12   3   2   0       0.01850331  d_z2
   12   3   2   1       0.03743978  d_xz
   12   3   2   2       0.01732607  d_x2-y2
   13   1   0   0       1.33695418  s
   13   2   1  -1       0.82851049  p_y
   13   2   1   0       0.82331666  p_z
   13   2   1   1       0.82976903  p_x
   13   3   2  -2       0.03616618  d_xy
   13   3   2  -1       0.04575802  d_yz
   13   3   2   0       0.02254976  d_z2
   13   3   2   1       0.04358508  d_xz
   13   3   2   2       0.02079743  d_x2-y2
   14   1   0   0       1.35725801  s
   14   2   1  -1       0.82434545  p_y
   14   2   1   0       0.82665374  p_z
   14   2   1   1       0.82988765  p_x
   14   3   2  -2       0.03799233  d_xy
   14   3   2  -1       0.04437308  d_yz
   14   3   2   0       0.01935121  d_z2
   14   3   2   1       0.03687770  d_xz
   14   3   2   2       0.01932071  d_x2-y2
   15   1   0   0       1.36454837  s
   15   2   1  -1       0.83207007  p_y
   15   2   1   0       0.82632949  p_z
   15   2   1   1       0.83110192  p_x
   15   3   2  -2       0.03624547  d_xy
   15   3   2  -1       0.03598961  d_yz
   15   3   2   0       0.01811105  d_z2
   15   3   2   1       0.04063706  d_xz
   15   3   2   2       0.01690911  d_x2-y2
   16   1   0   0       1.32649076  s
   16   2   1  -1       0.82837174  p_y
   16   2   1   0       0.82878256  p_z
   16   2   1   1       0.82235380  p_x
   16   3   2  -2       0.04555417  d_xy
   16   3   2  -1       0.03791347  d_yz
   16   3   2   0       0.02197661  d_z2
   16   3   2   1       0.04455398  d_xz
   16   3   2   2       0.02379191  d_x2-y2
   17   1   0   0       1.34588269  s
   17   2   1  -1       0.82806834  p_y
   17   2   1   0       0.82606032  p_z
   17   2   1   1       0.82437424  p_x
   17   3   2  -2       0.04149010  d_xy
   17   3   2  -1       0.03747246  d_yz
   17   3   2   0       0.02062055  d_z2
   17   3   2   1       0.04409991  d_xz
   17   3   2   2       0.02115609  d_x2-y2
   18   1   0   0       1.33881963  s
   18   2   1  -1       0.82504395  p_y
   18   2   1   0       0.82972592  p_z
   18   2   1   1       0.82457744  p_x
   18   3   2  -2       0.04026426  d_xy
   18   3   2  -1       0.04122516  d_yz
   18   3   2   0       0.02133182  d_z2
   18   3   2   1       0.04014177  d_xz
   18   3   2   2       0.02252316  d_x2-y2
   19   1   0   0       1.37144649  s
   19   2   1  -1       0.82736089  p_y
   19   2   1   0       0.83271355  p_z
   19   2   1   1       0.82551954  p_x
   19   3   2  -2       0.03841024  d_xy
   19   3   2  -1       0.03794079  d_yz
   19   3   2   0       0.01682163  d_z2
   19   3   2   1       0.03718750  d_xz
   19   3   2   2       0.01861060  d_x2-y2
   20   1   0   0       1.38170325  s
   20   2   1  -1       0.82974935  p_y
   20   2   1   0       0.83546310  p_z
   20   2   1   1       0.82931563  p_x
   20   3   2  -2       0.03608569  d_xy
   20   3   2  -1       0.03520638  d_yz
   20   3   2   0       0.01549667  d_z2
   20   3   2   1       0.03568394  d_xz
   20   3   2   2       0.01711108  d_x2-y2
   21   1   0   0       1.36631859  s
   21   2   1  -1       0.82752577  p_y
   21   2   1   0       0.83251416  p_z
   21   2   1   1       0.82429772  p_x
   21   3   2  -2       0.04415838  d_xy
   21   3   2  -1       0.03552826  d_yz
   21   3   2   0       0.01829737  d_z2
   21   3   2   1       0.03688924  d_xz
   21   3   2   2       0.01859567  d_x2-y2
   22   1   0   0       1.35463049  s
   22   2   1  -1       0.83119985  p_y
   22   2   1   0       0.82833535  p_z
   22   2   1   1       0.82832441  p_x
   22   3   2  -2       0.03934238  d_xy
   22   3   2  -1       0.04011632  d_yz
   22   3   2   0       0.02019463  d_z2
   22   3   2   1       0.04013384  d_xz
   22   3   2   2       0.01946266  d_x2-y2
   23   1   0   0       1.33151119  s
   23   2   1  -1       0.82357227  p_y
   23   2   1   0       0.82855313  p_z
   23   2   1   1       0.82031375  p_x
   23   3   2  -2       0.04589351  d_xy
   23   3   2  -1       0.04330947  d_yz
   23   3   2   0       0.02443980  d_z2
   23   3   2   1       0.04476362  d_xz
   23   3   2   2       0.02407548  d_x2-y2
   24   1   0   0       1.37984849  s
   24   2   1  -1       0.83412306  p_y
   24   2   1   0       0.83031986  p_z
   24   2   1   1       0.83252479  p_x
   24   3   2  -2       0.03451444  d_xy
   24   3   2  -1       0.03791521  d_yz
   24   3   2   0       0.01655116  d_z2
   24   3   2   1       0.03489045  d_xz
   24   3   2   2       0.01658637  d_x2-y2
   25   1   0   0       1.36683187  s
   25   2   1  -1       0.82657026  p_y
   25   2   1   0       0.82791157  p_z
   25   2   1   1       0.82887000  p_x
   25   3   2  -2       0.03912654  d_xy
   25   3   2  -1       0.04061367  d_yz
   25   3   2   0       0.01961047  d_z2
   25   3   2   1       0.03539155  d_xz
   25   3   2   2       0.01824528  d_x2-y2
   26   1   0   0       1.37651418  s
   26   2   1  -1       0.82050498  p_y
   26   2   1   0       0.82801285  p_z
   26   2   1   1       0.83154884  p_x
   26   3   2  -2       0.03954338  d_xy
   26   3   2  -1       0.04110868  d_yz
   26   3   2   0       0.01823852  d_z2
   26   3   2   1       0.03458180  d_xz
   26   3   2   2       0.01916388  d_x2-y2
   27   1   0   0       1.33684915  s
   27   2   1  -1       0.82648165  p_y
   27   2   1   0       0.82003238  p_z
   27   2   1   1       0.83129384  p_x
   27   3   2  -2       0.04123694  d_xy
   27   3   2  -1       0.04146114  d_yz
   27   3   2   0       0.02470820  d_z2
   27   3   2   1       0.04349126  d_xz
   27   3   2   2       0.01961840  d_x2-y2
   28   1   0   0       1.34647837  s
   28   2   1  -1       0.82733157  p_y
   28   2   1   0       0.82679614  p_z
   28   2   1   1       0.82964768  p_x
   28   3   2  -2       0.04371488  d_xy
   28   3   2  -1       0.03806150  d_yz
   28   3   2   0       0.02151292  d_z2
   28   3   2   1       0.04066232  d_xz
   28   3   2   2       0.02076213  d_x2-y2
   29   1   0   0       1.35823457  s
   29   2   1  -1       0.82551354  p_y
   29   2   1   0       0.83446886  p_z
   29   2   1   1       0.83102824  p_x
   29   3   2  -2       0.04164006  d_xy
   29   3   2  -1       0.03733389  d_yz
   29   3   2   0       0.01926968  d_z2
   29   3   2   1       0.03827225  d_xz
   29   3   2   2       0.01941458  d_x2-y2
   30   1   0   0       1.38085988  s
   30   2   1  -1       0.82789625  p_y
   30   2   1   0       0.82600945  p_z
   30   2   1   1       0.83140416  p_x
   30   3   2  -2       0.03670478  d_xy
   30   3   2  -1       0.04020173  d_yz
   30   3   2   0       0.01758569  d_z2
   30   3   2   1       0.03829716  d_xz
   30   3   2   2       0.01856769  d_x2-y2
   31   1   0   0       1.36597403  s
   31   2   1  -1       0.82958544  p_y
   31   2   1   0       0.83484779  p_z
   31   2   1   1       0.82597971  p_x
   31   3   2  -2       0.03704274  d_xy
   31   3   2  -1       0.03889205  d_yz
   31   3   2   0       0.01590763  d_z2
   31   3   2   1       0.03527047  d_xz
   31   3   2   2       0.01872273  d_x2-y2
   32   1   0   0       1.33589583  s
   32   2   1  -1       0.82768031  p_y
   32   2   1   0       0.82754855  p_z
   32   2   1   1       0.82840548  p_x
   32   3   2  -2       0.04193309  d_xy
   32   3   2  -1       0.04383322  d_yz
   32   3   2   0       0.02216591  d_z2
   32   3   2   1       0.04516326  d_xz
   32   3   2   2       0.02414366  d_x2-y2
   33   1   0   0       1.34901278  s
   33   2   1  -1       0.82748270  p_y
   33   2   1   0       0.83402082  p_z
   33   2   1   1       0.82204854  p_x
   33   3   2  -2       0.03794406  d_xy
   33   3   2  -1       0.03684716  d_yz
   33   3   2   0       0.01893025  d_z2
   33   3   2   1       0.04424757  d_xz
   33   3   2   2       0.02042791  d_x2-y2
   34   1   0   0       1.33447672  s
   34   2   1  -1       0.82201399  p_y
   34   2   1   0       0.82755837  p_z
   34   2   1   1       0.82788507  p_x
   34   3   2  -2       0.04095650  d_xy
   34   3   2  -1       0.04557992  d_yz
   34   3   2   0       0.02166844  d_z2
   34   3   2   1       0.03980936  d_xz
   34   3   2   2       0.02234869  d_x2-y2
   35   1   0   0       1.33814422  s
   35   2   1  -1       0.82419711  p_y
   35   2   1   0       0.83397164  p_z
   35   2   1   1       0.82911937  p_x
   35   3   2  -2       0.04407783  d_xy
   35   3   2  -1       0.04428190  d_yz
   35   3   2   0       0.02263357  d_z2
   35   3   2   1       0.03625495  d_xz
   35   3   2   2       0.02184141  d_x2-y2
   36   1   0   0       1.35449592  s
   36   2   1  -1       0.82348486  p_y
   36   2   1   0       0.83203067  p_z
   36   2   1   1       0.82523880  p_x
   36   3   2  -2       0.04115868  d_xy
   36   3   2  -1       0.03943030  d_yz
   36   3   2   0       0.01979553  d_z2
   36   3   2   1       0.03650435  d_xz
   36   3   2   2       0.01983180  d_x2-y2
   37   1   0   0       1.33824169  s
   37   2   1  -1       0.82190898  p_y
   37   2   1   0       0.82247619  p_z
   37   2   1   1       0.82695600  p_x
   37   3   2  -2       0.03958756  d_xy
   37   3   2  -1       0.04337430  d_yz
   37   3   2   0       0.02220107  d_z2
   37   3   2   1       0.04468720  d_xz
   37   3   2   2       0.02321087  d_x2-y2
   38   1   0   0       1.37904134  s
   38   2   1  -1       0.83109242  p_y
   38   2   1   0       0.83500075  p_z
   38   2   1   1       0.83035954  p_x
   38   3   2  -2       0.03761168  d_xy
   38   3   2  -1       0.03126483  d_yz
   38   3   2   0       0.01629566  d_z2
   38   3   2   1       0.03624392  d_xz
   38   3   2   2       0.01651806  d_x2-y2
   39   1   0   0       1.33922854  s
   39   2   1  -1       0.82835992  p_y
   39   2   1   0       0.82146734  p_z
   39   2   1   1       0.82383355  p_x
   39   3   2  -2       0.04101922  d_xy
   39   3   2  -1       0.04049676  d_yz
   39   3   2   0       0.02232788  d_z2
   39   3   2   1       0.04393410  d_xz
   39   3   2   2       0.02259295  d_x2-y2
   40   1   0   0       1.37514660  s
   40   2   1  -1       0.81796472  p_y
   40   2   1   0       0.83392162  p_z
   40   2   1   1       0.83073221  p_x
   40   3   2  -2       0.03990665  d_xy
   40   3   2  -1       0.04173617  d_yz
   40   3   2   0       0.01714984  d_z2
   40   3   2   1       0.03534831  d_xz
   40   3   2   2       0.02002089  d_x2-y2
   41   1   0   0       1.37477356  s
   41   2   1  -1       0.82637575  p_y
   41   2   1   0       0.82908472  p_z
   41   2   1   1       0.82895863  p_x
   41   3   2  -2       0.03926086  d_xy
   41   3   2  -1       0.04306343  d_yz
   41   3   2   0       0.01894188  d_z2
   41   3   2   1       0.03441092  d_xz
   41   3   2   2       0.01938429  d_x2-y2
   42   1   0   0       1.33801542  s
   42   2   1  -1       0.81964530  p_y
   42   2   1   0       0.82275952  p_z
   42   2   1   1       0.82406193  p_x
   42   3   2  -2       0.04251798  d_xy
   42   3   2  -1       0.04604144  d_yz
   42   3   2   0       0.02302524  d_z2
   42   3   2   1       0.04284118  d_xz
   42   3   2   2       0.02460433  d_x2-y2
   43   1   0   0       1.37492756  s
   43   2   1  -1       0.82295689  p_y
   43   2   1   0       0.82787357  p_z
   43   2   1   1       0.83326901  p_x
   43   3   2  -2       0.04242015  d_xy
   43   3   2  -1       0.03357167  d_yz
   43   3   2   0       0.01966988  d_z2
   43   3   2   1       0.03713397  d_xz
   43   3   2   2       0.01821195  d_x2-y2
   44   1   0   0       1.38111743  s
   44   2   1  -1       0.82895699  p_y
   44   2   1   0       0.82388658  p_z
   44   2   1   1       0.82550815  p_x
   44   3   2  -2       0.03827013  d_xy
   44   3   2  -1       0.03494882  d_yz
   44   3   2   0       0.01800998  d_z2
   44   3   2   1       0.04163140  d_xz
   44   3   2   2       0.01932756  d_x2-y2
   45   1   0   0       1.35371883  s
   45   2   1  -1       0.83378270  p_y
   45   2   1   0       0.82656523  p_z
   45   2   1   1       0.83077445  p_x
   45   3   2  -2       0.03792531  d_xy
   45   3   2  -1       0.03767577  d_yz
   45   3   2   0       0.01892110  d_z2
   45   3   2   1       0.03710601  d_xz
   45   3   2   2       0.01671137  d_x2-y2
   46   1   0   0       1.35699792  s
   46   2   1  -1       0.82693345  p_y
   46   2   1   0       0.83126675  p_z
   46   2   1   1       0.82529001  p_x
   46   3   2  -2       0.03987842  d_xy
   46   3   2  -1       0.04175172  d_yz
   46   3   2   0       0.01920401  d_z2
   46   3   2   1       0.03751631  d_xz
   46   3   2   2       0.01996251  d_x2-y2
   47   1   0   0       1.37346679  s
   47   2   1  -1       0.82355379  p_y
   47   2   1   0       0.82651316  p_z
   47   2   1   1       0.83047518  p_x
   47   3   2  -2       0.03724125  d_xy
   47   3   2  -1       0.04081013  d_yz
   47   3   2   0       0.01792178  d_z2
   47   3   2   1       0.03661743  d_xz
   47   3   2   2       0.01842767  d_x2-y2
   48   1   0   0       1.32836715  s
   48   2   1  -1       0.82906912  p_y
   48   2   1   0       0.83113176  p_z
   48   2   1   1       0.82463372  p_x
   48   3   2  -2       0.04573794  d_xy
   48   3   2  -1       0.03848535  d_yz
   48   3   2   0       0.02181312  d_z2
   48   3   2   1       0.04323228  d_xz
   48   3   2   2       0.02380507  d_x2-y2
   49   1   0   0       1.35691225  s
   49   2   1  -1       0.83445251  p_y
   49   2   1   0       0.82301258  p_z
   49   2   1   1       0.82916252  p_x
   49   3   2  -2       0.04221009  d_xy
   49   3   2  -1       0.03623684  d_yz
   49   3   2   0       0.02148419  d_z2
   49   3   2   1       0.03954006  d_xz
   49   3   2   2       0.01696379  d_x2-y2
   50   1   0   0       1.36187792  s
   50   2   1  -1       0.82726541  p_y
   50   2   1   0       0.82519007  p_z
   50   2   1   1       0.82995393  p_x
   50   3   2  -2       0.03638133  d_xy
   50   3   2  -1       0.04189596  d_yz
   50   3   2   0       0.01874028  d_z2
   50   3   2   1       0.03753369  d_xz
   50   3   2   2       0.01917312  d_x2-y2
   51   1   0   0       1.31332818  s
   51   2   1  -1       0.82919634  p_y
   51   2   1   0       0.82253771  p_z
   51   2   1   1       0.83472736  p_x
   51   3   2  -2       0.04043183  d_xy
   51   3   2  -1       0.05039965  d_yz
   51   3   2   0       0.02643008  d_z2
   51   3   2   1       0.04201241  d_xz
   51   3   2   2       0.02321076  d_x2-y2
   52   1   0   0       1.34965704  s
   52   2   1  -1       0.82290629  p_y
   52   2   1   0       0.82904577  p_z
   52   2   1   1       0.82357908  p_x
   52   3   2  -2       0.04037842  d_xy
   52   3   2  -1       0.03952743  d_yz
   52   3   2   0       0.02079001  d_z2
   52   3   2   1       0.04471121  d_xz
   52   3   2   2       0.02112285  d_x2-y2
   53   1   0   0       1.33175786  s
   53   2   1  -1       0.82625347  p_y
   53   2   1   0       0.82837836  p_z
   53   2   1   1       0.82684880  p_x
   53   3   2  -2       0.04127387  d_xy
   53   3   2  -1       0.04353111  d_yz
   53   3   2   0       0.02212057  d_z2
   53   3   2   1       0.04365398  d_xz
   53   3   2   2       0.02309753  d_x2-y2
   54   1   0   0       1.34968581  s
   54   2   1  -1       0.83571868  p_y
   54   2   1   0       0.82780923  p_z
   54   2   1   1       0.82479729  p_x
   54   3   2  -2       0.03758653  d_xy
   54   3   2  -1       0.03738336  d_yz
   54   3   2   0       0.01869436  d_z2
   54   3   2   1       0.04595418  d_xz
   54   3   2   2       0.02151502  d_x2-y2
   55   1   0   0       1.40636292  s
   55   2   1  -1       0.83040285  p_y
   55   2   1   0       0.83337148  p_z
   55   2   1   1       0.83311419  p_x
   55   3   2  -2       0.03706281  d_xy
   55   3   2  -1       0.03202011  d_yz
   55   3   2   0       0.01479725  d_z2
   55   3   2   1       0.03126813  d_xz
   55   3   2   2       0.01380157  d_x2-y2
   56   1   0   0       1.36537184  s
   56   2   1  -1       0.83052349  p_y
   56   2   1   0       0.82413888  p_z
   56   2   1   1       0.82849579  p_x
   56   3   2  -2       0.03637184  d_xy
   56   3   2  -1       0.04017793  d_yz
   56   3   2   0       0.02007407  d_z2
   56   3   2   1       0.04142631  d_xz
   56   3   2   2       0.01986760  d_x2-y2
   57   1   0   0       1.38505229  s
   57   2   1  -1       0.83114814  p_y
   57   2   1   0       0.82712755  p_z
   57   2   1   1       0.82794533  p_x
   57   3   2  -2       0.03624657  d_xy
   57   3   2  -1       0.03480205  d_yz
   57   3   2   0       0.01723535  d_z2
   57   3   2   1       0.03973770  d_xz
   57   3   2   2       0.01683268  d_x2-y2
   58   1   0   0       1.36227786  s
   58   2   1  -1       0.82617038  p_y
   58   2   1   0       0.82691344  p_z
   58   2   1   1       0.82423237  p_x
   58   3   2  -2       0.04101943  d_xy
   58   3   2  -1       0.03765852  d_yz
   58   3   2   0       0.02041306  d_z2
   58   3   2   1       0.04133523  d_xz
   58   3   2   2       0.02002599  d_x2-y2
   59   1   0   0       1.36918087  s
   59   2   1  -1       0.82892987  p_y
   59   2   1   0       0.81840026  p_z
   59   2   1   1       0.83073294  p_x
   59   3   2  -2       0.03110598  d_xy
   59   3   2  -1       0.04068638  d_yz
   59   3   2   0       0.01885413  d_z2
   59   3   2   1       0.04246227  d_xz
   59   3   2   2       0.01718163  d_x2-y2
   60   1   0   0       1.34837074  s
   60   2   1  -1       0.82518878  p_y
   60   2   1   0       0.83211308  p_z
   60   2   1   1       0.82826144  p_x
   60   3   2  -2       0.04448098  d_xy
   60   3   2  -1       0.04007664  d_yz
   60   3   2   0       0.01848308  d_z2
   60   3   2   1       0.03735704  d_xz
   60   3   2   2       0.02310454  d_x2-y2
   61   1   0   0       1.36422844  s
   61   2   1  -1       0.83072428  p_y
   61   2   1   0       0.83082932  p_z
   61   2   1   1       0.83260056  p_x
   61   3   2  -2       0.03565080  d_xy
   61   3   2  -1       0.04046443  d_yz
   61   3   2   0       0.01798414  d_z2
   61   3   2   1       0.03635651  d_xz
   61   3   2   2       0.01727138  d_x2-y2
   62   1   0   0       1.37824939  s
   62   2   1  -1       0.83391558  p_y
   62   2   1   0       0.82636288  p_z
   62   2   1   1       0.82931744  p_x
   62   3   2  -2       0.03507628  d_xy
   62   3   2  -1       0.04301538  d_yz
   62   3   2   0       0.01824255  d_z2
   62   3   2   1       0.03631552  d_xz
   62   3   2   2       0.01796184  d_x2-y2
   63   1   0   0       1.36483810  s
   63   2   1  -1       0.83322792  p_y
   63   2   1   0       0.83000226  p_z
   63   2   1   1       0.82739295  p_x
   63   3   2  -2       0.03931558  d_xy
   63   3   2  -1       0.03730057  d_yz
   63   3   2   0       0.01914767  d_z2
   63   3   2   1       0.03976021  d_xz
   63   3   2   2       0.01966450  d_x2-y2
   64   1   0   0       1.37844565  s
   64   2   1  -1       0.83598663  p_y
   64   2   1   0       0.83006264  p_z
   64   2   1   1       0.83707534  p_x
   64   3   2  -2       0.03693146  d_xy
   64   3   2  -1       0.03377806  d_yz
   64   3   2   0       0.01677286  d_z2
   64   3   2   1       0.03443900  d_xz
   64   3   2   2       0.01518879  d_x2-y2

Fermi level:                        -0.1332856844 H           -3.6269 eV
Band energy:                       -88.1794312095 H        -2399.4844 eV
TS:                                  0.0000000000 H            0.0000 eV
Band free energy (E-TS):           -88.1794312095 H        -2399.4844 eV
Extrapolated E(0K):                -88.1794312095 H        -2399.4844 eV
Input / Output electrons (q):    256.0000000000    256.0000000000

Energy H0:                         -88.1651544904 H        -2399.0959 eV
Energy SCC:                          0.0004374761 H            0.0119 eV
Total Electronic energy:           -88.1647170143 H        -2399.0840 eV
Repulsive energy:                    0.0000000000 H            0.0000 eV
Total energy:                      -88.1647170143 H        -2399.0840 eV
Extrapolated to 0:                 -88.1647170143 H        -2399.0840 eV
Total Mermin free energy:          -88.1647170143 H        -2399.0840 eV
Force related energy:              -88.1647170143 H        -2399.0840 eV

Non-constrained calculation

SCC converged

Warning: dipole moment is not defined absolutely!
Dipole moment:    0.45156429   -0.31081832   -0.35028788 au
Dipole moment:    1.14776204   -0.79002144   -0.89034306 Debye


