 Fermi distribution function

Calculation with static geometry


********************************************************************************
 iSCC Total electronic   Diff electronic      SCC error    
    9   -0.88148685E+02   -0.12501005E-08    0.76637099E-05
********************************************************************************

 Total charge:    -0.00000000

 Atomic gross charges (e)
 Atom           Charge
    1      -0.00857804
    2      -0.00482359
    3       0.00480626
    4      -0.00618840
    5       0.00563014
    6       0.01539650
    7      -0.01089571
    8      -0.00888121
    9      -0.02647683
   10      -0.01008970
   11      -0.01868932
   12      -0.00341342
   13      -0.00470078
   14      -0.00469500
   15      -0.00942623
   16       0.02243797
   17      -0.00239059
   18       0.00217025
   19       0.01148364
   20       0.01349044
   21       0.01016133
   22      -0.00686573
   23      -0.00061263
   24       0.00821602
   25       0.02434957
   26       0.00766174
   27       0.01139348
   28       0.00319210
   29       0.01281242
   30      -0.00704983
   31       0.01719748
   32      -0.02078341
   33      -0.01533969
   34       0.01005532
   35      -0.02204769
   36       0.02479555
   37      -0.00155613
   38       0.01448377
   39      -0.01712691
   40      -0.00812073
   41      -0.01307952
   42      -0.01777492
   43      -0.00313676
   44      -0.00386386
   45       0.00158231
   46       0.00677536
   47       0.00261811
   48      -0.00841624
   49       0.02023243
   50       0.01713661
   51       0.00797849
   52      -0.00354349
   53      -0.02083617
   54       0.00519426
   55       0.00824060
   56      -0.00806024
   57       0.01276692
   58      -0.00874653
   59       0.00723014
   60       0.01400492
   61       0.00646701
   62      -0.03016927
   63       0.01253856
   64      -0.00612118

Nr. of electrons (up):    256.00000000
Atom populations (up)
 Atom       Population
    1       4.00857804
    2       4.00482359
    3       3.99519374
    4       4.00618840
    5       3.99436986
    6       3.98460350
    7       4.01089571
    8       4.00888121
    9       4.02647683
   10       4.01008970
   11       4.01868932
   12       4.00341342
   13       4.00470078
   14       4.00469500
   15       4.00942623
   16       3.97756203
   17       4.00239059
   18       3.99782975
   19       3.98851636
   20       3.98650956
   21       3.98983867
   22       4.00686573
   23       4.00061263
   24       3.99178398
   25       3.97565043
   26       3.99233826
   27       3.98860652
   28       3.99680790
   29       3.98718758
   30       4.00704983
   31       3.98280252
   32       4.02078341
   33       4.01533969
   34       3.98994468
   35       4.02204769
   36       3.97520445
   37       4.00155613
   38       3.98551623
   39       4.01712691
   40       4.00812073
   41       4.01307952
   42       4.01777492
   43       4.00313676
   44       4.00386386
   45       3.99841769
   46       3.99322464
   47       3.99738189
   48       4.00841624
   49       3.97976757
   50       3.98286339
   51       3.99202151
   52       4.00354349
   53       4.02083617
   54       3.99480574
   55       3.99175940
   56       4.00806024
   57       3.98723308
   58       4.00874653
   59       3.99276986
   60       3.98599508
   61       3.99353299
   62       4.03016927
   63       3.98746144
   64       4.00612118

l-shell populations (up)
 Atom Sh.   l       Population
    1   1   0       1.35240931
    1   2   1       2.49903052
    1   3   2       0.15713821
    2   1   0       1.36083887
    2   2   1       2.50029262
    2   3   2       0.14369210
    3   1   0       1.35072677
    3   2   1       2.48251005
    3   3   2       0.16195692
    4   1   0       1.36235657
    4   2   1       2.49134194
    4   3   2       0.15248990
    5   1   0       1.36401126
    5   2   1       2.47171176
    5   3   2       0.15864685
    6   1   0       1.33892536
    6   2   1       2.47633228
    6   3   2       0.16934585
    7   1   0       1.37662583
    7   2   1       2.48225889
    7   3   2       0.15201098
    8   1   0       1.37775485
    8   2   1       2.47872587
    8   3   2       0.15240049
    9   1   0       1.39372006
    9   2   1       2.49167653
    9   3   2       0.14108023
   10   1   0       1.38008825
   10   2   1       2.47744792
   10   3   2       0.15255354
   11   1   0       1.38721918
   11   2   1       2.48887808
   11   3   2       0.14259206
   12   1   0       1.35767745
   12   2   1       2.48586621
   12   3   2       0.15986977
   13   1   0       1.35694869
   13   2   1       2.49304162
   13   3   2       0.15471046
   14   1   0       1.36186847
   14   2   1       2.48434453
   14   3   2       0.15848200
   15   1   0       1.35865450
   15   2   1       2.49327687
   15   3   2       0.15749485
   16   1   0       1.32305209
   16   2   1       2.48210556
   16   3   2       0.17240438
   17   1   0       1.37379255
   17   2   1       2.48408963
   17   3   2       0.14450841
   18   1   0       1.35997722
   18   2   1       2.48773138
   18   3   2       0.15012116
   19   1   0       1.34517695
   19   2   1       2.47493927
   19   3   2       0.16840013
   20   1   0       1.34260130
   20   2   1       2.46780796
   20   3   2       0.17610031
   21   1   0       1.34668916
   21   2   1       2.47870838
   21   3   2       0.16444113
   22   1   0       1.36227277
   22   2   1       2.48542012
   22   3   2       0.15917284
   23   1   0       1.37847623
   23   2   1       2.47444597
   23   3   2       0.14769043
   24   1   0       1.34095286
   24   2   1       2.48216124
   24   3   2       0.16866988
   25   1   0       1.33363623
   25   2   1       2.46774671
   25   3   2       0.17426749
   26   1   0       1.36714056
   26   2   1       2.46895723
   26   3   2       0.15624046
   27   1   0       1.35080380
   27   2   1       2.48145710
   27   3   2       0.15634562
   28   1   0       1.35775471
   28   2   1       2.49092252
   28   3   2       0.14813067
   29   1   0       1.35084818
   29   2   1       2.46931977
   29   3   2       0.16701963
   30   1   0       1.36940527
   30   2   1       2.48705968
   30   3   2       0.15058488
   31   1   0       1.31858162
   31   2   1       2.48710119
   31   3   2       0.17711972
   32   1   0       1.38518364
   32   2   1       2.49651196
   32   3   2       0.13908781
   33   1   0       1.37235185
   33   2   1       2.49592990
   33   3   2       0.14705794
   34   1   0       1.34738584
   34   2   1       2.47689172
   34   3   2       0.16566712
   35   1   0       1.37675901
   35   2   1       2.50246666
   35   3   2       0.14282202
   36   1   0       1.30798294
   36   2   1       2.48483339
   36   3   2       0.18238812
   37   1   0       1.36080350
   37   2   1       2.48614679
   37   3   2       0.15460584
   38   1   0       1.32280068
   38   2   1       2.48004434
   38   3   2       0.18267122
   39   1   0       1.38035709
   39   2   1       2.49042178
   39   3   2       0.14634804
   40   1   0       1.37336486
   40   2   1       2.47690994
   40   3   2       0.15784593
   41   1   0       1.36728243
   41   2   1       2.48649295
   41   3   2       0.15930414
   42   1   0       1.39239371
   42   2   1       2.48302593
   42   3   2       0.14235528
   43   1   0       1.36010826
   43   2   1       2.47396263
   43   3   2       0.16906586
   44   1   0       1.36651275
   44   2   1       2.47960630
   44   3   2       0.15774481
   45   1   0       1.35723372
   45   2   1       2.47764746
   45   3   2       0.16353652
   46   1   0       1.34942066
   46   2   1       2.48094035
   46   3   2       0.16286363
   47   1   0       1.35582532
   47   2   1       2.48082617
   47   3   2       0.16073040
   48   1   0       1.37708028
   48   2   1       2.49070924
   48   3   2       0.14062672
   49   1   0       1.33905875
   49   2   1       2.47436248
   49   3   2       0.16634634
   50   1   0       1.32200139
   50   2   1       2.47660735
   50   3   2       0.18425465
   51   1   0       1.35731409
   51   2   1       2.48720038
   51   3   2       0.14750704
   52   1   0       1.37638837
   52   2   1       2.47874328
   52   3   2       0.14841185
   53   1   0       1.38876143
   53   2   1       2.49305274
   53   3   2       0.13902200
   54   1   0       1.35051135
   54   2   1       2.48479832
   54   3   2       0.15949607
   55   1   0       1.35305700
   55   2   1       2.47403102
   55   3   2       0.16467138
   56   1   0       1.37139812
   56   2   1       2.48787420
   56   3   2       0.14878792
   57   1   0       1.33935427
   57   2   1       2.47988135
   57   3   2       0.16799746
   58   1   0       1.38619929
   58   2   1       2.47687594
   58   3   2       0.14567130
   59   1   0       1.35741190
   59   2   1       2.47085171
   59   3   2       0.16450625
   60   1   0       1.33399592
   60   2   1       2.48543387
   60   3   2       0.16656529
   61   1   0       1.34587483
   61   2   1       2.48224607
   61   3   2       0.16541208
   62   1   0       1.40756538
   62   2   1       2.48570698
   62   3   2       0.13689691
   63   1   0       1.33984911
   63   2   1       2.48675343
   63   3   2       0.16085889
   64   1   0       1.35637417
   64   2   1       2.50198525
   64   3   2       0.14776176

Orbital populations (up)
 Atom Sh.   l   m       Population  Label
    1   1   0   0       1.35240931  s
    1   2   1  -1       0.83460852  p_y
    1   2   1   0       0.83431758  p_z
    1   2   1   1       0.83010443  p_x
    1   3   2  -2       0.04076850  d_xy
    1   3   2  -1       0.03776007  d_yz
    1   3   2   0       0.02032954  d_z2
    1   3   2   1       0.03927138  d_xz
    1   3   2   2       0.01900873  d_x2-y2
    2   1   0   0       1.36083887  s
    2   2   1  -1       0.83771274  p_y
    2   2   1   0       0.82457706  p_z
    2   2   1   1       0.83800281  p_x
    2   3   2  -2       0.03442443  d_xy
    2   3   2  -1       0.03895708  d_yz
    2   3   2   0       0.01860426  d_z2
    2   3   2   1       0.03625484  d_xz
    2   3   2   2       0.01545150  d_x2-y2
    3   1   0   0       1.35072677  s
    3   2   1  -1       0.82427573  p_y
    3   2   1   0       0.82884978  p_z
    3   2   1   1       0.82938454  p_x
    3   3   2  -2       0.04157769  d_xy
    3   3   2  -1       0.04229871  d_yz
    3   3   2   0       0.02119090  d_z2
    3   3   2   1       0.03688851  d_xz
    3   3   2   2       0.02000111  d_x2-y2
    4   1   0   0       1.36235657  s
    4   2   1  -1       0.83540285  p_y
    4   2   1   0       0.82405773  p_z
    4   2   1   1       0.83188137  p_x
    4   3   2  -2       0.03502617  d_xy
    4   3   2  -1       0.04029989  d_yz
    4   3   2   0       0.01925139  d_z2
    4   3   2   1       0.04005523  d_xz
    4   3   2   2       0.01785722  d_x2-y2
    5   1   0   0       1.36401126  s
    5   2   1  -1       0.82577102  p_y
    5   2   1   0       0.82171206  p_z
    5   2   1   1       0.82422868  p_x
    5   3   2  -2       0.03907814  d_xy
    5   3   2  -1       0.03929739  d_yz
    5   3   2   0       0.01931497  d_z2
    5   3   2   1       0.04070029  d_xz
    5   3   2   2       0.02025606  d_x2-y2
    6   1   0   0       1.33892536  s
    6   2   1  -1       0.82765155  p_y
    6   2   1   0       0.82261111  p_z
    6   2   1   1       0.82606963  p_x
    6   3   2  -2       0.03991440  d_xy
    6   3   2  -1       0.04011426  d_yz
    6   3   2   0       0.02400801  d_z2
    6   3   2   1       0.04397208  d_xz
    6   3   2   2       0.02133710  d_x2-y2
    7   1   0   0       1.37662583  s
    7   2   1  -1       0.82956418  p_y
    7   2   1   0       0.82575091  p_z
    7   2   1   1       0.82694381  p_x
    7   3   2  -2       0.04054252  d_xy
    7   3   2  -1       0.03728029  d_yz
    7   3   2   0       0.01901592  d_z2
    7   3   2   1       0.03770205  d_xz
    7   3   2   2       0.01747020  d_x2-y2
    8   1   0   0       1.37775485  s
    8   2   1  -1       0.82605247  p_y
    8   2   1   0       0.82534664  p_z
    8   2   1   1       0.82732676  p_x
    8   3   2  -2       0.03819376  d_xy
    8   3   2  -1       0.03768313  d_yz
    8   3   2   0       0.01892359  d_z2
    8   3   2   1       0.03973761  d_xz
    8   3   2   2       0.01786240  d_x2-y2
    9   1   0   0       1.39372006  s
    9   2   1  -1       0.83027912  p_y
    9   2   1   0       0.83561419  p_z
    9   2   1   1       0.82578323  p_x
    9   3   2  -2       0.03630773  d_xy
    9   3   2  -1       0.03414279  d_yz
    9   3   2   0       0.01645469  d_z2
    9   3   2   1       0.03632320  d_xz
    9   3   2   2       0.01785182  d_x2-y2
   10   1   0   0       1.38008825  s
   10   2   1  -1       0.83098096  p_y
   10   2   1   0       0.82188800  p_z
   10   2   1   1       0.82457896  p_x
   10   3   2  -2       0.03520449  d_xy
   10   3   2  -1       0.03809980  d_yz
   10   3   2   0       0.01840857  d_z2
   10   3   2   1       0.04257371  d_xz
   10   3   2   2       0.01826697  d_x2-y2
   11   1   0   0       1.38721918  s
   11   2   1  -1       0.82842884  p_y
   11   2   1   0       0.83422838  p_z
   11   2   1   1       0.82622086  p_x
   11   3   2  -2       0.03885142  d_xy
   11   3   2  -1       0.03410424  d_yz
   11   3   2   0       0.01585528  d_z2
   11   3   2   1       0.03649440  d_xz
   11   3   2   2       0.01728672  d_x2-y2
   12   1   0   0       1.35767745  s
   12   2   1  -1       0.83309675  p_y
   12   2   1   0       0.82313614  p_z
   12   2   1   1       0.82963331  p_x
   12   3   2  -2       0.03697586  d_xy
   12   3   2  -1       0.04031652  d_yz
   12   3   2   0       0.01998547  d_z2
   12   3   2   1       0.04305888  d_xz
   12   3   2   2       0.01953303  d_x2-y2
   13   1   0   0       1.35694869  s
   13   2   1  -1       0.83475986  p_y
   13   2   1   0       0.82232376  p_z
   13   2   1   1       0.83595801  p_x
   13   3   2  -2       0.03300642  d_xy
   13   3   2  -1       0.04248411  d_yz
   13   3   2   0       0.01980971  d_z2
   13   3   2   1       0.04115534  d_xz
   13   3   2   2       0.01825488  d_x2-y2
   14   1   0   0       1.36186847  s
   14   2   1  -1       0.82612406  p_y
   14   2   1   0       0.83039054  p_z
   14   2   1   1       0.82782993  p_x
   14   3   2  -2       0.04196715  d_xy
   14   3   2  -1       0.04130179  d_yz
   14   3   2   0       0.02026124  d_z2
   14   3   2   1       0.03661051  d_xz
   14   3   2   2       0.01834130  d_x2-y2
   15   1   0   0       1.35865450  s
   15   2   1  -1       0.83358234  p_y
   15   2   1   0       0.82632127  p_z
   15   2   1   1       0.83337326  p_x
   15   3   2  -2       0.03697512  d_xy
   15   3   2  -1       0.03978758  d_yz
   15   3   2   0       0.01984011  d_z2
   15   3   2   1       0.04210834  d_xz
   15   3   2   2       0.01878370  d_x2-y2
   16   1   0   0       1.32305209  s
   16   2   1  -1       0.82550850  p_y
   16   2   1   0       0.83057136  p_z
   16   2   1   1       0.82602570  p_x
   16   3   2  -2       0.04347878  d_xy
   16   3   2  -1       0.04267827  d_yz
   16   3   2   0       0.02330384  d_z2
   16   3   2   1       0.04030278  d_xz
   16   3   2   2       0.02264072  d_x2-y2
   17   1   0   0       1.37379255  s
   17   2   1  -1       0.82963567  p_y
   17   2   1   0       0.82854741  p_z
   17   2   1   1       0.82590655  p_x
   17   3   2  -2       0.03487027  d_xy
   17   3   2  -1       0.03729133  d_yz
   17   3   2   0       0.01659310  d_z2
   17   3   2   1       0.03759929  d_xz
   17   3   2   2       0.01815441  d_x2-y2
   18   1   0   0       1.35997722  s
   18   2   1  -1       0.82671389  p_y
   18   2   1   0       0.83317554  p_z
   18   2   1   1       0.82784194  p_x
   18   3   2  -2       0.04083897  d_xy
   18   3   2  -1       0.03614837  d_yz
   18   3   2   0       0.01733544  d_z2
   18   3   2   1       0.03703525  d_xz
   18   3   2   2       0.01876312  d_x2-y2
   19   1   0   0       1.34517695  s
   19   2   1  -1       0.82108737  p_y
   19   2   1   0       0.82794048  p_z
   19   2   1   1       0.82591143  p_x
   19   3   2  -2       0.04223295  d_xy
   19   3   2  -1       0.04309787  d_yz
   19   3   2   0       0.02318731  d_z2
   19   3   2   1       0.03995718  d_xz
   19   3   2   2       0.01992482  d_x2-y2
   20   1   0   0       1.34260130  s
   20   2   1  -1       0.81794806  p_y
   20   2   1   0       0.82586365  p_z
   20   2   1   1       0.82399624  p_x
   20   3   2  -2       0.04308247  d_xy
   20   3   2  -1       0.04454296  d_yz
   20   3   2   0       0.02212281  d_z2
   20   3   2   1       0.04205322  d_xz
   20   3   2   2       0.02429885  d_x2-y2
   21   1   0   0       1.34668916  s
   21   2   1  -1       0.82338878  p_y
   21   2   1   0       0.83227647  p_z
   21   2   1   1       0.82304313  p_x
   21   3   2  -2       0.04694710  d_xy
   21   3   2  -1       0.03727928  d_yz
   21   3   2   0       0.02125114  d_z2
   21   3   2   1       0.03842496  d_xz
   21   3   2   2       0.02053865  d_x2-y2
   22   1   0   0       1.36227277  s
   22   2   1  -1       0.82752857  p_y
   22   2   1   0       0.83268639  p_z
   22   2   1   1       0.82520516  p_x
   22   3   2  -2       0.04183372  d_xy
   22   3   2  -1       0.03751491  d_yz
   22   3   2   0       0.01930636  d_z2
   22   3   2   1       0.04032537  d_xz
   22   3   2   2       0.02019249  d_x2-y2
   23   1   0   0       1.37847623  s
   23   2   1  -1       0.82223739  p_y
   23   2   1   0       0.83035512  p_z
   23   2   1   1       0.82185345  p_x
   23   3   2  -2       0.03831596  d_xy
   23   3   2  -1       0.03673580  d_yz
   23   3   2   0       0.01755763  d_z2
   23   3   2   1       0.03735675  d_xz
   23   3   2   2       0.01772429  d_x2-y2
   24   1   0   0       1.34095286  s
   24   2   1  -1       0.82874158  p_y
   24   2   1   0       0.82197926  p_z
   24   2   1   1       0.83144040  p_x
   24   3   2  -2       0.04133331  d_xy
   24   3   2  -1       0.04416002  d_yz
   24   3   2   0       0.02372097  d_z2
   24   3   2   1       0.03977277  d_xz
   24   3   2   2       0.01968279  d_x2-y2
   25   1   0   0       1.33363623  s
   25   2   1  -1       0.81976852  p_y
   25   2   1   0       0.82714871  p_z
   25   2   1   1       0.82082949  p_x
   25   3   2  -2       0.04229444  d_xy
   25   3   2  -1       0.04469877  d_yz
   25   3   2   0       0.02225296  d_z2
   25   3   2   1       0.04129743  d_xz
   25   3   2   2       0.02372389  d_x2-y2
   26   1   0   0       1.36714056  s
   26   2   1  -1       0.81908507  p_y
   26   2   1   0       0.82717637  p_z
   26   2   1   1       0.82269579  p_x
   26   3   2  -2       0.04033951  d_xy
   26   3   2  -1       0.04178428  d_yz
   26   3   2   0       0.01949609  d_z2
   26   3   2   1       0.03635372  d_xz
   26   3   2   2       0.01826685  d_x2-y2
   27   1   0   0       1.35080380  s
   27   2   1  -1       0.82785671  p_y
   27   2   1   0       0.82333388  p_z
   27   2   1   1       0.83026651  p_x
   27   3   2  -2       0.03871053  d_xy
   27   3   2  -1       0.03751226  d_yz
   27   3   2   0       0.02033977  d_z2
   27   3   2   1       0.04120306  d_xz
   27   3   2   2       0.01858000  d_x2-y2
   28   1   0   0       1.35775471  s
   28   2   1  -1       0.83113157  p_y
   28   2   1   0       0.83183721  p_z
   28   2   1   1       0.82795374  p_x
   28   3   2  -2       0.04239426  d_xy
   28   3   2  -1       0.03487887  d_yz
   28   3   2   0       0.01779824  d_z2
   28   3   2   1       0.03558071  d_xz
   28   3   2   2       0.01747858  d_x2-y2
   29   1   0   0       1.35084818  s
   29   2   1  -1       0.81515495  p_y
   29   2   1   0       0.83071783  p_z
   29   2   1   1       0.82344698  p_x
   29   3   2  -2       0.04509706  d_xy
   29   3   2  -1       0.03853546  d_yz
   29   3   2   0       0.02051566  d_z2
   29   3   2   1       0.04052114  d_xz
   29   3   2   2       0.02235031  d_x2-y2
   30   1   0   0       1.36940527  s
   30   2   1  -1       0.83194880  p_y
   30   2   1   0       0.82295255  p_z
   30   2   1   1       0.83215832  p_x
   30   3   2  -2       0.03395271  d_xy
   30   3   2  -1       0.04087255  d_yz
   30   3   2   0       0.01995064  d_z2
   30   3   2   1       0.03832812  d_xz
   30   3   2   2       0.01748087  d_x2-y2
   31   1   0   0       1.31858162  s
   31   2   1  -1       0.82373997  p_y
   31   2   1   0       0.83703233  p_z
   31   2   1   1       0.82632889  p_x
   31   3   2  -2       0.04715753  d_xy
   31   3   2  -1       0.04325782  d_yz
   31   3   2   0       0.02172622  d_z2
   31   3   2   1       0.03965646  d_xz
   31   3   2   2       0.02532168  d_x2-y2
   32   1   0   0       1.38518364  s
   32   2   1  -1       0.83053605  p_y
   32   2   1   0       0.83497402  p_z
   32   2   1   1       0.83100188  p_x
   32   3   2  -2       0.03641852  d_xy
   32   3   2  -1       0.03317585  d_yz
   32   3   2   0       0.01589316  d_z2
   32   3   2   1       0.03712012  d_xz
   32   3   2   2       0.01648016  d_x2-y2
   33   1   0   0       1.37235185  s
   33   2   1  -1       0.82793850  p_y
   33   2   1   0       0.83570291  p_z
   33   2   1   1       0.83228849  p_x
   33   3   2  -2       0.03369436  d_xy
   33   3   2  -1       0.03756550  d_yz
   33   3   2   0       0.01574917  d_z2
   33   3   2   1       0.04075702  d_xz
   33   3   2   2       0.01929188  d_x2-y2
   34   1   0   0       1.34738584  s
   34   2   1  -1       0.82594995  p_y
   34   2   1   0       0.82669995  p_z
   34   2   1   1       0.82424182  p_x
   34   3   2  -2       0.04234680  d_xy
   34   3   2  -1       0.04219349  d_yz
   34   3   2   0       0.02086758  d_z2
   34   3   2   1       0.03838050  d_xz
   34   3   2   2       0.02187875  d_x2-y2
   35   1   0   0       1.37675901  s
   35   2   1  -1       0.82868846  p_y
   35   2   1   0       0.83816690  p_z
   35   2   1   1       0.83561130  p_x
   35   3   2  -2       0.03704215  d_xy
   35   3   2  -1       0.03784533  d_yz
   35   3   2   0       0.01607285  d_z2
   35   3   2   1       0.03453122  d_xz
   35   3   2   2       0.01733048  d_x2-y2
   36   1   0   0       1.30798294  s
   36   2   1  -1       0.82810917  p_y
   36   2   1   0       0.83189473  p_z
   36   2   1   1       0.82482949  p_x
   36   3   2  -2       0.04734890  d_xy
   36   3   2  -1       0.04363810  d_yz
   36   3   2   0       0.02505343  d_z2
   36   3   2   1       0.04151951  d_xz
   36   3   2   2       0.02482818  d_x2-y2
   37   1   0   0       1.36080350  s
   37   2   1  -1       0.83067509  p_y
   37   2   1   0       0.82504300  p_z
   37   2   1   1       0.83042870  p_x
   37   3   2  -2       0.03690438  d_xy
   37   3   2  -1       0.04007350  d_yz
   37   3   2   0       0.02162255  d_z2
   37   3   2   1       0.03899251  d_xz
   37   3   2   2       0.01701290  d_x2-y2
   38   1   0   0       1.32280068  s
   38   2   1  -1       0.82059329  p_y
   38   2   1   0       0.83435101  p_z
   38   2   1   1       0.82510004  p_x
   38   3   2  -2       0.04669499  d_xy
   38   3   2  -1       0.04339150  d_yz
   38   3   2   0       0.02206439  d_z2
   38   3   2   1       0.04317156  d_xz
   38   3   2   2       0.02734879  d_x2-y2
   39   1   0   0       1.38035709  s
   39   2   1  -1       0.82842533  p_y
   39   2   1   0       0.83222490  p_z
   39   2   1   1       0.82977155  p_x
   39   3   2  -2       0.03812130  d_xy
   39   3   2  -1       0.03629158  d_yz
   39   3   2   0       0.01727469  d_z2
   39   3   2   1       0.03640519  d_xz
   39   3   2   2       0.01825528  d_x2-y2
   40   1   0   0       1.37336486  s
   40   2   1  -1       0.82038282  p_y
   40   2   1   0       0.83006214  p_z
   40   2   1   1       0.82646498  p_x
   40   3   2  -2       0.04257820  d_xy
   40   3   2  -1       0.03946680  d_yz
   40   3   2   0       0.02024415  d_z2
   40   3   2   1       0.03716109  d_xz
   40   3   2   2       0.01839570  d_x2-y2
   41   1   0   0       1.36728243  s
   41   2   1  -1       0.82744175  p_y
   41   2   1   0       0.83570578  p_z
   41   2   1   1       0.82334541  p_x
   41   3   2  -2       0.04831581  d_xy
   41   3   2  -1       0.03840818  d_yz
   41   3   2   0       0.01921300  d_z2
   41   3   2   1       0.03291248  d_xz
   41   3   2   2       0.02045466  d_x2-y2
   42   1   0   0       1.39239371  s
   42   2   1  -1       0.83050814  p_y
   42   2   1   0       0.82370465  p_z
   42   2   1   1       0.82881314  p_x
   42   3   2  -2       0.03522806  d_xy
   42   3   2  -1       0.03624728  d_yz
   42   3   2   0       0.01788181  d_z2
   42   3   2   1       0.03740339  d_xz
   42   3   2   2       0.01559474  d_x2-y2
   43   1   0   0       1.36010826  s
   43   2   1  -1       0.82323773  p_y
   43   2   1   0       0.82809619  p_z
   43   2   1   1       0.82262871  p_x
   43   3   2  -2       0.04569762  d_xy
   43   3   2  -1       0.04025083  d_yz
   43   3   2   0       0.02116444  d_z2
   43   3   2   1       0.04004824  d_xz
   43   3   2   2       0.02190473  d_x2-y2
   44   1   0   0       1.36651275  s
   44   2   1  -1       0.82628500  p_y
   44   2   1   0       0.82560403  p_z
   44   2   1   1       0.82771727  p_x
   44   3   2  -2       0.03713551  d_xy
   44   3   2  -1       0.03853390  d_yz
   44   3   2   0       0.01887228  d_z2
   44   3   2   1       0.04327038  d_xz
   44   3   2   2       0.01993274  d_x2-y2
   45   1   0   0       1.35723372  s
   45   2   1  -1       0.82372206  p_y
   45   2   1   0       0.82934163  p_z
   45   2   1   1       0.82458377  p_x
   45   3   2  -2       0.04075428  d_xy
   45   3   2  -1       0.04039084  d_yz
   45   3   2   0       0.02144919  d_z2
   45   3   2   1       0.04125532  d_xz
   45   3   2   2       0.01968688  d_x2-y2
   46   1   0   0       1.34942066  s
   46   2   1  -1       0.82437837  p_y
   46   2   1   0       0.83156986  p_z
   46   2   1   1       0.82499212  p_x
   46   3   2  -2       0.04201858  d_xy
   46   3   2  -1       0.04092984  d_yz
   46   3   2   0       0.01985586  d_z2
   46   3   2   1       0.03947476  d_xz
   46   3   2   2       0.02058459  d_x2-y2
   47   1   0   0       1.35582532  s
   47   2   1  -1       0.82857228  p_y
   47   2   1   0       0.82612397  p_z
   47   2   1   1       0.82612992  p_x
   47   3   2  -2       0.03910352  d_xy
   47   3   2  -1       0.03911974  d_yz
   47   3   2   0       0.01981483  d_z2
   47   3   2   1       0.04252186  d_xz
   47   3   2   2       0.02017046  d_x2-y2
   48   1   0   0       1.37708028  s
   48   2   1  -1       0.83033238  p_y
   48   2   1   0       0.83485631  p_z
   48   2   1   1       0.82552054  p_x
   48   3   2  -2       0.04087860  d_xy
   48   3   2  -1       0.03353468  d_yz
   48   3   2   0       0.01657583  d_z2
   48   3   2   1       0.03352362  d_xz
   48   3   2   2       0.01611400  d_x2-y2
   49   1   0   0       1.33905875  s
   49   2   1  -1       0.82718621  p_y
   49   2   1   0       0.82000228  p_z
   49   2   1   1       0.82717399  p_x
   49   3   2  -2       0.03960997  d_xy
   49   3   2  -1       0.04191829  d_yz
   49   3   2   0       0.02322874  d_z2
   49   3   2   1       0.04160503  d_xz
   49   3   2   2       0.01998430  d_x2-y2
   50   1   0   0       1.32200139  s
   50   2   1  -1       0.82308437  p_y
   50   2   1   0       0.82922203  p_z
   50   2   1   1       0.82430095  p_x
   50   3   2  -2       0.04718081  d_xy
   50   3   2  -1       0.04403828  d_yz
   50   3   2   0       0.02426438  d_z2
   50   3   2   1       0.04362812  d_xz
   50   3   2   2       0.02514306  d_x2-y2
   51   1   0   0       1.35731409  s
   51   2   1  -1       0.83953761  p_y
   51   2   1   0       0.82018513  p_z
   51   2   1   1       0.82747763  p_x
   51   3   2  -2       0.03317982  d_xy
   51   3   2  -1       0.03896885  d_yz
   51   3   2   0       0.01909939  d_z2
   51   3   2   1       0.03896227  d_xz
   51   3   2   2       0.01729671  d_x2-y2
   52   1   0   0       1.37638837  s
   52   2   1  -1       0.82783887  p_y
   52   2   1   0       0.82732886  p_z
   52   2   1   1       0.82357555  p_x
   52   3   2  -2       0.03701347  d_xy
   52   3   2  -1       0.03745547  d_yz
   52   3   2   0       0.01680411  d_z2
   52   3   2   1       0.03818663  d_xz
   52   3   2   2       0.01895217  d_x2-y2
   53   1   0   0       1.38876143  s
   53   2   1  -1       0.83220074  p_y
   53   2   1   0       0.83213348  p_z
   53   2   1   1       0.82871852  p_x
   53   3   2  -2       0.03446281  d_xy
   53   3   2  -1       0.03393447  d_yz
   53   3   2   0       0.01512103  d_z2
   53   3   2   1       0.03714697  d_xz
   53   3   2   2       0.01835673  d_x2-y2
   54   1   0   0       1.35051135  s
   54   2   1  -1       0.83183266  p_y
   54   2   1   0       0.82506420  p_z
   54   2   1   1       0.82790146  p_x
   54   3   2  -2       0.03743777  d_xy
   54   3   2  -1       0.03740048  d_yz
   54   3   2   0       0.01998707  d_z2
   54   3   2   1       0.04381930  d_xz
   54   3   2   2       0.02085146  d_x2-y2
   55   1   0   0       1.35305700  s
   55   2   1  -1       0.82555266  p_y
   55   2   1   0       0.82657543  p_z
   55   2   1   1       0.82190293  p_x
   55   3   2  -2       0.04007661  d_xy
   55   3   2  -1       0.03849770  d_yz
   55   3   2   0       0.02023607  d_z2
   55   3   2   1       0.04395310  d_xz
   55   3   2   2       0.02190790  d_x2-y2
   56   1   0   0       1.37139812  s
   56   2   1  -1       0.83463458  p_y
   56   2   1   0       0.82889022  p_z
   56   2   1   1       0.82434941  p_x
   56   3   2  -2       0.03775384  d_xy
   56   3   2  -1       0.03639700  d_yz
   56   3   2   0       0.01851071  d_z2
   56   3   2   1       0.03891105  d_xz
   56   3   2   2       0.01721532  d_x2-y2
   57   1   0   0       1.33935427  s
   57   2   1  -1       0.82863074  p_y
   57   2   1   0       0.82102107  p_z
   57   2   1   1       0.83022954  p_x
   57   3   2  -2       0.04160929  d_xy
   57   3   2  -1       0.04134212  d_yz
   57   3   2   0       0.02326527  d_z2
   57   3   2   1       0.04124187  d_xz
   57   3   2   2       0.02053890  d_x2-y2
   58   1   0   0       1.38619929  s
   58   2   1  -1       0.82554829  p_y
   58   2   1   0       0.82443075  p_z
   58   2   1   1       0.82689690  p_x
   58   3   2  -2       0.03726698  d_xy
   58   3   2  -1       0.03774881  d_yz
   58   3   2   0       0.01796172  d_z2
   58   3   2   1       0.03566445  d_xz
   58   3   2   2       0.01702935  d_x2-y2
   59   1   0   0       1.35741190  s
   59   2   1  -1       0.82827269  p_y
   59   2   1   0       0.81708025  p_z
   59   2   1   1       0.82549876  p_x
   59   3   2  -2       0.03599485  d_xy
   59   3   2  -1       0.04305057  d_yz
   59   3   2   0       0.02216823  d_z2
   59   3   2   1       0.04401262  d_xz
   59   3   2   2       0.01927999  d_x2-y2
   60   1   0   0       1.33399592  s
   60   2   1  -1       0.82515507  p_y
   60   2   1   0       0.83436217  p_z
   60   2   1   1       0.82591663  p_x
   60   3   2  -2       0.04389550  d_xy
   60   3   2  -1       0.04101171  d_yz
   60   3   2   0       0.02002634  d_z2
   60   3   2   1       0.03933230  d_xz
   60   3   2   2       0.02229945  d_x2-y2
   61   1   0   0       1.34587483  s
   61   2   1  -1       0.83218330  p_y
   61   2   1   0       0.82317776  p_z
   61   2   1   1       0.82688502  p_x
   61   3   2  -2       0.03842660  d_xy
   61   3   2  -1       0.04140545  d_yz
   61   3   2   0       0.02287031  d_z2
   61   3   2   1       0.04322183  d_xz
   61   3   2   2       0.01948789  d_x2-y2
   62   1   0   0       1.40756538  s
   62   2   1  -1       0.83315490  p_y
   62   2   1   0       0.82205338  p_z
   62   2   1   1       0.83049869  p_x
   62   3   2  -2       0.03179908  d_xy
   62   3   2  -1       0.03758695  d_yz
   62   3   2   0       0.01690251  d_z2
   62   3   2   1       0.03544467  d_xz
   62   3   2   2       0.01516369  d_x2-y2
   63   1   0   0       1.33984911  s
   63   2   1  -1       0.82776445  p_y
   63   2   1   0       0.83079918  p_z
   63   2   1   1       0.82818980  p_x
   63   3   2  -2       0.04260795  d_xy
   63   3   2  -1       0.04105333  d_yz
   63   3   2   0       0.01939083  d_z2
   63   3   2   1       0.03692698  d_xz
   63   3   2   2       0.02087980  d_x2-y2
   64   1   0   0       1.35637417  s
   64   2   1  -1       0.83764646  p_y
   64   2   1   0       0.82630511  p_z
   64   2   1   1       0.83803369  p_x
   64   3   2  -2       0.03584791  d_xy
   64   3   2  -1       0.03617766  d_yz
   64   3   2   0       0.01871069  d_z2
   64   3   2   1       0.04047737  d_xz
   64   3   2   2       0.01654812  d_x2-y2

Fermi level:                        -0.1338886131 H           -3.6433 eV
Band energy:                       -88.1642448303 H        -2399.0712 eV
TS:                                  0.0000000000 H            0.0000 eV
Band free energy (E-TS):           -88.1642448303 H        -2399.0712 eV
Extrapolated E(0K):                -88.1642448303 H        -2399.0712 eV
Input / Output electrons (q):    256.0000000000    256.0000000000

Energy H0:                         -88.1491227155 H        -2398.6597 eV
Energy SCC:                          0.0004381897 H            0.0119 eV
Total Electronic energy:           -88.1486845258 H        -2398.6477 eV
Repulsive energy:                    0.0000000000 H            0.0000 eV
Total energy:                      -88.1486845258 H        -2398.6477 eV
Extrapolated to 0:                 -88.1486845258 H        -2398.6477 eV
Total Mermin free energy:          -88.1486845258 H        -2398.6477 eV
Force related energy:              -88.1486845258 H        -2398.6477 eV

Non-constrained calculation

SCC converged

Warning: dipole moment is not defined absolutely!
Dipole moment:    0.43219169    0.06602889    0.13736452 au
Dipole moment:    1.09852180    0.16782870    0.34914581 Debye


