 Fermi distribution function

Calculation with static geometry


********************************************************************************
 iSCC Total electronic   Diff electronic      SCC error    
    9   -0.88143365E+02   -0.98094688E-09    0.62284184E-05
********************************************************************************

 Total charge:    -0.00000000

 Atomic gross charges (e)
 Atom           Charge
    1      -0.00146161
    2      -0.00374468
    3      -0.01912846
    4      -0.01298953
    5      -0.00251648
    6      -0.01970041
    7       0.00372981
    8      -0.01322040
    9       0.00178223
   10      -0.00671087
   11       0.01881138
   12      -0.00853805
   13       0.00412668
   14      -0.00152329
   15      -0.00698430
   16       0.00073371
   17      -0.00188000
   18       0.01468603
   19      -0.00073895
   20       0.00451862
   21       0.01093034
   22      -0.00201772
   23       0.01045293
   24       0.00642638
   25       0.00794235
   26       0.00283784
   27      -0.00573642
   28       0.00553857
   29       0.00461865
   30       0.00271797
   31       0.00619372
   32       0.00336168
   33      -0.00486740
   34      -0.01344782
   35      -0.00347240
   36       0.00607326
   37       0.00063207
   38      -0.00862780
   39       0.01105420
   40      -0.01359718
   41       0.01057474
   42      -0.00337428
   43       0.00242761
   44      -0.00407186
   45      -0.00939220
   46      -0.00724463
   47      -0.00004375
   48      -0.02723455
   49       0.00959449
   50       0.00193091
   51       0.00478309
   52       0.00171331
   53      -0.01719673
   54       0.01121730
   55       0.00710441
   56       0.01565372
   57      -0.00596305
   58       0.01210366
   59      -0.01511923
   60       0.01535970
   61       0.00182552
   62       0.00613261
   63       0.01469044
   64      -0.00173591

Nr. of electrons (up):    256.00000000
Atom populations (up)
 Atom       Population
    1       4.00146161
    2       4.00374468
    3       4.01912846
    4       4.01298953
    5       4.00251648
    6       4.01970041
    7       3.99627019
    8       4.01322040
    9       3.99821777
   10       4.00671087
   11       3.98118862
   12       4.00853805
   13       3.99587332
   14       4.00152329
   15       4.00698430
   16       3.99926629
   17       4.00188000
   18       3.98531397
   19       4.00073895
   20       3.99548138
   21       3.98906966
   22       4.00201772
   23       3.98954707
   24       3.99357362
   25       3.99205765
   26       3.99716216
   27       4.00573642
   28       3.99446143
   29       3.99538135
   30       3.99728203
   31       3.99380628
   32       3.99663832
   33       4.00486740
   34       4.01344782
   35       4.00347240
   36       3.99392674
   37       3.99936793
   38       4.00862780
   39       3.98894580
   40       4.01359718
   41       3.98942526
   42       4.00337428
   43       3.99757239
   44       4.00407186
   45       4.00939220
   46       4.00724463
   47       4.00004375
   48       4.02723455
   49       3.99040551
   50       3.99806909
   51       3.99521691
   52       3.99828669
   53       4.01719673
   54       3.98878270
   55       3.99289559
   56       3.98434628
   57       4.00596305
   58       3.98789634
   59       4.01511923
   60       3.98464030
   61       3.99817448
   62       3.99386739
   63       3.98530956
   64       4.00173591

l-shell populations (up)
 Atom Sh.   l       Population
    1   1   0       1.36962786
    1   2   1       2.48241352
    1   3   2       0.14942023
    2   1   0       1.35933678
    2   2   1       2.47641229
    2   3   2       0.16799561
    3   1   0       1.39134009
    3   2   1       2.49140316
    3   3   2       0.13638521
    4   1   0       1.36998782
    4   2   1       2.49291991
    4   3   2       0.15008180
    5   1   0       1.35561348
    5   2   1       2.48166016
    5   3   2       0.16524285
    6   1   0       1.37322688
    6   2   1       2.50006837
    6   3   2       0.14640516
    7   1   0       1.34589794
    7   2   1       2.48558229
    7   3   2       0.16478996
    8   1   0       1.37431727
    8   2   1       2.48900737
    8   3   2       0.14989576
    9   1   0       1.35546778
    9   2   1       2.48482839
    9   3   2       0.15792160
   10   1   0       1.36512059
   10   2   1       2.49479952
   10   3   2       0.14679077
   11   1   0       1.31715393
   11   2   1       2.47418191
   11   3   2       0.18985279
   12   1   0       1.38139137
   12   2   1       2.47726923
   12   3   2       0.14987745
   13   1   0       1.35603182
   13   2   1       2.47863814
   13   3   2       0.16120336
   14   1   0       1.35985436
   14   2   1       2.48369088
   14   3   2       0.15797805
   15   1   0       1.38380064
   15   2   1       2.47743042
   15   3   2       0.14575324
   16   1   0       1.35451406
   16   2   1       2.47607851
   16   3   2       0.16867372
   17   1   0       1.36317119
   17   2   1       2.48197235
   17   3   2       0.15673646
   18   1   0       1.34216068
   18   2   1       2.47357988
   18   3   2       0.16957341
   19   1   0       1.36395171
   19   2   1       2.48740747
   19   3   2       0.14937977
   20   1   0       1.35763754
   20   2   1       2.48665789
   20   3   2       0.15118595
   21   1   0       1.35494640
   21   2   1       2.47063246
   21   3   2       0.16349079
   22   1   0       1.36529844
   22   2   1       2.48806309
   22   3   2       0.14865618
   23   1   0       1.34234203
   23   2   1       2.47492995
   23   3   2       0.17227509
   24   1   0       1.35364475
   24   2   1       2.47949634
   24   3   2       0.16043252
   25   1   0       1.35726753
   25   2   1       2.47753597
   25   3   2       0.15725415
   26   1   0       1.35626196
   26   2   1       2.48448503
   26   3   2       0.15641517
   27   1   0       1.36617247
   27   2   1       2.48461877
   27   3   2       0.15494518
   28   1   0       1.35858514
   28   2   1       2.47405075
   28   3   2       0.16182554
   29   1   0       1.35340393
   29   2   1       2.48807635
   29   3   2       0.15390106
   30   1   0       1.34550129
   30   2   1       2.48489029
   30   3   2       0.16689044
   31   1   0       1.35050355
   31   2   1       2.48337792
   31   3   2       0.15992480
   32   1   0       1.35222256
   32   2   1       2.47790111
   32   3   2       0.16651466
   33   1   0       1.35910536
   33   2   1       2.48564364
   33   3   2       0.16011839
   34   1   0       1.37969939
   34   2   1       2.48665401
   34   3   2       0.14709442
   35   1   0       1.36491773
   35   2   1       2.47760325
   35   3   2       0.16095142
   36   1   0       1.34598200
   36   2   1       2.47788805
   36   3   2       0.17005669
   37   1   0       1.35514053
   37   2   1       2.48172314
   37   3   2       0.16250426
   38   1   0       1.37701670
   38   2   1       2.48028870
   38   3   2       0.15132239
   39   1   0       1.34768098
   39   2   1       2.47241079
   39   3   2       0.16885404
   40   1   0       1.37306217
   40   2   1       2.49073710
   40   3   2       0.14979790
   41   1   0       1.33769938
   41   2   1       2.47884413
   41   3   2       0.17288175
   42   1   0       1.35591483
   42   2   1       2.48698897
   42   3   2       0.16047048
   43   1   0       1.35509114
   43   2   1       2.49025382
   43   3   2       0.15222743
   44   1   0       1.36813537
   44   2   1       2.48775173
   44   3   2       0.14818476
   45   1   0       1.37558110
   45   2   1       2.49062954
   45   3   2       0.14318157
   46   1   0       1.35299888
   46   2   1       2.49349639
   46   3   2       0.16074936
   47   1   0       1.35768617
   47   2   1       2.48596804
   47   3   2       0.15638954
   48   1   0       1.38012625
   48   2   1       2.49303818
   48   3   2       0.15407012
   49   1   0       1.33629798
   49   2   1       2.48282786
   49   3   2       0.17127967
   50   1   0       1.36742817
   50   2   1       2.47972327
   50   3   2       0.15091764
   51   1   0       1.35623917
   51   2   1       2.47900225
   51   3   2       0.15997548
   52   1   0       1.35795619
   52   2   1       2.48283610
   52   3   2       0.15749440
   53   1   0       1.38787393
   53   2   1       2.48439265
   53   3   2       0.14493015
   54   1   0       1.33856538
   54   2   1       2.47916076
   54   3   2       0.17105657
   55   1   0       1.35166001
   55   2   1       2.48154480
   55   3   2       0.15969077
   56   1   0       1.34037694
   56   2   1       2.47563829
   56   3   2       0.16833105
   57   1   0       1.35901978
   57   2   1       2.49197499
   57   3   2       0.15496828
   58   1   0       1.33318911
   58   2   1       2.48097737
   58   3   2       0.17372985
   59   1   0       1.39270880
   59   2   1       2.49011782
   59   3   2       0.13229261
   60   1   0       1.35386532
   60   2   1       2.45952464
   60   3   2       0.17125034
   61   1   0       1.35681914
   61   2   1       2.48558902
   61   3   2       0.15576632
   62   1   0       1.35801552
   62   2   1       2.48095270
   62   3   2       0.15489916
   63   1   0       1.34481883
   63   2   1       2.47028918
   63   3   2       0.17020154
   64   1   0       1.37709127
   64   2   1       2.48135979
   64   3   2       0.14328484

Orbital populations (up)
 Atom Sh.   l   m       Population  Label
    1   1   0   0       1.36962786  s
    1   2   1  -1       0.82609571  p_y
    1   2   1   0       0.82896246  p_z
    1   2   1   1       0.82735534  p_x
    1   3   2  -2       0.03600384  d_xy
    1   3   2  -1       0.03881228  d_yz
    1   3   2   0       0.01766928  d_z2
    1   3   2   1       0.03859398  d_xz
    1   3   2   2       0.01834085  d_x2-y2
    2   1   0   0       1.35933678  s
    2   2   1  -1       0.82291514  p_y
    2   2   1   0       0.82953390  p_z
    2   2   1   1       0.82396326  p_x
    2   3   2  -2       0.04368022  d_xy
    2   3   2  -1       0.04097984  d_yz
    2   3   2   0       0.02229822  d_z2
    2   3   2   1       0.03981092  d_xz
    2   3   2   2       0.02122641  d_x2-y2
    3   1   0   0       1.39134009  s
    3   2   1  -1       0.83101355  p_y
    3   2   1   0       0.83191445  p_z
    3   2   1   1       0.82847517  p_x
    3   3   2  -2       0.03406275  d_xy
    3   3   2  -1       0.03375943  d_yz
    3   3   2   0       0.01572584  d_z2
    3   3   2   1       0.03722790  d_xz
    3   3   2   2       0.01560929  d_x2-y2
    4   1   0   0       1.36998782  s
    4   2   1  -1       0.82954930  p_y
    4   2   1   0       0.83356406  p_z
    4   2   1   1       0.82980655  p_x
    4   3   2  -2       0.03687466  d_xy
    4   3   2  -1       0.03599107  d_yz
    4   3   2   0       0.01690792  d_z2
    4   3   2   1       0.04085908  d_xz
    4   3   2   2       0.01944907  d_x2-y2
    5   1   0   0       1.35561348  s
    5   2   1  -1       0.82949980  p_y
    5   2   1   0       0.83044435  p_z
    5   2   1   1       0.82171600  p_x
    5   3   2  -2       0.04140706  d_xy
    5   3   2  -1       0.03623542  d_yz
    5   3   2   0       0.02147061  d_z2
    5   3   2   1       0.04518144  d_xz
    5   3   2   2       0.02094832  d_x2-y2
    6   1   0   0       1.37322688  s
    6   2   1  -1       0.83527539  p_y
    6   2   1   0       0.83336665  p_z
    6   2   1   1       0.83142633  p_x
    6   3   2  -2       0.03768947  d_xy
    6   3   2  -1       0.03990985  d_yz
    6   3   2   0       0.01744846  d_z2
    6   3   2   1       0.03397101  d_xz
    6   3   2   2       0.01738637  d_x2-y2
    7   1   0   0       1.34589794  s
    7   2   1  -1       0.82918036  p_y
    7   2   1   0       0.82518600  p_z
    7   2   1   1       0.83121593  p_x
    7   3   2  -2       0.03805745  d_xy
    7   3   2  -1       0.04486307  d_yz
    7   3   2   0       0.02128124  d_z2
    7   3   2   1       0.03998283  d_xz
    7   3   2   2       0.02060537  d_x2-y2
    8   1   0   0       1.37431727  s
    8   2   1  -1       0.82710853  p_y
    8   2   1   0       0.83005244  p_z
    8   2   1   1       0.83184640  p_x
    8   3   2  -2       0.03985796  d_xy
    8   3   2  -1       0.03854902  d_yz
    8   3   2   0       0.01752953  d_z2
    8   3   2   1       0.03490581  d_xz
    8   3   2   2       0.01905344  d_x2-y2
    9   1   0   0       1.35546778  s
    9   2   1  -1       0.82665485  p_y
    9   2   1   0       0.82951588  p_z
    9   2   1   1       0.82865766  p_x
    9   3   2  -2       0.04254054  d_xy
    9   3   2  -1       0.03867776  d_yz
    9   3   2   0       0.01995191  d_z2
    9   3   2   1       0.03789285  d_xz
    9   3   2   2       0.01885854  d_x2-y2
   10   1   0   0       1.36512059  s
   10   2   1  -1       0.82948255  p_y
   10   2   1   0       0.83204493  p_z
   10   2   1   1       0.83327204  p_x
   10   3   2  -2       0.04089714  d_xy
   10   3   2  -1       0.03397976  d_yz
   10   3   2   0       0.01923680  d_z2
   10   3   2   1       0.03652891  d_xz
   10   3   2   2       0.01614815  d_x2-y2
   11   1   0   0       1.31715393  s
   11   2   1  -1       0.82892483  p_y
   11   2   1   0       0.81993700  p_z
   11   2   1   1       0.82532008  p_x
   11   3   2  -2       0.04531629  d_xy
   11   3   2  -1       0.04796050  d_yz
   11   3   2   0       0.02755191  d_z2
   11   3   2   1       0.04526511  d_xz
   11   3   2   2       0.02375898  d_x2-y2
   12   1   0   0       1.38139137  s
   12   2   1  -1       0.82457621  p_y
   12   2   1   0       0.82870219  p_z
   12   2   1   1       0.82399083  p_x
   12   3   2  -2       0.03908395  d_xy
   12   3   2  -1       0.03889937  d_yz
   12   3   2   0       0.01773407  d_z2
   12   3   2   1       0.03524811  d_xz
   12   3   2   2       0.01891195  d_x2-y2
   13   1   0   0       1.35603182  s
   13   2   1  -1       0.82773948  p_y
   13   2   1   0       0.82736626  p_z
   13   2   1   1       0.82353241  p_x
   13   3   2  -2       0.04343897  d_xy
   13   3   2  -1       0.04103424  d_yz
   13   3   2   0       0.01963017  d_z2
   13   3   2   1       0.03645206  d_xz
   13   3   2   2       0.02064792  d_x2-y2
   14   1   0   0       1.35985436  s
   14   2   1  -1       0.82713749  p_y
   14   2   1   0       0.83044952  p_z
   14   2   1   1       0.82610387  p_x
   14   3   2  -2       0.03523354  d_xy
   14   3   2  -1       0.03891589  d_yz
   14   3   2   0       0.01753541  d_z2
   14   3   2   1       0.04421921  d_xz
   14   3   2   2       0.02207399  d_x2-y2
   15   1   0   0       1.38380064  s
   15   2   1  -1       0.82487501  p_y
   15   2   1   0       0.82548798  p_z
   15   2   1   1       0.82706744  p_x
   15   3   2  -2       0.04013871  d_xy
   15   3   2  -1       0.03519039  d_yz
   15   3   2   0       0.01824087  d_z2
   15   3   2   1       0.03584563  d_xz
   15   3   2   2       0.01633764  d_x2-y2
   16   1   0   0       1.35451406  s
   16   2   1  -1       0.82386550  p_y
   16   2   1   0       0.82493898  p_z
   16   2   1   1       0.82727404  p_x
   16   3   2  -2       0.04132212  d_xy
   16   3   2  -1       0.04115117  d_yz
   16   3   2   0       0.02241600  d_z2
   16   3   2   1       0.04301917  d_xz
   16   3   2   2       0.02076526  d_x2-y2
   17   1   0   0       1.36317119  s
   17   2   1  -1       0.82619241  p_y
   17   2   1   0       0.82699471  p_z
   17   2   1   1       0.82878523  p_x
   17   3   2  -2       0.03721883  d_xy
   17   3   2  -1       0.04266898  d_yz
   17   3   2   0       0.02069095  d_z2
   17   3   2   1       0.03792645  d_xz
   17   3   2   2       0.01823126  d_x2-y2
   18   1   0   0       1.34216068  s
   18   2   1  -1       0.82645987  p_y
   18   2   1   0       0.82628818  p_z
   18   2   1   1       0.82083183  p_x
   18   3   2  -2       0.04380174  d_xy
   18   3   2  -1       0.04117147  d_yz
   18   3   2   0       0.02032787  d_z2
   18   3   2   1       0.04087256  d_xz
   18   3   2   2       0.02339977  d_x2-y2
   19   1   0   0       1.36395171  s
   19   2   1  -1       0.83240253  p_y
   19   2   1   0       0.82646851  p_z
   19   2   1   1       0.82853644  p_x
   19   3   2  -2       0.03550805  d_xy
   19   3   2  -1       0.03357988  d_yz
   19   3   2   0       0.01919751  d_z2
   19   3   2   1       0.04320120  d_xz
   19   3   2   2       0.01789312  d_x2-y2
   20   1   0   0       1.35763754  s
   20   2   1  -1       0.82586494  p_y
   20   2   1   0       0.83102559  p_z
   20   2   1   1       0.82976735  p_x
   20   3   2  -2       0.03977412  d_xy
   20   3   2  -1       0.03947027  d_yz
   20   3   2   0       0.01787666  d_z2
   20   3   2   1       0.03519053  d_xz
   20   3   2   2       0.01887436  d_x2-y2
   21   1   0   0       1.35494640  s
   21   2   1  -1       0.82581613  p_y
   21   2   1   0       0.81741326  p_z
   21   2   1   1       0.82740307  p_x
   21   3   2  -2       0.03663688  d_xy
   21   3   2  -1       0.04084971  d_yz
   21   3   2   0       0.02059031  d_z2
   21   3   2   1       0.04348717  d_xz
   21   3   2   2       0.02192672  d_x2-y2
   22   1   0   0       1.36529844  s
   22   2   1  -1       0.82704425  p_y
   22   2   1   0       0.82986085  p_z
   22   2   1   1       0.83115800  p_x
   22   3   2  -2       0.03389149  d_xy
   22   3   2  -1       0.04156244  d_yz
   22   3   2   0       0.01823005  d_z2
   22   3   2   1       0.03726355  d_xz
   22   3   2   2       0.01770864  d_x2-y2
   23   1   0   0       1.34234203  s
   23   2   1  -1       0.82566407  p_y
   23   2   1   0       0.82338951  p_z
   23   2   1   1       0.82587637  p_x
   23   3   2  -2       0.04119989  d_xy
   23   3   2  -1       0.04295578  d_yz
   23   3   2   0       0.02168121  d_z2
   23   3   2   1       0.04345588  d_xz
   23   3   2   2       0.02298233  d_x2-y2
   24   1   0   0       1.35364475  s
   24   2   1  -1       0.83122368  p_y
   24   2   1   0       0.82589545  p_z
   24   2   1   1       0.82237722  p_x
   24   3   2  -2       0.03815270  d_xy
   24   3   2  -1       0.03484884  d_yz
   24   3   2   0       0.02148857  d_z2
   24   3   2   1       0.04603995  d_xz
   24   3   2   2       0.01990248  d_x2-y2
   25   1   0   0       1.35726753  s
   25   2   1  -1       0.82411099  p_y
   25   2   1   0       0.82742560  p_z
   25   2   1   1       0.82599938  p_x
   25   3   2  -2       0.04186662  d_xy
   25   3   2  -1       0.03821822  d_yz
   25   3   2   0       0.02078211  d_z2
   25   3   2   1       0.03721277  d_xz
   25   3   2   2       0.01917443  d_x2-y2
   26   1   0   0       1.35626196  s
   26   2   1  -1       0.83169724  p_y
   26   2   1   0       0.82316658  p_z
   26   2   1   1       0.82962122  p_x
   26   3   2  -2       0.03873945  d_xy
   26   3   2  -1       0.03518700  d_yz
   26   3   2   0       0.01965507  d_z2
   26   3   2   1       0.04419911  d_xz
   26   3   2   2       0.01863454  d_x2-y2
   27   1   0   0       1.36617247  s
   27   2   1  -1       0.82481196  p_y
   27   2   1   0       0.83263449  p_z
   27   2   1   1       0.82717231  p_x
   27   3   2  -2       0.04235621  d_xy
   27   3   2  -1       0.03950221  d_yz
   27   3   2   0       0.01889412  d_z2
   27   3   2   1       0.03502954  d_xz
   27   3   2   2       0.01916310  d_x2-y2
   28   1   0   0       1.35858514  s
   28   2   1  -1       0.82754766  p_y
   28   2   1   0       0.81674087  p_z
   28   2   1   1       0.82976221  p_x
   28   3   2  -2       0.03391569  d_xy
   28   3   2  -1       0.04445956  d_yz
   28   3   2   0       0.02110127  d_z2
   28   3   2   1       0.04288686  d_xz
   28   3   2   2       0.01946216  d_x2-y2
   29   1   0   0       1.35340393  s
   29   2   1  -1       0.83262428  p_y
   29   2   1   0       0.82892075  p_z
   29   2   1   1       0.82653133  p_x
   29   3   2  -2       0.03954580  d_xy
   29   3   2  -1       0.03828496  d_yz
   29   3   2   0       0.01839383  d_z2
   29   3   2   1       0.03867307  d_xz
   29   3   2   2       0.01900339  d_x2-y2
   30   1   0   0       1.34550129  s
   30   2   1  -1       0.82795869  p_y
   30   2   1   0       0.83331077  p_z
   30   2   1   1       0.82362083  p_x
   30   3   2  -2       0.04392402  d_xy
   30   3   2  -1       0.03969507  d_yz
   30   3   2   0       0.02062900  d_z2
   30   3   2   1       0.03998611  d_xz
   30   3   2   2       0.02265624  d_x2-y2
   31   1   0   0       1.35050355  s
   31   2   1  -1       0.83114650  p_y
   31   2   1   0       0.82179825  p_z
   31   2   1   1       0.83043318  p_x
   31   3   2  -2       0.03746238  d_xy
   31   3   2  -1       0.04106657  d_yz
   31   3   2   0       0.02112117  d_z2
   31   3   2   1       0.04095126  d_xz
   31   3   2   2       0.01932341  d_x2-y2
   32   1   0   0       1.35222256  s
   32   2   1  -1       0.82522643  p_y
   32   2   1   0       0.82405284  p_z
   32   2   1   1       0.82862185  p_x
   32   3   2  -2       0.04482244  d_xy
   32   3   2  -1       0.04256334  d_yz
   32   3   2   0       0.02324039  d_z2
   32   3   2   1       0.03662738  d_xz
   32   3   2   2       0.01926111  d_x2-y2
   33   1   0   0       1.35910536  s
   33   2   1  -1       0.82820903  p_y
   33   2   1   0       0.82667485  p_z
   33   2   1   1       0.83075976  p_x
   33   3   2  -2       0.04308866  d_xy
   33   3   2  -1       0.03856859  d_yz
   33   3   2   0       0.02141468  d_z2
   33   3   2   1       0.03856574  d_xz
   33   3   2   2       0.01848072  d_x2-y2
   34   1   0   0       1.37969939  s
   34   2   1  -1       0.83238006  p_y
   34   2   1   0       0.82182471  p_z
   34   2   1   1       0.83244924  p_x
   34   3   2  -2       0.03342455  d_xy
   34   3   2  -1       0.03947172  d_yz
   34   3   2   0       0.01837485  d_z2
   34   3   2   1       0.03941376  d_xz
   34   3   2   2       0.01640954  d_x2-y2
   35   1   0   0       1.36491773  s
   35   2   1  -1       0.83061135  p_y
   35   2   1   0       0.82100840  p_z
   35   2   1   1       0.82598350  p_x
   35   3   2  -2       0.03785974  d_xy
   35   3   2  -1       0.04042976  d_yz
   35   3   2   0       0.02149607  d_z2
   35   3   2   1       0.04217409  d_xz
   35   3   2   2       0.01899176  d_x2-y2
   36   1   0   0       1.34598200  s
   36   2   1  -1       0.82755630  p_y
   36   2   1   0       0.82565424  p_z
   36   2   1   1       0.82467752  p_x
   36   3   2  -2       0.04323166  d_xy
   36   3   2  -1       0.03852999  d_yz
   36   3   2   0       0.02156579  d_z2
   36   3   2   1       0.04507122  d_xz
   36   3   2   2       0.02165803  d_x2-y2
   37   1   0   0       1.35514053  s
   37   2   1  -1       0.82954972  p_y
   37   2   1   0       0.82748697  p_z
   37   2   1   1       0.82468646  p_x
   37   3   2  -2       0.04021369  d_xy
   37   3   2  -1       0.03905022  d_yz
   37   3   2   0       0.02025103  d_z2
   37   3   2   1       0.04230215  d_xz
   37   3   2   2       0.02068717  d_x2-y2
   38   1   0   0       1.37701670  s
   38   2   1  -1       0.82789529  p_y
   38   2   1   0       0.83043145  p_z
   38   2   1   1       0.82196196  p_x
   38   3   2  -2       0.04110783  d_xy
   38   3   2  -1       0.03516818  d_yz
   38   3   2   0       0.01818147  d_z2
   38   3   2   1       0.03786192  d_xz
   38   3   2   2       0.01900299  d_x2-y2
   39   1   0   0       1.34768098  s
   39   2   1  -1       0.82439813  p_y
   39   2   1   0       0.82364498  p_z
   39   2   1   1       0.82436768  p_x
   39   3   2  -2       0.03894704  d_xy
   39   3   2  -1       0.04225715  d_yz
   39   3   2   0       0.02081449  d_z2
   39   3   2   1       0.04417465  d_xz
   39   3   2   2       0.02266070  d_x2-y2
   40   1   0   0       1.37306217  s
   40   2   1  -1       0.83276803  p_y
   40   2   1   0       0.82657563  p_z
   40   2   1   1       0.83139344  p_x
   40   3   2  -2       0.03336124  d_xy
   40   3   2  -1       0.04145403  d_yz
   40   3   2   0       0.01836917  d_z2
   40   3   2   1       0.03826486  d_xz
   40   3   2   2       0.01834861  d_x2-y2
   41   1   0   0       1.33769938  s
   41   2   1  -1       0.82750993  p_y
   41   2   1   0       0.82262923  p_z
   41   2   1   1       0.82870497  p_x
   41   3   2  -2       0.03996334  d_xy
   41   3   2  -1       0.04051192  d_yz
   41   3   2   0       0.02353287  d_z2
   41   3   2   1       0.04656947  d_xz
   41   3   2   2       0.02230415  d_x2-y2
   42   1   0   0       1.35591483  s
   42   2   1  -1       0.82820059  p_y
   42   2   1   0       0.82825682  p_z
   42   2   1   1       0.83053156  p_x
   42   3   2  -2       0.03618919  d_xy
   42   3   2  -1       0.04494910  d_yz
   42   3   2   0       0.01904457  d_z2
   42   3   2   1       0.03922829  d_xz
   42   3   2   2       0.02105933  d_x2-y2
   43   1   0   0       1.35509114  s
   43   2   1  -1       0.83102571  p_y
   43   2   1   0       0.83302339  p_z
   43   2   1   1       0.82620473  p_x
   43   3   2  -2       0.03953564  d_xy
   43   3   2  -1       0.03855738  d_yz
   43   3   2   0       0.01957441  d_z2
   43   3   2   1       0.03711098  d_xz
   43   3   2   2       0.01744902  d_x2-y2
   44   1   0   0       1.36813537  s
   44   2   1  -1       0.81889305  p_y
   44   2   1   0       0.83732721  p_z
   44   2   1   1       0.83153146  p_x
   44   3   2  -2       0.04327701  d_xy
   44   3   2  -1       0.03412825  d_yz
   44   3   2   0       0.01702150  d_z2
   44   3   2   1       0.03455278  d_xz
   44   3   2   2       0.01920522  d_x2-y2
   45   1   0   0       1.37558110  s
   45   2   1  -1       0.83057485  p_y
   45   2   1   0       0.83031825  p_z
   45   2   1   1       0.82973644  p_x
   45   3   2  -2       0.03789378  d_xy
   45   3   2  -1       0.03573038  d_yz
   45   3   2   0       0.01682842  d_z2
   45   3   2   1       0.03527131  d_xz
   45   3   2   2       0.01745769  d_x2-y2
   46   1   0   0       1.35299888  s
   46   2   1  -1       0.82934902  p_y
   46   2   1   0       0.83283081  p_z
   46   2   1   1       0.83131657  p_x
   46   3   2  -2       0.04343599  d_xy
   46   3   2  -1       0.03812729  d_yz
   46   3   2   0       0.01986788  d_z2
   46   3   2   1       0.03819883  d_xz
   46   3   2   2       0.02111937  d_x2-y2
   47   1   0   0       1.35768617  s
   47   2   1  -1       0.82952045  p_y
   47   2   1   0       0.83321702  p_z
   47   2   1   1       0.82323057  p_x
   47   3   2  -2       0.04149844  d_xy
   47   3   2  -1       0.04000112  d_yz
   47   3   2   0       0.01972261  d_z2
   47   3   2   1       0.03604163  d_xz
   47   3   2   2       0.01912574  d_x2-y2
   48   1   0   0       1.38012625  s
   48   2   1  -1       0.83835435  p_y
   48   2   1   0       0.82185505  p_z
   48   2   1   1       0.83282878  p_x
   48   3   2  -2       0.03253475  d_xy
   48   3   2  -1       0.04185438  d_yz
   48   3   2   0       0.01995351  d_z2
   48   3   2   1       0.04204837  d_xz
   48   3   2   2       0.01767912  d_x2-y2
   49   1   0   0       1.33629798  s
   49   2   1  -1       0.82438916  p_y
   49   2   1   0       0.82847434  p_z
   49   2   1   1       0.82996436  p_x
   49   3   2  -2       0.04560586  d_xy
   49   3   2  -1       0.04156723  d_yz
   49   3   2   0       0.02252789  d_z2
   49   3   2   1       0.04009021  d_xz
   49   3   2   2       0.02148848  d_x2-y2
   50   1   0   0       1.36742817  s
   50   2   1  -1       0.82643416  p_y
   50   2   1   0       0.82587076  p_z
   50   2   1   1       0.82741836  p_x
   50   3   2  -2       0.03779834  d_xy
   50   3   2  -1       0.03849872  d_yz
   50   3   2   0       0.01948505  d_z2
   50   3   2   1       0.03755494  d_xz
   50   3   2   2       0.01758058  d_x2-y2
   51   1   0   0       1.35623917  s
   51   2   1  -1       0.82382019  p_y
   51   2   1   0       0.83005623  p_z
   51   2   1   1       0.82512583  p_x
   51   3   2  -2       0.04016854  d_xy
   51   3   2  -1       0.03829815  d_yz
   51   3   2   0       0.01966429  d_z2
   51   3   2   1       0.04132891  d_xz
   51   3   2   2       0.02051560  d_x2-y2
   52   1   0   0       1.35795619  s
   52   2   1  -1       0.82910221  p_y
   52   2   1   0       0.82916901  p_z
   52   2   1   1       0.82456489  p_x
   52   3   2  -2       0.04037695  d_xy
   52   3   2  -1       0.03804574  d_yz
   52   3   2   0       0.02018569  d_z2
   52   3   2   1       0.03939497  d_xz
   52   3   2   2       0.01949105  d_x2-y2
   53   1   0   0       1.38787393  s
   53   2   1  -1       0.83149111  p_y
   53   2   1   0       0.82291263  p_z
   53   2   1   1       0.82998891  p_x
   53   3   2  -2       0.03059595  d_xy
   53   3   2  -1       0.03686162  d_yz
   53   3   2   0       0.01787166  d_z2
   53   3   2   1       0.04240610  d_xz
   53   3   2   2       0.01719482  d_x2-y2
   54   1   0   0       1.33856538  s
   54   2   1  -1       0.82087423  p_y
   54   2   1   0       0.82785095  p_z
   54   2   1   1       0.83043557  p_x
   54   3   2  -2       0.04807388  d_xy
   54   3   2  -1       0.04466784  d_yz
   54   3   2   0       0.02273568  d_z2
   54   3   2   1       0.03347474  d_xz
   54   3   2   2       0.02210443  d_x2-y2
   55   1   0   0       1.35166001  s
   55   2   1  -1       0.82841468  p_y
   55   2   1   0       0.82373997  p_z
   55   2   1   1       0.82939015  p_x
   55   3   2  -2       0.03723949  d_xy
   55   3   2  -1       0.03937589  d_yz
   55   3   2   0       0.01972341  d_z2
   55   3   2   1       0.04327702  d_xz
   55   3   2   2       0.02007497  d_x2-y2
   56   1   0   0       1.34037694  s
   56   2   1  -1       0.82493803  p_y
   56   2   1   0       0.82662178  p_z
   56   2   1   1       0.82407848  p_x
   56   3   2  -2       0.04292979  d_xy
   56   3   2  -1       0.04064130  d_yz
   56   3   2   0       0.02213614  d_z2
   56   3   2   1       0.04047842  d_xz
   56   3   2   2       0.02214540  d_x2-y2
   57   1   0   0       1.35901978  s
   57   2   1  -1       0.83292467  p_y
   57   2   1   0       0.83539642  p_z
   57   2   1   1       0.82365391  p_x
   57   3   2  -2       0.04026638  d_xy
   57   3   2  -1       0.03414899  d_yz
   57   3   2   0       0.01721456  d_z2
   57   3   2   1       0.04217630  d_xz
   57   3   2   2       0.02116205  d_x2-y2
   58   1   0   0       1.33318911  s
   58   2   1  -1       0.82955300  p_y
   58   2   1   0       0.83006649  p_z
   58   2   1   1       0.82135787  p_x
   58   3   2  -2       0.04160473  d_xy
   58   3   2  -1       0.04171879  d_yz
   58   3   2   0       0.02126442  d_z2
   58   3   2   1       0.04478393  d_xz
   58   3   2   2       0.02435800  d_x2-y2
   59   1   0   0       1.39270880  s
   59   2   1  -1       0.82445365  p_y
   59   2   1   0       0.83236137  p_z
   59   2   1   1       0.83330280  p_x
   59   3   2  -2       0.03365453  d_xy
   59   3   2  -1       0.03876672  d_yz
   59   3   2   0       0.01468676  d_z2
   59   3   2   1       0.02987062  d_xz
   59   3   2   2       0.01531397  d_x2-y2
   60   1   0   0       1.35386532  s
   60   2   1  -1       0.81392206  p_y
   60   2   1   0       0.82643489  p_z
   60   2   1   1       0.81916769  p_x
   60   3   2  -2       0.04551827  d_xy
   60   3   2  -1       0.04166916  d_yz
   60   3   2   0       0.02351196  d_z2
   60   3   2   1       0.04046401  d_xz
   60   3   2   2       0.02008694  d_x2-y2
   61   1   0   0       1.35681914  s
   61   2   1  -1       0.82261906  p_y
   61   2   1   0       0.83240833  p_z
   61   2   1   1       0.83056163  p_x
   61   3   2  -2       0.04321977  d_xy
   61   3   2  -1       0.04167905  d_yz
   61   3   2   0       0.01810089  d_z2
   61   3   2   1       0.03277898  d_xz
   61   3   2   2       0.01998764  d_x2-y2
   62   1   0   0       1.35801552  s
   62   2   1  -1       0.82882300  p_y
   62   2   1   0       0.82708989  p_z
   62   2   1   1       0.82503981  p_x
   62   3   2  -2       0.03662351  d_xy
   62   3   2  -1       0.03277660  d_yz
   62   3   2   0       0.01896880  d_z2
   62   3   2   1       0.04737254  d_xz
   62   3   2   2       0.01915772  d_x2-y2
   63   1   0   0       1.34481883  s
   63   2   1  -1       0.82453802  p_y
   63   2   1   0       0.82757714  p_z
   63   2   1   1       0.81817402  p_x
   63   3   2  -2       0.04931759  d_xy
   63   3   2  -1       0.03734027  d_yz
   63   3   2   0       0.02205773  d_z2
   63   3   2   1       0.03998127  d_xz
   63   3   2   2       0.02150468  d_x2-y2
   64   1   0   0       1.37709127  s
   64   2   1  -1       0.82313588  p_y
   64   2   1   0       0.83106390  p_z
   64   2   1   1       0.82716002  p_x
   64   3   2  -2       0.03204094  d_xy
   64   3   2  -1       0.04183527  d_yz
   64   3   2   0       0.01498368  d_z2
   64   3   2   1       0.03495510  d_xz
   64   3   2   2       0.01946985  d_x2-y2

Fermi level:                        -0.1331271735 H           -3.6226 eV
Band energy:                       -88.1481863467 H        -2398.6342 eV
TS:                                  0.0000000000 H            0.0000 eV
Band free energy (E-TS):           -88.1481863467 H        -2398.6342 eV
Extrapolated E(0K):                -88.1481863467 H        -2398.6342 eV
Input / Output electrons (q):    256.0000000000    256.0000000000

Energy H0:                         -88.1435776996 H        -2398.5088 eV
Energy SCC:                          0.0002123643 H            0.0058 eV
Total Electronic energy:           -88.1433653352 H        -2398.5030 eV
Repulsive energy:                    0.0000000000 H            0.0000 eV
Total energy:                      -88.1433653352 H        -2398.5030 eV
Extrapolated to 0:                 -88.1433653352 H        -2398.5030 eV
Total Mermin free energy:          -88.1433653352 H        -2398.5030 eV
Force related energy:              -88.1433653352 H        -2398.5030 eV

Non-constrained calculation

SCC converged

Warning: dipole moment is not defined absolutely!
Dipole moment:    0.02662163   -0.21878826   -0.18876958 au
Dipole moment:    0.06766544   -0.55610434   -0.47980446 Debye


