 Fermi distribution function

Calculation with static geometry


********************************************************************************
 iSCC Total electronic   Diff electronic      SCC error    
    9   -0.88157806E+02   -0.13806840E-08    0.81453741E-05
********************************************************************************

 Total charge:    -0.00000000

 Atomic gross charges (e)
 Atom           Charge
    1       0.00146751
    2      -0.02171243
    3       0.01090560
    4      -0.00898711
    5      -0.02010065
    6       0.01180097
    7      -0.01218948
    8       0.01743263
    9      -0.00194733
   10       0.00376271
   11      -0.01032290
   12       0.00223038
   13       0.00702623
   14       0.01160621
   15       0.00977047
   16       0.01004607
   17       0.02182702
   18       0.00934479
   19       0.00305180
   20       0.00394235
   21       0.01151795
   22      -0.01507361
   23       0.01070913
   24       0.00030988
   25      -0.00937794
   26       0.01007464
   27       0.00585150
   28      -0.00433383
   29       0.01430613
   30      -0.03609429
   31       0.00926961
   32      -0.02797918
   33      -0.00559558
   34       0.01341475
   35      -0.02366578
   36      -0.01306373
   37       0.00134769
   38       0.01288354
   39       0.01321811
   40      -0.00824663
   41      -0.03568871
   42      -0.00253194
   43      -0.00213147
   44       0.00878487
   45       0.02444365
   46      -0.01190361
   47      -0.00291582
   48       0.00183264
   49       0.01822149
   50      -0.00116820
   51       0.02214261
   52      -0.00676165
   53       0.01205845
   54      -0.00635093
   55       0.00762343
   56      -0.01628281
   57       0.00140570
   58      -0.00083186
   59       0.01613499
   60      -0.00408964
   61      -0.00903173
   62      -0.01458912
   63      -0.00307286
   64      -0.00372476

Nr. of electrons (up):    256.00000000
Atom populations (up)
 Atom       Population
    1       3.99853249
    2       4.02171243
    3       3.98909440
    4       4.00898711
    5       4.02010065
    6       3.98819903
    7       4.01218948
    8       3.98256737
    9       4.00194733
   10       3.99623729
   11       4.01032290
   12       3.99776962
   13       3.99297377
   14       3.98839379
   15       3.99022953
   16       3.98995393
   17       3.97817298
   18       3.99065521
   19       3.99694820
   20       3.99605765
   21       3.98848205
   22       4.01507361
   23       3.98929087
   24       3.99969012
   25       4.00937794
   26       3.98992536
   27       3.99414850
   28       4.00433383
   29       3.98569387
   30       4.03609429
   31       3.99073039
   32       4.02797918
   33       4.00559558
   34       3.98658525
   35       4.02366578
   36       4.01306373
   37       3.99865231
   38       3.98711646
   39       3.98678189
   40       4.00824663
   41       4.03568871
   42       4.00253194
   43       4.00213147
   44       3.99121513
   45       3.97555635
   46       4.01190361
   47       4.00291582
   48       3.99816736
   49       3.98177851
   50       4.00116820
   51       3.97785739
   52       4.00676165
   53       3.98794155
   54       4.00635093
   55       3.99237657
   56       4.01628281
   57       3.99859430
   58       4.00083186
   59       3.98386501
   60       4.00408964
   61       4.00903173
   62       4.01458912
   63       4.00307286
   64       4.00372476

l-shell populations (up)
 Atom Sh.   l       Population
    1   1   0       1.35240090
    1   2   1       2.48829467
    1   3   2       0.15783691
    2   1   0       1.39775819
    2   2   1       2.48615317
    2   3   2       0.13780107
    3   1   0       1.33321427
    3   2   1       2.47974559
    3   3   2       0.17613454
    4   1   0       1.37152330
    4   2   1       2.48337468
    4   3   2       0.15408913
    5   1   0       1.39355572
    5   2   1       2.48399220
    5   3   2       0.14255273
    6   1   0       1.33256898
    6   2   1       2.48431455
    6   3   2       0.17131551
    7   1   0       1.36967054
    7   2   1       2.49314087
    7   3   2       0.14937806
    8   1   0       1.33691302
    8   2   1       2.47462965
    8   3   2       0.17102470
    9   1   0       1.37421049
    9   2   1       2.47390985
    9   3   2       0.15382699
   10   1   0       1.34514510
   10   2   1       2.48271387
   10   3   2       0.16837833
   11   1   0       1.38427368
   11   2   1       2.48971901
   11   3   2       0.13633020
   12   1   0       1.35890980
   12   2   1       2.48078452
   12   3   2       0.15807530
   13   1   0       1.34268739
   13   2   1       2.48723865
   13   3   2       0.16304773
   14   1   0       1.34796096
   14   2   1       2.47479186
   14   3   2       0.16564097
   15   1   0       1.33853638
   15   2   1       2.47257707
   15   3   2       0.17911608
   16   1   0       1.35616729
   16   2   1       2.47871033
   16   3   2       0.15507630
   17   1   0       1.32978794
   17   2   1       2.48352666
   17   3   2       0.16485837
   18   1   0       1.35220025
   18   2   1       2.48384193
   18   3   2       0.15461303
   19   1   0       1.35326112
   19   2   1       2.48449309
   19   3   2       0.15919399
   20   1   0       1.35079342
   20   2   1       2.48196836
   20   3   2       0.16329587
   21   1   0       1.34707217
   21   2   1       2.47860740
   21   3   2       0.16280248
   22   1   0       1.35879996
   22   2   1       2.50315121
   22   3   2       0.15312243
   23   1   0       1.34480220
   23   2   1       2.49011478
   23   3   2       0.15437389
   24   1   0       1.35109584
   24   2   1       2.48664250
   24   3   2       0.16195177
   25   1   0       1.37977997
   25   2   1       2.47501329
   25   3   2       0.15458467
   26   1   0       1.35281393
   26   2   1       2.47225006
   26   3   2       0.16486138
   27   1   0       1.35027351
   27   2   1       2.48463623
   27   3   2       0.15923876
   28   1   0       1.35891554
   28   2   1       2.48907025
   28   3   2       0.15634804
   29   1   0       1.35784533
   29   2   1       2.46307856
   29   3   2       0.16476997
   30   1   0       1.39978723
   30   2   1       2.49568890
   30   3   2       0.14061816
   31   1   0       1.35134673
   31   2   1       2.47335041
   31   3   2       0.16603325
   32   1   0       1.39494773
   32   2   1       2.49012316
   32   3   2       0.14290828
   33   1   0       1.34870211
   33   2   1       2.49708898
   33   3   2       0.15980449
   34   1   0       1.34484714
   34   2   1       2.47373635
   34   3   2       0.16800175
   35   1   0       1.38705897
   35   2   1       2.49419488
   35   3   2       0.14241192
   36   1   0       1.37790827
   36   2   1       2.49214070
   36   3   2       0.14301476
   37   1   0       1.37866361
   37   2   1       2.47435592
   37   3   2       0.14563278
   38   1   0       1.34397432
   38   2   1       2.46293297
   38   3   2       0.18020917
   39   1   0       1.35026106
   39   2   1       2.47905832
   39   3   2       0.15746250
   40   1   0       1.36214238
   40   2   1       2.48541215
   40   3   2       0.16069211
   41   1   0       1.40104943
   41   2   1       2.49283518
   41   3   2       0.14180409
   42   1   0       1.36164642
   42   2   1       2.48845827
   42   3   2       0.15242725
   43   1   0       1.34345786
   43   2   1       2.49026954
   43   3   2       0.16840407
   44   1   0       1.33025457
   44   2   1       2.48598529
   44   3   2       0.17497527
   45   1   0       1.32424048
   45   2   1       2.47628605
   45   3   2       0.17502982
   46   1   0       1.36858384
   46   2   1       2.49699633
   46   3   2       0.14632345
   47   1   0       1.36764209
   47   2   1       2.48713673
   47   3   2       0.14813700
   48   1   0       1.35199515
   48   2   1       2.48676503
   48   3   2       0.15940718
   49   1   0       1.34738129
   49   2   1       2.47531777
   49   3   2       0.15907945
   50   1   0       1.35289878
   50   2   1       2.48360920
   50   3   2       0.16466022
   51   1   0       1.33805417
   51   2   1       2.47717068
   51   3   2       0.16263254
   52   1   0       1.36262671
   52   2   1       2.48551257
   52   3   2       0.15862236
   53   1   0       1.32575835
   53   2   1       2.48725353
   53   3   2       0.17492967
   54   1   0       1.35808818
   54   2   1       2.49691718
   54   3   2       0.15134557
   55   1   0       1.34282029
   55   2   1       2.48136613
   55   3   2       0.16819014
   56   1   0       1.37401582
   56   2   1       2.50290835
   56   3   2       0.13935863
   57   1   0       1.37023617
   57   2   1       2.47401094
   57   3   2       0.15434718
   58   1   0       1.35874927
   58   2   1       2.48057319
   58   3   2       0.16150940
   59   1   0       1.33696568
   59   2   1       2.47575971
   59   3   2       0.17113962
   60   1   0       1.35893494
   60   2   1       2.48594148
   60   3   2       0.15921321
   61   1   0       1.38099608
   61   2   1       2.47424860
   61   3   2       0.15378705
   62   1   0       1.37787840
   62   2   1       2.48667800
   62   3   2       0.15003272
   63   1   0       1.38042636
   63   2   1       2.47702114
   63   3   2       0.14562536
   64   1   0       1.36478410
   64   2   1       2.48024206
   64   3   2       0.15869860

Orbital populations (up)
 Atom Sh.   l   m       Population  Label
    1   1   0   0       1.35240090  s
    1   2   1  -1       0.82758760  p_y
    1   2   1   0       0.83139905  p_z
    1   2   1   1       0.82930803  p_x
    1   3   2  -2       0.04027873  d_xy
    1   3   2  -1       0.04193536  d_yz
    1   3   2   0       0.01913356  d_z2
    1   3   2   1       0.03607122  d_xz
    1   3   2   2       0.02041804  d_x2-y2
    2   1   0   0       1.39775819  s
    2   2   1  -1       0.82610324  p_y
    2   2   1   0       0.83581997  p_z
    2   2   1   1       0.82422996  p_x
    2   3   2  -2       0.03813696  d_xy
    2   3   2  -1       0.03237280  d_yz
    2   3   2   0       0.01647173  d_z2
    2   3   2   1       0.03555511  d_xz
    2   3   2   2       0.01526447  d_x2-y2
    3   1   0   0       1.33321427  s
    3   2   1  -1       0.82739014  p_y
    3   2   1   0       0.82538209  p_z
    3   2   1   1       0.82697336  p_x
    3   3   2  -2       0.04193412  d_xy
    3   3   2  -1       0.04216369  d_yz
    3   3   2   0       0.02298063  d_z2
    3   3   2   1       0.04534729  d_xz
    3   3   2   2       0.02370880  d_x2-y2
    4   1   0   0       1.37152330  s
    4   2   1  -1       0.82577576  p_y
    4   2   1   0       0.83087036  p_z
    4   2   1   1       0.82672856  p_x
    4   3   2  -2       0.04208995  d_xy
    4   3   2  -1       0.03844614  d_yz
    4   3   2   0       0.02037939  d_z2
    4   3   2   1       0.03545669  d_xz
    4   3   2   2       0.01771695  d_x2-y2
    5   1   0   0       1.39355572  s
    5   2   1  -1       0.82787912  p_y
    5   2   1   0       0.82927244  p_z
    5   2   1   1       0.82684064  p_x
    5   3   2  -2       0.03674429  d_xy
    5   3   2  -1       0.03514666  d_yz
    5   3   2   0       0.01875757  d_z2
    5   3   2   1       0.03663638  d_xz
    5   3   2   2       0.01526783  d_x2-y2
    6   1   0   0       1.33256898  s
    6   2   1  -1       0.82733547  p_y
    6   2   1   0       0.82938998  p_z
    6   2   1   1       0.82758910  p_x
    6   3   2  -2       0.04470777  d_xy
    6   3   2  -1       0.04453332  d_yz
    6   3   2   0       0.02240665  d_z2
    6   3   2   1       0.03608106  d_xz
    6   3   2   2       0.02358672  d_x2-y2
    7   1   0   0       1.36967054  s
    7   2   1  -1       0.83169945  p_y
    7   2   1   0       0.83092721  p_z
    7   2   1   1       0.83051421  p_x
    7   3   2  -2       0.03294709  d_xy
    7   3   2  -1       0.03830553  d_yz
    7   3   2   0       0.01783513  d_z2
    7   3   2   1       0.04072125  d_xz
    7   3   2   2       0.01956906  d_x2-y2
    8   1   0   0       1.33691302  s
    8   2   1  -1       0.82451651  p_y
    8   2   1   0       0.83146843  p_z
    8   2   1   1       0.81864472  p_x
    8   3   2  -2       0.04559760  d_xy
    8   3   2  -1       0.04184583  d_yz
    8   3   2   0       0.02128031  d_z2
    8   3   2   1       0.03942101  d_xz
    8   3   2   2       0.02287995  d_x2-y2
    9   1   0   0       1.37421049  s
    9   2   1  -1       0.82132556  p_y
    9   2   1   0       0.82267907  p_z
    9   2   1   1       0.82990522  p_x
    9   3   2  -2       0.03626969  d_xy
    9   3   2  -1       0.03972403  d_yz
    9   3   2   0       0.01932946  d_z2
    9   3   2   1       0.03974002  d_xz
    9   3   2   2       0.01876380  d_x2-y2
   10   1   0   0       1.34514510  s
   10   2   1  -1       0.82604857  p_y
   10   2   1   0       0.83349304  p_z
   10   2   1   1       0.82317226  p_x
   10   3   2  -2       0.04238533  d_xy
   10   3   2  -1       0.04113486  d_yz
   10   3   2   0       0.02048608  d_z2
   10   3   2   1       0.03991708  d_xz
   10   3   2   2       0.02445497  d_x2-y2
   11   1   0   0       1.38427368  s
   11   2   1  -1       0.82552750  p_y
   11   2   1   0       0.83158578  p_z
   11   2   1   1       0.83260572  p_x
   11   3   2  -2       0.03680431  d_xy
   11   3   2  -1       0.03431442  d_yz
   11   3   2   0       0.01532809  d_z2
   11   3   2   1       0.03363077  d_xz
   11   3   2   2       0.01625260  d_x2-y2
   12   1   0   0       1.35890980  s
   12   2   1  -1       0.82343227  p_y
   12   2   1   0       0.82423422  p_z
   12   2   1   1       0.83311802  p_x
   12   3   2  -2       0.04011735  d_xy
   12   3   2  -1       0.03867141  d_yz
   12   3   2   0       0.02113079  d_z2
   12   3   2   1       0.03889928  d_xz
   12   3   2   2       0.01925646  d_x2-y2
   13   1   0   0       1.34268739  s
   13   2   1  -1       0.82387266  p_y
   13   2   1   0       0.83309286  p_z
   13   2   1   1       0.83027313  p_x
   13   3   2  -2       0.04941386  d_xy
   13   3   2  -1       0.03699867  d_yz
   13   3   2   0       0.02136105  d_z2
   13   3   2   1       0.03503365  d_xz
   13   3   2   2       0.02024051  d_x2-y2
   14   1   0   0       1.34796096  s
   14   2   1  -1       0.82562278  p_y
   14   2   1   0       0.82589926  p_z
   14   2   1   1       0.82326982  p_x
   14   3   2  -2       0.04003835  d_xy
   14   3   2  -1       0.03717396  d_yz
   14   3   2   0       0.02091033  d_z2
   14   3   2   1       0.04700705  d_xz
   14   3   2   2       0.02051128  d_x2-y2
   15   1   0   0       1.33853638  s
   15   2   1  -1       0.82111111  p_y
   15   2   1   0       0.82828693  p_z
   15   2   1   1       0.82317903  p_x
   15   3   2  -2       0.04432443  d_xy
   15   3   2  -1       0.04579294  d_yz
   15   3   2   0       0.02305656  d_z2
   15   3   2   1       0.04208618  d_xz
   15   3   2   2       0.02385598  d_x2-y2
   16   1   0   0       1.35616729  s
   16   2   1  -1       0.82579626  p_y
   16   2   1   0       0.82594714  p_z
   16   2   1   1       0.82696693  p_x
   16   3   2  -2       0.03621019  d_xy
   16   3   2  -1       0.04076066  d_yz
   16   3   2   0       0.01948516  d_z2
   16   3   2   1       0.03944716  d_xz
   16   3   2   2       0.01917313  d_x2-y2
   17   1   0   0       1.32978794  s
   17   2   1  -1       0.82703815  p_y
   17   2   1   0       0.82654678  p_z
   17   2   1   1       0.82994172  p_x
   17   3   2  -2       0.03913816  d_xy
   17   3   2  -1       0.04544686  d_yz
   17   3   2   0       0.02150244  d_z2
   17   3   2   1       0.03881243  d_xz
   17   3   2   2       0.01995848  d_x2-y2
   18   1   0   0       1.35220025  s
   18   2   1  -1       0.82513999  p_y
   18   2   1   0       0.82752032  p_z
   18   2   1   1       0.83118162  p_x
   18   3   2  -2       0.03927424  d_xy
   18   3   2  -1       0.04049175  d_yz
   18   3   2   0       0.02017513  d_z2
   18   3   2   1       0.03626037  d_xz
   18   3   2   2       0.01841153  d_x2-y2
   19   1   0   0       1.35326112  s
   19   2   1  -1       0.83057113  p_y
   19   2   1   0       0.83011253  p_z
   19   2   1   1       0.82380942  p_x
   19   3   2  -2       0.03931881  d_xy
   19   3   2  -1       0.03701441  d_yz
   19   3   2   0       0.01985227  d_z2
   19   3   2   1       0.04329033  d_xz
   19   3   2   2       0.01971816  d_x2-y2
   20   1   0   0       1.35079342  s
   20   2   1  -1       0.82697329  p_y
   20   2   1   0       0.82635167  p_z
   20   2   1   1       0.82864340  p_x
   20   3   2  -2       0.03729068  d_xy
   20   3   2  -1       0.04133956  d_yz
   20   3   2   0       0.01980877  d_z2
   20   3   2   1       0.04342897  d_xz
   20   3   2   2       0.02142789  d_x2-y2
   21   1   0   0       1.34707217  s
   21   2   1  -1       0.82918119  p_y
   21   2   1   0       0.82184400  p_z
   21   2   1   1       0.82758221  p_x
   21   3   2  -2       0.04126785  d_xy
   21   3   2  -1       0.04263578  d_yz
   21   3   2   0       0.02222404  d_z2
   21   3   2   1       0.03711197  d_xz
   21   3   2   2       0.01956283  d_x2-y2
   22   1   0   0       1.35879996  s
   22   2   1  -1       0.83739561  p_y
   22   2   1   0       0.83074456  p_z
   22   2   1   1       0.83501105  p_x
   22   3   2  -2       0.03715854  d_xy
   22   3   2  -1       0.04066956  d_yz
   22   3   2   0       0.01931583  d_z2
   22   3   2   1       0.03782545  d_xz
   22   3   2   2       0.01815305  d_x2-y2
   23   1   0   0       1.34480220  s
   23   2   1  -1       0.83208059  p_y
   23   2   1   0       0.82727291  p_z
   23   2   1   1       0.83076128  p_x
   23   3   2  -2       0.03911069  d_xy
   23   3   2  -1       0.04003422  d_yz
   23   3   2   0       0.01931197  d_z2
   23   3   2   1       0.03748477  d_xz
   23   3   2   2       0.01843223  d_x2-y2
   24   1   0   0       1.35109584  s
   24   2   1  -1       0.82518531  p_y
   24   2   1   0       0.82924648  p_z
   24   2   1   1       0.83221071  p_x
   24   3   2  -2       0.03636978  d_xy
   24   3   2  -1       0.04275613  d_yz
   24   3   2   0       0.02016623  d_z2
   24   3   2   1       0.04133843  d_xz
   24   3   2   2       0.02132119  d_x2-y2
   25   1   0   0       1.37977997  s
   25   2   1  -1       0.82823312  p_y
   25   2   1   0       0.82162239  p_z
   25   2   1   1       0.82515778  p_x
   25   3   2  -2       0.03701206  d_xy
   25   3   2  -1       0.03760687  d_yz
   25   3   2   0       0.01975849  d_z2
   25   3   2   1       0.04223077  d_xz
   25   3   2   2       0.01797649  d_x2-y2
   26   1   0   0       1.35281393  s
   26   2   1  -1       0.82420874  p_y
   26   2   1   0       0.82368237  p_z
   26   2   1   1       0.82435894  p_x
   26   3   2  -2       0.04138038  d_xy
   26   3   2  -1       0.03813290  d_yz
   26   3   2   0       0.02065366  d_z2
   26   3   2   1       0.04242514  d_xz
   26   3   2   2       0.02226929  d_x2-y2
   27   1   0   0       1.35027351  s
   27   2   1  -1       0.82799550  p_y
   27   2   1   0       0.82120608  p_z
   27   2   1   1       0.83543464  p_x
   27   3   2  -2       0.03960446  d_xy
   27   3   2  -1       0.04137599  d_yz
   27   3   2   0       0.02177888  d_z2
   27   3   2   1       0.03828135  d_xz
   27   3   2   2       0.01819808  d_x2-y2
   28   1   0   0       1.35891554  s
   28   2   1  -1       0.83121446  p_y
   28   2   1   0       0.82922319  p_z
   28   2   1   1       0.82863259  p_x
   28   3   2  -2       0.03804115  d_xy
   28   3   2  -1       0.03974292  d_yz
   28   3   2   0       0.01891218  d_z2
   28   3   2   1       0.04011804  d_xz
   28   3   2   2       0.01953376  d_x2-y2
   29   1   0   0       1.35784533  s
   29   2   1  -1       0.82599178  p_y
   29   2   1   0       0.82119542  p_z
   29   2   1   1       0.81589136  p_x
   29   3   2  -2       0.03920056  d_xy
   29   3   2  -1       0.03844346  d_yz
   29   3   2   0       0.02150746  d_z2
   29   3   2   1       0.04443660  d_xz
   29   3   2   2       0.02118190  d_x2-y2
   30   1   0   0       1.39978723  s
   30   2   1  -1       0.83338940  p_y
   30   2   1   0       0.83246428  p_z
   30   2   1   1       0.82983523  p_x
   30   3   2  -2       0.03878342  d_xy
   30   3   2  -1       0.03189979  d_yz
   30   3   2   0       0.01548186  d_z2
   30   3   2   1       0.03710758  d_xz
   30   3   2   2       0.01734550  d_x2-y2
   31   1   0   0       1.35134673  s
   31   2   1  -1       0.82679592  p_y
   31   2   1   0       0.82243079  p_z
   31   2   1   1       0.82412371  p_x
   31   3   2  -2       0.03726331  d_xy
   31   3   2  -1       0.04159627  d_yz
   31   3   2   0       0.02042402  d_z2
   31   3   2   1       0.04487986  d_xz
   31   3   2   2       0.02186980  d_x2-y2
   32   1   0   0       1.39494773  s
   32   2   1  -1       0.82661216  p_y
   32   2   1   0       0.83242433  p_z
   32   2   1   1       0.83108667  p_x
   32   3   2  -2       0.03830798  d_xy
   32   3   2  -1       0.03725969  d_yz
   32   3   2   0       0.01518188  d_z2
   32   3   2   1       0.03374575  d_xz
   32   3   2   2       0.01841298  d_x2-y2
   33   1   0   0       1.34870211  s
   33   2   1  -1       0.83136352  p_y
   33   2   1   0       0.83451838  p_z
   33   2   1   1       0.83120708  p_x
   33   3   2  -2       0.04234468  d_xy
   33   3   2  -1       0.04209104  d_yz
   33   3   2   0       0.01903926  d_z2
   33   3   2   1       0.03559762  d_xz
   33   3   2   2       0.02073188  d_x2-y2
   34   1   0   0       1.34484714  s
   34   2   1  -1       0.82817714  p_y
   34   2   1   0       0.82322900  p_z
   34   2   1   1       0.82233022  p_x
   34   3   2  -2       0.03725913  d_xy
   34   3   2  -1       0.03964746  d_yz
   34   3   2   0       0.02111210  d_z2
   34   3   2   1       0.04829191  d_xz
   34   3   2   2       0.02169115  d_x2-y2
   35   1   0   0       1.38705897  s
   35   2   1  -1       0.83302022  p_y
   35   2   1   0       0.83348756  p_z
   35   2   1   1       0.82768710  p_x
   35   3   2  -2       0.03893297  d_xy
   35   3   2  -1       0.03257937  d_yz
   35   3   2   0       0.01607431  d_z2
   35   3   2   1       0.03770943  d_xz
   35   3   2   2       0.01711584  d_x2-y2
   36   1   0   0       1.37790827  s
   36   2   1  -1       0.83345684  p_y
   36   2   1   0       0.83008119  p_z
   36   2   1   1       0.82860267  p_x
   36   3   2  -2       0.03102880  d_xy
   36   3   2  -1       0.03690524  d_yz
   36   3   2   0       0.01603731  d_z2
   36   3   2   1       0.04110072  d_xz
   36   3   2   2       0.01794268  d_x2-y2
   37   1   0   0       1.37866361  s
   37   2   1  -1       0.82261834  p_y
   37   2   1   0       0.82311305  p_z
   37   2   1   1       0.82862453  p_x
   37   3   2  -2       0.03589721  d_xy
   37   3   2  -1       0.03808796  d_yz
   37   3   2   0       0.01657643  d_z2
   37   3   2   1       0.03704348  d_xz
   37   3   2   2       0.01802770  d_x2-y2
   38   1   0   0       1.34397432  s
   38   2   1  -1       0.82522483  p_y
   38   2   1   0       0.81130142  p_z
   38   2   1   1       0.82640672  p_x
   38   3   2  -2       0.04074605  d_xy
   38   3   2  -1       0.04803294  d_yz
   38   3   2   0       0.02410719  d_z2
   38   3   2   1       0.04364701  d_xz
   38   3   2   2       0.02367598  d_x2-y2
   39   1   0   0       1.35026106  s
   39   2   1  -1       0.82824183  p_y
   39   2   1   0       0.82551566  p_z
   39   2   1   1       0.82530083  p_x
   39   3   2  -2       0.03627806  d_xy
   39   3   2  -1       0.03956861  d_yz
   39   3   2   0       0.02110908  d_z2
   39   3   2   1       0.03968283  d_xz
   39   3   2   2       0.02082392  d_x2-y2
   40   1   0   0       1.36214238  s
   40   2   1  -1       0.82878291  p_y
   40   2   1   0       0.82573292  p_z
   40   2   1   1       0.83089633  p_x
   40   3   2  -2       0.03938495  d_xy
   40   3   2  -1       0.03884283  d_yz
   40   3   2   0       0.02077681  d_z2
   40   3   2   1       0.04174622  d_xz
   40   3   2   2       0.01994131  d_x2-y2
   41   1   0   0       1.40104943  s
   41   2   1  -1       0.83377101  p_y
   41   2   1   0       0.82940487  p_z
   41   2   1   1       0.82965931  p_x
   41   3   2  -2       0.03358114  d_xy
   41   3   2  -1       0.03351526  d_yz
   41   3   2   0       0.01793122  d_z2
   41   3   2   1       0.04098486  d_xz
   41   3   2   2       0.01579162  d_x2-y2
   42   1   0   0       1.36164642  s
   42   2   1  -1       0.82679693  p_y
   42   2   1   0       0.83009681  p_z
   42   2   1   1       0.83156453  p_x
   42   3   2  -2       0.04290488  d_xy
   42   3   2  -1       0.03916102  d_yz
   42   3   2   0       0.01871501  d_z2
   42   3   2   1       0.03250211  d_xz
   42   3   2   2       0.01914423  d_x2-y2
   43   1   0   0       1.34345786  s
   43   2   1  -1       0.82977421  p_y
   43   2   1   0       0.82456045  p_z
   43   2   1   1       0.83593488  p_x
   43   3   2  -2       0.04111417  d_xy
   43   3   2  -1       0.04375765  d_yz
   43   3   2   0       0.02438553  d_z2
   43   3   2   1       0.04042237  d_xz
   43   3   2   2       0.01872434  d_x2-y2
   44   1   0   0       1.33025457  s
   44   2   1  -1       0.83335040  p_y
   44   2   1   0       0.82636152  p_z
   44   2   1   1       0.82627337  p_x
   44   3   2  -2       0.04332236  d_xy
   44   3   2  -1       0.04181365  d_yz
   44   3   2   0       0.02394738  d_z2
   44   3   2   1       0.04278503  d_xz
   44   3   2   2       0.02310684  d_x2-y2
   45   1   0   0       1.32424048  s
   45   2   1  -1       0.82742400  p_y
   45   2   1   0       0.82490510  p_z
   45   2   1   1       0.82395695  p_x
   45   3   2  -2       0.04680820  d_xy
   45   3   2  -1       0.04112612  d_yz
   45   3   2   0       0.02397831  d_z2
   45   3   2   1       0.04078260  d_xz
   45   3   2   2       0.02233460  d_x2-y2
   46   1   0   0       1.36858384  s
   46   2   1  -1       0.83695510  p_y
   46   2   1   0       0.82882915  p_z
   46   2   1   1       0.83121208  p_x
   46   3   2  -2       0.03544660  d_xy
   46   3   2  -1       0.03486361  d_yz
   46   3   2   0       0.01869567  d_z2
   46   3   2   1       0.04094643  d_xz
   46   3   2   2       0.01637113  d_x2-y2
   47   1   0   0       1.36764209  s
   47   2   1  -1       0.82608319  p_y
   47   2   1   0       0.82940944  p_z
   47   2   1   1       0.83164411  p_x
   47   3   2  -2       0.03619666  d_xy
   47   3   2  -1       0.03954935  d_yz
   47   3   2   0       0.01743626  d_z2
   47   3   2   1       0.03639504  d_xz
   47   3   2   2       0.01855968  d_x2-y2
   48   1   0   0       1.35199515  s
   48   2   1  -1       0.83084621  p_y
   48   2   1   0       0.82501436  p_z
   48   2   1   1       0.83090446  p_x
   48   3   2  -2       0.03747624  d_xy
   48   3   2  -1       0.04558082  d_yz
   48   3   2   0       0.02092869  d_z2
   48   3   2   1       0.03654558  d_xz
   48   3   2   2       0.01887585  d_x2-y2
   49   1   0   0       1.34738129  s
   49   2   1  -1       0.82547069  p_y
   49   2   1   0       0.82606463  p_z
   49   2   1   1       0.82378245  p_x
   49   3   2  -2       0.03967586  d_xy
   49   3   2  -1       0.04101030  d_yz
   49   3   2   0       0.01986665  d_z2
   49   3   2   1       0.03799094  d_xz
   49   3   2   2       0.02053570  d_x2-y2
   50   1   0   0       1.35289878  s
   50   2   1  -1       0.82568617  p_y
   50   2   1   0       0.82946234  p_z
   50   2   1   1       0.82846069  p_x
   50   3   2  -2       0.04351638  d_xy
   50   3   2  -1       0.04139309  d_yz
   50   3   2   0       0.02092521  d_z2
   50   3   2   1       0.03827743  d_xz
   50   3   2   2       0.02054811  d_x2-y2
   51   1   0   0       1.33805417  s
   51   2   1  -1       0.82777018  p_y
   51   2   1   0       0.82669073  p_z
   51   2   1   1       0.82270977  p_x
   51   3   2  -2       0.04196928  d_xy
   51   3   2  -1       0.03634558  d_yz
   51   3   2   0       0.02150405  d_z2
   51   3   2   1       0.04323188  d_xz
   51   3   2   2       0.01958175  d_x2-y2
   52   1   0   0       1.36262671  s
   52   2   1  -1       0.82691467  p_y
   52   2   1   0       0.82723543  p_z
   52   2   1   1       0.83136247  p_x
   52   3   2  -2       0.04059932  d_xy
   52   3   2  -1       0.03712667  d_yz
   52   3   2   0       0.01982903  d_z2
   52   3   2   1       0.04165117  d_xz
   52   3   2   2       0.01941617  d_x2-y2
   53   1   0   0       1.32575835  s
   53   2   1  -1       0.83058428  p_y
   53   2   1   0       0.83273806  p_z
   53   2   1   1       0.82393118  p_x
   53   3   2  -2       0.04244432  d_xy
   53   3   2  -1       0.04284454  d_yz
   53   3   2   0       0.02125627  d_z2
   53   3   2   1       0.04357740  d_xz
   53   3   2   2       0.02480715  d_x2-y2
   54   1   0   0       1.35808818  s
   54   2   1  -1       0.83126818  p_y
   54   2   1   0       0.83459989  p_z
   54   2   1   1       0.83104911  p_x
   54   3   2  -2       0.03553635  d_xy
   54   3   2  -1       0.04013623  d_yz
   54   3   2   0       0.01668805  d_z2
   54   3   2   1       0.03778828  d_xz
   54   3   2   2       0.02119665  d_x2-y2
   55   1   0   0       1.34282029  s
   55   2   1  -1       0.82251817  p_y
   55   2   1   0       0.83026704  p_z
   55   2   1   1       0.82858092  p_x
   55   3   2  -2       0.04226853  d_xy
   55   3   2  -1       0.04423787  d_yz
   55   3   2   0       0.02113002  d_z2
   55   3   2   1       0.03902984  d_xz
   55   3   2   2       0.02152388  d_x2-y2
   56   1   0   0       1.37401582  s
   56   2   1  -1       0.83347262  p_y
   56   2   1   0       0.83517021  p_z
   56   2   1   1       0.83426553  p_x
   56   3   2  -2       0.03358444  d_xy
   56   3   2  -1       0.03599763  d_yz
   56   3   2   0       0.01608984  d_z2
   56   3   2   1       0.03693820  d_xz
   56   3   2   2       0.01674853  d_x2-y2
   57   1   0   0       1.37023617  s
   57   2   1  -1       0.82282781  p_y
   57   2   1   0       0.82564860  p_z
   57   2   1   1       0.82553453  p_x
   57   3   2  -2       0.03810490  d_xy
   57   3   2  -1       0.03971339  d_yz
   57   3   2   0       0.01924068  d_z2
   57   3   2   1       0.03829976  d_xz
   57   3   2   2       0.01898846  d_x2-y2
   58   1   0   0       1.35874927  s
   58   2   1  -1       0.82830869  p_y
   58   2   1   0       0.82598014  p_z
   58   2   1   1       0.82628436  p_x
   58   3   2  -2       0.03864125  d_xy
   58   3   2  -1       0.03922276  d_yz
   58   3   2   0       0.02235031  d_z2
   58   3   2   1       0.04199089  d_xz
   58   3   2   2       0.01930419  d_x2-y2
   59   1   0   0       1.33696568  s
   59   2   1  -1       0.82143283  p_y
   59   2   1   0       0.83080548  p_z
   59   2   1   1       0.82352139  p_x
   59   3   2  -2       0.04645692  d_xy
   59   3   2  -1       0.03882544  d_yz
   59   3   2   0       0.02176678  d_z2
   59   3   2   1       0.04099299  d_xz
   59   3   2   2       0.02309749  d_x2-y2
   60   1   0   0       1.35893494  s
   60   2   1  -1       0.82257498  p_y
   60   2   1   0       0.83492806  p_z
   60   2   1   1       0.82843844  p_x
   60   3   2  -2       0.04061942  d_xy
   60   3   2  -1       0.04076140  d_yz
   60   3   2   0       0.01930012  d_z2
   60   3   2   1       0.03751946  d_xz
   60   3   2   2       0.02101281  d_x2-y2
   61   1   0   0       1.38099608  s
   61   2   1  -1       0.82177273  p_y
   61   2   1   0       0.82765260  p_z
   61   2   1   1       0.82482327  p_x
   61   3   2  -2       0.03955783  d_xy
   61   3   2  -1       0.03919814  d_yz
   61   3   2   0       0.01842577  d_z2
   61   3   2   1       0.03783894  d_xz
   61   3   2   2       0.01876636  d_x2-y2
   62   1   0   0       1.37787840  s
   62   2   1  -1       0.82999258  p_y
   62   2   1   0       0.82985898  p_z
   62   2   1   1       0.82682643  p_x
   62   3   2  -2       0.04122932  d_xy
   62   3   2  -1       0.03552417  d_yz
   62   3   2   0       0.01731036  d_z2
   62   3   2   1       0.03705542  d_xz
   62   3   2   2       0.01891345  d_x2-y2
   63   1   0   0       1.38042636  s
   63   2   1  -1       0.82599025  p_y
   63   2   1   0       0.82639639  p_z
   63   2   1   1       0.82463450  p_x
   63   3   2  -2       0.03945575  d_xy
   63   3   2  -1       0.03526781  d_yz
   63   3   2   0       0.01824367  d_z2
   63   3   2   1       0.03605779  d_xz
   63   3   2   2       0.01660033  d_x2-y2
   64   1   0   0       1.36478410  s
   64   2   1  -1       0.82343147  p_y
   64   2   1   0       0.82443785  p_z
   64   2   1   1       0.83237274  p_x
   64   3   2  -2       0.04058584  d_xy
   64   3   2  -1       0.04200859  d_yz
   64   3   2   0       0.02034113  d_z2
   64   3   2   1       0.03640018  d_xz
   64   3   2   2       0.01936286  d_x2-y2

Fermi level:                        -0.1330736313 H           -3.6211 eV
Band energy:                       -88.1732807987 H        -2399.3170 eV
TS:                                  0.0000000000 H            0.0000 eV
Band free energy (E-TS):           -88.1732807987 H        -2399.3170 eV
Extrapolated E(0K):                -88.1732807987 H        -2399.3170 eV
Input / Output electrons (q):    256.0000000000    256.0000000000

Energy H0:                         -88.1583351335 H        -2398.9104 eV
Energy SCC:                          0.0005286810 H            0.0144 eV
Total Electronic energy:           -88.1578064525 H        -2398.8960 eV
Repulsive energy:                    0.0000000000 H            0.0000 eV
Total energy:                      -88.1578064525 H        -2398.8960 eV
Extrapolated to 0:                 -88.1578064525 H        -2398.8960 eV
Total Mermin free energy:          -88.1578064525 H        -2398.8960 eV
Force related energy:              -88.1578064525 H        -2398.8960 eV

Non-constrained calculation

SCC converged

Warning: dipole moment is not defined absolutely!
Dipole moment:   -0.23071598    0.21829625   -0.07691356 au
Dipole moment:   -0.58642159    0.55485377   -0.19549477 Debye


