 Fermi distribution function

Calculation with static geometry


********************************************************************************
 iSCC Total electronic   Diff electronic      SCC error    
   10   -0.88102995E+02   -0.10858514E-09    0.41559842E-05
********************************************************************************

 Total charge:    -0.00000000

 Atomic gross charges (e)
 Atom           Charge
    1      -0.00877979
    2       0.01297802
    3       0.00263750
    4       0.00638803
    5       0.02529314
    6      -0.00378614
    7       0.01146442
    8      -0.00656270
    9       0.01942341
   10      -0.00557555
   11      -0.00879071
   12       0.01218115
   13      -0.00236085
   14      -0.00114340
   15       0.00583025
   16      -0.00741161
   17      -0.00131111
   18      -0.00700344
   19      -0.02033253
   20      -0.03378909
   21      -0.01218434
   22       0.00499413
   23       0.00303021
   24      -0.02564776
   25      -0.01941149
   26       0.00244858
   27      -0.00093369
   28       0.00368481
   29      -0.00828115
   30       0.01989540
   31      -0.00951901
   32       0.02831871
   33       0.02669548
   34       0.01523909
   35       0.02029278
   36      -0.01932896
   37       0.00648140
   38      -0.01135460
   39       0.00957129
   40       0.00470901
   41       0.02825882
   42       0.01393450
   43       0.00072919
   44      -0.01058962
   45       0.00242809
   46      -0.00325976
   47      -0.01271116
   48       0.01741452
   49      -0.03928989
   50       0.00887314
   51      -0.02007472
   52       0.00867082
   53       0.02014223
   54      -0.00934038
   55      -0.02026284
   56      -0.00398234
   57      -0.01436415
   58       0.00696764
   59      -0.00947631
   60       0.00590792
   61      -0.01033930
   62       0.02047332
   63      -0.00643012
   64      -0.00172845

Nr. of electrons (up):    256.00000000
Atom populations (up)
 Atom       Population
    1       4.00877979
    2       3.98702198
    3       3.99736250
    4       3.99361197
    5       3.97470686
    6       4.00378614
    7       3.98853558
    8       4.00656270
    9       3.98057659
   10       4.00557555
   11       4.00879071
   12       3.98781885
   13       4.00236085
   14       4.00114340
   15       3.99416975
   16       4.00741161
   17       4.00131111
   18       4.00700344
   19       4.02033253
   20       4.03378909
   21       4.01218434
   22       3.99500587
   23       3.99696979
   24       4.02564776
   25       4.01941149
   26       3.99755142
   27       4.00093369
   28       3.99631519
   29       4.00828115
   30       3.98010460
   31       4.00951901
   32       3.97168129
   33       3.97330452
   34       3.98476091
   35       3.97970722
   36       4.01932896
   37       3.99351860
   38       4.01135460
   39       3.99042871
   40       3.99529099
   41       3.97174118
   42       3.98606550
   43       3.99927081
   44       4.01058962
   45       3.99757191
   46       4.00325976
   47       4.01271116
   48       3.98258548
   49       4.03928989
   50       3.99112686
   51       4.02007472
   52       3.99132918
   53       3.97985777
   54       4.00934038
   55       4.02026284
   56       4.00398234
   57       4.01436415
   58       3.99303236
   59       4.00947631
   60       3.99409208
   61       4.01033930
   62       3.97952668
   63       4.00643012
   64       4.00172845

l-shell populations (up)
 Atom Sh.   l       Population
    1   1   0       1.37880292
    1   2   1       2.48466925
    1   3   2       0.14530761
    2   1   0       1.33324305
    2   2   1       2.49066579
    2   3   2       0.16311314
    3   1   0       1.35708308
    3   2   1       2.48616027
    3   3   2       0.15411915
    4   1   0       1.36065333
    4   2   1       2.47489143
    4   3   2       0.15806721
    5   1   0       1.32725968
    5   2   1       2.47577709
    5   3   2       0.17167009
    6   1   0       1.36981234
    6   2   1       2.47996286
    6   3   2       0.15401095
    7   1   0       1.35468209
    7   2   1       2.46389875
    7   3   2       0.16995473
    8   1   0       1.36638515
    8   2   1       2.48248868
    8   3   2       0.15768886
    9   1   0       1.32112956
    9   2   1       2.48580587
    9   3   2       0.17364116
   10   1   0       1.38417409
   10   2   1       2.46747712
   10   3   2       0.15392435
   11   1   0       1.37569019
   11   2   1       2.47589262
   11   3   2       0.15720790
   12   1   0       1.36179042
   12   2   1       2.47873928
   12   3   2       0.14728915
   13   1   0       1.36251116
   13   2   1       2.48271494
   13   3   2       0.15713474
   14   1   0       1.35959139
   14   2   1       2.48656162
   14   3   2       0.15499040
   15   1   0       1.36380890
   15   2   1       2.48231727
   15   3   2       0.14804359
   16   1   0       1.35949580
   16   2   1       2.49133987
   16   3   2       0.15657594
   17   1   0       1.36478130
   17   2   1       2.47728952
   17   3   2       0.15924030
   18   1   0       1.36365527
   18   2   1       2.48058122
   18   3   2       0.16276695
   19   1   0       1.38027206
   19   2   1       2.49142686
   19   3   2       0.14863361
   20   1   0       1.40244307
   20   2   1       2.49090512
   20   3   2       0.14044090
   21   1   0       1.36563704
   21   2   1       2.48665605
   21   3   2       0.15989125
   22   1   0       1.36202568
   22   2   1       2.46999438
   22   3   2       0.16298582
   23   1   0       1.34668859
   23   2   1       2.47521842
   23   3   2       0.17506278
   24   1   0       1.40926024
   24   2   1       2.48263269
   24   3   2       0.13375483
   25   1   0       1.38183718
   25   2   1       2.49180326
   25   3   2       0.14577106
   26   1   0       1.35127313
   26   2   1       2.48519701
   26   3   2       0.16108128
   27   1   0       1.36765575
   27   2   1       2.48101399
   27   3   2       0.15226395
   28   1   0       1.33739555
   28   2   1       2.49053273
   28   3   2       0.16838692
   29   1   0       1.36789600
   29   2   1       2.48746521
   29   3   2       0.15291994
   30   1   0       1.32783326
   30   2   1       2.48222862
   30   3   2       0.17004273
   31   1   0       1.36127978
   31   2   1       2.49022966
   31   3   2       0.15800957
   32   1   0       1.30589534
   32   2   1       2.46786064
   32   3   2       0.19792531
   33   1   0       1.34048102
   33   2   1       2.45664117
   33   3   2       0.17618233
   34   1   0       1.33475989
   34   2   1       2.48270163
   34   3   2       0.16729938
   35   1   0       1.32509773
   35   2   1       2.47728656
   35   3   2       0.17732293
   36   1   0       1.38250021
   36   2   1       2.49371683
   36   3   2       0.14311192
   37   1   0       1.34565008
   37   2   1       2.48529743
   37   3   2       0.16257109
   38   1   0       1.37816246
   38   2   1       2.50116738
   38   3   2       0.13202477
   39   1   0       1.34712237
   39   2   1       2.47585377
   39   3   2       0.16745257
   40   1   0       1.36065362
   40   2   1       2.48256732
   40   3   2       0.15207005
   41   1   0       1.32604284
   41   2   1       2.47395729
   41   3   2       0.17174105
   42   1   0       1.34609028
   42   2   1       2.46795778
   42   3   2       0.17201745
   43   1   0       1.38341030
   43   2   1       2.46214667
   43   3   2       0.15371383
   44   1   0       1.37478214
   44   2   1       2.48206266
   44   3   2       0.15374482
   45   1   0       1.36158673
   45   2   1       2.48677844
   45   3   2       0.14920674
   46   1   0       1.37499981
   46   2   1       2.46656115
   46   3   2       0.16169880
   47   1   0       1.38362052
   47   2   1       2.47958860
   47   3   2       0.14950204
   48   1   0       1.32578367
   48   2   1       2.47360878
   48   3   2       0.18319303
   49   1   0       1.40778760
   49   2   1       2.48833200
   49   3   2       0.14317029
   50   1   0       1.34387764
   50   2   1       2.49011916
   50   3   2       0.15713006
   51   1   0       1.37215639
   51   2   1       2.49418896
   51   3   2       0.15372937
   52   1   0       1.35182221
   52   2   1       2.47474890
   52   3   2       0.16475808
   53   1   0       1.33632593
   53   2   1       2.46270901
   53   3   2       0.18082284
   54   1   0       1.38371184
   54   2   1       2.47230407
   54   3   2       0.15332447
   55   1   0       1.39280713
   55   2   1       2.48700948
   55   3   2       0.14044624
   56   1   0       1.38198696
   56   2   1       2.46314070
   56   3   2       0.15885469
   57   1   0       1.36583496
   57   2   1       2.50098196
   57   3   2       0.14754723
   58   1   0       1.37102571
   58   2   1       2.45738724
   58   3   2       0.16461941
   59   1   0       1.36213944
   59   2   1       2.48810985
   59   3   2       0.15922702
   60   1   0       1.33929297
   60   2   1       2.48232733
   60   3   2       0.17247178
   61   1   0       1.37315251
   61   2   1       2.48986926
   61   3   2       0.14731752
   62   1   0       1.32276780
   62   2   1       2.48207849
   62   3   2       0.17468039
   63   1   0       1.36352842
   63   2   1       2.48958536
   63   3   2       0.15331633
   64   1   0       1.36666587
   64   2   1       2.49267944
   64   3   2       0.14238313

Orbital populations (up)
 Atom Sh.   l   m       Population  Label
    1   1   0   0       1.37880292  s
    1   2   1  -1       0.83045096  p_y
    1   2   1   0       0.82694908  p_z
    1   2   1   1       0.82726922  p_x
    1   3   2  -2       0.03480667  d_xy
    1   3   2  -1       0.03993855  d_yz
    1   3   2   0       0.01796237  d_z2
    1   3   2   1       0.03603083  d_xz
    1   3   2   2       0.01656918  d_x2-y2
    2   1   0   0       1.33324305  s
    2   2   1  -1       0.82917424  p_y
    2   2   1   0       0.82898726  p_z
    2   2   1   1       0.83250429  p_x
    2   3   2  -2       0.04116356  d_xy
    2   3   2  -1       0.04069929  d_yz
    2   3   2   0       0.02085978  d_z2
    2   3   2   1       0.03967148  d_xz
    2   3   2   2       0.02071903  d_x2-y2
    3   1   0   0       1.35708308  s
    3   2   1  -1       0.83232483  p_y
    3   2   1   0       0.82413223  p_z
    3   2   1   1       0.82970322  p_x
    3   3   2  -2       0.03659985  d_xy
    3   3   2  -1       0.03824300  d_yz
    3   3   2   0       0.01958885  d_z2
    3   3   2   1       0.04120658  d_xz
    3   3   2   2       0.01848087  d_x2-y2
    4   1   0   0       1.36065333  s
    4   2   1  -1       0.82360565  p_y
    4   2   1   0       0.82548649  p_z
    4   2   1   1       0.82579928  p_x
    4   3   2  -2       0.04005824  d_xy
    4   3   2  -1       0.03919805  d_yz
    4   3   2   0       0.02149804  d_z2
    4   3   2   1       0.03866824  d_xz
    4   3   2   2       0.01864465  d_x2-y2
    5   1   0   0       1.32725968  s
    5   2   1  -1       0.82789043  p_y
    5   2   1   0       0.82680018  p_z
    5   2   1   1       0.82108647  p_x
    5   3   2  -2       0.04272377  d_xy
    5   3   2  -1       0.03754846  d_yz
    5   3   2   0       0.02286189  d_z2
    5   3   2   1       0.04579896  d_xz
    5   3   2   2       0.02273701  d_x2-y2
    6   1   0   0       1.36981234  s
    6   2   1  -1       0.82238159  p_y
    6   2   1   0       0.82809776  p_z
    6   2   1   1       0.82948351  p_x
    6   3   2  -2       0.04133887  d_xy
    6   3   2  -1       0.03816682  d_yz
    6   3   2   0       0.01863443  d_z2
    6   3   2   1       0.03661197  d_xz
    6   3   2   2       0.01925885  d_x2-y2
    7   1   0   0       1.35468209  s
    7   2   1  -1       0.82393391  p_y
    7   2   1   0       0.82097538  p_z
    7   2   1   1       0.81898946  p_x
    7   3   2  -2       0.03696635  d_xy
    7   3   2  -1       0.04314347  d_yz
    7   3   2   0       0.02128152  d_z2
    7   3   2   1       0.04615829  d_xz
    7   3   2   2       0.02240511  d_x2-y2
    8   1   0   0       1.36638515  s
    8   2   1  -1       0.82956957  p_y
    8   2   1   0       0.82902850  p_z
    8   2   1   1       0.82389062  p_x
    8   3   2  -2       0.04039798  d_xy
    8   3   2  -1       0.03678427  d_yz
    8   3   2   0       0.01977893  d_z2
    8   3   2   1       0.04102845  d_xz
    8   3   2   2       0.01969924  d_x2-y2
    9   1   0   0       1.32112956  s
    9   2   1  -1       0.83145364  p_y
    9   2   1   0       0.82755631  p_z
    9   2   1   1       0.82679591  p_x
    9   3   2  -2       0.04228244  d_xy
    9   3   2  -1       0.03881580  d_yz
    9   3   2   0       0.02263733  d_z2
    9   3   2   1       0.04680292  d_xz
    9   3   2   2       0.02310266  d_x2-y2
   10   1   0   0       1.38417409  s
   10   2   1  -1       0.82789173  p_y
   10   2   1   0       0.82221119  p_z
   10   2   1   1       0.81737420  p_x
   10   3   2  -2       0.03667903  d_xy
   10   3   2  -1       0.03932764  d_yz
   10   3   2   0       0.01763021  d_z2
   10   3   2   1       0.03946407  d_xz
   10   3   2   2       0.02082340  d_x2-y2
   11   1   0   0       1.37569019  s
   11   2   1  -1       0.81832438  p_y
   11   2   1   0       0.83286907  p_z
   11   2   1   1       0.82469917  p_x
   11   3   2  -2       0.04362758  d_xy
   11   3   2  -1       0.03945603  d_yz
   11   3   2   0       0.01891676  d_z2
   11   3   2   1       0.03495200  d_xz
   11   3   2   2       0.02025553  d_x2-y2
   12   1   0   0       1.36179042  s
   12   2   1  -1       0.82238378  p_y
   12   2   1   0       0.82869338  p_z
   12   2   1   1       0.82766212  p_x
   12   3   2  -2       0.03857365  d_xy
   12   3   2  -1       0.03467728  d_yz
   12   3   2   0       0.01807943  d_z2
   12   3   2   1       0.03777869  d_xz
   12   3   2   2       0.01818009  d_x2-y2
   13   1   0   0       1.36251116  s
   13   2   1  -1       0.82702671  p_y
   13   2   1   0       0.82674401  p_z
   13   2   1   1       0.82894422  p_x
   13   3   2  -2       0.04233002  d_xy
   13   3   2  -1       0.03849445  d_yz
   13   3   2   0       0.01989606  d_z2
   13   3   2   1       0.03652614  d_xz
   13   3   2   2       0.01988807  d_x2-y2
   14   1   0   0       1.35959139  s
   14   2   1  -1       0.83115926  p_y
   14   2   1   0       0.82574903  p_z
   14   2   1   1       0.82965332  p_x
   14   3   2  -2       0.03903324  d_xy
   14   3   2  -1       0.03735980  d_yz
   14   3   2   0       0.02130498  d_z2
   14   3   2   1       0.04084323  d_xz
   14   3   2   2       0.01644915  d_x2-y2
   15   1   0   0       1.36380890  s
   15   2   1  -1       0.83065645  p_y
   15   2   1   0       0.82268163  p_z
   15   2   1   1       0.82897920  p_x
   15   3   2  -2       0.03805530  d_xy
   15   3   2  -1       0.03985146  d_yz
   15   3   2   0       0.01802360  d_z2
   15   3   2   1       0.03453120  d_xz
   15   3   2   2       0.01758203  d_x2-y2
   16   1   0   0       1.35949580  s
   16   2   1  -1       0.82849393  p_y
   16   2   1   0       0.83187637  p_z
   16   2   1   1       0.83096957  p_x
   16   3   2  -2       0.03572363  d_xy
   16   3   2  -1       0.04298050  d_yz
   16   3   2   0       0.01803258  d_z2
   16   3   2   1       0.03927537  d_xz
   16   3   2   2       0.02056386  d_x2-y2
   17   1   0   0       1.36478130  s
   17   2   1  -1       0.83155257  p_y
   17   2   1   0       0.82287303  p_z
   17   2   1   1       0.82286391  p_x
   17   3   2  -2       0.03699897  d_xy
   17   3   2  -1       0.04103432  d_yz
   17   3   2   0       0.02055499  d_z2
   17   3   2   1       0.04099092  d_xz
   17   3   2   2       0.01966110  d_x2-y2
   18   1   0   0       1.36365527  s
   18   2   1  -1       0.82211870  p_y
   18   2   1   0       0.82957097  p_z
   18   2   1   1       0.82889155  p_x
   18   3   2  -2       0.04834895  d_xy
   18   3   2  -1       0.03969557  d_yz
   18   3   2   0       0.02090688  d_z2
   18   3   2   1       0.03439480  d_xz
   18   3   2   2       0.01942076  d_x2-y2
   19   1   0   0       1.38027206  s
   19   2   1  -1       0.83110561  p_y
   19   2   1   0       0.83159699  p_z
   19   2   1   1       0.82872426  p_x
   19   3   2  -2       0.03645866  d_xy
   19   3   2  -1       0.03671419  d_yz
   19   3   2   0       0.01698631  d_z2
   19   3   2   1       0.03997786  d_xz
   19   3   2   2       0.01849658  d_x2-y2
   20   1   0   0       1.40244307  s
   20   2   1  -1       0.83244723  p_y
   20   2   1   0       0.82798656  p_z
   20   2   1   1       0.83047133  p_x
   20   3   2  -2       0.03586645  d_xy
   20   3   2  -1       0.03579898  d_yz
   20   3   2   0       0.01673159  d_z2
   20   3   2   1       0.03637338  d_xz
   20   3   2   2       0.01567051  d_x2-y2
   21   1   0   0       1.36563704  s
   21   2   1  -1       0.83207277  p_y
   21   2   1   0       0.82948342  p_z
   21   2   1   1       0.82509986  p_x
   21   3   2  -2       0.04300607  d_xy
   21   3   2  -1       0.03741990  d_yz
   21   3   2   0       0.02154335  d_z2
   21   3   2   1       0.03890318  d_xz
   21   3   2   2       0.01901875  d_x2-y2
   22   1   0   0       1.36202568  s
   22   2   1  -1       0.83165821  p_y
   22   2   1   0       0.81591914  p_z
   22   2   1   1       0.82241703  p_x
   22   3   2  -2       0.03840052  d_xy
   22   3   2  -1       0.04017355  d_yz
   22   3   2   0       0.02301240  d_z2
   22   3   2   1       0.04121162  d_xz
   22   3   2   2       0.02018773  d_x2-y2
   23   1   0   0       1.34668859  s
   23   2   1  -1       0.82748758  p_y
   23   2   1   0       0.81998641  p_z
   23   2   1   1       0.82774443  p_x
   23   3   2  -2       0.04097357  d_xy
   23   3   2  -1       0.04474948  d_yz
   23   3   2   0       0.02277706  d_z2
   23   3   2   1       0.04423442  d_xz
   23   3   2   2       0.02232827  d_x2-y2
   24   1   0   0       1.40926024  s
   24   2   1  -1       0.82128237  p_y
   24   2   1   0       0.82606737  p_z
   24   2   1   1       0.83528295  p_x
   24   3   2  -2       0.03358070  d_xy
   24   3   2  -1       0.03445887  d_yz
   24   3   2   0       0.01661567  d_z2
   24   3   2   1       0.03376400  d_xz
   24   3   2   2       0.01533558  d_x2-y2
   25   1   0   0       1.38183718  s
   25   2   1  -1       0.82650888  p_y
   25   2   1   0       0.83723361  p_z
   25   2   1   1       0.82806077  p_x
   25   3   2  -2       0.04047197  d_xy
   25   3   2  -1       0.03660500  d_yz
   25   3   2   0       0.01623203  d_z2
   25   3   2   1       0.03424265  d_xz
   25   3   2   2       0.01821940  d_x2-y2
   26   1   0   0       1.35127313  s
   26   2   1  -1       0.83154102  p_y
   26   2   1   0       0.82588094  p_z
   26   2   1   1       0.82777505  p_x
   26   3   2  -2       0.03622280  d_xy
   26   3   2  -1       0.03950852  d_yz
   26   3   2   0       0.02004489  d_z2
   26   3   2   1       0.04412702  d_xz
   26   3   2   2       0.02117805  d_x2-y2
   27   1   0   0       1.36765575  s
   27   2   1  -1       0.82240452  p_y
   27   2   1   0       0.82972234  p_z
   27   2   1   1       0.82888712  p_x
   27   3   2  -2       0.04077633  d_xy
   27   3   2  -1       0.03851301  d_yz
   27   3   2   0       0.01969277  d_z2
   27   3   2   1       0.03487720  d_xz
   27   3   2   2       0.01840464  d_x2-y2
   28   1   0   0       1.33739555  s
   28   2   1  -1       0.83258706  p_y
   28   2   1   0       0.83160808  p_z
   28   2   1   1       0.82633759  p_x
   28   3   2  -2       0.03729933  d_xy
   28   3   2  -1       0.04276837  d_yz
   28   3   2   0       0.02105813  d_z2
   28   3   2   1       0.04462096  d_xz
   28   3   2   2       0.02264013  d_x2-y2
   29   1   0   0       1.36789600  s
   29   2   1  -1       0.82700759  p_y
   29   2   1   0       0.82795373  p_z
   29   2   1   1       0.83250389  p_x
   29   3   2  -2       0.03641780  d_xy
   29   3   2  -1       0.04192807  d_yz
   29   3   2   0       0.01799664  d_z2
   29   3   2   1       0.03833322  d_xz
   29   3   2   2       0.01824421  d_x2-y2
   30   1   0   0       1.32783326  s
   30   2   1  -1       0.82896206  p_y
   30   2   1   0       0.82688312  p_z
   30   2   1   1       0.82638344  p_x
   30   3   2  -2       0.04314788  d_xy
   30   3   2  -1       0.03891681  d_yz
   30   3   2   0       0.02497948  d_z2
   30   3   2   1       0.04280589  d_xz
   30   3   2   2       0.02019266  d_x2-y2
   31   1   0   0       1.36127978  s
   31   2   1  -1       0.82828799  p_y
   31   2   1   0       0.83342938  p_z
   31   2   1   1       0.82851230  p_x
   31   3   2  -2       0.04115385  d_xy
   31   3   2  -1       0.03927462  d_yz
   31   3   2   0       0.01787546  d_z2
   31   3   2   1       0.03887589  d_xz
   31   3   2   2       0.02082976  d_x2-y2
   32   1   0   0       1.30589534  s
   32   2   1  -1       0.82149351  p_y
   32   2   1   0       0.82444738  p_z
   32   2   1   1       0.82191974  p_x
   32   3   2  -2       0.04803477  d_xy
   32   3   2  -1       0.04704002  d_yz
   32   3   2   0       0.02714717  d_z2
   32   3   2   1       0.04598547  d_xz
   32   3   2   2       0.02971788  d_x2-y2
   33   1   0   0       1.34048102  s
   33   2   1  -1       0.81825637  p_y
   33   2   1   0       0.81582461  p_z
   33   2   1   1       0.82256019  p_x
   33   3   2  -2       0.04249743  d_xy
   33   3   2  -1       0.04680445  d_yz
   33   3   2   0       0.02289839  d_z2
   33   3   2   1       0.04010126  d_xz
   33   3   2   2       0.02388080  d_x2-y2
   34   1   0   0       1.33475989  s
   34   2   1  -1       0.82346746  p_y
   34   2   1   0       0.82660885  p_z
   34   2   1   1       0.83262532  p_x
   34   3   2  -2       0.03627399  d_xy
   34   3   2  -1       0.04544073  d_yz
   34   3   2   0       0.02054921  d_z2
   34   3   2   1       0.04250670  d_xz
   34   3   2   2       0.02252874  d_x2-y2
   35   1   0   0       1.32509773  s
   35   2   1  -1       0.82628515  p_y
   35   2   1   0       0.82727894  p_z
   35   2   1   1       0.82372246  p_x
   35   3   2  -2       0.04776635  d_xy
   35   3   2  -1       0.04015322  d_yz
   35   3   2   0       0.02325204  d_z2
   35   3   2   1       0.04278414  d_xz
   35   3   2   2       0.02336718  d_x2-y2
   36   1   0   0       1.38250021  s
   36   2   1  -1       0.83219678  p_y
   36   2   1   0       0.83016229  p_z
   36   2   1   1       0.83135776  p_x
   36   3   2  -2       0.03027002  d_xy
   36   3   2  -1       0.03663321  d_yz
   36   3   2   0       0.01663495  d_z2
   36   3   2   1       0.04248883  d_xz
   36   3   2   2       0.01708492  d_x2-y2
   37   1   0   0       1.34565008  s
   37   2   1  -1       0.83129777  p_y
   37   2   1   0       0.82935824  p_z
   37   2   1   1       0.82464142  p_x
   37   3   2  -2       0.04027766  d_xy
   37   3   2  -1       0.03720116  d_yz
   37   3   2   0       0.02145107  d_z2
   37   3   2   1       0.04300188  d_xz
   37   3   2   2       0.02063933  d_x2-y2
   38   1   0   0       1.37816246  s
   38   2   1  -1       0.83520187  p_y
   38   2   1   0       0.83345498  p_z
   38   2   1   1       0.83251054  p_x
   38   3   2  -2       0.03364423  d_xy
   38   3   2  -1       0.03673858  d_yz
   38   3   2   0       0.01507779  d_z2
   38   3   2   1       0.03233954  d_xz
   38   3   2   2       0.01422461  d_x2-y2
   39   1   0   0       1.34712237  s
   39   2   1  -1       0.82574481  p_y
   39   2   1   0       0.82713397  p_z
   39   2   1   1       0.82297499  p_x
   39   3   2  -2       0.04339328  d_xy
   39   3   2  -1       0.04127619  d_yz
   39   3   2   0       0.02224773  d_z2
   39   3   2   1       0.03934327  d_xz
   39   3   2   2       0.02119211  d_x2-y2
   40   1   0   0       1.36065362  s
   40   2   1  -1       0.82571610  p_y
   40   2   1   0       0.82761797  p_z
   40   2   1   1       0.82923325  p_x
   40   3   2  -2       0.03748520  d_xy
   40   3   2  -1       0.03847954  d_yz
   40   3   2   0       0.01864690  d_z2
   40   3   2   1       0.03901900  d_xz
   40   3   2   2       0.01843941  d_x2-y2
   41   1   0   0       1.32604284  s
   41   2   1  -1       0.82554167  p_y
   41   2   1   0       0.82801929  p_z
   41   2   1   1       0.82039633  p_x
   41   3   2  -2       0.04235804  d_xy
   41   3   2  -1       0.03787860  d_yz
   41   3   2   0       0.02224089  d_z2
   41   3   2   1       0.04575823  d_xz
   41   3   2   2       0.02350529  d_x2-y2
   42   1   0   0       1.34609028  s
   42   2   1  -1       0.81572838  p_y
   42   2   1   0       0.82952893  p_z
   42   2   1   1       0.82270046  p_x
   42   3   2  -2       0.05172972  d_xy
   42   3   2  -1       0.03828906  d_yz
   42   3   2   0       0.02295919  d_z2
   42   3   2   1       0.03779698  d_xz
   42   3   2   2       0.02124249  d_x2-y2
   43   1   0   0       1.38341030  s
   43   2   1  -1       0.82015378  p_y
   43   2   1   0       0.81747396  p_z
   43   2   1   1       0.82451893  p_x
   43   3   2  -2       0.03438219  d_xy
   43   3   2  -1       0.04168420  d_yz
   43   3   2   0       0.01994313  d_z2
   43   3   2   1       0.03964976  d_xz
   43   3   2   2       0.01805456  d_x2-y2
   44   1   0   0       1.37478214  s
   44   2   1  -1       0.82851001  p_y
   44   2   1   0       0.82460312  p_z
   44   2   1   1       0.82894953  p_x
   44   3   2  -2       0.04236617  d_xy
   44   3   2  -1       0.04048397  d_yz
   44   3   2   0       0.01913844  d_z2
   44   3   2   1       0.03368709  d_xz
   44   3   2   2       0.01806914  d_x2-y2
   45   1   0   0       1.36158673  s
   45   2   1  -1       0.82958065  p_y
   45   2   1   0       0.82863350  p_z
   45   2   1   1       0.82856429  p_x
   45   3   2  -2       0.03782841  d_xy
   45   3   2  -1       0.03889401  d_yz
   45   3   2   0       0.01844026  d_z2
   45   3   2   1       0.03685945  d_xz
   45   3   2   2       0.01718462  d_x2-y2
   46   1   0   0       1.37499981  s
   46   2   1  -1       0.82489564  p_y
   46   2   1   0       0.82217485  p_z
   46   2   1   1       0.81949066  p_x
   46   3   2  -2       0.03874086  d_xy
   46   3   2  -1       0.03608522  d_yz
   46   3   2   0       0.02060242  d_z2
   46   3   2   1       0.04543054  d_xz
   46   3   2   2       0.02083977  d_x2-y2
   47   1   0   0       1.38362052  s
   47   2   1  -1       0.82632794  p_y
   47   2   1   0       0.82679927  p_z
   47   2   1   1       0.82646139  p_x
   47   3   2  -2       0.03724935  d_xy
   47   3   2  -1       0.03583925  d_yz
   47   3   2   0       0.01768015  d_z2
   47   3   2   1       0.03972667  d_xz
   47   3   2   2       0.01900662  d_x2-y2
   48   1   0   0       1.32578367  s
   48   2   1  -1       0.81898886  p_y
   48   2   1   0       0.83006955  p_z
   48   2   1   1       0.82455037  p_x
   48   3   2  -2       0.04920888  d_xy
   48   3   2  -1       0.04245025  d_yz
   48   3   2   0       0.02303258  d_z2
   48   3   2   1       0.04126885  d_xz
   48   3   2   2       0.02723248  d_x2-y2
   49   1   0   0       1.40778760  s
   49   2   1  -1       0.82649761  p_y
   49   2   1   0       0.82933938  p_z
   49   2   1   1       0.83249501  p_x
   49   3   2  -2       0.03294508  d_xy
   49   3   2  -1       0.03974033  d_yz
   49   3   2   0       0.01584542  d_z2
   49   3   2   1       0.03720489  d_xz
   49   3   2   2       0.01743456  d_x2-y2
   50   1   0   0       1.34387764  s
   50   2   1  -1       0.83084013  p_y
   50   2   1   0       0.83491867  p_z
   50   2   1   1       0.82436037  p_x
   50   3   2  -2       0.04346954  d_xy
   50   3   2  -1       0.03905545  d_yz
   50   3   2   0       0.01885315  d_z2
   50   3   2   1       0.03440409  d_xz
   50   3   2   2       0.02134783  d_x2-y2
   51   1   0   0       1.37215639  s
   51   2   1  -1       0.83212329  p_y
   51   2   1   0       0.83153990  p_z
   51   2   1   1       0.83052578  p_x
   51   3   2  -2       0.04182337  d_xy
   51   3   2  -1       0.03540469  d_yz
   51   3   2   0       0.01759050  d_z2
   51   3   2   1       0.04004590  d_xz
   51   3   2   2       0.01886490  d_x2-y2
   52   1   0   0       1.35182221  s
   52   2   1  -1       0.82546404  p_y
   52   2   1   0       0.82272591  p_z
   52   2   1   1       0.82655895  p_x
   52   3   2  -2       0.03889088  d_xy
   52   3   2  -1       0.04313794  d_yz
   52   3   2   0       0.02235949  d_z2
   52   3   2   1       0.03933116  d_xz
   52   3   2   2       0.02103860  d_x2-y2
   53   1   0   0       1.33632593  s
   53   2   1  -1       0.82314869  p_y
   53   2   1   0       0.81866048  p_z
   53   2   1   1       0.82089983  p_x
   53   3   2  -2       0.04477811  d_xy
   53   3   2  -1       0.04084958  d_yz
   53   3   2   0       0.02180917  d_z2
   53   3   2   1       0.04752901  d_xz
   53   3   2   2       0.02585697  d_x2-y2
   54   1   0   0       1.38371184  s
   54   2   1  -1       0.82345162  p_y
   54   2   1   0       0.82654512  p_z
   54   2   1   1       0.82230733  p_x
   54   3   2  -2       0.03990525  d_xy
   54   3   2  -1       0.03611986  d_yz
   54   3   2   0       0.01963331  d_z2
   54   3   2   1       0.03822458  d_xz
   54   3   2   2       0.01944147  d_x2-y2
   55   1   0   0       1.39280713  s
   55   2   1  -1       0.83220026  p_y
   55   2   1   0       0.82458560  p_z
   55   2   1   1       0.83022362  p_x
   55   3   2  -2       0.03172747  d_xy
   55   3   2  -1       0.03808101  d_yz
   55   3   2   0       0.01713546  d_z2
   55   3   2   1       0.03669944  d_xz
   55   3   2   2       0.01680285  d_x2-y2
   56   1   0   0       1.38198696  s
   56   2   1  -1       0.82234548  p_y
   56   2   1   0       0.82444116  p_z
   56   2   1   1       0.81635405  p_x
   56   3   2  -2       0.03921402  d_xy
   56   3   2  -1       0.03642612  d_yz
   56   3   2   0       0.01991559  d_z2
   56   3   2   1       0.04284985  d_xz
   56   3   2   2       0.02044911  d_x2-y2
   57   1   0   0       1.36583496  s
   57   2   1  -1       0.83431737  p_y
   57   2   1   0       0.83111012  p_z
   57   2   1   1       0.83555446  p_x
   57   3   2  -2       0.03611313  d_xy
   57   3   2  -1       0.04132623  d_yz
   57   3   2   0       0.01841364  d_z2
   57   3   2   1       0.03472271  d_xz
   57   3   2   2       0.01697151  d_x2-y2
   58   1   0   0       1.37102571  s
   58   2   1  -1       0.81330834  p_y
   58   2   1   0       0.82260508  p_z
   58   2   1   1       0.82147381  p_x
   58   3   2  -2       0.04341059  d_xy
   58   3   2  -1       0.03778903  d_yz
   58   3   2   0       0.02438629  d_z2
   58   3   2   1       0.04153327  d_xz
   58   3   2   2       0.01750023  d_x2-y2
   59   1   0   0       1.36213944  s
   59   2   1  -1       0.82683200  p_y
   59   2   1   0       0.83467326  p_z
   59   2   1   1       0.82660460  p_x
   59   3   2  -2       0.04269861  d_xy
   59   3   2  -1       0.03740066  d_yz
   59   3   2   0       0.02047263  d_z2
   59   3   2   1       0.03852461  d_xz
   59   3   2   2       0.02013051  d_x2-y2
   60   1   0   0       1.33929297  s
   60   2   1  -1       0.82878615  p_y
   60   2   1   0       0.82828584  p_z
   60   2   1   1       0.82525534  p_x
   60   3   2  -2       0.04125571  d_xy
   60   3   2  -1       0.04266098  d_yz
   60   3   2   0       0.02247482  d_z2
   60   3   2   1       0.04337626  d_xz
   60   3   2   2       0.02270402  d_x2-y2
   61   1   0   0       1.37315251  s
   61   2   1  -1       0.82991670  p_y
   61   2   1   0       0.82765644  p_z
   61   2   1   1       0.83229612  p_x
   61   3   2  -2       0.04038534  d_xy
   61   3   2  -1       0.03570102  d_yz
   61   3   2   0       0.01828769  d_z2
   61   3   2   1       0.03516180  d_xz
   61   3   2   2       0.01778167  d_x2-y2
   62   1   0   0       1.32276780  s
   62   2   1  -1       0.82985461  p_y
   62   2   1   0       0.82718426  p_z
   62   2   1   1       0.82503962  p_x
   62   3   2  -2       0.04257733  d_xy
   62   3   2  -1       0.04540547  d_yz
   62   3   2   0       0.02363836  d_z2
   62   3   2   1       0.04050323  d_xz
   62   3   2   2       0.02255600  d_x2-y2
   63   1   0   0       1.36352842  s
   63   2   1  -1       0.82302323  p_y
   63   2   1   0       0.83242572  p_z
   63   2   1   1       0.83413642  p_x
   63   3   2  -2       0.03774551  d_xy
   63   3   2  -1       0.04268330  d_yz
   63   3   2   0       0.01879097  d_z2
   63   3   2   1       0.03518326  d_xz
   63   3   2   2       0.01891329  d_x2-y2
   64   1   0   0       1.36666587  s
   64   2   1  -1       0.83126176  p_y
   64   2   1   0       0.82791784  p_z
   64   2   1   1       0.83349984  p_x
   64   3   2  -2       0.03683283  d_xy
   64   3   2  -1       0.03681980  d_yz
   64   3   2   0       0.01958991  d_z2
   64   3   2   1       0.03430638  d_xz
   64   3   2   2       0.01483421  d_x2-y2

Fermi level:                        -0.1342323806 H           -3.6526 eV
Band energy:                       -88.1250082102 H        -2398.0035 eV
TS:                                  0.0000000000 H            0.0000 eV
Band free energy (E-TS):           -88.1250082102 H        -2398.0035 eV
Extrapolated E(0K):                -88.1250082102 H        -2398.0035 eV
Input / Output electrons (q):    256.0000000000    256.0000000000

Energy H0:                         -88.1037262896 H        -2397.4244 eV
Energy SCC:                          0.0007312154 H            0.0199 eV
Total Electronic energy:           -88.1029950742 H        -2397.4045 eV
Repulsive energy:                    0.0000000000 H            0.0000 eV
Total energy:                      -88.1029950742 H        -2397.4045 eV
Extrapolated to 0:                 -88.1029950742 H        -2397.4045 eV
Total Mermin free energy:          -88.1029950742 H        -2397.4045 eV
Force related energy:              -88.1029950742 H        -2397.4045 eV

Non-constrained calculation

SCC converged

Warning: dipole moment is not defined absolutely!
Dipole moment:    0.96547572   -0.28423997    0.75070910 au
Dipole moment:    2.45399471   -0.72246599    1.90811236 Debye


