 Fermi distribution function

Calculation with static geometry


********************************************************************************
 iSCC Total electronic   Diff electronic      SCC error    
    9   -0.88174352E+02   -0.12735200E-08    0.60077477E-05
********************************************************************************

 Total charge:    -0.00000000

 Atomic gross charges (e)
 Atom           Charge
    1       0.01752709
    2      -0.01285627
    3       0.02094368
    4      -0.01345308
    5      -0.01181015
    6       0.00474735
    7      -0.01494377
    8      -0.00431563
    9       0.01936638
   10      -0.01085665
   11       0.01287712
   12       0.00195884
   13       0.01391331
   14      -0.00101184
   15       0.00824912
   16      -0.00015449
   17       0.00075748
   18      -0.00209726
   19      -0.00509479
   20       0.00016675
   21       0.00078235
   22       0.01029094
   23       0.01997313
   24       0.00605337
   25      -0.02732633
   26       0.00525150
   27      -0.00936133
   28      -0.00289591
   29       0.01223949
   30      -0.00799491
   31      -0.00430901
   32      -0.01042925
   33       0.01408608
   34       0.01387739
   35       0.01382635
   36      -0.00886416
   37      -0.00041659
   38      -0.00875658
   39       0.00459755
   40      -0.01248326
   41      -0.00097290
   42      -0.00370539
   43       0.01052965
   44       0.01096822
   45       0.01673466
   46      -0.02481514
   47       0.00099074
   48      -0.01307945
   49      -0.00167554
   50       0.00249171
   51       0.00984677
   52      -0.00129480
   53       0.01544222
   54      -0.00106456
   55      -0.01165188
   56       0.00844471
   57      -0.01262452
   58       0.00050400
   59      -0.00441094
   60      -0.00827850
   61      -0.02281693
   62       0.01514767
   63      -0.02042220
   64       0.00365843

Nr. of electrons (up):    256.00000000
Atom populations (up)
 Atom       Population
    1       3.98247291
    2       4.01285627
    3       3.97905632
    4       4.01345308
    5       4.01181015
    6       3.99525265
    7       4.01494377
    8       4.00431563
    9       3.98063362
   10       4.01085665
   11       3.98712288
   12       3.99804116
   13       3.98608669
   14       4.00101184
   15       3.99175088
   16       4.00015449
   17       3.99924252
   18       4.00209726
   19       4.00509479
   20       3.99983325
   21       3.99921765
   22       3.98970906
   23       3.98002687
   24       3.99394663
   25       4.02732633
   26       3.99474850
   27       4.00936133
   28       4.00289591
   29       3.98776051
   30       4.00799491
   31       4.00430901
   32       4.01042925
   33       3.98591392
   34       3.98612261
   35       3.98617365
   36       4.00886416
   37       4.00041659
   38       4.00875658
   39       3.99540245
   40       4.01248326
   41       4.00097290
   42       4.00370539
   43       3.98947035
   44       3.98903178
   45       3.98326534
   46       4.02481514
   47       3.99900926
   48       4.01307945
   49       4.00167554
   50       3.99750829
   51       3.99015323
   52       4.00129480
   53       3.98455778
   54       4.00106456
   55       4.01165188
   56       3.99155529
   57       4.01262452
   58       3.99949600
   59       4.00441094
   60       4.00827850
   61       4.02281693
   62       3.98485233
   63       4.02042220
   64       3.99634157

l-shell populations (up)
 Atom Sh.   l       Population
    1   1   0       1.33984835
    1   2   1       2.47663851
    1   3   2       0.16598604
    2   1   0       1.38056421
    2   2   1       2.49097843
    2   3   2       0.14131364
    3   1   0       1.33010086
    3   2   1       2.47345873
    3   3   2       0.17549673
    4   1   0       1.37098789
    4   2   1       2.49132527
    4   3   2       0.15113991
    5   1   0       1.37208525
    5   2   1       2.49448526
    5   3   2       0.14523963
    6   1   0       1.35546956
    6   2   1       2.47612278
    6   3   2       0.16366031
    7   1   0       1.37142238
    7   2   1       2.49560509
    7   3   2       0.14791631
    8   1   0       1.36149978
    8   2   1       2.48977553
    8   3   2       0.15304032
    9   1   0       1.34562717
    9   2   1       2.46740871
    9   3   2       0.16759775
   10   1   0       1.37151627
   10   2   1       2.48907737
   10   3   2       0.15026301
   11   1   0       1.35805901
   11   2   1       2.47697069
   11   3   2       0.15209318
   12   1   0       1.35041642
   12   2   1       2.48669844
   12   3   2       0.16092631
   13   1   0       1.34385819
   13   2   1       2.47306793
   13   3   2       0.16916056
   14   1   0       1.36746018
   14   2   1       2.48048271
   14   3   2       0.15306895
   15   1   0       1.34763440
   15   2   1       2.47786823
   15   3   2       0.16624825
   16   1   0       1.35873275
   16   2   1       2.48401277
   16   3   2       0.15740897
   17   1   0       1.34568014
   17   2   1       2.49675739
   17   3   2       0.15680500
   18   1   0       1.35240866
   18   2   1       2.49401558
   18   3   2       0.15567303
   19   1   0       1.37140080
   19   2   1       2.48131824
   19   3   2       0.15237574
   20   1   0       1.36785417
   20   2   1       2.48006401
   20   3   2       0.15191507
   21   1   0       1.35485844
   21   2   1       2.48710055
   21   3   2       0.15725866
   22   1   0       1.34406767
   22   2   1       2.47701518
   22   3   2       0.16862621
   23   1   0       1.32871581
   23   2   1       2.48156799
   23   3   2       0.16974307
   24   1   0       1.33602095
   24   2   1       2.48923277
   24   3   2       0.16869290
   25   1   0       1.39835755
   25   2   1       2.48900343
   25   3   2       0.13996534
   26   1   0       1.34636525
   26   2   1       2.48731602
   26   3   2       0.16106722
   27   1   0       1.36542418
   27   2   1       2.49159946
   27   3   2       0.15233769
   28   1   0       1.36311708
   28   2   1       2.48459125
   28   3   2       0.15518759
   29   1   0       1.34347948
   29   2   1       2.47372878
   29   3   2       0.17055226
   30   1   0       1.37010471
   30   2   1       2.48525549
   30   3   2       0.15263470
   31   1   0       1.37194052
   31   2   1       2.47882251
   31   3   2       0.15354598
   32   1   0       1.37922010
   32   2   1       2.48200953
   32   3   2       0.14919962
   33   1   0       1.34187100
   33   2   1       2.47744433
   33   3   2       0.16659859
   34   1   0       1.34331988
   34   2   1       2.47512098
   34   3   2       0.16768175
   35   1   0       1.34327970
   35   2   1       2.47597099
   35   3   2       0.16692297
   36   1   0       1.38311560
   36   2   1       2.48574532
   36   3   2       0.14000323
   37   1   0       1.36801986
   37   2   1       2.48082557
   37   3   2       0.15157116
   38   1   0       1.35314629
   38   2   1       2.48828625
   38   3   2       0.16732403
   39   1   0       1.35950279
   39   2   1       2.48515234
   39   3   2       0.15074732
   40   1   0       1.37014332
   40   2   1       2.48439869
   40   3   2       0.15794125
   41   1   0       1.36402100
   41   2   1       2.48227793
   41   3   2       0.15467397
   42   1   0       1.35932473
   42   2   1       2.48603552
   42   3   2       0.15834514
   43   1   0       1.33815677
   43   2   1       2.47971551
   43   3   2       0.17159807
   44   1   0       1.33578025
   44   2   1       2.48214453
   44   3   2       0.17110700
   45   1   0       1.33459067
   45   2   1       2.48417073
   45   3   2       0.16450395
   46   1   0       1.39074253
   46   2   1       2.49584373
   46   3   2       0.13822888
   47   1   0       1.35587332
   47   2   1       2.48549933
   47   3   2       0.15763660
   48   1   0       1.36412471
   48   2   1       2.50082881
   48   3   2       0.14812592
   49   1   0       1.36367303
   49   2   1       2.49086489
   49   3   2       0.14713763
   50   1   0       1.35582419
   50   2   1       2.48126873
   50   3   2       0.16041537
   51   1   0       1.34991856
   51   2   1       2.47900993
   51   3   2       0.16122474
   52   1   0       1.35776776
   52   2   1       2.47743736
   52   3   2       0.16608968
   53   1   0       1.33044085
   53   2   1       2.48404422
   53   3   2       0.17007271
   54   1   0       1.36287609
   54   2   1       2.48822882
   54   3   2       0.14995966
   55   1   0       1.36315654
   55   2   1       2.49688481
   55   3   2       0.15161053
   56   1   0       1.34817635
   56   2   1       2.48797060
   56   3   2       0.15540834
   57   1   0       1.37914700
   57   2   1       2.48391789
   57   3   2       0.14955962
   58   1   0       1.35236939
   58   2   1       2.48270070
   58   3   2       0.16442592
   59   1   0       1.35634931
   59   2   1       2.49478895
   59   3   2       0.15327268
   60   1   0       1.36485146
   60   2   1       2.49327093
   60   3   2       0.15015611
   61   1   0       1.39466733
   61   2   1       2.48672726
   61   3   2       0.14142235
   62   1   0       1.34104249
   62   2   1       2.47761960
   62   3   2       0.16619025
   63   1   0       1.38024441
   63   2   1       2.49381588
   63   3   2       0.14636191
   64   1   0       1.36157122
   64   2   1       2.47415828
   64   3   2       0.16061206

Orbital populations (up)
 Atom Sh.   l   m       Population  Label
    1   1   0   0       1.33984835  s
    1   2   1  -1       0.82865271  p_y
    1   2   1   0       0.82370824  p_z
    1   2   1   1       0.82427756  p_x
    1   3   2  -2       0.04137204  d_xy
    1   3   2  -1       0.03953908  d_yz
    1   3   2   0       0.02180326  d_z2
    1   3   2   1       0.04258901  d_xz
    1   3   2   2       0.02068266  d_x2-y2
    2   1   0   0       1.38056421  s
    2   2   1  -1       0.82777496  p_y
    2   2   1   0       0.83289873  p_z
    2   2   1   1       0.83030473  p_x
    2   3   2  -2       0.03723250  d_xy
    2   3   2  -1       0.03711341  d_yz
    2   3   2   0       0.01577327  d_z2
    2   3   2   1       0.03395858  d_xz
    2   3   2   2       0.01723587  d_x2-y2
    3   1   0   0       1.33010086  s
    3   2   1  -1       0.82766807  p_y
    3   2   1   0       0.82135827  p_z
    3   2   1   1       0.82443239  p_x
    3   3   2  -2       0.04150231  d_xy
    3   3   2  -1       0.04436390  d_yz
    3   3   2   0       0.02388331  d_z2
    3   3   2   1       0.04358987  d_xz
    3   3   2   2       0.02215734  d_x2-y2
    4   1   0   0       1.37098789  s
    4   2   1  -1       0.82869828  p_y
    4   2   1   0       0.83409525  p_z
    4   2   1   1       0.82853174  p_x
    4   3   2  -2       0.04201450  d_xy
    4   3   2  -1       0.03651366  d_yz
    4   3   2   0       0.01871528  d_z2
    4   3   2   1       0.03615672  d_xz
    4   3   2   2       0.01773976  d_x2-y2
    5   1   0   0       1.37208525  s
    5   2   1  -1       0.83291670  p_y
    5   2   1   0       0.82909507  p_z
    5   2   1   1       0.83247349  p_x
    5   3   2  -2       0.03814337  d_xy
    5   3   2  -1       0.03796154  d_yz
    5   3   2   0       0.01828976  d_z2
    5   3   2   1       0.03474926  d_xz
    5   3   2   2       0.01609571  d_x2-y2
    6   1   0   0       1.35546956  s
    6   2   1  -1       0.82729450  p_y
    6   2   1   0       0.82633904  p_z
    6   2   1   1       0.82248925  p_x
    6   3   2  -2       0.03939924  d_xy
    6   3   2  -1       0.03678357  d_yz
    6   3   2   0       0.02155321  d_z2
    6   3   2   1       0.04524672  d_xz
    6   3   2   2       0.02067757  d_x2-y2
    7   1   0   0       1.37142238  s
    7   2   1  -1       0.82667864  p_y
    7   2   1   0       0.83717416  p_z
    7   2   1   1       0.83175229  p_x
    7   3   2  -2       0.04344041  d_xy
    7   3   2  -1       0.03705510  d_yz
    7   3   2   0       0.01718117  d_z2
    7   3   2   1       0.03107462  d_xz
    7   3   2   2       0.01916501  d_x2-y2
    8   1   0   0       1.36149978  s
    8   2   1  -1       0.83198286  p_y
    8   2   1   0       0.83200873  p_z
    8   2   1   1       0.82578394  p_x
    8   3   2  -2       0.03561006  d_xy
    8   3   2  -1       0.04128295  d_yz
    8   3   2   0       0.01749053  d_z2
    8   3   2   1       0.03902728  d_xz
    8   3   2   2       0.01962949  d_x2-y2
    9   1   0   0       1.34562717  s
    9   2   1  -1       0.82057218  p_y
    9   2   1   0       0.82324534  p_z
    9   2   1   1       0.82359120  p_x
    9   3   2  -2       0.04161713  d_xy
    9   3   2  -1       0.04234660  d_yz
    9   3   2   0       0.02236197  d_z2
    9   3   2   1       0.04036488  d_xz
    9   3   2   2       0.02090716  d_x2-y2
   10   1   0   0       1.37151627  s
   10   2   1  -1       0.82425151  p_y
   10   2   1   0       0.83729961  p_z
   10   2   1   1       0.82752625  p_x
   10   3   2  -2       0.03845787  d_xy
   10   3   2  -1       0.03686532  d_yz
   10   3   2   0       0.01717918  d_z2
   10   3   2   1       0.03840001  d_xz
   10   3   2   2       0.01936063  d_x2-y2
   11   1   0   0       1.35805901  s
   11   2   1  -1       0.82358951  p_y
   11   2   1   0       0.82674478  p_z
   11   2   1   1       0.82663641  p_x
   11   3   2  -2       0.03758344  d_xy
   11   3   2  -1       0.03744157  d_yz
   11   3   2   0       0.02015632  d_z2
   11   3   2   1       0.03875974  d_xz
   11   3   2   2       0.01815211  d_x2-y2
   12   1   0   0       1.35041642  s
   12   2   1  -1       0.82551101  p_y
   12   2   1   0       0.82972268  p_z
   12   2   1   1       0.83146475  p_x
   12   3   2  -2       0.04160269  d_xy
   12   3   2  -1       0.03933340  d_yz
   12   3   2   0       0.02095340  d_z2
   12   3   2   1       0.03984054  d_xz
   12   3   2   2       0.01919629  d_x2-y2
   13   1   0   0       1.34385819  s
   13   2   1  -1       0.82332613  p_y
   13   2   1   0       0.82367984  p_z
   13   2   1   1       0.82606197  p_x
   13   3   2  -2       0.03838611  d_xy
   13   3   2  -1       0.04122297  d_yz
   13   3   2   0       0.02125135  d_z2
   13   3   2   1       0.04601558  d_xz
   13   3   2   2       0.02228455  d_x2-y2
   14   1   0   0       1.36746018  s
   14   2   1  -1       0.82368593  p_y
   14   2   1   0       0.82655956  p_z
   14   2   1   1       0.83023722  p_x
   14   3   2  -2       0.04129718  d_xy
   14   3   2  -1       0.04134663  d_yz
   14   3   2   0       0.01916007  d_z2
   14   3   2   1       0.03334864  d_xz
   14   3   2   2       0.01791643  d_x2-y2
   15   1   0   0       1.34763440  s
   15   2   1  -1       0.82490476  p_y
   15   2   1   0       0.82859277  p_z
   15   2   1   1       0.82437070  p_x
   15   3   2  -2       0.04088697  d_xy
   15   3   2  -1       0.03964747  d_yz
   15   3   2   0       0.02007911  d_z2
   15   3   2   1       0.04347717  d_xz
   15   3   2   2       0.02215753  d_x2-y2
   16   1   0   0       1.35873275  s
   16   2   1  -1       0.82682832  p_y
   16   2   1   0       0.82976151  p_z
   16   2   1   1       0.82742294  p_x
   16   3   2  -2       0.04207932  d_xy
   16   3   2  -1       0.03655023  d_yz
   16   3   2   0       0.01949144  d_z2
   16   3   2   1       0.03939626  d_xz
   16   3   2   2       0.01989171  d_x2-y2
   17   1   0   0       1.34568014  s
   17   2   1  -1       0.83132390  p_y
   17   2   1   0       0.83488495  p_z
   17   2   1   1       0.83054853  p_x
   17   3   2  -2       0.03921543  d_xy
   17   3   2  -1       0.03669519  d_yz
   17   3   2   0       0.01879726  d_z2
   17   3   2   1       0.04231243  d_xz
   17   3   2   2       0.01978469  d_x2-y2
   18   1   0   0       1.35240866  s
   18   2   1  -1       0.83533348  p_y
   18   2   1   0       0.82816588  p_z
   18   2   1   1       0.83051622  p_x
   18   3   2  -2       0.03815899  d_xy
   18   3   2  -1       0.03711386  d_yz
   18   3   2   0       0.02074048  d_z2
   18   3   2   1       0.04150269  d_xz
   18   3   2   2       0.01815700  d_x2-y2
   19   1   0   0       1.37140080  s
   19   2   1  -1       0.82924226  p_y
   19   2   1   0       0.82452511  p_z
   19   2   1   1       0.82755087  p_x
   19   3   2  -2       0.03396051  d_xy
   19   3   2  -1       0.04165122  d_yz
   19   3   2   0       0.01804169  d_z2
   19   3   2   1       0.03914757  d_xz
   19   3   2   2       0.01957475  d_x2-y2
   20   1   0   0       1.36785417  s
   20   2   1  -1       0.82579934  p_y
   20   2   1   0       0.82482760  p_z
   20   2   1   1       0.82943707  p_x
   20   3   2  -2       0.03830374  d_xy
   20   3   2  -1       0.04088474  d_yz
   20   3   2   0       0.01803425  d_z2
   20   3   2   1       0.03564013  d_xz
   20   3   2   2       0.01905221  d_x2-y2
   21   1   0   0       1.35485844  s
   21   2   1  -1       0.83303285  p_y
   21   2   1   0       0.82295742  p_z
   21   2   1   1       0.83111028  p_x
   21   3   2  -2       0.03672626  d_xy
   21   3   2  -1       0.04221951  d_yz
   21   3   2   0       0.02072950  d_z2
   21   3   2   1       0.03950310  d_xz
   21   3   2   2       0.01808028  d_x2-y2
   22   1   0   0       1.34406767  s
   22   2   1  -1       0.82443980  p_y
   22   2   1   0       0.82568090  p_z
   22   2   1   1       0.82689448  p_x
   22   3   2  -2       0.04380863  d_xy
   22   3   2  -1       0.04252769  d_yz
   22   3   2   0       0.02303493  d_z2
   22   3   2   1       0.03911986  d_xz
   22   3   2   2       0.02013510  d_x2-y2
   23   1   0   0       1.32871581  s
   23   2   1  -1       0.83058852  p_y
   23   2   1   0       0.82341314  p_z
   23   2   1   1       0.82756633  p_x
   23   3   2  -2       0.03808495  d_xy
   23   3   2  -1       0.04464633  d_yz
   23   3   2   0       0.02267666  d_z2
   23   3   2   1       0.04259373  d_xz
   23   3   2   2       0.02174140  d_x2-y2
   24   1   0   0       1.33602095  s
   24   2   1  -1       0.82852853  p_y
   24   2   1   0       0.83389190  p_z
   24   2   1   1       0.82681235  p_x
   24   3   2  -2       0.04535865  d_xy
   24   3   2  -1       0.04102371  d_yz
   24   3   2   0       0.02112162  d_z2
   24   3   2   1       0.03871979  d_xz
   24   3   2   2       0.02246914  d_x2-y2
   25   1   0   0       1.39835755  s
   25   2   1  -1       0.82830926  p_y
   25   2   1   0       0.82924307  p_z
   25   2   1   1       0.83145111  p_x
   25   3   2  -2       0.03569842  d_xy
   25   3   2  -1       0.03668479  d_yz
   25   3   2   0       0.01561599  d_z2
   25   3   2   1       0.03514163  d_xz
   25   3   2   2       0.01682451  d_x2-y2
   26   1   0   0       1.34636525  s
   26   2   1  -1       0.83353257  p_y
   26   2   1   0       0.82495358  p_z
   26   2   1   1       0.82882987  p_x
   26   3   2  -2       0.03686078  d_xy
   26   3   2  -1       0.04027497  d_yz
   26   3   2   0       0.02033608  d_z2
   26   3   2   1       0.04329653  d_xz
   26   3   2   2       0.02029887  d_x2-y2
   27   1   0   0       1.36542418  s
   27   2   1  -1       0.83054352  p_y
   27   2   1   0       0.83086488  p_z
   27   2   1   1       0.83019106  p_x
   27   3   2  -2       0.04155834  d_xy
   27   3   2  -1       0.03572086  d_yz
   27   3   2   0       0.01904840  d_z2
   27   3   2   1       0.03804175  d_xz
   27   3   2   2       0.01796834  d_x2-y2
   28   1   0   0       1.36311708  s
   28   2   1  -1       0.82822069  p_y
   28   2   1   0       0.82859347  p_z
   28   2   1   1       0.82777709  p_x
   28   3   2  -2       0.03890934  d_xy
   28   3   2  -1       0.03883784  d_yz
   28   3   2   0       0.01925993  d_z2
   28   3   2   1       0.03928307  d_xz
   28   3   2   2       0.01889741  d_x2-y2
   29   1   0   0       1.34347948  s
   29   2   1  -1       0.82631529  p_y
   29   2   1   0       0.82196586  p_z
   29   2   1   1       0.82544763  p_x
   29   3   2  -2       0.04179600  d_xy
   29   3   2  -1       0.04000157  d_yz
   29   3   2   0       0.02190123  d_z2
   29   3   2   1       0.04435201  d_xz
   29   3   2   2       0.02250144  d_x2-y2
   30   1   0   0       1.37010471  s
   30   2   1  -1       0.82819116  p_y
   30   2   1   0       0.82919919  p_z
   30   2   1   1       0.82786514  p_x
   30   3   2  -2       0.03791292  d_xy
   30   3   2  -1       0.03718706  d_yz
   30   3   2   0       0.01867117  d_z2
   30   3   2   1       0.04033653  d_xz
   30   3   2   2       0.01852702  d_x2-y2
   31   1   0   0       1.37194052  s
   31   2   1  -1       0.82636671  p_y
   31   2   1   0       0.82570421  p_z
   31   2   1   1       0.82675159  p_x
   31   3   2  -2       0.03851289  d_xy
   31   3   2  -1       0.03862705  d_yz
   31   3   2   0       0.01885810  d_z2
   31   3   2   1       0.03889747  d_xz
   31   3   2   2       0.01865048  d_x2-y2
   32   1   0   0       1.37922010  s
   32   2   1  -1       0.82728919  p_y
   32   2   1   0       0.82796187  p_z
   32   2   1   1       0.82675848  p_x
   32   3   2  -2       0.03641810  d_xy
   32   3   2  -1       0.03657520  d_yz
   32   3   2   0       0.01736267  d_z2
   32   3   2   1       0.04066301  d_xz
   32   3   2   2       0.01818065  d_x2-y2
   33   1   0   0       1.34187100  s
   33   2   1  -1       0.82827554  p_y
   33   2   1   0       0.82404620  p_z
   33   2   1   1       0.82512259  p_x
   33   3   2  -2       0.03799845  d_xy
   33   3   2  -1       0.03882477  d_yz
   33   3   2   0       0.02087198  d_z2
   33   3   2   1       0.04780109  d_xz
   33   3   2   2       0.02110230  d_x2-y2
   34   1   0   0       1.34331988  s
   34   2   1  -1       0.81805326  p_y
   34   2   1   0       0.83057112  p_z
   34   2   1   1       0.82649661  p_x
   34   3   2  -2       0.04393554  d_xy
   34   3   2  -1       0.04236155  d_yz
   34   3   2   0       0.02009204  d_z2
   34   3   2   1       0.03845814  d_xz
   34   3   2   2       0.02283449  d_x2-y2
   35   1   0   0       1.34327970  s
   35   2   1  -1       0.82832263  p_y
   35   2   1   0       0.82290448  p_z
   35   2   1   1       0.82474387  p_x
   35   3   2  -2       0.03877293  d_xy
   35   3   2  -1       0.04358467  d_yz
   35   3   2   0       0.02111247  d_z2
   35   3   2   1       0.04232105  d_xz
   35   3   2   2       0.02113184  d_x2-y2
   36   1   0   0       1.38311560  s
   36   2   1  -1       0.82389675  p_y
   36   2   1   0       0.83382789  p_z
   36   2   1   1       0.82802068  p_x
   36   3   2  -2       0.03930124  d_xy
   36   3   2  -1       0.03311934  d_yz
   36   3   2   0       0.01571803  d_z2
   36   3   2   1       0.03471954  d_xz
   36   3   2   2       0.01714508  d_x2-y2
   37   1   0   0       1.36801986  s
   37   2   1  -1       0.82391966  p_y
   37   2   1   0       0.82906022  p_z
   37   2   1   1       0.82784569  p_x
   37   3   2  -2       0.03819204  d_xy
   37   3   2  -1       0.03920408  d_yz
   37   3   2   0       0.01729769  d_z2
   37   3   2   1       0.03751322  d_xz
   37   3   2   2       0.01936412  d_x2-y2
   38   1   0   0       1.35314629  s
   38   2   1  -1       0.83216879  p_y
   38   2   1   0       0.82530646  p_z
   38   2   1   1       0.83081100  p_x
   38   3   2  -2       0.03989733  d_xy
   38   3   2  -1       0.04019481  d_yz
   38   3   2   0       0.02115726  d_z2
   38   3   2   1       0.04515740  d_xz
   38   3   2   2       0.02091723  d_x2-y2
   39   1   0   0       1.35950279  s
   39   2   1  -1       0.82898166  p_y
   39   2   1   0       0.82764422  p_z
   39   2   1   1       0.82852646  p_x
   39   3   2  -2       0.04007209  d_xy
   39   3   2  -1       0.03644016  d_yz
   39   3   2   0       0.01961093  d_z2
   39   3   2   1       0.03697501  d_xz
   39   3   2   2       0.01764914  d_x2-y2
   40   1   0   0       1.37014332  s
   40   2   1  -1       0.82876140  p_y
   40   2   1   0       0.82667907  p_z
   40   2   1   1       0.82895822  p_x
   40   3   2  -2       0.03785630  d_xy
   40   3   2  -1       0.04007726  d_yz
   40   3   2   0       0.01918042  d_z2
   40   3   2   1       0.04032433  d_xz
   40   3   2   2       0.02050294  d_x2-y2
   41   1   0   0       1.36402100  s
   41   2   1  -1       0.82460276  p_y
   41   2   1   0       0.82991548  p_z
   41   2   1   1       0.82775970  p_x
   41   3   2  -2       0.03997615  d_xy
   41   3   2  -1       0.04164413  d_yz
   41   3   2   0       0.01910736  d_z2
   41   3   2   1       0.03446469  d_xz
   41   3   2   2       0.01948164  d_x2-y2
   42   1   0   0       1.35932473  s
   42   2   1  -1       0.83345687  p_y
   42   2   1   0       0.82105067  p_z
   42   2   1   1       0.83152798  p_x
   42   3   2  -2       0.03554244  d_xy
   42   3   2  -1       0.03945065  d_yz
   42   3   2   0       0.02092496  d_z2
   42   3   2   1       0.04383279  d_xz
   42   3   2   2       0.01859430  d_x2-y2
   43   1   0   0       1.33815677  s
   43   2   1  -1       0.82924165  p_y
   43   2   1   0       0.82125040  p_z
   43   2   1   1       0.82922346  p_x
   43   3   2  -2       0.04452712  d_xy
   43   3   2  -1       0.03779575  d_yz
   43   3   2   0       0.02493178  d_z2
   43   3   2   1       0.04439930  d_xz
   43   3   2   2       0.01994412  d_x2-y2
   44   1   0   0       1.33578025  s
   44   2   1  -1       0.82717658  p_y
   44   2   1   0       0.82460598  p_z
   44   2   1   1       0.83036198  p_x
   44   3   2  -2       0.03984382  d_xy
   44   3   2  -1       0.04348418  d_yz
   44   3   2   0       0.02278725  d_z2
   44   3   2   1       0.04258861  d_xz
   44   3   2   2       0.02240315  d_x2-y2
   45   1   0   0       1.33459067  s
   45   2   1  -1       0.82966179  p_y
   45   2   1   0       0.82711856  p_z
   45   2   1   1       0.82739037  p_x
   45   3   2  -2       0.03989437  d_xy
   45   3   2  -1       0.04330502  d_yz
   45   3   2   0       0.02116561  d_z2
   45   3   2   1       0.03911181  d_xz
   45   3   2   2       0.02102714  d_x2-y2
   46   1   0   0       1.39074253  s
   46   2   1  -1       0.83376378  p_y
   46   2   1   0       0.82772246  p_z
   46   2   1   1       0.83435749  p_x
   46   3   2  -2       0.03425621  d_xy
   46   3   2  -1       0.03891618  d_yz
   46   3   2   0       0.01694807  d_z2
   46   3   2   1       0.03300184  d_xz
   46   3   2   2       0.01510657  d_x2-y2
   47   1   0   0       1.35587332  s
   47   2   1  -1       0.83021217  p_y
   47   2   1   0       0.83277421  p_z
   47   2   1   1       0.82251295  p_x
   47   3   2  -2       0.04099003  d_xy
   47   3   2  -1       0.03678129  d_yz
   47   3   2   0       0.01860270  d_z2
   47   3   2   1       0.04057892  d_xz
   47   3   2   2       0.02068366  d_x2-y2
   48   1   0   0       1.36412471  s
   48   2   1  -1       0.83777002  p_y
   48   2   1   0       0.82879372  p_z
   48   2   1   1       0.83426507  p_x
   48   3   2  -2       0.03549571  d_xy
   48   3   2  -1       0.03688251  d_yz
   48   3   2   0       0.01846956  d_z2
   48   3   2   1       0.04011157  d_xz
   48   3   2   2       0.01716657  d_x2-y2
   49   1   0   0       1.36367303  s
   49   2   1  -1       0.82908447  p_y
   49   2   1   0       0.83485317  p_z
   49   2   1   1       0.82692726  p_x
   49   3   2  -2       0.04342262  d_xy
   49   3   2  -1       0.03364390  d_yz
   49   3   2   0       0.01706495  d_z2
   49   3   2   1       0.03515662  d_xz
   49   3   2   2       0.01784954  d_x2-y2
   50   1   0   0       1.35582419  s
   50   2   1  -1       0.82922130  p_y
   50   2   1   0       0.82627793  p_z
   50   2   1   1       0.82576950  p_x
   50   3   2  -2       0.04065207  d_xy
   50   3   2  -1       0.03707008  d_yz
   50   3   2   0       0.02111732  d_z2
   50   3   2   1       0.04259066  d_xz
   50   3   2   2       0.01898523  d_x2-y2
   51   1   0   0       1.34991856  s
   51   2   1  -1       0.81911880  p_y
   51   2   1   0       0.83243110  p_z
   51   2   1   1       0.82746003  p_x
   51   3   2  -2       0.03938286  d_xy
   51   3   2  -1       0.04145333  d_yz
   51   3   2   0       0.01914671  d_z2
   51   3   2   1       0.03943462  d_xz
   51   3   2   2       0.02180722  d_x2-y2
   52   1   0   0       1.35776776  s
   52   2   1  -1       0.82848758  p_y
   52   2   1   0       0.82470727  p_z
   52   2   1   1       0.82424251  p_x
   52   3   2  -2       0.04017482  d_xy
   52   3   2  -1       0.04139124  d_yz
   52   3   2   0       0.02227832  d_z2
   52   3   2   1       0.04265684  d_xz
   52   3   2   2       0.01958846  d_x2-y2
   53   1   0   0       1.33044085  s
   53   2   1  -1       0.82769454  p_y
   53   2   1   0       0.82784234  p_z
   53   2   1   1       0.82850734  p_x
   53   3   2  -2       0.03929381  d_xy
   53   3   2  -1       0.04561692  d_yz
   53   3   2   0       0.02165785  d_z2
   53   3   2   1       0.04091063  d_xz
   53   3   2   2       0.02259350  d_x2-y2
   54   1   0   0       1.36287609  s
   54   2   1  -1       0.82557554  p_y
   54   2   1   0       0.83264771  p_z
   54   2   1   1       0.83000556  p_x
   54   3   2  -2       0.03509946  d_xy
   54   3   2  -1       0.04217205  d_yz
   54   3   2   0       0.01654688  d_z2
   54   3   2   1       0.03612960  d_xz
   54   3   2   2       0.02001167  d_x2-y2
   55   1   0   0       1.36315654  s
   55   2   1  -1       0.83412136  p_y
   55   2   1   0       0.83402829  p_z
   55   2   1   1       0.82873516  p_x
   55   3   2  -2       0.03925919  d_xy
   55   3   2  -1       0.03467936  d_yz
   55   3   2   0       0.01859173  d_z2
   55   3   2   1       0.04078057  d_xz
   55   3   2   2       0.01829968  d_x2-y2
   56   1   0   0       1.34817635  s
   56   2   1  -1       0.82392848  p_y
   56   2   1   0       0.83259593  p_z
   56   2   1   1       0.83144619  p_x
   56   3   2  -2       0.04234745  d_xy
   56   3   2  -1       0.03927757  d_yz
   56   3   2   0       0.01918068  d_z2
   56   3   2   1       0.03546637  d_xz
   56   3   2   2       0.01913628  d_x2-y2
   57   1   0   0       1.37914700  s
   57   2   1  -1       0.82586742  p_y
   57   2   1   0       0.83102592  p_z
   57   2   1   1       0.82702455  p_x
   57   3   2  -2       0.03980254  d_xy
   57   3   2  -1       0.03534966  d_yz
   57   3   2   0       0.01759942  d_z2
   57   3   2   1       0.03852003  d_xz
   57   3   2   2       0.01828797  d_x2-y2
   58   1   0   0       1.35236939  s
   58   2   1  -1       0.82692466  p_y
   58   2   1   0       0.82678367  p_z
   58   2   1   1       0.82899237  p_x
   58   3   2  -2       0.04109699  d_xy
   58   3   2  -1       0.04272431  d_yz
   58   3   2   0       0.02121498  d_z2
   58   3   2   1       0.03881850  d_xz
   58   3   2   2       0.02057115  d_x2-y2
   59   1   0   0       1.35634931  s
   59   2   1  -1       0.82795571  p_y
   59   2   1   0       0.83583931  p_z
   59   2   1   1       0.83099393  p_x
   59   3   2  -2       0.03823118  d_xy
   59   3   2  -1       0.04026920  d_yz
   59   3   2   0       0.01686551  d_z2
   59   3   2   1       0.03683158  d_xz
   59   3   2   2       0.02107521  d_x2-y2
   60   1   0   0       1.36485146  s
   60   2   1  -1       0.83496371  p_y
   60   2   1   0       0.82937788  p_z
   60   2   1   1       0.82892933  p_x
   60   3   2  -2       0.03627697  d_xy
   60   3   2  -1       0.03759495  d_yz
   60   3   2   0       0.01711041  d_z2
   60   3   2   1       0.04013497  d_xz
   60   3   2   2       0.01903880  d_x2-y2
   61   1   0   0       1.39466733  s
   61   2   1  -1       0.82342057  p_y
   61   2   1   0       0.82940164  p_z
   61   2   1   1       0.83390505  p_x
   61   3   2  -2       0.03578313  d_xy
   61   3   2  -1       0.03752622  d_yz
   61   3   2   0       0.01564891  d_z2
   61   3   2   1       0.03480702  d_xz
   61   3   2   2       0.01765706  d_x2-y2
   62   1   0   0       1.34104249  s
   62   2   1  -1       0.82545335  p_y
   62   2   1   0       0.82564757  p_z
   62   2   1   1       0.82651868  p_x
   62   3   2  -2       0.04070316  d_xy
   62   3   2  -1       0.04330488  d_yz
   62   3   2   0       0.02151909  d_z2
   62   3   2   1       0.03895403  d_xz
   62   3   2   2       0.02170908  d_x2-y2
   63   1   0   0       1.38024441  s
   63   2   1  -1       0.83185691  p_y
   63   2   1   0       0.82805932  p_z
   63   2   1   1       0.83389965  p_x
   63   3   2  -2       0.03845122  d_xy
   63   3   2  -1       0.03552183  d_yz
   63   3   2   0       0.01795705  d_z2
   63   3   2   1       0.03801763  d_xz
   63   3   2   2       0.01641418  d_x2-y2
   64   1   0   0       1.36157122  s
   64   2   1  -1       0.82629608  p_y
   64   2   1   0       0.82359087  p_z
   64   2   1   1       0.82427133  p_x
   64   3   2  -2       0.04194088  d_xy
   64   3   2  -1       0.03603163  d_yz
   64   3   2   0       0.02153739  d_z2
   64   3   2   1       0.04283583  d_xz
   64   3   2   2       0.01826633  d_x2-y2

Fermi level:                        -0.1337091445 H           -3.6384 eV
Band energy:                       -88.1848411545 H        -2399.6316 eV
TS:                                  0.0000000000 H            0.0000 eV
Band free energy (E-TS):           -88.1848411545 H        -2399.6316 eV
Extrapolated E(0K):                -88.1848411545 H        -2399.6316 eV
Input / Output electrons (q):    256.0000000000    256.0000000000

Energy H0:                         -88.1747385124 H        -2399.3567 eV
Energy SCC:                          0.0003864813 H            0.0105 eV
Total Electronic energy:           -88.1743520311 H        -2399.3462 eV
Repulsive energy:                    0.0000000000 H            0.0000 eV
Total energy:                      -88.1743520311 H        -2399.3462 eV
Extrapolated to 0:                 -88.1743520311 H        -2399.3462 eV
Total Mermin free energy:          -88.1743520311 H        -2399.3462 eV
Force related energy:              -88.1743520311 H        -2399.3462 eV

Non-constrained calculation

SCC converged

Warning: dipole moment is not defined absolutely!
Dipole moment:    0.21948668    0.03586647    0.37062078 au
Dipole moment:    0.55787954    0.09116348    0.94202413 Debye


