 Fermi distribution function

Calculation with static geometry


********************************************************************************
 iSCC Total electronic   Diff electronic      SCC error    
    9   -0.88159402E+02   -0.10832935E-08    0.58094061E-05
********************************************************************************

 Total charge:    -0.00000000

 Atomic gross charges (e)
 Atom           Charge
    1       0.01070865
    2       0.00014216
    3       0.01218648
    4      -0.01100259
    5      -0.01418658
    6       0.01769901
    7      -0.00707576
    8       0.00235754
    9       0.00777788
   10       0.00023229
   11       0.00659455
   12       0.00052283
   13       0.01377728
   14       0.00272502
   15      -0.01812316
   16       0.01577851
   17       0.02006768
   18       0.01252435
   19      -0.00284400
   20      -0.01723697
   21       0.00904643
   22      -0.01145516
   23       0.01984532
   24      -0.01781719
   25      -0.02458565
   26       0.00791281
   27      -0.00331348
   28      -0.00148563
   29       0.00537529
   30      -0.01102793
   31      -0.01122072
   32       0.00316396
   33       0.00524485
   34       0.01456234
   35       0.00853353
   36       0.00577729
   37      -0.00451242
   38      -0.01506993
   39       0.00680901
   40      -0.00158078
   41      -0.01302798
   42       0.02272731
   43      -0.00030742
   44       0.01308468
   45       0.00059578
   46       0.00373625
   47      -0.01099117
   48       0.01705467
   49       0.01262749
   50      -0.01743128
   51       0.02347670
   52      -0.00360972
   53       0.02361820
   54      -0.01126214
   55      -0.02292915
   56      -0.00229203
   57      -0.00677485
   58      -0.00363982
   59       0.01568363
   60      -0.00083011
   61      -0.03213335
   62      -0.00480313
   63      -0.01735030
   64      -0.02204937

Nr. of electrons (up):    256.00000000
Atom populations (up)
 Atom       Population
    1       3.98929135
    2       3.99985784
    3       3.98781352
    4       4.01100259
    5       4.01418658
    6       3.98230099
    7       4.00707576
    8       3.99764246
    9       3.99222212
   10       3.99976771
   11       3.99340545
   12       3.99947717
   13       3.98622272
   14       3.99727498
   15       4.01812316
   16       3.98422149
   17       3.97993232
   18       3.98747565
   19       4.00284400
   20       4.01723697
   21       3.99095357
   22       4.01145516
   23       3.98015468
   24       4.01781719
   25       4.02458565
   26       3.99208719
   27       4.00331348
   28       4.00148563
   29       3.99462471
   30       4.01102793
   31       4.01122072
   32       3.99683604
   33       3.99475515
   34       3.98543766
   35       3.99146647
   36       3.99422271
   37       4.00451242
   38       4.01506993
   39       3.99319099
   40       4.00158078
   41       4.01302798
   42       3.97727269
   43       4.00030742
   44       3.98691532
   45       3.99940422
   46       3.99626375
   47       4.01099117
   48       3.98294533
   49       3.98737251
   50       4.01743128
   51       3.97652330
   52       4.00360972
   53       3.97638180
   54       4.01126214
   55       4.02292915
   56       4.00229203
   57       4.00677485
   58       4.00363982
   59       3.98431637
   60       4.00083011
   61       4.03213335
   62       4.00480313
   63       4.01735030
   64       4.02204937

l-shell populations (up)
 Atom Sh.   l       Population
    1   1   0       1.35386155
    1   2   1       2.47939374
    1   3   2       0.15603606
    2   1   0       1.35976568
    2   2   1       2.47700054
    2   3   2       0.16309162
    3   1   0       1.34735181
    3   2   1       2.48612579
    3   3   2       0.15433592
    4   1   0       1.38170698
    4   2   1       2.48569519
    4   3   2       0.14360042
    5   1   0       1.37179596
    5   2   1       2.49272350
    5   3   2       0.14966712
    6   1   0       1.33835081
    6   2   1       2.47675426
    6   3   2       0.16719593
    7   1   0       1.35113967
    7   2   1       2.49122883
    7   3   2       0.16470726
    8   1   0       1.35444166
    8   2   1       2.48128182
    8   3   2       0.16191897
    9   1   0       1.36826940
    9   2   1       2.46965808
    9   3   2       0.15429464
   10   1   0       1.35282250
   10   2   1       2.49620115
   10   3   2       0.15074406
   11   1   0       1.35606194
   11   2   1       2.47817634
   11   3   2       0.15916718
   12   1   0       1.37198791
   12   2   1       2.47980443
   12   3   2       0.14768483
   13   1   0       1.34027571
   13   2   1       2.47793496
   13   3   2       0.16801205
   14   1   0       1.36248748
   14   2   1       2.48160788
   14   3   2       0.15317963
   15   1   0       1.38233027
   15   2   1       2.48973453
   15   3   2       0.14605837
   16   1   0       1.34581434
   16   2   1       2.47425503
   16   3   2       0.16415212
   17   1   0       1.32067406
   17   2   1       2.48490214
   17   3   2       0.17435612
   18   1   0       1.35059906
   18   2   1       2.47635898
   18   3   2       0.16051761
   19   1   0       1.36134387
   19   2   1       2.48440293
   19   3   2       0.15709720
   20   1   0       1.37981028
   20   2   1       2.49790556
   20   3   2       0.13952113
   21   1   0       1.34420346
   21   2   1       2.48127635
   21   3   2       0.16547376
   22   1   0       1.35620533
   22   2   1       2.49825817
   22   3   2       0.15699167
   23   1   0       1.31342698
   23   2   1       2.47344472
   23   3   2       0.19328299
   24   1   0       1.37961162
   24   2   1       2.50246107
   24   3   2       0.13574450
   25   1   0       1.40120744
   25   2   1       2.48234601
   25   3   2       0.14103220
   26   1   0       1.34928289
   26   2   1       2.48381286
   26   3   2       0.15899144
   27   1   0       1.36449451
   27   2   1       2.48583542
   27   3   2       0.15298356
   28   1   0       1.36149080
   28   2   1       2.48151996
   28   3   2       0.15847487
   29   1   0       1.35341351
   29   2   1       2.48027243
   29   3   2       0.16093876
   30   1   0       1.36584034
   30   2   1       2.48461857
   30   3   2       0.16056902
   31   1   0       1.38238998
   31   2   1       2.48296834
   31   3   2       0.14586240
   32   1   0       1.34753443
   32   2   1       2.46711559
   32   3   2       0.18218603
   33   1   0       1.34281400
   33   2   1       2.48395897
   33   3   2       0.16798218
   34   1   0       1.34731154
   34   2   1       2.47337655
   34   3   2       0.16474957
   35   1   0       1.35368634
   35   2   1       2.46813442
   35   3   2       0.16964571
   36   1   0       1.35553116
   36   2   1       2.48133782
   36   3   2       0.15735373
   37   1   0       1.37125179
   37   2   1       2.47818729
   37   3   2       0.15507334
   38   1   0       1.38733178
   38   2   1       2.48771352
   38   3   2       0.14002463
   39   1   0       1.34972310
   39   2   1       2.48605630
   39   3   2       0.15741159
   40   1   0       1.36083022
   40   2   1       2.48373722
   40   3   2       0.15701334
   41   1   0       1.37637031
   41   2   1       2.48092651
   41   3   2       0.15573116
   42   1   0       1.32201487
   42   2   1       2.47341693
   42   3   2       0.18184089
   43   1   0       1.35670528
   43   2   1       2.49403828
   43   3   2       0.14956386
   44   1   0       1.34823795
   44   2   1       2.47444932
   44   3   2       0.16422805
   45   1   0       1.35470407
   45   2   1       2.49659905
   45   3   2       0.14810110
   46   1   0       1.34068876
   46   2   1       2.48569567
   46   3   2       0.16987932
   47   1   0       1.37464166
   47   2   1       2.48874036
   47   3   2       0.14760915
   48   1   0       1.33050942
   48   2   1       2.47332600
   48   3   2       0.17910990
   49   1   0       1.34518707
   49   2   1       2.48013369
   49   3   2       0.16205174
   50   1   0       1.38439602
   50   2   1       2.49396801
   50   3   2       0.13906725
   51   1   0       1.31978115
   51   2   1       2.47494923
   51   3   2       0.18179292
   52   1   0       1.36938254
   52   2   1       2.47641789
   52   3   2       0.15780928
   53   1   0       1.31149182
   53   2   1       2.47988822
   53   3   2       0.18500176
   54   1   0       1.36521409
   54   2   1       2.49737938
   54   3   2       0.14866867
   55   1   0       1.38536625
   55   2   1       2.50136297
   55   3   2       0.13619993
   56   1   0       1.36253847
   56   2   1       2.48612732
   56   3   2       0.15362624
   57   1   0       1.38047936
   57   2   1       2.47740921
   57   3   2       0.14888628
   58   1   0       1.35014022
   58   2   1       2.48770565
   58   3   2       0.16579396
   59   1   0       1.34621715
   59   2   1       2.48229057
   59   3   2       0.15580864
   60   1   0       1.34800966
   60   2   1       2.48287186
   60   3   2       0.16994859
   61   1   0       1.39990522
   61   2   1       2.49681482
   61   3   2       0.13541331
   62   1   0       1.35770320
   62   2   1       2.49046562
   62   3   2       0.15663431
   63   1   0       1.38162165
   63   2   1       2.48060018
   63   3   2       0.15512847
   64   1   0       1.39587985
   64   2   1       2.48901601
   64   3   2       0.13715351

Orbital populations (up)
 Atom Sh.   l   m       Population  Label
    1   1   0   0       1.35386155  s
    1   2   1  -1       0.82732655  p_y
    1   2   1   0       0.82845004  p_z
    1   2   1   1       0.82361716  p_x
    1   3   2  -2       0.04280272  d_xy
    1   3   2  -1       0.03537574  d_yz
    1   3   2   0       0.01960741  d_z2
    1   3   2   1       0.03920040  d_xz
    1   3   2   2       0.01904979  d_x2-y2
    2   1   0   0       1.35976568  s
    2   2   1  -1       0.83119321  p_y
    2   2   1   0       0.81915207  p_z
    2   2   1   1       0.82665525  p_x
    2   3   2  -2       0.03676306  d_xy
    2   3   2  -1       0.04121894  d_yz
    2   3   2   0       0.02140960  d_z2
    2   3   2   1       0.04370148  d_xz
    2   3   2   2       0.01999855  d_x2-y2
    3   1   0   0       1.34735181  s
    3   2   1  -1       0.82501284  p_y
    3   2   1   0       0.83165634  p_z
    3   2   1   1       0.82945661  p_x
    3   3   2  -2       0.03920933  d_xy
    3   3   2  -1       0.04271932  d_yz
    3   3   2   0       0.01846361  d_z2
    3   3   2   1       0.03418131  d_xz
    3   3   2   2       0.01976235  d_x2-y2
    4   1   0   0       1.38170698  s
    4   2   1  -1       0.83140128  p_y
    4   2   1   0       0.82393778  p_z
    4   2   1   1       0.83035613  p_x
    4   3   2  -2       0.03601996  d_xy
    4   3   2  -1       0.03388946  d_yz
    4   3   2   0       0.01746340  d_z2
    4   3   2   1       0.03968504  d_xz
    4   3   2   2       0.01654256  d_x2-y2
    5   1   0   0       1.37179596  s
    5   2   1  -1       0.82902096  p_y
    5   2   1   0       0.83190703  p_z
    5   2   1   1       0.83179552  p_x
    5   3   2  -2       0.03718445  d_xy
    5   3   2  -1       0.03971879  d_yz
    5   3   2   0       0.01832107  d_z2
    5   3   2   1       0.03620631  d_xz
    5   3   2   2       0.01823650  d_x2-y2
    6   1   0   0       1.33835081  s
    6   2   1  -1       0.82974848  p_y
    6   2   1   0       0.82716160  p_z
    6   2   1   1       0.81984417  p_x
    6   3   2  -2       0.03885616  d_xy
    6   3   2  -1       0.04070088  d_yz
    6   3   2   0       0.02141194  d_z2
    6   3   2   1       0.04458517  d_xz
    6   3   2   2       0.02164178  d_x2-y2
    7   1   0   0       1.35113967  s
    7   2   1  -1       0.82982987  p_y
    7   2   1   0       0.83199967  p_z
    7   2   1   1       0.82939929  p_x
    7   3   2  -2       0.04325321  d_xy
    7   3   2  -1       0.03754617  d_yz
    7   3   2   0       0.02065736  d_z2
    7   3   2   1       0.04207434  d_xz
    7   3   2   2       0.02117617  d_x2-y2
    8   1   0   0       1.35444166  s
    8   2   1  -1       0.82476604  p_y
    8   2   1   0       0.82937926  p_z
    8   2   1   1       0.82713653  p_x
    8   3   2  -2       0.04246889  d_xy
    8   3   2  -1       0.04099306  d_yz
    8   3   2   0       0.02015612  d_z2
    8   3   2   1       0.03729062  d_xz
    8   3   2   2       0.02101028  d_x2-y2
    9   1   0   0       1.36826940  s
    9   2   1  -1       0.82130656  p_y
    9   2   1   0       0.82468708  p_z
    9   2   1   1       0.82366444  p_x
    9   3   2  -2       0.03898498  d_xy
    9   3   2  -1       0.03990100  d_yz
    9   3   2   0       0.01859136  d_z2
    9   3   2   1       0.03740331  d_xz
    9   3   2   2       0.01941400  d_x2-y2
   10   1   0   0       1.35282250  s
   10   2   1  -1       0.83131949  p_y
   10   2   1   0       0.83391251  p_z
   10   2   1   1       0.83096914  p_x
   10   3   2  -2       0.03830983  d_xy
   10   3   2  -1       0.03891717  d_yz
   10   3   2   0       0.01875592  d_z2
   10   3   2   1       0.03585877  d_xz
   10   3   2   2       0.01890236  d_x2-y2
   11   1   0   0       1.35606194  s
   11   2   1  -1       0.82406674  p_y
   11   2   1   0       0.83229716  p_z
   11   2   1   1       0.82181244  p_x
   11   3   2  -2       0.04071145  d_xy
   11   3   2  -1       0.03568206  d_yz
   11   3   2   0       0.01892801  d_z2
   11   3   2   1       0.04287307  d_xz
   11   3   2   2       0.02097259  d_x2-y2
   12   1   0   0       1.37198791  s
   12   2   1  -1       0.82550809  p_y
   12   2   1   0       0.82403879  p_z
   12   2   1   1       0.83025755  p_x
   12   3   2  -2       0.03737698  d_xy
   12   3   2  -1       0.03942827  d_yz
   12   3   2   0       0.01831877  d_z2
   12   3   2   1       0.03589517  d_xz
   12   3   2   2       0.01666564  d_x2-y2
   13   1   0   0       1.34027571  s
   13   2   1  -1       0.82301541  p_y
   13   2   1   0       0.82991483  p_z
   13   2   1   1       0.82500472  p_x
   13   3   2  -2       0.03974808  d_xy
   13   3   2  -1       0.04300941  d_yz
   13   3   2   0       0.02393077  d_z2
   13   3   2   1       0.04056300  d_xz
   13   3   2   2       0.02076079  d_x2-y2
   14   1   0   0       1.36248748  s
   14   2   1  -1       0.82364455  p_y
   14   2   1   0       0.83082377  p_z
   14   2   1   1       0.82713956  p_x
   14   3   2  -2       0.03980763  d_xy
   14   3   2  -1       0.04085696  d_yz
   14   3   2   0       0.01800455  d_z2
   14   3   2   1       0.03545903  d_xz
   14   3   2   2       0.01905145  d_x2-y2
   15   1   0   0       1.38233027  s
   15   2   1  -1       0.83434593  p_y
   15   2   1   0       0.82498851  p_z
   15   2   1   1       0.83040009  p_x
   15   3   2  -2       0.03648695  d_xy
   15   3   2  -1       0.03588989  d_yz
   15   3   2   0       0.01818721  d_z2
   15   3   2   1       0.03910150  d_xz
   15   3   2   2       0.01639281  d_x2-y2
   16   1   0   0       1.34581434  s
   16   2   1  -1       0.82517332  p_y
   16   2   1   0       0.82697228  p_z
   16   2   1   1       0.82210944  p_x
   16   3   2  -2       0.04335459  d_xy
   16   3   2  -1       0.03633016  d_yz
   16   3   2   0       0.01983147  d_z2
   16   3   2   1       0.04309182  d_xz
   16   3   2   2       0.02154408  d_x2-y2
   17   1   0   0       1.32067406  s
   17   2   1  -1       0.83025361  p_y
   17   2   1   0       0.82528770  p_z
   17   2   1   1       0.82936083  p_x
   17   3   2  -2       0.04340002  d_xy
   17   3   2  -1       0.04119893  d_yz
   17   3   2   0       0.02390358  d_z2
   17   3   2   1       0.04387563  d_xz
   17   3   2   2       0.02197796  d_x2-y2
   18   1   0   0       1.35059906  s
   18   2   1  -1       0.82235313  p_y
   18   2   1   0       0.82582286  p_z
   18   2   1   1       0.82818299  p_x
   18   3   2  -2       0.03842709  d_xy
   18   3   2  -1       0.04065103  d_yz
   18   3   2   0       0.02145556  d_z2
   18   3   2   1       0.03964886  d_xz
   18   3   2   2       0.02033506  d_x2-y2
   19   1   0   0       1.36134387  s
   19   2   1  -1       0.82668344  p_y
   19   2   1   0       0.82833947  p_z
   19   2   1   1       0.82938002  p_x
   19   3   2  -2       0.03884728  d_xy
   19   3   2  -1       0.03987800  d_yz
   19   3   2   0       0.02022034  d_z2
   19   3   2   1       0.03923309  d_xz
   19   3   2   2       0.01891850  d_x2-y2
   20   1   0   0       1.37981028  s
   20   2   1  -1       0.83437198  p_y
   20   2   1   0       0.83129867  p_z
   20   2   1   1       0.83223491  p_x
   20   3   2  -2       0.03497819  d_xy
   20   3   2  -1       0.03594227  d_yz
   20   3   2   0       0.01570991  d_z2
   20   3   2   1       0.03617828  d_xz
   20   3   2   2       0.01671249  d_x2-y2
   21   1   0   0       1.34420346  s
   21   2   1  -1       0.82714869  p_y
   21   2   1   0       0.82794877  p_z
   21   2   1   1       0.82617889  p_x
   21   3   2  -2       0.04404298  d_xy
   21   3   2  -1       0.03976679  d_yz
   21   3   2   0       0.02195915  d_z2
   21   3   2   1       0.03986680  d_xz
   21   3   2   2       0.01983804  d_x2-y2
   22   1   0   0       1.35620533  s
   22   2   1  -1       0.83464161  p_y
   22   2   1   0       0.82886254  p_z
   22   2   1   1       0.83475401  p_x
   22   3   2  -2       0.03499702  d_xy
   22   3   2  -1       0.04094302  d_yz
   22   3   2   0       0.02031072  d_z2
   22   3   2   1       0.04092253  d_xz
   22   3   2   2       0.01981839  d_x2-y2
   23   1   0   0       1.31342698  s
   23   2   1  -1       0.82139048  p_y
   23   2   1   0       0.83230116  p_z
   23   2   1   1       0.81975308  p_x
   23   3   2  -2       0.04751033  d_xy
   23   3   2  -1       0.04732184  d_yz
   23   3   2   0       0.02736385  d_z2
   23   3   2   1       0.04434465  d_xz
   23   3   2   2       0.02674232  d_x2-y2
   24   1   0   0       1.37961162  s
   24   2   1  -1       0.83514730  p_y
   24   2   1   0       0.83053838  p_z
   24   2   1   1       0.83677540  p_x
   24   3   2  -2       0.03280643  d_xy
   24   3   2  -1       0.04002549  d_yz
   24   3   2   0       0.01554901  d_z2
   24   3   2   1       0.03187388  d_xz
   24   3   2   2       0.01548968  d_x2-y2
   25   1   0   0       1.40120744  s
   25   2   1  -1       0.82637925  p_y
   25   2   1   0       0.82782782  p_z
   25   2   1   1       0.82813893  p_x
   25   3   2  -2       0.03460677  d_xy
   25   3   2  -1       0.03799938  d_yz
   25   3   2   0       0.01642786  d_z2
   25   3   2   1       0.03506161  d_xz
   25   3   2   2       0.01693658  d_x2-y2
   26   1   0   0       1.34928289  s
   26   2   1  -1       0.82515387  p_y
   26   2   1   0       0.82974764  p_z
   26   2   1   1       0.82891135  p_x
   26   3   2  -2       0.04250100  d_xy
   26   3   2  -1       0.04004084  d_yz
   26   3   2   0       0.01921115  d_z2
   26   3   2   1       0.03656609  d_xz
   26   3   2   2       0.02067237  d_x2-y2
   27   1   0   0       1.36449451  s
   27   2   1  -1       0.82976670  p_y
   27   2   1   0       0.82521942  p_z
   27   2   1   1       0.83084930  p_x
   27   3   2  -2       0.03911278  d_xy
   27   3   2  -1       0.03716015  d_yz
   27   3   2   0       0.01980459  d_z2
   27   3   2   1       0.03961524  d_xz
   27   3   2   2       0.01729080  d_x2-y2
   28   1   0   0       1.36149080  s
   28   2   1  -1       0.83082419  p_y
   28   2   1   0       0.82774587  p_z
   28   2   1   1       0.82294990  p_x
   28   3   2  -2       0.04006437  d_xy
   28   3   2  -1       0.03637675  d_yz
   28   3   2   0       0.01913869  d_z2
   28   3   2   1       0.04301772  d_xz
   28   3   2   2       0.01987735  d_x2-y2
   29   1   0   0       1.35341351  s
   29   2   1  -1       0.82488263  p_y
   29   2   1   0       0.82803704  p_z
   29   2   1   1       0.82735276  p_x
   29   3   2  -2       0.04437301  d_xy
   29   3   2  -1       0.03587170  d_yz
   29   3   2   0       0.02161593  d_z2
   29   3   2   1       0.04025183  d_xz
   29   3   2   2       0.01882630  d_x2-y2
   30   1   0   0       1.36584034  s
   30   2   1  -1       0.83042921  p_y
   30   2   1   0       0.82511543  p_z
   30   2   1   1       0.82907393  p_x
   30   3   2  -2       0.03975950  d_xy
   30   3   2  -1       0.03901559  d_yz
   30   3   2   0       0.01961020  d_z2
   30   3   2   1       0.04199877  d_xz
   30   3   2   2       0.02018497  d_x2-y2
   31   1   0   0       1.38238998  s
   31   2   1  -1       0.82624334  p_y
   31   2   1   0       0.83179308  p_z
   31   2   1   1       0.82493192  p_x
   31   3   2  -2       0.03589712  d_xy
   31   3   2  -1       0.03956136  d_yz
   31   3   2   0       0.01581451  d_z2
   31   3   2   1       0.03643560  d_xz
   31   3   2   2       0.01815381  d_x2-y2
   32   1   0   0       1.34753443  s
   32   2   1  -1       0.82197851  p_y
   32   2   1   0       0.82338430  p_z
   32   2   1   1       0.82175278  p_x
   32   3   2  -2       0.04528463  d_xy
   32   3   2  -1       0.04142214  d_yz
   32   3   2   0       0.02361322  d_z2
   32   3   2   1       0.04752198  d_xz
   32   3   2   2       0.02434406  d_x2-y2
   33   1   0   0       1.34281400  s
   33   2   1  -1       0.83307335  p_y
   33   2   1   0       0.83468210  p_z
   33   2   1   1       0.81620353  p_x
   33   3   2  -2       0.03951956  d_xy
   33   3   2  -1       0.03695585  d_yz
   33   3   2   0       0.01887473  d_z2
   33   3   2   1       0.04866199  d_xz
   33   3   2   2       0.02397006  d_x2-y2
   34   1   0   0       1.34731154  s
   34   2   1  -1       0.82526763  p_y
   34   2   1   0       0.82085397  p_z
   34   2   1   1       0.82725494  p_x
   34   3   2  -2       0.03999022  d_xy
   34   3   2  -1       0.04280982  d_yz
   34   3   2   0       0.02151691  d_z2
   34   3   2   1       0.04044921  d_xz
   34   3   2   2       0.01998341  d_x2-y2
   35   1   0   0       1.35368634  s
   35   2   1  -1       0.81942505  p_y
   35   2   1   0       0.82965282  p_z
   35   2   1   1       0.81905655  p_x
   35   3   2  -2       0.04255178  d_xy
   35   3   2  -1       0.04226419  d_yz
   35   3   2   0       0.02125061  d_z2
   35   3   2   1       0.04067254  d_xz
   35   3   2   2       0.02290660  d_x2-y2
   36   1   0   0       1.35553116  s
   36   2   1  -1       0.82846503  p_y
   36   2   1   0       0.82760785  p_z
   36   2   1   1       0.82526495  p_x
   36   3   2  -2       0.04226558  d_xy
   36   3   2  -1       0.03801818  d_yz
   36   3   2   0       0.02007183  d_z2
   36   3   2   1       0.03832789  d_xz
   36   3   2   2       0.01867025  d_x2-y2
   37   1   0   0       1.37125179  s
   37   2   1  -1       0.82525018  p_y
   37   2   1   0       0.82404218  p_z
   37   2   1   1       0.82889492  p_x
   37   3   2  -2       0.03561294  d_xy
   37   3   2  -1       0.04147693  d_yz
   37   3   2   0       0.01850357  d_z2
   37   3   2   1       0.03974106  d_xz
   37   3   2   2       0.01973883  d_x2-y2
   38   1   0   0       1.38733178  s
   38   2   1  -1       0.82981892  p_y
   38   2   1   0       0.82883320  p_z
   38   2   1   1       0.82906139  p_x
   38   3   2  -2       0.03603063  d_xy
   38   3   2  -1       0.03285861  d_yz
   38   3   2   0       0.01705136  d_z2
   38   3   2   1       0.03871483  d_xz
   38   3   2   2       0.01536920  d_x2-y2
   39   1   0   0       1.34972310  s
   39   2   1  -1       0.83099554  p_y
   39   2   1   0       0.82526319  p_z
   39   2   1   1       0.82979758  p_x
   39   3   2  -2       0.03924030  d_xy
   39   3   2  -1       0.03947531  d_yz
   39   3   2   0       0.01973978  d_z2
   39   3   2   1       0.03957930  d_xz
   39   3   2   2       0.01937689  d_x2-y2
   40   1   0   0       1.36083022  s
   40   2   1  -1       0.82295323  p_y
   40   2   1   0       0.83121041  p_z
   40   2   1   1       0.82957358  p_x
   40   3   2  -2       0.04109024  d_xy
   40   3   2  -1       0.04389111  d_yz
   40   3   2   0       0.01821241  d_z2
   40   3   2   1       0.03357138  d_xz
   40   3   2   2       0.02024821  d_x2-y2
   41   1   0   0       1.37637031  s
   41   2   1  -1       0.82607063  p_y
   41   2   1   0       0.82710694  p_z
   41   2   1   1       0.82774894  p_x
   41   3   2  -2       0.03803578  d_xy
   41   3   2  -1       0.04666649  d_yz
   41   3   2   0       0.01961942  d_z2
   41   3   2   1       0.03365366  d_xz
   41   3   2   2       0.01775581  d_x2-y2
   42   1   0   0       1.32201487  s
   42   2   1  -1       0.81966205  p_y
   42   2   1   0       0.82193262  p_z
   42   2   1   1       0.83182225  p_x
   42   3   2  -2       0.04001777  d_xy
   42   3   2  -1       0.05036226  d_yz
   42   3   2   0       0.02354123  d_z2
   42   3   2   1       0.04285924  d_xz
   42   3   2   2       0.02506038  d_x2-y2
   43   1   0   0       1.35670528  s
   43   2   1  -1       0.83145303  p_y
   43   2   1   0       0.82896209  p_z
   43   2   1   1       0.83362317  p_x
   43   3   2  -2       0.04366180  d_xy
   43   3   2  -1       0.03206462  d_yz
   43   3   2   0       0.01953048  d_z2
   43   3   2   1       0.03774532  d_xz
   43   3   2   2       0.01656163  d_x2-y2
   44   1   0   0       1.34823795  s
   44   2   1  -1       0.82911007  p_y
   44   2   1   0       0.82415930  p_z
   44   2   1   1       0.82117995  p_x
   44   3   2  -2       0.03926367  d_xy
   44   3   2  -1       0.03793087  d_yz
   44   3   2   0       0.02079101  d_z2
   44   3   2   1       0.04534994  d_xz
   44   3   2   2       0.02089256  d_x2-y2
   45   1   0   0       1.35470407  s
   45   2   1  -1       0.83663261  p_y
   45   2   1   0       0.82488947  p_z
   45   2   1   1       0.83507697  p_x
   45   3   2  -2       0.03738736  d_xy
   45   3   2  -1       0.03679797  d_yz
   45   3   2   0       0.01906317  d_z2
   45   3   2   1       0.03814484  d_xz
   45   3   2   2       0.01670776  d_x2-y2
   46   1   0   0       1.34068876  s
   46   2   1  -1       0.82863658  p_y
   46   2   1   0       0.82992525  p_z
   46   2   1   1       0.82713384  p_x
   46   3   2  -2       0.04084035  d_xy
   46   3   2  -1       0.04154508  d_yz
   46   3   2   0       0.02167281  d_z2
   46   3   2   1       0.04166782  d_xz
   46   3   2   2       0.02415326  d_x2-y2
   47   1   0   0       1.37464166  s
   47   2   1  -1       0.82836974  p_y
   47   2   1   0       0.82760003  p_z
   47   2   1   1       0.83277060  p_x
   47   3   2  -2       0.03429608  d_xy
   47   3   2  -1       0.03992742  d_yz
   47   3   2   0       0.01798992  d_z2
   47   3   2   1       0.03708182  d_xz
   47   3   2   2       0.01831392  d_x2-y2
   48   1   0   0       1.33050942  s
   48   2   1  -1       0.82433001  p_y
   48   2   1   0       0.82751631  p_z
   48   2   1   1       0.82147968  p_x
   48   3   2  -2       0.04482319  d_xy
   48   3   2  -1       0.03969888  d_yz
   48   3   2   0       0.02389827  d_z2
   48   3   2   1       0.04700882  d_xz
   48   3   2   2       0.02368074  d_x2-y2
   49   1   0   0       1.34518707  s
   49   2   1  -1       0.82885538  p_y
   49   2   1   0       0.82888580  p_z
   49   2   1   1       0.82239251  p_x
   49   3   2  -2       0.04608804  d_xy
   49   3   2  -1       0.03578811  d_yz
   49   3   2   0       0.01963535  d_z2
   49   3   2   1       0.03956857  d_xz
   49   3   2   2       0.02097168  d_x2-y2
   50   1   0   0       1.38439602  s
   50   2   1  -1       0.82891381  p_y
   50   2   1   0       0.83495000  p_z
   50   2   1   1       0.83010420  p_x
   50   3   2  -2       0.03304637  d_xy
   50   3   2  -1       0.03777768  d_yz
   50   3   2   0       0.01486058  d_z2
   50   3   2   1       0.03583820  d_xz
   50   3   2   2       0.01754443  d_x2-y2
   51   1   0   0       1.31978115  s
   51   2   1  -1       0.82730982  p_y
   51   2   1   0       0.81995026  p_z
   51   2   1   1       0.82768915  p_x
   51   3   2  -2       0.03907447  d_xy
   51   3   2  -1       0.04853847  d_yz
   51   3   2   0       0.02508119  d_z2
   51   3   2   1       0.04545693  d_xz
   51   3   2   2       0.02364187  d_x2-y2
   52   1   0   0       1.36938254  s
   52   2   1  -1       0.82588489  p_y
   52   2   1   0       0.82550656  p_z
   52   2   1   1       0.82502645  p_x
   52   3   2  -2       0.03946921  d_xy
   52   3   2  -1       0.03725562  d_yz
   52   3   2   0       0.01900915  d_z2
   52   3   2   1       0.04204174  d_xz
   52   3   2   2       0.02003356  d_x2-y2
   53   1   0   0       1.31149182  s
   53   2   1  -1       0.82495462  p_y
   53   2   1   0       0.82896616  p_z
   53   2   1   1       0.82596743  p_x
   53   3   2  -2       0.04145484  d_xy
   53   3   2  -1       0.04582937  d_yz
   53   3   2   0       0.02464432  d_z2
   53   3   2   1       0.04698178  d_xz
   53   3   2   2       0.02609145  d_x2-y2
   54   1   0   0       1.36521409  s
   54   2   1  -1       0.83402214  p_y
   54   2   1   0       0.83023975  p_z
   54   2   1   1       0.83311750  p_x
   54   3   2  -2       0.03479968  d_xy
   54   3   2  -1       0.03786650  d_yz
   54   3   2   0       0.01763343  d_z2
   54   3   2   1       0.03988693  d_xz
   54   3   2   2       0.01848213  d_x2-y2
   55   1   0   0       1.38536625  s
   55   2   1  -1       0.83327293  p_y
   55   2   1   0       0.83463641  p_z
   55   2   1   1       0.83345364  p_x
   55   3   2  -2       0.03595492  d_xy
   55   3   2  -1       0.03413157  d_yz
   55   3   2   0       0.01701694  d_z2
   55   3   2   1       0.03302825  d_xz
   55   3   2   2       0.01606825  d_x2-y2
   56   1   0   0       1.36253847  s
   56   2   1  -1       0.82379993  p_y
   56   2   1   0       0.83030279  p_z
   56   2   1   1       0.83202459  p_x
   56   3   2  -2       0.03765241  d_xy
   56   3   2  -1       0.04259482  d_yz
   56   3   2   0       0.01901221  d_z2
   56   3   2   1       0.03457366  d_xz
   56   3   2   2       0.01979315  d_x2-y2
   57   1   0   0       1.38047936  s
   57   2   1  -1       0.82683123  p_y
   57   2   1   0       0.82532284  p_z
   57   2   1   1       0.82525515  p_x
   57   3   2  -2       0.03774167  d_xy
   57   3   2  -1       0.03679512  d_yz
   57   3   2   0       0.01819292  d_z2
   57   3   2   1       0.03884632  d_xz
   57   3   2   2       0.01731025  d_x2-y2
   58   1   0   0       1.35014022  s
   58   2   1  -1       0.83019743  p_y
   58   2   1   0       0.82890529  p_z
   58   2   1   1       0.82860293  p_x
   58   3   2  -2       0.04211297  d_xy
   58   3   2  -1       0.03913274  d_yz
   58   3   2   0       0.02185824  d_z2
   58   3   2   1       0.04244623  d_xz
   58   3   2   2       0.02024377  d_x2-y2
   59   1   0   0       1.34621715  s
   59   2   1  -1       0.83010484  p_y
   59   2   1   0       0.82018509  p_z
   59   2   1   1       0.83200065  p_x
   59   3   2  -2       0.03451543  d_xy
   59   3   2  -1       0.04075966  d_yz
   59   3   2   0       0.02078367  d_z2
   59   3   2   1       0.04195565  d_xz
   59   3   2   2       0.01779424  d_x2-y2
   60   1   0   0       1.34800966  s
   60   2   1  -1       0.82078279  p_y
   60   2   1   0       0.83278312  p_z
   60   2   1   1       0.82930594  p_x
   60   3   2  -2       0.04849612  d_xy
   60   3   2  -1       0.04112674  d_yz
   60   3   2   0       0.01995715  d_z2
   60   3   2   1       0.03710639  d_xz
   60   3   2   2       0.02326219  d_x2-y2
   61   1   0   0       1.39990522  s
   61   2   1  -1       0.83418058  p_y
   61   2   1   0       0.82959056  p_z
   61   2   1   1       0.83304369  p_x
   61   3   2  -2       0.03587991  d_xy
   61   3   2  -1       0.03527395  d_yz
   61   3   2   0       0.01626140  d_z2
   61   3   2   1       0.03335764  d_xz
   61   3   2   2       0.01464042  d_x2-y2
   62   1   0   0       1.35770320  s
   62   2   1  -1       0.83002725  p_y
   62   2   1   0       0.83102962  p_z
   62   2   1   1       0.82940875  p_x
   62   3   2  -2       0.03910616  d_xy
   62   3   2  -1       0.04054802  d_yz
   62   3   2   0       0.01847884  d_z2
   62   3   2   1       0.03838627  d_xz
   62   3   2   2       0.02011502  d_x2-y2
   63   1   0   0       1.38162165  s
   63   2   1  -1       0.82707059  p_y
   63   2   1   0       0.82965338  p_z
   63   2   1   1       0.82387621  p_x
   63   3   2  -2       0.04313599  d_xy
   63   3   2  -1       0.03470115  d_yz
   63   3   2   0       0.02047669  d_z2
   63   3   2   1       0.03945805  d_xz
   63   3   2   2       0.01735658  d_x2-y2
   64   1   0   0       1.39587985  s
   64   2   1  -1       0.82823111  p_y
   64   2   1   0       0.82784499  p_z
   64   2   1   1       0.83293990  p_x
   64   3   2  -2       0.03576657  d_xy
   64   3   2  -1       0.03448410  d_yz
   64   3   2   0       0.01592962  d_z2
   64   3   2   1       0.03525664  d_xz
   64   3   2   2       0.01571659  d_x2-y2

Fermi level:                        -0.1337018302 H           -3.6382 eV
Band energy:                       -88.1769654606 H        -2399.4173 eV
TS:                                  0.0000000000 H            0.0000 eV
Band free energy (E-TS):           -88.1769654606 H        -2399.4173 eV
Extrapolated E(0K):                -88.1769654606 H        -2399.4173 eV
Input / Output electrons (q):    256.0000000000    256.0000000000

Energy H0:                         -88.1599568602 H        -2398.9545 eV
Energy SCC:                          0.0005545585 H            0.0151 eV
Total Electronic energy:           -88.1594023017 H        -2398.9394 eV
Repulsive energy:                    0.0000000000 H            0.0000 eV
Total energy:                      -88.1594023017 H        -2398.9394 eV
Extrapolated to 0:                 -88.1594023017 H        -2398.9394 eV
Total Mermin free energy:          -88.1594023017 H        -2398.9394 eV
Force related energy:              -88.1594023017 H        -2398.9394 eV

Non-constrained calculation

SCC converged

Warning: dipole moment is not defined absolutely!
Dipole moment:    0.44732660   -0.07095181   -0.07607055 au
Dipole moment:    1.13699089   -0.18034153   -0.19335206 Debye


