 Fermi distribution function

Calculation with static geometry


********************************************************************************
 iSCC Total electronic   Diff electronic      SCC error    
   10   -0.88194334E+02   -0.73526962E-10    0.29906014E-05
********************************************************************************

 Total charge:    -0.00000000

 Atomic gross charges (e)
 Atom           Charge
    1      -0.01446626
    2       0.01846944
    3      -0.01393470
    4       0.01090609
    5       0.01666175
    6      -0.01856912
    7       0.01480389
    8      -0.03000597
    9       0.00970600
   10      -0.00543603
   11       0.00440976
   12      -0.00150754
   13      -0.01229938
   14      -0.00487695
   15      -0.02487547
   16       0.00045191
   17       0.00679035
   18       0.01917479
   19      -0.00041628
   20      -0.01663468
   21      -0.01063473
   22       0.00576791
   23      -0.00390124
   24      -0.00161221
   25       0.01032636
   26      -0.00781715
   27       0.00616916
   28       0.00485037
   29      -0.01108850
   30       0.01876786
   31       0.00214811
   32       0.01434715
   33       0.00445305
   34      -0.01160349
   35       0.00723573
   36       0.00826201
   37      -0.00184481
   38      -0.00166562
   39      -0.00775746
   40      -0.00033231
   41       0.02146495
   42      -0.00890704
   43      -0.00918094
   44      -0.02591597
   45      -0.01108440
   46       0.01078952
   47      -0.01731748
   48      -0.00309542
   49      -0.00099757
   50      -0.00310577
   51      -0.00784274
   52      -0.00811398
   53       0.00886099
   54       0.00520411
   55       0.00275268
   56       0.00619273
   57       0.00660488
   58       0.00093640
   59      -0.00130874
   60       0.01656232
   61       0.00669034
   62       0.01153133
   63       0.01967520
   64      -0.00281717

Nr. of electrons (up):    256.00000000
Atom populations (up)
 Atom       Population
    1       4.01446626
    2       3.98153056
    3       4.01393470
    4       3.98909391
    5       3.98333825
    6       4.01856912
    7       3.98519611
    8       4.03000597
    9       3.99029400
   10       4.00543603
   11       3.99559024
   12       4.00150754
   13       4.01229938
   14       4.00487695
   15       4.02487547
   16       3.99954809
   17       3.99320965
   18       3.98082521
   19       4.00041628
   20       4.01663468
   21       4.01063473
   22       3.99423209
   23       4.00390124
   24       4.00161221
   25       3.98967364
   26       4.00781715
   27       3.99383084
   28       3.99514963
   29       4.01108850
   30       3.98123214
   31       3.99785189
   32       3.98565285
   33       3.99554695
   34       4.01160349
   35       3.99276427
   36       3.99173799
   37       4.00184481
   38       4.00166562
   39       4.00775746
   40       4.00033231
   41       3.97853505
   42       4.00890704
   43       4.00918094
   44       4.02591597
   45       4.01108440
   46       3.98921048
   47       4.01731748
   48       4.00309542
   49       4.00099757
   50       4.00310577
   51       4.00784274
   52       4.00811398
   53       3.99113901
   54       3.99479589
   55       3.99724732
   56       3.99380727
   57       3.99339512
   58       3.99906360
   59       4.00130874
   60       3.98343768
   61       3.99330966
   62       3.98846867
   63       3.98032480
   64       4.00281717

l-shell populations (up)
 Atom Sh.   l       Population
    1   1   0       1.37727488
    1   2   1       2.49242301
    1   3   2       0.14476836
    2   1   0       1.31396180
    2   2   1       2.47870267
    2   3   2       0.18886609
    3   1   0       1.37604700
    3   2   1       2.49441638
    3   3   2       0.14347132
    4   1   0       1.34528397
    4   2   1       2.48199913
    4   3   2       0.16181082
    5   1   0       1.32254022
    5   2   1       2.48799942
    5   3   2       0.17279861
    6   1   0       1.37354880
    6   2   1       2.49718730
    6   3   2       0.14783302
    7   1   0       1.33776454
    7   2   1       2.47217617
    7   3   2       0.17525540
    8   1   0       1.39629708
    8   2   1       2.49249178
    8   3   2       0.14121712
    9   1   0       1.32856252
    9   2   1       2.48926696
    9   3   2       0.17246451
   10   1   0       1.37580057
   10   2   1       2.47890006
   10   3   2       0.15073541
   11   1   0       1.34310453
   11   2   1       2.47235984
   11   3   2       0.18012587
   12   1   0       1.36560260
   12   2   1       2.48494451
   12   3   2       0.15096043
   13   1   0       1.37569117
   13   2   1       2.48987046
   13   3   2       0.14673776
   14   1   0       1.35725470
   14   2   1       2.48930695
   14   3   2       0.15831531
   15   1   0       1.39330685
   15   2   1       2.49828025
   15   3   2       0.13328838
   16   1   0       1.34600450
   16   2   1       2.48852842
   16   3   2       0.16501517
   17   1   0       1.35282668
   17   2   1       2.47923060
   17   3   2       0.16115236
   18   1   0       1.34197141
   18   2   1       2.46587375
   18   3   2       0.17298005
   19   1   0       1.37101085
   19   2   1       2.48128974
   19   3   2       0.14811569
   20   1   0       1.38208598
   20   2   1       2.48963761
   20   3   2       0.14491109
   21   1   0       1.37530746
   21   2   1       2.49150469
   21   3   2       0.14382258
   22   1   0       1.36339451
   22   2   1       2.47684232
   22   3   2       0.15399526
   23   1   0       1.35537442
   23   2   1       2.48683378
   23   3   2       0.16169304
   24   1   0       1.37178708
   24   2   1       2.48854761
   24   3   2       0.14127751
   25   1   0       1.34465701
   25   2   1       2.48342332
   25   3   2       0.16159331
   26   1   0       1.36574165
   26   2   1       2.49278128
   26   3   2       0.14929422
   27   1   0       1.34413352
   27   2   1       2.49532875
   27   3   2       0.15436856
   28   1   0       1.35236988
   28   2   1       2.48498055
   28   3   2       0.15779919
   29   1   0       1.36940774
   29   2   1       2.49415154
   29   3   2       0.14752921
   30   1   0       1.33526051
   30   2   1       2.48025403
   30   3   2       0.16571760
   31   1   0       1.35301840
   31   2   1       2.49006299
   31   3   2       0.15477050
   32   1   0       1.33968999
   32   2   1       2.47273259
   32   3   2       0.17323027
   33   1   0       1.35169136
   33   2   1       2.48361624
   33   3   2       0.16023936
   34   1   0       1.36770608
   34   2   1       2.49889532
   34   3   2       0.14500210
   35   1   0       1.35427973
   35   2   1       2.48225209
   35   3   2       0.15623245
   36   1   0       1.33762244
   36   2   1       2.48648173
   36   3   2       0.16763383
   37   1   0       1.35101123
   37   2   1       2.48775038
   37   3   2       0.16308320
   38   1   0       1.36933067
   38   2   1       2.49459908
   38   3   2       0.13773587
   39   1   0       1.36566313
   39   2   1       2.48561612
   39   3   2       0.15647820
   40   1   0       1.35877015
   40   2   1       2.48872576
   40   3   2       0.15283641
   41   1   0       1.32823738
   41   2   1       2.48270598
   41   3   2       0.16759168
   42   1   0       1.36689440
   42   2   1       2.48682727
   42   3   2       0.15518537
   43   1   0       1.38632352
   43   2   1       2.48559700
   43   3   2       0.13726042
   44   1   0       1.39714338
   44   2   1       2.49081405
   44   3   2       0.13795854
   45   1   0       1.37537958
   45   2   1       2.49277209
   45   3   2       0.14293274
   46   1   0       1.34482707
   46   2   1       2.47315596
   46   3   2       0.17122746
   47   1   0       1.37601142
   47   2   1       2.48889125
   47   3   2       0.15241481
   48   1   0       1.35515531
   48   2   1       2.48275947
   48   3   2       0.16518064
   49   1   0       1.35358748
   49   2   1       2.48168238
   49   3   2       0.16572771
   50   1   0       1.36641415
   50   2   1       2.49783807
   50   3   2       0.13885354
   51   1   0       1.36509556
   51   2   1       2.48813155
   51   3   2       0.15461564
   52   1   0       1.36920500
   52   2   1       2.48847549
   52   3   2       0.15043349
   53   1   0       1.34811847
   53   2   1       2.48428432
   53   3   2       0.15873622
   54   1   0       1.34180037
   54   2   1       2.48162536
   54   3   2       0.17137016
   55   1   0       1.35816719
   55   2   1       2.48423891
   55   3   2       0.15484121
   56   1   0       1.35508317
   56   2   1       2.46997015
   56   3   2       0.16875394
   57   1   0       1.34531370
   57   2   1       2.48817373
   57   3   2       0.15990769
   58   1   0       1.36091241
   58   2   1       2.48133424
   58   3   2       0.15681695
   59   1   0       1.36743133
   59   2   1       2.48645126
   59   3   2       0.14742615
   60   1   0       1.33116572
   60   2   1       2.47904106
   60   3   2       0.17323090
   61   1   0       1.35432290
   61   2   1       2.48043616
   61   3   2       0.15855060
   62   1   0       1.34617461
   62   2   1       2.47668965
   62   3   2       0.16560441
   63   1   0       1.32710917
   63   2   1       2.47910248
   63   3   2       0.17411315
   64   1   0       1.36253556
   64   2   1       2.49205822
   64   3   2       0.14822339

Orbital populations (up)
 Atom Sh.   l   m       Population  Label
    1   1   0   0       1.37727488  s
    1   2   1  -1       0.83198965  p_y
    1   2   1   0       0.82744335  p_z
    1   2   1   1       0.83299001  p_x
    1   3   2  -2       0.03494766  d_xy
    1   3   2  -1       0.03700339  d_yz
    1   3   2   0       0.01844021  d_z2
    1   3   2   1       0.03889334  d_xz
    1   3   2   2       0.01548376  d_x2-y2
    2   1   0   0       1.31396180  s
    2   2   1  -1       0.82447561  p_y
    2   2   1   0       0.82981243  p_z
    2   2   1   1       0.82441462  p_x
    2   3   2  -2       0.04566913  d_xy
    2   3   2  -1       0.04723028  d_yz
    2   3   2   0       0.02496076  d_z2
    2   3   2   1       0.04445287  d_xz
    2   3   2   2       0.02655305  d_x2-y2
    3   1   0   0       1.37604700  s
    3   2   1  -1       0.83595386  p_y
    3   2   1   0       0.82987796  p_z
    3   2   1   1       0.82858456  p_x
    3   3   2  -2       0.03655664  d_xy
    3   3   2  -1       0.03633012  d_yz
    3   3   2   0       0.01702484  d_z2
    3   3   2   1       0.03692265  d_xz
    3   3   2   2       0.01663708  d_x2-y2
    4   1   0   0       1.34528397  s
    4   2   1  -1       0.82433361  p_y
    4   2   1   0       0.82736618  p_z
    4   2   1   1       0.83029934  p_x
    4   3   2  -2       0.04061914  d_xy
    4   3   2  -1       0.03922550  d_yz
    4   3   2   0       0.02032239  d_z2
    4   3   2   1       0.04113392  d_xz
    4   3   2   2       0.02050986  d_x2-y2
    5   1   0   0       1.32254022  s
    5   2   1  -1       0.83062103  p_y
    5   2   1   0       0.83296597  p_z
    5   2   1   1       0.82441242  p_x
    5   3   2  -2       0.04604251  d_xy
    5   3   2  -1       0.03897704  d_yz
    5   3   2   0       0.02347048  d_z2
    5   3   2   1       0.04243769  d_xz
    5   3   2   2       0.02187090  d_x2-y2
    6   1   0   0       1.37354880  s
    6   2   1  -1       0.83121624  p_y
    6   2   1   0       0.83210812  p_z
    6   2   1   1       0.83386294  p_x
    6   3   2  -2       0.03785253  d_xy
    6   3   2  -1       0.03814373  d_yz
    6   3   2   0       0.01725461  d_z2
    6   3   2   1       0.03683085  d_xz
    6   3   2   2       0.01775130  d_x2-y2
    7   1   0   0       1.33776454  s
    7   2   1  -1       0.82592666  p_y
    7   2   1   0       0.82425758  p_z
    7   2   1   1       0.82199194  p_x
    7   3   2  -2       0.04135640  d_xy
    7   3   2  -1       0.04222137  d_yz
    7   3   2   0       0.02291436  d_z2
    7   3   2   1       0.04585327  d_xz
    7   3   2   2       0.02290999  d_x2-y2
    8   1   0   0       1.39629708  s
    8   2   1  -1       0.83024511  p_y
    8   2   1   0       0.82995198  p_z
    8   2   1   1       0.83229469  p_x
    8   3   2  -2       0.03396908  d_xy
    8   3   2  -1       0.03742615  d_yz
    8   3   2   0       0.01602378  d_z2
    8   3   2   1       0.03638443  d_xz
    8   3   2   2       0.01741368  d_x2-y2
    9   1   0   0       1.32856252  s
    9   2   1  -1       0.82826725  p_y
    9   2   1   0       0.83053581  p_z
    9   2   1   1       0.83046391  p_x
    9   3   2  -2       0.04412039  d_xy
    9   3   2  -1       0.04110149  d_yz
    9   3   2   0       0.02307591  d_z2
    9   3   2   1       0.04169988  d_xz
    9   3   2   2       0.02246684  d_x2-y2
   10   1   0   0       1.37580057  s
   10   2   1  -1       0.82755274  p_y
   10   2   1   0       0.82489967  p_z
   10   2   1   1       0.82644764  p_x
   10   3   2  -2       0.03636115  d_xy
   10   3   2  -1       0.04110731  d_yz
   10   3   2   0       0.01859390  d_z2
   10   3   2   1       0.03696908  d_xz
   10   3   2   2       0.01770397  d_x2-y2
   11   1   0   0       1.34310453  s
   11   2   1  -1       0.82571721  p_y
   11   2   1   0       0.82246252  p_z
   11   2   1   1       0.82418010  p_x
   11   3   2  -2       0.04359857  d_xy
   11   3   2  -1       0.04321424  d_yz
   11   3   2   0       0.02457692  d_z2
   11   3   2   1       0.04545123  d_xz
   11   3   2   2       0.02328491  d_x2-y2
   12   1   0   0       1.36560260  s
   12   2   1  -1       0.82048899  p_y
   12   2   1   0       0.83305014  p_z
   12   2   1   1       0.83140538  p_x
   12   3   2  -2       0.04254368  d_xy
   12   3   2  -1       0.03488287  d_yz
   12   3   2   0       0.01967077  d_z2
   12   3   2   1       0.03615495  d_xz
   12   3   2   2       0.01770817  d_x2-y2
   13   1   0   0       1.37569117  s
   13   2   1  -1       0.82977543  p_y
   13   2   1   0       0.82935500  p_z
   13   2   1   1       0.83074002  p_x
   13   3   2  -2       0.03787907  d_xy
   13   3   2  -1       0.03646812  d_yz
   13   3   2   0       0.01895063  d_z2
   13   3   2   1       0.03709773  d_xz
   13   3   2   2       0.01634221  d_x2-y2
   14   1   0   0       1.35725470  s
   14   2   1  -1       0.83090659  p_y
   14   2   1   0       0.82946524  p_z
   14   2   1   1       0.82893511  p_x
   14   3   2  -2       0.03932569  d_xy
   14   3   2  -1       0.03979083  d_yz
   14   3   2   0       0.01992440  d_z2
   14   3   2   1       0.03931337  d_xz
   14   3   2   2       0.01996102  d_x2-y2
   15   1   0   0       1.39330685  s
   15   2   1  -1       0.83428495  p_y
   15   2   1   0       0.83350477  p_z
   15   2   1   1       0.83049052  p_x
   15   3   2  -2       0.03557246  d_xy
   15   3   2  -1       0.03529538  d_yz
   15   3   2   0       0.01516114  d_z2
   15   3   2   1       0.03213247  d_xz
   15   3   2   2       0.01512693  d_x2-y2
   16   1   0   0       1.34600450  s
   16   2   1  -1       0.83092027  p_y
   16   2   1   0       0.83076461  p_z
   16   2   1   1       0.82684353  p_x
   16   3   2  -2       0.04173307  d_xy
   16   3   2  -1       0.04149069  d_yz
   16   3   2   0       0.02051093  d_z2
   16   3   2   1       0.04005142  d_xz
   16   3   2   2       0.02122906  d_x2-y2
   17   1   0   0       1.35282668  s
   17   2   1  -1       0.82763558  p_y
   17   2   1   0       0.82687901  p_z
   17   2   1   1       0.82471602  p_x
   17   3   2  -2       0.04308849  d_xy
   17   3   2  -1       0.03658784  d_yz
   17   3   2   0       0.02182128  d_z2
   17   3   2   1       0.04116227  d_xz
   17   3   2   2       0.01849248  d_x2-y2
   18   1   0   0       1.34197141  s
   18   2   1  -1       0.82169846  p_y
   18   2   1   0       0.82244793  p_z
   18   2   1   1       0.82172736  p_x
   18   3   2  -2       0.04400852  d_xy
   18   3   2  -1       0.04159430  d_yz
   18   3   2   0       0.02232576  d_z2
   18   3   2   1       0.04229713  d_xz
   18   3   2   2       0.02275434  d_x2-y2
   19   1   0   0       1.37101085  s
   19   2   1  -1       0.82528701  p_y
   19   2   1   0       0.82857951  p_z
   19   2   1   1       0.82742322  p_x
   19   3   2  -2       0.03563868  d_xy
   19   3   2  -1       0.03693680  d_yz
   19   3   2   0       0.01798476  d_z2
   19   3   2   1       0.03973055  d_xz
   19   3   2   2       0.01782491  d_x2-y2
   20   1   0   0       1.38208598  s
   20   2   1  -1       0.83196568  p_y
   20   2   1   0       0.82807484  p_z
   20   2   1   1       0.82959710  p_x
   20   3   2  -2       0.03767558  d_xy
   20   3   2  -1       0.03599702  d_yz
   20   3   2   0       0.01713738  d_z2
   20   3   2   1       0.03657564  d_xz
   20   3   2   2       0.01752547  d_x2-y2
   21   1   0   0       1.37530746  s
   21   2   1  -1       0.83188488  p_y
   21   2   1   0       0.82964677  p_z
   21   2   1   1       0.82997304  p_x
   21   3   2  -2       0.03510860  d_xy
   21   3   2  -1       0.03622785  d_yz
   21   3   2   0       0.01704974  d_z2
   21   3   2   1       0.03828591  d_xz
   21   3   2   2       0.01715049  d_x2-y2
   22   1   0   0       1.36339451  s
   22   2   1  -1       0.82648019  p_y
   22   2   1   0       0.82685765  p_z
   22   2   1   1       0.82350448  p_x
   22   3   2  -2       0.03877739  d_xy
   22   3   2  -1       0.03675236  d_yz
   22   3   2   0       0.01917774  d_z2
   22   3   2   1       0.03961724  d_xz
   22   3   2   2       0.01967053  d_x2-y2
   23   1   0   0       1.35537442  s
   23   2   1  -1       0.83113907  p_y
   23   2   1   0       0.82691990  p_z
   23   2   1   1       0.82877481  p_x
   23   3   2  -2       0.03877439  d_xy
   23   3   2  -1       0.04018889  d_yz
   23   3   2   0       0.02086640  d_z2
   23   3   2   1       0.04238189  d_xz
   23   3   2   2       0.01948146  d_x2-y2
   24   1   0   0       1.37178708  s
   24   2   1  -1       0.82843317  p_y
   24   2   1   0       0.83156287  p_z
   24   2   1   1       0.82855157  p_x
   24   3   2  -2       0.03644969  d_xy
   24   3   2  -1       0.03680647  d_yz
   24   3   2   0       0.01540604  d_z2
   24   3   2   1       0.03473754  d_xz
   24   3   2   2       0.01787778  d_x2-y2
   25   1   0   0       1.34465701  s
   25   2   1  -1       0.82721257  p_y
   25   2   1   0       0.82911449  p_z
   25   2   1   1       0.82709625  p_x
   25   3   2  -2       0.04241241  d_xy
   25   3   2  -1       0.03999459  d_yz
   25   3   2   0       0.02036849  d_z2
   25   3   2   1       0.03853272  d_xz
   25   3   2   2       0.02028511  d_x2-y2
   26   1   0   0       1.36574165  s
   26   2   1  -1       0.83284703  p_y
   26   2   1   0       0.82880333  p_z
   26   2   1   1       0.83113092  p_x
   26   3   2  -2       0.03509206  d_xy
   26   3   2  -1       0.03880410  d_yz
   26   3   2   0       0.01783885  d_z2
   26   3   2   1       0.03931865  d_xz
   26   3   2   2       0.01824055  d_x2-y2
   27   1   0   0       1.34413352  s
   27   2   1  -1       0.83229502  p_y
   27   2   1   0       0.83478262  p_z
   27   2   1   1       0.82825112  p_x
   27   3   2  -2       0.03863373  d_xy
   27   3   2  -1       0.03981612  d_yz
   27   3   2   0       0.01871688  d_z2
   27   3   2   1       0.03806998  d_xz
   27   3   2   2       0.01913185  d_x2-y2
   28   1   0   0       1.35236988  s
   28   2   1  -1       0.82623987  p_y
   28   2   1   0       0.83172035  p_z
   28   2   1   1       0.82702034  p_x
   28   3   2  -2       0.03637668  d_xy
   28   3   2  -1       0.04011483  d_yz
   28   3   2   0       0.01891103  d_z2
   28   3   2   1       0.04112397  d_xz
   28   3   2   2       0.02127268  d_x2-y2
   29   1   0   0       1.36940774  s
   29   2   1  -1       0.83025327  p_y
   29   2   1   0       0.83104453  p_z
   29   2   1   1       0.83285374  p_x
   29   3   2  -2       0.03839843  d_xy
   29   3   2  -1       0.03817671  d_yz
   29   3   2   0       0.01810747  d_z2
   29   3   2   1       0.03581942  d_xz
   29   3   2   2       0.01702719  d_x2-y2
   30   1   0   0       1.33526051  s
   30   2   1  -1       0.82211750  p_y
   30   2   1   0       0.82721319  p_z
   30   2   1   1       0.83092333  p_x
   30   3   2  -2       0.04161961  d_xy
   30   3   2  -1       0.04217914  d_yz
   30   3   2   0       0.02100991  d_z2
   30   3   2   1       0.03878767  d_xz
   30   3   2   2       0.02212127  d_x2-y2
   31   1   0   0       1.35301840  s
   31   2   1  -1       0.82992580  p_y
   31   2   1   0       0.83036620  p_z
   31   2   1   1       0.82977099  p_x
   31   3   2  -2       0.03932386  d_xy
   31   3   2  -1       0.03993237  d_yz
   31   3   2   0       0.01859542  d_z2
   31   3   2   1       0.03752161  d_xz
   31   3   2   2       0.01939724  d_x2-y2
   32   1   0   0       1.33968999  s
   32   2   1  -1       0.82600305  p_y
   32   2   1   0       0.82222265  p_z
   32   2   1   1       0.82450690  p_x
   32   3   2  -2       0.04068086  d_xy
   32   3   2  -1       0.04313171  d_yz
   32   3   2   0       0.02312868  d_z2
   32   3   2   1       0.04375473  d_xz
   32   3   2   2       0.02253429  d_x2-y2
   33   1   0   0       1.35169136  s
   33   2   1  -1       0.82779708  p_y
   33   2   1   0       0.82726692  p_z
   33   2   1   1       0.82855224  p_x
   33   3   2  -2       0.04009856  d_xy
   33   3   2  -1       0.04035496  d_yz
   33   3   2   0       0.02012457  d_z2
   33   3   2   1       0.03976664  d_xz
   33   3   2   2       0.01989462  d_x2-y2
   34   1   0   0       1.36770608  s
   34   2   1  -1       0.83424387  p_y
   34   2   1   0       0.82959439  p_z
   34   2   1   1       0.83505705  p_x
   34   3   2  -2       0.03597039  d_xy
   34   3   2  -1       0.03688536  d_yz
   34   3   2   0       0.01789089  d_z2
   34   3   2   1       0.03686343  d_xz
   34   3   2   2       0.01739204  d_x2-y2
   35   1   0   0       1.35427973  s
   35   2   1  -1       0.82537576  p_y
   35   2   1   0       0.82481688  p_z
   35   2   1   1       0.83205945  p_x
   35   3   2  -2       0.03948090  d_xy
   35   3   2  -1       0.04030923  d_yz
   35   3   2   0       0.02034653  d_z2
   35   3   2   1       0.03837726  d_xz
   35   3   2   2       0.01771854  d_x2-y2
   36   1   0   0       1.33762244  s
   36   2   1  -1       0.82900685  p_y
   36   2   1   0       0.82737070  p_z
   36   2   1   1       0.83010418  p_x
   36   3   2  -2       0.03763586  d_xy
   36   3   2  -1       0.04347847  d_yz
   36   3   2   0       0.02152046  d_z2
   36   3   2   1       0.04334891  d_xz
   36   3   2   2       0.02165013  d_x2-y2
   37   1   0   0       1.35101123  s
   37   2   1  -1       0.82938775  p_y
   37   2   1   0       0.83054708  p_z
   37   2   1   1       0.82781554  p_x
   37   3   2  -2       0.04139318  d_xy
   37   3   2  -1       0.04016368  d_yz
   37   3   2   0       0.02033509  d_z2
   37   3   2   1       0.04101409  d_xz
   37   3   2   2       0.02017715  d_x2-y2
   38   1   0   0       1.36933067  s
   38   2   1  -1       0.83278718  p_y
   38   2   1   0       0.82819676  p_z
   38   2   1   1       0.83361513  p_x
   38   3   2  -2       0.03311365  d_xy
   38   3   2  -1       0.03809800  d_yz
   38   3   2   0       0.01677287  d_z2
   38   3   2   1       0.03473490  d_xz
   38   3   2   2       0.01501645  d_x2-y2
   39   1   0   0       1.36566313  s
   39   2   1  -1       0.82565533  p_y
   39   2   1   0       0.82929661  p_z
   39   2   1   1       0.83066418  p_x
   39   3   2  -2       0.04070973  d_xy
   39   3   2  -1       0.04143149  d_yz
   39   3   2   0       0.01875590  d_z2
   39   3   2   1       0.03629336  d_xz
   39   3   2   2       0.01928773  d_x2-y2
   40   1   0   0       1.35877015  s
   40   2   1  -1       0.83364508  p_y
   40   2   1   0       0.83011364  p_z
   40   2   1   1       0.82496704  p_x
   40   3   2  -2       0.03660498  d_xy
   40   3   2  -1       0.03820728  d_yz
   40   3   2   0       0.01759885  d_z2
   40   3   2   1       0.04047530  d_xz
   40   3   2   2       0.01994999  d_x2-y2
   41   1   0   0       1.32823738  s
   41   2   1  -1       0.82877131  p_y
   41   2   1   0       0.82697427  p_z
   41   2   1   1       0.82696040  p_x
   41   3   2  -2       0.04136582  d_xy
   41   3   2  -1       0.03895444  d_yz
   41   3   2   0       0.02234438  d_z2
   41   3   2   1       0.04345601  d_xz
   41   3   2   2       0.02147103  d_x2-y2
   42   1   0   0       1.36689440  s
   42   2   1  -1       0.83065257  p_y
   42   2   1   0       0.82910815  p_z
   42   2   1   1       0.82706655  p_x
   42   3   2  -2       0.04041797  d_xy
   42   3   2  -1       0.03537284  d_yz
   42   3   2   0       0.01909549  d_z2
   42   3   2   1       0.04071162  d_xz
   42   3   2   2       0.01958745  d_x2-y2
   43   1   0   0       1.38632352  s
   43   2   1  -1       0.82684602  p_y
   43   2   1   0       0.82999002  p_z
   43   2   1   1       0.82876096  p_x
   43   3   2  -2       0.03572916  d_xy
   43   3   2  -1       0.03576848  d_yz
   43   3   2   0       0.01633631  d_z2
   43   3   2   1       0.03412991  d_xz
   43   3   2   2       0.01529655  d_x2-y2
   44   1   0   0       1.39714338  s
   44   2   1  -1       0.82951565  p_y
   44   2   1   0       0.83169425  p_z
   44   2   1   1       0.82960414  p_x
   44   3   2  -2       0.03754232  d_xy
   44   3   2  -1       0.03486506  d_yz
   44   3   2   0       0.01575378  d_z2
   44   3   2   1       0.03304210  d_xz
   44   3   2   2       0.01675528  d_x2-y2
   45   1   0   0       1.37537958  s
   45   2   1  -1       0.82906117  p_y
   45   2   1   0       0.82840991  p_z
   45   2   1   1       0.83530101  p_x
   45   3   2  -2       0.03423463  d_xy
   45   3   2  -1       0.03971227  d_yz
   45   3   2   0       0.01677045  d_z2
   45   3   2   1       0.03543633  d_xz
   45   3   2   2       0.01677906  d_x2-y2
   46   1   0   0       1.34482707  s
   46   2   1  -1       0.82318265  p_y
   46   2   1   0       0.82202018  p_z
   46   2   1   1       0.82795313  p_x
   46   3   2  -2       0.04050822  d_xy
   46   3   2  -1       0.04456192  d_yz
   46   3   2   0       0.02170798  d_z2
   46   3   2   1       0.04185628  d_xz
   46   3   2   2       0.02259306  d_x2-y2
   47   1   0   0       1.37601142  s
   47   2   1  -1       0.82786829  p_y
   47   2   1   0       0.83057842  p_z
   47   2   1   1       0.83044454  p_x
   47   3   2  -2       0.03910609  d_xy
   47   3   2  -1       0.03748569  d_yz
   47   3   2   0       0.01809311  d_z2
   47   3   2   1       0.03908217  d_xz
   47   3   2   2       0.01864774  d_x2-y2
   48   1   0   0       1.35515531  s
   48   2   1  -1       0.82934910  p_y
   48   2   1   0       0.82808618  p_z
   48   2   1   1       0.82532419  p_x
   48   3   2  -2       0.04367296  d_xy
   48   3   2  -1       0.03694088  d_yz
   48   3   2   0       0.02100184  d_z2
   48   3   2   1       0.04151062  d_xz
   48   3   2   2       0.02205434  d_x2-y2
   49   1   0   0       1.35358748  s
   49   2   1  -1       0.82673756  p_y
   49   2   1   0       0.82768910  p_z
   49   2   1   1       0.82725572  p_x
   49   3   2  -2       0.03957120  d_xy
   49   3   2  -1       0.04016577  d_yz
   49   3   2   0       0.02017850  d_z2
   49   3   2   1       0.04438288  d_xz
   49   3   2   2       0.02142936  d_x2-y2
   50   1   0   0       1.36641415  s
   50   2   1  -1       0.83666441  p_y
   50   2   1   0       0.83001790  p_z
   50   2   1   1       0.83115577  p_x
   50   3   2  -2       0.03449537  d_xy
   50   3   2  -1       0.03562787  d_yz
   50   3   2   0       0.01606128  d_z2
   50   3   2   1       0.03609397  d_xz
   50   3   2   2       0.01657506  d_x2-y2
   51   1   0   0       1.36509556  s
   51   2   1  -1       0.82656579  p_y
   51   2   1   0       0.83205575  p_z
   51   2   1   1       0.82951000  p_x
   51   3   2  -2       0.04137403  d_xy
   51   3   2  -1       0.03818567  d_yz
   51   3   2   0       0.01770796  d_z2
   51   3   2   1       0.03680188  d_xz
   51   3   2   2       0.02054609  d_x2-y2
   52   1   0   0       1.36920500  s
   52   2   1  -1       0.83129085  p_y
   52   2   1   0       0.82991621  p_z
   52   2   1   1       0.82726843  p_x
   52   3   2  -2       0.03773818  d_xy
   52   3   2  -1       0.03761890  d_yz
   52   3   2   0       0.01829247  d_z2
   52   3   2   1       0.03824649  d_xz
   52   3   2   2       0.01853745  d_x2-y2
   53   1   0   0       1.34811847  s
   53   2   1  -1       0.82822023  p_y
   53   2   1   0       0.82642154  p_z
   53   2   1   1       0.82964255  p_x
   53   3   2  -2       0.04074445  d_xy
   53   3   2  -1       0.03776088  d_yz
   53   3   2   0       0.02057679  d_z2
   53   3   2   1       0.04020727  d_xz
   53   3   2   2       0.01944683  d_x2-y2
   54   1   0   0       1.34180037  s
   54   2   1  -1       0.82711582  p_y
   54   2   1   0       0.83205003  p_z
   54   2   1   1       0.82245951  p_x
   54   3   2  -2       0.04448663  d_xy
   54   3   2  -1       0.03979924  d_yz
   54   3   2   0       0.02011078  d_z2
   54   3   2   1       0.04345278  d_xz
   54   3   2   2       0.02352071  d_x2-y2
   55   1   0   0       1.35816719  s
   55   2   1  -1       0.83005359  p_y
   55   2   1   0       0.82390753  p_z
   55   2   1   1       0.83027779  p_x
   55   3   2  -2       0.03575301  d_xy
   55   3   2  -1       0.04082951  d_yz
   55   3   2   0       0.02038672  d_z2
   55   3   2   1       0.03952045  d_xz
   55   3   2   2       0.01835153  d_x2-y2
   56   1   0   0       1.35508317  s
   56   2   1  -1       0.82270465  p_y
   56   2   1   0       0.82429696  p_z
   56   2   1   1       0.82296855  p_x
   56   3   2  -2       0.04029010  d_xy
   56   3   2  -1       0.04352096  d_yz
   56   3   2   0       0.02044419  d_z2
   56   3   2   1       0.04180741  d_xz
   56   3   2   2       0.02269130  d_x2-y2
   57   1   0   0       1.34531370  s
   57   2   1  -1       0.82764923  p_y
   57   2   1   0       0.83175087  p_z
   57   2   1   1       0.82877364  p_x
   57   3   2  -2       0.03948631  d_xy
   57   3   2  -1       0.04249325  d_yz
   57   3   2   0       0.01869460  d_z2
   57   3   2   1       0.03780115  d_xz
   57   3   2   2       0.02143239  d_x2-y2
   58   1   0   0       1.36091241  s
   58   2   1  -1       0.82590998  p_y
   58   2   1   0       0.82834863  p_z
   58   2   1   1       0.82707563  p_x
   58   3   2  -2       0.03866447  d_xy
   58   3   2  -1       0.03771365  d_yz
   58   3   2   0       0.01917167  d_z2
   58   3   2   1       0.04186881  d_xz
   58   3   2   2       0.01939835  d_x2-y2
   59   1   0   0       1.36743133  s
   59   2   1  -1       0.82947304  p_y
   59   2   1   0       0.82856360  p_z
   59   2   1   1       0.82841462  p_x
   59   3   2  -2       0.03896159  d_xy
   59   3   2  -1       0.03457734  d_yz
   59   3   2   0       0.01882709  d_z2
   59   3   2   1       0.03855574  d_xz
   59   3   2   2       0.01650438  d_x2-y2
   60   1   0   0       1.33116572  s
   60   2   1  -1       0.83069180  p_y
   60   2   1   0       0.82192128  p_z
   60   2   1   1       0.82642797  p_x
   60   3   2  -2       0.04151118  d_xy
   60   3   2  -1       0.04185366  d_yz
   60   3   2   0       0.02372262  d_z2
   60   3   2   1       0.04404413  d_xz
   60   3   2   2       0.02209933  d_x2-y2
   61   1   0   0       1.35432290  s
   61   2   1  -1       0.82669417  p_y
   61   2   1   0       0.82881843  p_z
   61   2   1   1       0.82492355  p_x
   61   3   2  -2       0.04220668  d_xy
   61   3   2  -1       0.03786807  d_yz
   61   3   2   0       0.02015915  d_z2
   61   3   2   1       0.03849072  d_xz
   61   3   2   2       0.01982598  d_x2-y2
   62   1   0   0       1.34617461  s
   62   2   1  -1       0.82587512  p_y
   62   2   1   0       0.82499715  p_z
   62   2   1   1       0.82581738  p_x
   62   3   2  -2       0.03795550  d_xy
   62   3   2  -1       0.04400747  d_yz
   62   3   2   0       0.01992725  d_z2
   62   3   2   1       0.04115202  d_xz
   62   3   2   2       0.02256217  d_x2-y2
   63   1   0   0       1.32710917  s
   63   2   1  -1       0.82455898  p_y
   63   2   1   0       0.82428995  p_z
   63   2   1   1       0.83025355  p_x
   63   3   2  -2       0.04023434  d_xy
   63   3   2  -1       0.04668169  d_yz
   63   3   2   0       0.02294294  d_z2
   63   3   2   1       0.04199102  d_xz
   63   3   2   2       0.02226316  d_x2-y2
   64   1   0   0       1.36253556  s
   64   2   1  -1       0.83007190  p_y
   64   2   1   0       0.83125841  p_z
   64   2   1   1       0.83072791  p_x
   64   3   2  -2       0.03962957  d_xy
   64   3   2  -1       0.03667398  d_yz
   64   3   2   0       0.01821007  d_z2
   64   3   2   1       0.03590435  d_xz
   64   3   2   2       0.01780541  d_x2-y2

Fermi level:                        -0.1329372984 H           -3.6174 eV
Band energy:                       -88.2062174111 H        -2400.2133 eV
TS:                                  0.0000000000 H            0.0000 eV
Band free energy (E-TS):           -88.2062174111 H        -2400.2133 eV
Extrapolated E(0K):                -88.2062174111 H        -2400.2133 eV
Input / Output electrons (q):    256.0000000000    256.0000000000

Energy H0:                         -88.1947588053 H        -2399.9015 eV
Energy SCC:                          0.0004249022 H            0.0116 eV
Total Electronic energy:           -88.1943339031 H        -2399.8899 eV
Repulsive energy:                    0.0000000000 H            0.0000 eV
Total energy:                      -88.1943339031 H        -2399.8899 eV
Extrapolated to 0:                 -88.1943339031 H        -2399.8899 eV
Total Mermin free energy:          -88.1943339031 H        -2399.8899 eV
Force related energy:              -88.1943339031 H        -2399.8899 eV

Non-constrained calculation

SCC converged

Warning: dipole moment is not defined absolutely!
Dipole moment:    0.66617443   -0.05935479   -0.50618719 au
Dipole moment:    1.69324663   -0.15086485   -1.28659960 Debye


