 Fermi distribution function

Calculation with static geometry


********************************************************************************
 iSCC Total electronic   Diff electronic      SCC error    
    9   -0.88141258E+02   -0.30618708E-09    0.37791229E-05
********************************************************************************

 Total charge:    -0.00000000

 Atomic gross charges (e)
 Atom           Charge
    1       0.00484845
    2       0.00577219
    3      -0.01253538
    4      -0.00456534
    5       0.00772750
    6       0.00082124
    7      -0.00342651
    8      -0.01847376
    9       0.00809822
   10      -0.02349995
   11       0.00808110
   12       0.00578664
   13      -0.00438471
   14      -0.01016963
   15      -0.00863642
   16      -0.00034999
   17      -0.01573377
   18      -0.00285619
   19       0.00660242
   20       0.00967524
   21      -0.00140429
   22      -0.00290228
   23      -0.00438404
   24      -0.00613318
   25       0.01170187
   26       0.01402696
   27       0.00676010
   28       0.01278898
   29       0.00139472
   30       0.02430383
   31       0.00306939
   32      -0.00069338
   33      -0.01551186
   34      -0.01305425
   35      -0.01483619
   36       0.00861638
   37       0.01460721
   38       0.00151000
   39      -0.01338040
   40      -0.00998500
   41       0.01777926
   42      -0.01343688
   43      -0.00196515
   44      -0.01341299
   45      -0.00944808
   46      -0.01422164
   47       0.00969383
   48      -0.02324330
   49       0.00904664
   50       0.01590858
   51      -0.00696854
   52       0.00052944
   53      -0.02943734
   54       0.01160694
   55       0.00184278
   56       0.00703438
   57       0.01730372
   58       0.00377941
   59      -0.00777723
   60       0.01339548
   61       0.01215846
   62       0.01032179
   63       0.01576640
   64       0.00446811

Nr. of electrons (up):    256.00000000
Atom populations (up)
 Atom       Population
    1       3.99515155
    2       3.99422781
    3       4.01253538
    4       4.00456534
    5       3.99227250
    6       3.99917876
    7       4.00342651
    8       4.01847376
    9       3.99190178
   10       4.02349995
   11       3.99191890
   12       3.99421336
   13       4.00438471
   14       4.01016963
   15       4.00863642
   16       4.00034999
   17       4.01573377
   18       4.00285619
   19       3.99339758
   20       3.99032476
   21       4.00140429
   22       4.00290228
   23       4.00438404
   24       4.00613318
   25       3.98829813
   26       3.98597304
   27       3.99323990
   28       3.98721102
   29       3.99860528
   30       3.97569617
   31       3.99693061
   32       4.00069338
   33       4.01551186
   34       4.01305425
   35       4.01483619
   36       3.99138362
   37       3.98539279
   38       3.99849000
   39       4.01338040
   40       4.00998500
   41       3.98222074
   42       4.01343688
   43       4.00196515
   44       4.01341299
   45       4.00944808
   46       4.01422164
   47       3.99030617
   48       4.02324330
   49       3.99095336
   50       3.98409142
   51       4.00696854
   52       3.99947056
   53       4.02943734
   54       3.98839306
   55       3.99815722
   56       3.99296562
   57       3.98269628
   58       3.99622059
   59       4.00777723
   60       3.98660452
   61       3.98784154
   62       3.98967821
   63       3.98423360
   64       3.99553189

l-shell populations (up)
 Atom Sh.   l       Population
    1   1   0       1.35077460
    1   2   1       2.47923614
    1   3   2       0.16514081
    2   1   0       1.34063878
    2   2   1       2.48714068
    2   3   2       0.16644836
    3   1   0       1.37867364
    3   2   1       2.48662586
    3   3   2       0.14723588
    4   1   0       1.35411992
    4   2   1       2.48653234
    4   3   2       0.16391308
    5   1   0       1.35608734
    5   2   1       2.48209701
    5   3   2       0.15408815
    6   1   0       1.36663570
    6   2   1       2.47376627
    6   3   2       0.15877679
    7   1   0       1.35897855
    7   2   1       2.48219053
    7   3   2       0.16225743
    8   1   0       1.38983512
    8   2   1       2.48617035
    8   3   2       0.14246829
    9   1   0       1.34519953
    9   2   1       2.48655338
    9   3   2       0.16014887
   10   1   0       1.39110650
   10   2   1       2.48771756
   10   3   2       0.14467589
   11   1   0       1.35224152
   11   2   1       2.47155556
   11   3   2       0.16812182
   12   1   0       1.34647235
   12   2   1       2.48601965
   12   3   2       0.16172135
   13   1   0       1.36062852
   13   2   1       2.48168438
   13   3   2       0.16207182
   14   1   0       1.37019835
   14   2   1       2.48874807
   14   3   2       0.15122321
   15   1   0       1.36939240
   15   2   1       2.49043478
   15   3   2       0.14880924
   16   1   0       1.34991218
   16   2   1       2.48892601
   16   3   2       0.16151180
   17   1   0       1.38786459
   17   2   1       2.48277258
   17   3   2       0.14509660
   18   1   0       1.36737150
   18   2   1       2.48194274
   18   3   2       0.15354194
   19   1   0       1.34834116
   19   2   1       2.48322907
   19   3   2       0.16182735
   20   1   0       1.35411499
   20   2   1       2.47445567
   20   3   2       0.16175409
   21   1   0       1.36030631
   21   2   1       2.48567120
   21   3   2       0.15542679
   22   1   0       1.36631054
   22   2   1       2.48278431
   22   3   2       0.15380742
   23   1   0       1.37037199
   23   2   1       2.48060323
   23   3   2       0.15340882
   24   1   0       1.37503173
   24   2   1       2.47991120
   24   3   2       0.15119024
   25   1   0       1.33610560
   25   2   1       2.48794014
   25   3   2       0.16425238
   26   1   0       1.35469772
   26   2   1       2.47344945
   26   3   2       0.15782587
   27   1   0       1.36105527
   27   2   1       2.47387709
   27   3   2       0.15830754
   28   1   0       1.33665739
   28   2   1       2.48656900
   28   3   2       0.16398464
   29   1   0       1.36333301
   29   2   1       2.48346942
   29   3   2       0.15180285
   30   1   0       1.33263153
   30   2   1       2.47099151
   30   3   2       0.17207313
   31   1   0       1.35157518
   31   2   1       2.49227397
   31   3   2       0.15308146
   32   1   0       1.35646347
   32   2   1       2.49072776
   32   3   2       0.15350214
   33   1   0       1.39081899
   33   2   1       2.48466042
   33   3   2       0.14003245
   34   1   0       1.36830471
   34   2   1       2.49799358
   34   3   2       0.14675596
   35   1   0       1.36726964
   35   2   1       2.50021702
   35   3   2       0.14734952
   36   1   0       1.33562922
   36   2   1       2.48504290
   36   3   2       0.17071150
   37   1   0       1.33958927
   37   2   1       2.46929416
   37   3   2       0.17650936
   38   1   0       1.34249479
   38   2   1       2.49016167
   38   3   2       0.16583354
   39   1   0       1.37577750
   39   2   1       2.48671862
   39   3   2       0.15088428
   40   1   0       1.37580803
   40   2   1       2.48419397
   40   3   2       0.14998300
   41   1   0       1.32327334
   41   2   1       2.48393649
   41   3   2       0.17501091
   42   1   0       1.37965767
   42   2   1       2.48517108
   42   3   2       0.14860813
   43   1   0       1.36848775
   43   2   1       2.47585540
   43   3   2       0.15762200
   44   1   0       1.38063299
   44   2   1       2.48434863
   44   3   2       0.14843138
   45   1   0       1.37288461
   45   2   1       2.49015001
   45   3   2       0.14641346
   46   1   0       1.37502811
   46   2   1       2.48251892
   46   3   2       0.15667461
   47   1   0       1.34450052
   47   2   1       2.47744584
   47   3   2       0.16835981
   48   1   0       1.38316829
   48   2   1       2.49716750
   48   3   2       0.14290751
   49   1   0       1.34800827
   49   2   1       2.47920276
   49   3   2       0.16374233
   50   1   0       1.34562289
   50   2   1       2.47346504
   50   3   2       0.16500349
   51   1   0       1.36997646
   51   2   1       2.48578400
   51   3   2       0.15120808
   52   1   0       1.36532236
   52   2   1       2.48450360
   52   3   2       0.14964460
   53   1   0       1.40312079
   53   2   1       2.48764822
   53   3   2       0.13866833
   54   1   0       1.35263310
   54   2   1       2.47061892
   54   3   2       0.16514104
   55   1   0       1.36096081
   55   2   1       2.47990011
   55   3   2       0.15729630
   56   1   0       1.34910705
   56   2   1       2.47430965
   56   3   2       0.16954892
   57   1   0       1.33422656
   57   2   1       2.48556919
   57   3   2       0.16290053
   58   1   0       1.35942395
   58   2   1       2.47770717
   58   3   2       0.15908947
   59   1   0       1.37746798
   59   2   1       2.48283199
   59   3   2       0.14747726
   60   1   0       1.34479161
   60   2   1       2.47627413
   60   3   2       0.16553878
   61   1   0       1.34241589
   61   2   1       2.48113209
   61   3   2       0.16429356
   62   1   0       1.35263309
   62   2   1       2.47565424
   62   3   2       0.16139087
   63   1   0       1.32953669
   63   2   1       2.48240735
   63   3   2       0.17228955
   64   1   0       1.34925963
   64   2   1       2.48933238
   64   3   2       0.15693988

Orbital populations (up)
 Atom Sh.   l   m       Population  Label
    1   1   0   0       1.35077460  s
    1   2   1  -1       0.82746764  p_y
    1   2   1   0       0.82772236  p_z
    1   2   1   1       0.82404614  p_x
    1   3   2  -2       0.04168148  d_xy
    1   3   2  -1       0.04058165  d_yz
    1   3   2   0       0.02318423  d_z2
    1   3   2   1       0.04011588  d_xz
    1   3   2   2       0.01957757  d_x2-y2
    2   1   0   0       1.34063878  s
    2   2   1  -1       0.83194069  p_y
    2   2   1   0       0.82261703  p_z
    2   2   1   1       0.83258296  p_x
    2   3   2  -2       0.03871606  d_xy
    2   3   2  -1       0.04251050  d_yz
    2   3   2   0       0.02264973  d_z2
    2   3   2   1       0.04241562  d_xz
    2   3   2   2       0.02015645  d_x2-y2
    3   1   0   0       1.37867364  s
    3   2   1  -1       0.82677464  p_y
    3   2   1   0       0.83034243  p_z
    3   2   1   1       0.82950879  p_x
    3   3   2  -2       0.03710591  d_xy
    3   3   2  -1       0.03747061  d_yz
    3   3   2   0       0.01789749  d_z2
    3   3   2   1       0.03762474  d_xz
    3   3   2   2       0.01713713  d_x2-y2
    4   1   0   0       1.35411992  s
    4   2   1  -1       0.83243451  p_y
    4   2   1   0       0.82434974  p_z
    4   2   1   1       0.82974809  p_x
    4   3   2  -2       0.03644855  d_xy
    4   3   2  -1       0.04334256  d_yz
    4   3   2   0       0.02061987  d_z2
    4   3   2   1       0.04302156  d_xz
    4   3   2   2       0.02048054  d_x2-y2
    5   1   0   0       1.35608734  s
    5   2   1  -1       0.83459488  p_y
    5   2   1   0       0.82104826  p_z
    5   2   1   1       0.82645387  p_x
    5   3   2  -2       0.03509794  d_xy
    5   3   2  -1       0.03636085  d_yz
    5   3   2   0       0.01860903  d_z2
    5   3   2   1       0.04502078  d_xz
    5   3   2   2       0.01899955  d_x2-y2
    6   1   0   0       1.36663570  s
    6   2   1  -1       0.82330122  p_y
    6   2   1   0       0.82541900  p_z
    6   2   1   1       0.82504605  p_x
    6   3   2  -2       0.04129110  d_xy
    6   3   2  -1       0.04026049  d_yz
    6   3   2   0       0.02153725  d_z2
    6   3   2   1       0.03708739  d_xz
    6   3   2   2       0.01860056  d_x2-y2
    7   1   0   0       1.35897855  s
    7   2   1  -1       0.82999080  p_y
    7   2   1   0       0.82356080  p_z
    7   2   1   1       0.82863893  p_x
    7   3   2  -2       0.03625200  d_xy
    7   3   2  -1       0.04400229  d_yz
    7   3   2   0       0.02004703  d_z2
    7   3   2   1       0.04181933  d_xz
    7   3   2   2       0.02013678  d_x2-y2
    8   1   0   0       1.38983512  s
    8   2   1  -1       0.82918113  p_y
    8   2   1   0       0.83287603  p_z
    8   2   1   1       0.82411319  p_x
    8   3   2  -2       0.03927028  d_xy
    8   3   2  -1       0.03338544  d_yz
    8   3   2   0       0.01719749  d_z2
    8   3   2   1       0.03603176  d_xz
    8   3   2   2       0.01658331  d_x2-y2
    9   1   0   0       1.34519953  s
    9   2   1  -1       0.82903292  p_y
    9   2   1   0       0.83155558  p_z
    9   2   1   1       0.82596488  p_x
    9   3   2  -2       0.04231046  d_xy
    9   3   2  -1       0.03663792  d_yz
    9   3   2   0       0.01989330  d_z2
    9   3   2   1       0.04070512  d_xz
    9   3   2   2       0.02060207  d_x2-y2
   10   1   0   0       1.39110650  s
   10   2   1  -1       0.83136825  p_y
   10   2   1   0       0.82635358  p_z
   10   2   1   1       0.82999573  p_x
   10   3   2  -2       0.03602369  d_xy
   10   3   2  -1       0.03534806  d_yz
   10   3   2   0       0.01682763  d_z2
   10   3   2   1       0.03967804  d_xz
   10   3   2   2       0.01679848  d_x2-y2
   11   1   0   0       1.35224152  s
   11   2   1  -1       0.82212964  p_y
   11   2   1   0       0.82889371  p_z
   11   2   1   1       0.82053221  p_x
   11   3   2  -2       0.04289190  d_xy
   11   3   2  -1       0.04205081  d_yz
   11   3   2   0       0.02069710  d_z2
   11   3   2   1       0.04015407  d_xz
   11   3   2   2       0.02232794  d_x2-y2
   12   1   0   0       1.34647235  s
   12   2   1  -1       0.83172638  p_y
   12   2   1   0       0.82366736  p_z
   12   2   1   1       0.83062591  p_x
   12   3   2  -2       0.03811615  d_xy
   12   3   2  -1       0.04201740  d_yz
   12   3   2   0       0.02104660  d_z2
   12   3   2   1       0.04027078  d_xz
   12   3   2   2       0.02027043  d_x2-y2
   13   1   0   0       1.36062852  s
   13   2   1  -1       0.82827452  p_y
   13   2   1   0       0.82354246  p_z
   13   2   1   1       0.82986739  p_x
   13   3   2  -2       0.03976839  d_xy
   13   3   2  -1       0.04433936  d_yz
   13   3   2   0       0.02066929  d_z2
   13   3   2   1       0.03765788  d_xz
   13   3   2   2       0.01963690  d_x2-y2
   14   1   0   0       1.37019835  s
   14   2   1  -1       0.82638150  p_y
   14   2   1   0       0.83211062  p_z
   14   2   1   1       0.83025595  p_x
   14   3   2  -2       0.03688070  d_xy
   14   3   2  -1       0.03883917  d_yz
   14   3   2   0       0.01849831  d_z2
   14   3   2   1       0.03868388  d_xz
   14   3   2   2       0.01832115  d_x2-y2
   15   1   0   0       1.36939240  s
   15   2   1  -1       0.82995995  p_y
   15   2   1   0       0.82643441  p_z
   15   2   1   1       0.83404042  p_x
   15   3   2  -2       0.03851418  d_xy
   15   3   2  -1       0.03660932  d_yz
   15   3   2   0       0.01833541  d_z2
   15   3   2   1       0.03763303  d_xz
   15   3   2   2       0.01771730  d_x2-y2
   16   1   0   0       1.34991218  s
   16   2   1  -1       0.82862302  p_y
   16   2   1   0       0.82970883  p_z
   16   2   1   1       0.83059416  p_x
   16   3   2  -2       0.03895621  d_xy
   16   3   2  -1       0.04070064  d_yz
   16   3   2   0       0.02023495  d_z2
   16   3   2   1       0.04123296  d_xz
   16   3   2   2       0.02038703  d_x2-y2
   17   1   0   0       1.38786459  s
   17   2   1  -1       0.82505094  p_y
   17   2   1   0       0.82913219  p_z
   17   2   1   1       0.82858945  p_x
   17   3   2  -2       0.03242622  d_xy
   17   3   2  -1       0.04016961  d_yz
   17   3   2   0       0.01616188  d_z2
   17   3   2   1       0.03787235  d_xz
   17   3   2   2       0.01846654  d_x2-y2
   18   1   0   0       1.36737150  s
   18   2   1  -1       0.82461174  p_y
   18   2   1   0       0.83360066  p_z
   18   2   1   1       0.82373034  p_x
   18   3   2  -2       0.04908333  d_xy
   18   3   2  -1       0.03492518  d_yz
   18   3   2   0       0.01779398  d_z2
   18   3   2   1       0.03283180  d_xz
   18   3   2   2       0.01890765  d_x2-y2
   19   1   0   0       1.34834116  s
   19   2   1  -1       0.83097207  p_y
   19   2   1   0       0.82549410  p_z
   19   2   1   1       0.82676290  p_x
   19   3   2  -2       0.03983653  d_xy
   19   3   2  -1       0.03720959  d_yz
   19   3   2   0       0.02144573  d_z2
   19   3   2   1       0.04471438  d_xz
   19   3   2   2       0.01862111  d_x2-y2
   20   1   0   0       1.35411499  s
   20   2   1  -1       0.82068172  p_y
   20   2   1   0       0.82666611  p_z
   20   2   1   1       0.82710785  p_x
   20   3   2  -2       0.04062298  d_xy
   20   3   2  -1       0.04260920  d_yz
   20   3   2   0       0.01959938  d_z2
   20   3   2   1       0.03792128  d_xz
   20   3   2   2       0.02100126  d_x2-y2
   21   1   0   0       1.36030631  s
   21   2   1  -1       0.82434196  p_y
   21   2   1   0       0.83554704  p_z
   21   2   1   1       0.82578220  p_x
   21   3   2  -2       0.04647423  d_xy
   21   3   2  -1       0.03594606  d_yz
   21   3   2   0       0.01961189  d_z2
   21   3   2   1       0.03468914  d_xz
   21   3   2   2       0.01870546  d_x2-y2
   22   1   0   0       1.36631054  s
   22   2   1  -1       0.82588931  p_y
   22   2   1   0       0.82876250  p_z
   22   2   1   1       0.82813249  p_x
   22   3   2  -2       0.03734095  d_xy
   22   3   2  -1       0.04140485  d_yz
   22   3   2   0       0.01912174  d_z2
   22   3   2   1       0.03710093  d_xz
   22   3   2   2       0.01883894  d_x2-y2
   23   1   0   0       1.37037199  s
   23   2   1  -1       0.82459881  p_y
   23   2   1   0       0.82864899  p_z
   23   2   1   1       0.82735543  p_x
   23   3   2  -2       0.03831049  d_xy
   23   3   2  -1       0.03782811  d_yz
   23   3   2   0       0.01782390  d_z2
   23   3   2   1       0.04012686  d_xz
   23   3   2   2       0.01931947  d_x2-y2
   24   1   0   0       1.37503173  s
   24   2   1  -1       0.83173621  p_y
   24   2   1   0       0.82165859  p_z
   24   2   1   1       0.82651641  p_x
   24   3   2  -2       0.03759309  d_xy
   24   3   2  -1       0.03409941  d_yz
   24   3   2   0       0.01906462  d_z2
   24   3   2   1       0.04379548  d_xz
   24   3   2   2       0.01663764  d_x2-y2
   25   1   0   0       1.33610560  s
   25   2   1  -1       0.82943189  p_y
   25   2   1   0       0.83192578  p_z
   25   2   1   1       0.82658247  p_x
   25   3   2  -2       0.04216693  d_xy
   25   3   2  -1       0.03993229  d_yz
   25   3   2   0       0.02030071  d_z2
   25   3   2   1       0.03969043  d_xz
   25   3   2   2       0.02216202  d_x2-y2
   26   1   0   0       1.35469772  s
   26   2   1  -1       0.82899591  p_y
   26   2   1   0       0.82071015  p_z
   26   2   1   1       0.82374339  p_x
   26   3   2  -2       0.03790927  d_xy
   26   3   2  -1       0.03708125  d_yz
   26   3   2   0       0.01995293  d_z2
   26   3   2   1       0.04375406  d_xz
   26   3   2   2       0.01912836  d_x2-y2
   27   1   0   0       1.36105527  s
   27   2   1  -1       0.82020332  p_y
   27   2   1   0       0.82543346  p_z
   27   2   1   1       0.82824031  p_x
   27   3   2  -2       0.04232131  d_xy
   27   3   2  -1       0.04151310  d_yz
   27   3   2   0       0.01995932  d_z2
   27   3   2   1       0.03561923  d_xz
   27   3   2   2       0.01889459  d_x2-y2
   28   1   0   0       1.33665739  s
   28   2   1  -1       0.82886716  p_y
   28   2   1   0       0.82910739  p_z
   28   2   1   1       0.82859445  p_x
   28   3   2  -2       0.03840319  d_xy
   28   3   2  -1       0.04233935  d_yz
   28   3   2   0       0.02134114  d_z2
   28   3   2   1       0.04131641  d_xz
   28   3   2   2       0.02058455  d_x2-y2
   29   1   0   0       1.36333301  s
   29   2   1  -1       0.82470801  p_y
   29   2   1   0       0.83192754  p_z
   29   2   1   1       0.82683388  p_x
   29   3   2  -2       0.03932916  d_xy
   29   3   2  -1       0.03747421  d_yz
   29   3   2   0       0.01776987  d_z2
   29   3   2   1       0.03777664  d_xz
   29   3   2   2       0.01945297  d_x2-y2
   30   1   0   0       1.33263153  s
   30   2   1  -1       0.82812733  p_y
   30   2   1   0       0.82100469  p_z
   30   2   1   1       0.82185949  p_x
   30   3   2  -2       0.04060649  d_xy
   30   3   2  -1       0.04152679  d_yz
   30   3   2   0       0.02496949  d_z2
   30   3   2   1       0.04416457  d_xz
   30   3   2   2       0.02080580  d_x2-y2
   31   1   0   0       1.35157518  s
   31   2   1  -1       0.82775474  p_y
   31   2   1   0       0.83737032  p_z
   31   2   1   1       0.82714891  p_x
   31   3   2  -2       0.04160279  d_xy
   31   3   2  -1       0.03844076  d_yz
   31   3   2   0       0.01814791  d_z2
   31   3   2   1       0.03534992  d_xz
   31   3   2   2       0.01954008  d_x2-y2
   32   1   0   0       1.35646347  s
   32   2   1  -1       0.82550717  p_y
   32   2   1   0       0.83537887  p_z
   32   2   1   1       0.82984171  p_x
   32   3   2  -2       0.04153694  d_xy
   32   3   2  -1       0.03972231  d_yz
   32   3   2   0       0.01889063  d_z2
   32   3   2   1       0.03475227  d_xz
   32   3   2   2       0.01859999  d_x2-y2
   33   1   0   0       1.39081899  s
   33   2   1  -1       0.82526405  p_y
   33   2   1   0       0.82901788  p_z
   33   2   1   1       0.83037849  p_x
   33   3   2  -2       0.03505260  d_xy
   33   3   2  -1       0.03731814  d_yz
   33   3   2   0       0.01645385  d_z2
   33   3   2   1       0.03461375  d_xz
   33   3   2   2       0.01659411  d_x2-y2
   34   1   0   0       1.36830471  s
   34   2   1  -1       0.83319652  p_y
   34   2   1   0       0.83181509  p_z
   34   2   1   1       0.83298196  p_x
   34   3   2  -2       0.03167714  d_xy
   34   3   2  -1       0.04138541  d_yz
   34   3   2   0       0.01687251  d_z2
   34   3   2   1       0.03805303  d_xz
   34   3   2   2       0.01876786  d_x2-y2
   35   1   0   0       1.36726964  s
   35   2   1  -1       0.82919886  p_y
   35   2   1   0       0.83661418  p_z
   35   2   1   1       0.83440398  p_x
   35   3   2  -2       0.03946968  d_xy
   35   3   2  -1       0.03803076  d_yz
   35   3   2   0       0.01564523  d_z2
   35   3   2   1       0.03500536  d_xz
   35   3   2   2       0.01919848  d_x2-y2
   36   1   0   0       1.33562922  s
   36   2   1  -1       0.82712303  p_y
   36   2   1   0       0.83171475  p_z
   36   2   1   1       0.82620512  p_x
   36   3   2  -2       0.04317192  d_xy
   36   3   2  -1       0.04030910  d_yz
   36   3   2   0       0.02183179  d_z2
   36   3   2   1       0.04302853  d_xz
   36   3   2   2       0.02237017  d_x2-y2
   37   1   0   0       1.33958927  s
   37   2   1  -1       0.82277315  p_y
   37   2   1   0       0.82081624  p_z
   37   2   1   1       0.82570477  p_x
   37   3   2  -2       0.04287819  d_xy
   37   3   2  -1       0.04175614  d_yz
   37   3   2   0       0.02682261  d_z2
   37   3   2   1       0.04442316  d_xz
   37   3   2   2       0.02062927  d_x2-y2
   38   1   0   0       1.34249479  s
   38   2   1  -1       0.82717186  p_y
   38   2   1   0       0.83938133  p_z
   38   2   1   1       0.82360847  p_x
   38   3   2  -2       0.05036932  d_xy
   38   3   2  -1       0.03583609  d_yz
   38   3   2   0       0.01865800  d_z2
   38   3   2   1       0.03767437  d_xz
   38   3   2   2       0.02329577  d_x2-y2
   39   1   0   0       1.37577750  s
   39   2   1  -1       0.82925714  p_y
   39   2   1   0       0.82708646  p_z
   39   2   1   1       0.83037502  p_x
   39   3   2  -2       0.03544842  d_xy
   39   3   2  -1       0.03954764  d_yz
   39   3   2   0       0.01823383  d_z2
   39   3   2   1       0.03954726  d_xz
   39   3   2   2       0.01810713  d_x2-y2
   40   1   0   0       1.37580803  s
   40   2   1  -1       0.82449858  p_y
   40   2   1   0       0.82972193  p_z
   40   2   1   1       0.82997346  p_x
   40   3   2  -2       0.03686942  d_xy
   40   3   2  -1       0.04170081  d_yz
   40   3   2   0       0.01823886  d_z2
   40   3   2   1       0.03553958  d_xz
   40   3   2   2       0.01763433  d_x2-y2
   41   1   0   0       1.32327334  s
   41   2   1  -1       0.82661256  p_y
   41   2   1   0       0.83664689  p_z
   41   2   1   1       0.82067704  p_x
   41   3   2  -2       0.04948370  d_xy
   41   3   2  -1       0.03907390  d_yz
   41   3   2   0       0.02304685  d_z2
   41   3   2   1       0.04015350  d_xz
   41   3   2   2       0.02325296  d_x2-y2
   42   1   0   0       1.37965767  s
   42   2   1  -1       0.82956064  p_y
   42   2   1   0       0.82600343  p_z
   42   2   1   1       0.82960701  p_x
   42   3   2  -2       0.03600356  d_xy
   42   3   2  -1       0.04017645  d_yz
   42   3   2   0       0.01865073  d_z2
   42   3   2   1       0.03692187  d_xz
   42   3   2   2       0.01685551  d_x2-y2
   43   1   0   0       1.36848775  s
   43   2   1  -1       0.82503717  p_y
   43   2   1   0       0.82666581  p_z
   43   2   1   1       0.82415242  p_x
   43   3   2  -2       0.03898903  d_xy
   43   3   2  -1       0.04107403  d_yz
   43   3   2   0       0.01864345  d_z2
   43   3   2   1       0.03886332  d_xz
   43   3   2   2       0.02005217  d_x2-y2
   44   1   0   0       1.38063299  s
   44   2   1  -1       0.82326428  p_y
   44   2   1   0       0.83287466  p_z
   44   2   1   1       0.82820969  p_x
   44   3   2  -2       0.04495593  d_xy
   44   3   2  -1       0.03355597  d_yz
   44   3   2   0       0.01728967  d_z2
   44   3   2   1       0.03497280  d_xz
   44   3   2   2       0.01765701  d_x2-y2
   45   1   0   0       1.37288461  s
   45   2   1  -1       0.83099358  p_y
   45   2   1   0       0.83042968  p_z
   45   2   1   1       0.82872675  p_x
   45   3   2  -2       0.03895719  d_xy
   45   3   2  -1       0.03551171  d_yz
   45   3   2   0       0.01742959  d_z2
   45   3   2   1       0.03702008  d_xz
   45   3   2   2       0.01749489  d_x2-y2
   46   1   0   0       1.37502811  s
   46   2   1  -1       0.82482200  p_y
   46   2   1   0       0.83203793  p_z
   46   2   1   1       0.82565899  p_x
   46   3   2  -2       0.04293096  d_xy
   46   3   2  -1       0.03632854  d_yz
   46   3   2   0       0.01820055  d_z2
   46   3   2   1       0.03938556  d_xz
   46   3   2   2       0.01982900  d_x2-y2
   47   1   0   0       1.34450052  s
   47   2   1  -1       0.82824274  p_y
   47   2   1   0       0.82411196  p_z
   47   2   1   1       0.82509114  p_x
   47   3   2  -2       0.04161220  d_xy
   47   3   2  -1       0.04183266  d_yz
   47   3   2   0       0.02217029  d_z2
   47   3   2   1       0.04120552  d_xz
   47   3   2   2       0.02153914  d_x2-y2
   48   1   0   0       1.38316829  s
   48   2   1  -1       0.83058234  p_y
   48   2   1   0       0.83563641  p_z
   48   2   1   1       0.83094875  p_x
   48   3   2  -2       0.03670802  d_xy
   48   3   2  -1       0.03671708  d_yz
   48   3   2   0       0.01667704  d_z2
   48   3   2   1       0.03563429  d_xz
   48   3   2   2       0.01717108  d_x2-y2
   49   1   0   0       1.34800827  s
   49   2   1  -1       0.82487705  p_y
   49   2   1   0       0.82417351  p_z
   49   2   1   1       0.83015220  p_x
   49   3   2  -2       0.04075541  d_xy
   49   3   2  -1       0.04332611  d_yz
   49   3   2   0       0.02055144  d_z2
   49   3   2   1       0.03837541  d_xz
   49   3   2   2       0.02073396  d_x2-y2
   50   1   0   0       1.34562289  s
   50   2   1  -1       0.82354933  p_y
   50   2   1   0       0.82807322  p_z
   50   2   1   1       0.82184249  p_x
   50   3   2  -2       0.04416934  d_xy
   50   3   2  -1       0.04103906  d_yz
   50   3   2   0       0.02244965  d_z2
   50   3   2   1       0.03729979  d_xz
   50   3   2   2       0.02004564  d_x2-y2
   51   1   0   0       1.36997646  s
   51   2   1  -1       0.83245097  p_y
   51   2   1   0       0.82143948  p_z
   51   2   1   1       0.83189355  p_x
   51   3   2  -2       0.03529336  d_xy
   51   3   2  -1       0.03854332  d_yz
   51   3   2   0       0.01847817  d_z2
   51   3   2   1       0.04129728  d_xz
   51   3   2   2       0.01759595  d_x2-y2
   52   1   0   0       1.36532236  s
   52   2   1  -1       0.82812393  p_y
   52   2   1   0       0.83037733  p_z
   52   2   1   1       0.82600234  p_x
   52   3   2  -2       0.03797966  d_xy
   52   3   2  -1       0.03601471  d_yz
   52   3   2   0       0.01902365  d_z2
   52   3   2   1       0.03877081  d_xz
   52   3   2   2       0.01785577  d_x2-y2
   53   1   0   0       1.40312079  s
   53   2   1  -1       0.82927076  p_y
   53   2   1   0       0.83077067  p_z
   53   2   1   1       0.82760678  p_x
   53   3   2  -2       0.03094976  d_xy
   53   3   2  -1       0.03381014  d_yz
   53   3   2   0       0.01563168  d_z2
   53   3   2   1       0.04197781  d_xz
   53   3   2   2       0.01629893  d_x2-y2
   54   1   0   0       1.35263310  s
   54   2   1  -1       0.82452352  p_y
   54   2   1   0       0.82115111  p_z
   54   2   1   1       0.82494429  p_x
   54   3   2  -2       0.04486988  d_xy
   54   3   2  -1       0.04209829  d_yz
   54   3   2   0       0.02254089  d_z2
   54   3   2   1       0.03623785  d_xz
   54   3   2   2       0.01939411  d_x2-y2
   55   1   0   0       1.36096081  s
   55   2   1  -1       0.82660660  p_y
   55   2   1   0       0.82489934  p_z
   55   2   1   1       0.82839416  p_x
   55   3   2  -2       0.03506516  d_xy
   55   3   2  -1       0.03878874  d_yz
   55   3   2   0       0.01829957  d_z2
   55   3   2   1       0.04488001  d_xz
   55   3   2   2       0.02026283  d_x2-y2
   56   1   0   0       1.34910705  s
   56   2   1  -1       0.82975922  p_y
   56   2   1   0       0.82377533  p_z
   56   2   1   1       0.82077510  p_x
   56   3   2  -2       0.04275571  d_xy
   56   3   2  -1       0.03692326  d_yz
   56   3   2   0       0.02185291  d_z2
   56   3   2   1       0.04684657  d_xz
   56   3   2   2       0.02117048  d_x2-y2
   57   1   0   0       1.33422656  s
   57   2   1  -1       0.83074177  p_y
   57   2   1   0       0.82645803  p_z
   57   2   1   1       0.82836940  p_x
   57   3   2  -2       0.04022318  d_xy
   57   3   2  -1       0.03675125  d_yz
   57   3   2   0       0.02214836  d_z2
   57   3   2   1       0.04372120  d_xz
   57   3   2   2       0.02005653  d_x2-y2
   58   1   0   0       1.35942395  s
   58   2   1  -1       0.82517970  p_y
   58   2   1   0       0.82889568  p_z
   58   2   1   1       0.82363178  p_x
   58   3   2  -2       0.04064433  d_xy
   58   3   2  -1       0.03850479  d_yz
   58   3   2   0       0.01953173  d_z2
   58   3   2   1       0.04034804  d_xz
   58   3   2   2       0.02006056  d_x2-y2
   59   1   0   0       1.37746798  s
   59   2   1  -1       0.82955027  p_y
   59   2   1   0       0.82410719  p_z
   59   2   1   1       0.82917453  p_x
   59   3   2  -2       0.03226122  d_xy
   59   3   2  -1       0.04311392  d_yz
   59   3   2   0       0.01809688  d_z2
   59   3   2   1       0.03701894  d_xz
   59   3   2   2       0.01698631  d_x2-y2
   60   1   0   0       1.34479161  s
   60   2   1  -1       0.82190820  p_y
   60   2   1   0       0.82925664  p_z
   60   2   1   1       0.82510928  p_x
   60   3   2  -2       0.04159799  d_xy
   60   3   2  -1       0.04207584  d_yz
   60   3   2   0       0.02071817  d_z2
   60   3   2   1       0.03918186  d_xz
   60   3   2   2       0.02196492  d_x2-y2
   61   1   0   0       1.34241589  s
   61   2   1  -1       0.82623077  p_y
   61   2   1   0       0.82443197  p_z
   61   2   1   1       0.83046934  p_x
   61   3   2  -2       0.04283983  d_xy
   61   3   2  -1       0.04577240  d_yz
   61   3   2   0       0.02213357  d_z2
   61   3   2   1       0.03379317  d_xz
   61   3   2   2       0.01975458  d_x2-y2
   62   1   0   0       1.35263309  s
   62   2   1  -1       0.82709672  p_y
   62   2   1   0       0.82324806  p_z
   62   2   1   1       0.82530946  p_x
   62   3   2  -2       0.03786758  d_xy
   62   3   2  -1       0.03666786  d_yz
   62   3   2   0       0.02183604  d_z2
   62   3   2   1       0.04640695  d_xz
   62   3   2   2       0.01861244  d_x2-y2
   63   1   0   0       1.32953669  s
   63   2   1  -1       0.82474412  p_y
   63   2   1   0       0.83244892  p_z
   63   2   1   1       0.82521431  p_x
   63   3   2  -2       0.04951089  d_xy
   63   3   2  -1       0.03988824  d_yz
   63   3   2   0       0.02120359  d_z2
   63   3   2   1       0.03770776  d_xz
   63   3   2   2       0.02397907  d_x2-y2
   64   1   0   0       1.34925963  s
   64   2   1  -1       0.83286058  p_y
   64   2   1   0       0.82345171  p_z
   64   2   1   1       0.83302009  p_x
   64   3   2  -2       0.03258973  d_xy
   64   3   2  -1       0.04593663  d_yz
   64   3   2   0       0.02009648  d_z2
   64   3   2   1       0.04027391  d_xz
   64   3   2   2       0.01804313  d_x2-y2

Fermi level:                        -0.1334879734 H           -3.6324 eV
Band energy:                       -88.1572607203 H        -2398.8811 eV
TS:                                  0.0000000000 H            0.0000 eV
Band free energy (E-TS):           -88.1572607203 H        -2398.8811 eV
Extrapolated E(0K):                -88.1572607203 H        -2398.8811 eV
Input / Output electrons (q):    256.0000000000    256.0000000000

Energy H0:                         -88.1417643310 H        -2398.4594 eV
Energy SCC:                          0.0005059256 H            0.0138 eV
Total Electronic energy:           -88.1412584054 H        -2398.4457 eV
Repulsive energy:                    0.0000000000 H            0.0000 eV
Total energy:                      -88.1412584054 H        -2398.4457 eV
Extrapolated to 0:                 -88.1412584054 H        -2398.4457 eV
Total Mermin free energy:          -88.1412584054 H        -2398.4457 eV
Force related energy:              -88.1412584054 H        -2398.4457 eV

Non-constrained calculation

SCC converged

Warning: dipole moment is not defined absolutely!
Dipole moment:    0.72639480   -0.25509451    0.28126305 au
Dipole moment:    1.84631157   -0.64838562    0.71489943 Debye


