 Fermi distribution function

Calculation with static geometry


********************************************************************************
 iSCC Total electronic   Diff electronic      SCC error    
    9   -0.88166411E+02   -0.80365226E-09    0.69516077E-05
********************************************************************************

 Total charge:    -0.00000000

 Atomic gross charges (e)
 Atom           Charge
    1      -0.01527618
    2       0.00599151
    3      -0.00968606
    4      -0.00524058
    5       0.01435097
    6       0.00518309
    7      -0.00239013
    8      -0.00205671
    9      -0.00623035
   10      -0.01151294
   11      -0.01852083
   12       0.00365013
   13      -0.01280878
   14       0.01011195
   15      -0.00726689
   16       0.00327901
   17       0.00839836
   18       0.00452934
   19       0.01841658
   20       0.00424178
   21       0.00842570
   22      -0.00881090
   23       0.01477537
   24       0.00678935
   25       0.01211995
   26       0.00930953
   27       0.01538216
   28       0.00112580
   29       0.01206626
   30       0.00543996
   31       0.00838382
   32      -0.03005341
   33      -0.02500895
   34      -0.00371731
   35      -0.02857439
   36       0.01544257
   37      -0.01389746
   38       0.01548332
   39      -0.00662637
   40       0.00140838
   41       0.00034530
   42      -0.01430793
   43      -0.00180226
   44      -0.02004948
   45       0.00993452
   46      -0.00868533
   47      -0.00676729
   48      -0.01913293
   49       0.00442963
   50       0.01677896
   51      -0.00191674
   52      -0.00091642
   53      -0.00089557
   54      -0.00865644
   55       0.01168965
   56      -0.01135017
   57       0.01796765
   58      -0.00094379
   59       0.02160495
   60       0.00484559
   61       0.01278134
   62      -0.00902486
   63       0.00966805
   64      -0.00222307

Nr. of electrons (up):    256.00000000
Atom populations (up)
 Atom       Population
    1       4.01527618
    2       3.99400849
    3       4.00968606
    4       4.00524058
    5       3.98564903
    6       3.99481691
    7       4.00239013
    8       4.00205671
    9       4.00623035
   10       4.01151294
   11       4.01852083
   12       3.99634987
   13       4.01280878
   14       3.98988805
   15       4.00726689
   16       3.99672099
   17       3.99160164
   18       3.99547066
   19       3.98158342
   20       3.99575822
   21       3.99157430
   22       4.00881090
   23       3.98522463
   24       3.99321065
   25       3.98788005
   26       3.99069047
   27       3.98461784
   28       3.99887420
   29       3.98793374
   30       3.99456004
   31       3.99161618
   32       4.03005341
   33       4.02500895
   34       4.00371731
   35       4.02857439
   36       3.98455743
   37       4.01389746
   38       3.98451668
   39       4.00662637
   40       3.99859162
   41       3.99965470
   42       4.01430793
   43       4.00180226
   44       4.02004948
   45       3.99006548
   46       4.00868533
   47       4.00676729
   48       4.01913293
   49       3.99557037
   50       3.98322104
   51       4.00191674
   52       4.00091642
   53       4.00089557
   54       4.00865644
   55       3.98831035
   56       4.01135017
   57       3.98203235
   58       4.00094379
   59       3.97839505
   60       3.99515441
   61       3.98721866
   62       4.00902486
   63       3.99033195
   64       4.00222307

l-shell populations (up)
 Atom Sh.   l       Population
    1   1   0       1.36791814
    1   2   1       2.48851853
    1   3   2       0.15883951
    2   1   0       1.35951832
    2   2   1       2.48688268
    2   3   2       0.14760749
    3   1   0       1.36917629
    3   2   1       2.48295781
    3   3   2       0.15755196
    4   1   0       1.36944002
    4   2   1       2.48415688
    4   3   2       0.15164368
    5   1   0       1.33632269
    5   2   1       2.48339012
    5   3   2       0.16593621
    6   1   0       1.34652696
    6   2   1       2.48574270
    6   3   2       0.16254725
    7   1   0       1.35958894
    7   2   1       2.48751496
    7   3   2       0.15528624
    8   1   0       1.36365833
    8   2   1       2.47690941
    8   3   2       0.16148896
    9   1   0       1.36051058
    9   2   1       2.49670570
    9   3   2       0.14901406
   10   1   0       1.37192485
   10   2   1       2.48575345
   10   3   2       0.15383465
   11   1   0       1.38453948
   11   2   1       2.49297308
   11   3   2       0.14100827
   12   1   0       1.35199895
   12   2   1       2.47728168
   12   3   2       0.16706923
   13   1   0       1.37804690
   13   2   1       2.48705982
   13   3   2       0.14770206
   14   1   0       1.34158041
   14   2   1       2.47871697
   14   3   2       0.16959067
   15   1   0       1.36555438
   15   2   1       2.48168892
   15   3   2       0.16002359
   16   1   0       1.35325451
   16   2   1       2.48592051
   16   3   2       0.15754597
   17   1   0       1.35985720
   17   2   1       2.48028303
   17   3   2       0.15146140
   18   1   0       1.35899497
   18   2   1       2.47849587
   18   3   2       0.15797983
   19   1   0       1.35409729
   19   2   1       2.46980993
   19   3   2       0.15767619
   20   1   0       1.36005783
   20   2   1       2.47095705
   20   3   2       0.16474335
   21   1   0       1.34346596
   21   2   1       2.48392965
   21   3   2       0.16417868
   22   1   0       1.36668550
   22   2   1       2.48378513
   22   3   2       0.15834027
   23   1   0       1.35242768
   23   2   1       2.48202245
   23   3   2       0.15077450
   24   1   0       1.35225903
   24   2   1       2.47244930
   24   3   2       0.16850232
   25   1   0       1.34765186
   25   2   1       2.47642260
   25   3   2       0.16380559
   26   1   0       1.34709687
   26   2   1       2.48719184
   26   3   2       0.15640176
   27   1   0       1.33876523
   27   2   1       2.48240925
   27   3   2       0.16344336
   28   1   0       1.36110375
   28   2   1       2.48554883
   28   3   2       0.15222162
   29   1   0       1.34263601
   29   2   1       2.47867997
   29   3   2       0.16661776
   30   1   0       1.34451274
   30   2   1       2.49296452
   30   3   2       0.15708279
   31   1   0       1.35282255
   31   2   1       2.47428463
   31   3   2       0.16450900
   32   1   0       1.40281987
   32   2   1       2.50041530
   32   3   2       0.12681824
   33   1   0       1.38863468
   33   2   1       2.49415708
   33   3   2       0.14221719
   34   1   0       1.36085897
   34   2   1       2.48534570
   34   3   2       0.15751264
   35   1   0       1.38814874
   35   2   1       2.49981979
   35   3   2       0.14060586
   36   1   0       1.33321595
   36   2   1       2.47502286
   36   3   2       0.17631862
   37   1   0       1.37547213
   37   2   1       2.49285093
   37   3   2       0.14557440
   38   1   0       1.31977401
   38   2   1       2.48270093
   38   3   2       0.18204174
   39   1   0       1.36924857
   39   2   1       2.49136397
   39   3   2       0.14601383
   40   1   0       1.34714650
   40   2   1       2.48725665
   40   3   2       0.16418846
   41   1   0       1.33853623
   41   2   1       2.49635949
   41   3   2       0.16475897
   42   1   0       1.37870140
   42   2   1       2.48901213
   42   3   2       0.14659440
   43   1   0       1.35487017
   43   2   1       2.48047581
   43   3   2       0.16645628
   44   1   0       1.38433687
   44   2   1       2.48959568
   44   3   2       0.14611693
   45   1   0       1.33613061
   45   2   1       2.48231859
   45   3   2       0.17161628
   46   1   0       1.37117260
   46   2   1       2.48724072
   46   3   2       0.15027202
   47   1   0       1.36551986
   47   2   1       2.48819524
   47   3   2       0.15305219
   48   1   0       1.38881624
   48   2   1       2.48927427
   48   3   2       0.14104241
   49   1   0       1.36201542
   49   2   1       2.47887654
   49   3   2       0.15467841
   50   1   0       1.32015757
   50   2   1       2.48039857
   50   3   2       0.18266490
   51   1   0       1.37676657
   51   2   1       2.47588687
   51   3   2       0.14926330
   52   1   0       1.36564000
   52   2   1       2.47179771
   52   3   2       0.16347871
   53   1   0       1.37053753
   53   2   1       2.48551596
   53   3   2       0.14484208
   54   1   0       1.36783726
   54   2   1       2.48971574
   54   3   2       0.15110344
   55   1   0       1.34209542
   55   2   1       2.47788561
   55   3   2       0.16832931
   56   1   0       1.37527001
   56   2   1       2.48706865
   56   3   2       0.14901152
   57   1   0       1.33557320
   57   2   1       2.47934002
   57   3   2       0.16711913
   58   1   0       1.36803919
   58   2   1       2.48081219
   58   3   2       0.15209241
   59   1   0       1.32319358
   59   2   1       2.47784258
   59   3   2       0.17735888
   60   1   0       1.35595617
   60   2   1       2.48153219
   60   3   2       0.15766605
   61   1   0       1.34581718
   61   2   1       2.47257737
   61   3   2       0.16882411
   62   1   0       1.36247202
   62   2   1       2.50192782
   62   3   2       0.14462502
   63   1   0       1.34700144
   63   2   1       2.48550525
   63   3   2       0.15782526
   64   1   0       1.36152134
   64   2   1       2.48034251
   64   3   2       0.16035922

Orbital populations (up)
 Atom Sh.   l   m       Population  Label
    1   1   0   0       1.36791814  s
    1   2   1  -1       0.82627125  p_y
    1   2   1   0       0.83034823  p_z
    1   2   1   1       0.83189906  p_x
    1   3   2  -2       0.03961161  d_xy
    1   3   2  -1       0.03848886  d_yz
    1   3   2   0       0.01855859  d_z2
    1   3   2   1       0.04173214  d_xz
    1   3   2   2       0.02044832  d_x2-y2
    2   1   0   0       1.35951832  s
    2   2   1  -1       0.82703916  p_y
    2   2   1   0       0.83253879  p_z
    2   2   1   1       0.82730472  p_x
    2   3   2  -2       0.03818332  d_xy
    2   3   2  -1       0.03864136  d_yz
    2   3   2   0       0.01773928  d_z2
    2   3   2   1       0.03445485  d_xz
    2   3   2   2       0.01858867  d_x2-y2
    3   1   0   0       1.36917629  s
    3   2   1  -1       0.82617850  p_y
    3   2   1   0       0.82578845  p_z
    3   2   1   1       0.83099087  p_x
    3   3   2  -2       0.03818394  d_xy
    3   3   2  -1       0.04039572  d_yz
    3   3   2   0       0.02020798  d_z2
    3   3   2   1       0.03987236  d_xz
    3   3   2   2       0.01889195  d_x2-y2
    4   1   0   0       1.36944002  s
    4   2   1  -1       0.82555211  p_y
    4   2   1   0       0.82880398  p_z
    4   2   1   1       0.82980079  p_x
    4   3   2  -2       0.03830658  d_xy
    4   3   2  -1       0.03735231  d_yz
    4   3   2   0       0.01752916  d_z2
    4   3   2   1       0.03898140  d_xz
    4   3   2   2       0.01947423  d_x2-y2
    5   1   0   0       1.33632269  s
    5   2   1  -1       0.82874647  p_y
    5   2   1   0       0.82686391  p_z
    5   2   1   1       0.82777974  p_x
    5   3   2  -2       0.04055992  d_xy
    5   3   2  -1       0.03985387  d_yz
    5   3   2   0       0.02163280  d_z2
    5   3   2   1       0.04268184  d_xz
    5   3   2   2       0.02120779  d_x2-y2
    6   1   0   0       1.34652696  s
    6   2   1  -1       0.82789565  p_y
    6   2   1   0       0.82782332  p_z
    6   2   1   1       0.83002373  p_x
    6   3   2  -2       0.04029064  d_xy
    6   3   2  -1       0.04090474  d_yz
    6   3   2   0       0.02099995  d_z2
    6   3   2   1       0.04062653  d_xz
    6   3   2   2       0.01972539  d_x2-y2
    7   1   0   0       1.35958894  s
    7   2   1  -1       0.82725943  p_y
    7   2   1   0       0.83214812  p_z
    7   2   1   1       0.82810741  p_x
    7   3   2  -2       0.04210077  d_xy
    7   3   2  -1       0.03869371  d_yz
    7   3   2   0       0.01886602  d_z2
    7   3   2   1       0.03662543  d_xz
    7   3   2   2       0.01900031  d_x2-y2
    8   1   0   0       1.36365833  s
    8   2   1  -1       0.82491828  p_y
    8   2   1   0       0.82903012  p_z
    8   2   1   1       0.82296101  p_x
    8   3   2  -2       0.03989085  d_xy
    8   3   2  -1       0.03998815  d_yz
    8   3   2   0       0.02012740  d_z2
    8   3   2   1       0.04040069  d_xz
    8   3   2   2       0.02108187  d_x2-y2
    9   1   0   0       1.36051058  s
    9   2   1  -1       0.83446891  p_y
    9   2   1   0       0.83166480  p_z
    9   2   1   1       0.83057199  p_x
    9   3   2  -2       0.03740117  d_xy
    9   3   2  -1       0.03767927  d_yz
    9   3   2   0       0.01851817  d_z2
    9   3   2   1       0.03766142  d_xz
    9   3   2   2       0.01775403  d_x2-y2
   10   1   0   0       1.37192485  s
   10   2   1  -1       0.82597374  p_y
   10   2   1   0       0.83280552  p_z
   10   2   1   1       0.82697418  p_x
   10   3   2  -2       0.04267819  d_xy
   10   3   2  -1       0.03555563  d_yz
   10   3   2   0       0.01904834  d_z2
   10   3   2   1       0.03812353  d_xz
   10   3   2   2       0.01842895  d_x2-y2
   11   1   0   0       1.38453948  s
   11   2   1  -1       0.83100897  p_y
   11   2   1   0       0.83084067  p_z
   11   2   1   1       0.83112343  p_x
   11   3   2  -2       0.03694798  d_xy
   11   3   2  -1       0.03673115  d_yz
   11   3   2   0       0.01789918  d_z2
   11   3   2   1       0.03413777  d_xz
   11   3   2   2       0.01529219  d_x2-y2
   12   1   0   0       1.35199895  s
   12   2   1  -1       0.82343038  p_y
   12   2   1   0       0.82886450  p_z
   12   2   1   1       0.82498680  p_x
   12   3   2  -2       0.04409421  d_xy
   12   3   2  -1       0.04171017  d_yz
   12   3   2   0       0.02143522  d_z2
   12   3   2   1       0.03849991  d_xz
   12   3   2   2       0.02132973  d_x2-y2
   13   1   0   0       1.37804690  s
   13   2   1  -1       0.82690232  p_y
   13   2   1   0       0.82904885  p_z
   13   2   1   1       0.83110865  p_x
   13   3   2  -2       0.03732895  d_xy
   13   3   2  -1       0.03822787  d_yz
   13   3   2   0       0.01738656  d_z2
   13   3   2   1       0.03675747  d_xz
   13   3   2   2       0.01800120  d_x2-y2
   14   1   0   0       1.34158041  s
   14   2   1  -1       0.82497087  p_y
   14   2   1   0       0.82635341  p_z
   14   2   1   1       0.82739269  p_x
   14   3   2  -2       0.04025695  d_xy
   14   3   2  -1       0.04395689  d_yz
   14   3   2   0       0.02156177  d_z2
   14   3   2   1       0.04137937  d_xz
   14   3   2   2       0.02243569  d_x2-y2
   15   1   0   0       1.36555438  s
   15   2   1  -1       0.82605873  p_y
   15   2   1   0       0.82879684  p_z
   15   2   1   1       0.82683336  p_x
   15   3   2  -2       0.04140340  d_xy
   15   3   2  -1       0.03866991  d_yz
   15   3   2   0       0.01977133  d_z2
   15   3   2   1       0.04025297  d_xz
   15   3   2   2       0.01992599  d_x2-y2
   16   1   0   0       1.35325451  s
   16   2   1  -1       0.83307886  p_y
   16   2   1   0       0.82700188  p_z
   16   2   1   1       0.82583977  p_x
   16   3   2  -2       0.04101180  d_xy
   16   3   2  -1       0.03775759  d_yz
   16   3   2   0       0.02083179  d_z2
   16   3   2   1       0.03962384  d_xz
   16   3   2   2       0.01832095  d_x2-y2
   17   1   0   0       1.35985720  s
   17   2   1  -1       0.82697598  p_y
   17   2   1   0       0.82281824  p_z
   17   2   1   1       0.83048881  p_x
   17   3   2  -2       0.03735489  d_xy
   17   3   2  -1       0.03848289  d_yz
   17   3   2   0       0.01940171  d_z2
   17   3   2   1       0.03862387  d_xz
   17   3   2   2       0.01759804  d_x2-y2
   18   1   0   0       1.35899497  s
   18   2   1  -1       0.82513735  p_y
   18   2   1   0       0.83078172  p_z
   18   2   1   1       0.82257680  p_x
   18   3   2  -2       0.04154946  d_xy
   18   3   2  -1       0.03747432  d_yz
   18   3   2   0       0.01863181  d_z2
   18   3   2   1       0.03943887  d_xz
   18   3   2   2       0.02088537  d_x2-y2
   19   1   0   0       1.35409729  s
   19   2   1  -1       0.82421208  p_y
   19   2   1   0       0.82505694  p_z
   19   2   1   1       0.82054092  p_x
   19   3   2  -2       0.03807299  d_xy
   19   3   2  -1       0.03860477  d_yz
   19   3   2   0       0.02142521  d_z2
   19   3   2   1       0.04047528  d_xz
   19   3   2   2       0.01909793  d_x2-y2
   20   1   0   0       1.36005783  s
   20   2   1  -1       0.82191278  p_y
   20   2   1   0       0.81890034  p_z
   20   2   1   1       0.83014393  p_x
   20   3   2  -2       0.03986390  d_xy
   20   3   2  -1       0.04304430  d_yz
   20   3   2   0       0.02142570  d_z2
   20   3   2   1       0.04014450  d_xz
   20   3   2   2       0.02026495  d_x2-y2
   21   1   0   0       1.34346596  s
   21   2   1  -1       0.82822787  p_y
   21   2   1   0       0.82782107  p_z
   21   2   1   1       0.82788071  p_x
   21   3   2  -2       0.03859356  d_xy
   21   3   2  -1       0.04051044  d_yz
   21   3   2   0       0.02032775  d_z2
   21   3   2   1       0.04309983  d_xz
   21   3   2   2       0.02164710  d_x2-y2
   22   1   0   0       1.36668550  s
   22   2   1  -1       0.82283977  p_y
   22   2   1   0       0.83255823  p_z
   22   2   1   1       0.82838713  p_x
   22   3   2  -2       0.03992675  d_xy
   22   3   2  -1       0.03952880  d_yz
   22   3   2   0       0.01931273  d_z2
   22   3   2   1       0.03978570  d_xz
   22   3   2   2       0.01978629  d_x2-y2
   23   1   0   0       1.35242768  s
   23   2   1  -1       0.83297042  p_y
   23   2   1   0       0.82226989  p_z
   23   2   1   1       0.82678214  p_x
   23   3   2  -2       0.03449956  d_xy
   23   3   2  -1       0.03926263  d_yz
   23   3   2   0       0.01983327  d_z2
   23   3   2   1       0.03914628  d_xz
   23   3   2   2       0.01803276  d_x2-y2
   24   1   0   0       1.35225903  s
   24   2   1  -1       0.82061816  p_y
   24   2   1   0       0.82707611  p_z
   24   2   1   1       0.82475502  p_x
   24   3   2  -2       0.04185274  d_xy
   24   3   2  -1       0.03983032  d_yz
   24   3   2   0       0.02089211  d_z2
   24   3   2   1       0.04254182  d_xz
   24   3   2   2       0.02338534  d_x2-y2
   25   1   0   0       1.34765186  s
   25   2   1  -1       0.82575061  p_y
   25   2   1   0       0.82429123  p_z
   25   2   1   1       0.82638076  p_x
   25   3   2  -2       0.04158074  d_xy
   25   3   2  -1       0.04029247  d_yz
   25   3   2   0       0.02217617  d_z2
   25   3   2   1       0.04065200  d_xz
   25   3   2   2       0.01910421  d_x2-y2
   26   1   0   0       1.34709687  s
   26   2   1  -1       0.83090363  p_y
   26   2   1   0       0.82766790  p_z
   26   2   1   1       0.82862032  p_x
   26   3   2  -2       0.03721544  d_xy
   26   3   2  -1       0.03840314  d_yz
   26   3   2   0       0.01993321  d_z2
   26   3   2   1       0.04150627  d_xz
   26   3   2   2       0.01934369  d_x2-y2
   27   1   0   0       1.33876523  s
   27   2   1  -1       0.82736400  p_y
   27   2   1   0       0.82900784  p_z
   27   2   1   1       0.82603741  p_x
   27   3   2  -2       0.04212371  d_xy
   27   3   2  -1       0.04043066  d_yz
   27   3   2   0       0.02054500  d_z2
   27   3   2   1       0.03950898  d_xz
   27   3   2   2       0.02083502  d_x2-y2
   28   1   0   0       1.36110375  s
   28   2   1  -1       0.83053453  p_y
   28   2   1   0       0.82475896  p_z
   28   2   1   1       0.83025535  p_x
   28   3   2  -2       0.03521032  d_xy
   28   3   2  -1       0.03973053  d_yz
   28   3   2   0       0.01890748  d_z2
   28   3   2   1       0.03922707  d_xz
   28   3   2   2       0.01914622  d_x2-y2
   29   1   0   0       1.34263601  s
   29   2   1  -1       0.83181798  p_y
   29   2   1   0       0.82146258  p_z
   29   2   1   1       0.82539942  p_x
   29   3   2  -2       0.04090516  d_xy
   29   3   2  -1       0.04131280  d_yz
   29   3   2   0       0.02165610  d_z2
   29   3   2   1       0.04214826  d_xz
   29   3   2   2       0.02059543  d_x2-y2
   30   1   0   0       1.34451274  s
   30   2   1  -1       0.83298631  p_y
   30   2   1   0       0.83004279  p_z
   30   2   1   1       0.82993542  p_x
   30   3   2  -2       0.03638810  d_xy
   30   3   2  -1       0.04146673  d_yz
   30   3   2   0       0.01872665  d_z2
   30   3   2   1       0.03877581  d_xz
   30   3   2   2       0.02172549  d_x2-y2
   31   1   0   0       1.35282255  s
   31   2   1  -1       0.82754137  p_y
   31   2   1   0       0.82082338  p_z
   31   2   1   1       0.82591988  p_x
   31   3   2  -2       0.04015893  d_xy
   31   3   2  -1       0.04001813  d_yz
   31   3   2   0       0.02141381  d_z2
   31   3   2   1       0.04286861  d_xz
   31   3   2   2       0.02004952  d_x2-y2
   32   1   0   0       1.40281987  s
   32   2   1  -1       0.83369978  p_y
   32   2   1   0       0.83632032  p_z
   32   2   1   1       0.83039519  p_x
   32   3   2  -2       0.03586802  d_xy
   32   3   2  -1       0.03245152  d_yz
   32   3   2   0       0.01426605  d_z2
   32   3   2   1       0.03067603  d_xz
   32   3   2   2       0.01355661  d_x2-y2
   33   1   0   0       1.38863468  s
   33   2   1  -1       0.83318220  p_y
   33   2   1   0       0.82664007  p_z
   33   2   1   1       0.83433481  p_x
   33   3   2  -2       0.03424565  d_xy
   33   3   2  -1       0.03618546  d_yz
   33   3   2   0       0.01771271  d_z2
   33   3   2   1       0.03859671  d_xz
   33   3   2   2       0.01547665  d_x2-y2
   34   1   0   0       1.36085897  s
   34   2   1  -1       0.83274007  p_y
   34   2   1   0       0.82841749  p_z
   34   2   1   1       0.82418814  p_x
   34   3   2  -2       0.03822429  d_xy
   34   3   2  -1       0.03943127  d_yz
   34   3   2   0       0.01987427  d_z2
   34   3   2   1       0.04037219  d_xz
   34   3   2   2       0.01961063  d_x2-y2
   35   1   0   0       1.38814874  s
   35   2   1  -1       0.83492556  p_y
   35   2   1   0       0.83034208  p_z
   35   2   1   1       0.83455215  p_x
   35   3   2  -2       0.03656718  d_xy
   35   3   2  -1       0.03621500  d_yz
   35   3   2   0       0.01727995  d_z2
   35   3   2   1       0.03494650  d_xz
   35   3   2   2       0.01559723  d_x2-y2
   36   1   0   0       1.33321595  s
   36   2   1  -1       0.82491114  p_y
   36   2   1   0       0.82755461  p_z
   36   2   1   1       0.82255711  p_x
   36   3   2  -2       0.04548246  d_xy
   36   3   2  -1       0.04128906  d_yz
   36   3   2   0       0.02345756  d_z2
   36   3   2   1       0.04274930  d_xz
   36   3   2   2       0.02334024  d_x2-y2
   37   1   0   0       1.37547213  s
   37   2   1  -1       0.83007688  p_y
   37   2   1   0       0.83099504  p_z
   37   2   1   1       0.83177902  p_x
   37   3   2  -2       0.03743866  d_xy
   37   3   2  -1       0.03721694  d_yz
   37   3   2   0       0.01782279  d_z2
   37   3   2   1       0.03615379  d_xz
   37   3   2   2       0.01694222  d_x2-y2
   38   1   0   0       1.31977401  s
   38   2   1  -1       0.82964081  p_y
   38   2   1   0       0.82322473  p_z
   38   2   1   1       0.82983540  p_x
   38   3   2  -2       0.04484382  d_xy
   38   3   2  -1       0.04285127  d_yz
   38   3   2   0       0.02599665  d_z2
   38   3   2   1       0.04562892  d_xz
   38   3   2   2       0.02272108  d_x2-y2
   39   1   0   0       1.36924857  s
   39   2   1  -1       0.82735282  p_y
   39   2   1   0       0.83321527  p_z
   39   2   1   1       0.83079588  p_x
   39   3   2  -2       0.03778273  d_xy
   39   3   2  -1       0.03686828  d_yz
   39   3   2   0       0.01666587  d_z2
   39   3   2   1       0.03663361  d_xz
   39   3   2   2       0.01806334  d_x2-y2
   40   1   0   0       1.34714650  s
   40   2   1  -1       0.83133688  p_y
   40   2   1   0       0.82524009  p_z
   40   2   1   1       0.83067969  p_x
   40   3   2  -2       0.03728233  d_xy
   40   3   2  -1       0.04354875  d_yz
   40   3   2   0       0.02241119  d_z2
   40   3   2   1       0.04050122  d_xz
   40   3   2   2       0.02044496  d_x2-y2
   41   1   0   0       1.33853623  s
   41   2   1  -1       0.82871811  p_y
   41   2   1   0       0.83261190  p_z
   41   2   1   1       0.83502947  p_x
   41   3   2  -2       0.04027600  d_xy
   41   3   2  -1       0.03962549  d_yz
   41   3   2   0       0.02078903  d_z2
   41   3   2   1       0.04157527  d_xz
   41   3   2   2       0.02249318  d_x2-y2
   42   1   0   0       1.37870140  s
   42   2   1  -1       0.82940418  p_y
   42   2   1   0       0.83159764  p_z
   42   2   1   1       0.82801031  p_x
   42   3   2  -2       0.03543425  d_xy
   42   3   2  -1       0.03838731  d_yz
   42   3   2   0       0.01673599  d_z2
   42   3   2   1       0.03785125  d_xz
   42   3   2   2       0.01818560  d_x2-y2
   43   1   0   0       1.35487017  s
   43   2   1  -1       0.82785695  p_y
   43   2   1   0       0.82560755  p_z
   43   2   1   1       0.82701131  p_x
   43   3   2  -2       0.03936840  d_xy
   43   3   2  -1       0.04211394  d_yz
   43   3   2   0       0.02151722  d_z2
   43   3   2   1       0.04281611  d_xz
   43   3   2   2       0.02064060  d_x2-y2
   44   1   0   0       1.38433687  s
   44   2   1  -1       0.83202708  p_y
   44   2   1   0       0.82552162  p_z
   44   2   1   1       0.83204697  p_x
   44   3   2  -2       0.03731382  d_xy
   44   3   2  -1       0.03625985  d_yz
   44   3   2   0       0.01744173  d_z2
   44   3   2   1       0.03743004  d_xz
   44   3   2   2       0.01767149  d_x2-y2
   45   1   0   0       1.33613061  s
   45   2   1  -1       0.82405489  p_y
   45   2   1   0       0.83064815  p_z
   45   2   1   1       0.82761555  p_x
   45   3   2  -2       0.04427964  d_xy
   45   3   2  -1       0.04169696  d_yz
   45   3   2   0       0.02136850  d_z2
   45   3   2   1       0.04105169  d_xz
   45   3   2   2       0.02321949  d_x2-y2
   46   1   0   0       1.37117260  s
   46   2   1  -1       0.83352429  p_y
   46   2   1   0       0.82395848  p_z
   46   2   1   1       0.82975795  p_x
   46   3   2  -2       0.03655405  d_xy
   46   3   2  -1       0.03918247  d_yz
   46   3   2   0       0.01896563  d_z2
   46   3   2   1       0.03778726  d_xz
   46   3   2   2       0.01778260  d_x2-y2
   47   1   0   0       1.36551986  s
   47   2   1  -1       0.82833021  p_y
   47   2   1   0       0.83007517  p_z
   47   2   1   1       0.82978986  p_x
   47   3   2  -2       0.03898325  d_xy
   47   3   2  -1       0.03886920  d_yz
   47   3   2   0       0.01891605  d_z2
   47   3   2   1       0.03810117  d_xz
   47   3   2   2       0.01818253  d_x2-y2
   48   1   0   0       1.38881624  s
   48   2   1  -1       0.83028341  p_y
   48   2   1   0       0.82676985  p_z
   48   2   1   1       0.83222101  p_x
   48   3   2  -2       0.03339786  d_xy
   48   3   2  -1       0.03702895  d_yz
   48   3   2   0       0.01651678  d_z2
   48   3   2   1       0.03762512  d_xz
   48   3   2   2       0.01647370  d_x2-y2
   49   1   0   0       1.36201542  s
   49   2   1  -1       0.82426804  p_y
   49   2   1   0       0.82977615  p_z
   49   2   1   1       0.82483234  p_x
   49   3   2  -2       0.04204821  d_xy
   49   3   2  -1       0.03665806  d_yz
   49   3   2   0       0.01886564  d_z2
   49   3   2   1       0.03809093  d_xz
   49   3   2   2       0.01901557  d_x2-y2
   50   1   0   0       1.32015757  s
   50   2   1  -1       0.82429608  p_y
   50   2   1   0       0.82567101  p_z
   50   2   1   1       0.83043148  p_x
   50   3   2  -2       0.04465532  d_xy
   50   3   2  -1       0.04304644  d_yz
   50   3   2   0       0.02572416  d_z2
   50   3   2   1       0.04493461  d_xz
   50   3   2   2       0.02430438  d_x2-y2
   51   1   0   0       1.37676657  s
   51   2   1  -1       0.82367815  p_y
   51   2   1   0       0.82834949  p_z
   51   2   1   1       0.82385924  p_x
   51   3   2  -2       0.03792063  d_xy
   51   3   2  -1       0.03670768  d_yz
   51   3   2   0       0.01816078  d_z2
   51   3   2   1       0.03758682  d_xz
   51   3   2   2       0.01888739  d_x2-y2
   52   1   0   0       1.36564000  s
   52   2   1  -1       0.82209598  p_y
   52   2   1   0       0.82913225  p_z
   52   2   1   1       0.82056949  p_x
   52   3   2  -2       0.04127544  d_xy
   52   3   2  -1       0.03928014  d_yz
   52   3   2   0       0.02153262  d_z2
   52   3   2   1       0.04093768  d_xz
   52   3   2   2       0.02045282  d_x2-y2
   53   1   0   0       1.37053753  s
   53   2   1  -1       0.83133986  p_y
   53   2   1   0       0.82751468  p_z
   53   2   1   1       0.82666142  p_x
   53   3   2  -2       0.03627197  d_xy
   53   3   2  -1       0.03528728  d_yz
   53   3   2   0       0.01858732  d_z2
   53   3   2   1       0.03799794  d_xz
   53   3   2   2       0.01669758  d_x2-y2
   54   1   0   0       1.36783726  s
   54   2   1  -1       0.82842060  p_y
   54   2   1   0       0.83138885  p_z
   54   2   1   1       0.82990630  p_x
   54   3   2  -2       0.03800842  d_xy
   54   3   2  -1       0.04031905  d_yz
   54   3   2   0       0.01763685  d_z2
   54   3   2   1       0.03559727  d_xz
   54   3   2   2       0.01954185  d_x2-y2
   55   1   0   0       1.34209542  s
   55   2   1  -1       0.82567071  p_y
   55   2   1   0       0.82356089  p_z
   55   2   1   1       0.82865400  p_x
   55   3   2  -2       0.04001810  d_xy
   55   3   2  -1       0.04259207  d_yz
   55   3   2   0       0.02202597  d_z2
   55   3   2   1       0.04243044  d_xz
   55   3   2   2       0.02126273  d_x2-y2
   56   1   0   0       1.37527001  s
   56   2   1  -1       0.82979381  p_y
   56   2   1   0       0.83233497  p_z
   56   2   1   1       0.82493986  p_x
   56   3   2  -2       0.03979398  d_xy
   56   3   2  -1       0.03579367  d_yz
   56   3   2   0       0.01694631  d_z2
   56   3   2   1       0.03637821  d_xz
   56   3   2   2       0.02009935  d_x2-y2
   57   1   0   0       1.33557320  s
   57   2   1  -1       0.82343362  p_y
   57   2   1   0       0.83091586  p_z
   57   2   1   1       0.82499054  p_x
   57   3   2  -2       0.04220289  d_xy
   57   3   2  -1       0.03965019  d_yz
   57   3   2   0       0.02028948  d_z2
   57   3   2   1       0.04236687  d_xz
   57   3   2   2       0.02260970  d_x2-y2
   58   1   0   0       1.36803919  s
   58   2   1  -1       0.82800976  p_y
   58   2   1   0       0.82813017  p_z
   58   2   1   1       0.82467226  p_x
   58   3   2  -2       0.03694152  d_xy
   58   3   2  -1       0.03992280  d_yz
   58   3   2   0       0.01808932  d_z2
   58   3   2   1       0.03800513  d_xz
   58   3   2   2       0.01913364  d_x2-y2
   59   1   0   0       1.32319358  s
   59   2   1  -1       0.82538857  p_y
   59   2   1   0       0.82785525  p_z
   59   2   1   1       0.82459876  p_x
   59   3   2  -2       0.04477371  d_xy
   59   3   2  -1       0.04480888  d_yz
   59   3   2   0       0.02409601  d_z2
   59   3   2   1       0.04069976  d_xz
   59   3   2   2       0.02298052  d_x2-y2
   60   1   0   0       1.35595617  s
   60   2   1  -1       0.82775890  p_y
   60   2   1   0       0.82615914  p_z
   60   2   1   1       0.82761416  p_x
   60   3   2  -2       0.04054569  d_xy
   60   3   2  -1       0.03866180  d_yz
   60   3   2   0       0.02044913  d_z2
   60   3   2   1       0.03962544  d_xz
   60   3   2   2       0.01838399  d_x2-y2
   61   1   0   0       1.34581718  s
   61   2   1  -1       0.82093955  p_y
   61   2   1   0       0.82791993  p_z
   61   2   1   1       0.82371789  p_x
   61   3   2  -2       0.04197673  d_xy
   61   3   2  -1       0.04269613  d_yz
   61   3   2   0       0.02078591  d_z2
   61   3   2   1       0.04072115  d_xz
   61   3   2   2       0.02264419  d_x2-y2
   62   1   0   0       1.36247202  s
   62   2   1  -1       0.82904276  p_y
   62   2   1   0       0.83628932  p_z
   62   2   1   1       0.83659574  p_x
   62   3   2  -2       0.03787065  d_xy
   62   3   2  -1       0.03337399  d_yz
   62   3   2   0       0.01640062  d_z2
   62   3   2   1       0.03870295  d_xz
   62   3   2   2       0.01827681  d_x2-y2
   63   1   0   0       1.34700144  s
   63   2   1  -1       0.82859257  p_y
   63   2   1   0       0.83077889  p_z
   63   2   1   1       0.82613379  p_x
   63   3   2  -2       0.04304637  d_xy
   63   3   2  -1       0.03797559  d_yz
   63   3   2   0       0.01935307  d_z2
   63   3   2   1       0.03767402  d_xz
   63   3   2   2       0.01977621  d_x2-y2
   64   1   0   0       1.36152134  s
   64   2   1  -1       0.82567899  p_y
   64   2   1   0       0.82865349  p_z
   64   2   1   1       0.82601003  p_x
   64   3   2  -2       0.03839817  d_xy
   64   3   2  -1       0.04257741  d_yz
   64   3   2   0       0.01973888  d_z2
   64   3   2   1       0.03836643  d_xz
   64   3   2   2       0.02127831  d_x2-y2

Fermi level:                        -0.1335416387 H           -3.6339 eV
Band energy:                       -88.1767592155 H        -2399.4117 eV
TS:                                  0.0000000000 H            0.0000 eV
Band free energy (E-TS):           -88.1767592155 H        -2399.4117 eV
Extrapolated E(0K):                -88.1767592155 H        -2399.4117 eV
Input / Output electrons (q):    256.0000000000    256.0000000000

Energy H0:                         -88.1668323008 H        -2399.1416 eV
Energy SCC:                          0.0004208695 H            0.0115 eV
Total Electronic energy:           -88.1664114314 H        -2399.1301 eV
Repulsive energy:                    0.0000000000 H            0.0000 eV
Total energy:                      -88.1664114314 H        -2399.1301 eV
Extrapolated to 0:                 -88.1664114314 H        -2399.1301 eV
Total Mermin free energy:          -88.1664114314 H        -2399.1301 eV
Force related energy:              -88.1664114314 H        -2399.1301 eV

Non-constrained calculation

SCC converged

Warning: dipole moment is not defined absolutely!
Dipole moment:   -0.72597666    0.01289095   -0.37704775 au
Dipole moment:   -1.84524876    0.03276553   -0.95835985 Debye


