 Fermi distribution function

Calculation with static geometry


********************************************************************************
 iSCC Total electronic   Diff electronic      SCC error    
    9   -0.88165123E+02   -0.10163319E-08    0.62409242E-05
********************************************************************************

 Total charge:     0.00000000

 Atomic gross charges (e)
 Atom           Charge
    1       0.00435215
    2      -0.01649114
    3       0.00931847
    4       0.00131759
    5       0.01579911
    6      -0.01258511
    7      -0.00087802
    8       0.00743421
    9       0.02670305
   10       0.01169103
   11       0.01510207
   12      -0.00878546
   13      -0.01797415
   14       0.00809360
   15      -0.00456227
   16      -0.01946280
   17      -0.01481258
   18      -0.00873435
   19      -0.00404151
   20      -0.00025205
   21       0.00238390
   22       0.00520487
   23       0.00679749
   24      -0.00202396
   25      -0.00969326
   26       0.00148305
   27      -0.02697927
   28      -0.01074352
   29       0.01298321
   30       0.01755239
   31      -0.00347805
   32       0.01237418
   33       0.00831141
   34       0.01287834
   35       0.00844720
   36      -0.01349155
   37      -0.00014540
   38      -0.01836568
   39       0.00333503
   40       0.00095080
   41       0.01667509
   42       0.01460882
   43       0.01904399
   44       0.00446793
   45       0.01296543
   46      -0.02827639
   47       0.00715763
   48       0.00448037
   49      -0.01834356
   50      -0.01174317
   51      -0.01232587
   52      -0.00096697
   53      -0.00833385
   54       0.00542837
   55      -0.01551766
   56       0.01040920
   57      -0.00156160
   58      -0.01690189
   59       0.00972092
   60      -0.00071311
   61      -0.00244714
   62       0.02527348
   63      -0.00913913
   64      -0.00297393

Nr. of electrons (up):    256.00000000
Atom populations (up)
 Atom       Population
    1       3.99564785
    2       4.01649114
    3       3.99068153
    4       3.99868241
    5       3.98420089
    6       4.01258511
    7       4.00087802
    8       3.99256579
    9       3.97329695
   10       3.98830897
   11       3.98489793
   12       4.00878546
   13       4.01797415
   14       3.99190640
   15       4.00456227
   16       4.01946280
   17       4.01481258
   18       4.00873435
   19       4.00404151
   20       4.00025205
   21       3.99761610
   22       3.99479513
   23       3.99320251
   24       4.00202396
   25       4.00969326
   26       3.99851695
   27       4.02697927
   28       4.01074352
   29       3.98701679
   30       3.98244761
   31       4.00347805
   32       3.98762582
   33       3.99168859
   34       3.98712166
   35       3.99155280
   36       4.01349155
   37       4.00014540
   38       4.01836568
   39       3.99666497
   40       3.99904920
   41       3.98332491
   42       3.98539118
   43       3.98095601
   44       3.99553207
   45       3.98703457
   46       4.02827639
   47       3.99284237
   48       3.99551963
   49       4.01834356
   50       4.01174317
   51       4.01232587
   52       4.00096697
   53       4.00833385
   54       3.99457163
   55       4.01551766
   56       3.98959080
   57       4.00156160
   58       4.01690189
   59       3.99027908
   60       4.00071311
   61       4.00244714
   62       3.97472652
   63       4.00913913
   64       4.00297393

l-shell populations (up)
 Atom Sh.   l       Population
    1   1   0       1.36922143
    1   2   1       2.47433101
    1   3   2       0.15209541
    2   1   0       1.38074513
    2   2   1       2.48946070
    2   3   2       0.14628531
    3   1   0       1.35843029
    3   2   1       2.46911448
    3   3   2       0.16313675
    4   1   0       1.36042386
    4   2   1       2.48271397
    4   3   2       0.15554457
    5   1   0       1.33576856
    5   2   1       2.47744787
    5   3   2       0.17098446
    6   1   0       1.37404413
    6   2   1       2.49007205
    6   3   2       0.14846893
    7   1   0       1.35320797
    7   2   1       2.49294255
    7   3   2       0.15472750
    8   1   0       1.33649531
    8   2   1       2.49024252
    8   3   2       0.16582796
    9   1   0       1.32388757
    9   2   1       2.47690659
    9   3   2       0.17250278
   10   1   0       1.34455956
   10   2   1       2.47815030
   10   3   2       0.16559911
   11   1   0       1.33730980
   11   2   1       2.48954112
   11   3   2       0.15804701
   12   1   0       1.37298168
   12   2   1       2.49209593
   12   3   2       0.14370785
   13   1   0       1.38288231
   13   2   1       2.48997265
   13   3   2       0.14511920
   14   1   0       1.34180046
   14   2   1       2.48744773
   14   3   2       0.16265821
   15   1   0       1.35903911
   15   2   1       2.48625336
   15   3   2       0.15926980
   16   1   0       1.39551151
   16   2   1       2.48543326
   16   3   2       0.13851803
   17   1   0       1.37376719
   17   2   1       2.49358737
   17   3   2       0.14745802
   18   1   0       1.37438304
   18   2   1       2.48618491
   18   3   2       0.14816640
   19   1   0       1.36134669
   19   2   1       2.48439798
   19   3   2       0.15829684
   20   1   0       1.35203336
   20   2   1       2.48708067
   20   3   2       0.16113802
   21   1   0       1.35767945
   21   2   1       2.48425276
   21   3   2       0.15568388
   22   1   0       1.35586971
   22   2   1       2.47861786
   22   3   2       0.16030756
   23   1   0       1.34036651
   23   2   1       2.49095073
   23   3   2       0.16188526
   24   1   0       1.35854344
   24   2   1       2.48379534
   24   3   2       0.15968517
   25   1   0       1.36173010
   25   2   1       2.48688636
   25   3   2       0.16107681
   26   1   0       1.35616203
   26   2   1       2.48792204
   26   3   2       0.15443288
   27   1   0       1.38581831
   27   2   1       2.50055260
   27   3   2       0.14060837
   28   1   0       1.38061672
   28   2   1       2.48413016
   28   3   2       0.14599665
   29   1   0       1.35070026
   29   2   1       2.47521015
   29   3   2       0.16110638
   30   1   0       1.33293570
   30   2   1       2.48012855
   30   3   2       0.16938336
   31   1   0       1.36447152
   31   2   1       2.47611175
   31   3   2       0.16289478
   32   1   0       1.34386973
   32   2   1       2.46795305
   32   3   2       0.17580303
   33   1   0       1.35033256
   33   2   1       2.46947555
   33   3   2       0.17188048
   34   1   0       1.34053189
   34   2   1       2.47457559
   34   3   2       0.17201418
   35   1   0       1.35979462
   35   2   1       2.47177026
   35   3   2       0.15998792
   36   1   0       1.38024131
   36   2   1       2.48325961
   36   3   2       0.14999062
   37   1   0       1.36415392
   37   2   1       2.48665722
   37   3   2       0.14933426
   38   1   0       1.38470445
   38   2   1       2.49135304
   38   3   2       0.14230819
   39   1   0       1.36326027
   39   2   1       2.47478125
   39   3   2       0.15862345
   40   1   0       1.34792413
   40   2   1       2.49626161
   40   3   2       0.15486346
   41   1   0       1.33712690
   41   2   1       2.48344343
   41   3   2       0.16275458
   42   1   0       1.34224705
   42   2   1       2.48047747
   42   3   2       0.16266666
   43   1   0       1.32825655
   43   2   1       2.48223017
   43   3   2       0.17046929
   44   1   0       1.34826878
   44   2   1       2.48854672
   44   3   2       0.15871657
   45   1   0       1.34014087
   45   2   1       2.48061571
   45   3   2       0.16627799
   46   1   0       1.39280219
   46   2   1       2.49668910
   46   3   2       0.13878510
   47   1   0       1.35696885
   47   2   1       2.48510808
   47   3   2       0.15076545
   48   1   0       1.35081816
   48   2   1       2.47663656
   48   3   2       0.16806490
   49   1   0       1.38710489
   49   2   1       2.48542212
   49   3   2       0.14581655
   50   1   0       1.36254787
   50   2   1       2.49215849
   50   3   2       0.15703681
   51   1   0       1.37473830
   51   2   1       2.48590436
   51   3   2       0.15168321
   52   1   0       1.35946039
   52   2   1       2.48544653
   52   3   2       0.15606004
   53   1   0       1.35689066
   53   2   1       2.49613611
   53   3   2       0.15530707
   54   1   0       1.34984730
   54   2   1       2.47936288
   54   3   2       0.16536145
   55   1   0       1.37419436
   55   2   1       2.49669480
   55   3   2       0.14462851
   56   1   0       1.34651397
   56   2   1       2.48565155
   56   3   2       0.15742529
   57   1   0       1.36477673
   57   2   1       2.48535759
   57   3   2       0.15142728
   58   1   0       1.36633222
   58   2   1       2.50192694
   58   3   2       0.14864273
   59   1   0       1.33814785
   59   2   1       2.48697334
   59   3   2       0.16515790
   60   1   0       1.35886155
   60   2   1       2.47520184
   60   3   2       0.16664972
   61   1   0       1.36298365
   61   2   1       2.48243045
   61   3   2       0.15703303
   62   1   0       1.32452704
   62   2   1       2.47955442
   62   3   2       0.17064507
   63   1   0       1.38253703
   63   2   1       2.48299624
   63   3   2       0.14360586
   64   1   0       1.37744240
   64   2   1       2.47262444
   64   3   2       0.15290709

Orbital populations (up)
 Atom Sh.   l   m       Population  Label
    1   1   0   0       1.36922143  s
    1   2   1  -1       0.82573764  p_y
    1   2   1   0       0.82348082  p_z
    1   2   1   1       0.82511254  p_x
    1   3   2  -2       0.03936945  d_xy
    1   3   2  -1       0.03564477  d_yz
    1   3   2   0       0.01831515  d_z2
    1   3   2   1       0.04026703  d_xz
    1   3   2   2       0.01849901  d_x2-y2
    2   1   0   0       1.38074513  s
    2   2   1  -1       0.82825504  p_y
    2   2   1   0       0.83325291  p_z
    2   2   1   1       0.82795275  p_x
    2   3   2  -2       0.03677665  d_xy
    2   3   2  -1       0.03668226  d_yz
    2   3   2   0       0.01650403  d_z2
    2   3   2   1       0.03804563  d_xz
    2   3   2   2       0.01827673  d_x2-y2
    3   1   0   0       1.35843029  s
    3   2   1  -1       0.82277872  p_y
    3   2   1   0       0.81974364  p_z
    3   2   1   1       0.82659213  p_x
    3   3   2  -2       0.03960772  d_xy
    3   3   2  -1       0.04338965  d_yz
    3   3   2   0       0.02099723  d_z2
    3   3   2   1       0.03879483  d_xz
    3   3   2   2       0.02034731  d_x2-y2
    4   1   0   0       1.36042386  s
    4   2   1  -1       0.82299548  p_y
    4   2   1   0       0.83014602  p_z
    4   2   1   1       0.82957248  p_x
    4   3   2  -2       0.03994677  d_xy
    4   3   2  -1       0.03758392  d_yz
    4   3   2   0       0.01936819  d_z2
    4   3   2   1       0.03965378  d_xz
    4   3   2   2       0.01899191  d_x2-y2
    5   1   0   0       1.33576856  s
    5   2   1  -1       0.82843736  p_y
    5   2   1   0       0.82510319  p_z
    5   2   1   1       0.82390732  p_x
    5   3   2  -2       0.04030560  d_xy
    5   3   2  -1       0.04261540  d_yz
    5   3   2   0       0.02158851  d_z2
    5   3   2   1       0.04392897  d_xz
    5   3   2   2       0.02254597  d_x2-y2
    6   1   0   0       1.37404413  s
    6   2   1  -1       0.83215846  p_y
    6   2   1   0       0.82917179  p_z
    6   2   1   1       0.82874180  p_x
    6   3   2  -2       0.03750788  d_xy
    6   3   2  -1       0.03827411  d_yz
    6   3   2   0       0.01828820  d_z2
    6   3   2   1       0.03674612  d_xz
    6   3   2   2       0.01765263  d_x2-y2
    7   1   0   0       1.35320797  s
    7   2   1  -1       0.83050363  p_y
    7   2   1   0       0.83360704  p_z
    7   2   1   1       0.82883187  p_x
    7   3   2  -2       0.03838128  d_xy
    7   3   2  -1       0.03816986  d_yz
    7   3   2   0       0.01801288  d_z2
    7   3   2   1       0.04005974  d_xz
    7   3   2   2       0.02010375  d_x2-y2
    8   1   0   0       1.33649531  s
    8   2   1  -1       0.82422635  p_y
    8   2   1   0       0.83264986  p_z
    8   2   1   1       0.83336631  p_x
    8   3   2  -2       0.04416108  d_xy
    8   3   2  -1       0.04158219  d_yz
    8   3   2   0       0.02103199  d_z2
    8   3   2   1       0.03753171  d_xz
    8   3   2   2       0.02152099  d_x2-y2
    9   1   0   0       1.32388757  s
    9   2   1  -1       0.82474061  p_y
    9   2   1   0       0.82366627  p_z
    9   2   1   1       0.82849971  p_x
    9   3   2  -2       0.03937515  d_xy
    9   3   2  -1       0.04772059  d_yz
    9   3   2   0       0.02304712  d_z2
    9   3   2   1       0.04010426  d_xz
    9   3   2   2       0.02225567  d_x2-y2
   10   1   0   0       1.34455956  s
   10   2   1  -1       0.82282863  p_y
   10   2   1   0       0.83007942  p_z
   10   2   1   1       0.82524224  p_x
   10   3   2  -2       0.04370270  d_xy
   10   3   2  -1       0.04129334  d_yz
   10   3   2   0       0.02071877  d_z2
   10   3   2   1       0.03802528  d_xz
   10   3   2   2       0.02185902  d_x2-y2
   11   1   0   0       1.33730980  s
   11   2   1  -1       0.83328226  p_y
   11   2   1   0       0.82632181  p_z
   11   2   1   1       0.82993705  p_x
   11   3   2  -2       0.03615119  d_xy
   11   3   2  -1       0.03969457  d_yz
   11   3   2   0       0.01979073  d_z2
   11   3   2   1       0.04273985  d_xz
   11   3   2   2       0.01967068  d_x2-y2
   12   1   0   0       1.37298168  s
   12   2   1  -1       0.82485522  p_y
   12   2   1   0       0.83568526  p_z
   12   2   1   1       0.83155544  p_x
   12   3   2  -2       0.04110512  d_xy
   12   3   2  -1       0.03683807  d_yz
   12   3   2   0       0.01748801  d_z2
   12   3   2   1       0.03161946  d_xz
   12   3   2   2       0.01665719  d_x2-y2
   13   1   0   0       1.38288231  s
   13   2   1  -1       0.82608489  p_y
   13   2   1   0       0.83127622  p_z
   13   2   1   1       0.83261153  p_x
   13   3   2  -2       0.03907858  d_xy
   13   3   2  -1       0.03747441  d_yz
   13   3   2   0       0.01659904  d_z2
   13   3   2   1       0.03350868  d_xz
   13   3   2   2       0.01845848  d_x2-y2
   14   1   0   0       1.34180046  s
   14   2   1  -1       0.82965817  p_y
   14   2   1   0       0.82943723  p_z
   14   2   1   1       0.82835232  p_x
   14   3   2  -2       0.04073192  d_xy
   14   3   2  -1       0.04017683  d_yz
   14   3   2   0       0.02077518  d_z2
   14   3   2   1       0.04058659  d_xz
   14   3   2   2       0.02038768  d_x2-y2
   15   1   0   0       1.35903911  s
   15   2   1  -1       0.83028083  p_y
   15   2   1   0       0.83013431  p_z
   15   2   1   1       0.82583822  p_x
   15   3   2  -2       0.04217184  d_xy
   15   3   2  -1       0.03822802  d_yz
   15   3   2   0       0.01982244  d_z2
   15   3   2   1       0.03967571  d_xz
   15   3   2   2       0.01937178  d_x2-y2
   16   1   0   0       1.39551151  s
   16   2   1  -1       0.82959903  p_y
   16   2   1   0       0.83307065  p_z
   16   2   1   1       0.82276358  p_x
   16   3   2  -2       0.03593660  d_xy
   16   3   2  -1       0.03247813  d_yz
   16   3   2   0       0.01532444  d_z2
   16   3   2   1       0.03853382  d_xz
   16   3   2   2       0.01624504  d_x2-y2
   17   1   0   0       1.37376719  s
   17   2   1  -1       0.83205038  p_y
   17   2   1   0       0.82958960  p_z
   17   2   1   1       0.83194739  p_x
   17   3   2  -2       0.03767759  d_xy
   17   3   2  -1       0.03691775  d_yz
   17   3   2   0       0.01680137  d_z2
   17   3   2   1       0.03790156  d_xz
   17   3   2   2       0.01815976  d_x2-y2
   18   1   0   0       1.37438304  s
   18   2   1  -1       0.83064665  p_y
   18   2   1   0       0.82383334  p_z
   18   2   1   1       0.83170492  p_x
   18   3   2  -2       0.03486873  d_xy
   18   3   2  -1       0.03921778  d_yz
   18   3   2   0       0.01905006  d_z2
   18   3   2   1       0.03871215  d_xz
   18   3   2   2       0.01631768  d_x2-y2
   19   1   0   0       1.36134669  s
   19   2   1  -1       0.82736885  p_y
   19   2   1   0       0.83021513  p_z
   19   2   1   1       0.82681400  p_x
   19   3   2  -2       0.04040986  d_xy
   19   3   2  -1       0.03956083  d_yz
   19   3   2   0       0.01893939  d_z2
   19   3   2   1       0.03904540  d_xz
   19   3   2   2       0.02034136  d_x2-y2
   20   1   0   0       1.35203336  s
   20   2   1  -1       0.83287993  p_y
   20   2   1   0       0.83112308  p_z
   20   2   1   1       0.82307765  p_x
   20   3   2  -2       0.04135920  d_xy
   20   3   2  -1       0.03744023  d_yz
   20   3   2   0       0.02188562  d_z2
   20   3   2   1       0.04094730  d_xz
   20   3   2   2       0.01950568  d_x2-y2
   21   1   0   0       1.35767945  s
   21   2   1  -1       0.82961905  p_y
   21   2   1   0       0.82409609  p_z
   21   2   1   1       0.83053762  p_x
   21   3   2  -2       0.03729653  d_xy
   21   3   2  -1       0.04063416  d_yz
   21   3   2   0       0.02003175  d_z2
   21   3   2   1       0.03959775  d_xz
   21   3   2   2       0.01812370  d_x2-y2
   22   1   0   0       1.35586971  s
   22   2   1  -1       0.82419415  p_y
   22   2   1   0       0.82654447  p_z
   22   2   1   1       0.82787924  p_x
   22   3   2  -2       0.03944355  d_xy
   22   3   2  -1       0.03807930  d_yz
   22   3   2   0       0.02072487  d_z2
   22   3   2   1       0.04248105  d_xz
   22   3   2   2       0.01957879  d_x2-y2
   23   1   0   0       1.34036651  s
   23   2   1  -1       0.83044374  p_y
   23   2   1   0       0.82960020  p_z
   23   2   1   1       0.83090679  p_x
   23   3   2  -2       0.03652691  d_xy
   23   3   2  -1       0.04370605  d_yz
   23   3   2   0       0.01886749  d_z2
   23   3   2   1       0.04134321  d_xz
   23   3   2   2       0.02144161  d_x2-y2
   24   1   0   0       1.35854344  s
   24   2   1  -1       0.83013602  p_y
   24   2   1   0       0.82841503  p_z
   24   2   1   1       0.82524429  p_x
   24   3   2  -2       0.03990754  d_xy
   24   3   2  -1       0.04136677  d_yz
   24   3   2   0       0.02080438  d_z2
   24   3   2   1       0.03835467  d_xz
   24   3   2   2       0.01925181  d_x2-y2
   25   1   0   0       1.36173010  s
   25   2   1  -1       0.82814121  p_y
   25   2   1   0       0.82846696  p_z
   25   2   1   1       0.83027818  p_x
   25   3   2  -2       0.03682634  d_xy
   25   3   2  -1       0.04348227  d_yz
   25   3   2   0       0.01796151  d_z2
   25   3   2   1       0.04019213  d_xz
   25   3   2   2       0.02261457  d_x2-y2
   26   1   0   0       1.35616203  s
   26   2   1  -1       0.83103668  p_y
   26   2   1   0       0.82910562  p_z
   26   2   1   1       0.82777973  p_x
   26   3   2  -2       0.03770206  d_xy
   26   3   2  -1       0.03991124  d_yz
   26   3   2   0       0.01855507  d_z2
   26   3   2   1       0.03882181  d_xz
   26   3   2   2       0.01944270  d_x2-y2
   27   1   0   0       1.38581831  s
   27   2   1  -1       0.83376310  p_y
   27   2   1   0       0.83363751  p_z
   27   2   1   1       0.83315199  p_x
   27   3   2  -2       0.03509457  d_xy
   27   3   2  -1       0.03580021  d_yz
   27   3   2   0       0.01636599  d_z2
   27   3   2   1       0.03662657  d_xz
   27   3   2   2       0.01672103  d_x2-y2
   28   1   0   0       1.38061672  s
   28   2   1  -1       0.83056573  p_y
   28   2   1   0       0.82835638  p_z
   28   2   1   1       0.82520806  p_x
   28   3   2  -2       0.03706873  d_xy
   28   3   2  -1       0.03626025  d_yz
   28   3   2   0       0.01755482  d_z2
   28   3   2   1       0.03803240  d_xz
   28   3   2   2       0.01708045  d_x2-y2
   29   1   0   0       1.35070026  s
   29   2   1  -1       0.82604270  p_y
   29   2   1   0       0.82234958  p_z
   29   2   1   1       0.82681787  p_x
   29   3   2  -2       0.04219552  d_xy
   29   3   2  -1       0.03735143  d_yz
   29   3   2   0       0.02268971  d_z2
   29   3   2   1       0.03989989  d_xz
   29   3   2   2       0.01896984  d_x2-y2
   30   1   0   0       1.33293570  s
   30   2   1  -1       0.82520055  p_y
   30   2   1   0       0.82870845  p_z
   30   2   1   1       0.82621954  p_x
   30   3   2  -2       0.04658347  d_xy
   30   3   2  -1       0.04075162  d_yz
   30   3   2   0       0.02278735  d_z2
   30   3   2   1       0.03796442  d_xz
   30   3   2   2       0.02129649  d_x2-y2
   31   1   0   0       1.36447152  s
   31   2   1  -1       0.82898748  p_y
   31   2   1   0       0.81859616  p_z
   31   2   1   1       0.82852811  p_x
   31   3   2  -2       0.03619990  d_xy
   31   3   2  -1       0.04323109  d_yz
   31   3   2   0       0.02088461  d_z2
   31   3   2   1       0.04314893  d_xz
   31   3   2   2       0.01943025  d_x2-y2
   32   1   0   0       1.34386973  s
   32   2   1  -1       0.82256223  p_y
   32   2   1   0       0.82357570  p_z
   32   2   1   1       0.82181513  p_x
   32   3   2  -2       0.04314887  d_xy
   32   3   2  -1       0.04038114  d_yz
   32   3   2   0       0.02266784  d_z2
   32   3   2   1       0.04584044  d_xz
   32   3   2   2       0.02376474  d_x2-y2
   33   1   0   0       1.35033256  s
   33   2   1  -1       0.82572075  p_y
   33   2   1   0       0.82410308  p_z
   33   2   1   1       0.81965171  p_x
   33   3   2  -2       0.04189984  d_xy
   33   3   2  -1       0.04169711  d_yz
   33   3   2   0       0.02121944  d_z2
   33   3   2   1       0.04436104  d_xz
   33   3   2   2       0.02270305  d_x2-y2
   34   1   0   0       1.34053189  s
   34   2   1  -1       0.82662146  p_y
   34   2   1   0       0.81972210  p_z
   34   2   1   1       0.82823203  p_x
   34   3   2  -2       0.03993695  d_xy
   34   3   2  -1       0.04245478  d_yz
   34   3   2   0       0.02305004  d_z2
   34   3   2   1       0.04525905  d_xz
   34   3   2   2       0.02131337  d_x2-y2
   35   1   0   0       1.35979462  s
   35   2   1  -1       0.82339913  p_y
   35   2   1   0       0.82371773  p_z
   35   2   1   1       0.82465340  p_x
   35   3   2  -2       0.04113041  d_xy
   35   3   2  -1       0.03900972  d_yz
   35   3   2   0       0.01932896  d_z2
   35   3   2   1       0.04019115  d_xz
   35   3   2   2       0.02032769  d_x2-y2
   36   1   0   0       1.38024131  s
   36   2   1  -1       0.83181226  p_y
   36   2   1   0       0.82483051  p_z
   36   2   1   1       0.82661684  p_x
   36   3   2  -2       0.03714758  d_xy
   36   3   2  -1       0.03719135  d_yz
   36   3   2   0       0.01871038  d_z2
   36   3   2   1       0.03976737  d_xz
   36   3   2   2       0.01717393  d_x2-y2
   37   1   0   0       1.36415392  s
   37   2   1  -1       0.83144947  p_y
   37   2   1   0       0.82881796  p_z
   37   2   1   1       0.82638979  p_x
   37   3   2  -2       0.03849066  d_xy
   37   3   2  -1       0.03678860  d_yz
   37   3   2   0       0.01675191  d_z2
   37   3   2   1       0.03825214  d_xz
   37   3   2   2       0.01905096  d_x2-y2
   38   1   0   0       1.38470445  s
   38   2   1  -1       0.83364227  p_y
   38   2   1   0       0.82828077  p_z
   38   2   1   1       0.82943000  p_x
   38   3   2  -2       0.03350968  d_xy
   38   3   2  -1       0.03586591  d_yz
   38   3   2   0       0.01724739  d_z2
   38   3   2   1       0.03937816  d_xz
   38   3   2   2       0.01630705  d_x2-y2
   39   1   0   0       1.36326027  s
   39   2   1  -1       0.82264000  p_y
   39   2   1   0       0.82958311  p_z
   39   2   1   1       0.82255813  p_x
   39   3   2  -2       0.03891219  d_xy
   39   3   2  -1       0.03997627  d_yz
   39   3   2   0       0.01966759  d_z2
   39   3   2   1       0.04040069  d_xz
   39   3   2   2       0.01966671  d_x2-y2
   40   1   0   0       1.34792413  s
   40   2   1  -1       0.83259077  p_y
   40   2   1   0       0.83190330  p_z
   40   2   1   1       0.83176754  p_x
   40   3   2  -2       0.04141038  d_xy
   40   3   2  -1       0.03989547  d_yz
   40   3   2   0       0.01999076  d_z2
   40   3   2   1       0.03512247  d_xz
   40   3   2   2       0.01844438  d_x2-y2
   41   1   0   0       1.33712690  s
   41   2   1  -1       0.83263760  p_y
   41   2   1   0       0.82131466  p_z
   41   2   1   1       0.82949118  p_x
   41   3   2  -2       0.03594381  d_xy
   41   3   2  -1       0.04469730  d_yz
   41   3   2   0       0.02177210  d_z2
   41   3   2   1       0.04051028  d_xz
   41   3   2   2       0.01983109  d_x2-y2
   42   1   0   0       1.34224705  s
   42   2   1  -1       0.82129906  p_y
   42   2   1   0       0.83050789  p_z
   42   2   1   1       0.82867051  p_x
   42   3   2  -2       0.04164237  d_xy
   42   3   2  -1       0.04265853  d_yz
   42   3   2   0       0.02029042  d_z2
   42   3   2   1       0.03680341  d_xz
   42   3   2   2       0.02127192  d_x2-y2
   43   1   0   0       1.32825655  s
   43   2   1  -1       0.82788876  p_y
   43   2   1   0       0.82723605  p_z
   43   2   1   1       0.82710537  p_x
   43   3   2  -2       0.04218763  d_xy
   43   3   2  -1       0.04052340  d_yz
   43   3   2   0       0.02304201  d_z2
   43   3   2   1       0.04333183  d_xz
   43   3   2   2       0.02138442  d_x2-y2
   44   1   0   0       1.34826878  s
   44   2   1  -1       0.83002304  p_y
   44   2   1   0       0.83183962  p_z
   44   2   1   1       0.82668406  p_x
   44   3   2  -2       0.04053754  d_xy
   44   3   2  -1       0.03917131  d_yz
   44   3   2   0       0.01968868  d_z2
   44   3   2   1       0.03925159  d_xz
   44   3   2   2       0.02006744  d_x2-y2
   45   1   0   0       1.34014087  s
   45   2   1  -1       0.82475095  p_y
   45   2   1   0       0.83084393  p_z
   45   2   1   1       0.82502084  p_x
   45   3   2  -2       0.04278493  d_xy
   45   3   2  -1       0.03911959  d_yz
   45   3   2   0       0.02167184  d_z2
   45   3   2   1       0.04213561  d_xz
   45   3   2   2       0.02056603  d_x2-y2
   46   1   0   0       1.39280219  s
   46   2   1  -1       0.83393235  p_y
   46   2   1   0       0.82709840  p_z
   46   2   1   1       0.83565834  p_x
   46   3   2  -2       0.03300160  d_xy
   46   3   2  -1       0.03761094  d_yz
   46   3   2   0       0.01656290  d_z2
   46   3   2   1       0.03587787  d_xz
   46   3   2   2       0.01573179  d_x2-y2
   47   1   0   0       1.35696885  s
   47   2   1  -1       0.82764999  p_y
   47   2   1   0       0.82899849  p_z
   47   2   1   1       0.82845960  p_x
   47   3   2  -2       0.03912423  d_xy
   47   3   2  -1       0.03953196  d_yz
   47   3   2   0       0.01847808  d_z2
   47   3   2   1       0.03523404  d_xz
   47   3   2   2       0.01839714  d_x2-y2
   48   1   0   0       1.35081816  s
   48   2   1  -1       0.82942897  p_y
   48   2   1   0       0.81922645  p_z
   48   2   1   1       0.82798115  p_x
   48   3   2  -2       0.03807671  d_xy
   48   3   2  -1       0.04007231  d_yz
   48   3   2   0       0.02190800  d_z2
   48   3   2   1       0.04706179  d_xz
   48   3   2   2       0.02094609  d_x2-y2
   49   1   0   0       1.38710489  s
   49   2   1  -1       0.82472227  p_y
   49   2   1   0       0.83410147  p_z
   49   2   1   1       0.82659839  p_x
   49   3   2  -2       0.04291769  d_xy
   49   3   2  -1       0.03308820  d_yz
   49   3   2   0       0.01523374  d_z2
   49   3   2   1       0.03538767  d_xz
   49   3   2   2       0.01918925  d_x2-y2
   50   1   0   0       1.36254787  s
   50   2   1  -1       0.83281479  p_y
   50   2   1   0       0.82662937  p_z
   50   2   1   1       0.83271434  p_x
   50   3   2  -2       0.03461653  d_xy
   50   3   2  -1       0.04317502  d_yz
   50   3   2   0       0.01967090  d_z2
   50   3   2   1       0.04088292  d_xz
   50   3   2   2       0.01869145  d_x2-y2
   51   1   0   0       1.37473830  s
   51   2   1  -1       0.82255380  p_y
   51   2   1   0       0.83127641  p_z
   51   2   1   1       0.83207415  p_x
   51   3   2  -2       0.03787400  d_xy
   51   3   2  -1       0.04211352  d_yz
   51   3   2   0       0.01643514  d_z2
   51   3   2   1       0.03532425  d_xz
   51   3   2   2       0.01993629  d_x2-y2
   52   1   0   0       1.35946039  s
   52   2   1  -1       0.83381268  p_y
   52   2   1   0       0.82616904  p_z
   52   2   1   1       0.82546481  p_x
   52   3   2  -2       0.03943312  d_xy
   52   3   2  -1       0.03652418  d_yz
   52   3   2   0       0.01970047  d_z2
   52   3   2   1       0.04162320  d_xz
   52   3   2   2       0.01877908  d_x2-y2
   53   1   0   0       1.35689066  s
   53   2   1  -1       0.82864819  p_y
   53   2   1   0       0.83285708  p_z
   53   2   1   1       0.83463085  p_x
   53   3   2  -2       0.03696704  d_xy
   53   3   2  -1       0.04017422  d_yz
   53   3   2   0       0.01820986  d_z2
   53   3   2   1       0.04022611  d_xz
   53   3   2   2       0.01972984  d_x2-y2
   54   1   0   0       1.34984730  s
   54   2   1  -1       0.82690078  p_y
   54   2   1   0       0.82799486  p_z
   54   2   1   1       0.82446724  p_x
   54   3   2  -2       0.04087323  d_xy
   54   3   2  -1       0.04079997  d_yz
   54   3   2   0       0.02133510  d_z2
   54   3   2   1       0.04240045  d_xz
   54   3   2   2       0.01995270  d_x2-y2
   55   1   0   0       1.37419436  s
   55   2   1  -1       0.82906320  p_y
   55   2   1   0       0.83320629  p_z
   55   2   1   1       0.83442531  p_x
   55   3   2  -2       0.03669328  d_xy
   55   3   2  -1       0.04009995  d_yz
   55   3   2   0       0.01703867  d_z2
   55   3   2   1       0.03342188  d_xz
   55   3   2   2       0.01737472  d_x2-y2
   56   1   0   0       1.34651397  s
   56   2   1  -1       0.82759525  p_y
   56   2   1   0       0.82591616  p_z
   56   2   1   1       0.83214014  p_x
   56   3   2  -2       0.03836426  d_xy
   56   3   2  -1       0.04155583  d_yz
   56   3   2   0       0.02075055  d_z2
   56   3   2   1       0.03762673  d_xz
   56   3   2   2       0.01912792  d_x2-y2
   57   1   0   0       1.36477673  s
   57   2   1  -1       0.83194138  p_y
   57   2   1   0       0.83180730  p_z
   57   2   1   1       0.82160892  p_x
   57   3   2  -2       0.04115703  d_xy
   57   3   2  -1       0.03636824  d_yz
   57   3   2   0       0.01764373  d_z2
   57   3   2   1       0.03703589  d_xz
   57   3   2   2       0.01922239  d_x2-y2
   58   1   0   0       1.36633222  s
   58   2   1  -1       0.83738384  p_y
   58   2   1   0       0.83000106  p_z
   58   2   1   1       0.83454205  p_x
   58   3   2  -2       0.03708039  d_xy
   58   3   2  -1       0.03608450  d_yz
   58   3   2   0       0.01890592  d_z2
   58   3   2   1       0.03975834  d_xz
   58   3   2   2       0.01681359  d_x2-y2
   59   1   0   0       1.33814785  s
   59   2   1  -1       0.82718024  p_y
   59   2   1   0       0.83233171  p_z
   59   2   1   1       0.82746138  p_x
   59   3   2  -2       0.04035224  d_xy
   59   3   2  -1       0.04140366  d_yz
   59   3   2   0       0.01939825  d_z2
   59   3   2   1       0.04108797  d_xz
   59   3   2   2       0.02291578  d_x2-y2
   60   1   0   0       1.35886155  s
   60   2   1  -1       0.82156435  p_y
   60   2   1   0       0.82515979  p_z
   60   2   1   1       0.82847771  p_x
   60   3   2  -2       0.04261788  d_xy
   60   3   2  -1       0.04345597  d_yz
   60   3   2   0       0.02104405  d_z2
   60   3   2   1       0.03822210  d_xz
   60   3   2   2       0.02130972  d_x2-y2
   61   1   0   0       1.36298365  s
   61   2   1  -1       0.82597965  p_y
   61   2   1   0       0.83153953  p_z
   61   2   1   1       0.82491127  p_x
   61   3   2  -2       0.03870294  d_xy
   61   3   2  -1       0.03928371  d_yz
   61   3   2   0       0.02056261  d_z2
   61   3   2   1       0.03848647  d_xz
   61   3   2   2       0.01999730  d_x2-y2
   62   1   0   0       1.32452704  s
   62   2   1  -1       0.82357647  p_y
   62   2   1   0       0.82965546  p_z
   62   2   1   1       0.82632249  p_x
   62   3   2  -2       0.04743682  d_xy
   62   3   2  -1       0.03924688  d_yz
   62   3   2   0       0.02312636  d_z2
   62   3   2   1       0.03910161  d_xz
   62   3   2   2       0.02173340  d_x2-y2
   63   1   0   0       1.38253703  s
   63   2   1  -1       0.83060353  p_y
   63   2   1   0       0.82949797  p_z
   63   2   1   1       0.82289474  p_x
   63   3   2  -2       0.03854919  d_xy
   63   3   2  -1       0.03197200  d_yz
   63   3   2   0       0.01768038  d_z2
   63   3   2   1       0.03817046  d_xz
   63   3   2   2       0.01723383  d_x2-y2
   64   1   0   0       1.37744240  s
   64   2   1  -1       0.81958951  p_y
   64   2   1   0       0.82834076  p_z
   64   2   1   1       0.82469416  p_x
   64   3   2  -2       0.04062662  d_xy
   64   3   2  -1       0.03894881  d_yz
   64   3   2   0       0.01915491  d_z2
   64   3   2   1       0.03638549  d_xz
   64   3   2   2       0.01779125  d_x2-y2

Fermi level:                        -0.1342025505 H           -3.6518 eV
Band energy:                       -88.1806606489 H        -2399.5179 eV
TS:                                  0.0000000000 H            0.0000 eV
Band free energy (E-TS):           -88.1806606489 H        -2399.5179 eV
Extrapolated E(0K):                -88.1806606489 H        -2399.5179 eV
Input / Output electrons (q):    256.0000000000    256.0000000000

Energy H0:                         -88.1656170794 H        -2399.1085 eV
Energy SCC:                          0.0004938657 H            0.0134 eV
Total Electronic energy:           -88.1651232137 H        -2399.0951 eV
Repulsive energy:                    0.0000000000 H            0.0000 eV
Total energy:                      -88.1651232137 H        -2399.0951 eV
Extrapolated to 0:                 -88.1651232137 H        -2399.0951 eV
Total Mermin free energy:          -88.1651232137 H        -2399.0951 eV
Force related energy:              -88.1651232137 H        -2399.0951 eV

Non-constrained calculation

SCC converged

Warning: dipole moment is not defined absolutely!
Dipole moment:   -0.08542096   -0.41720952   -0.51924313 au
Dipole moment:   -0.21711844   -1.06044091   -1.31978451 Debye


