 Fermi distribution function

Calculation with static geometry


********************************************************************************
 iSCC Total electronic   Diff electronic      SCC error    
    9   -0.88175827E+02   -0.11499566E-08    0.89658325E-05
********************************************************************************

 Total charge:    -0.00000000

 Atomic gross charges (e)
 Atom           Charge
    1      -0.02369018
    2       0.01573759
    3      -0.03294495
    4       0.01026064
    5       0.01006878
    6       0.00465515
    7       0.01369070
    8       0.00566946
    9      -0.01403094
   10       0.00090201
   11      -0.01352701
   12       0.01091969
   13      -0.00974663
   14       0.00684150
   15      -0.01055128
   16       0.00997992
   17       0.00441153
   18      -0.00202852
   19       0.01039527
   20       0.00174792
   21      -0.00298552
   22      -0.01071906
   23      -0.01934485
   24      -0.01457615
   25       0.02276805
   26      -0.00227015
   27       0.01081337
   28       0.00244434
   29      -0.00356849
   30       0.01523583
   31      -0.00503441
   32       0.00824047
   33      -0.02292724
   34      -0.01194892
   35      -0.00884363
   36       0.01197252
   37       0.00399307
   38       0.00627727
   39      -0.01613362
   40       0.01943237
   41       0.01140410
   42      -0.00059511
   43      -0.02750199
   44      -0.01296958
   45      -0.02410362
   46       0.02183057
   47       0.00595707
   48       0.00766556
   49      -0.00037772
   50       0.00005875
   51      -0.01068116
   52       0.00670415
   53      -0.01023029
   54      -0.00872445
   55       0.00715085
   56      -0.01204698
   57       0.01712164
   58       0.00092442
   59       0.00191969
   60       0.01247094
   61       0.02217460
   62      -0.00773236
   63       0.01976936
   64      -0.00177434

Nr. of electrons (up):    256.00000000
Atom populations (up)
 Atom       Population
    1       4.02369018
    2       3.98426241
    3       4.03294495
    4       3.98973936
    5       3.98993122
    6       3.99534485
    7       3.98630930
    8       3.99433054
    9       4.01403094
   10       3.99909799
   11       4.01352701
   12       3.98908031
   13       4.00974663
   14       3.99315850
   15       4.01055128
   16       3.99002008
   17       3.99558847
   18       4.00202852
   19       3.98960473
   20       3.99825208
   21       4.00298552
   22       4.01071906
   23       4.01934485
   24       4.01457615
   25       3.97723195
   26       4.00227015
   27       3.98918663
   28       3.99755566
   29       4.00356849
   30       3.98476417
   31       4.00503441
   32       3.99175953
   33       4.02292724
   34       4.01194892
   35       4.00884363
   36       3.98802748
   37       3.99600693
   38       3.99372273
   39       4.01613362
   40       3.98056763
   41       3.98859590
   42       4.00059511
   43       4.02750199
   44       4.01296958
   45       4.02410362
   46       3.97816943
   47       3.99404293
   48       3.99233444
   49       4.00037772
   50       3.99994125
   51       4.01068116
   52       3.99329585
   53       4.01023029
   54       4.00872445
   55       3.99284915
   56       4.01204698
   57       3.98287836
   58       3.99907558
   59       3.99808031
   60       3.98752906
   61       3.97782540
   62       4.00773236
   63       3.98023064
   64       4.00177434

l-shell populations (up)
 Atom Sh.   l       Population
    1   1   0       1.37376804
    1   2   1       2.49868826
    1   3   2       0.15123388
    2   1   0       1.32439075
    2   2   1       2.47613049
    2   3   2       0.18374118
    3   1   0       1.39569535
    3   2   1       2.49705989
    3   3   2       0.14018971
    4   1   0       1.34375923
    4   2   1       2.48284886
    4   3   2       0.16313127
    5   1   0       1.33493826
    5   2   1       2.48677876
    5   3   2       0.16821420
    6   1   0       1.36077798
    6   2   1       2.46980930
    6   3   2       0.16475757
    7   1   0       1.34202022
    7   2   1       2.47263843
    7   3   2       0.17165065
    8   1   0       1.35581850
    8   2   1       2.48194571
    8   3   2       0.15656633
    9   1   0       1.36331551
    9   2   1       2.49849727
    9   3   2       0.15221815
   10   1   0       1.35886410
   10   2   1       2.48194375
   10   3   2       0.15829014
   11   1   0       1.35841655
   11   2   1       2.49322697
   11   3   2       0.16188348
   12   1   0       1.35470071
   12   2   1       2.47721640
   12   3   2       0.15716320
   13   1   0       1.37705068
   13   2   1       2.48323642
   13   3   2       0.14945952
   14   1   0       1.34799676
   14   2   1       2.48619499
   14   3   2       0.15896676
   15   1   0       1.37279961
   15   2   1       2.49722882
   15   3   2       0.14052285
   16   1   0       1.35326755
   16   2   1       2.47618012
   16   3   2       0.16057240
   17   1   0       1.36557668
   17   2   1       2.46984947
   17   3   2       0.16016232
   18   1   0       1.36215174
   18   2   1       2.47784174
   18   3   2       0.16203505
   19   1   0       1.34025107
   19   2   1       2.48579559
   19   3   2       0.16355806
   20   1   0       1.35516229
   20   2   1       2.48186593
   20   3   2       0.16122386
   21   1   0       1.36394795
   21   2   1       2.48645774
   21   3   2       0.15257984
   22   1   0       1.37869210
   22   2   1       2.48443181
   22   3   2       0.14759514
   23   1   0       1.38435702
   23   2   1       2.48680523
   23   3   2       0.14818260
   24   1   0       1.39343117
   24   2   1       2.48300032
   24   3   2       0.13814467
   25   1   0       1.32248075
   25   2   1       2.48067755
   25   3   2       0.17407364
   26   1   0       1.36345196
   26   2   1       2.48669482
   26   3   2       0.15212337
   27   1   0       1.35221539
   27   2   1       2.47923562
   27   3   2       0.15773562
   28   1   0       1.34543665
   28   2   1       2.49355102
   28   3   2       0.15856800
   29   1   0       1.36870069
   29   2   1       2.48399558
   29   3   2       0.15087222
   30   1   0       1.33941340
   30   2   1       2.48417230
   30   3   2       0.16117847
   31   1   0       1.35537903
   31   2   1       2.49908291
   31   3   2       0.15057246
   32   1   0       1.34116731
   32   2   1       2.48380422
   32   3   2       0.16678800
   33   1   0       1.39070591
   33   2   1       2.49086851
   33   3   2       0.14135281
   34   1   0       1.37714228
   34   2   1       2.49596370
   34   3   2       0.13884294
   35   1   0       1.37087219
   35   2   1       2.49067744
   35   3   2       0.14729399
   36   1   0       1.33427109
   36   2   1       2.47806623
   36   3   2       0.17569017
   37   1   0       1.34195868
   37   2   1       2.49004360
   37   3   2       0.16400465
   38   1   0       1.36118866
   38   2   1       2.48740360
   38   3   2       0.14513047
   39   1   0       1.36359906
   39   2   1       2.49260590
   39   3   2       0.15992865
   40   1   0       1.33964055
   40   2   1       2.47836625
   40   3   2       0.16256083
   41   1   0       1.33222479
   41   2   1       2.48703393
   41   3   2       0.16933718
   42   1   0       1.36123554
   42   2   1       2.47952186
   42   3   2       0.15983771
   43   1   0       1.39572490
   43   2   1       2.49563419
   43   3   2       0.13614290
   44   1   0       1.37534954
   44   2   1       2.48873447
   44   3   2       0.14888558
   45   1   0       1.38887461
   45   2   1       2.48745034
   45   3   2       0.14777867
   46   1   0       1.33140983
   46   2   1       2.46716348
   46   3   2       0.17959612
   47   1   0       1.34305022
   47   2   1       2.48189911
   47   3   2       0.16909360
   48   1   0       1.34814843
   48   2   1       2.47746918
   48   3   2       0.16671683
   49   1   0       1.35797942
   49   2   1       2.47951912
   49   3   2       0.16287918
   50   1   0       1.36360593
   50   2   1       2.48688979
   50   3   2       0.14944553
   51   1   0       1.37050695
   51   2   1       2.48756692
   51   3   2       0.15260729
   52   1   0       1.35692890
   52   2   1       2.48631087
   52   3   2       0.15005609
   53   1   0       1.38266311
   53   2   1       2.47975533
   53   3   2       0.14781185
   54   1   0       1.37523198
   54   2   1       2.47947478
   54   3   2       0.15401768
   55   1   0       1.35834888
   55   2   1       2.47445195
   55   3   2       0.16004832
   56   1   0       1.36742135
   56   2   1       2.48610600
   56   3   2       0.15851963
   57   1   0       1.32604328
   57   2   1       2.48781210
   57   3   2       0.16902298
   58   1   0       1.36272610
   58   2   1       2.48450329
   58   3   2       0.15184619
   59   1   0       1.35856093
   59   2   1       2.48003351
   59   3   2       0.15948587
   60   1   0       1.34496644
   60   2   1       2.47623533
   60   3   2       0.16632730
   61   1   0       1.33443298
   61   2   1       2.47504302
   61   3   2       0.16834940
   62   1   0       1.35989117
   62   2   1       2.49345205
   62   3   2       0.15438914
   63   1   0       1.31872274
   63   2   1       2.48435129
   63   3   2       0.17715662
   64   1   0       1.35619480
   64   2   1       2.48804055
   64   3   2       0.15753900

Orbital populations (up)
 Atom Sh.   l   m       Population  Label
    1   1   0   0       1.37376804  s
    1   2   1  -1       0.83182968  p_y
    1   2   1   0       0.83210779  p_z
    1   2   1   1       0.83475079  p_x
    1   3   2  -2       0.03638700  d_xy
    1   3   2  -1       0.03757724  d_yz
    1   3   2   0       0.01786167  d_z2
    1   3   2   1       0.04115876  d_xz
    1   3   2   2       0.01824922  d_x2-y2
    2   1   0   0       1.32439075  s
    2   2   1  -1       0.82517722  p_y
    2   2   1   0       0.82534678  p_z
    2   2   1   1       0.82560649  p_x
    2   3   2  -2       0.04262730  d_xy
    2   3   2  -1       0.04581659  d_yz
    2   3   2   0       0.02392914  d_z2
    2   3   2   1       0.04591157  d_xz
    2   3   2   2       0.02545658  d_x2-y2
    3   1   0   0       1.39569535  s
    3   2   1  -1       0.82903273  p_y
    3   2   1   0       0.83488355  p_z
    3   2   1   1       0.83314361  p_x
    3   3   2  -2       0.03513155  d_xy
    3   3   2  -1       0.03684685  d_yz
    3   3   2   0       0.01658333  d_z2
    3   3   2   1       0.03488744  d_xz
    3   3   2   2       0.01674055  d_x2-y2
    4   1   0   0       1.34375923  s
    4   2   1  -1       0.82313954  p_y
    4   2   1   0       0.83481749  p_z
    4   2   1   1       0.82489183  p_x
    4   3   2  -2       0.04117765  d_xy
    4   3   2  -1       0.03983061  d_yz
    4   3   2   0       0.01948272  d_z2
    4   3   2   1       0.04084786  d_xz
    4   3   2   2       0.02179244  d_x2-y2
    5   1   0   0       1.33493826  s
    5   2   1  -1       0.82933799  p_y
    5   2   1   0       0.83227527  p_z
    5   2   1   1       0.82516550  p_x
    5   3   2  -2       0.04127214  d_xy
    5   3   2  -1       0.03895888  d_yz
    5   3   2   0       0.02120181  d_z2
    5   3   2   1       0.04378151  d_xz
    5   3   2   2       0.02299986  d_x2-y2
    6   1   0   0       1.36077798  s
    6   2   1  -1       0.82327901  p_y
    6   2   1   0       0.82428638  p_z
    6   2   1   1       0.82224391  p_x
    6   3   2  -2       0.04290195  d_xy
    6   3   2  -1       0.04014281  d_yz
    6   3   2   0       0.02306089  d_z2
    6   3   2   1       0.03846844  d_xz
    6   3   2   2       0.02018348  d_x2-y2
    7   1   0   0       1.34202022  s
    7   2   1  -1       0.82261862  p_y
    7   2   1   0       0.82540709  p_z
    7   2   1   1       0.82461272  p_x
    7   3   2  -2       0.04145407  d_xy
    7   3   2  -1       0.03907222  d_yz
    7   3   2   0       0.02348080  d_z2
    7   3   2   1       0.04518083  d_xz
    7   3   2   2       0.02246273  d_x2-y2
    8   1   0   0       1.35581850  s
    8   2   1  -1       0.82554224  p_y
    8   2   1   0       0.82732582  p_z
    8   2   1   1       0.82907765  p_x
    8   3   2  -2       0.04169318  d_xy
    8   3   2  -1       0.03519597  d_yz
    8   3   2   0       0.02007646  d_z2
    8   3   2   1       0.04098278  d_xz
    8   3   2   2       0.01861795  d_x2-y2
    9   1   0   0       1.36331551  s
    9   2   1  -1       0.83543340  p_y
    9   2   1   0       0.83278817  p_z
    9   2   1   1       0.83027570  p_x
    9   3   2  -2       0.04140031  d_xy
    9   3   2  -1       0.03783551  d_yz
    9   3   2   0       0.01809005  d_z2
    9   3   2   1       0.03578184  d_xz
    9   3   2   2       0.01911045  d_x2-y2
   10   1   0   0       1.35886410  s
   10   2   1  -1       0.82678322  p_y
   10   2   1   0       0.82720738  p_z
   10   2   1   1       0.82795316  p_x
   10   3   2  -2       0.04062037  d_xy
   10   3   2  -1       0.04156037  d_yz
   10   3   2   0       0.02006646  d_z2
   10   3   2   1       0.03675602  d_xz
   10   3   2   2       0.01928693  d_x2-y2
   11   1   0   0       1.35841655  s
   11   2   1  -1       0.83021266  p_y
   11   2   1   0       0.83359265  p_z
   11   2   1   1       0.82942166  p_x
   11   3   2  -2       0.04274675  d_xy
   11   3   2  -1       0.04061149  d_yz
   11   3   2   0       0.01930095  d_z2
   11   3   2   1       0.03802541  d_xz
   11   3   2   2       0.02119888  d_x2-y2
   12   1   0   0       1.35470071  s
   12   2   1  -1       0.82773696  p_y
   12   2   1   0       0.82795273  p_z
   12   2   1   1       0.82152672  p_x
   12   3   2  -2       0.04128422  d_xy
   12   3   2  -1       0.03834870  d_yz
   12   3   2   0       0.01970384  d_z2
   12   3   2   1       0.03805695  d_xz
   12   3   2   2       0.01976948  d_x2-y2
   13   1   0   0       1.37705068  s
   13   2   1  -1       0.82233748  p_y
   13   2   1   0       0.83022204  p_z
   13   2   1   1       0.83067691  p_x
   13   3   2  -2       0.03722128  d_xy
   13   3   2  -1       0.03941552  d_yz
   13   3   2   0       0.01753310  d_z2
   13   3   2   1       0.03569822  d_xz
   13   3   2   2       0.01959140  d_x2-y2
   14   1   0   0       1.34799676  s
   14   2   1  -1       0.82944608  p_y
   14   2   1   0       0.83009623  p_z
   14   2   1   1       0.82665268  p_x
   14   3   2  -2       0.04011264  d_xy
   14   3   2  -1       0.03815909  d_yz
   14   3   2   0       0.01992714  d_z2
   14   3   2   1       0.04144332  d_xz
   14   3   2   2       0.01932458  d_x2-y2
   15   1   0   0       1.37279961  s
   15   2   1  -1       0.83308469  p_y
   15   2   1   0       0.83144746  p_z
   15   2   1   1       0.83269668  p_x
   15   3   2  -2       0.03854841  d_xy
   15   3   2  -1       0.03563534  d_yz
   15   3   2   0       0.01701142  d_z2
   15   3   2   1       0.03366741  d_xz
   15   3   2   2       0.01566026  d_x2-y2
   16   1   0   0       1.35326755  s
   16   2   1  -1       0.82413205  p_y
   16   2   1   0       0.82703233  p_z
   16   2   1   1       0.82501575  p_x
   16   3   2  -2       0.03975436  d_xy
   16   3   2  -1       0.04134719  d_yz
   16   3   2   0       0.02133095  d_z2
   16   3   2   1       0.03841141  d_xz
   16   3   2   2       0.01972850  d_x2-y2
   17   1   0   0       1.36557668  s
   17   2   1  -1       0.82382682  p_y
   17   2   1   0       0.82097553  p_z
   17   2   1   1       0.82504712  p_x
   17   3   2  -2       0.03851364  d_xy
   17   3   2  -1       0.04039390  d_yz
   17   3   2   0       0.02043624  d_z2
   17   3   2   1       0.04179879  d_xz
   17   3   2   2       0.01901975  d_x2-y2
   18   1   0   0       1.36215174  s
   18   2   1  -1       0.82054377  p_y
   18   2   1   0       0.82744898  p_z
   18   2   1   1       0.82984898  p_x
   18   3   2  -2       0.04197469  d_xy
   18   3   2  -1       0.04299131  d_yz
   18   3   2   0       0.02080936  d_z2
   18   3   2   1       0.03613018  d_xz
   18   3   2   2       0.02012950  d_x2-y2
   19   1   0   0       1.34025107  s
   19   2   1  -1       0.83103051  p_y
   19   2   1   0       0.82279952  p_z
   19   2   1   1       0.83196557  p_x
   19   3   2  -2       0.03920431  d_xy
   19   3   2  -1       0.04058764  d_yz
   19   3   2   0       0.02237217  d_z2
   19   3   2   1       0.04190146  d_xz
   19   3   2   2       0.01949249  d_x2-y2
   20   1   0   0       1.35516229  s
   20   2   1  -1       0.82781384  p_y
   20   2   1   0       0.82698117  p_z
   20   2   1   1       0.82707092  p_x
   20   3   2  -2       0.04324640  d_xy
   20   3   2  -1       0.03663075  d_yz
   20   3   2   0       0.02258700  d_z2
   20   3   2   1       0.04045885  d_xz
   20   3   2   2       0.01830085  d_x2-y2
   21   1   0   0       1.36394795  s
   21   2   1  -1       0.82875023  p_y
   21   2   1   0       0.82932241  p_z
   21   2   1   1       0.82838510  p_x
   21   3   2  -2       0.03796447  d_xy
   21   3   2  -1       0.03601115  d_yz
   21   3   2   0       0.01813357  d_z2
   21   3   2   1       0.04140384  d_xz
   21   3   2   2       0.01906681  d_x2-y2
   22   1   0   0       1.37869210  s
   22   2   1  -1       0.82694937  p_y
   22   2   1   0       0.82882198  p_z
   22   2   1   1       0.82866047  p_x
   22   3   2  -2       0.03818237  d_xy
   22   3   2  -1       0.03296848  d_yz
   22   3   2   0       0.01660245  d_z2
   22   3   2   1       0.04134849  d_xz
   22   3   2   2       0.01849335  d_x2-y2
   23   1   0   0       1.38435702  s
   23   2   1  -1       0.83063545  p_y
   23   2   1   0       0.82937082  p_z
   23   2   1   1       0.82679896  p_x
   23   3   2  -2       0.03328364  d_xy
   23   3   2  -1       0.03781406  d_yz
   23   3   2   0       0.01689645  d_z2
   23   3   2   1       0.04153532  d_xz
   23   3   2   2       0.01865313  d_x2-y2
   24   1   0   0       1.39343117  s
   24   2   1  -1       0.83053841  p_y
   24   2   1   0       0.82605060  p_z
   24   2   1   1       0.82641131  p_x
   24   3   2  -2       0.03351695  d_xy
   24   3   2  -1       0.03796016  d_yz
   24   3   2   0       0.01580734  d_z2
   24   3   2   1       0.03490739  d_xz
   24   3   2   2       0.01595283  d_x2-y2
   25   1   0   0       1.32248075  s
   25   2   1  -1       0.82889117  p_y
   25   2   1   0       0.82663238  p_z
   25   2   1   1       0.82515400  p_x
   25   3   2  -2       0.04400769  d_xy
   25   3   2  -1       0.04395353  d_yz
   25   3   2   0       0.02234366  d_z2
   25   3   2   1       0.04023184  d_xz
   25   3   2   2       0.02353691  d_x2-y2
   26   1   0   0       1.36345196  s
   26   2   1  -1       0.82992265  p_y
   26   2   1   0       0.82711032  p_z
   26   2   1   1       0.82966185  p_x
   26   3   2  -2       0.03596331  d_xy
   26   3   2  -1       0.03996171  d_yz
   26   3   2   0       0.01855261  d_z2
   26   3   2   1       0.03941432  d_xz
   26   3   2   2       0.01823143  d_x2-y2
   27   1   0   0       1.35221539  s
   27   2   1  -1       0.82679174  p_y
   27   2   1   0       0.82505398  p_z
   27   2   1   1       0.82738990  p_x
   27   3   2  -2       0.03698149  d_xy
   27   3   2  -1       0.04171044  d_yz
   27   3   2   0       0.01982068  d_z2
   27   3   2   1       0.03980332  d_xz
   27   3   2   2       0.01941968  d_x2-y2
   28   1   0   0       1.34543665  s
   28   2   1  -1       0.83066926  p_y
   28   2   1   0       0.83199320  p_z
   28   2   1   1       0.83088856  p_x
   28   3   2  -2       0.03887234  d_xy
   28   3   2  -1       0.04079930  d_yz
   28   3   2   0       0.02017732  d_z2
   28   3   2   1       0.03905602  d_xz
   28   3   2   2       0.01966302  d_x2-y2
   29   1   0   0       1.36870069  s
   29   2   1  -1       0.83232225  p_y
   29   2   1   0       0.82698519  p_z
   29   2   1   1       0.82468814  p_x
   29   3   2  -2       0.04043605  d_xy
   29   3   2  -1       0.03885334  d_yz
   29   3   2   0       0.02157327  d_z2
   29   3   2   1       0.03398359  d_xz
   29   3   2   2       0.01602598  d_x2-y2
   30   1   0   0       1.33941340  s
   30   2   1  -1       0.83179749  p_y
   30   2   1   0       0.82665428  p_z
   30   2   1   1       0.82572053  p_x
   30   3   2  -2       0.03977763  d_xy
   30   3   2  -1       0.04161545  d_yz
   30   3   2   0       0.02066169  d_z2
   30   3   2   1       0.03827812  d_xz
   30   3   2   2       0.02084558  d_x2-y2
   31   1   0   0       1.35537903  s
   31   2   1  -1       0.83577912  p_y
   31   2   1   0       0.83158326  p_z
   31   2   1   1       0.83172053  p_x
   31   3   2  -2       0.03970253  d_xy
   31   3   2  -1       0.03745755  d_yz
   31   3   2   0       0.01873238  d_z2
   31   3   2   1       0.03713658  d_xz
   31   3   2   2       0.01754342  d_x2-y2
   32   1   0   0       1.34116731  s
   32   2   1  -1       0.82658456  p_y
   32   2   1   0       0.82720319  p_z
   32   2   1   1       0.83001647  p_x
   32   3   2  -2       0.04212917  d_xy
   32   3   2  -1       0.03844369  d_yz
   32   3   2   0       0.02229866  d_z2
   32   3   2   1       0.04250438  d_xz
   32   3   2   2       0.02141210  d_x2-y2
   33   1   0   0       1.39070591  s
   33   2   1  -1       0.83133855  p_y
   33   2   1   0       0.82771927  p_z
   33   2   1   1       0.83181069  p_x
   33   3   2  -2       0.03579695  d_xy
   33   3   2  -1       0.03667720  d_yz
   33   3   2   0       0.01706643  d_z2
   33   3   2   1       0.03538505  d_xz
   33   3   2   2       0.01642718  d_x2-y2
   34   1   0   0       1.37714228  s
   34   2   1  -1       0.83615649  p_y
   34   2   1   0       0.82862530  p_z
   34   2   1   1       0.83118191  p_x
   34   3   2  -2       0.03610288  d_xy
   34   3   2  -1       0.03491626  d_yz
   34   3   2   0       0.01693147  d_z2
   34   3   2   1       0.03615375  d_xz
   34   3   2   2       0.01473858  d_x2-y2
   35   1   0   0       1.37087219  s
   35   2   1  -1       0.82568551  p_y
   35   2   1   0       0.82907931  p_z
   35   2   1   1       0.83591262  p_x
   35   3   2  -2       0.03630502  d_xy
   35   3   2  -1       0.03666227  d_yz
   35   3   2   0       0.01649716  d_z2
   35   3   2   1       0.03897366  d_xz
   35   3   2   2       0.01885587  d_x2-y2
   36   1   0   0       1.33427109  s
   36   2   1  -1       0.83263151  p_y
   36   2   1   0       0.81573022  p_z
   36   2   1   1       0.82970450  p_x
   36   3   2  -2       0.03904813  d_xy
   36   3   2  -1       0.04435900  d_yz
   36   3   2   0       0.02505366  d_z2
   36   3   2   1       0.04644329  d_xz
   36   3   2   2       0.02078609  d_x2-y2
   37   1   0   0       1.34195868  s
   37   2   1  -1       0.83214957  p_y
   37   2   1   0       0.82733632  p_z
   37   2   1   1       0.83055771  p_x
   37   3   2  -2       0.03975980  d_xy
   37   3   2  -1       0.04075354  d_yz
   37   3   2   0       0.02081927  d_z2
   37   3   2   1       0.04206627  d_xz
   37   3   2   2       0.02060577  d_x2-y2
   38   1   0   0       1.36118866  s
   38   2   1  -1       0.83327970  p_y
   38   2   1   0       0.82401790  p_z
   38   2   1   1       0.83010600  p_x
   38   3   2  -2       0.03149064  d_xy
   38   3   2  -1       0.04016292  d_yz
   38   3   2   0       0.01802899  d_z2
   38   3   2   1       0.03763521  d_xz
   38   3   2   2       0.01781271  d_x2-y2
   39   1   0   0       1.36359906  s
   39   2   1  -1       0.82496971  p_y
   39   2   1   0       0.83484152  p_z
   39   2   1   1       0.83279467  p_x
   39   3   2  -2       0.03977064  d_xy
   39   3   2  -1       0.04088211  d_yz
   39   3   2   0       0.01848275  d_z2
   39   3   2   1       0.03746626  d_xz
   39   3   2   2       0.02332689  d_x2-y2
   40   1   0   0       1.33964055  s
   40   2   1  -1       0.82807197  p_y
   40   2   1   0       0.82293342  p_z
   40   2   1   1       0.82736085  p_x
   40   3   2  -2       0.04083328  d_xy
   40   3   2  -1       0.04018781  d_yz
   40   3   2   0       0.02362315  d_z2
   40   3   2   1       0.03925951  d_xz
   40   3   2   2       0.01865708  d_x2-y2
   41   1   0   0       1.33222479  s
   41   2   1  -1       0.83199102  p_y
   41   2   1   0       0.83356483  p_z
   41   2   1   1       0.82147808  p_x
   41   3   2  -2       0.04426425  d_xy
   41   3   2  -1       0.03805529  d_yz
   41   3   2   0       0.02203073  d_z2
   41   3   2   1       0.04135692  d_xz
   41   3   2   2       0.02362999  d_x2-y2
   42   1   0   0       1.36123554  s
   42   2   1  -1       0.82511735  p_y
   42   2   1   0       0.82756792  p_z
   42   2   1   1       0.82683660  p_x
   42   3   2  -2       0.04032407  d_xy
   42   3   2  -1       0.03930437  d_yz
   42   3   2   0       0.01948445  d_z2
   42   3   2   1       0.03948833  d_xz
   42   3   2   2       0.02123648  d_x2-y2
   43   1   0   0       1.39572490  s
   43   2   1  -1       0.83459506  p_y
   43   2   1   0       0.83146141  p_z
   43   2   1   1       0.82957771  p_x
   43   3   2  -2       0.03271005  d_xy
   43   3   2  -1       0.03835661  d_yz
   43   3   2   0       0.01487164  d_z2
   43   3   2   1       0.03348065  d_xz
   43   3   2   2       0.01672395  d_x2-y2
   44   1   0   0       1.37534954  s
   44   2   1  -1       0.82991794  p_y
   44   2   1   0       0.83049512  p_z
   44   2   1   1       0.82832141  p_x
   44   3   2  -2       0.03677689  d_xy
   44   3   2  -1       0.03843200  d_yz
   44   3   2   0       0.01735790  d_z2
   44   3   2   1       0.03718429  d_xz
   44   3   2   2       0.01913449  d_x2-y2
   45   1   0   0       1.38887461  s
   45   2   1  -1       0.82746248  p_y
   45   2   1   0       0.82835508  p_z
   45   2   1   1       0.83163278  p_x
   45   3   2  -2       0.03574272  d_xy
   45   3   2  -1       0.03920545  d_yz
   45   3   2   0       0.01729130  d_z2
   45   3   2   1       0.03798761  d_xz
   45   3   2   2       0.01755160  d_x2-y2
   46   1   0   0       1.33140983  s
   46   2   1  -1       0.82281948  p_y
   46   2   1   0       0.81697537  p_z
   46   2   1   1       0.82736862  p_x
   46   3   2  -2       0.03952057  d_xy
   46   3   2  -1       0.04607386  d_yz
   46   3   2   0       0.02403212  d_z2
   46   3   2   1       0.04636471  d_xz
   46   3   2   2       0.02360487  d_x2-y2
   47   1   0   0       1.34305022  s
   47   2   1  -1       0.82914955  p_y
   47   2   1   0       0.82341838  p_z
   47   2   1   1       0.82933118  p_x
   47   3   2  -2       0.04155665  d_xy
   47   3   2  -1       0.03953491  d_yz
   47   3   2   0       0.02217656  d_z2
   47   3   2   1       0.04465401  d_xz
   47   3   2   2       0.02117146  d_x2-y2
   48   1   0   0       1.34814843  s
   48   2   1  -1       0.82482005  p_y
   48   2   1   0       0.82780163  p_z
   48   2   1   1       0.82484750  p_x
   48   3   2  -2       0.04637039  d_xy
   48   3   2  -1       0.03610206  d_yz
   48   3   2   0       0.02153644  d_z2
   48   3   2   1       0.04082996  d_xz
   48   3   2   2       0.02187797  d_x2-y2
   49   1   0   0       1.35797942  s
   49   2   1  -1       0.82542442  p_y
   49   2   1   0       0.82944633  p_z
   49   2   1   1       0.82464837  p_x
   49   3   2  -2       0.03899376  d_xy
   49   3   2  -1       0.03832088  d_yz
   49   3   2   0       0.01916301  d_z2
   49   3   2   1       0.04526864  d_xz
   49   3   2   2       0.02113289  d_x2-y2
   50   1   0   0       1.36360593  s
   50   2   1  -1       0.82460722  p_y
   50   2   1   0       0.83344140  p_z
   50   2   1   1       0.82884117  p_x
   50   3   2  -2       0.04039076  d_xy
   50   3   2  -1       0.03791738  d_yz
   50   3   2   0       0.01710755  d_z2
   50   3   2   1       0.03532070  d_xz
   50   3   2   2       0.01870914  d_x2-y2
   51   1   0   0       1.37050695  s
   51   2   1  -1       0.83100231  p_y
   51   2   1   0       0.82956806  p_z
   51   2   1   1       0.82699656  p_x
   51   3   2  -2       0.03886232  d_xy
   51   3   2  -1       0.03979356  d_yz
   51   3   2   0       0.01809765  d_z2
   51   3   2   1       0.03697338  d_xz
   51   3   2   2       0.01888038  d_x2-y2
   52   1   0   0       1.35692890  s
   52   2   1  -1       0.82924306  p_y
   52   2   1   0       0.83134466  p_z
   52   2   1   1       0.82572315  p_x
   52   3   2  -2       0.03864842  d_xy
   52   3   2  -1       0.03953873  d_yz
   52   3   2   0       0.01773548  d_z2
   52   3   2   1       0.03549331  d_xz
   52   3   2   2       0.01864014  d_x2-y2
   53   1   0   0       1.38266311  s
   53   2   1  -1       0.82816271  p_y
   53   2   1   0       0.82735958  p_z
   53   2   1   1       0.82423304  p_x
   53   3   2  -2       0.03771380  d_xy
   53   3   2  -1       0.03448685  d_yz
   53   3   2   0       0.01744002  d_z2
   53   3   2   1       0.04041754  d_xz
   53   3   2   2       0.01775365  d_x2-y2
   54   1   0   0       1.37523198  s
   54   2   1  -1       0.83100913  p_y
   54   2   1   0       0.82475309  p_z
   54   2   1   1       0.82371256  p_x
   54   3   2  -2       0.04218900  d_xy
   54   3   2  -1       0.03595329  d_yz
   54   3   2   0       0.01995703  d_z2
   54   3   2   1       0.03853180  d_xz
   54   3   2   2       0.01738657  d_x2-y2
   55   1   0   0       1.35834888  s
   55   2   1  -1       0.82550219  p_y
   55   2   1   0       0.82578672  p_z
   55   2   1   1       0.82316305  p_x
   55   3   2  -2       0.03749326  d_xy
   55   3   2  -1       0.04012558  d_yz
   55   3   2   0       0.01921976  d_z2
   55   3   2   1       0.04246145  d_xz
   55   3   2   2       0.02074827  d_x2-y2
   56   1   0   0       1.36742135  s
   56   2   1  -1       0.82819465  p_y
   56   2   1   0       0.83001280  p_z
   56   2   1   1       0.82789855  p_x
   56   3   2  -2       0.04230167  d_xy
   56   3   2  -1       0.03813862  d_yz
   56   3   2   0       0.02020140  d_z2
   56   3   2   1       0.03839771  d_xz
   56   3   2   2       0.01948024  d_x2-y2
   57   1   0   0       1.32604328  s
   57   2   1  -1       0.82564152  p_y
   57   2   1   0       0.83316534  p_z
   57   2   1   1       0.82900524  p_x
   57   3   2  -2       0.04498331  d_xy
   57   3   2  -1       0.04491433  d_yz
   57   3   2   0       0.02245589  d_z2
   57   3   2   1       0.03520688  d_xz
   57   3   2   2       0.02146257  d_x2-y2
   58   1   0   0       1.36272610  s
   58   2   1  -1       0.82887323  p_y
   58   2   1   0       0.82830546  p_z
   58   2   1   1       0.82732460  p_x
   58   3   2  -2       0.03843204  d_xy
   58   3   2  -1       0.03651442  d_yz
   58   3   2   0       0.01882656  d_z2
   58   3   2   1       0.03995881  d_xz
   58   3   2   2       0.01811436  d_x2-y2
   59   1   0   0       1.35856093  s
   59   2   1  -1       0.83068048  p_y
   59   2   1   0       0.82408799  p_z
   59   2   1   1       0.82526504  p_x
   59   3   2  -2       0.04072636  d_xy
   59   3   2  -1       0.03654587  d_yz
   59   3   2   0       0.02132883  d_z2
   59   3   2   1       0.04222816  d_xz
   59   3   2   2       0.01865664  d_x2-y2
   60   1   0   0       1.34496644  s
   60   2   1  -1       0.82307539  p_y
   60   2   1   0       0.82373704  p_z
   60   2   1   1       0.82942290  p_x
   60   3   2  -2       0.04044029  d_xy
   60   3   2  -1       0.04117791  d_yz
   60   3   2   0       0.02235832  d_z2
   60   3   2   1       0.04161178  d_xz
   60   3   2   2       0.02073900  d_x2-y2
   61   1   0   0       1.33443298  s
   61   2   1  -1       0.82866995  p_y
   61   2   1   0       0.82010747  p_z
   61   2   1   1       0.82626560  p_x
   61   3   2  -2       0.04414458  d_xy
   61   3   2  -1       0.03842107  d_yz
   61   3   2   0       0.02403711  d_z2
   61   3   2   1       0.04010488  d_xz
   61   3   2   2       0.02164175  d_x2-y2
   62   1   0   0       1.35989117  s
   62   2   1  -1       0.82575283  p_y
   62   2   1   0       0.83389229  p_z
   62   2   1   1       0.83380692  p_x
   62   3   2  -2       0.03636895  d_xy
   62   3   2  -1       0.04249289  d_yz
   62   3   2   0       0.01803828  d_z2
   62   3   2   1       0.03799927  d_xz
   62   3   2   2       0.01948975  d_x2-y2
   63   1   0   0       1.31872274  s
   63   2   1  -1       0.82161401  p_y
   63   2   1   0       0.83353008  p_z
   63   2   1   1       0.82920720  p_x
   63   3   2  -2       0.04535029  d_xy
   63   3   2  -1       0.04722776  d_yz
   63   3   2   0       0.02186717  d_z2
   63   3   2   1       0.03756770  d_xz
   63   3   2   2       0.02514369  d_x2-y2
   64   1   0   0       1.35619480  s
   64   2   1  -1       0.82532154  p_y
   64   2   1   0       0.83274080  p_z
   64   2   1   1       0.82997821  p_x
   64   3   2  -2       0.03720584  d_xy
   64   3   2  -1       0.03915012  d_yz
   64   3   2   0       0.01944541  d_z2
   64   3   2   1       0.04062545  d_xz
   64   3   2   2       0.02111217  d_x2-y2

Fermi level:                        -0.1333425515 H           -3.6284 eV
Band energy:                       -88.1930403875 H        -2399.8547 eV
TS:                                  0.0000000000 H            0.0000 eV
Band free energy (E-TS):           -88.1930403875 H        -2399.8547 eV
Extrapolated E(0K):                -88.1930403875 H        -2399.8547 eV
Input / Output electrons (q):    256.0000000000    256.0000000000

Energy H0:                         -88.1764038455 H        -2399.4020 eV
Energy SCC:                          0.0005772528 H            0.0157 eV
Total Electronic energy:           -88.1758265927 H        -2399.3863 eV
Repulsive energy:                    0.0000000000 H            0.0000 eV
Total energy:                      -88.1758265927 H        -2399.3863 eV
Extrapolated to 0:                 -88.1758265927 H        -2399.3863 eV
Total Mermin free energy:          -88.1758265927 H        -2399.3863 eV
Force related energy:              -88.1758265927 H        -2399.3863 eV

Non-constrained calculation

SCC converged

Warning: dipole moment is not defined absolutely!
Dipole moment:    0.45638329    0.33853535   -0.34975499 au
Dipole moment:    1.16001070    0.86047110   -0.88898858 Debye


