 Fermi distribution function

Calculation with static geometry


********************************************************************************
 iSCC Total electronic   Diff electronic      SCC error    
    9   -0.88177236E+02   -0.87068486E-09    0.68014297E-05
********************************************************************************

 Total charge:    -0.00000000

 Atomic gross charges (e)
 Atom           Charge
    1       0.00700215
    2      -0.00388187
    3      -0.00595397
    4      -0.00326768
    5      -0.01384311
    6       0.00522086
    7       0.01440657
    8       0.01502275
    9       0.01379734
   10       0.00603715
   11       0.01268599
   12       0.00201224
   13      -0.00620594
   14       0.00031918
   15       0.00336679
   16      -0.01962918
   17       0.00503361
   18      -0.00306902
   19      -0.00248454
   20      -0.01190292
   21       0.00969135
   22      -0.01191755
   23       0.00038916
   24      -0.02389856
   25       0.00098321
   26       0.00966633
   27      -0.00453881
   28       0.01970079
   29      -0.00675103
   30      -0.00084607
   31       0.00058357
   32       0.00794306
   33       0.00224267
   34      -0.01955658
   35      -0.00015407
   36      -0.01122952
   37       0.01121350
   38      -0.00791102
   39       0.01051141
   40       0.00811671
   41      -0.00149074
   42       0.00928879
   43      -0.00020633
   44       0.00639743
   45       0.01253921
   46      -0.01198059
   47       0.01385278
   48      -0.02496753
   49      -0.00998028
   50      -0.02676667
   51       0.00540135
   52       0.00920326
   53       0.01014520
   54      -0.01833442
   55      -0.00534607
   56       0.00186638
   57       0.00394916
   58       0.01890276
   59      -0.00992441
   60      -0.00738439
   61      -0.01188040
   62       0.01956244
   63       0.00122230
   64       0.00702583

Nr. of electrons (up):    256.00000000
Atom populations (up)
 Atom       Population
    1       3.99299785
    2       4.00388187
    3       4.00595397
    4       4.00326768
    5       4.01384311
    6       3.99477914
    7       3.98559343
    8       3.98497725
    9       3.98620266
   10       3.99396285
   11       3.98731401
   12       3.99798776
   13       4.00620594
   14       3.99968082
   15       3.99663321
   16       4.01962918
   17       3.99496639
   18       4.00306902
   19       4.00248454
   20       4.01190292
   21       3.99030865
   22       4.01191755
   23       3.99961084
   24       4.02389856
   25       3.99901679
   26       3.99033367
   27       4.00453881
   28       3.98029921
   29       4.00675103
   30       4.00084607
   31       3.99941643
   32       3.99205694
   33       3.99775733
   34       4.01955658
   35       4.00015407
   36       4.01122952
   37       3.98878650
   38       4.00791102
   39       3.98948859
   40       3.99188329
   41       4.00149074
   42       3.99071121
   43       4.00020633
   44       3.99360257
   45       3.98746079
   46       4.01198059
   47       3.98614722
   48       4.02496753
   49       4.00998028
   50       4.02676667
   51       3.99459865
   52       3.99079674
   53       3.98985480
   54       4.01833442
   55       4.00534607
   56       3.99813362
   57       3.99605084
   58       3.98109724
   59       4.00992441
   60       4.00738439
   61       4.01188040
   62       3.98043756
   63       3.99877770
   64       3.99297417

l-shell populations (up)
 Atom Sh.   l       Population
    1   1   0       1.35238670
    1   2   1       2.47655247
    1   3   2       0.16405868
    2   1   0       1.36476507
    2   2   1       2.47193432
    2   3   2       0.16718249
    3   1   0       1.37509743
    3   2   1       2.48200572
    3   3   2       0.14885083
    4   1   0       1.36005341
    4   2   1       2.49192050
    4   3   2       0.15129377
    5   1   0       1.38019894
    5   2   1       2.48858088
    5   3   2       0.14506329
    6   1   0       1.34195285
    6   2   1       2.48278763
    6   3   2       0.17003865
    7   1   0       1.34225174
    7   2   1       2.47845545
    7   3   2       0.16488624
    8   1   0       1.33528004
    8   2   1       2.48500358
    8   3   2       0.16469363
    9   1   0       1.33456404
    9   2   1       2.48458053
    9   3   2       0.16705810
   10   1   0       1.35102217
   10   2   1       2.49147990
   10   3   2       0.15146078
   11   1   0       1.33413436
   11   2   1       2.48514694
   11   3   2       0.16803271
   12   1   0       1.34717475
   12   2   1       2.48249269
   12   3   2       0.16832032
   13   1   0       1.36131788
   13   2   1       2.48691885
   13   3   2       0.15796921
   14   1   0       1.36616112
   14   2   1       2.48655338
   14   3   2       0.14696632
   15   1   0       1.36255883
   15   2   1       2.48330653
   15   3   2       0.15076785
   16   1   0       1.38608463
   16   2   1       2.48550127
   16   3   2       0.14804328
   17   1   0       1.34629692
   17   2   1       2.48062139
   17   3   2       0.16804808
   18   1   0       1.35611712
   18   2   1       2.48336098
   18   3   2       0.16359091
   19   1   0       1.36510606
   19   2   1       2.48866681
   19   3   2       0.14871168
   20   1   0       1.38203800
   20   2   1       2.49093586
   20   3   2       0.13892905
   21   1   0       1.34668942
   21   2   1       2.48509000
   21   3   2       0.15852923
   22   1   0       1.37875000
   22   2   1       2.48575436
   22   3   2       0.14741319
   23   1   0       1.36155797
   23   2   1       2.47552846
   23   3   2       0.16252441
   24   1   0       1.38974181
   24   2   1       2.49288201
   24   3   2       0.14127474
   25   1   0       1.36358088
   25   2   1       2.48926411
   25   3   2       0.14617180
   26   1   0       1.34066439
   26   2   1       2.48964597
   26   3   2       0.16002330
   27   1   0       1.36263095
   27   2   1       2.48337920
   27   3   2       0.15852865
   28   1   0       1.33583796
   28   2   1       2.46961816
   28   3   2       0.17484309
   29   1   0       1.36689914
   29   2   1       2.49028364
   29   3   2       0.14956824
   30   1   0       1.35182611
   30   2   1       2.49531116
   30   3   2       0.15370880
   31   1   0       1.37034223
   31   2   1       2.48485990
   31   3   2       0.14421430
   32   1   0       1.34652599
   32   2   1       2.48209389
   32   3   2       0.16343706
   33   1   0       1.35782285
   33   2   1       2.48330526
   33   3   2       0.15662922
   34   1   0       1.38962889
   34   2   1       2.49218926
   34   3   2       0.13773843
   35   1   0       1.35647962
   35   2   1       2.48117447
   35   3   2       0.16249997
   36   1   0       1.38515576
   36   2   1       2.48146089
   36   3   2       0.14461288
   37   1   0       1.34905945
   37   2   1       2.47700185
   37   3   2       0.16272520
   38   1   0       1.37606689
   38   2   1       2.48280309
   38   3   2       0.14904104
   39   1   0       1.35301907
   39   2   1       2.47569000
   39   3   2       0.16077953
   40   1   0       1.33489325
   40   2   1       2.49160970
   40   3   2       0.16538034
   41   1   0       1.36609941
   41   2   1       2.48366445
   41   3   2       0.15172688
   42   1   0       1.33629266
   42   2   1       2.48745043
   42   3   2       0.16696812
   43   1   0       1.35467231
   43   2   1       2.49505055
   43   3   2       0.15048348
   44   1   0       1.34433150
   44   2   1       2.49267559
   44   3   2       0.15659548
   45   1   0       1.35794539
   45   2   1       2.47044101
   45   3   2       0.15907440
   46   1   0       1.36627729
   46   2   1       2.48941212
   46   3   2       0.15629117
   47   1   0       1.32923202
   47   2   1       2.48625357
   47   3   2       0.17066163
   48   1   0       1.38664832
   48   2   1       2.49239066
   48   3   2       0.14592855
   49   1   0       1.36986833
   49   2   1       2.48709728
   49   3   2       0.15301467
   50   1   0       1.40792590
   50   2   1       2.48864185
   50   3   2       0.13019892
   51   1   0       1.34918372
   51   2   1       2.47842219
   51   3   2       0.16699274
   52   1   0       1.33321949
   52   2   1       2.48322202
   52   3   2       0.17435524
   53   1   0       1.34249575
   53   2   1       2.47711144
   53   3   2       0.17024760
   54   1   0       1.39031940
   54   2   1       2.48880801
   54   3   2       0.13920701
   55   1   0       1.36214671
   55   2   1       2.48573637
   55   3   2       0.15746299
   56   1   0       1.36220711
   56   2   1       2.47580684
   56   3   2       0.16011968
   57   1   0       1.34292483
   57   2   1       2.49614324
   57   3   2       0.15698278
   58   1   0       1.31426032
   58   2   1       2.48445460
   58   3   2       0.18238233
   59   1   0       1.38313432
   59   2   1       2.48862593
   59   3   2       0.13816415
   60   1   0       1.37746041
   60   2   1       2.48142056
   60   3   2       0.14850342
   61   1   0       1.37384851
   61   2   1       2.48989323
   61   3   2       0.14813867
   62   1   0       1.32102460
   62   2   1       2.47848128
   62   3   2       0.18093168
   63   1   0       1.34457694
   63   2   1       2.48733085
   63   3   2       0.16686991
   64   1   0       1.34889462
   64   2   1       2.47913447
   64   3   2       0.16494508

Orbital populations (up)
 Atom Sh.   l   m       Population  Label
    1   1   0   0       1.35238670  s
    1   2   1  -1       0.82682663  p_y
    1   2   1   0       0.82722961  p_z
    1   2   1   1       0.82249624  p_x
    1   3   2  -2       0.04250471  d_xy
    1   3   2  -1       0.03600038  d_yz
    1   3   2   0       0.02044924  d_z2
    1   3   2   1       0.04427102  d_xz
    1   3   2   2       0.02083333  d_x2-y2
    2   1   0   0       1.36476507  s
    2   2   1  -1       0.82353199  p_y
    2   2   1   0       0.82280706  p_z
    2   2   1   1       0.82559527  p_x
    2   3   2  -2       0.03975306  d_xy
    2   3   2  -1       0.04320220  d_yz
    2   3   2   0       0.02216195  d_z2
    2   3   2   1       0.04249285  d_xz
    2   3   2   2       0.01957243  d_x2-y2
    3   1   0   0       1.37509743  s
    3   2   1  -1       0.82558123  p_y
    3   2   1   0       0.82805514  p_z
    3   2   1   1       0.82836935  p_x
    3   3   2  -2       0.03625841  d_xy
    3   3   2  -1       0.04045353  d_yz
    3   3   2   0       0.01718028  d_z2
    3   3   2   1       0.03663268  d_xz
    3   3   2   2       0.01832594  d_x2-y2
    4   1   0   0       1.36005341  s
    4   2   1  -1       0.82988372  p_y
    4   2   1   0       0.82990753  p_z
    4   2   1   1       0.83212925  p_x
    4   3   2  -2       0.03841760  d_xy
    4   3   2  -1       0.03587666  d_yz
    4   3   2   0       0.01727315  d_z2
    4   3   2   1       0.04084998  d_xz
    4   3   2   2       0.01887637  d_x2-y2
    5   1   0   0       1.38019894  s
    5   2   1  -1       0.83257876  p_y
    5   2   1   0       0.82773613  p_z
    5   2   1   1       0.82826599  p_x
    5   3   2  -2       0.03217981  d_xy
    5   3   2  -1       0.03636775  d_yz
    5   3   2   0       0.01683977  d_z2
    5   3   2   1       0.04143933  d_xz
    5   3   2   2       0.01823664  d_x2-y2
    6   1   0   0       1.34195285  s
    6   2   1  -1       0.82230892  p_y
    6   2   1   0       0.83308095  p_z
    6   2   1   1       0.82739776  p_x
    6   3   2  -2       0.04119267  d_xy
    6   3   2  -1       0.04289258  d_yz
    6   3   2   0       0.02054077  d_z2
    6   3   2   1       0.04133063  d_xz
    6   3   2   2       0.02408200  d_x2-y2
    7   1   0   0       1.34225174  s
    7   2   1  -1       0.82347592  p_y
    7   2   1   0       0.82965755  p_z
    7   2   1   1       0.82532197  p_x
    7   3   2  -2       0.04326302  d_xy
    7   3   2  -1       0.04112262  d_yz
    7   3   2   0       0.02300280  d_z2
    7   3   2   1       0.03729386  d_xz
    7   3   2   2       0.02020395  d_x2-y2
    8   1   0   0       1.33528004  s
    8   2   1  -1       0.82957444  p_y
    8   2   1   0       0.82772890  p_z
    8   2   1   1       0.82770023  p_x
    8   3   2  -2       0.04284735  d_xy
    8   3   2  -1       0.03968937  d_yz
    8   3   2   0       0.02156200  d_z2
    8   3   2   1       0.03955030  d_xz
    8   3   2   2       0.02104461  d_x2-y2
    9   1   0   0       1.33456404  s
    9   2   1  -1       0.82181476  p_y
    9   2   1   0       0.83288671  p_z
    9   2   1   1       0.82987906  p_x
    9   3   2  -2       0.04615803  d_xy
    9   3   2  -1       0.04279894  d_yz
    9   3   2   0       0.02236078  d_z2
    9   3   2   1       0.03525558  d_xz
    9   3   2   2       0.02048477  d_x2-y2
   10   1   0   0       1.35102217  s
   10   2   1  -1       0.83158328  p_y
   10   2   1   0       0.82777996  p_z
   10   2   1   1       0.83211666  p_x
   10   3   2  -2       0.03952260  d_xy
   10   3   2  -1       0.03901236  d_yz
   10   3   2   0       0.01858124  d_z2
   10   3   2   1       0.03646336  d_xz
   10   3   2   2       0.01788121  d_x2-y2
   11   1   0   0       1.33413436  s
   11   2   1  -1       0.82995540  p_y
   11   2   1   0       0.82853210  p_z
   11   2   1   1       0.82665944  p_x
   11   3   2  -2       0.04159057  d_xy
   11   3   2  -1       0.04077600  d_yz
   11   3   2   0       0.02299289  d_z2
   11   3   2   1       0.04173322  d_xz
   11   3   2   2       0.02094002  d_x2-y2
   12   1   0   0       1.34717475  s
   12   2   1  -1       0.82723182  p_y
   12   2   1   0       0.83005302  p_z
   12   2   1   1       0.82520785  p_x
   12   3   2  -2       0.04152785  d_xy
   12   3   2  -1       0.04411655  d_yz
   12   3   2   0       0.02035015  d_z2
   12   3   2   1       0.03977132  d_xz
   12   3   2   2       0.02255447  d_x2-y2
   13   1   0   0       1.36131788  s
   13   2   1  -1       0.83283170  p_y
   13   2   1   0       0.82850983  p_z
   13   2   1   1       0.82557732  p_x
   13   3   2  -2       0.03918570  d_xy
   13   3   2  -1       0.04170502  d_yz
   13   3   2   0       0.01935812  d_z2
   13   3   2   1       0.03841969  d_xz
   13   3   2   2       0.01930068  d_x2-y2
   14   1   0   0       1.36616112  s
   14   2   1  -1       0.82452184  p_y
   14   2   1   0       0.83004356  p_z
   14   2   1   1       0.83198798  p_x
   14   3   2  -2       0.03583617  d_xy
   14   3   2  -1       0.03944046  d_yz
   14   3   2   0       0.01608783  d_z2
   14   3   2   1       0.03668178  d_xz
   14   3   2   2       0.01892008  d_x2-y2
   15   1   0   0       1.36255883  s
   15   2   1  -1       0.82734155  p_y
   15   2   1   0       0.82880607  p_z
   15   2   1   1       0.82715891  p_x
   15   3   2  -2       0.04069298  d_xy
   15   3   2  -1       0.03441803  d_yz
   15   3   2   0       0.01832461  d_z2
   15   3   2   1       0.03937934  d_xz
   15   3   2   2       0.01795289  d_x2-y2
   16   1   0   0       1.38608463  s
   16   2   1  -1       0.82638892  p_y
   16   2   1   0       0.83147780  p_z
   16   2   1   1       0.82763456  p_x
   16   3   2  -2       0.03918911  d_xy
   16   3   2  -1       0.03618175  d_yz
   16   3   2   0       0.01751253  d_z2
   16   3   2   1       0.03786953  d_xz
   16   3   2   2       0.01729035  d_x2-y2
   17   1   0   0       1.34629692  s
   17   2   1  -1       0.82800087  p_y
   17   2   1   0       0.82595854  p_z
   17   2   1   1       0.82666198  p_x
   17   3   2  -2       0.03959611  d_xy
   17   3   2  -1       0.04329049  d_yz
   17   3   2   0       0.02231482  d_z2
   17   3   2   1       0.04218458  d_xz
   17   3   2   2       0.02066208  d_x2-y2
   18   1   0   0       1.35611712  s
   18   2   1  -1       0.82709303  p_y
   18   2   1   0       0.82803865  p_z
   18   2   1   1       0.82822931  p_x
   18   3   2  -2       0.04044060  d_xy
   18   3   2  -1       0.04235935  d_yz
   18   3   2   0       0.01957109  d_z2
   18   3   2   1       0.03984307  d_xz
   18   3   2   2       0.02137679  d_x2-y2
   19   1   0   0       1.36510606  s
   19   2   1  -1       0.83166788  p_y
   19   2   1   0       0.82649719  p_z
   19   2   1   1       0.83050174  p_x
   19   3   2  -2       0.03545844  d_xy
   19   3   2  -1       0.03726897  d_yz
   19   3   2   0       0.01882449  d_z2
   19   3   2   1       0.04016974  d_xz
   19   3   2   2       0.01699004  d_x2-y2
   20   1   0   0       1.38203800  s
   20   2   1  -1       0.82371682  p_y
   20   2   1   0       0.83425151  p_z
   20   2   1   1       0.83296753  p_x
   20   3   2  -2       0.04004998  d_xy
   20   3   2  -1       0.03394850  d_yz
   20   3   2   0       0.01660785  d_z2
   20   3   2   1       0.03261309  d_xz
   20   3   2   2       0.01570963  d_x2-y2
   21   1   0   0       1.34668942  s
   21   2   1  -1       0.82743405  p_y
   21   2   1   0       0.82848815  p_z
   21   2   1   1       0.82916780  p_x
   21   3   2  -2       0.03935286  d_xy
   21   3   2  -1       0.03758274  d_yz
   21   3   2   0       0.01931768  d_z2
   21   3   2   1       0.04170166  d_xz
   21   3   2   2       0.02057429  d_x2-y2
   22   1   0   0       1.37875000  s
   22   2   1  -1       0.83041276  p_y
   22   2   1   0       0.82438857  p_z
   22   2   1   1       0.83095303  p_x
   22   3   2  -2       0.03477166  d_xy
   22   3   2  -1       0.03667410  d_yz
   22   3   2   0       0.01837889  d_z2
   22   3   2   1       0.04083769  d_xz
   22   3   2   2       0.01675086  d_x2-y2
   23   1   0   0       1.36155797  s
   23   2   1  -1       0.82542835  p_y
   23   2   1   0       0.82592792  p_z
   23   2   1   1       0.82417219  p_x
   23   3   2  -2       0.04064324  d_xy
   23   3   2  -1       0.03967294  d_yz
   23   3   2   0       0.02237029  d_z2
   23   3   2   1       0.04111637  d_xz
   23   3   2   2       0.01872158  d_x2-y2
   24   1   0   0       1.38974181  s
   24   2   1  -1       0.82961026  p_y
   24   2   1   0       0.83042379  p_z
   24   2   1   1       0.83284796  p_x
   24   3   2  -2       0.03365715  d_xy
   24   3   2  -1       0.03644379  d_yz
   24   3   2   0       0.01593346  d_z2
   24   3   2   1       0.03778907  d_xz
   24   3   2   2       0.01745128  d_x2-y2
   25   1   0   0       1.36358088  s
   25   2   1  -1       0.83228242  p_y
   25   2   1   0       0.82666701  p_z
   25   2   1   1       0.83031468  p_x
   25   3   2  -2       0.03854982  d_xy
   25   3   2  -1       0.03495912  d_yz
   25   3   2   0       0.01911779  d_z2
   25   3   2   1       0.03724859  d_xz
   25   3   2   2       0.01629648  d_x2-y2
   26   1   0   0       1.34066439  s
   26   2   1  -1       0.83334612  p_y
   26   2   1   0       0.82730169  p_z
   26   2   1   1       0.82899817  p_x
   26   3   2  -2       0.03869954  d_xy
   26   3   2  -1       0.03833191  d_yz
   26   3   2   0       0.02033369  d_z2
   26   3   2   1       0.04325572  d_xz
   26   3   2   2       0.01940245  d_x2-y2
   27   1   0   0       1.36263095  s
   27   2   1  -1       0.82561196  p_y
   27   2   1   0       0.82928424  p_z
   27   2   1   1       0.82848300  p_x
   27   3   2  -2       0.04066601  d_xy
   27   3   2  -1       0.04111865  d_yz
   27   3   2   0       0.01956948  d_z2
   27   3   2   1       0.03778979  d_xz
   27   3   2   2       0.01938473  d_x2-y2
   28   1   0   0       1.33583796  s
   28   2   1  -1       0.82065251  p_y
   28   2   1   0       0.82311584  p_z
   28   2   1   1       0.82584981  p_x
   28   3   2  -2       0.04145086  d_xy
   28   3   2  -1       0.04504870  d_yz
   28   3   2   0       0.02394860  d_z2
   28   3   2   1       0.04143811  d_xz
   28   3   2   2       0.02295681  d_x2-y2
   29   1   0   0       1.36689914  s
   29   2   1  -1       0.83004204  p_y
   29   2   1   0       0.83482150  p_z
   29   2   1   1       0.82542011  p_x
   29   3   2  -2       0.04094680  d_xy
   29   3   2  -1       0.03518564  d_yz
   29   3   2   0       0.01833977  d_z2
   29   3   2   1       0.03744293  d_xz
   29   3   2   2       0.01765310  d_x2-y2
   30   1   0   0       1.35182611  s
   30   2   1  -1       0.83192805  p_y
   30   2   1   0       0.83211549  p_z
   30   2   1   1       0.83126761  p_x
   30   3   2  -2       0.03969351  d_xy
   30   3   2  -1       0.03973469  d_yz
   30   3   2   0       0.01879974  d_z2
   30   3   2   1       0.03592949  d_xz
   30   3   2   2       0.01955136  d_x2-y2
   31   1   0   0       1.37034223  s
   31   2   1  -1       0.82777856  p_y
   31   2   1   0       0.82894719  p_z
   31   2   1   1       0.82813415  p_x
   31   3   2  -2       0.03746329  d_xy
   31   3   2  -1       0.03885703  d_yz
   31   3   2   0       0.01732246  d_z2
   31   3   2   1       0.03366597  d_xz
   31   3   2   2       0.01690555  d_x2-y2
   32   1   0   0       1.34652599  s
   32   2   1  -1       0.82769956  p_y
   32   2   1   0       0.82380460  p_z
   32   2   1   1       0.83058973  p_x
   32   3   2  -2       0.03966960  d_xy
   32   3   2  -1       0.04187762  d_yz
   32   3   2   0       0.02148746  d_z2
   32   3   2   1       0.04042989  d_xz
   32   3   2   2       0.01997249  d_x2-y2
   33   1   0   0       1.35782285  s
   33   2   1  -1       0.82790502  p_y
   33   2   1   0       0.82686441  p_z
   33   2   1   1       0.82853583  p_x
   33   3   2  -2       0.04120039  d_xy
   33   3   2  -1       0.03689303  d_yz
   33   3   2   0       0.01970329  d_z2
   33   3   2   1       0.03984530  d_xz
   33   3   2   2       0.01898720  d_x2-y2
   34   1   0   0       1.38962889  s
   34   2   1  -1       0.83575417  p_y
   34   2   1   0       0.82377637  p_z
   34   2   1   1       0.83265872  p_x
   34   3   2  -2       0.03294937  d_xy
   34   3   2  -1       0.03329438  d_yz
   34   3   2   0       0.01688254  d_z2
   34   3   2   1       0.03983692  d_xz
   34   3   2   2       0.01477522  d_x2-y2
   35   1   0   0       1.35647962  s
   35   2   1  -1       0.82720586  p_y
   35   2   1   0       0.82674636  p_z
   35   2   1   1       0.82722225  p_x
   35   3   2  -2       0.03926381  d_xy
   35   3   2  -1       0.04158255  d_yz
   35   3   2   0       0.02063440  d_z2
   35   3   2   1       0.04086651  d_xz
   35   3   2   2       0.02015271  d_x2-y2
   36   1   0   0       1.38515576  s
   36   2   1  -1       0.82788853  p_y
   36   2   1   0       0.82480431  p_z
   36   2   1   1       0.82876805  p_x
   36   3   2  -2       0.03582339  d_xy
   36   3   2  -1       0.03631346  d_yz
   36   3   2   0       0.01686654  d_z2
   36   3   2   1       0.03806494  d_xz
   36   3   2   2       0.01754455  d_x2-y2
   37   1   0   0       1.34905945  s
   37   2   1  -1       0.82598127  p_y
   37   2   1   0       0.82426339  p_z
   37   2   1   1       0.82675719  p_x
   37   3   2  -2       0.03986549  d_xy
   37   3   2  -1       0.04068309  d_yz
   37   3   2   0       0.02110534  d_z2
   37   3   2   1       0.04128295  d_xz
   37   3   2   2       0.01978833  d_x2-y2
   38   1   0   0       1.37606689  s
   38   2   1  -1       0.82873972  p_y
   38   2   1   0       0.83104695  p_z
   38   2   1   1       0.82301642  p_x
   38   3   2  -2       0.03827576  d_xy
   38   3   2  -1       0.03581021  d_yz
   38   3   2   0       0.01791548  d_z2
   38   3   2   1       0.03932081  d_xz
   38   3   2   2       0.01771878  d_x2-y2
   39   1   0   0       1.35301907  s
   39   2   1  -1       0.82798812  p_y
   39   2   1   0       0.81875852  p_z
   39   2   1   1       0.82894336  p_x
   39   3   2  -2       0.03530138  d_xy
   39   3   2  -1       0.04152349  d_yz
   39   3   2   0       0.02055470  d_z2
   39   3   2   1       0.04280286  d_xz
   39   3   2   2       0.02059710  d_x2-y2
   40   1   0   0       1.33489325  s
   40   2   1  -1       0.82816539  p_y
   40   2   1   0       0.83296163  p_z
   40   2   1   1       0.83048269  p_x
   40   3   2  -2       0.04149141  d_xy
   40   3   2  -1       0.04317305  d_yz
   40   3   2   0       0.01992287  d_z2
   40   3   2   1       0.03795618  d_xz
   40   3   2   2       0.02283683  d_x2-y2
   41   1   0   0       1.36609941  s
   41   2   1  -1       0.82741133  p_y
   41   2   1   0       0.82817607  p_z
   41   2   1   1       0.82807705  p_x
   41   3   2  -2       0.03920945  d_xy
   41   3   2  -1       0.03997608  d_yz
   41   3   2   0       0.01897421  d_z2
   41   3   2   1       0.03561479  d_xz
   41   3   2   2       0.01795234  d_x2-y2
   42   1   0   0       1.33629266  s
   42   2   1  -1       0.82856520  p_y
   42   2   1   0       0.82976891  p_z
   42   2   1   1       0.82911633  p_x
   42   3   2  -2       0.03695701  d_xy
   42   3   2  -1       0.04578084  d_yz
   42   3   2   0       0.01947226  d_z2
   42   3   2   1       0.04058674  d_xz
   42   3   2   2       0.02417126  d_x2-y2
   43   1   0   0       1.35467231  s
   43   2   1  -1       0.83275755  p_y
   43   2   1   0       0.83282450  p_z
   43   2   1   1       0.82946850  p_x
   43   3   2  -2       0.03718355  d_xy
   43   3   2  -1       0.03828990  d_yz
   43   3   2   0       0.01820134  d_z2
   43   3   2   1       0.03786221  d_xz
   43   3   2   2       0.01894648  d_x2-y2
   44   1   0   0       1.34433150  s
   44   2   1  -1       0.82841179  p_y
   44   2   1   0       0.83329077  p_z
   44   2   1   1       0.83097302  p_x
   44   3   2  -2       0.04346639  d_xy
   44   3   2  -1       0.03754568  d_yz
   44   3   2   0       0.02000828  d_z2
   44   3   2   1       0.03638216  d_xz
   44   3   2   2       0.01919297  d_x2-y2
   45   1   0   0       1.35794539  s
   45   2   1  -1       0.82558822  p_y
   45   2   1   0       0.81956738  p_z
   45   2   1   1       0.82528541  p_x
   45   3   2  -2       0.03846289  d_xy
   45   3   2  -1       0.04159309  d_yz
   45   3   2   0       0.01994115  d_z2
   45   3   2   1       0.03861967  d_xz
   45   3   2   2       0.02045759  d_x2-y2
   46   1   0   0       1.36627729  s
   46   2   1  -1       0.82590882  p_y
   46   2   1   0       0.82978523  p_z
   46   2   1   1       0.83371807  p_x
   46   3   2  -2       0.03949843  d_xy
   46   3   2  -1       0.04283087  d_yz
   46   3   2   0       0.01810427  d_z2
   46   3   2   1       0.03594051  d_xz
   46   3   2   2       0.01991711  d_x2-y2
   47   1   0   0       1.32923202  s
   47   2   1  -1       0.83166956  p_y
   47   2   1   0       0.82761107  p_z
   47   2   1   1       0.82697295  p_x
   47   3   2  -2       0.04228727  d_xy
   47   3   2  -1       0.03985369  d_yz
   47   3   2   0       0.02205633  d_z2
   47   3   2   1       0.04371964  d_xz
   47   3   2   2       0.02274469  d_x2-y2
   48   1   0   0       1.38664832  s
   48   2   1  -1       0.83138535  p_y
   48   2   1   0       0.82965225  p_z
   48   2   1   1       0.83135306  p_x
   48   3   2  -2       0.03575578  d_xy
   48   3   2  -1       0.03528083  d_yz
   48   3   2   0       0.01710403  d_z2
   48   3   2   1       0.04092432  d_xz
   48   3   2   2       0.01686359  d_x2-y2
   49   1   0   0       1.36986833  s
   49   2   1  -1       0.83023250  p_y
   49   2   1   0       0.82973973  p_z
   49   2   1   1       0.82712506  p_x
   49   3   2  -2       0.04258322  d_xy
   49   3   2  -1       0.03450427  d_yz
   49   3   2   0       0.01830910  d_z2
   49   3   2   1       0.03885598  d_xz
   49   3   2   2       0.01876209  d_x2-y2
   50   1   0   0       1.40792590  s
   50   2   1  -1       0.82645951  p_y
   50   2   1   0       0.83206889  p_z
   50   2   1   1       0.83011346  p_x
   50   3   2  -2       0.03290381  d_xy
   50   3   2  -1       0.03628581  d_yz
   50   3   2   0       0.01406428  d_z2
   50   3   2   1       0.03213744  d_xz
   50   3   2   2       0.01480757  d_x2-y2
   51   1   0   0       1.34918372  s
   51   2   1  -1       0.82850973  p_y
   51   2   1   0       0.82175915  p_z
   51   2   1   1       0.82815331  p_x
   51   3   2  -2       0.03931390  d_xy
   51   3   2  -1       0.04540247  d_yz
   51   3   2   0       0.02191332  d_z2
   51   3   2   1       0.04002024  d_xz
   51   3   2   2       0.02034281  d_x2-y2
   52   1   0   0       1.33321949  s
   52   2   1  -1       0.82891468  p_y
   52   2   1   0       0.83119109  p_z
   52   2   1   1       0.82311625  p_x
   52   3   2  -2       0.04286024  d_xy
   52   3   2  -1       0.03956901  d_yz
   52   3   2   0       0.02160149  d_z2
   52   3   2   1       0.04616729  d_xz
   52   3   2   2       0.02415720  d_x2-y2
   53   1   0   0       1.34249575  s
   53   2   1  -1       0.82486003  p_y
   53   2   1   0       0.82431853  p_z
   53   2   1   1       0.82793288  p_x
   53   3   2  -2       0.03876875  d_xy
   53   3   2  -1       0.04468836  d_yz
   53   3   2   0       0.02238422  d_z2
   53   3   2   1       0.04271326  d_xz
   53   3   2   2       0.02169302  d_x2-y2
   54   1   0   0       1.39031940  s
   54   2   1  -1       0.82807072  p_y
   54   2   1   0       0.82635401  p_z
   54   2   1   1       0.83438328  p_x
   54   3   2  -2       0.03690331  d_xy
   54   3   2  -1       0.03540228  d_yz
   54   3   2   0       0.01781910  d_z2
   54   3   2   1       0.03456032  d_xz
   54   3   2   2       0.01452201  d_x2-y2
   55   1   0   0       1.36214671  s
   55   2   1  -1       0.83018504  p_y
   55   2   1   0       0.83035854  p_z
   55   2   1   1       0.82519280  p_x
   55   3   2  -2       0.03983345  d_xy
   55   3   2  -1       0.03640579  d_yz
   55   3   2   0       0.01863631  d_z2
   55   3   2   1       0.04187548  d_xz
   55   3   2   2       0.02071196  d_x2-y2
   56   1   0   0       1.36220711  s
   56   2   1  -1       0.82511787  p_y
   56   2   1   0       0.82216567  p_z
   56   2   1   1       0.82852330  p_x
   56   3   2  -2       0.03811983  d_xy
   56   3   2  -1       0.04103268  d_yz
   56   3   2   0       0.01976545  d_z2
   56   3   2   1       0.04078379  d_xz
   56   3   2   2       0.02041793  d_x2-y2
   57   1   0   0       1.34292483  s
   57   2   1  -1       0.83447300  p_y
   57   2   1   0       0.83284190  p_z
   57   2   1   1       0.82882833  p_x
   57   3   2  -2       0.03989381  d_xy
   57   3   2  -1       0.03587661  d_yz
   57   3   2   0       0.02020681  d_z2
   57   3   2   1       0.04143951  d_xz
   57   3   2   2       0.01956604  d_x2-y2
   58   1   0   0       1.31426032  s
   58   2   1  -1       0.82827483  p_y
   58   2   1   0       0.83221388  p_z
   58   2   1   1       0.82396588  p_x
   58   3   2  -2       0.04657868  d_xy
   58   3   2  -1       0.04273768  d_yz
   58   3   2   0       0.02381121  d_z2
   58   3   2   1       0.04401222  d_xz
   58   3   2   2       0.02524253  d_x2-y2
   59   1   0   0       1.38313432  s
   59   2   1  -1       0.82871937  p_y
   59   2   1   0       0.82779985  p_z
   59   2   1   1       0.83210671  p_x
   59   3   2  -2       0.03216637  d_xy
   59   3   2  -1       0.03820618  d_yz
   59   3   2   0       0.01642440  d_z2
   59   3   2   1       0.03588859  d_xz
   59   3   2   2       0.01547862  d_x2-y2
   60   1   0   0       1.37746041  s
   60   2   1  -1       0.82646136  p_y
   60   2   1   0       0.83014890  p_z
   60   2   1   1       0.82481031  p_x
   60   3   2  -2       0.04106883  d_xy
   60   3   2  -1       0.03722236  d_yz
   60   3   2   0       0.01884283  d_z2
   60   3   2   1       0.03457113  d_xz
   60   3   2   2       0.01679827  d_x2-y2
   61   1   0   0       1.37384851  s
   61   2   1  -1       0.82278547  p_y
   61   2   1   0       0.83343513  p_z
   61   2   1   1       0.83367263  p_x
   61   3   2  -2       0.04181986  d_xy
   61   3   2  -1       0.03888474  d_yz
   61   3   2   0       0.01706215  d_z2
   61   3   2   1       0.03246900  d_xz
   61   3   2   2       0.01790293  d_x2-y2
   62   1   0   0       1.32102460  s
   62   2   1  -1       0.82719910  p_y
   62   2   1   0       0.82887599  p_z
   62   2   1   1       0.82240619  p_x
   62   3   2  -2       0.04498607  d_xy
   62   3   2  -1       0.04032780  d_yz
   62   3   2   0       0.02377448  d_z2
   62   3   2   1       0.04744070  d_xz
   62   3   2   2       0.02440264  d_x2-y2
   63   1   0   0       1.34457694  s
   63   2   1  -1       0.82849473  p_y
   63   2   1   0       0.83017286  p_z
   63   2   1   1       0.82866326  p_x
   63   3   2  -2       0.04462832  d_xy
   63   3   2  -1       0.04098247  d_yz
   63   3   2   0       0.02085338  d_z2
   63   3   2   1       0.03906749  d_xz
   63   3   2   2       0.02133826  d_x2-y2
   64   1   0   0       1.34889462  s
   64   2   1  -1       0.83012963  p_y
   64   2   1   0       0.82524019  p_z
   64   2   1   1       0.82376465  p_x
   64   3   2  -2       0.03753321  d_xy
   64   3   2  -1       0.04181798  d_yz
   64   3   2   0       0.02019511  d_z2
   64   3   2   1       0.04255416  d_xz
   64   3   2   2       0.02284462  d_x2-y2

Fermi level:                        -0.1322384422 H           -3.5984 eV
Band energy:                       -88.1905934963 H        -2399.7881 eV
TS:                                  0.0000000000 H            0.0000 eV
Band free energy (E-TS):           -88.1905934963 H        -2399.7881 eV
Extrapolated E(0K):                -88.1905934963 H        -2399.7881 eV
Input / Output electrons (q):    256.0000000000    256.0000000000

Energy H0:                         -88.1776384469 H        -2399.4356 eV
Energy SCC:                          0.0004028720 H            0.0110 eV
Total Electronic energy:           -88.1772355749 H        -2399.4247 eV
Repulsive energy:                    0.0000000000 H            0.0000 eV
Total energy:                      -88.1772355749 H        -2399.4247 eV
Extrapolated to 0:                 -88.1772355749 H        -2399.4247 eV
Total Mermin free energy:          -88.1772355749 H        -2399.4247 eV
Force related energy:              -88.1772355749 H        -2399.4247 eV

Non-constrained calculation

SCC converged

Warning: dipole moment is not defined absolutely!
Dipole moment:   -0.31473378   -0.13626484   -0.35334802 au
Dipole moment:   -0.79997353   -0.34635069   -0.89812114 Debye


