 Fermi distribution function

Calculation with static geometry


********************************************************************************
 iSCC Total electronic   Diff electronic      SCC error    
    9   -0.88193931E+02   -0.10139445E-08    0.70504833E-05
********************************************************************************

 Total charge:    -0.00000000

 Atomic gross charges (e)
 Atom           Charge
    1       0.00230996
    2       0.00649193
    3      -0.00952112
    4       0.00278084
    5      -0.00293101
    6      -0.00417404
    7      -0.01329492
    8      -0.01234582
    9       0.00111429
   10      -0.00852070
   11      -0.00519549
   12       0.00956787
   13      -0.01838248
   14      -0.01165137
   15      -0.00762314
   16       0.00054518
   17       0.00949488
   18      -0.00167069
   19       0.01599399
   20       0.01152787
   21       0.00479047
   22       0.00312357
   23      -0.00433227
   24       0.01269128
   25       0.01504425
   26       0.01111343
   27       0.02191882
   28      -0.00592841
   29      -0.00202158
   30       0.00523977
   31       0.00201205
   32      -0.02864842
   33      -0.01012214
   34      -0.01135275
   35      -0.02119048
   36       0.01443225
   37      -0.01442344
   38       0.01431112
   39      -0.00729623
   40      -0.00991414
   41       0.00180246
   42      -0.01608477
   43      -0.00568946
   44      -0.00521085
   45       0.00698359
   46      -0.00368388
   47      -0.00724030
   48      -0.02585565
   49       0.02631838
   50       0.01662379
   51      -0.00120362
   52      -0.01248604
   53      -0.00696692
   54       0.01334949
   55       0.01924297
   56      -0.00041863
   57       0.01883115
   58      -0.00848495
   59       0.01497396
   60       0.00005338
   61       0.01384456
   62       0.00052880
   63       0.00813867
   64      -0.00132931

Nr. of electrons (up):    256.00000000
Atom populations (up)
 Atom       Population
    1       3.99769004
    2       3.99350807
    3       4.00952112
    4       3.99721916
    5       4.00293101
    6       4.00417404
    7       4.01329492
    8       4.01234582
    9       3.99888571
   10       4.00852070
   11       4.00519549
   12       3.99043213
   13       4.01838248
   14       4.01165137
   15       4.00762314
   16       3.99945482
   17       3.99050512
   18       4.00167069
   19       3.98400601
   20       3.98847213
   21       3.99520953
   22       3.99687643
   23       4.00433227
   24       3.98730872
   25       3.98495575
   26       3.98888657
   27       3.97808118
   28       4.00592841
   29       4.00202158
   30       3.99476023
   31       3.99798795
   32       4.02864842
   33       4.01012214
   34       4.01135275
   35       4.02119048
   36       3.98556775
   37       4.01442344
   38       3.98568888
   39       4.00729623
   40       4.00991414
   41       3.99819754
   42       4.01608477
   43       4.00568946
   44       4.00521085
   45       3.99301641
   46       4.00368388
   47       4.00724030
   48       4.02585565
   49       3.97368162
   50       3.98337621
   51       4.00120362
   52       4.01248604
   53       4.00696692
   54       3.98665051
   55       3.98075703
   56       4.00041863
   57       3.98116885
   58       4.00848495
   59       3.98502604
   60       3.99994662
   61       3.98615544
   62       3.99947120
   63       3.99186133
   64       4.00132931

l-shell populations (up)
 Atom Sh.   l       Population
    1   1   0       1.35554106
    1   2   1       2.47923228
    1   3   2       0.16291669
    2   1   0       1.35811897
    2   2   1       2.48076016
    2   3   2       0.15462894
    3   1   0       1.36548830
    3   2   1       2.48849179
    3   3   2       0.15554104
    4   1   0       1.34921297
    4   2   1       2.48108080
    4   3   2       0.16692539
    5   1   0       1.35225821
    5   2   1       2.49474472
    5   3   2       0.15592809
    6   1   0       1.36609741
    6   2   1       2.48937500
    6   3   2       0.14870163
    7   1   0       1.36929554
    7   2   1       2.49658413
    7   3   2       0.14741525
    8   1   0       1.37286819
    8   2   1       2.48692480
    8   3   2       0.15255282
    9   1   0       1.35475507
    9   2   1       2.48919382
    9   3   2       0.15493682
   10   1   0       1.35515797
   10   2   1       2.48574509
   10   3   2       0.16761764
   11   1   0       1.36081764
   11   2   1       2.49354469
   11   3   2       0.15083316
   12   1   0       1.33974917
   12   2   1       2.47893395
   12   3   2       0.17174901
   13   1   0       1.36652806
   13   2   1       2.50056817
   13   3   2       0.15128626
   14   1   0       1.36431901
   14   2   1       2.49012548
   14   3   2       0.15720688
   15   1   0       1.36575127
   15   2   1       2.48026648
   15   3   2       0.16160539
   16   1   0       1.36352561
   16   2   1       2.48322881
   16   3   2       0.15270040
   17   1   0       1.35263904
   17   2   1       2.48350189
   17   3   2       0.15436419
   18   1   0       1.36550462
   18   2   1       2.48907350
   18   3   2       0.14709257
   19   1   0       1.34242864
   19   2   1       2.47795526
   19   3   2       0.16362211
   20   1   0       1.33221810
   20   2   1       2.47766434
   20   3   2       0.17858968
   21   1   0       1.35353716
   21   2   1       2.48665446
   21   3   2       0.15501791
   22   1   0       1.35354640
   22   2   1       2.48733523
   22   3   2       0.15599480
   23   1   0       1.37464384
   23   2   1       2.49517664
   23   3   2       0.13451179
   24   1   0       1.33059765
   24   2   1       2.47691687
   24   3   2       0.17979421
   25   1   0       1.34515619
   25   2   1       2.47032772
   25   3   2       0.16947184
   26   1   0       1.34223231
   26   2   1       2.48621827
   26   3   2       0.16043599
   27   1   0       1.33502035
   27   2   1       2.47464318
   27   3   2       0.16841765
   28   1   0       1.37361209
   28   2   1       2.48625389
   28   3   2       0.14606243
   29   1   0       1.36196949
   29   2   1       2.48907276
   29   3   2       0.15097934
   30   1   0       1.34851645
   30   2   1       2.49045929
   30   3   2       0.15578449
   31   1   0       1.35884043
   31   2   1       2.48072438
   31   3   2       0.15842314
   32   1   0       1.40386713
   32   2   1       2.49329091
   32   3   2       0.13149038
   33   1   0       1.37968133
   33   2   1       2.48778562
   33   3   2       0.14265520
   34   1   0       1.37181996
   34   2   1       2.48660459
   34   3   2       0.15292820
   35   1   0       1.39096796
   35   2   1       2.49139913
   35   3   2       0.13882340
   36   1   0       1.33377550
   36   2   1       2.48291821
   36   3   2       0.16887405
   37   1   0       1.37268087
   37   2   1       2.49116998
   37   3   2       0.15057259
   38   1   0       1.31893342
   38   2   1       2.47782947
   38   3   2       0.18892599
   39   1   0       1.36390902
   39   2   1       2.48598541
   39   3   2       0.15740180
   40   1   0       1.36568883
   40   2   1       2.49074227
   40   3   2       0.15348303
   41   1   0       1.34878102
   41   2   1       2.49174966
   41   3   2       0.15766686
   42   1   0       1.38258625
   42   2   1       2.49345336
   42   3   2       0.14004517
   43   1   0       1.35702753
   43   2   1       2.48968022
   43   3   2       0.15898171
   44   1   0       1.35924460
   44   2   1       2.48813735
   44   3   2       0.15782889
   45   1   0       1.33524054
   45   2   1       2.47999075
   45   3   2       0.17778512
   46   1   0       1.36562305
   46   2   1       2.48678490
   46   3   2       0.15127593
   47   1   0       1.36083007
   47   2   1       2.48755706
   47   3   2       0.15885316
   48   1   0       1.39365971
   48   2   1       2.49645548
   48   3   2       0.13574046
   49   1   0       1.33215313
   49   2   1       2.47361260
   49   3   2       0.16791589
   50   1   0       1.33089448
   50   2   1       2.47899248
   50   3   2       0.17348925
   51   1   0       1.37121793
   51   2   1       2.47976786
   51   3   2       0.15021783
   52   1   0       1.38595524
   52   2   1       2.48556364
   52   3   2       0.14096716
   53   1   0       1.37449907
   53   2   1       2.49117731
   53   3   2       0.14129053
   54   1   0       1.33750582
   54   2   1       2.47797925
   54   3   2       0.17116544
   55   1   0       1.32068070
   55   2   1       2.47701601
   55   3   2       0.18306032
   56   1   0       1.36118771
   56   2   1       2.48775931
   56   3   2       0.15147161
   57   1   0       1.33375178
   57   2   1       2.47648339
   57   3   2       0.17093367
   58   1   0       1.37750335
   58   2   1       2.48973255
   58   3   2       0.14124905
   59   1   0       1.33549081
   59   2   1       2.48123558
   59   3   2       0.16829966
   60   1   0       1.36186865
   60   2   1       2.49206107
   60   3   2       0.14601690
   61   1   0       1.34889755
   61   2   1       2.46784897
   61   3   2       0.16940892
   62   1   0       1.35936574
   62   2   1       2.48705444
   62   3   2       0.15305102
   63   1   0       1.34724165
   63   2   1       2.48725957
   63   3   2       0.15736011
   64   1   0       1.35959991
   64   2   1       2.47476752
   64   3   2       0.16696188

Orbital populations (up)
 Atom Sh.   l   m       Population  Label
    1   1   0   0       1.35554106  s
    1   2   1  -1       0.82132170  p_y
    1   2   1   0       0.83066988  p_z
    1   2   1   1       0.82724070  p_x
    1   3   2  -2       0.04167746  d_xy
    1   3   2  -1       0.04180332  d_yz
    1   3   2   0       0.01921357  d_z2
    1   3   2   1       0.03869004  d_xz
    1   3   2   2       0.02153231  d_x2-y2
    2   1   0   0       1.35811897  s
    2   2   1  -1       0.83297160  p_y
    2   2   1   0       0.82556585  p_z
    2   2   1   1       0.82222271  p_x
    2   3   2  -2       0.03731646  d_xy
    2   3   2  -1       0.03770140  d_yz
    2   3   2   0       0.01814334  d_z2
    2   3   2   1       0.04140266  d_xz
    2   3   2   2       0.02006507  d_x2-y2
    3   1   0   0       1.36548830  s
    3   2   1  -1       0.83037450  p_y
    3   2   1   0       0.83026962  p_z
    3   2   1   1       0.82784766  p_x
    3   3   2  -2       0.04031900  d_xy
    3   3   2  -1       0.03643882  d_yz
    3   3   2   0       0.01880660  d_z2
    3   3   2   1       0.04023849  d_xz
    3   3   2   2       0.01973813  d_x2-y2
    4   1   0   0       1.34921297  s
    4   2   1  -1       0.83001481  p_y
    4   2   1   0       0.82179253  p_z
    4   2   1   1       0.82927345  p_x
    4   3   2  -2       0.03868980  d_xy
    4   3   2  -1       0.04428091  d_yz
    4   3   2   0       0.02170538  d_z2
    4   3   2   1       0.04137284  d_xz
    4   3   2   2       0.02087647  d_x2-y2
    5   1   0   0       1.35225821  s
    5   2   1  -1       0.83669911  p_y
    5   2   1   0       0.82808329  p_z
    5   2   1   1       0.82996231  p_x
    5   3   2  -2       0.03580913  d_xy
    5   3   2  -1       0.03945258  d_yz
    5   3   2   0       0.01894233  d_z2
    5   3   2   1       0.04190410  d_xz
    5   3   2   2       0.01981995  d_x2-y2
    6   1   0   0       1.36609741  s
    6   2   1  -1       0.82675069  p_y
    6   2   1   0       0.82868553  p_z
    6   2   1   1       0.83393878  p_x
    6   3   2  -2       0.03999152  d_xy
    6   3   2  -1       0.03733278  d_yz
    6   3   2   0       0.01879805  d_z2
    6   3   2   1       0.03587754  d_xz
    6   3   2   2       0.01670174  d_x2-y2
    7   1   0   0       1.36929554  s
    7   2   1  -1       0.83647944  p_y
    7   2   1   0       0.82839741  p_z
    7   2   1   1       0.83170727  p_x
    7   3   2  -2       0.03532657  d_xy
    7   3   2  -1       0.03896669  d_yz
    7   3   2   0       0.01843376  d_z2
    7   3   2   1       0.03750013  d_xz
    7   3   2   2       0.01718810  d_x2-y2
    8   1   0   0       1.37286819  s
    8   2   1  -1       0.82766331  p_y
    8   2   1   0       0.83360052  p_z
    8   2   1   1       0.82566097  p_x
    8   3   2  -2       0.03855513  d_xy
    8   3   2  -1       0.03843018  d_yz
    8   3   2   0       0.01826742  d_z2
    8   3   2   1       0.03826575  d_xz
    8   3   2   2       0.01903433  d_x2-y2
    9   1   0   0       1.35475507  s
    9   2   1  -1       0.83266324  p_y
    9   2   1   0       0.83184252  p_z
    9   2   1   1       0.82468806  p_x
    9   3   2  -2       0.03804430  d_xy
    9   3   2  -1       0.03781310  d_yz
    9   3   2   0       0.01999368  d_z2
    9   3   2   1       0.03951472  d_xz
    9   3   2   2       0.01957103  d_x2-y2
   10   1   0   0       1.35515797  s
   10   2   1  -1       0.82812150  p_y
   10   2   1   0       0.82720421  p_z
   10   2   1   1       0.83041938  p_x
   10   3   2  -2       0.04119230  d_xy
   10   3   2  -1       0.04072702  d_yz
   10   3   2   0       0.02227160  d_z2
   10   3   2   1       0.04297414  d_xz
   10   3   2   2       0.02045258  d_x2-y2
   11   1   0   0       1.36081764  s
   11   2   1  -1       0.82850593  p_y
   11   2   1   0       0.83392688  p_z
   11   2   1   1       0.83111188  p_x
   11   3   2  -2       0.03779784  d_xy
   11   3   2  -1       0.03755121  d_yz
   11   3   2   0       0.01850074  d_z2
   11   3   2   1       0.03784007  d_xz
   11   3   2   2       0.01914330  d_x2-y2
   12   1   0   0       1.33974917  s
   12   2   1  -1       0.83098339  p_y
   12   2   1   0       0.81809889  p_z
   12   2   1   1       0.82985167  p_x
   12   3   2  -2       0.03911835  d_xy
   12   3   2  -1       0.04434684  d_yz
   12   3   2   0       0.02294909  d_z2
   12   3   2   1       0.04420723  d_xz
   12   3   2   2       0.02112750  d_x2-y2
   13   1   0   0       1.36652806  s
   13   2   1  -1       0.83328671  p_y
   13   2   1   0       0.83603161  p_z
   13   2   1   1       0.83124985  p_x
   13   3   2  -2       0.03918053  d_xy
   13   3   2  -1       0.03501553  d_yz
   13   3   2   0       0.01816885  d_z2
   13   3   2   1       0.03965394  d_xz
   13   3   2   2       0.01926740  d_x2-y2
   14   1   0   0       1.36431901  s
   14   2   1  -1       0.83145845  p_y
   14   2   1   0       0.82949869  p_z
   14   2   1   1       0.82916834  p_x
   14   3   2  -2       0.04027111  d_xy
   14   3   2  -1       0.03702681  d_yz
   14   3   2   0       0.02073650  d_z2
   14   3   2   1       0.04080723  d_xz
   14   3   2   2       0.01836524  d_x2-y2
   15   1   0   0       1.36575127  s
   15   2   1  -1       0.82477322  p_y
   15   2   1   0       0.82642493  p_z
   15   2   1   1       0.82906833  p_x
   15   3   2  -2       0.03934347  d_xy
   15   3   2  -1       0.04068339  d_yz
   15   3   2   0       0.01941504  d_z2
   15   3   2   1       0.04144104  d_xz
   15   3   2   2       0.02072244  d_x2-y2
   16   1   0   0       1.36352561  s
   16   2   1  -1       0.83209738  p_y
   16   2   1   0       0.82464493  p_z
   16   2   1   1       0.82648650  p_x
   16   3   2  -2       0.03615392  d_xy
   16   3   2  -1       0.03863206  d_yz
   16   3   2   0       0.01971514  d_z2
   16   3   2   1       0.04019161  d_xz
   16   3   2   2       0.01800769  d_x2-y2
   17   1   0   0       1.35263904  s
   17   2   1  -1       0.82601337  p_y
   17   2   1   0       0.82948715  p_z
   17   2   1   1       0.82800137  p_x
   17   3   2  -2       0.03960134  d_xy
   17   3   2  -1       0.04079735  d_yz
   17   3   2   0       0.01849525  d_z2
   17   3   2   1       0.03575306  d_xz
   17   3   2   2       0.01971720  d_x2-y2
   18   1   0   0       1.36550462  s
   18   2   1  -1       0.82837367  p_y
   18   2   1   0       0.83257041  p_z
   18   2   1   1       0.82812942  p_x
   18   3   2  -2       0.03681544  d_xy
   18   3   2  -1       0.03657948  d_yz
   18   3   2   0       0.01705393  d_z2
   18   3   2   1       0.03823169  d_xz
   18   3   2   2       0.01841202  d_x2-y2
   19   1   0   0       1.34242864  s
   19   2   1  -1       0.82716753  p_y
   19   2   1   0       0.82859824  p_z
   19   2   1   1       0.82218949  p_x
   19   3   2  -2       0.04206748  d_xy
   19   3   2  -1       0.04064634  d_yz
   19   3   2   0       0.02057332  d_z2
   19   3   2   1       0.03969087  d_xz
   19   3   2   2       0.02064410  d_x2-y2
   20   1   0   0       1.33221810  s
   20   2   1  -1       0.82547002  p_y
   20   2   1   0       0.82496329  p_z
   20   2   1   1       0.82723103  p_x
   20   3   2  -2       0.04374126  d_xy
   20   3   2  -1       0.04373587  d_yz
   20   3   2   0       0.02495020  d_z2
   20   3   2   1       0.04361054  d_xz
   20   3   2   2       0.02255181  d_x2-y2
   21   1   0   0       1.35353716  s
   21   2   1  -1       0.82426670  p_y
   21   2   1   0       0.83414734  p_z
   21   2   1   1       0.82824042  p_x
   21   3   2  -2       0.03963018  d_xy
   21   3   2  -1       0.04140288  d_yz
   21   3   2   0       0.01817454  d_z2
   21   3   2   1       0.03585305  d_xz
   21   3   2   2       0.01995725  d_x2-y2
   22   1   0   0       1.35354640  s
   22   2   1  -1       0.82610190  p_y
   22   2   1   0       0.82921086  p_z
   22   2   1   1       0.83202246  p_x
   22   3   2  -2       0.03862037  d_xy
   22   3   2  -1       0.03990655  d_yz
   22   3   2   0       0.02053717  d_z2
   22   3   2   1       0.03777064  d_xz
   22   3   2   2       0.01916007  d_x2-y2
   23   1   0   0       1.37464384  s
   23   2   1  -1       0.82950992  p_y
   23   2   1   0       0.83331295  p_z
   23   2   1   1       0.83235377  p_x
   23   3   2  -2       0.03918682  d_xy
   23   3   2  -1       0.03210603  d_yz
   23   3   2   0       0.01609343  d_z2
   23   3   2   1       0.03191929  d_xz
   23   3   2   2       0.01520623  d_x2-y2
   24   1   0   0       1.33059765  s
   24   2   1  -1       0.82706802  p_y
   24   2   1   0       0.82218953  p_z
   24   2   1   1       0.82765932  p_x
   24   3   2  -2       0.04184582  d_xy
   24   3   2  -1       0.04354455  d_yz
   24   3   2   0       0.02375383  d_z2
   24   3   2   1       0.04640283  d_xz
   24   3   2   2       0.02424718  d_x2-y2
   25   1   0   0       1.34515619  s
   25   2   1  -1       0.82466702  p_y
   25   2   1   0       0.82065771  p_z
   25   2   1   1       0.82500299  p_x
   25   3   2  -2       0.04045289  d_xy
   25   3   2  -1       0.04069335  d_yz
   25   3   2   0       0.02312567  d_z2
   25   3   2   1       0.04536924  d_xz
   25   3   2   2       0.01983070  d_x2-y2
   26   1   0   0       1.34223231  s
   26   2   1  -1       0.82566781  p_y
   26   2   1   0       0.83032223  p_z
   26   2   1   1       0.83022823  p_x
   26   3   2  -2       0.04134493  d_xy
   26   3   2  -1       0.04032371  d_yz
   26   3   2   0       0.02013212  d_z2
   26   3   2   1       0.03851405  d_xz
   26   3   2   2       0.02012118  d_x2-y2
   27   1   0   0       1.33502035  s
   27   2   1  -1       0.82608985  p_y
   27   2   1   0       0.82735137  p_z
   27   2   1   1       0.82120196  p_x
   27   3   2  -2       0.04147781  d_xy
   27   3   2  -1       0.04128909  d_yz
   27   3   2   0       0.02010185  d_z2
   27   3   2   1       0.04215614  d_xz
   27   3   2   2       0.02339276  d_x2-y2
   28   1   0   0       1.37361209  s
   28   2   1  -1       0.82661560  p_y
   28   2   1   0       0.83064269  p_z
   28   2   1   1       0.82899560  p_x
   28   3   2  -2       0.04014865  d_xy
   28   3   2  -1       0.03788065  d_yz
   28   3   2   0       0.01810334  d_z2
   28   3   2   1       0.03267464  d_xz
   28   3   2   2       0.01725514  d_x2-y2
   29   1   0   0       1.36196949  s
   29   2   1  -1       0.83026885  p_y
   29   2   1   0       0.83319847  p_z
   29   2   1   1       0.82560543  p_x
   29   3   2  -2       0.03671494  d_xy
   29   3   2  -1       0.03857756  d_yz
   29   3   2   0       0.01694881  d_z2
   29   3   2   1       0.03849899  d_xz
   29   3   2   2       0.02023905  d_x2-y2
   30   1   0   0       1.34851645  s
   30   2   1  -1       0.83047540  p_y
   30   2   1   0       0.82971955  p_z
   30   2   1   1       0.83026434  p_x
   30   3   2  -2       0.03896028  d_xy
   30   3   2  -1       0.03871162  d_yz
   30   3   2   0       0.01968145  d_z2
   30   3   2   1       0.03957255  d_xz
   30   3   2   2       0.01885858  d_x2-y2
   31   1   0   0       1.35884043  s
   31   2   1  -1       0.82618544  p_y
   31   2   1   0       0.82782495  p_z
   31   2   1   1       0.82671399  p_x
   31   3   2  -2       0.04218548  d_xy
   31   3   2  -1       0.03607612  d_yz
   31   3   2   0       0.02004955  d_z2
   31   3   2   1       0.04133080  d_xz
   31   3   2   2       0.01878119  d_x2-y2
   32   1   0   0       1.40386713  s
   32   2   1  -1       0.82944154  p_y
   32   2   1   0       0.83348596  p_z
   32   2   1   1       0.83036341  p_x
   32   3   2  -2       0.03491364  d_xy
   32   3   2  -1       0.03538694  d_yz
   32   3   2   0       0.01587010  d_z2
   32   3   2   1       0.03137549  d_xz
   32   3   2   2       0.01394422  d_x2-y2
   33   1   0   0       1.37968133  s
   33   2   1  -1       0.82646844  p_y
   33   2   1   0       0.82901286  p_z
   33   2   1   1       0.83230433  p_x
   33   3   2  -2       0.03962231  d_xy
   33   3   2  -1       0.03813507  d_yz
   33   3   2   0       0.01821427  d_z2
   33   3   2   1       0.03058217  d_xz
   33   3   2   2       0.01610137  d_x2-y2
   34   1   0   0       1.37181996  s
   34   2   1  -1       0.83054702  p_y
   34   2   1   0       0.83224266  p_z
   34   2   1   1       0.82381491  p_x
   34   3   2  -2       0.03826610  d_xy
   34   3   2  -1       0.03590289  d_yz
   34   3   2   0       0.01812031  d_z2
   34   3   2   1       0.04156150  d_xz
   34   3   2   2       0.01907740  d_x2-y2
   35   1   0   0       1.39096796  s
   35   2   1  -1       0.82853161  p_y
   35   2   1   0       0.83253202  p_z
   35   2   1   1       0.83033550  p_x
   35   3   2  -2       0.03849069  d_xy
   35   3   2  -1       0.03448459  d_yz
   35   3   2   0       0.01497800  d_z2
   35   3   2   1       0.03341846  d_xz
   35   3   2   2       0.01745166  d_x2-y2
   36   1   0   0       1.33377550  s
   36   2   1  -1       0.82560680  p_y
   36   2   1   0       0.82869321  p_z
   36   2   1   1       0.82861820  p_x
   36   3   2  -2       0.04065533  d_xy
   36   3   2  -1       0.04316234  d_yz
   36   3   2   0       0.02133269  d_z2
   36   3   2   1       0.04147418  d_xz
   36   3   2   2       0.02224951  d_x2-y2
   37   1   0   0       1.37268087  s
   37   2   1  -1       0.83037088  p_y
   37   2   1   0       0.82854592  p_z
   37   2   1   1       0.83225318  p_x
   37   3   2  -2       0.03828865  d_xy
   37   3   2  -1       0.03839942  d_yz
   37   3   2   0       0.01878369  d_z2
   37   3   2   1       0.03730210  d_xz
   37   3   2   2       0.01779873  d_x2-y2
   38   1   0   0       1.31893342  s
   38   2   1  -1       0.82128032  p_y
   38   2   1   0       0.83099405  p_z
   38   2   1   1       0.82555511  p_x
   38   3   2  -2       0.04807424  d_xy
   38   3   2  -1       0.04510152  d_yz
   38   3   2   0       0.02386814  d_z2
   38   3   2   1       0.04431517  d_xz
   38   3   2   2       0.02756691  d_x2-y2
   39   1   0   0       1.36390902  s
   39   2   1  -1       0.82738901  p_y
   39   2   1   0       0.82767095  p_z
   39   2   1   1       0.83092544  p_x
   39   3   2  -2       0.03759449  d_xy
   39   3   2  -1       0.03942958  d_yz
   39   3   2   0       0.01934119  d_z2
   39   3   2   1       0.04160876  d_xz
   39   3   2   2       0.01942778  d_x2-y2
   40   1   0   0       1.36568883  s
   40   2   1  -1       0.83148978  p_y
   40   2   1   0       0.83173092  p_z
   40   2   1   1       0.82752157  p_x
   40   3   2  -2       0.04111177  d_xy
   40   3   2  -1       0.03521506  d_yz
   40   3   2   0       0.01986775  d_z2
   40   3   2   1       0.03986019  d_xz
   40   3   2   2       0.01742827  d_x2-y2
   41   1   0   0       1.34878102  s
   41   2   1  -1       0.82804535  p_y
   41   2   1   0       0.83386072  p_z
   41   2   1   1       0.82984359  p_x
   41   3   2  -2       0.03837601  d_xy
   41   3   2  -1       0.03776010  d_yz
   41   3   2   0       0.01906857  d_z2
   41   3   2   1       0.04169126  d_xz
   41   3   2   2       0.02077093  d_x2-y2
   42   1   0   0       1.38258625  s
   42   2   1  -1       0.83269332  p_y
   42   2   1   0       0.83023550  p_z
   42   2   1   1       0.83052453  p_x
   42   3   2  -2       0.03727307  d_xy
   42   3   2  -1       0.03620765  d_yz
   42   3   2   0       0.01708697  d_z2
   42   3   2   1       0.03277736  d_xz
   42   3   2   2       0.01670011  d_x2-y2
   43   1   0   0       1.35702753  s
   43   2   1  -1       0.82784174  p_y
   43   2   1   0       0.83226190  p_z
   43   2   1   1       0.82957658  p_x
   43   3   2  -2       0.03632371  d_xy
   43   3   2  -1       0.04188133  d_yz
   43   3   2   0       0.01747881  d_z2
   43   3   2   1       0.04057686  d_xz
   43   3   2   2       0.02272100  d_x2-y2
   44   1   0   0       1.35924460  s
   44   2   1  -1       0.82704812  p_y
   44   2   1   0       0.82843169  p_z
   44   2   1   1       0.83265754  p_x
   44   3   2  -2       0.04040623  d_xy
   44   3   2  -1       0.03997194  d_yz
   44   3   2   0       0.02108984  d_z2
   44   3   2   1       0.03819981  d_xz
   44   3   2   2       0.01816107  d_x2-y2
   45   1   0   0       1.33524054  s
   45   2   1  -1       0.82529598  p_y
   45   2   1   0       0.82797175  p_z
   45   2   1   1       0.82672303  p_x
   45   3   2  -2       0.04444800  d_xy
   45   3   2  -1       0.04115099  d_yz
   45   3   2   0       0.02268911  d_z2
   45   3   2   1       0.04553472  d_xz
   45   3   2   2       0.02396230  d_x2-y2
   46   1   0   0       1.36562305  s
   46   2   1  -1       0.82805117  p_y
   46   2   1   0       0.83367996  p_z
   46   2   1   1       0.82505376  p_x
   46   3   2  -2       0.03991548  d_xy
   46   3   2  -1       0.03522126  d_yz
   46   3   2   0       0.01826463  d_z2
   46   3   2   1       0.03892369  d_xz
   46   3   2   2       0.01895087  d_x2-y2
   47   1   0   0       1.36083007  s
   47   2   1  -1       0.83110384  p_y
   47   2   1   0       0.82670417  p_z
   47   2   1   1       0.82974906  p_x
   47   3   2  -2       0.03814098  d_xy
   47   3   2  -1       0.04329620  d_yz
   47   3   2   0       0.02068874  d_z2
   47   3   2   1       0.03749837  d_xz
   47   3   2   2       0.01922887  d_x2-y2
   48   1   0   0       1.39365971  s
   48   2   1  -1       0.83117107  p_y
   48   2   1   0       0.83657511  p_z
   48   2   1   1       0.82870930  p_x
   48   3   2  -2       0.03440735  d_xy
   48   3   2  -1       0.03696974  d_yz
   48   3   2   0       0.01502046  d_z2
   48   3   2   1       0.03320865  d_xz
   48   3   2   2       0.01613426  d_x2-y2
   49   1   0   0       1.33215313  s
   49   2   1  -1       0.82761504  p_y
   49   2   1   0       0.81970551  p_z
   49   2   1   1       0.82629204  p_x
   49   3   2  -2       0.03749827  d_xy
   49   3   2  -1       0.04549611  d_yz
   49   3   2   0       0.02201986  d_z2
   49   3   2   1       0.04109731  d_xz
   49   3   2   2       0.02180433  d_x2-y2
   50   1   0   0       1.33089448  s
   50   2   1  -1       0.82408770  p_y
   50   2   1   0       0.82612920  p_z
   50   2   1   1       0.82877557  p_x
   50   3   2  -2       0.04429158  d_xy
   50   3   2  -1       0.04189559  d_yz
   50   3   2   0       0.02338141  d_z2
   50   3   2   1       0.04145883  d_xz
   50   3   2   2       0.02246184  d_x2-y2
   51   1   0   0       1.37121793  s
   51   2   1  -1       0.82814211  p_y
   51   2   1   0       0.82416808  p_z
   51   2   1   1       0.82745767  p_x
   51   3   2  -2       0.03678957  d_xy
   51   3   2  -1       0.03645998  d_yz
   51   3   2   0       0.01863664  d_z2
   51   3   2   1       0.04047152  d_xz
   51   3   2   2       0.01786013  d_x2-y2
   52   1   0   0       1.38595524  s
   52   2   1  -1       0.82722153  p_y
   52   2   1   0       0.83001783  p_z
   52   2   1   1       0.82832428  p_x
   52   3   2  -2       0.03690970  d_xy
   52   3   2  -1       0.03600247  d_yz
   52   3   2   0       0.01628498  d_z2
   52   3   2   1       0.03455557  d_xz
   52   3   2   2       0.01721444  d_x2-y2
   53   1   0   0       1.37449907  s
   53   2   1  -1       0.83306751  p_y
   53   2   1   0       0.82953462  p_z
   53   2   1   1       0.82857517  p_x
   53   3   2  -2       0.03918648  d_xy
   53   3   2  -1       0.03600332  d_yz
   53   3   2   0       0.01723079  d_z2
   53   3   2   1       0.03319264  d_xz
   53   3   2   2       0.01567729  d_x2-y2
   54   1   0   0       1.33750582  s
   54   2   1  -1       0.82923779  p_y
   54   2   1   0       0.82379532  p_z
   54   2   1   1       0.82494614  p_x
   54   3   2  -2       0.04176895  d_xy
   54   3   2  -1       0.04249815  d_yz
   54   3   2   0       0.02422891  d_z2
   54   3   2   1       0.04226753  d_xz
   54   3   2   2       0.02040191  d_x2-y2
   55   1   0   0       1.32068070  s
   55   2   1  -1       0.82405121  p_y
   55   2   1   0       0.82740334  p_z
   55   2   1   1       0.82556145  p_x
   55   3   2  -2       0.04494088  d_xy
   55   3   2  -1       0.04501221  d_yz
   55   3   2   0       0.02429203  d_z2
   55   3   2   1       0.04361124  d_xz
   55   3   2   2       0.02520396  d_x2-y2
   56   1   0   0       1.36118771  s
   56   2   1  -1       0.82824493  p_y
   56   2   1   0       0.82944540  p_z
   56   2   1   1       0.83006897  p_x
   56   3   2  -2       0.03540415  d_xy
   56   3   2  -1       0.03762350  d_yz
   56   3   2   0       0.01784430  d_z2
   56   3   2   1       0.04159065  d_xz
   56   3   2   2       0.01900901  d_x2-y2
   57   1   0   0       1.33375178  s
   57   2   1  -1       0.82660398  p_y
   57   2   1   0       0.82199868  p_z
   57   2   1   1       0.82788074  p_x
   57   3   2  -2       0.03941286  d_xy
   57   3   2  -1       0.04380477  d_yz
   57   3   2   0       0.02283552  d_z2
   57   3   2   1       0.04313129  d_xz
   57   3   2   2       0.02174923  d_x2-y2
   58   1   0   0       1.37750335  s
   58   2   1  -1       0.83099586  p_y
   58   2   1   0       0.83407976  p_z
   58   2   1   1       0.82465693  p_x
   58   3   2  -2       0.03525412  d_xy
   58   3   2  -1       0.03686804  d_yz
   58   3   2   0       0.01602034  d_z2
   58   3   2   1       0.03586134  d_xz
   58   3   2   2       0.01724521  d_x2-y2
   59   1   0   0       1.33549081  s
   59   2   1  -1       0.82994568  p_y
   59   2   1   0       0.82504889  p_z
   59   2   1   1       0.82624101  p_x
   59   3   2  -2       0.04248186  d_xy
   59   3   2  -1       0.04228076  d_yz
   59   3   2   0       0.02156678  d_z2
   59   3   2   1       0.04031054  d_xz
   59   3   2   2       0.02165971  d_x2-y2
   60   1   0   0       1.36186865  s
   60   2   1  -1       0.83043710  p_y
   60   2   1   0       0.83126748  p_z
   60   2   1   1       0.83035649  p_x
   60   3   2  -2       0.03619388  d_xy
   60   3   2  -1       0.03650726  d_yz
   60   3   2   0       0.01757098  d_z2
   60   3   2   1       0.03799555  d_xz
   60   3   2   2       0.01774923  d_x2-y2
   61   1   0   0       1.34889755  s
   61   2   1  -1       0.82243827  p_y
   61   2   1   0       0.81935828  p_z
   61   2   1   1       0.82605242  p_x
   61   3   2  -2       0.03659060  d_xy
   61   3   2  -1       0.04267138  d_yz
   61   3   2   0       0.02146713  d_z2
   61   3   2   1       0.04518750  d_xz
   61   3   2   2       0.02349230  d_x2-y2
   62   1   0   0       1.35936574  s
   62   2   1  -1       0.82866457  p_y
   62   2   1   0       0.82768069  p_z
   62   2   1   1       0.83070918  p_x
   62   3   2  -2       0.04232951  d_xy
   62   3   2  -1       0.03431237  d_yz
   62   3   2   0       0.02000770  d_z2
   62   3   2   1       0.03920207  d_xz
   62   3   2   2       0.01719936  d_x2-y2
   63   1   0   0       1.34724165  s
   63   2   1  -1       0.83021014  p_y
   63   2   1   0       0.82864279  p_z
   63   2   1   1       0.82840664  p_x
   63   3   2  -2       0.03742447  d_xy
   63   3   2  -1       0.03828424  d_yz
   63   3   2   0       0.01897421  d_z2
   63   3   2   1       0.04264101  d_xz
   63   3   2   2       0.02003618  d_x2-y2
   64   1   0   0       1.35959991  s
   64   2   1  -1       0.82484621  p_y
   64   2   1   0       0.82354632  p_z
   64   2   1   1       0.82637499  p_x
   64   3   2  -2       0.03987162  d_xy
   64   3   2  -1       0.04325495  d_yz
   64   3   2   0       0.02111091  d_z2
   64   3   2   1       0.04173878  d_xz
   64   3   2   2       0.02098562  d_x2-y2

Fermi level:                        -0.1325858506 H           -3.6078 eV
Band energy:                       -88.2021512096 H        -2400.1027 eV
TS:                                  0.0000000000 H            0.0000 eV
Band free energy (E-TS):           -88.2021512096 H        -2400.1027 eV
Extrapolated E(0K):                -88.2021512096 H        -2400.1027 eV
Input / Output electrons (q):    256.0000000000    256.0000000000

Energy H0:                         -88.1943139686 H        -2399.8894 eV
Energy SCC:                          0.0003829813 H            0.0104 eV
Total Electronic energy:           -88.1939309874 H        -2399.8790 eV
Repulsive energy:                    0.0000000000 H            0.0000 eV
Total energy:                      -88.1939309874 H        -2399.8790 eV
Extrapolated to 0:                 -88.1939309874 H        -2399.8790 eV
Total Mermin free energy:          -88.1939309874 H        -2399.8790 eV
Force related energy:              -88.1939309874 H        -2399.8790 eV

Non-constrained calculation

SCC converged

Warning: dipole moment is not defined absolutely!
Dipole moment:   -0.29111116    0.16754150    0.21751677 au
Dipole moment:   -0.73993082    0.42584804    0.55287252 Debye


