 Fermi distribution function

Calculation with static geometry


********************************************************************************
 iSCC Total electronic   Diff electronic      SCC error    
    9   -0.88170983E+02   -0.73549700E-09    0.58425493E-05
********************************************************************************

 Total charge:    -0.00000000

 Atomic gross charges (e)
 Atom           Charge
    1      -0.00187387
    2      -0.00453923
    3       0.00582506
    4      -0.01282015
    5      -0.01315411
    6       0.01318677
    7      -0.00921283
    8       0.01320055
    9      -0.00373656
   10      -0.00828918
   11      -0.00599577
   12       0.00362500
   13       0.00069833
   14       0.00035190
   15      -0.00736762
   16      -0.00151027
   17       0.01064638
   18      -0.01173744
   19       0.01057315
   20      -0.00277984
   21       0.01319976
   22      -0.00970673
   23       0.01214898
   24      -0.00866066
   25       0.00298180
   26       0.01845466
   27       0.01841920
   28       0.01225145
   29      -0.00042402
   30      -0.00350402
   31      -0.00197224
   32      -0.02737587
   33      -0.02002325
   34      -0.00065493
   35      -0.02325691
   36       0.00064609
   37       0.01429837
   38       0.01024893
   39       0.00868161
   40      -0.00396459
   41      -0.00797743
   42      -0.00074083
   43      -0.01634038
   44       0.01228003
   45       0.01638167
   46      -0.01546637
   47       0.00655219
   48      -0.02568626
   49       0.01495023
   50       0.00117871
   51       0.00765762
   52      -0.00316957
   53       0.00458244
   54      -0.00807433
   55       0.00618062
   56      -0.00027723
   57       0.02347687
   58       0.00698410
   59       0.01225864
   60      -0.01514669
   61      -0.01014106
   62       0.00569071
   63       0.00154571
   64      -0.00357728

Nr. of electrons (up):    256.00000000
Atom populations (up)
 Atom       Population
    1       4.00187387
    2       4.00453923
    3       3.99417494
    4       4.01282015
    5       4.01315411
    6       3.98681323
    7       4.00921283
    8       3.98679945
    9       4.00373656
   10       4.00828918
   11       4.00599577
   12       3.99637500
   13       3.99930167
   14       3.99964810
   15       4.00736762
   16       4.00151027
   17       3.98935362
   18       4.01173744
   19       3.98942685
   20       4.00277984
   21       3.98680024
   22       4.00970673
   23       3.98785102
   24       4.00866066
   25       3.99701820
   26       3.98154534
   27       3.98158080
   28       3.98774855
   29       4.00042402
   30       4.00350402
   31       4.00197224
   32       4.02737587
   33       4.02002325
   34       4.00065493
   35       4.02325691
   36       3.99935391
   37       3.98570163
   38       3.98975107
   39       3.99131839
   40       4.00396459
   41       4.00797743
   42       4.00074083
   43       4.01634038
   44       3.98771997
   45       3.98361833
   46       4.01546637
   47       3.99344781
   48       4.02568626
   49       3.98504977
   50       3.99882129
   51       3.99234238
   52       4.00316957
   53       3.99541756
   54       4.00807433
   55       3.99381938
   56       4.00027723
   57       3.97652313
   58       3.99301590
   59       3.98774136
   60       4.01514669
   61       4.01014106
   62       3.99430929
   63       3.99845429
   64       4.00357728

l-shell populations (up)
 Atom Sh.   l       Population
    1   1   0       1.36199670
    1   2   1       2.48345018
    1   3   2       0.15642699
    2   1   0       1.35945846
    2   2   1       2.48633802
    2   3   2       0.15874275
    3   1   0       1.36509197
    3   2   1       2.47041512
    3   3   2       0.15866785
    4   1   0       1.37063410
    4   2   1       2.48602641
    4   3   2       0.15615964
    5   1   0       1.37220362
    5   2   1       2.49603818
    5   3   2       0.14491231
    6   1   0       1.34071049
    6   2   1       2.47936025
    6   3   2       0.16674248
    7   1   0       1.36391718
    7   2   1       2.49260482
    7   3   2       0.15269082
    8   1   0       1.34336853
    8   2   1       2.48279299
    8   3   2       0.16063793
    9   1   0       1.34954026
    9   2   1       2.49877002
    9   3   2       0.15542628
   10   1   0       1.36467135
   10   2   1       2.48608104
   10   3   2       0.15753679
   11   1   0       1.36863080
   11   2   1       2.49136333
   11   3   2       0.14600164
   12   1   0       1.33461886
   12   2   1       2.48546527
   12   3   2       0.17629086
   13   1   0       1.36229664
   13   2   1       2.47333934
   13   3   2       0.16366569
   14   1   0       1.36308906
   14   2   1       2.48447980
   14   3   2       0.15207924
   15   1   0       1.35618356
   15   2   1       2.48748063
   15   3   2       0.16370343
   16   1   0       1.36611705
   16   2   1       2.48340695
   16   3   2       0.15198628
   17   1   0       1.34660506
   17   2   1       2.48087882
   17   3   2       0.16186974
   18   1   0       1.37958958
   18   2   1       2.49022506
   18   3   2       0.14192280
   19   1   0       1.34075571
   19   2   1       2.48065022
   19   3   2       0.16802092
   20   1   0       1.35863559
   20   2   1       2.48683850
   20   3   2       0.15730576
   21   1   0       1.34798126
   21   2   1       2.48195247
   21   3   2       0.15686652
   22   1   0       1.37171564
   22   2   1       2.48581533
   22   3   2       0.15217577
   23   1   0       1.34577487
   23   2   1       2.48313171
   23   3   2       0.15894444
   24   1   0       1.36627569
   24   2   1       2.48538020
   24   3   2       0.15700477
   25   1   0       1.36036028
   25   2   1       2.48051634
   25   3   2       0.15614159
   26   1   0       1.32707025
   26   2   1       2.48534263
   26   3   2       0.16913246
   27   1   0       1.34482861
   27   2   1       2.46486995
   27   3   2       0.17188224
   28   1   0       1.34673213
   28   2   1       2.47836102
   28   3   2       0.16265541
   29   1   0       1.36308268
   29   2   1       2.48313171
   29   3   2       0.15420963
   30   1   0       1.35685179
   30   2   1       2.49017730
   30   3   2       0.15647493
   31   1   0       1.37747837
   31   2   1       2.47926167
   31   3   2       0.14523219
   32   1   0       1.38732773
   32   2   1       2.49872704
   32   3   2       0.14132110
   33   1   0       1.38679408
   33   2   1       2.48743391
   33   3   2       0.14579526
   34   1   0       1.36638557
   34   2   1       2.48042354
   34   3   2       0.15384583
   35   1   0       1.38951134
   35   2   1       2.49162895
   35   3   2       0.14211663
   36   1   0       1.35847644
   36   2   1       2.48546978
   36   3   2       0.15540769
   37   1   0       1.35043196
   37   2   1       2.46938704
   37   3   2       0.16588263
   38   1   0       1.33141312
   38   2   1       2.48202575
   38   3   2       0.17631219
   39   1   0       1.35507821
   39   2   1       2.47439370
   39   3   2       0.16184649
   40   1   0       1.35668556
   40   2   1       2.48987456
   40   3   2       0.15740448
   41   1   0       1.36535406
   41   2   1       2.49416189
   41   3   2       0.14846147
   42   1   0       1.36489041
   42   2   1       2.48335232
   42   3   2       0.15249810
   43   1   0       1.36658616
   43   2   1       2.49555373
   43   3   2       0.15420050
   44   1   0       1.33340474
   44   2   1       2.48534594
   44   3   2       0.16896929
   45   1   0       1.33855176
   45   2   1       2.47580704
   45   3   2       0.16925953
   46   1   0       1.37119678
   46   2   1       2.49143041
   46   3   2       0.15283918
   47   1   0       1.34752868
   47   2   1       2.48249460
   47   3   2       0.16342453
   48   1   0       1.39194962
   48   2   1       2.49654206
   48   3   2       0.13719458
   49   1   0       1.34554034
   49   2   1       2.47611668
   49   3   2       0.16339276
   50   1   0       1.35622015
   50   2   1       2.48334874
   50   3   2       0.15925240
   51   1   0       1.35886820
   51   2   1       2.47357702
   51   3   2       0.15989715
   52   1   0       1.36655691
   52   2   1       2.48065501
   52   3   2       0.15595764
   53   1   0       1.34663541
   53   2   1       2.48443864
   53   3   2       0.16434351
   54   1   0       1.37142804
   54   2   1       2.48425356
   54   3   2       0.15239273
   55   1   0       1.34347282
   55   2   1       2.48577214
   55   3   2       0.16457441
   56   1   0       1.36130180
   56   2   1       2.48634747
   56   3   2       0.15262797
   57   1   0       1.32749218
   57   2   1       2.47774729
   57   3   2       0.17128366
   58   1   0       1.34550039
   58   2   1       2.48287036
   58   3   2       0.16464514
   59   1   0       1.35013752
   59   2   1       2.48240124
   59   3   2       0.15520260
   60   1   0       1.38343859
   60   2   1       2.49339795
   60   3   2       0.13831015
   61   1   0       1.38350233
   61   2   1       2.47587106
   61   3   2       0.15076768
   62   1   0       1.33908024
   62   2   1       2.49136131
   62   3   2       0.16386774
   63   1   0       1.35228260
   63   2   1       2.48441166
   63   3   2       0.16176003
   64   1   0       1.36060594
   64   2   1       2.48175818
   64   3   2       0.16121316

Orbital populations (up)
 Atom Sh.   l   m       Population  Label
    1   1   0   0       1.36199670  s
    1   2   1  -1       0.82850801  p_y
    1   2   1   0       0.83254817  p_z
    1   2   1   1       0.82239400  p_x
    1   3   2  -2       0.04134904  d_xy
    1   3   2  -1       0.03435444  d_yz
    1   3   2   0       0.01904359  d_z2
    1   3   2   1       0.04111344  d_xz
    1   3   2   2       0.02056648  d_x2-y2
    2   1   0   0       1.35945846  s
    2   2   1  -1       0.83200652  p_y
    2   2   1   0       0.82310745  p_z
    2   2   1   1       0.83122405  p_x
    2   3   2  -2       0.03702125  d_xy
    2   3   2  -1       0.04097464  d_yz
    2   3   2   0       0.02121172  d_z2
    2   3   2   1       0.04105471  d_xz
    2   3   2   2       0.01848043  d_x2-y2
    3   1   0   0       1.36509197  s
    3   2   1  -1       0.81940244  p_y
    3   2   1   0       0.82661653  p_z
    3   2   1   1       0.82439615  p_x
    3   3   2  -2       0.04111224  d_xy
    3   3   2  -1       0.04008764  d_yz
    3   3   2   0       0.02100806  d_z2
    3   3   2   1       0.03731817  d_xz
    3   3   2   2       0.01914174  d_x2-y2
    4   1   0   0       1.37063410  s
    4   2   1  -1       0.83079823  p_y
    4   2   1   0       0.82592623  p_z
    4   2   1   1       0.82930195  p_x
    4   3   2  -2       0.03747420  d_xy
    4   3   2  -1       0.03918011  d_yz
    4   3   2   0       0.01898704  d_z2
    4   3   2   1       0.04175202  d_xz
    4   3   2   2       0.01876626  d_x2-y2
    5   1   0   0       1.37220362  s
    5   2   1  -1       0.83190088  p_y
    5   2   1   0       0.82757553  p_z
    5   2   1   1       0.83656177  p_x
    5   3   2  -2       0.03690196  d_xy
    5   3   2  -1       0.03804596  d_yz
    5   3   2   0       0.01874371  d_z2
    5   3   2   1       0.03470642  d_xz
    5   3   2   2       0.01651426  d_x2-y2
    6   1   0   0       1.34071049  s
    6   2   1  -1       0.82906368  p_y
    6   2   1   0       0.82252188  p_z
    6   2   1   1       0.82777469  p_x
    6   3   2  -2       0.03842518  d_xy
    6   3   2  -1       0.03964030  d_yz
    6   3   2   0       0.02201773  d_z2
    6   3   2   1       0.04555049  d_xz
    6   3   2   2       0.02110878  d_x2-y2
    7   1   0   0       1.36391718  s
    7   2   1  -1       0.83416433  p_y
    7   2   1   0       0.82771933  p_z
    7   2   1   1       0.83072117  p_x
    7   3   2  -2       0.03963875  d_xy
    7   3   2  -1       0.03834335  d_yz
    7   3   2   0       0.01993614  d_z2
    7   3   2   1       0.03650843  d_xz
    7   3   2   2       0.01826416  d_x2-y2
    8   1   0   0       1.34336853  s
    8   2   1  -1       0.82591639  p_y
    8   2   1   0       0.82874305  p_z
    8   2   1   1       0.82813355  p_x
    8   3   2  -2       0.03966190  d_xy
    8   3   2  -1       0.04124440  d_yz
    8   3   2   0       0.01982516  d_z2
    8   3   2   1       0.03869486  d_xz
    8   3   2   2       0.02121161  d_x2-y2
    9   1   0   0       1.34954026  s
    9   2   1  -1       0.82649955  p_y
    9   2   1   0       0.83780389  p_z
    9   2   1   1       0.83446658  p_x
    9   3   2  -2       0.04106903  d_xy
    9   3   2  -1       0.04143319  d_yz
    9   3   2   0       0.01833627  d_z2
    9   3   2   1       0.03435723  d_xz
    9   3   2   2       0.02023055  d_x2-y2
   10   1   0   0       1.36467135  s
   10   2   1  -1       0.83208533  p_y
   10   2   1   0       0.82628385  p_z
   10   2   1   1       0.82771186  p_x
   10   3   2  -2       0.03770629  d_xy
   10   3   2  -1       0.04046547  d_yz
   10   3   2   0       0.01989168  d_z2
   10   3   2   1       0.04022996  d_xz
   10   3   2   2       0.01924338  d_x2-y2
   11   1   0   0       1.36863080  s
   11   2   1  -1       0.83171830  p_y
   11   2   1   0       0.83374731  p_z
   11   2   1   1       0.82589773  p_x
   11   3   2  -2       0.03891375  d_xy
   11   3   2  -1       0.03593529  d_yz
   11   3   2   0       0.01795188  d_z2
   11   3   2   1       0.03682037  d_xz
   11   3   2   2       0.01638034  d_x2-y2
   12   1   0   0       1.33461886  s
   12   2   1  -1       0.82911611  p_y
   12   2   1   0       0.82543204  p_z
   12   2   1   1       0.83091712  p_x
   12   3   2  -2       0.04318259  d_xy
   12   3   2  -1       0.04472622  d_yz
   12   3   2   0       0.02352440  d_z2
   12   3   2   1       0.04252718  d_xz
   12   3   2   2       0.02233046  d_x2-y2
   13   1   0   0       1.36229664  s
   13   2   1  -1       0.81907149  p_y
   13   2   1   0       0.82809991  p_z
   13   2   1   1       0.82616794  p_x
   13   3   2  -2       0.03824846  d_xy
   13   3   2  -1       0.04283424  d_yz
   13   3   2   0       0.02098985  d_z2
   13   3   2   1       0.04086130  d_xz
   13   3   2   2       0.02073184  d_x2-y2
   14   1   0   0       1.36308906  s
   14   2   1  -1       0.82639991  p_y
   14   2   1   0       0.83057997  p_z
   14   2   1   1       0.82749992  p_x
   14   3   2  -2       0.03980274  d_xy
   14   3   2  -1       0.03925912  d_yz
   14   3   2   0       0.01848013  d_z2
   14   3   2   1       0.03580324  d_xz
   14   3   2   2       0.01873401  d_x2-y2
   15   1   0   0       1.35618356  s
   15   2   1  -1       0.83076663  p_y
   15   2   1   0       0.82836238  p_z
   15   2   1   1       0.82835162  p_x
   15   3   2  -2       0.03981591  d_xy
   15   3   2  -1       0.03722959  d_yz
   15   3   2   0       0.02020954  d_z2
   15   3   2   1       0.04541167  d_xz
   15   3   2   2       0.02103672  d_x2-y2
   16   1   0   0       1.36611705  s
   16   2   1  -1       0.82891790  p_y
   16   2   1   0       0.82943609  p_z
   16   2   1   1       0.82505296  p_x
   16   3   2  -2       0.04074412  d_xy
   16   3   2  -1       0.03486679  d_yz
   16   3   2   0       0.01828902  d_z2
   16   3   2   1       0.03933724  d_xz
   16   3   2   2       0.01874911  d_x2-y2
   17   1   0   0       1.34660506  s
   17   2   1  -1       0.82708940  p_y
   17   2   1   0       0.82834681  p_z
   17   2   1   1       0.82544260  p_x
   17   3   2  -2       0.03838737  d_xy
   17   3   2  -1       0.03949527  d_yz
   17   3   2   0       0.01982427  d_z2
   17   3   2   1       0.04359633  d_xz
   17   3   2   2       0.02056651  d_x2-y2
   18   1   0   0       1.37958958  s
   18   2   1  -1       0.82617931  p_y
   18   2   1   0       0.83362198  p_z
   18   2   1   1       0.83042376  p_x
   18   3   2  -2       0.03769785  d_xy
   18   3   2  -1       0.03694330  d_yz
   18   3   2   0       0.01585943  d_z2
   18   3   2   1       0.03388357  d_xz
   18   3   2   2       0.01753865  d_x2-y2
   19   1   0   0       1.34075571  s
   19   2   1  -1       0.82808508  p_y
   19   2   1   0       0.82766576  p_z
   19   2   1   1       0.82489938  p_x
   19   3   2  -2       0.03792851  d_xy
   19   3   2  -1       0.04440794  d_yz
   19   3   2   0       0.02100660  d_z2
   19   3   2   1       0.04296671  d_xz
   19   3   2   2       0.02171115  d_x2-y2
   20   1   0   0       1.35863559  s
   20   2   1  -1       0.82617690  p_y
   20   2   1   0       0.82984548  p_z
   20   2   1   1       0.83081611  p_x
   20   3   2  -2       0.04198563  d_xy
   20   3   2  -1       0.03943383  d_yz
   20   3   2   0       0.01957860  d_z2
   20   3   2   1       0.03697735  d_xz
   20   3   2   2       0.01933035  d_x2-y2
   21   1   0   0       1.34798126  s
   21   2   1  -1       0.82523749  p_y
   21   2   1   0       0.83205668  p_z
   21   2   1   1       0.82465829  p_x
   21   3   2  -2       0.04017883  d_xy
   21   3   2  -1       0.03765214  d_yz
   21   3   2   0       0.01891606  d_z2
   21   3   2   1       0.03983377  d_xz
   21   3   2   2       0.02028573  d_x2-y2
   22   1   0   0       1.37171564  s
   22   2   1  -1       0.83114613  p_y
   22   2   1   0       0.82358982  p_z
   22   2   1   1       0.83107938  p_x
   22   3   2  -2       0.03562227  d_xy
   22   3   2  -1       0.03739062  d_yz
   22   3   2   0       0.01945779  d_z2
   22   3   2   1       0.04121567  d_xz
   22   3   2   2       0.01848940  d_x2-y2
   23   1   0   0       1.34577487  s
   23   2   1  -1       0.82791122  p_y
   23   2   1   0       0.82928341  p_z
   23   2   1   1       0.82593707  p_x
   23   3   2  -2       0.03992200  d_xy
   23   3   2  -1       0.03877664  d_yz
   23   3   2   0       0.02087398  d_z2
   23   3   2   1       0.04026664  d_xz
   23   3   2   2       0.01910517  d_x2-y2
   24   1   0   0       1.36627569  s
   24   2   1  -1       0.82775067  p_y
   24   2   1   0       0.82897372  p_z
   24   2   1   1       0.82865580  p_x
   24   3   2  -2       0.03975417  d_xy
   24   3   2  -1       0.03824229  d_yz
   24   3   2   0       0.01994234  d_z2
   24   3   2   1       0.03999112  d_xz
   24   3   2   2       0.01907484  d_x2-y2
   25   1   0   0       1.36036028  s
   25   2   1  -1       0.82626418  p_y
   25   2   1   0       0.82486404  p_z
   25   2   1   1       0.82938811  p_x
   25   3   2  -2       0.04140346  d_xy
   25   3   2  -1       0.03939713  d_yz
   25   3   2   0       0.02075795  d_z2
   25   3   2   1       0.03661334  d_xz
   25   3   2   2       0.01796972  d_x2-y2
   26   1   0   0       1.32707025  s
   26   2   1  -1       0.82499153  p_y
   26   2   1   0       0.83197888  p_z
   26   2   1   1       0.82837222  p_x
   26   3   2  -2       0.04181829  d_xy
   26   3   2  -1       0.04122348  d_yz
   26   3   2   0       0.02209802  d_z2
   26   3   2   1       0.04181283  d_xz
   26   3   2   2       0.02217985  d_x2-y2
   27   1   0   0       1.34482861  s
   27   2   1  -1       0.81847576  p_y
   27   2   1   0       0.81958443  p_z
   27   2   1   1       0.82680976  p_x
   27   3   2  -2       0.04260713  d_xy
   27   3   2  -1       0.04330916  d_yz
   27   3   2   0       0.02437022  d_z2
   27   3   2   1       0.04020303  d_xz
   27   3   2   2       0.02139270  d_x2-y2
   28   1   0   0       1.34673213  s
   28   2   1  -1       0.82774516  p_y
   28   2   1   0       0.82556774  p_z
   28   2   1   1       0.82504812  p_x
   28   3   2  -2       0.04030054  d_xy
   28   3   2  -1       0.03949651  d_yz
   28   3   2   0       0.02116264  d_z2
   28   3   2   1       0.04209203  d_xz
   28   3   2   2       0.01960368  d_x2-y2
   29   1   0   0       1.36308268  s
   29   2   1  -1       0.82448288  p_y
   29   2   1   0       0.83482931  p_z
   29   2   1   1       0.82381952  p_x
   29   3   2  -2       0.04399157  d_xy
   29   3   2  -1       0.03565213  d_yz
   29   3   2   0       0.01747609  d_z2
   29   3   2   1       0.03677047  d_xz
   29   3   2   2       0.02031936  d_x2-y2
   30   1   0   0       1.35685179  s
   30   2   1  -1       0.82877401  p_y
   30   2   1   0       0.82903471  p_z
   30   2   1   1       0.83236857  p_x
   30   3   2  -2       0.03684259  d_xy
   30   3   2  -1       0.04177741  d_yz
   30   3   2   0       0.01798065  d_z2
   30   3   2   1       0.03879399  d_xz
   30   3   2   2       0.02108029  d_x2-y2
   31   1   0   0       1.37747837  s
   31   2   1  -1       0.82614146  p_y
   31   2   1   0       0.82687890  p_z
   31   2   1   1       0.82624131  p_x
   31   3   2  -2       0.03838299  d_xy
   31   3   2  -1       0.03756722  d_yz
   31   3   2   0       0.01746453  d_z2
   31   3   2   1       0.03500540  d_xz
   31   3   2   2       0.01681205  d_x2-y2
   32   1   0   0       1.38732773  s
   32   2   1  -1       0.83738815  p_y
   32   2   1   0       0.83094037  p_z
   32   2   1   1       0.83039852  p_x
   32   3   2  -2       0.03446644  d_xy
   32   3   2  -1       0.03656209  d_yz
   32   3   2   0       0.01619148  d_z2
   32   3   2   1       0.03729587  d_xz
   32   3   2   2       0.01680521  d_x2-y2
   33   1   0   0       1.38679408  s
   33   2   1  -1       0.83076321  p_y
   33   2   1   0       0.83302007  p_z
   33   2   1   1       0.82365063  p_x
   33   3   2  -2       0.03697368  d_xy
   33   3   2  -1       0.03047016  d_yz
   33   3   2   0       0.01753480  d_z2
   33   3   2   1       0.04374451  d_xz
   33   3   2   2       0.01707211  d_x2-y2
   34   1   0   0       1.36638557  s
   34   2   1  -1       0.82478437  p_y
   34   2   1   0       0.82562372  p_z
   34   2   1   1       0.83001545  p_x
   34   3   2  -2       0.03677322  d_xy
   34   3   2  -1       0.04201707  d_yz
   34   3   2   0       0.01878364  d_z2
   34   3   2   1       0.03745016  d_xz
   34   3   2   2       0.01882174  d_x2-y2
   35   1   0   0       1.38951134  s
   35   2   1  -1       0.83185360  p_y
   35   2   1   0       0.83035123  p_z
   35   2   1   1       0.82942411  p_x
   35   3   2  -2       0.03569684  d_xy
   35   3   2  -1       0.03906610  d_yz
   35   3   2   0       0.01713310  d_z2
   35   3   2   1       0.03369707  d_xz
   35   3   2   2       0.01652353  d_x2-y2
   36   1   0   0       1.35847644  s
   36   2   1  -1       0.82868297  p_y
   36   2   1   0       0.82950761  p_z
   36   2   1   1       0.82727920  p_x
   36   3   2  -2       0.04222157  d_xy
   36   3   2  -1       0.03649935  d_yz
   36   3   2   0       0.01897666  d_z2
   36   3   2   1       0.03841666  d_xz
   36   3   2   2       0.01929346  d_x2-y2
   37   1   0   0       1.35043196  s
   37   2   1  -1       0.82496577  p_y
   37   2   1   0       0.82250052  p_z
   37   2   1   1       0.82192076  p_x
   37   3   2  -2       0.03910985  d_xy
   37   3   2  -1       0.03960458  d_yz
   37   3   2   0       0.02166244  d_z2
   37   3   2   1       0.04474777  d_xz
   37   3   2   2       0.02075799  d_x2-y2
   38   1   0   0       1.33141312  s
   38   2   1  -1       0.82550034  p_y
   38   2   1   0       0.83199089  p_z
   38   2   1   1       0.82453453  p_x
   38   3   2  -2       0.04548746  d_xy
   38   3   2  -1       0.03908987  d_yz
   38   3   2   0       0.02287608  d_z2
   38   3   2   1       0.04501915  d_xz
   38   3   2   2       0.02383963  d_x2-y2
   39   1   0   0       1.35507821  s
   39   2   1  -1       0.82191302  p_y
   39   2   1   0       0.82587515  p_z
   39   2   1   1       0.82660552  p_x
   39   3   2  -2       0.04055197  d_xy
   39   3   2  -1       0.04020617  d_yz
   39   3   2   0       0.02171907  d_z2
   39   3   2   1       0.03993468  d_xz
   39   3   2   2       0.01943460  d_x2-y2
   40   1   0   0       1.35668556  s
   40   2   1  -1       0.82592854  p_y
   40   2   1   0       0.83432674  p_z
   40   2   1   1       0.82961928  p_x
   40   3   2  -2       0.04045078  d_xy
   40   3   2  -1       0.04092762  d_yz
   40   3   2   0       0.01852480  d_z2
   40   3   2   1       0.03729552  d_xz
   40   3   2   2       0.02020577  d_x2-y2
   41   1   0   0       1.36535406  s
   41   2   1  -1       0.82620292  p_y
   41   2   1   0       0.83568900  p_z
   41   2   1   1       0.83226998  p_x
   41   3   2  -2       0.03988821  d_xy
   41   3   2  -1       0.04009644  d_yz
   41   3   2   0       0.01747977  d_z2
   41   3   2   1       0.03227151  d_xz
   41   3   2   2       0.01872555  d_x2-y2
   42   1   0   0       1.36489041  s
   42   2   1  -1       0.82855972  p_y
   42   2   1   0       0.82689051  p_z
   42   2   1   1       0.82790209  p_x
   42   3   2  -2       0.03540793  d_xy
   42   3   2  -1       0.04187708  d_yz
   42   3   2   0       0.01919318  d_z2
   42   3   2   1       0.03749859  d_xz
   42   3   2   2       0.01852132  d_x2-y2
   43   1   0   0       1.36658616  s
   43   2   1  -1       0.82859536  p_y
   43   2   1   0       0.83697261  p_z
   43   2   1   1       0.82998576  p_x
   43   3   2  -2       0.04185250  d_xy
   43   3   2  -1       0.03750251  d_yz
   43   3   2   0       0.01780653  d_z2
   43   3   2   1       0.03650128  d_xz
   43   3   2   2       0.02053768  d_x2-y2
   44   1   0   0       1.33340474  s
   44   2   1  -1       0.82994183  p_y
   44   2   1   0       0.82867264  p_z
   44   2   1   1       0.82673147  p_x
   44   3   2  -2       0.04351506  d_xy
   44   3   2  -1       0.03845943  d_yz
   44   3   2   0       0.02205607  d_z2
   44   3   2   1       0.04382104  d_xz
   44   3   2   2       0.02111770  d_x2-y2
   45   1   0   0       1.33855176  s
   45   2   1  -1       0.83019133  p_y
   45   2   1   0       0.81950920  p_z
   45   2   1   1       0.82610652  p_x
   45   3   2  -2       0.03921458  d_xy
   45   3   2  -1       0.04440642  d_yz
   45   3   2   0       0.02246002  d_z2
   45   3   2   1       0.04198563  d_xz
   45   3   2   2       0.02119288  d_x2-y2
   46   1   0   0       1.37119678  s
   46   2   1  -1       0.82836533  p_y
   46   2   1   0       0.83215373  p_z
   46   2   1   1       0.83091135  p_x
   46   3   2  -2       0.03989464  d_xy
   46   3   2  -1       0.04158239  d_yz
   46   3   2   0       0.01842488  d_z2
   46   3   2   1       0.03341880  d_xz
   46   3   2   2       0.01951848  d_x2-y2
   47   1   0   0       1.34752868  s
   47   2   1  -1       0.82668423  p_y
   47   2   1   0       0.82737709  p_z
   47   2   1   1       0.82843328  p_x
   47   3   2  -2       0.04049512  d_xy
   47   3   2  -1       0.04078941  d_yz
   47   3   2   0       0.02040784  d_z2
   47   3   2   1       0.04079667  d_xz
   47   3   2   2       0.02093549  d_x2-y2
   48   1   0   0       1.39194962  s
   48   2   1  -1       0.83105174  p_y
   48   2   1   0       0.83415271  p_z
   48   2   1   1       0.83133760  p_x
   48   3   2  -2       0.03575538  d_xy
   48   3   2  -1       0.03283188  d_yz
   48   3   2   0       0.01593155  d_z2
   48   3   2   1       0.03729658  d_xz
   48   3   2   2       0.01537918  d_x2-y2
   49   1   0   0       1.34554034  s
   49   2   1  -1       0.82850406  p_y
   49   2   1   0       0.82266818  p_z
   49   2   1   1       0.82494443  p_x
   49   3   2  -2       0.04464390  d_xy
   49   3   2  -1       0.03622819  d_yz
   49   3   2   0       0.02241046  d_z2
   49   3   2   1       0.04099168  d_xz
   49   3   2   2       0.01911853  d_x2-y2
   50   1   0   0       1.35622015  s
   50   2   1  -1       0.82605447  p_y
   50   2   1   0       0.83026574  p_z
   50   2   1   1       0.82702853  p_x
   50   3   2  -2       0.04086445  d_xy
   50   3   2  -1       0.03965529  d_yz
   50   3   2   0       0.01966146  d_z2
   50   3   2   1       0.03910089  d_xz
   50   3   2   2       0.01997031  d_x2-y2
   51   1   0   0       1.35886820  s
   51   2   1  -1       0.82864819  p_y
   51   2   1   0       0.81713917  p_z
   51   2   1   1       0.82778966  p_x
   51   3   2  -2       0.03558868  d_xy
   51   3   2  -1       0.04478499  d_yz
   51   3   2   0       0.02099243  d_z2
   51   3   2   1       0.03988857  d_xz
   51   3   2   2       0.01864250  d_x2-y2
   52   1   0   0       1.36655691  s
   52   2   1  -1       0.82646288  p_y
   52   2   1   0       0.82828843  p_z
   52   2   1   1       0.82590370  p_x
   52   3   2  -2       0.03916456  d_xy
   52   3   2  -1       0.03803731  d_yz
   52   3   2   0       0.01841962  d_z2
   52   3   2   1       0.04031710  d_xz
   52   3   2   2       0.02001906  d_x2-y2
   53   1   0   0       1.34663541  s
   53   2   1  -1       0.83117534  p_y
   53   2   1   0       0.82444266  p_z
   53   2   1   1       0.82882064  p_x
   53   3   2  -2       0.03613952  d_xy
   53   3   2  -1       0.04258362  d_yz
   53   3   2   0       0.02104660  d_z2
   53   3   2   1       0.04327199  d_xz
   53   3   2   2       0.02130179  d_x2-y2
   54   1   0   0       1.37142804  s
   54   2   1  -1       0.82808714  p_y
   54   2   1   0       0.82631600  p_z
   54   2   1   1       0.82985042  p_x
   54   3   2  -2       0.03789699  d_xy
   54   3   2  -1       0.03710533  d_yz
   54   3   2   0       0.01977705  d_z2
   54   3   2   1       0.04003010  d_xz
   54   3   2   2       0.01758326  d_x2-y2
   55   1   0   0       1.34347282  s
   55   2   1  -1       0.82491091  p_y
   55   2   1   0       0.82991060  p_z
   55   2   1   1       0.83095063  p_x
   55   3   2  -2       0.03932644  d_xy
   55   3   2  -1       0.03879024  d_yz
   55   3   2   0       0.02073224  d_z2
   55   3   2   1       0.04299290  d_xz
   55   3   2   2       0.02273259  d_x2-y2
   56   1   0   0       1.36130180  s
   56   2   1  -1       0.82839632  p_y
   56   2   1   0       0.82611431  p_z
   56   2   1   1       0.83183684  p_x
   56   3   2  -2       0.03997430  d_xy
   56   3   2  -1       0.03887234  d_yz
   56   3   2   0       0.01943608  d_z2
   56   3   2   1       0.03641129  d_xz
   56   3   2   2       0.01793395  d_x2-y2
   57   1   0   0       1.32749218  s
   57   2   1  -1       0.82756686  p_y
   57   2   1   0       0.82327428  p_z
   57   2   1   1       0.82690616  p_x
   57   3   2  -2       0.04174310  d_xy
   57   3   2  -1       0.03965245  d_yz
   57   3   2   0       0.02266619  d_z2
   57   3   2   1       0.04504786  d_xz
   57   3   2   2       0.02217407  d_x2-y2
   58   1   0   0       1.34550039  s
   58   2   1  -1       0.82776397  p_y
   58   2   1   0       0.83176325  p_z
   58   2   1   1       0.82334315  p_x
   58   3   2  -2       0.04368511  d_xy
   58   3   2  -1       0.03857960  d_yz
   58   3   2   0       0.02170678  d_z2
   58   3   2   1       0.04024891  d_xz
   58   3   2   2       0.02042475  d_x2-y2
   59   1   0   0       1.35013752  s
   59   2   1  -1       0.83182929  p_y
   59   2   1   0       0.82150100  p_z
   59   2   1   1       0.82907096  p_x
   59   3   2  -2       0.03322290  d_xy
   59   3   2  -1       0.04275759  d_yz
   59   3   2   0       0.01995064  d_z2
   59   3   2   1       0.04089545  d_xz
   59   3   2   2       0.01837602  d_x2-y2
   60   1   0   0       1.38343859  s
   60   2   1  -1       0.82661077  p_y
   60   2   1   0       0.83679388  p_z
   60   2   1   1       0.82999330  p_x
   60   3   2  -2       0.03810784  d_xy
   60   3   2  -1       0.03541617  d_yz
   60   3   2   0       0.01495297  d_z2
   60   3   2   1       0.03271537  d_xz
   60   3   2   2       0.01711779  d_x2-y2
   61   1   0   0       1.38350233  s
   61   2   1  -1       0.82841217  p_y
   61   2   1   0       0.82482761  p_z
   61   2   1   1       0.82263128  p_x
   61   3   2  -2       0.03882091  d_xy
   61   3   2  -1       0.03668055  d_yz
   61   3   2   0       0.01757617  d_z2
   61   3   2   1       0.03816876  d_xz
   61   3   2   2       0.01952129  d_x2-y2
   62   1   0   0       1.33908024  s
   62   2   1  -1       0.83387763  p_y
   62   2   1   0       0.82624589  p_z
   62   2   1   1       0.83123779  p_x
   62   3   2  -2       0.03668801  d_xy
   62   3   2  -1       0.04139967  d_yz
   62   3   2   0       0.02110662  d_z2
   62   3   2   1       0.04340347  d_xz
   62   3   2   2       0.02126998  d_x2-y2
   63   1   0   0       1.35228260  s
   63   2   1  -1       0.82762938  p_y
   63   2   1   0       0.83255378  p_z
   63   2   1   1       0.82422849  p_x
   63   3   2  -2       0.04459257  d_xy
   63   3   2  -1       0.03877103  d_yz
   63   3   2   0       0.01935824  d_z2
   63   3   2   1       0.03706090  d_xz
   63   3   2   2       0.02197729  d_x2-y2
   64   1   0   0       1.36060594  s
   64   2   1  -1       0.82841856  p_y
   64   2   1   0       0.82726325  p_z
   64   2   1   1       0.82607636  p_x
   64   3   2  -2       0.03909798  d_xy
   64   3   2  -1       0.04058789  d_yz
   64   3   2   0       0.01969261  d_z2
   64   3   2   1       0.04169450  d_xz
   64   3   2   2       0.02014019  d_x2-y2

Fermi level:                        -0.1327510321 H           -3.6123 eV
Band energy:                       -88.1793372381 H        -2399.4819 eV
TS:                                  0.0000000000 H            0.0000 eV
Band free energy (E-TS):           -88.1793372381 H        -2399.4819 eV
Extrapolated E(0K):                -88.1793372381 H        -2399.4819 eV
Input / Output electrons (q):    256.0000000000    256.0000000000

Energy H0:                         -88.1713587163 H        -2399.2647 eV
Energy SCC:                          0.0003758264 H            0.0102 eV
Total Electronic energy:           -88.1709828899 H        -2399.2545 eV
Repulsive energy:                    0.0000000000 H            0.0000 eV
Total energy:                      -88.1709828899 H        -2399.2545 eV
Extrapolated to 0:                 -88.1709828899 H        -2399.2545 eV
Total Mermin free energy:          -88.1709828899 H        -2399.2545 eV
Force related energy:              -88.1709828899 H        -2399.2545 eV

Non-constrained calculation

SCC converged

Warning: dipole moment is not defined absolutely!
Dipole moment:   -0.40315155    0.02386355    0.69564000 au
Dipole moment:   -1.02470911    0.06065510    1.76814065 Debye


