 Fermi distribution function

Calculation with static geometry


********************************************************************************
 iSCC Total electronic   Diff electronic      SCC error    
    9   -0.88174783E+02   -0.82111740E-09    0.60522339E-05
********************************************************************************

 Total charge:    -0.00000000

 Atomic gross charges (e)
 Atom           Charge
    1       0.00509461
    2      -0.00116674
    3       0.00202836
    4       0.00162160
    5      -0.00814221
    6      -0.00589973
    7      -0.00759097
    8       0.00000283
    9       0.00863884
   10      -0.00964491
   11       0.01051600
   12       0.01520612
   13       0.00007065
   14      -0.01195145
   15       0.00399158
   16      -0.01703157
   17      -0.01722075
   18      -0.00923110
   19       0.00166655
   20       0.00237706
   21       0.00156514
   22       0.00130149
   23      -0.01062290
   24       0.01370477
   25       0.00230633
   26       0.00523087
   27      -0.00687072
   28       0.00130276
   29      -0.00093332
   30       0.01777497
   31       0.00355892
   32       0.00585844
   33      -0.00264048
   34      -0.01481432
   35       0.00507058
   36      -0.00613715
   37       0.00261470
   38       0.00536370
   39      -0.00509791
   40       0.00098670
   41       0.00280724
   42      -0.01256762
   43       0.00838819
   44      -0.00039525
   45      -0.01537664
   46      -0.00207938
   47       0.00866804
   48      -0.02508392
   49       0.00041860
   50      -0.00925004
   51      -0.01232295
   52       0.00264868
   53      -0.01021444
   54       0.00434383
   55       0.02111424
   56       0.02061946
   57       0.01701455
   58       0.01018865
   59      -0.01919355
   60      -0.00722018
   61      -0.00821097
   62       0.00978869
   63       0.00750252
   64       0.02555489

Nr. of electrons (up):    256.00000000
Atom populations (up)
 Atom       Population
    1       3.99490539
    2       4.00116674
    3       3.99797164
    4       3.99837840
    5       4.00814221
    6       4.00589973
    7       4.00759097
    8       3.99999717
    9       3.99136116
   10       4.00964491
   11       3.98948400
   12       3.98479388
   13       3.99992935
   14       4.01195145
   15       3.99600842
   16       4.01703157
   17       4.01722075
   18       4.00923110
   19       3.99833345
   20       3.99762294
   21       3.99843486
   22       3.99869851
   23       4.01062290
   24       3.98629523
   25       3.99769367
   26       3.99476913
   27       4.00687072
   28       3.99869724
   29       4.00093332
   30       3.98222503
   31       3.99644108
   32       3.99414156
   33       4.00264048
   34       4.01481432
   35       3.99492942
   36       4.00613715
   37       3.99738530
   38       3.99463630
   39       4.00509791
   40       3.99901330
   41       3.99719276
   42       4.01256762
   43       3.99161181
   44       4.00039525
   45       4.01537664
   46       4.00207938
   47       3.99133196
   48       4.02508392
   49       3.99958140
   50       4.00925004
   51       4.01232295
   52       3.99735132
   53       4.01021444
   54       3.99565617
   55       3.97888576
   56       3.97938054
   57       3.98298545
   58       3.98981135
   59       4.01919355
   60       4.00722018
   61       4.00821097
   62       3.99021131
   63       3.99249748
   64       3.97444511

l-shell populations (up)
 Atom Sh.   l       Population
    1   1   0       1.34515910
    1   2   1       2.48236128
    1   3   2       0.16738501
    2   1   0       1.36289519
    2   2   1       2.48250849
    2   3   2       0.15576305
    3   1   0       1.36115249
    3   2   1       2.47564359
    3   3   2       0.16117555
    4   1   0       1.35004216
    4   2   1       2.48628541
    4   3   2       0.16205084
    5   1   0       1.37474005
    5   2   1       2.48719333
    5   3   2       0.14620884
    6   1   0       1.36353372
    6   2   1       2.48565961
    6   3   2       0.15670640
    7   1   0       1.35987004
    7   2   1       2.49530018
    7   3   2       0.15242075
    8   1   0       1.35100714
    8   2   1       2.49204639
    8   3   2       0.15694364
    9   1   0       1.34852003
    9   2   1       2.47982070
    9   3   2       0.16302043
   10   1   0       1.36333140
   10   2   1       2.49116221
   10   3   2       0.15515130
   11   1   0       1.34686111
   11   2   1       2.48011121
   11   3   2       0.16251169
   12   1   0       1.33561949
   12   2   1       2.47265150
   12   3   2       0.17652289
   13   1   0       1.36597603
   13   2   1       2.47254794
   13   3   2       0.16140538
   14   1   0       1.37316158
   14   2   1       2.49015121
   14   3   2       0.14863866
   15   1   0       1.34350015
   15   2   1       2.48714453
   15   3   2       0.16536373
   16   1   0       1.38035422
   16   2   1       2.48945147
   16   3   2       0.14722588
   17   1   0       1.37675481
   17   2   1       2.49134206
   17   3   2       0.14912388
   18   1   0       1.37528806
   18   2   1       2.48393299
   18   3   2       0.15001005
   19   1   0       1.35031512
   19   2   1       2.48680782
   19   3   2       0.16121051
   20   1   0       1.34947680
   20   2   1       2.48358621
   20   3   2       0.16455993
   21   1   0       1.35772937
   21   2   1       2.48670625
   21   3   2       0.15399924
   22   1   0       1.34862322
   22   2   1       2.48815881
   22   3   2       0.16191649
   23   1   0       1.39219818
   23   2   1       2.47636731
   23   3   2       0.14205741
   24   1   0       1.33905273
   24   2   1       2.47464057
   24   3   2       0.17260194
   25   1   0       1.35789338
   25   2   1       2.48587682
   25   3   2       0.15392347
   26   1   0       1.35578150
   26   2   1       2.48137831
   26   3   2       0.15760933
   27   1   0       1.37061640
   27   2   1       2.48382246
   27   3   2       0.15243186
   28   1   0       1.34065949
   28   2   1       2.49789040
   28   3   2       0.16014736
   29   1   0       1.36268395
   29   2   1       2.48497615
   29   3   2       0.15327322
   30   1   0       1.34188817
   30   2   1       2.47840853
   30   3   2       0.16192833
   31   1   0       1.35221884
   31   2   1       2.49008860
   31   3   2       0.15413363
   32   1   0       1.36474633
   32   2   1       2.48521815
   32   3   2       0.14417709
   33   1   0       1.36783932
   33   2   1       2.48430543
   33   3   2       0.15049572
   34   1   0       1.38265755
   34   2   1       2.49071277
   34   3   2       0.14144400
   35   1   0       1.35746961
   35   2   1       2.48204515
   35   3   2       0.15541465
   36   1   0       1.36312733
   36   2   1       2.48798079
   36   3   2       0.15502903
   37   1   0       1.35484248
   37   2   1       2.48392252
   37   3   2       0.15862029
   38   1   0       1.33787817
   38   2   1       2.48142768
   38   3   2       0.17533045
   39   1   0       1.36802058
   39   2   1       2.48499346
   39   3   2       0.15208387
   40   1   0       1.35064444
   40   2   1       2.49131511
   40   3   2       0.15705376
   41   1   0       1.34400549
   41   2   1       2.49108986
   41   3   2       0.16209741
   42   1   0       1.37376665
   42   2   1       2.49145701
   42   3   2       0.14734396
   43   1   0       1.35382574
   43   2   1       2.47632058
   43   3   2       0.16146549
   44   1   0       1.34986429
   44   2   1       2.49254218
   44   3   2       0.15798877
   45   1   0       1.37141503
   45   2   1       2.48589459
   45   3   2       0.15806702
   46   1   0       1.36365368
   46   2   1       2.47897959
   46   3   2       0.15944611
   47   1   0       1.34000738
   47   2   1       2.48500343
   47   3   2       0.16632115
   48   1   0       1.40074576
   48   2   1       2.49205046
   48   3   2       0.13228770
   49   1   0       1.36035790
   49   2   1       2.48342842
   49   3   2       0.15579508
   50   1   0       1.36825255
   50   2   1       2.48628742
   50   3   2       0.15471007
   51   1   0       1.37827924
   51   2   1       2.48773545
   51   3   2       0.14630826
   52   1   0       1.35808251
   52   2   1       2.48434331
   52   3   2       0.15492549
   53   1   0       1.37493004
   53   2   1       2.48523723
   53   3   2       0.15004717
   54   1   0       1.36005682
   54   2   1       2.47675463
   54   3   2       0.15884472
   55   1   0       1.33645910
   55   2   1       2.46352791
   55   3   2       0.17889875
   56   1   0       1.34699247
   56   2   1       2.46734310
   56   3   2       0.16504497
   57   1   0       1.33301740
   57   2   1       2.47993735
   57   3   2       0.17003070
   58   1   0       1.35003615
   58   2   1       2.47467549
   58   3   2       0.16509972
   59   1   0       1.37655174
   59   2   1       2.49304033
   59   3   2       0.14960149
   60   1   0       1.37819223
   60   2   1       2.48799311
   60   3   2       0.14103483
   61   1   0       1.36136261
   61   2   1       2.48965460
   61   3   2       0.15719376
   62   1   0       1.34166138
   62   2   1       2.48305334
   62   3   2       0.16549658
   63   1   0       1.33846857
   63   2   1       2.49067953
   63   3   2       0.16334938
   64   1   0       1.32048782
   64   2   1       2.47214240
   64   3   2       0.18181488

Orbital populations (up)
 Atom Sh.   l   m       Population  Label
    1   1   0   0       1.34515910  s
    1   2   1  -1       0.82283842  p_y
    1   2   1   0       0.82945447  p_z
    1   2   1   1       0.83006838  p_x
    1   3   2  -2       0.04211778  d_xy
    1   3   2  -1       0.04268337  d_yz
    1   3   2   0       0.02090571  d_z2
    1   3   2   1       0.04030552  d_xz
    1   3   2   2       0.02137264  d_x2-y2
    2   1   0   0       1.36289519  s
    2   2   1  -1       0.82945964  p_y
    2   2   1   0       0.82368228  p_z
    2   2   1   1       0.82936658  p_x
    2   3   2  -2       0.03860350  d_xy
    2   3   2  -1       0.03869064  d_yz
    2   3   2   0       0.01960329  d_z2
    2   3   2   1       0.04037276  d_xz
    2   3   2   2       0.01849285  d_x2-y2
    3   1   0   0       1.36115249  s
    3   2   1  -1       0.82275384  p_y
    3   2   1   0       0.82662553  p_z
    3   2   1   1       0.82626422  p_x
    3   3   2  -2       0.04419687  d_xy
    3   3   2  -1       0.03843519  d_yz
    3   3   2   0       0.02047751  d_z2
    3   3   2   1       0.03863537  d_xz
    3   3   2   2       0.01943061  d_x2-y2
    4   1   0   0       1.35004216  s
    4   2   1  -1       0.82885241  p_y
    4   2   1   0       0.82719221  p_z
    4   2   1   1       0.83024078  p_x
    4   3   2  -2       0.03849462  d_xy
    4   3   2  -1       0.04304163  d_yz
    4   3   2   0       0.01980619  d_z2
    4   3   2   1       0.03984489  d_xz
    4   3   2   2       0.02086352  d_x2-y2
    5   1   0   0       1.37474005  s
    5   2   1  -1       0.83270398  p_y
    5   2   1   0       0.83058631  p_z
    5   2   1   1       0.82390304  p_x
    5   3   2  -2       0.03621886  d_xy
    5   3   2  -1       0.03680251  d_yz
    5   3   2   0       0.01665506  d_z2
    5   3   2   1       0.03820178  d_xz
    5   3   2   2       0.01833063  d_x2-y2
    6   1   0   0       1.36353372  s
    6   2   1  -1       0.82732725  p_y
    6   2   1   0       0.83053684  p_z
    6   2   1   1       0.82779552  p_x
    6   3   2  -2       0.04100977  d_xy
    6   3   2  -1       0.03721658  d_yz
    6   3   2   0       0.01920923  d_z2
    6   3   2   1       0.03955207  d_xz
    6   3   2   2       0.01971875  d_x2-y2
    7   1   0   0       1.35987004  s
    7   2   1  -1       0.83802983  p_y
    7   2   1   0       0.82664832  p_z
    7   2   1   1       0.83062203  p_x
    7   3   2  -2       0.03588049  d_xy
    7   3   2  -1       0.03578651  d_yz
    7   3   2   0       0.02005059  d_z2
    7   3   2   1       0.04287795  d_xz
    7   3   2   2       0.01782521  d_x2-y2
    8   1   0   0       1.35100714  s
    8   2   1  -1       0.83251281  p_y
    8   2   1   0       0.83404667  p_z
    8   2   1   1       0.82548691  p_x
    8   3   2  -2       0.04210554  d_xy
    8   3   2  -1       0.03612305  d_yz
    8   3   2   0       0.01925495  d_z2
    8   3   2   1       0.03883305  d_xz
    8   3   2   2       0.02062705  d_x2-y2
    9   1   0   0       1.34852003  s
    9   2   1  -1       0.82952863  p_y
    9   2   1   0       0.82931724  p_z
    9   2   1   1       0.82097483  p_x
    9   3   2  -2       0.03872719  d_xy
    9   3   2  -1       0.04080671  d_yz
    9   3   2   0       0.02171094  d_z2
    9   3   2   1       0.04165006  d_xz
    9   3   2   2       0.02012552  d_x2-y2
   10   1   0   0       1.36333140  s
   10   2   1  -1       0.82689977  p_y
   10   2   1   0       0.82828235  p_z
   10   2   1   1       0.83598009  p_x
   10   3   2  -2       0.03910408  d_xy
   10   3   2  -1       0.03900839  d_yz
   10   3   2   0       0.02023445  d_z2
   10   3   2   1       0.03777280  d_xz
   10   3   2   2       0.01903158  d_x2-y2
   11   1   0   0       1.34686111  s
   11   2   1  -1       0.82468834  p_y
   11   2   1   0       0.83050496  p_z
   11   2   1   1       0.82491791  p_x
   11   3   2  -2       0.04327346  d_xy
   11   3   2  -1       0.03995692  d_yz
   11   3   2   0       0.02043244  d_z2
   11   3   2   1       0.03823386  d_xz
   11   3   2   2       0.02061501  d_x2-y2
   12   1   0   0       1.33561949  s
   12   2   1  -1       0.82662634  p_y
   12   2   1   0       0.82272115  p_z
   12   2   1   1       0.82330401  p_x
   12   3   2  -2       0.04037193  d_xy
   12   3   2  -1       0.04584165  d_yz
   12   3   2   0       0.02322624  d_z2
   12   3   2   1       0.04424218  d_xz
   12   3   2   2       0.02284089  d_x2-y2
   13   1   0   0       1.36597603  s
   13   2   1  -1       0.82744780  p_y
   13   2   1   0       0.82628693  p_z
   13   2   1   1       0.81881321  p_x
   13   3   2  -2       0.03947155  d_xy
   13   3   2  -1       0.03834743  d_yz
   13   3   2   0       0.01870758  d_z2
   13   3   2   1       0.04237762  d_xz
   13   3   2   2       0.02250121  d_x2-y2
   14   1   0   0       1.37316158  s
   14   2   1  -1       0.83237233  p_y
   14   2   1   0       0.82916298  p_z
   14   2   1   1       0.82861589  p_x
   14   3   2  -2       0.03794985  d_xy
   14   3   2  -1       0.03823369  d_yz
   14   3   2   0       0.01675595  d_z2
   14   3   2   1       0.03731313  d_xz
   14   3   2   2       0.01838604  d_x2-y2
   15   1   0   0       1.34350015  s
   15   2   1  -1       0.82952429  p_y
   15   2   1   0       0.82795552  p_z
   15   2   1   1       0.82966473  p_x
   15   3   2  -2       0.04079009  d_xy
   15   3   2  -1       0.04147385  d_yz
   15   3   2   0       0.02225345  d_z2
   15   3   2   1       0.04036011  d_xz
   15   3   2   2       0.02048623  d_x2-y2
   16   1   0   0       1.38035422  s
   16   2   1  -1       0.83033551  p_y
   16   2   1   0       0.82973340  p_z
   16   2   1   1       0.82938257  p_x
   16   3   2  -2       0.03574284  d_xy
   16   3   2  -1       0.03746723  d_yz
   16   3   2   0       0.01818210  d_z2
   16   3   2   1       0.03932107  d_xz
   16   3   2   2       0.01651264  d_x2-y2
   17   1   0   0       1.37675481  s
   17   2   1  -1       0.82872223  p_y
   17   2   1   0       0.83286825  p_z
   17   2   1   1       0.82975158  p_x
   17   3   2  -2       0.03793282  d_xy
   17   3   2  -1       0.04064666  d_yz
   17   3   2   0       0.01677822  d_z2
   17   3   2   1       0.03488238  d_xz
   17   3   2   2       0.01888380  d_x2-y2
   18   1   0   0       1.37528806  s
   18   2   1  -1       0.82495183  p_y
   18   2   1   0       0.83210968  p_z
   18   2   1   1       0.82687148  p_x
   18   3   2  -2       0.03601726  d_xy
   18   3   2  -1       0.03942857  d_yz
   18   3   2   0       0.01684263  d_z2
   18   3   2   1       0.03820480  d_xz
   18   3   2   2       0.01951680  d_x2-y2
   19   1   0   0       1.35031512  s
   19   2   1  -1       0.83067227  p_y
   19   2   1   0       0.82819103  p_z
   19   2   1   1       0.82794452  p_x
   19   3   2  -2       0.04303121  d_xy
   19   3   2  -1       0.04020381  d_yz
   19   3   2   0       0.01913927  d_z2
   19   3   2   1       0.03780525  d_xz
   19   3   2   2       0.02103097  d_x2-y2
   20   1   0   0       1.34947680  s
   20   2   1  -1       0.82888795  p_y
   20   2   1   0       0.82441594  p_z
   20   2   1   1       0.83028232  p_x
   20   3   2  -2       0.03988190  d_xy
   20   3   2  -1       0.04005639  d_yz
   20   3   2   0       0.02250567  d_z2
   20   3   2   1       0.04339926  d_xz
   20   3   2   2       0.01871671  d_x2-y2
   21   1   0   0       1.35772937  s
   21   2   1  -1       0.82172639  p_y
   21   2   1   0       0.83637321  p_z
   21   2   1   1       0.82860665  p_x
   21   3   2  -2       0.04071331  d_xy
   21   3   2  -1       0.03742499  d_yz
   21   3   2   0       0.01731639  d_z2
   21   3   2   1       0.03807257  d_xz
   21   3   2   2       0.02047198  d_x2-y2
   22   1   0   0       1.34862322  s
   22   2   1  -1       0.82720317  p_y
   22   2   1   0       0.82680641  p_z
   22   2   1   1       0.83414923  p_x
   22   3   2  -2       0.03912308  d_xy
   22   3   2  -1       0.04086882  d_yz
   22   3   2   0       0.02152955  d_z2
   22   3   2   1       0.03965785  d_xz
   22   3   2   2       0.02073719  d_x2-y2
   23   1   0   0       1.39219818  s
   23   2   1  -1       0.82408876  p_y
   23   2   1   0       0.82973443  p_z
   23   2   1   1       0.82254411  p_x
   23   3   2  -2       0.04007302  d_xy
   23   3   2  -1       0.03408261  d_yz
   23   3   2   0       0.01794135  d_z2
   23   3   2   1       0.03422599  d_xz
   23   3   2   2       0.01573444  d_x2-y2
   24   1   0   0       1.33905273  s
   24   2   1  -1       0.82487807  p_y
   24   2   1   0       0.81951184  p_z
   24   2   1   1       0.83025066  p_x
   24   3   2  -2       0.04053581  d_xy
   24   3   2  -1       0.04171573  d_yz
   24   3   2   0       0.02371860  d_z2
   24   3   2   1       0.04488564  d_xz
   24   3   2   2       0.02174616  d_x2-y2
   25   1   0   0       1.35789338  s
   25   2   1  -1       0.83068714  p_y
   25   2   1   0       0.82682003  p_z
   25   2   1   1       0.82836965  p_x
   25   3   2  -2       0.03701608  d_xy
   25   3   2  -1       0.03699951  d_yz
   25   3   2   0       0.01971183  d_z2
   25   3   2   1       0.04166346  d_xz
   25   3   2   2       0.01853258  d_x2-y2
   26   1   0   0       1.35578150  s
   26   2   1  -1       0.82434191  p_y
   26   2   1   0       0.83072894  p_z
   26   2   1   1       0.82630746  p_x
   26   3   2  -2       0.04230681  d_xy
   26   3   2  -1       0.04100128  d_yz
   26   3   2   0       0.01925493  d_z2
   26   3   2   1       0.03526705  d_xz
   26   3   2   2       0.01977925  d_x2-y2
   27   1   0   0       1.37061640  s
   27   2   1  -1       0.83004084  p_y
   27   2   1   0       0.82778429  p_z
   27   2   1   1       0.82599733  p_x
   27   3   2  -2       0.03507176  d_xy
   27   3   2  -1       0.03943158  d_yz
   27   3   2   0       0.01815639  d_z2
   27   3   2   1       0.04097260  d_xz
   27   3   2   2       0.01879952  d_x2-y2
   28   1   0   0       1.34065949  s
   28   2   1  -1       0.83076285  p_y
   28   2   1   0       0.83891700  p_z
   28   2   1   1       0.82821055  p_x
   28   3   2  -2       0.04513584  d_xy
   28   3   2  -1       0.03780753  d_yz
   28   3   2   0       0.02101600  d_z2
   28   3   2   1       0.03611399  d_xz
   28   3   2   2       0.02007399  d_x2-y2
   29   1   0   0       1.36268395  s
   29   2   1  -1       0.82915988  p_y
   29   2   1   0       0.82955797  p_z
   29   2   1   1       0.82625829  p_x
   29   3   2  -2       0.03604710  d_xy
   29   3   2  -1       0.04072234  d_yz
   29   3   2   0       0.01776445  d_z2
   29   3   2   1       0.03931696  d_xz
   29   3   2   2       0.01942237  d_x2-y2
   30   1   0   0       1.34188817  s
   30   2   1  -1       0.83276360  p_y
   30   2   1   0       0.82282723  p_z
   30   2   1   1       0.82281770  p_x
   30   3   2  -2       0.03718386  d_xy
   30   3   2  -1       0.03881956  d_yz
   30   3   2   0       0.02039860  d_z2
   30   3   2   1       0.04464263  d_xz
   30   3   2   2       0.02088368  d_x2-y2
   31   1   0   0       1.35221884  s
   31   2   1  -1       0.83113221  p_y
   31   2   1   0       0.82984771  p_z
   31   2   1   1       0.82910868  p_x
   31   3   2  -2       0.04070090  d_xy
   31   3   2  -1       0.03567250  d_yz
   31   3   2   0       0.01996065  d_z2
   31   3   2   1       0.03963527  d_xz
   31   3   2   2       0.01816430  d_x2-y2
   32   1   0   0       1.36474633  s
   32   2   1  -1       0.82921957  p_y
   32   2   1   0       0.82835723  p_z
   32   2   1   1       0.82764135  p_x
   32   3   2  -2       0.03700316  d_xy
   32   3   2  -1       0.03866399  d_yz
   32   3   2   0       0.01806354  d_z2
   32   3   2   1       0.03341569  d_xz
   32   3   2   2       0.01703072  d_x2-y2
   33   1   0   0       1.36783932  s
   33   2   1  -1       0.82705089  p_y
   33   2   1   0       0.82667953  p_z
   33   2   1   1       0.83057502  p_x
   33   3   2  -2       0.03962169  d_xy
   33   3   2  -1       0.03953264  d_yz
   33   3   2   0       0.01921073  d_z2
   33   3   2   1       0.03496670  d_xz
   33   3   2   2       0.01716397  d_x2-y2
   34   1   0   0       1.38265755  s
   34   2   1  -1       0.83082094  p_y
   34   2   1   0       0.83039141  p_z
   34   2   1   1       0.82950041  p_x
   34   3   2  -2       0.03703134  d_xy
   34   3   2  -1       0.03306986  d_yz
   34   3   2   0       0.01725831  d_z2
   34   3   2   1       0.03790561  d_xz
   34   3   2   2       0.01617888  d_x2-y2
   35   1   0   0       1.35746961  s
   35   2   1  -1       0.82797491  p_y
   35   2   1   0       0.82994602  p_z
   35   2   1   1       0.82412422  p_x
   35   3   2  -2       0.04459633  d_xy
   35   3   2  -1       0.03645844  d_yz
   35   3   2   0       0.01925934  d_z2
   35   3   2   1       0.03617724  d_xz
   35   3   2   2       0.01892330  d_x2-y2
   36   1   0   0       1.36312733  s
   36   2   1  -1       0.82942481  p_y
   36   2   1   0       0.82773977  p_z
   36   2   1   1       0.83081621  p_x
   36   3   2  -2       0.03748130  d_xy
   36   3   2  -1       0.04090634  d_yz
   36   3   2   0       0.01976389  d_z2
   36   3   2   1       0.03878888  d_xz
   36   3   2   2       0.01808862  d_x2-y2
   37   1   0   0       1.35484248  s
   37   2   1  -1       0.82993743  p_y
   37   2   1   0       0.82418899  p_z
   37   2   1   1       0.82979610  p_x
   37   3   2  -2       0.03907414  d_xy
   37   3   2  -1       0.04202308  d_yz
   37   3   2   0       0.02005610  d_z2
   37   3   2   1       0.03841647  d_xz
   37   3   2   2       0.01905051  d_x2-y2
   38   1   0   0       1.33787817  s
   38   2   1  -1       0.82240477  p_y
   38   2   1   0       0.82994185  p_z
   38   2   1   1       0.82908106  p_x
   38   3   2  -2       0.04422886  d_xy
   38   3   2  -1       0.04538394  d_yz
   38   3   2   0       0.02292753  d_z2
   38   3   2   1       0.03980001  d_xz
   38   3   2   2       0.02299010  d_x2-y2
   39   1   0   0       1.36802058  s
   39   2   1  -1       0.82607262  p_y
   39   2   1   0       0.82863570  p_z
   39   2   1   1       0.83028514  p_x
   39   3   2  -2       0.03805783  d_xy
   39   3   2  -1       0.03674227  d_yz
   39   3   2   0       0.01879547  d_z2
   39   3   2   1       0.04059004  d_xz
   39   3   2   2       0.01789825  d_x2-y2
   40   1   0   0       1.35064444  s
   40   2   1  -1       0.82800419  p_y
   40   2   1   0       0.83250453  p_z
   40   2   1   1       0.83080638  p_x
   40   3   2  -2       0.03990213  d_xy
   40   3   2  -1       0.03638280  d_yz
   40   3   2   0       0.01912696  d_z2
   40   3   2   1       0.04097097  d_xz
   40   3   2   2       0.02067089  d_x2-y2
   41   1   0   0       1.34400549  s
   41   2   1  -1       0.82945534  p_y
   41   2   1   0       0.82970023  p_z
   41   2   1   1       0.83193428  p_x
   41   3   2  -2       0.03747294  d_xy
   41   3   2  -1       0.04007080  d_yz
   41   3   2   0       0.02043752  d_z2
   41   3   2   1       0.04277334  d_xz
   41   3   2   2       0.02134282  d_x2-y2
   42   1   0   0       1.37376665  s
   42   2   1  -1       0.83071533  p_y
   42   2   1   0       0.83098516  p_z
   42   2   1   1       0.82975652  p_x
   42   3   2  -2       0.03720835  d_xy
   42   3   2  -1       0.03966592  d_yz
   42   3   2   0       0.01735386  d_z2
   42   3   2   1       0.03408341  d_xz
   42   3   2   2       0.01903242  d_x2-y2
   43   1   0   0       1.35382574  s
   43   2   1  -1       0.82469485  p_y
   43   2   1   0       0.82754123  p_z
   43   2   1   1       0.82408449  p_x
   43   3   2  -2       0.03743369  d_xy
   43   3   2  -1       0.04348836  d_yz
   43   3   2   0       0.01860393  d_z2
   43   3   2   1       0.04014839  d_xz
   43   3   2   2       0.02179112  d_x2-y2
   44   1   0   0       1.34986429  s
   44   2   1  -1       0.83174022  p_y
   44   2   1   0       0.82663650  p_z
   44   2   1   1       0.83416546  p_x
   44   3   2  -2       0.03744068  d_xy
   44   3   2  -1       0.04062620  d_yz
   44   3   2   0       0.02068443  d_z2
   44   3   2   1       0.04061165  d_xz
   44   3   2   2       0.01862582  d_x2-y2
   45   1   0   0       1.37141503  s
   45   2   1  -1       0.83094833  p_y
   45   2   1   0       0.82768830  p_z
   45   2   1   1       0.82725795  p_x
   45   3   2  -2       0.03804877  d_xy
   45   3   2  -1       0.03851129  d_yz
   45   3   2   0       0.01824636  d_z2
   45   3   2   1       0.04328431  d_xz
   45   3   2   2       0.01997629  d_x2-y2
   46   1   0   0       1.36365368  s
   46   2   1  -1       0.82934923  p_y
   46   2   1   0       0.82723442  p_z
   46   2   1   1       0.82239594  p_x
   46   3   2  -2       0.03975248  d_xy
   46   3   2  -1       0.03704482  d_yz
   46   3   2   0       0.01890870  d_z2
   46   3   2   1       0.04218216  d_xz
   46   3   2   2       0.02155795  d_x2-y2
   47   1   0   0       1.34000738  s
   47   2   1  -1       0.83034342  p_y
   47   2   1   0       0.82458370  p_z
   47   2   1   1       0.83007632  p_x
   47   3   2  -2       0.03931264  d_xy
   47   3   2  -1       0.04499358  d_yz
   47   3   2   0       0.02227735  d_z2
   47   3   2   1       0.03899334  d_xz
   47   3   2   2       0.02074424  d_x2-y2
   48   1   0   0       1.40074576  s
   48   2   1  -1       0.82819338  p_y
   48   2   1   0       0.83373540  p_z
   48   2   1   1       0.83012169  p_x
   48   3   2  -2       0.03611155  d_xy
   48   3   2  -1       0.03455001  d_yz
   48   3   2   0       0.01372004  d_z2
   48   3   2   1       0.03100983  d_xz
   48   3   2   2       0.01689626  d_x2-y2
   49   1   0   0       1.36035790  s
   49   2   1  -1       0.82726283  p_y
   49   2   1   0       0.82719007  p_z
   49   2   1   1       0.82897552  p_x
   49   3   2  -2       0.03601919  d_xy
   49   3   2  -1       0.04146435  d_yz
   49   3   2   0       0.01889933  d_z2
   49   3   2   1       0.04030454  d_xz
   49   3   2   2       0.01910768  d_x2-y2
   50   1   0   0       1.36825255  s
   50   2   1  -1       0.82654175  p_y
   50   2   1   0       0.83208079  p_z
   50   2   1   1       0.82766487  p_x
   50   3   2  -2       0.04062767  d_xy
   50   3   2  -1       0.03955342  d_yz
   50   3   2   0       0.01938268  d_z2
   50   3   2   1       0.03638453  d_xz
   50   3   2   2       0.01876177  d_x2-y2
   51   1   0   0       1.37827924  s
   51   2   1  -1       0.83435708  p_y
   51   2   1   0       0.82918039  p_z
   51   2   1   1       0.82419798  p_x
   51   3   2  -2       0.03770925  d_xy
   51   3   2  -1       0.03423416  d_yz
   51   3   2   0       0.01727110  d_z2
   51   3   2   1       0.03987014  d_xz
   51   3   2   2       0.01722361  d_x2-y2
   52   1   0   0       1.35808251  s
   52   2   1  -1       0.82916789  p_y
   52   2   1   0       0.82954492  p_z
   52   2   1   1       0.82563050  p_x
   52   3   2  -2       0.04052009  d_xy
   52   3   2  -1       0.03785887  d_yz
   52   3   2   0       0.01933851  d_z2
   52   3   2   1       0.03847163  d_xz
   52   3   2   2       0.01873640  d_x2-y2
   53   1   0   0       1.37493004  s
   53   2   1  -1       0.83189434  p_y
   53   2   1   0       0.82815519  p_z
   53   2   1   1       0.82518770  p_x
   53   3   2  -2       0.04441718  d_xy
   53   3   2  -1       0.03243144  d_yz
   53   3   2   0       0.01920314  d_z2
   53   3   2   1       0.03646805  d_xz
   53   3   2   2       0.01752736  d_x2-y2
   54   1   0   0       1.36005682  s
   54   2   1  -1       0.82850457  p_y
   54   2   1   0       0.82123417  p_z
   54   2   1   1       0.82701588  p_x
   54   3   2  -2       0.03875107  d_xy
   54   3   2  -1       0.03648066  d_yz
   54   3   2   0       0.02205746  d_z2
   54   3   2   1       0.04349121  d_xz
   54   3   2   2       0.01806431  d_x2-y2
   55   1   0   0       1.33645910  s
   55   2   1  -1       0.81739154  p_y
   55   2   1   0       0.82287130  p_z
   55   2   1   1       0.82326507  p_x
   55   3   2  -2       0.04428926  d_xy
   55   3   2  -1       0.04466739  d_yz
   55   3   2   0       0.02383232  d_z2
   55   3   2   1       0.04091590  d_xz
   55   3   2   2       0.02519387  d_x2-y2
   56   1   0   0       1.34699247  s
   56   2   1  -1       0.82280256  p_y
   56   2   1   0       0.82036684  p_z
   56   2   1   1       0.82417370  p_x
   56   3   2  -2       0.03942657  d_xy
   56   3   2  -1       0.04175343  d_yz
   56   3   2   0       0.02183368  d_z2
   56   3   2   1       0.04167795  d_xz
   56   3   2   2       0.02035333  d_x2-y2
   57   1   0   0       1.33301740  s
   57   2   1  -1       0.82678880  p_y
   57   2   1   0       0.82139551  p_z
   57   2   1   1       0.83175304  p_x
   57   3   2  -2       0.03763251  d_xy
   57   3   2  -1       0.04724405  d_yz
   57   3   2   0       0.02144235  d_z2
   57   3   2   1       0.04062248  d_xz
   57   3   2   2       0.02308931  d_x2-y2
   58   1   0   0       1.35003615  s
   58   2   1  -1       0.82740916  p_y
   58   2   1   0       0.82583909  p_z
   58   2   1   1       0.82142724  p_x
   58   3   2  -2       0.04061863  d_xy
   58   3   2  -1       0.04090128  d_yz
   58   3   2   0       0.02211066  d_z2
   58   3   2   1       0.04067348  d_xz
   58   3   2   2       0.02079568  d_x2-y2
   59   1   0   0       1.37655174  s
   59   2   1  -1       0.83554072  p_y
   59   2   1   0       0.82878910  p_z
   59   2   1   1       0.82871050  p_x
   59   3   2  -2       0.03911772  d_xy
   59   3   2  -1       0.03640619  d_yz
   59   3   2   0       0.01793647  d_z2
   59   3   2   1       0.03859294  d_xz
   59   3   2   2       0.01754817  d_x2-y2
   60   1   0   0       1.37819223  s
   60   2   1  -1       0.82586588  p_y
   60   2   1   0       0.83436143  p_z
   60   2   1   1       0.82776580  p_x
   60   3   2  -2       0.03759184  d_xy
   60   3   2  -1       0.03413248  d_yz
   60   3   2   0       0.01644242  d_z2
   60   3   2   1       0.03613561  d_xz
   60   3   2   2       0.01673249  d_x2-y2
   61   1   0   0       1.36136261  s
   61   2   1  -1       0.82968248  p_y
   61   2   1   0       0.82930009  p_z
   61   2   1   1       0.83067203  p_x
   61   3   2  -2       0.03531577  d_xy
   61   3   2  -1       0.03957694  d_yz
   61   3   2   0       0.01919277  d_z2
   61   3   2   1       0.04284804  d_xz
   61   3   2   2       0.02026024  d_x2-y2
   62   1   0   0       1.34166138  s
   62   2   1  -1       0.82792957  p_y
   62   2   1   0       0.82602624  p_z
   62   2   1   1       0.82909754  p_x
   62   3   2  -2       0.04391862  d_xy
   62   3   2  -1       0.04093449  d_yz
   62   3   2   0       0.02237218  d_z2
   62   3   2   1       0.03844104  d_xz
   62   3   2   2       0.01983026  d_x2-y2
   63   1   0   0       1.33846857  s
   63   2   1  -1       0.82707410  p_y
   63   2   1   0       0.83287967  p_z
   63   2   1   1       0.83072576  p_x
   63   3   2  -2       0.03538748  d_xy
   63   3   2  -1       0.04282303  d_yz
   63   3   2   0       0.01891282  d_z2
   63   3   2   1       0.04394656  d_xz
   63   3   2   2       0.02227950  d_x2-y2
   64   1   0   0       1.32048782  s
   64   2   1  -1       0.82444326  p_y
   64   2   1   0       0.82388747  p_z
   64   2   1   1       0.82381167  p_x
   64   3   2  -2       0.04278826  d_xy
   64   3   2  -1       0.04570405  d_yz
   64   3   2   0       0.02382684  d_z2
   64   3   2   1       0.04400134  d_xz
   64   3   2   2       0.02549440  d_x2-y2

Fermi level:                        -0.1329926509 H           -3.6189 eV
Band energy:                       -88.1830459567 H        -2399.5828 eV
TS:                                  0.0000000000 H            0.0000 eV
Band free energy (E-TS):           -88.1830459567 H        -2399.5828 eV
Extrapolated E(0K):                -88.1830459567 H        -2399.5828 eV
Input / Output electrons (q):    256.0000000000    256.0000000000

Energy H0:                         -88.1750483936 H        -2399.3651 eV
Energy SCC:                          0.0002657585 H            0.0072 eV
Total Electronic energy:           -88.1747826351 H        -2399.3579 eV
Repulsive energy:                    0.0000000000 H            0.0000 eV
Total energy:                      -88.1747826351 H        -2399.3579 eV
Extrapolated to 0:                 -88.1747826351 H        -2399.3579 eV
Total Mermin free energy:          -88.1747826351 H        -2399.3579 eV
Force related energy:              -88.1747826351 H        -2399.3579 eV

Non-constrained calculation

SCC converged

Warning: dipole moment is not defined absolutely!
Dipole moment:   -0.31892203   -0.59325409   -0.61074283 au
Dipole moment:   -0.81061902   -1.50790161   -1.55235354 Debye


