 Fermi distribution function

Calculation with static geometry


********************************************************************************
 iSCC Total electronic   Diff electronic      SCC error    
    9   -0.88172277E+02   -0.57202953E-09    0.61921775E-05
********************************************************************************

 Total charge:    -0.00000000

 Atomic gross charges (e)
 Atom           Charge
    1       0.00913728
    2      -0.01900987
    3       0.00267992
    4      -0.01862592
    5      -0.01223129
    6       0.00323646
    7      -0.00864885
    8       0.02141493
    9       0.01470328
   10      -0.01114266
   11       0.01265870
   12      -0.00442746
   13      -0.00016744
   14       0.00212234
   15       0.00298342
   16      -0.01741947
   17       0.00907366
   18      -0.01225544
   19       0.00336861
   20      -0.00607569
   21       0.02208932
   22      -0.02247358
   23       0.01580686
   24      -0.03250670
   25      -0.00139824
   26       0.00844468
   27      -0.01570245
   28       0.01508337
   29       0.00877979
   30      -0.00924005
   31       0.01532742
   32      -0.00043140
   33       0.00665890
   34       0.00419973
   35       0.00138779
   36      -0.00953901
   37      -0.00586891
   38      -0.00553496
   39       0.01104562
   40       0.00258212
   41      -0.01570576
   42       0.01333959
   43      -0.00071531
   44       0.02001349
   45       0.00016085
   46      -0.01507072
   47       0.00495385
   48      -0.00142212
   49       0.01767736
   50      -0.02842371
   51       0.02271089
   52       0.00610245
   53      -0.00606014
   54      -0.01093687
   55      -0.00302908
   56       0.00232655
   57       0.02340563
   58       0.00713837
   59       0.00605534
   60      -0.01433791
   61      -0.00740214
   62       0.00597980
   63       0.00216688
   64      -0.00901213

Nr. of electrons (up):    256.00000000
Atom populations (up)
 Atom       Population
    1       3.99086272
    2       4.01900987
    3       3.99732008
    4       4.01862592
    5       4.01223129
    6       3.99676354
    7       4.00864885
    8       3.97858507
    9       3.98529672
   10       4.01114266
   11       3.98734130
   12       4.00442746
   13       4.00016744
   14       3.99787766
   15       3.99701658
   16       4.01741947
   17       3.99092634
   18       4.01225544
   19       3.99663139
   20       4.00607569
   21       3.97791068
   22       4.02247358
   23       3.98419314
   24       4.03250670
   25       4.00139824
   26       3.99155532
   27       4.01570245
   28       3.98491663
   29       3.99122021
   30       4.00924005
   31       3.98467258
   32       4.00043140
   33       3.99334110
   34       3.99580027
   35       3.99861221
   36       4.00953901
   37       4.00586891
   38       4.00553496
   39       3.98895438
   40       3.99741788
   41       4.01570576
   42       3.98666041
   43       4.00071531
   44       3.97998651
   45       3.99983915
   46       4.01507072
   47       3.99504615
   48       4.00142212
   49       3.98232264
   50       4.02842371
   51       3.97728911
   52       3.99389755
   53       4.00606014
   54       4.01093687
   55       4.00302908
   56       3.99767345
   57       3.97659437
   58       3.99286163
   59       3.99394466
   60       4.01433791
   61       4.00740214
   62       3.99402020
   63       3.99783312
   64       4.00901213

l-shell populations (up)
 Atom Sh.   l       Population
    1   1   0       1.35478106
    1   2   1       2.47963224
    1   3   2       0.15644941
    2   1   0       1.38248756
    2   2   1       2.49026695
    2   3   2       0.14625536
    3   1   0       1.36723186
    3   2   1       2.47966610
    3   3   2       0.15042212
    4   1   0       1.38520687
    4   2   1       2.49066430
    4   3   2       0.14275475
    5   1   0       1.37343214
    5   2   1       2.48484093
    5   3   2       0.15395822
    6   1   0       1.35601663
    6   2   1       2.48381287
    6   3   2       0.15693404
    7   1   0       1.36054695
    7   2   1       2.49336253
    7   3   2       0.15473937
    8   1   0       1.31364746
    8   2   1       2.48540735
    8   3   2       0.17953027
    9   1   0       1.34562000
    9   2   1       2.47967659
    9   3   2       0.16000012
   10   1   0       1.36002416
   10   2   1       2.49344931
   10   3   2       0.15766919
   11   1   0       1.34337887
   11   2   1       2.47846417
   11   3   2       0.16549827
   12   1   0       1.36566356
   12   2   1       2.48814877
   12   3   2       0.15061513
   13   1   0       1.35561329
   13   2   1       2.48185948
   13   3   2       0.16269466
   14   1   0       1.34918705
   14   2   1       2.48470767
   14   3   2       0.16398293
   15   1   0       1.34846516
   15   2   1       2.48652037
   15   3   2       0.16203105
   16   1   0       1.38747950
   16   2   1       2.48503480
   16   3   2       0.14490517
   17   1   0       1.35937315
   17   2   1       2.46762554
   17   3   2       0.16392765
   18   1   0       1.38387803
   18   2   1       2.48233261
   18   3   2       0.14604479
   19   1   0       1.34893793
   19   2   1       2.48460390
   19   3   2       0.16308956
   20   1   0       1.36718735
   20   2   1       2.49479217
   20   3   2       0.14409617
   21   1   0       1.33358823
   21   2   1       2.46897100
   21   3   2       0.17535145
   22   1   0       1.37616250
   22   2   1       2.49896916
   22   3   2       0.14734191
   23   1   0       1.33585989
   23   2   1       2.47500318
   23   3   2       0.17333007
   24   1   0       1.39619059
   24   2   1       2.49352586
   24   3   2       0.14279026
   25   1   0       1.35865114
   25   2   1       2.49329310
   25   3   2       0.14945400
   26   1   0       1.34651368
   26   2   1       2.48229616
   26   3   2       0.16274549
   27   1   0       1.38565757
   27   2   1       2.48695739
   27   3   2       0.14308749
   28   1   0       1.33887076
   28   2   1       2.47753248
   28   3   2       0.16851339
   29   1   0       1.35450667
   29   2   1       2.48432023
   29   3   2       0.15239331
   30   1   0       1.35470425
   30   2   1       2.49534457
   30   3   2       0.15919124
   31   1   0       1.33746455
   31   2   1       2.47444995
   31   3   2       0.17275808
   32   1   0       1.33882928
   32   2   1       2.49213725
   32   3   2       0.16946488
   33   1   0       1.34641154
   33   2   1       2.47482486
   33   3   2       0.17210470
   34   1   0       1.36038557
   34   2   1       2.48153906
   34   3   2       0.15387563
   35   1   0       1.34927149
   35   2   1       2.48386168
   35   3   2       0.16547904
   36   1   0       1.37585914
   36   2   1       2.48079981
   36   3   2       0.15288005
   37   1   0       1.37448022
   37   2   1       2.49195046
   37   3   2       0.13943823
   38   1   0       1.35930028
   38   2   1       2.48880048
   38   3   2       0.15743420
   39   1   0       1.34375058
   39   2   1       2.47788421
   39   3   2       0.16731960
   40   1   0       1.34603047
   40   2   1       2.48744821
   40   3   2       0.16393921
   41   1   0       1.36611985
   41   2   1       2.49627918
   41   3   2       0.15330672
   42   1   0       1.33576840
   42   2   1       2.47939475
   42   3   2       0.17149725
   43   1   0       1.36741898
   43   2   1       2.47782127
   43   3   2       0.15547506
   44   1   0       1.32931916
   44   2   1       2.48254359
   44   3   2       0.16812376
   45   1   0       1.35930711
   45   2   1       2.48504377
   45   3   2       0.15548827
   46   1   0       1.37729520
   46   2   1       2.48666445
   46   3   2       0.15111108
   47   1   0       1.36122156
   47   2   1       2.48631623
   47   3   2       0.14750836
   48   1   0       1.35276412
   48   2   1       2.48200118
   48   3   2       0.16665682
   49   1   0       1.34211257
   49   2   1       2.47303082
   49   3   2       0.16717925
   50   1   0       1.39390389
   50   2   1       2.48884355
   50   3   2       0.14567628
   51   1   0       1.34387313
   51   2   1       2.46538467
   51   3   2       0.16803131
   52   1   0       1.34825744
   52   2   1       2.48137326
   52   3   2       0.16426685
   53   1   0       1.36806104
   53   2   1       2.48038325
   53   3   2       0.15761585
   54   1   0       1.38540215
   54   2   1       2.47874607
   54   3   2       0.14678864
   55   1   0       1.35979971
   55   2   1       2.48704471
   55   3   2       0.15618466
   56   1   0       1.35818895
   56   2   1       2.48773461
   56   3   2       0.15174989
   57   1   0       1.33520530
   57   2   1       2.47754444
   57   3   2       0.16384463
   58   1   0       1.33874261
   58   2   1       2.48446241
   58   3   2       0.16965661
   59   1   0       1.36416139
   59   2   1       2.48213090
   59   3   2       0.14765238
   60   1   0       1.37386768
   60   2   1       2.48537580
   60   3   2       0.15509443
   61   1   0       1.36594870
   61   2   1       2.49252392
   61   3   2       0.14892951
   62   1   0       1.34646352
   62   2   1       2.48872160
   62   3   2       0.15883507
   63   1   0       1.35521603
   63   2   1       2.48398667
   63   3   2       0.15863041
   64   1   0       1.37203560
   64   2   1       2.49303654
   64   3   2       0.14393999

Orbital populations (up)
 Atom Sh.   l   m       Population  Label
    1   1   0   0       1.35478106  s
    1   2   1  -1       0.82809781  p_y
    1   2   1   0       0.82628458  p_z
    1   2   1   1       0.82524985  p_x
    1   3   2  -2       0.03910866  d_xy
    1   3   2  -1       0.03694240  d_yz
    1   3   2   0       0.01873207  d_z2
    1   3   2   1       0.04173371  d_xz
    1   3   2   2       0.01993257  d_x2-y2
    2   1   0   0       1.38248756  s
    2   2   1  -1       0.83136336  p_y
    2   2   1   0       0.82835055  p_z
    2   2   1   1       0.83055304  p_x
    2   3   2  -2       0.03401504  d_xy
    2   3   2  -1       0.03828414  d_yz
    2   3   2   0       0.01693039  d_z2
    2   3   2   1       0.03936702  d_xz
    2   3   2   2       0.01765877  d_x2-y2
    3   1   0   0       1.36723186  s
    3   2   1  -1       0.82713707  p_y
    3   2   1   0       0.82444444  p_z
    3   2   1   1       0.82808459  p_x
    3   3   2  -2       0.03691017  d_xy
    3   3   2  -1       0.04004758  d_yz
    3   3   2   0       0.01922983  d_z2
    3   3   2   1       0.03632266  d_xz
    3   3   2   2       0.01791188  d_x2-y2
    4   1   0   0       1.38520687  s
    4   2   1  -1       0.82461414  p_y
    4   2   1   0       0.83561081  p_z
    4   2   1   1       0.83043935  p_x
    4   3   2  -2       0.03583483  d_xy
    4   3   2  -1       0.03420247  d_yz
    4   3   2   0       0.01794200  d_z2
    4   3   2   1       0.03781462  d_xz
    4   3   2   2       0.01696082  d_x2-y2
    5   1   0   0       1.37343214  s
    5   2   1  -1       0.83077548  p_y
    5   2   1   0       0.82670005  p_z
    5   2   1   1       0.82736540  p_x
    5   3   2  -2       0.03690655  d_xy
    5   3   2  -1       0.03693144  d_yz
    5   3   2   0       0.01879023  d_z2
    5   3   2   1       0.04211182  d_xz
    5   3   2   2       0.01921817  d_x2-y2
    6   1   0   0       1.35601663  s
    6   2   1  -1       0.82741241  p_y
    6   2   1   0       0.82678979  p_z
    6   2   1   1       0.82961067  p_x
    6   3   2  -2       0.03832271  d_xy
    6   3   2  -1       0.03987444  d_yz
    6   3   2   0       0.01974714  d_z2
    6   3   2   1       0.03971485  d_xz
    6   3   2   2       0.01927490  d_x2-y2
    7   1   0   0       1.36054695  s
    7   2   1  -1       0.83662546  p_y
    7   2   1   0       0.82671870  p_z
    7   2   1   1       0.83001838  p_x
    7   3   2  -2       0.03563228  d_xy
    7   3   2  -1       0.03730479  d_yz
    7   3   2   0       0.02073438  d_z2
    7   3   2   1       0.04192749  d_xz
    7   3   2   2       0.01914042  d_x2-y2
    8   1   0   0       1.31364746  s
    8   2   1  -1       0.82806642  p_y
    8   2   1   0       0.82995369  p_z
    8   2   1   1       0.82738723  p_x
    8   3   2  -2       0.04565047  d_xy
    8   3   2  -1       0.04262770  d_yz
    8   3   2   0       0.02416650  d_z2
    8   3   2   1       0.04259504  d_xz
    8   3   2   2       0.02449056  d_x2-y2
    9   1   0   0       1.34562000  s
    9   2   1  -1       0.83153803  p_y
    9   2   1   0       0.82147793  p_z
    9   2   1   1       0.82666063  p_x
    9   3   2  -2       0.03852173  d_xy
    9   3   2  -1       0.04057816  d_yz
    9   3   2   0       0.02212287  d_z2
    9   3   2   1       0.03908703  d_xz
    9   3   2   2       0.01969033  d_x2-y2
   10   1   0   0       1.36002416  s
   10   2   1  -1       0.83347206  p_y
   10   2   1   0       0.82946744  p_z
   10   2   1   1       0.83050980  p_x
   10   3   2  -2       0.04217768  d_xy
   10   3   2  -1       0.03769166  d_yz
   10   3   2   0       0.02089218  d_z2
   10   3   2   1       0.03851648  d_xz
   10   3   2   2       0.01839119  d_x2-y2
   11   1   0   0       1.34337887  s
   11   2   1  -1       0.82686414  p_y
   11   2   1   0       0.82592701  p_z
   11   2   1   1       0.82567302  p_x
   11   3   2  -2       0.04141833  d_xy
   11   3   2  -1       0.03959116  d_yz
   11   3   2   0       0.02068065  d_z2
   11   3   2   1       0.04257564  d_xz
   11   3   2   2       0.02123248  d_x2-y2
   12   1   0   0       1.36566356  s
   12   2   1  -1       0.82957504  p_y
   12   2   1   0       0.82822167  p_z
   12   2   1   1       0.83035206  p_x
   12   3   2  -2       0.03763615  d_xy
   12   3   2  -1       0.04093139  d_yz
   12   3   2   0       0.01810806  d_z2
   12   3   2   1       0.03533475  d_xz
   12   3   2   2       0.01860479  d_x2-y2
   13   1   0   0       1.35561329  s
   13   2   1  -1       0.82427136  p_y
   13   2   1   0       0.83164342  p_z
   13   2   1   1       0.82594471  p_x
   13   3   2  -2       0.04372345  d_xy
   13   3   2  -1       0.04197640  d_yz
   13   3   2   0       0.02069279  d_z2
   13   3   2   1       0.03543118  d_xz
   13   3   2   2       0.02087084  d_x2-y2
   14   1   0   0       1.34918705  s
   14   2   1  -1       0.83029822  p_y
   14   2   1   0       0.82298547  p_z
   14   2   1   1       0.83142399  p_x
   14   3   2  -2       0.03857955  d_xy
   14   3   2  -1       0.04260025  d_yz
   14   3   2   0       0.02131337  d_z2
   14   3   2   1       0.04144492  d_xz
   14   3   2   2       0.02004483  d_x2-y2
   15   1   0   0       1.34846516  s
   15   2   1  -1       0.83229128  p_y
   15   2   1   0       0.82711869  p_z
   15   2   1   1       0.82711040  p_x
   15   3   2  -2       0.04006454  d_xy
   15   3   2  -1       0.03769236  d_yz
   15   3   2   0       0.02015972  d_z2
   15   3   2   1       0.04338655  d_xz
   15   3   2   2       0.02072788  d_x2-y2
   16   1   0   0       1.38747950  s
   16   2   1  -1       0.82874952  p_y
   16   2   1   0       0.82629825  p_z
   16   2   1   1       0.82998703  p_x
   16   3   2  -2       0.03587923  d_xy
   16   3   2  -1       0.03619231  d_yz
   16   3   2   0       0.01805292  d_z2
   16   3   2   1       0.03861805  d_xz
   16   3   2   2       0.01616267  d_x2-y2
   17   1   0   0       1.35937315  s
   17   2   1  -1       0.82216699  p_y
   17   2   1   0       0.82117392  p_z
   17   2   1   1       0.82428463  p_x
   17   3   2  -2       0.03936892  d_xy
   17   3   2  -1       0.04104371  d_yz
   17   3   2   0       0.02161124  d_z2
   17   3   2   1       0.04071947  d_xz
   17   3   2   2       0.02118431  d_x2-y2
   18   1   0   0       1.38387803  s
   18   2   1  -1       0.82002877  p_y
   18   2   1   0       0.82989035  p_z
   18   2   1   1       0.83241350  p_x
   18   3   2  -2       0.03825316  d_xy
   18   3   2  -1       0.03950869  d_yz
   18   3   2   0       0.01680480  d_z2
   18   3   2   1       0.03354700  d_xz
   18   3   2   2       0.01793114  d_x2-y2
   19   1   0   0       1.34893793  s
   19   2   1  -1       0.82958659  p_y
   19   2   1   0       0.83307957  p_z
   19   2   1   1       0.82193773  p_x
   19   3   2  -2       0.04282420  d_xy
   19   3   2  -1       0.03797758  d_yz
   19   3   2   0       0.01949405  d_z2
   19   3   2   1       0.04160789  d_xz
   19   3   2   2       0.02118584  d_x2-y2
   20   1   0   0       1.36718735  s
   20   2   1  -1       0.83007265  p_y
   20   2   1   0       0.83144139  p_z
   20   2   1   1       0.83327812  p_x
   20   3   2  -2       0.03848169  d_xy
   20   3   2  -1       0.03631129  d_yz
   20   3   2   0       0.01870466  d_z2
   20   3   2   1       0.03538607  d_xz
   20   3   2   2       0.01521247  d_x2-y2
   21   1   0   0       1.33358823  s
   21   2   1  -1       0.82400609  p_y
   21   2   1   0       0.82805884  p_z
   21   2   1   1       0.81690607  p_x
   21   3   2  -2       0.04356429  d_xy
   21   3   2  -1       0.04135325  d_yz
   21   3   2   0       0.02156036  d_z2
   21   3   2   1       0.04414162  d_xz
   21   3   2   2       0.02473192  d_x2-y2
   22   1   0   0       1.37616250  s
   22   2   1  -1       0.83055479  p_y
   22   2   1   0       0.83239711  p_z
   22   2   1   1       0.83601726  p_x
   22   3   2  -2       0.03623478  d_xy
   22   3   2  -1       0.03665098  d_yz
   22   3   2   0       0.01797801  d_z2
   22   3   2   1       0.03871936  d_xz
   22   3   2   2       0.01775878  d_x2-y2
   23   1   0   0       1.33585989  s
   23   2   1  -1       0.82489388  p_y
   23   2   1   0       0.82513292  p_z
   23   2   1   1       0.82497638  p_x
   23   3   2  -2       0.04522620  d_xy
   23   3   2  -1       0.04060835  d_yz
   23   3   2   0       0.02418877  d_z2
   23   3   2   1       0.04201275  d_xz
   23   3   2   2       0.02129399  d_x2-y2
   24   1   0   0       1.39619059  s
   24   2   1  -1       0.82664679  p_y
   24   2   1   0       0.83403046  p_z
   24   2   1   1       0.83284860  p_x
   24   3   2  -2       0.03413289  d_xy
   24   3   2  -1       0.03731800  d_yz
   24   3   2   0       0.01636080  d_z2
   24   3   2   1       0.03817384  d_xz
   24   3   2   2       0.01680473  d_x2-y2
   25   1   0   0       1.35865114  s
   25   2   1  -1       0.83172747  p_y
   25   2   1   0       0.83046728  p_z
   25   2   1   1       0.83109835  p_x
   25   3   2  -2       0.03985600  d_xy
   25   3   2  -1       0.03417305  d_yz
   25   3   2   0       0.01919013  d_z2
   25   3   2   1       0.03885728  d_xz
   25   3   2   2       0.01737753  d_x2-y2
   26   1   0   0       1.34651368  s
   26   2   1  -1       0.82483437  p_y
   26   2   1   0       0.83287857  p_z
   26   2   1   1       0.82458321  p_x
   26   3   2  -2       0.04276180  d_xy
   26   3   2  -1       0.03914300  d_yz
   26   3   2   0       0.01990989  d_z2
   26   3   2   1       0.03987127  d_xz
   26   3   2   2       0.02105954  d_x2-y2
   27   1   0   0       1.38565757  s
   27   2   1  -1       0.83013262  p_y
   27   2   1   0       0.83045700  p_z
   27   2   1   1       0.82636778  p_x
   27   3   2  -2       0.03573792  d_xy
   27   3   2  -1       0.03894417  d_yz
   27   3   2   0       0.01671173  d_z2
   27   3   2   1       0.03450302  d_xz
   27   3   2   2       0.01719065  d_x2-y2
   28   1   0   0       1.33887076  s
   28   2   1  -1       0.82635845  p_y
   28   2   1   0       0.82635346  p_z
   28   2   1   1       0.82482058  p_x
   28   3   2  -2       0.04003457  d_xy
   28   3   2  -1       0.04153692  d_yz
   28   3   2   0       0.02152981  d_z2
   28   3   2   1       0.04323690  d_xz
   28   3   2   2       0.02217520  d_x2-y2
   29   1   0   0       1.35450667  s
   29   2   1  -1       0.82822743  p_y
   29   2   1   0       0.83141986  p_z
   29   2   1   1       0.82467294  p_x
   29   3   2  -2       0.03825711  d_xy
   29   3   2  -1       0.03865541  d_yz
   29   3   2   0       0.01776630  d_z2
   29   3   2   1       0.03864430  d_xz
   29   3   2   2       0.01907018  d_x2-y2
   30   1   0   0       1.35470425  s
   30   2   1  -1       0.83417324  p_y
   30   2   1   0       0.83270467  p_z
   30   2   1   1       0.82846665  p_x
   30   3   2  -2       0.04292819  d_xy
   30   3   2  -1       0.03734115  d_yz
   30   3   2   0       0.02044626  d_z2
   30   3   2   1       0.03881364  d_xz
   30   3   2   2       0.01966201  d_x2-y2
   31   1   0   0       1.33746455  s
   31   2   1  -1       0.82622123  p_y
   31   2   1   0       0.82185589  p_z
   31   2   1   1       0.82637283  p_x
   31   3   2  -2       0.04376804  d_xy
   31   3   2  -1       0.04131067  d_yz
   31   3   2   0       0.02452857  d_z2
   31   3   2   1       0.04247480  d_xz
   31   3   2   2       0.02067599  d_x2-y2
   32   1   0   0       1.33882928  s
   32   2   1  -1       0.82942198  p_y
   32   2   1   0       0.83314791  p_z
   32   2   1   1       0.82956736  p_x
   32   3   2  -2       0.04620477  d_xy
   32   3   2  -1       0.04287839  d_yz
   32   3   2   0       0.02169185  d_z2
   32   3   2   1       0.03710223  d_xz
   32   3   2   2       0.02158763  d_x2-y2
   33   1   0   0       1.34641154  s
   33   2   1  -1       0.82748406  p_y
   33   2   1   0       0.82358078  p_z
   33   2   1   1       0.82376001  p_x
   33   3   2  -2       0.04543711  d_xy
   33   3   2  -1       0.04172734  d_yz
   33   3   2   0       0.02367354  d_z2
   33   3   2   1       0.04026865  d_xz
   33   3   2   2       0.02099806  d_x2-y2
   34   1   0   0       1.36038557  s
   34   2   1  -1       0.82633966  p_y
   34   2   1   0       0.82533741  p_z
   34   2   1   1       0.82986199  p_x
   34   3   2  -2       0.03660778  d_xy
   34   3   2  -1       0.03781311  d_yz
   34   3   2   0       0.01943532  d_z2
   34   3   2   1       0.04200565  d_xz
   34   3   2   2       0.01801377  d_x2-y2
   35   1   0   0       1.34927149  s
   35   2   1  -1       0.82541633  p_y
   35   2   1   0       0.83046204  p_z
   35   2   1   1       0.82798331  p_x
   35   3   2  -2       0.04438880  d_xy
   35   3   2  -1       0.04094073  d_yz
   35   3   2   0       0.02030043  d_z2
   35   3   2   1       0.03846894  d_xz
   35   3   2   2       0.02138013  d_x2-y2
   36   1   0   0       1.37585914  s
   36   2   1  -1       0.82937291  p_y
   36   2   1   0       0.82591218  p_z
   36   2   1   1       0.82551472  p_x
   36   3   2  -2       0.03783770  d_xy
   36   3   2  -1       0.03700476  d_yz
   36   3   2   0       0.01844223  d_z2
   36   3   2   1       0.04049475  d_xz
   36   3   2   2       0.01910061  d_x2-y2
   37   1   0   0       1.37448022  s
   37   2   1  -1       0.83182862  p_y
   37   2   1   0       0.82997783  p_z
   37   2   1   1       0.83014401  p_x
   37   3   2  -2       0.03620200  d_xy
   37   3   2  -1       0.03438838  d_yz
   37   3   2   0       0.01638142  d_z2
   37   3   2   1       0.03613503  d_xz
   37   3   2   2       0.01633141  d_x2-y2
   38   1   0   0       1.35930028  s
   38   2   1  -1       0.83102167  p_y
   38   2   1   0       0.82989101  p_z
   38   2   1   1       0.82788780  p_x
   38   3   2  -2       0.03994236  d_xy
   38   3   2  -1       0.03808146  d_yz
   38   3   2   0       0.01921005  d_z2
   38   3   2   1       0.04090865  d_xz
   38   3   2   2       0.01929167  d_x2-y2
   39   1   0   0       1.34375058  s
   39   2   1  -1       0.82377250  p_y
   39   2   1   0       0.82776859  p_z
   39   2   1   1       0.82634312  p_x
   39   3   2  -2       0.04077807  d_xy
   39   3   2  -1       0.04070658  d_yz
   39   3   2   0       0.02197365  d_z2
   39   3   2   1       0.04291527  d_xz
   39   3   2   2       0.02094603  d_x2-y2
   40   1   0   0       1.34603047  s
   40   2   1  -1       0.82517270  p_y
   40   2   1   0       0.83119422  p_z
   40   2   1   1       0.83108128  p_x
   40   3   2  -2       0.04173848  d_xy
   40   3   2  -1       0.04320288  d_yz
   40   3   2   0       0.02088210  d_z2
   40   3   2   1       0.03686080  d_xz
   40   3   2   2       0.02125494  d_x2-y2
   41   1   0   0       1.36611985  s
   41   2   1  -1       0.82692935  p_y
   41   2   1   0       0.83216310  p_z
   41   2   1   1       0.83718672  p_x
   41   3   2  -2       0.03649430  d_xy
   41   3   2  -1       0.04047421  d_yz
   41   3   2   0       0.01773109  d_z2
   41   3   2   1       0.03817546  d_xz
   41   3   2   2       0.02043166  d_x2-y2
   42   1   0   0       1.33576840  s
   42   2   1  -1       0.82352345  p_y
   42   2   1   0       0.83213305  p_z
   42   2   1   1       0.82373825  p_x
   42   3   2  -2       0.04382226  d_xy
   42   3   2  -1       0.04631771  d_yz
   42   3   2   0       0.02076856  d_z2
   42   3   2   1       0.03564734  d_xz
   42   3   2   2       0.02494138  d_x2-y2
   43   1   0   0       1.36741898  s
   43   2   1  -1       0.81967012  p_y
   43   2   1   0       0.83158029  p_z
   43   2   1   1       0.82657087  p_x
   43   3   2  -2       0.03670483  d_xy
   43   3   2  -1       0.04047350  d_yz
   43   3   2   0       0.01846356  d_z2
   43   3   2   1       0.03863027  d_xz
   43   3   2   2       0.02120289  d_x2-y2
   44   1   0   0       1.32931916  s
   44   2   1  -1       0.83075262  p_y
   44   2   1   0       0.82707235  p_z
   44   2   1   1       0.82471862  p_x
   44   3   2  -2       0.04607911  d_xy
   44   3   2  -1       0.03673066  d_yz
   44   3   2   0       0.02420522  d_z2
   44   3   2   1       0.04144668  d_xz
   44   3   2   2       0.01966210  d_x2-y2
   45   1   0   0       1.35930711  s
   45   2   1  -1       0.82391151  p_y
   45   2   1   0       0.83344288  p_z
   45   2   1   1       0.82768938  p_x
   45   3   2  -2       0.04105428  d_xy
   45   3   2  -1       0.03789615  d_yz
   45   3   2   0       0.01712569  d_z2
   45   3   2   1       0.03821005  d_xz
   45   3   2   2       0.02120211  d_x2-y2
   46   1   0   0       1.37729520  s
   46   2   1  -1       0.82899603  p_y
   46   2   1   0       0.82871739  p_z
   46   2   1   1       0.82895103  p_x
   46   3   2  -2       0.03909603  d_xy
   46   3   2  -1       0.03581777  d_yz
   46   3   2   0       0.01834717  d_z2
   46   3   2   1       0.03858198  d_xz
   46   3   2   2       0.01926813  d_x2-y2
   47   1   0   0       1.36122156  s
   47   2   1  -1       0.82783402  p_y
   47   2   1   0       0.82924582  p_z
   47   2   1   1       0.82923640  p_x
   47   3   2  -2       0.03824746  d_xy
   47   3   2  -1       0.04029510  d_yz
   47   3   2   0       0.01836809  d_z2
   47   3   2   1       0.03396031  d_xz
   47   3   2   2       0.01663740  d_x2-y2
   48   1   0   0       1.35276412  s
   48   2   1  -1       0.82799906  p_y
   48   2   1   0       0.82762023  p_z
   48   2   1   1       0.82638188  p_x
   48   3   2  -2       0.04134043  d_xy
   48   3   2  -1       0.04004789  d_yz
   48   3   2   0       0.02135036  d_z2
   48   3   2   1       0.04249025  d_xz
   48   3   2   2       0.02142789  d_x2-y2
   49   1   0   0       1.34211257  s
   49   2   1  -1       0.82491923  p_y
   49   2   1   0       0.82628679  p_z
   49   2   1   1       0.82182480  p_x
   49   3   2  -2       0.04372572  d_xy
   49   3   2  -1       0.04017172  d_yz
   49   3   2   0       0.02109583  d_z2
   49   3   2   1       0.03989077  d_xz
   49   3   2   2       0.02229521  d_x2-y2
   50   1   0   0       1.39390389  s
   50   2   1  -1       0.83108258  p_y
   50   2   1   0       0.82987251  p_z
   50   2   1   1       0.82788846  p_x
   50   3   2  -2       0.03602282  d_xy
   50   3   2  -1       0.03968631  d_yz
   50   3   2   0       0.01658872  d_z2
   50   3   2   1       0.03606803  d_xz
   50   3   2   2       0.01731039  d_x2-y2
   51   1   0   0       1.34387313  s
   51   2   1  -1       0.82384681  p_y
   51   2   1   0       0.82071145  p_z
   51   2   1   1       0.82082641  p_x
   51   3   2  -2       0.04118152  d_xy
   51   3   2  -1       0.04122788  d_yz
   51   3   2   0       0.02208218  d_z2
   51   3   2   1       0.04243365  d_xz
   51   3   2   2       0.02110609  d_x2-y2
   52   1   0   0       1.34825744  s
   52   2   1  -1       0.83172949  p_y
   52   2   1   0       0.81860595  p_z
   52   2   1   1       0.83103782  p_x
   52   3   2  -2       0.03996895  d_xy
   52   3   2  -1       0.03927633  d_yz
   52   3   2   0       0.02240428  d_z2
   52   3   2   1       0.04310761  d_xz
   52   3   2   2       0.01950969  d_x2-y2
   53   1   0   0       1.36806104  s
   53   2   1  -1       0.83006979  p_y
   53   2   1   0       0.81934505  p_z
   53   2   1   1       0.83096841  p_x
   53   3   2  -2       0.03655500  d_xy
   53   3   2  -1       0.03834869  d_yz
   53   3   2   0       0.02038495  d_z2
   53   3   2   1       0.04375451  d_xz
   53   3   2   2       0.01857271  d_x2-y2
   54   1   0   0       1.38540215  s
   54   2   1  -1       0.82974411  p_y
   54   2   1   0       0.82116281  p_z
   54   2   1   1       0.82783915  p_x
   54   3   2  -2       0.03822145  d_xy
   54   3   2  -1       0.03532936  d_yz
   54   3   2   0       0.01936859  d_z2
   54   3   2   1       0.03734703  d_xz
   54   3   2   2       0.01652221  d_x2-y2
   55   1   0   0       1.35979971  s
   55   2   1  -1       0.82986296  p_y
   55   2   1   0       0.82632593  p_z
   55   2   1   1       0.83085581  p_x
   55   3   2  -2       0.03766541  d_xy
   55   3   2  -1       0.03967121  d_yz
   55   3   2   0       0.01928294  d_z2
   55   3   2   1       0.03831228  d_xz
   55   3   2   2       0.02125283  d_x2-y2
   56   1   0   0       1.35818895  s
   56   2   1  -1       0.83024562  p_y
   56   2   1   0       0.82895322  p_z
   56   2   1   1       0.82853576  p_x
   56   3   2  -2       0.03726165  d_xy
   56   3   2  -1       0.03626867  d_yz
   56   3   2   0       0.01828542  d_z2
   56   3   2   1       0.04160112  d_xz
   56   3   2   2       0.01833302  d_x2-y2
   57   1   0   0       1.33520530  s
   57   2   1  -1       0.82439550  p_y
   57   2   1   0       0.82454328  p_z
   57   2   1   1       0.82860565  p_x
   57   3   2  -2       0.04110740  d_xy
   57   3   2  -1       0.04042310  d_yz
   57   3   2   0       0.02287652  d_z2
   57   3   2   1       0.03950763  d_xz
   57   3   2   2       0.01992998  d_x2-y2
   58   1   0   0       1.33874261  s
   58   2   1  -1       0.83185278  p_y
   58   2   1   0       0.82600392  p_z
   58   2   1   1       0.82660571  p_x
   58   3   2  -2       0.04080581  d_xy
   58   3   2  -1       0.03970581  d_yz
   58   3   2   0       0.02209853  d_z2
   58   3   2   1       0.04532294  d_xz
   58   3   2   2       0.02172352  d_x2-y2
   59   1   0   0       1.36416139  s
   59   2   1  -1       0.82974351  p_y
   59   2   1   0       0.82564451  p_z
   59   2   1   1       0.82674288  p_x
   59   3   2  -2       0.03445931  d_xy
   59   3   2  -1       0.04032074  d_yz
   59   3   2   0       0.01832429  d_z2
   59   3   2   1       0.03698510  d_xz
   59   3   2   2       0.01756294  d_x2-y2
   60   1   0   0       1.37386768  s
   60   2   1  -1       0.82627835  p_y
   60   2   1   0       0.83012632  p_z
   60   2   1   1       0.82897113  p_x
   60   3   2  -2       0.04064450  d_xy
   60   3   2  -1       0.04041746  d_yz
   60   3   2   0       0.01896155  d_z2
   60   3   2   1       0.03666634  d_xz
   60   3   2   2       0.01840459  d_x2-y2
   61   1   0   0       1.36594870  s
   61   2   1  -1       0.82956078  p_y
   61   2   1   0       0.83007573  p_z
   61   2   1   1       0.83288741  p_x
   61   3   2  -2       0.03568117  d_xy
   61   3   2  -1       0.03968642  d_yz
   61   3   2   0       0.01705666  d_z2
   61   3   2   1       0.03767369  d_xz
   61   3   2   2       0.01883157  d_x2-y2
   62   1   0   0       1.34646352  s
   62   2   1  -1       0.83285971  p_y
   62   2   1   0       0.82895215  p_z
   62   2   1   1       0.82690975  p_x
   62   3   2  -2       0.04110930  d_xy
   62   3   2  -1       0.03556781  d_yz
   62   3   2   0       0.02020363  d_z2
   62   3   2   1       0.04274781  d_xz
   62   3   2   2       0.01920652  d_x2-y2
   63   1   0   0       1.35521603  s
   63   2   1  -1       0.82720155  p_y
   63   2   1   0       0.82971499  p_z
   63   2   1   1       0.82707013  p_x
   63   3   2  -2       0.04085931  d_xy
   63   3   2  -1       0.03767035  d_yz
   63   3   2   0       0.02029061  d_z2
   63   3   2   1       0.03913063  d_xz
   63   3   2   2       0.02067950  d_x2-y2
   64   1   0   0       1.37203560  s
   64   2   1  -1       0.83080701  p_y
   64   2   1   0       0.83297785  p_z
   64   2   1   1       0.82925169  p_x
   64   3   2  -2       0.03439533  d_xy
   64   3   2  -1       0.04034625  d_yz
   64   3   2   0       0.01624496  d_z2
   64   3   2   1       0.03514349  d_xz
   64   3   2   2       0.01780995  d_x2-y2

Fermi level:                        -0.1328998350 H           -3.6164 eV
Band energy:                       -88.1831101196 H        -2399.5845 eV
TS:                                  0.0000000000 H            0.0000 eV
Band free energy (E-TS):           -88.1831101196 H        -2399.5845 eV
Extrapolated E(0K):                -88.1831101196 H        -2399.5845 eV
Input / Output electrons (q):    256.0000000000    256.0000000000

Energy H0:                         -88.1728024898 H        -2399.3040 eV
Energy SCC:                          0.0005254039 H            0.0143 eV
Total Electronic energy:           -88.1722770859 H        -2399.2897 eV
Repulsive energy:                    0.0000000000 H            0.0000 eV
Total energy:                      -88.1722770859 H        -2399.2897 eV
Extrapolated to 0:                 -88.1722770859 H        -2399.2897 eV
Total Mermin free energy:          -88.1722770859 H        -2399.2897 eV
Force related energy:              -88.1722770859 H        -2399.2897 eV

Non-constrained calculation

SCC converged

Warning: dipole moment is not defined absolutely!
Dipole moment:   -0.26049620    0.49713466    0.03760838 au
Dipole moment:   -0.66211534    1.26359037    0.09559099 Debye


