 Fermi distribution function

Calculation with static geometry


********************************************************************************
 iSCC Total electronic   Diff electronic      SCC error    
    9   -0.88136872E+02   -0.94924246E-09    0.57846314E-05
********************************************************************************

 Total charge:    -0.00000000

 Atomic gross charges (e)
 Atom           Charge
    1      -0.00879110
    2       0.00418698
    3      -0.00614941
    4       0.00643910
    5      -0.00599941
    6       0.01722506
    7       0.00286905
    8       0.01393306
    9      -0.01178687
   10       0.01516912
   11       0.00267256
   12      -0.00466948
   13       0.01468210
   14       0.00070703
   15      -0.01257774
   16       0.01656658
   17       0.02576740
   18       0.01147287
   19       0.01056319
   20      -0.00796446
   21       0.00069657
   22      -0.01852854
   23       0.01138423
   24      -0.01688920
   25       0.00071715
   26      -0.00082551
   27       0.00437886
   28      -0.00638593
   29      -0.00509055
   30      -0.03035315
   31      -0.00922141
   32      -0.00636540
   33       0.00109617
   34       0.00525779
   35      -0.00322409
   36       0.00312858
   37      -0.00280693
   38      -0.01020441
   39       0.01821927
   40       0.00447711
   41      -0.03826132
   42       0.00931140
   43      -0.02161015
   44       0.01152337
   45      -0.00043721
   46       0.01407088
   47       0.00757727
   48       0.01459426
   49       0.02534828
   50      -0.02552247
   51       0.01677725
   52      -0.01289606
   53       0.01797598
   54      -0.00522419
   55       0.00070279
   56       0.00410630
   57       0.00040372
   58       0.00194187
   59       0.00964917
   60      -0.00506499
   61      -0.01561860
   62      -0.01394781
   63       0.00070232
   64      -0.01987827

Nr. of electrons (up):    256.00000000
Atom populations (up)
 Atom       Population
    1       4.00879110
    2       3.99581302
    3       4.00614941
    4       3.99356090
    5       4.00599941
    6       3.98277494
    7       3.99713095
    8       3.98606694
    9       4.01178687
   10       3.98483088
   11       3.99732744
   12       4.00466948
   13       3.98531790
   14       3.99929297
   15       4.01257774
   16       3.98343342
   17       3.97423260
   18       3.98852713
   19       3.98943681
   20       4.00796446
   21       3.99930343
   22       4.01852854
   23       3.98861577
   24       4.01688920
   25       3.99928285
   26       4.00082551
   27       3.99562114
   28       4.00638593
   29       4.00509055
   30       4.03035315
   31       4.00922141
   32       4.00636540
   33       3.99890383
   34       3.99474221
   35       4.00322409
   36       3.99687142
   37       4.00280693
   38       4.01020441
   39       3.98178073
   40       3.99552289
   41       4.03826132
   42       3.99068860
   43       4.02161015
   44       3.98847663
   45       4.00043721
   46       3.98592912
   47       3.99242273
   48       3.98540574
   49       3.97465172
   50       4.02552247
   51       3.98322275
   52       4.01289606
   53       3.98202402
   54       4.00522419
   55       3.99929721
   56       3.99589370
   57       3.99959628
   58       3.99805813
   59       3.99035083
   60       4.00506499
   61       4.01561860
   62       4.01394781
   63       3.99929768
   64       4.01987827

l-shell populations (up)
 Atom Sh.   l       Population
    1   1   0       1.37307694
    1   2   1       2.48780500
    1   3   2       0.14790916
    2   1   0       1.35328955
    2   2   1       2.46747182
    2   3   2       0.17505165
    3   1   0       1.36812322
    3   2   1       2.49293616
    3   3   2       0.14509003
    4   1   0       1.34997386
    4   2   1       2.47718170
    4   3   2       0.16640534
    5   1   0       1.38059084
    5   2   1       2.47432135
    5   3   2       0.15108722
    6   1   0       1.34516847
    6   2   1       2.47628626
    6   3   2       0.16132021
    7   1   0       1.33932526
    7   2   1       2.49397304
    7   3   2       0.16383265
    8   1   0       1.34596051
    8   2   1       2.48166835
    8   3   2       0.15843808
    9   1   0       1.37937543
    9   2   1       2.47961185
    9   3   2       0.15279959
   10   1   0       1.32807514
   10   2   1       2.48799284
   10   3   2       0.16876290
   11   1   0       1.34045877
   11   2   1       2.48905955
   11   3   2       0.16780913
   12   1   0       1.37062908
   12   2   1       2.48400318
   12   3   2       0.15003722
   13   1   0       1.34560827
   13   2   1       2.47173451
   13   3   2       0.16797511
   14   1   0       1.37251752
   14   2   1       2.47717366
   14   3   2       0.14960179
   15   1   0       1.37484985
   15   2   1       2.49034656
   15   3   2       0.14738133
   16   1   0       1.34440844
   16   2   1       2.47014787
   16   3   2       0.16887711
   17   1   0       1.31913555
   17   2   1       2.47424369
   17   3   2       0.18085336
   18   1   0       1.34968161
   18   2   1       2.47513928
   18   3   2       0.16370623
   19   1   0       1.34104382
   19   2   1       2.47832258
   19   3   2       0.17007042
   20   1   0       1.37006707
   20   2   1       2.49578614
   20   3   2       0.14211125
   21   1   0       1.35795164
   21   2   1       2.48756968
   21   3   2       0.15378211
   22   1   0       1.37324686
   22   2   1       2.50073313
   22   3   2       0.14454856
   23   1   0       1.33411911
   23   2   1       2.48798753
   23   3   2       0.16650913
   24   1   0       1.37708721
   24   2   1       2.50558905
   24   3   2       0.13421294
   25   1   0       1.36649797
   25   2   1       2.47397362
   25   3   2       0.15881126
   26   1   0       1.35865741
   26   2   1       2.48494588
   26   3   2       0.15722222
   27   1   0       1.35907528
   27   2   1       2.47910881
   27   3   2       0.15743704
   28   1   0       1.37131737
   28   2   1       2.47436586
   28   3   2       0.16070270
   29   1   0       1.37260998
   29   2   1       2.49004692
   29   3   2       0.14243364
   30   1   0       1.39214190
   30   2   1       2.49208405
   30   3   2       0.14612721
   31   1   0       1.38691820
   31   2   1       2.47558474
   31   3   2       0.14671846
   32   1   0       1.36007832
   32   2   1       2.47461605
   32   3   2       0.17167102
   33   1   0       1.35874820
   33   2   1       2.47907714
   33   3   2       0.16107849
   34   1   0       1.37272628
   34   2   1       2.46606373
   34   3   2       0.15595220
   35   1   0       1.36880488
   35   2   1       2.47703357
   35   3   2       0.15738564
   36   1   0       1.36338245
   36   2   1       2.48001768
   36   3   2       0.15347129
   37   1   0       1.36373206
   37   2   1       2.47778709
   37   3   2       0.16128778
   38   1   0       1.38668523
   38   2   1       2.48075067
   38   3   2       0.14276851
   39   1   0       1.32621949
   39   2   1       2.47698528
   39   3   2       0.17857596
   40   1   0       1.35309522
   40   2   1       2.48641607
   40   3   2       0.15601160
   41   1   0       1.40634008
   41   2   1       2.49596829
   41   3   2       0.13595295
   42   1   0       1.33943613
   42   2   1       2.48533278
   42   3   2       0.16591968
   43   1   0       1.37788028
   43   2   1       2.51497379
   43   3   2       0.12875608
   44   1   0       1.34298916
   44   2   1       2.48105663
   44   3   2       0.16443084
   45   1   0       1.36058885
   45   2   1       2.48970550
   45   3   2       0.15014285
   46   1   0       1.32797931
   46   2   1       2.48459830
   46   3   2       0.17335151
   47   1   0       1.35161267
   47   2   1       2.47932053
   47   3   2       0.16148953
   48   1   0       1.34142769
   48   2   1       2.47391847
   48   3   2       0.17005958
   49   1   0       1.32738578
   49   2   1       2.46913118
   49   3   2       0.17813476
   50   1   0       1.39851376
   50   2   1       2.49367076
   50   3   2       0.13333795
   51   1   0       1.33734820
   51   2   1       2.47352651
   51   3   2       0.17234803
   52   1   0       1.37579128
   52   2   1       2.49148466
   52   3   2       0.14562012
   53   1   0       1.32303952
   53   2   1       2.47972981
   53   3   2       0.17925468
   54   1   0       1.36020498
   54   2   1       2.48627380
   54   3   2       0.15874542
   55   1   0       1.35471874
   55   2   1       2.49398382
   55   3   2       0.15059465
   56   1   0       1.33673931
   56   2   1       2.49049079
   56   3   2       0.16866361
   57   1   0       1.37796519
   57   2   1       2.46689548
   57   3   2       0.15473561
   58   1   0       1.34829443
   58   2   1       2.48531507
   58   3   2       0.16444862
   59   1   0       1.35318195
   59   2   1       2.48458032
   59   3   2       0.15258857
   60   1   0       1.35948956
   60   2   1       2.48240868
   60   3   2       0.16316674
   61   1   0       1.38252506
   61   2   1       2.48658741
   61   3   2       0.14650613
   62   1   0       1.36735948
   62   2   1       2.48671475
   62   3   2       0.15987357
   63   1   0       1.36748391
   63   2   1       2.46883241
   63   3   2       0.16298135
   64   1   0       1.39380587
   64   2   1       2.48130821
   64   3   2       0.14476420

Orbital populations (up)
 Atom Sh.   l   m       Population  Label
    1   1   0   0       1.37307694  s
    1   2   1  -1       0.83108018  p_y
    1   2   1   0       0.82808796  p_z
    1   2   1   1       0.82863685  p_x
    1   3   2  -2       0.03684098  d_xy
    1   3   2  -1       0.03878736  d_yz
    1   3   2   0       0.01903040  d_z2
    1   3   2   1       0.03546962  d_xz
    1   3   2   2       0.01778080  d_x2-y2
    2   1   0   0       1.35328955  s
    2   2   1  -1       0.81989576  p_y
    2   2   1   0       0.82517505  p_z
    2   2   1   1       0.82240101  p_x
    2   3   2  -2       0.04597559  d_xy
    2   3   2  -1       0.04049135  d_yz
    2   3   2   0       0.02330200  d_z2
    2   3   2   1       0.04342374  d_xz
    2   3   2   2       0.02185898  d_x2-y2
    3   1   0   0       1.36812322  s
    3   2   1  -1       0.83134596  p_y
    3   2   1   0       0.82980134  p_z
    3   2   1   1       0.83178887  p_x
    3   3   2  -2       0.03554444  d_xy
    3   3   2  -1       0.03464556  d_yz
    3   3   2   0       0.01782589  d_z2
    3   3   2   1       0.03979286  d_xz
    3   3   2   2       0.01728128  d_x2-y2
    4   1   0   0       1.34997386  s
    4   2   1  -1       0.82438475  p_y
    4   2   1   0       0.82904346  p_z
    4   2   1   1       0.82375349  p_x
    4   3   2  -2       0.04609572  d_xy
    4   3   2  -1       0.04096765  d_yz
    4   3   2   0       0.02090138  d_z2
    4   3   2   1       0.03730096  d_xz
    4   3   2   2       0.02113964  d_x2-y2
    5   1   0   0       1.38059084  s
    5   2   1  -1       0.82406711  p_y
    5   2   1   0       0.82442896  p_z
    5   2   1   1       0.82582528  p_x
    5   3   2  -2       0.03908964  d_xy
    5   3   2  -1       0.03684558  d_yz
    5   3   2   0       0.01932267  d_z2
    5   3   2   1       0.03844527  d_xz
    5   3   2   2       0.01738406  d_x2-y2
    6   1   0   0       1.34516847  s
    6   2   1  -1       0.82857763  p_y
    6   2   1   0       0.82196224  p_z
    6   2   1   1       0.82574639  p_x
    6   3   2  -2       0.04023354  d_xy
    6   3   2  -1       0.04022759  d_yz
    6   3   2   0       0.02231564  d_z2
    6   3   2   1       0.03908471  d_xz
    6   3   2   2       0.01945873  d_x2-y2
    7   1   0   0       1.33932526  s
    7   2   1  -1       0.82873315  p_y
    7   2   1   0       0.83279363  p_z
    7   2   1   1       0.83244625  p_x
    7   3   2  -2       0.03906730  d_xy
    7   3   2  -1       0.04223206  d_yz
    7   3   2   0       0.02034709  d_z2
    7   3   2   1       0.04124342  d_xz
    7   3   2   2       0.02094278  d_x2-y2
    8   1   0   0       1.34596051  s
    8   2   1  -1       0.82836087  p_y
    8   2   1   0       0.82766629  p_z
    8   2   1   1       0.82564119  p_x
    8   3   2  -2       0.04170203  d_xy
    8   3   2  -1       0.03810658  d_yz
    8   3   2   0       0.02072932  d_z2
    8   3   2   1       0.03913491  d_xz
    8   3   2   2       0.01876525  d_x2-y2
    9   1   0   0       1.37937543  s
    9   2   1  -1       0.82766481  p_y
    9   2   1   0       0.82575749  p_z
    9   2   1   1       0.82618956  p_x
    9   3   2  -2       0.03721357  d_xy
    9   3   2  -1       0.03731242  d_yz
    9   3   2   0       0.01798064  d_z2
    9   3   2   1       0.04099692  d_xz
    9   3   2   2       0.01929603  d_x2-y2
   10   1   0   0       1.32807514  s
   10   2   1  -1       0.82870138  p_y
   10   2   1   0       0.82959209  p_z
   10   2   1   1       0.82969937  p_x
   10   3   2  -2       0.04247430  d_xy
   10   3   2  -1       0.04395944  d_yz
   10   3   2   0       0.02139891  d_z2
   10   3   2   1       0.03766249  d_xz
   10   3   2   2       0.02326775  d_x2-y2
   11   1   0   0       1.34045877  s
   11   2   1  -1       0.82622958  p_y
   11   2   1   0       0.83142130  p_z
   11   2   1   1       0.83140867  p_x
   11   3   2  -2       0.04295292  d_xy
   11   3   2  -1       0.04237262  d_yz
   11   3   2   0       0.02071231  d_z2
   11   3   2   1       0.03920763  d_xz
   11   3   2   2       0.02256366  d_x2-y2
   12   1   0   0       1.37062908  s
   12   2   1  -1       0.82509442  p_y
   12   2   1   0       0.83192475  p_z
   12   2   1   1       0.82698401  p_x
   12   3   2  -2       0.03603235  d_xy
   12   3   2  -1       0.03948973  d_yz
   12   3   2   0       0.01682908  d_z2
   12   3   2   1       0.03916108  d_xz
   12   3   2   2       0.01852498  d_x2-y2
   13   1   0   0       1.34560827  s
   13   2   1  -1       0.82205606  p_y
   13   2   1   0       0.82666299  p_z
   13   2   1   1       0.82301547  p_x
   13   3   2  -2       0.04651033  d_xy
   13   3   2  -1       0.03932163  d_yz
   13   3   2   0       0.01928006  d_z2
   13   3   2   1       0.03927269  d_xz
   13   3   2   2       0.02359040  d_x2-y2
   14   1   0   0       1.37251752  s
   14   2   1  -1       0.82532202  p_y
   14   2   1   0       0.82857558  p_z
   14   2   1   1       0.82327605  p_x
   14   3   2  -2       0.03975350  d_xy
   14   3   2  -1       0.03231534  d_yz
   14   3   2   0       0.01945674  d_z2
   14   3   2   1       0.04139170  d_xz
   14   3   2   2       0.01668452  d_x2-y2
   15   1   0   0       1.37484985  s
   15   2   1  -1       0.82824951  p_y
   15   2   1   0       0.83160710  p_z
   15   2   1   1       0.83048996  p_x
   15   3   2  -2       0.03670956  d_xy
   15   3   2  -1       0.03888353  d_yz
   15   3   2   0       0.01723840  d_z2
   15   3   2   1       0.03652195  d_xz
   15   3   2   2       0.01802789  d_x2-y2
   16   1   0   0       1.34440844  s
   16   2   1  -1       0.82215814  p_y
   16   2   1   0       0.82481240  p_z
   16   2   1   1       0.82317733  p_x
   16   3   2  -2       0.03971983  d_xy
   16   3   2  -1       0.04479371  d_yz
   16   3   2   0       0.02222840  d_z2
   16   3   2   1       0.04084446  d_xz
   16   3   2   2       0.02129071  d_x2-y2
   17   1   0   0       1.31913555  s
   17   2   1  -1       0.82324204  p_y
   17   2   1   0       0.82521841  p_z
   17   2   1   1       0.82578324  p_x
   17   3   2  -2       0.04160656  d_xy
   17   3   2  -1       0.04596205  d_yz
   17   3   2   0       0.02411107  d_z2
   17   3   2   1       0.04429566  d_xz
   17   3   2   2       0.02487803  d_x2-y2
   18   1   0   0       1.34968161  s
   18   2   1  -1       0.82697334  p_y
   18   2   1   0       0.82063829  p_z
   18   2   1   1       0.82752765  p_x
   18   3   2  -2       0.03876995  d_xy
   18   3   2  -1       0.04326019  d_yz
   18   3   2   0       0.02230864  d_z2
   18   3   2   1       0.03848980  d_xz
   18   3   2   2       0.02087765  d_x2-y2
   19   1   0   0       1.34104382  s
   19   2   1  -1       0.82660068  p_y
   19   2   1   0       0.82430614  p_z
   19   2   1   1       0.82741576  p_x
   19   3   2  -2       0.04037646  d_xy
   19   3   2  -1       0.04356614  d_yz
   19   3   2   0       0.02242372  d_z2
   19   3   2   1       0.04242048  d_xz
   19   3   2   2       0.02128362  d_x2-y2
   20   1   0   0       1.37006707  s
   20   2   1  -1       0.83184123  p_y
   20   2   1   0       0.83084956  p_z
   20   2   1   1       0.83309535  p_x
   20   3   2  -2       0.03733291  d_xy
   20   3   2  -1       0.03591914  d_yz
   20   3   2   0       0.01702719  d_z2
   20   3   2   1       0.03549454  d_xz
   20   3   2   2       0.01633747  d_x2-y2
   21   1   0   0       1.35795164  s
   21   2   1  -1       0.83595886  p_y
   21   2   1   0       0.82325393  p_z
   21   2   1   1       0.82835688  p_x
   21   3   2  -2       0.03555935  d_xy
   21   3   2  -1       0.03874899  d_yz
   21   3   2   0       0.02043158  d_z2
   21   3   2   1       0.04197348  d_xz
   21   3   2   2       0.01706871  d_x2-y2
   22   1   0   0       1.37324686  s
   22   2   1  -1       0.83504810  p_y
   22   2   1   0       0.83470304  p_z
   22   2   1   1       0.83098199  p_x
   22   3   2  -2       0.03577360  d_xy
   22   3   2  -1       0.03830590  d_yz
   22   3   2   0       0.01689564  d_z2
   22   3   2   1       0.03601798  d_xz
   22   3   2   2       0.01755544  d_x2-y2
   23   1   0   0       1.33411911  s
   23   2   1  -1       0.83254560  p_y
   23   2   1   0       0.82788913  p_z
   23   2   1   1       0.82755281  p_x
   23   3   2  -2       0.04168234  d_xy
   23   3   2  -1       0.03983687  d_yz
   23   3   2   0       0.02213894  d_z2
   23   3   2   1       0.04156691  d_xz
   23   3   2   2       0.02128407  d_x2-y2
   24   1   0   0       1.37708721  s
   24   2   1  -1       0.83411097  p_y
   24   2   1   0       0.83667465  p_z
   24   2   1   1       0.83480343  p_x
   24   3   2  -2       0.03472703  d_xy
   24   3   2  -1       0.03698730  d_yz
   24   3   2   0       0.01580006  d_z2
   24   3   2   1       0.03213014  d_xz
   24   3   2   2       0.01456841  d_x2-y2
   25   1   0   0       1.36649797  s
   25   2   1  -1       0.82312583  p_y
   25   2   1   0       0.82644944  p_z
   25   2   1   1       0.82439835  p_x
   25   3   2  -2       0.03959382  d_xy
   25   3   2  -1       0.04121190  d_yz
   25   3   2   0       0.01872267  d_z2
   25   3   2   1       0.03885404  d_xz
   25   3   2   2       0.02042884  d_x2-y2
   26   1   0   0       1.35865741  s
   26   2   1  -1       0.83031109  p_y
   26   2   1   0       0.82509058  p_z
   26   2   1   1       0.82954421  p_x
   26   3   2  -2       0.03978195  d_xy
   26   3   2  -1       0.03693389  d_yz
   26   3   2   0       0.01946285  d_z2
   26   3   2   1       0.04180108  d_xz
   26   3   2   2       0.01924245  d_x2-y2
   27   1   0   0       1.35907528  s
   27   2   1  -1       0.82662526  p_y
   27   2   1   0       0.82431730  p_z
   27   2   1   1       0.82816625  p_x
   27   3   2  -2       0.04168280  d_xy
   27   3   2  -1       0.03915132  d_yz
   27   3   2   0       0.02082326  d_z2
   27   3   2   1       0.03758586  d_xz
   27   3   2   2       0.01819381  d_x2-y2
   28   1   0   0       1.37131737  s
   28   2   1  -1       0.82652023  p_y
   28   2   1   0       0.82259753  p_z
   28   2   1   1       0.82524810  p_x
   28   3   2  -2       0.03713663  d_xy
   28   3   2  -1       0.04193979  d_yz
   28   3   2   0       0.02091692  d_z2
   28   3   2   1       0.04128895  d_xz
   28   3   2   2       0.01942040  d_x2-y2
   29   1   0   0       1.37260998  s
   29   2   1  -1       0.83298679  p_y
   29   2   1   0       0.82852144  p_z
   29   2   1   1       0.82853870  p_x
   29   3   2  -2       0.03493839  d_xy
   29   3   2  -1       0.03432723  d_yz
   29   3   2   0       0.01722423  d_z2
   29   3   2   1       0.03901016  d_xz
   29   3   2   2       0.01693364  d_x2-y2
   30   1   0   0       1.39214190  s
   30   2   1  -1       0.83084062  p_y
   30   2   1   0       0.83271113  p_z
   30   2   1   1       0.82853230  p_x
   30   3   2  -2       0.03979217  d_xy
   30   3   2  -1       0.03345203  d_yz
   30   3   2   0       0.01678627  d_z2
   30   3   2   1       0.03845778  d_xz
   30   3   2   2       0.01763895  d_x2-y2
   31   1   0   0       1.38691820  s
   31   2   1  -1       0.82838061  p_y
   31   2   1   0       0.82212486  p_z
   31   2   1   1       0.82507927  p_x
   31   3   2  -2       0.03618225  d_xy
   31   3   2  -1       0.03704472  d_yz
   31   3   2   0       0.01750043  d_z2
   31   3   2   1       0.03849916  d_xz
   31   3   2   2       0.01749190  d_x2-y2
   32   1   0   0       1.36007832  s
   32   2   1  -1       0.81839079  p_y
   32   2   1   0       0.82947473  p_z
   32   2   1   1       0.82675053  p_x
   32   3   2  -2       0.04314251  d_xy
   32   3   2  -1       0.04206392  d_yz
   32   3   2   0       0.02033518  d_z2
   32   3   2   1       0.04265802  d_xz
   32   3   2   2       0.02347139  d_x2-y2
   33   1   0   0       1.35874820  s
   33   2   1  -1       0.82304494  p_y
   33   2   1   0       0.82665800  p_z
   33   2   1   1       0.82937420  p_x
   33   3   2  -2       0.04471939  d_xy
   33   3   2  -1       0.04197078  d_yz
   33   3   2   0       0.01798074  d_z2
   33   3   2   1       0.03477185  d_xz
   33   3   2   2       0.02163572  d_x2-y2
   34   1   0   0       1.37272628  s
   34   2   1  -1       0.82729712  p_y
   34   2   1   0       0.81699204  p_z
   34   2   1   1       0.82177458  p_x
   34   3   2  -2       0.03806328  d_xy
   34   3   2  -1       0.03701435  d_yz
   34   3   2   0       0.01975772  d_z2
   34   3   2   1       0.04166365  d_xz
   34   3   2   2       0.01945319  d_x2-y2
   35   1   0   0       1.36880488  s
   35   2   1  -1       0.82816382  p_y
   35   2   1   0       0.82699742  p_z
   35   2   1   1       0.82187233  p_x
   35   3   2  -2       0.03711615  d_xy
   35   3   2  -1       0.03593292  d_yz
   35   3   2   0       0.01990399  d_z2
   35   3   2   1       0.04448514  d_xz
   35   3   2   2       0.01994745  d_x2-y2
   36   1   0   0       1.36338245  s
   36   2   1  -1       0.83127055  p_y
   36   2   1   0       0.82737386  p_z
   36   2   1   1       0.82137327  p_x
   36   3   2  -2       0.03498730  d_xy
   36   3   2  -1       0.03689587  d_yz
   36   3   2   0       0.01845626  d_z2
   36   3   2   1       0.04401692  d_xz
   36   3   2   2       0.01911493  d_x2-y2
   37   1   0   0       1.36373206  s
   37   2   1  -1       0.82114082  p_y
   37   2   1   0       0.82687423  p_z
   37   2   1   1       0.82977204  p_x
   37   3   2  -2       0.04087459  d_xy
   37   3   2  -1       0.03966270  d_yz
   37   3   2   0       0.01963496  d_z2
   37   3   2   1       0.04070449  d_xz
   37   3   2   2       0.02041105  d_x2-y2
   38   1   0   0       1.38668523  s
   38   2   1  -1       0.83198784  p_y
   38   2   1   0       0.82237772  p_z
   38   2   1   1       0.82638511  p_x
   38   3   2  -2       0.03137156  d_xy
   38   3   2  -1       0.04166831  d_yz
   38   3   2   0       0.01685385  d_z2
   38   3   2   1       0.03687770  d_xz
   38   3   2   2       0.01599709  d_x2-y2
   39   1   0   0       1.32621949  s
   39   2   1  -1       0.81902287  p_y
   39   2   1   0       0.83028359  p_z
   39   2   1   1       0.82767881  p_x
   39   3   2  -2       0.04680478  d_xy
   39   3   2  -1       0.04333659  d_yz
   39   3   2   0       0.02397240  d_z2
   39   3   2   1       0.04085234  d_xz
   39   3   2   2       0.02360985  d_x2-y2
   40   1   0   0       1.35309522  s
   40   2   1  -1       0.83033193  p_y
   40   2   1   0       0.82638832  p_z
   40   2   1   1       0.82969582  p_x
   40   3   2  -2       0.03994808  d_xy
   40   3   2  -1       0.03527764  d_yz
   40   3   2   0       0.01982944  d_z2
   40   3   2   1       0.04245668  d_xz
   40   3   2   2       0.01849975  d_x2-y2
   41   1   0   0       1.40634008  s
   41   2   1  -1       0.83571768  p_y
   41   2   1   0       0.82795080  p_z
   41   2   1   1       0.83229982  p_x
   41   3   2  -2       0.03194406  d_xy
   41   3   2  -1       0.03465411  d_yz
   41   3   2   0       0.01584297  d_z2
   41   3   2   1       0.03862249  d_xz
   41   3   2   2       0.01488932  d_x2-y2
   42   1   0   0       1.33943613  s
   42   2   1  -1       0.82861032  p_y
   42   2   1   0       0.83283800  p_z
   42   2   1   1       0.82388447  p_x
   42   3   2  -2       0.04819732  d_xy
   42   3   2  -1       0.03780475  d_yz
   42   3   2   0       0.02177404  d_z2
   42   3   2   1       0.03722537  d_xz
   42   3   2   2       0.02091821  d_x2-y2
   43   1   0   0       1.37788028  s
   43   2   1  -1       0.83896207  p_y
   43   2   1   0       0.83543782  p_z
   43   2   1   1       0.84057390  p_x
   43   3   2  -2       0.03046834  d_xy
   43   3   2  -1       0.03731819  d_yz
   43   3   2   0       0.01471728  d_z2
   43   3   2   1       0.03173259  d_xz
   43   3   2   2       0.01451968  d_x2-y2
   44   1   0   0       1.34298916  s
   44   2   1  -1       0.82875717  p_y
   44   2   1   0       0.82505613  p_z
   44   2   1   1       0.82724334  p_x
   44   3   2  -2       0.04074880  d_xy
   44   3   2  -1       0.04471903  d_yz
   44   3   2   0       0.02265821  d_z2
   44   3   2   1       0.03662373  d_xz
   44   3   2   2       0.01968108  d_x2-y2
   45   1   0   0       1.36058885  s
   45   2   1  -1       0.82757475  p_y
   45   2   1   0       0.83092432  p_z
   45   2   1   1       0.83120644  p_x
   45   3   2  -2       0.03894461  d_xy
   45   3   2  -1       0.03963341  d_yz
   45   3   2   0       0.01863607  d_z2
   45   3   2   1       0.03563671  d_xz
   45   3   2   2       0.01729205  d_x2-y2
   46   1   0   0       1.32797931  s
   46   2   1  -1       0.83046869  p_y
   46   2   1   0       0.82782337  p_z
   46   2   1   1       0.82630625  p_x
   46   3   2  -2       0.04175019  d_xy
   46   3   2  -1       0.03895955  d_yz
   46   3   2   0       0.02443804  d_z2
   46   3   2   1       0.04611427  d_xz
   46   3   2   2       0.02208946  d_x2-y2
   47   1   0   0       1.35161267  s
   47   2   1  -1       0.82351341  p_y
   47   2   1   0       0.82665215  p_z
   47   2   1   1       0.82915497  p_x
   47   3   2  -2       0.03814471  d_xy
   47   3   2  -1       0.04131089  d_yz
   47   3   2   0       0.01990340  d_z2
   47   3   2   1       0.04119272  d_xz
   47   3   2   2       0.02093780  d_x2-y2
   48   1   0   0       1.34142769  s
   48   2   1  -1       0.82806913  p_y
   48   2   1   0       0.81914484  p_z
   48   2   1   1       0.82670450  p_x
   48   3   2  -2       0.04193567  d_xy
   48   3   2  -1       0.04480613  d_yz
   48   3   2   0       0.02320105  d_z2
   48   3   2   1       0.03981324  d_xz
   48   3   2   2       0.02030350  d_x2-y2
   49   1   0   0       1.32738578  s
   49   2   1  -1       0.82068473  p_y
   49   2   1   0       0.82571723  p_z
   49   2   1   1       0.82272922  p_x
   49   3   2  -2       0.04269634  d_xy
   49   3   2  -1       0.04498259  d_yz
   49   3   2   0       0.02305742  d_z2
   49   3   2   1       0.04228769  d_xz
   49   3   2   2       0.02511072  d_x2-y2
   50   1   0   0       1.39851376  s
   50   2   1  -1       0.83276825  p_y
   50   2   1   0       0.83495748  p_z
   50   2   1   1       0.82594504  p_x
   50   3   2  -2       0.03580847  d_xy
   50   3   2  -1       0.03244702  d_yz
   50   3   2   0       0.01487964  d_z2
   50   3   2   1       0.03495521  d_xz
   50   3   2   2       0.01524762  d_x2-y2
   51   1   0   0       1.33734820  s
   51   2   1  -1       0.82632443  p_y
   51   2   1   0       0.82754704  p_z
   51   2   1   1       0.81965504  p_x
   51   3   2  -2       0.04469704  d_xy
   51   3   2  -1       0.03907892  d_yz
   51   3   2   0       0.02210986  d_z2
   51   3   2   1       0.04346475  d_xz
   51   3   2   2       0.02299747  d_x2-y2
   52   1   0   0       1.37579128  s
   52   2   1  -1       0.83195062  p_y
   52   2   1   0       0.82824675  p_z
   52   2   1   1       0.83128729  p_x
   52   3   2  -2       0.03596391  d_xy
   52   3   2  -1       0.03987215  d_yz
   52   3   2   0       0.01707746  d_z2
   52   3   2   1       0.03468369  d_xz
   52   3   2   2       0.01802291  d_x2-y2
   53   1   0   0       1.32303952  s
   53   2   1  -1       0.82539008  p_y
   53   2   1   0       0.82948784  p_z
   53   2   1   1       0.82485189  p_x
   53   3   2  -2       0.04273964  d_xy
   53   3   2  -1       0.04308524  d_yz
   53   3   2   0       0.02304586  d_z2
   53   3   2   1       0.04534919  d_xz
   53   3   2   2       0.02503477  d_x2-y2
   54   1   0   0       1.36020498  s
   54   2   1  -1       0.82123193  p_y
   54   2   1   0       0.83279045  p_z
   54   2   1   1       0.83225142  p_x
   54   3   2  -2       0.03970206  d_xy
   54   3   2  -1       0.04015862  d_yz
   54   3   2   0       0.01965319  d_z2
   54   3   2   1       0.03915313  d_xz
   54   3   2   2       0.02007842  d_x2-y2
   55   1   0   0       1.35471874  s
   55   2   1  -1       0.83299474  p_y
   55   2   1   0       0.83079035  p_z
   55   2   1   1       0.83019873  p_x
   55   3   2  -2       0.03482074  d_xy
   55   3   2  -1       0.04056520  d_yz
   55   3   2   0       0.01736169  d_z2
   55   3   2   1       0.03871149  d_xz
   55   3   2   2       0.01913554  d_x2-y2
   56   1   0   0       1.33673931  s
   56   2   1  -1       0.82621193  p_y
   56   2   1   0       0.83322758  p_z
   56   2   1   1       0.83105128  p_x
   56   3   2  -2       0.04373157  d_xy
   56   3   2  -1       0.04168800  d_yz
   56   3   2   0       0.02155200  d_z2
   56   3   2   1       0.03975815  d_xz
   56   3   2   2       0.02193389  d_x2-y2
   57   1   0   0       1.37796519  s
   57   2   1  -1       0.82239956  p_y
   57   2   1   0       0.81889327  p_z
   57   2   1   1       0.82560265  p_x
   57   3   2  -2       0.03746301  d_xy
   57   3   2  -1       0.04317304  d_yz
   57   3   2   0       0.02005316  d_z2
   57   3   2   1       0.03616367  d_xz
   57   3   2   2       0.01788272  d_x2-y2
   58   1   0   0       1.34829443  s
   58   2   1  -1       0.83164551  p_y
   58   2   1   0       0.82552800  p_z
   58   2   1   1       0.82814156  p_x
   58   3   2  -2       0.03990960  d_xy
   58   3   2  -1       0.03721277  d_yz
   58   3   2   0       0.02160986  d_z2
   58   3   2   1       0.04497712  d_xz
   58   3   2   2       0.02073927  d_x2-y2
   59   1   0   0       1.35318195  s
   59   2   1  -1       0.82655704  p_y
   59   2   1   0       0.83320049  p_z
   59   2   1   1       0.82482278  p_x
   59   3   2  -2       0.04441730  d_xy
   59   3   2  -1       0.03416952  d_yz
   59   3   2   0       0.01836610  d_z2
   59   3   2   1       0.03643104  d_xz
   59   3   2   2       0.01920461  d_x2-y2
   60   1   0   0       1.35948956  s
   60   2   1  -1       0.82618720  p_y
   60   2   1   0       0.82827713  p_z
   60   2   1   1       0.82794435  p_x
   60   3   2  -2       0.03842663  d_xy
   60   3   2  -1       0.04181643  d_yz
   60   3   2   0       0.01951349  d_z2
   60   3   2   1       0.04214071  d_xz
   60   3   2   2       0.02126949  d_x2-y2
   61   1   0   0       1.38252506  s
   61   2   1  -1       0.83274720  p_y
   61   2   1   0       0.82780535  p_z
   61   2   1   1       0.82603486  p_x
   61   3   2  -2       0.04101444  d_xy
   61   3   2  -1       0.03307642  d_yz
   61   3   2   0       0.01801967  d_z2
   61   3   2   1       0.03741232  d_xz
   61   3   2   2       0.01698328  d_x2-y2
   62   1   0   0       1.36735948  s
   62   2   1  -1       0.82754001  p_y
   62   2   1   0       0.83535576  p_z
   62   2   1   1       0.82381899  p_x
   62   3   2  -2       0.04188117  d_xy
   62   3   2  -1       0.03886824  d_yz
   62   3   2   0       0.01869358  d_z2
   62   3   2   1       0.03935673  d_xz
   62   3   2   2       0.02107386  d_x2-y2
   63   1   0   0       1.36748391  s
   63   2   1  -1       0.82493834  p_y
   63   2   1   0       0.82092989  p_z
   63   2   1   1       0.82296418  p_x
   63   3   2  -2       0.03959649  d_xy
   63   3   2  -1       0.04255633  d_yz
   63   3   2   0       0.02102475  d_z2
   63   3   2   1       0.03964728  d_xz
   63   3   2   2       0.02015651  d_x2-y2
   64   1   0   0       1.39380587  s
   64   2   1  -1       0.82838763  p_y
   64   2   1   0       0.82650574  p_z
   64   2   1   1       0.82641483  p_x
   64   3   2  -2       0.03795060  d_xy
   64   3   2  -1       0.03413735  d_yz
   64   3   2   0       0.01738982  d_z2
   64   3   2   1       0.03823623  d_xz
   64   3   2   2       0.01705019  d_x2-y2

Fermi level:                        -0.1339643256 H           -3.6454 eV
Band energy:                       -88.1582002089 H        -2398.9067 eV
TS:                                  0.0000000000 H            0.0000 eV
Band free energy (E-TS):           -88.1582002089 H        -2398.9067 eV
Extrapolated E(0K):                -88.1582002089 H        -2398.9067 eV
Input / Output electrons (q):    256.0000000000    256.0000000000

Energy H0:                         -88.1374265038 H        -2398.3414 eV
Energy SCC:                          0.0005543011 H            0.0151 eV
Total Electronic energy:           -88.1368722027 H        -2398.3263 eV
Repulsive energy:                    0.0000000000 H            0.0000 eV
Total energy:                      -88.1368722027 H        -2398.3263 eV
Extrapolated to 0:                 -88.1368722027 H        -2398.3263 eV
Total Mermin free energy:          -88.1368722027 H        -2398.3263 eV
Force related energy:              -88.1368722027 H        -2398.3263 eV

Non-constrained calculation

SCC converged

Warning: dipole moment is not defined absolutely!
Dipole moment:   -0.69196599   -0.30032696    0.20250788 au
Dipole moment:   -1.75880224   -0.76335505    0.51472372 Debye


