 Fermi distribution function

Calculation with static geometry


********************************************************************************
 iSCC Total electronic   Diff electronic      SCC error    
    9   -0.88193060E+02   -0.62969718E-09    0.75855691E-05
********************************************************************************

 Total charge:    -0.00000000

 Atomic gross charges (e)
 Atom           Charge
    1      -0.01866147
    2       0.00598832
    3      -0.02427055
    4       0.01305229
    5       0.01346393
    6      -0.01826355
    7       0.01527170
    8       0.00641520
    9       0.01240644
   10       0.01123027
   11       0.00451612
   12       0.00780902
   13      -0.00282703
   14       0.01220478
   15       0.00976167
   16      -0.01455931
   17      -0.00025160
   18      -0.00518165
   19      -0.00236751
   20      -0.00233413
   21      -0.01462858
   22       0.00732379
   23      -0.00072590
   24      -0.00854143
   25       0.00323116
   26       0.00158299
   27       0.00597669
   28      -0.00597299
   29      -0.00260099
   30       0.00299262
   31      -0.01121844
   32       0.01418995
   33       0.00030373
   34      -0.00210902
   35       0.00373700
   36      -0.02895172
   37       0.00699697
   38      -0.00988383
   39       0.00927497
   40       0.01717654
   41       0.00506190
   42       0.01418261
   43      -0.00640360
   44       0.00173583
   45       0.00541513
   46      -0.00888725
   47       0.00328102
   48       0.00881522
   49      -0.01171325
   50      -0.00295366
   51      -0.01895812
   52       0.00837062
   53       0.01047727
   54       0.00398016
   55       0.00147334
   56      -0.00384339
   57      -0.01288230
   58       0.00469330
   59      -0.00275541
   60      -0.00290412
   61       0.00128837
   62       0.01300433
   63      -0.00511916
   64      -0.01691529

Nr. of electrons (up):    256.00000000
Atom populations (up)
 Atom       Population
    1       4.01866147
    2       3.99401168
    3       4.02427055
    4       3.98694771
    5       3.98653607
    6       4.01826355
    7       3.98472830
    8       3.99358480
    9       3.98759356
   10       3.98876973
   11       3.99548388
   12       3.99219098
   13       4.00282703
   14       3.98779522
   15       3.99023833
   16       4.01455931
   17       4.00025160
   18       4.00518165
   19       4.00236751
   20       4.00233413
   21       4.01462858
   22       3.99267621
   23       4.00072590
   24       4.00854143
   25       3.99676884
   26       3.99841701
   27       3.99402331
   28       4.00597299
   29       4.00260099
   30       3.99700738
   31       4.01121844
   32       3.98581005
   33       3.99969627
   34       4.00210902
   35       3.99626300
   36       4.02895172
   37       3.99300303
   38       4.00988383
   39       3.99072503
   40       3.98282346
   41       3.99493810
   42       3.98581739
   43       4.00640360
   44       3.99826417
   45       3.99458487
   46       4.00888725
   47       3.99671898
   48       3.99118478
   49       4.01171325
   50       4.00295366
   51       4.01895812
   52       3.99162938
   53       3.98952273
   54       3.99601984
   55       3.99852666
   56       4.00384339
   57       4.01288230
   58       3.99530670
   59       4.00275541
   60       4.00290412
   61       3.99871163
   62       3.98699567
   63       4.00511916
   64       4.01691529

l-shell populations (up)
 Atom Sh.   l       Population
    1   1   0       1.39080790
    1   2   1       2.48732258
    1   3   2       0.14053099
    2   1   0       1.35308378
    2   2   1       2.47394131
    2   3   2       0.16698659
    3   1   0       1.39412368
    3   2   1       2.48785063
    3   3   2       0.14229624
    4   1   0       1.34967434
    4   2   1       2.47554990
    4   3   2       0.16172347
    5   1   0       1.33977237
    5   2   1       2.47821240
    5   3   2       0.16855131
    6   1   0       1.39057273
    6   2   1       2.49355046
    6   3   2       0.13414036
    7   1   0       1.34091498
    7   2   1       2.48179289
    7   3   2       0.16202043
    8   1   0       1.34104374
    8   2   1       2.49349865
    8   3   2       0.15904242
    9   1   0       1.33148510
    9   2   1       2.48566095
    9   3   2       0.17044752
   10   1   0       1.33012309
   10   2   1       2.48842614
   10   3   2       0.17022049
   11   1   0       1.33628047
   11   2   1       2.49050790
   11   3   2       0.16869550
   12   1   0       1.35416283
   12   2   1       2.48387601
   12   3   2       0.15415213
   13   1   0       1.36740837
   13   2   1       2.48131994
   13   3   2       0.15409872
   14   1   0       1.33712245
   14   2   1       2.48748540
   14   3   2       0.16318737
   15   1   0       1.36097009
   15   2   1       2.47516293
   15   3   2       0.15410531
   16   1   0       1.38046472
   16   2   1       2.48356362
   16   3   2       0.15053098
   17   1   0       1.35088467
   17   2   1       2.48480665
   17   3   2       0.16456028
   18   1   0       1.36053467
   18   2   1       2.48473870
   18   3   2       0.15990827
   19   1   0       1.36285267
   19   2   1       2.48666106
   19   3   2       0.15285378
   20   1   0       1.35848320
   20   2   1       2.49543121
   20   3   2       0.14841972
   21   1   0       1.38305541
   21   2   1       2.49160737
   21   3   2       0.13996580
   22   1   0       1.35356922
   22   2   1       2.48394317
   22   3   2       0.15516383
   23   1   0       1.35013067
   23   2   1       2.49055451
   23   3   2       0.16004071
   24   1   0       1.37133667
   24   2   1       2.49038057
   24   3   2       0.14682419
   25   1   0       1.34983213
   25   2   1       2.48488932
   25   3   2       0.16204739
   26   1   0       1.34765822
   26   2   1       2.49005709
   26   3   2       0.16070170
   27   1   0       1.34738538
   27   2   1       2.48312182
   27   3   2       0.16351610
   28   1   0       1.36744664
   28   2   1       2.48081810
   28   3   2       0.15770825
   29   1   0       1.36474272
   29   2   1       2.49259728
   29   3   2       0.14526099
   30   1   0       1.35937074
   30   2   1       2.48597552
   30   3   2       0.15166113
   31   1   0       1.37977663
   31   2   1       2.47810600
   31   3   2       0.15333581
   32   1   0       1.33798776
   32   2   1       2.47249643
   32   3   2       0.17532586
   33   1   0       1.36071681
   33   2   1       2.47864282
   33   3   2       0.16033664
   34   1   0       1.36030567
   34   2   1       2.48479973
   34   3   2       0.15700362
   35   1   0       1.36057933
   35   2   1       2.47710787
   35   3   2       0.15857580
   36   1   0       1.40444994
   36   2   1       2.48572024
   36   3   2       0.13878153
   37   1   0       1.35198889
   37   2   1       2.47831489
   37   3   2       0.16269925
   38   1   0       1.38393317
   38   2   1       2.48564009
   38   3   2       0.14031057
   39   1   0       1.33304452
   39   2   1       2.47864121
   39   3   2       0.17903930
   40   1   0       1.33200954
   40   2   1       2.48201370
   40   3   2       0.16880022
   41   1   0       1.35324879
   41   2   1       2.48841947
   41   3   2       0.15326984
   42   1   0       1.32971962
   42   2   1       2.48634574
   42   3   2       0.16975203
   43   1   0       1.37131958
   43   2   1       2.49700706
   43   3   2       0.13807696
   44   1   0       1.35495568
   44   2   1       2.49157079
   44   3   2       0.15173769
   45   1   0       1.36145357
   45   2   1       2.47714022
   45   3   2       0.15599108
   46   1   0       1.36728269
   46   2   1       2.49606724
   46   3   2       0.14553732
   47   1   0       1.35127121
   47   2   1       2.48687196
   47   3   2       0.15857581
   48   1   0       1.33788702
   48   2   1       2.48074763
   48   3   2       0.17255013
   49   1   0       1.36205371
   49   2   1       2.49090746
   49   3   2       0.15875208
   50   1   0       1.37513406
   50   2   1       2.48238947
   50   3   2       0.14543013
   51   1   0       1.37816927
   51   2   1       2.48713713
   51   3   2       0.15365172
   52   1   0       1.34281319
   52   2   1       2.48672120
   52   3   2       0.16209498
   53   1   0       1.34305302
   53   2   1       2.47892028
   53   3   2       0.16754942
   54   1   0       1.35178851
   54   2   1       2.47512988
   54   3   2       0.16910146
   55   1   0       1.35267398
   55   2   1       2.48805026
   55   3   2       0.15780243
   56   1   0       1.35082156
   56   2   1       2.49551999
   56   3   2       0.15750184
   57   1   0       1.36491057
   57   2   1       2.49730445
   57   3   2       0.15066729
   58   1   0       1.34995414
   58   2   1       2.49296331
   58   3   2       0.15238925
   59   1   0       1.35384613
   59   2   1       2.49755534
   59   3   2       0.15135394
   60   1   0       1.36568772
   60   2   1       2.48385928
   60   3   2       0.15335712
   61   1   0       1.35925124
   61   2   1       2.48653651
   61   3   2       0.15292388
   62   1   0       1.32808573
   62   2   1       2.48791270
   62   3   2       0.17099724
   63   1   0       1.36882905
   63   2   1       2.48290023
   63   3   2       0.15338988
   64   1   0       1.38489001
   64   2   1       2.48674706
   64   3   2       0.14527821

Orbital populations (up)
 Atom Sh.   l   m       Population  Label
    1   1   0   0       1.39080790  s
    1   2   1  -1       0.82922585  p_y
    1   2   1   0       0.83140557  p_z
    1   2   1   1       0.82669116  p_x
    1   3   2  -2       0.03855505  d_xy
    1   3   2  -1       0.03481019  d_yz
    1   3   2   0       0.01491935  d_z2
    1   3   2   1       0.03489162  d_xz
    1   3   2   2       0.01735477  d_x2-y2
    2   1   0   0       1.35308378  s
    2   2   1  -1       0.82708935  p_y
    2   2   1   0       0.82375035  p_z
    2   2   1   1       0.82310162  p_x
    2   3   2  -2       0.04141837  d_xy
    2   3   2  -1       0.04001564  d_yz
    2   3   2   0       0.02108686  d_z2
    2   3   2   1       0.04317856  d_xz
    2   3   2   2       0.02128718  d_x2-y2
    3   1   0   0       1.39412368  s
    3   2   1  -1       0.82647232  p_y
    3   2   1   0       0.82941859  p_z
    3   2   1   1       0.83195972  p_x
    3   3   2  -2       0.03870376  d_xy
    3   3   2  -1       0.03769646  d_yz
    3   3   2   0       0.01650508  d_z2
    3   3   2   1       0.03318989  d_xz
    3   3   2   2       0.01620106  d_x2-y2
    4   1   0   0       1.34967434  s
    4   2   1  -1       0.82800040  p_y
    4   2   1   0       0.82755136  p_z
    4   2   1   1       0.81999815  p_x
    4   3   2  -2       0.04097908  d_xy
    4   3   2  -1       0.03937148  d_yz
    4   3   2   0       0.02039185  d_z2
    4   3   2   1       0.04015172  d_xz
    4   3   2   2       0.02082934  d_x2-y2
    5   1   0   0       1.33977237  s
    5   2   1  -1       0.82546827  p_y
    5   2   1   0       0.82538229  p_z
    5   2   1   1       0.82736183  p_x
    5   3   2  -2       0.04000347  d_xy
    5   3   2  -1       0.04705243  d_yz
    5   3   2   0       0.02111133  d_z2
    5   3   2   1       0.03826996  d_xz
    5   3   2   2       0.02211410  d_x2-y2
    6   1   0   0       1.39057273  s
    6   2   1  -1       0.83138448  p_y
    6   2   1   0       0.83291604  p_z
    6   2   1   1       0.82924995  p_x
    6   3   2  -2       0.03211788  d_xy
    6   3   2  -1       0.03339040  d_yz
    6   3   2   0       0.01504101  d_z2
    6   3   2   1       0.03789092  d_xz
    6   3   2   2       0.01570015  d_x2-y2
    7   1   0   0       1.34091498  s
    7   2   1  -1       0.82663715  p_y
    7   2   1   0       0.83173697  p_z
    7   2   1   1       0.82341877  p_x
    7   3   2  -2       0.04477602  d_xy
    7   3   2  -1       0.03749430  d_yz
    7   3   2   0       0.01990507  d_z2
    7   3   2   1       0.03785807  d_xz
    7   3   2   2       0.02198697  d_x2-y2
    8   1   0   0       1.34104374  s
    8   2   1  -1       0.83137067  p_y
    8   2   1   0       0.82885033  p_z
    8   2   1   1       0.83327765  p_x
    8   3   2  -2       0.03922518  d_xy
    8   3   2  -1       0.04271325  d_yz
    8   3   2   0       0.02091824  d_z2
    8   3   2   1       0.03756163  d_xz
    8   3   2   2       0.01862412  d_x2-y2
    9   1   0   0       1.33148510  s
    9   2   1  -1       0.82609663  p_y
    9   2   1   0       0.82736353  p_z
    9   2   1   1       0.83220079  p_x
    9   3   2  -2       0.03991104  d_xy
    9   3   2  -1       0.04638072  d_yz
    9   3   2   0       0.02261526  d_z2
    9   3   2   1       0.03984440  d_xz
    9   3   2   2       0.02169610  d_x2-y2
   10   1   0   0       1.33012309  s
   10   2   1  -1       0.82848880  p_y
   10   2   1   0       0.82989684  p_z
   10   2   1   1       0.83004050  p_x
   10   3   2  -2       0.04337068  d_xy
   10   3   2  -1       0.04129692  d_yz
   10   3   2   0       0.02233445  d_z2
   10   3   2   1       0.04157026  d_xz
   10   3   2   2       0.02164819  d_x2-y2
   11   1   0   0       1.33628047  s
   11   2   1  -1       0.83250403  p_y
   11   2   1   0       0.82859164  p_z
   11   2   1   1       0.82941224  p_x
   11   3   2  -2       0.03836531  d_xy
   11   3   2  -1       0.04050733  d_yz
   11   3   2   0       0.02085743  d_z2
   11   3   2   1       0.04651800  d_xz
   11   3   2   2       0.02244743  d_x2-y2
   12   1   0   0       1.35416283  s
   12   2   1  -1       0.82711222  p_y
   12   2   1   0       0.82849660  p_z
   12   2   1   1       0.82826720  p_x
   12   3   2  -2       0.03572456  d_xy
   12   3   2  -1       0.04243738  d_yz
   12   3   2   0       0.01800410  d_z2
   12   3   2   1       0.03832231  d_xz
   12   3   2   2       0.01966377  d_x2-y2
   13   1   0   0       1.36740837  s
   13   2   1  -1       0.82854024  p_y
   13   2   1   0       0.82545604  p_z
   13   2   1   1       0.82732366  p_x
   13   3   2  -2       0.03509462  d_xy
   13   3   2  -1       0.03802063  d_yz
   13   3   2   0       0.01874845  d_z2
   13   3   2   1       0.04264561  d_xz
   13   3   2   2       0.01958940  d_x2-y2
   14   1   0   0       1.33712245  s
   14   2   1  -1       0.82626590  p_y
   14   2   1   0       0.82982907  p_z
   14   2   1   1       0.83139044  p_x
   14   3   2  -2       0.04292016  d_xy
   14   3   2  -1       0.04096267  d_yz
   14   3   2   0       0.02093868  d_z2
   14   3   2   1       0.03800900  d_xz
   14   3   2   2       0.02035686  d_x2-y2
   15   1   0   0       1.36097009  s
   15   2   1  -1       0.82453637  p_y
   15   2   1   0       0.82245911  p_z
   15   2   1   1       0.82816745  p_x
   15   3   2  -2       0.03677001  d_xy
   15   3   2  -1       0.03692561  d_yz
   15   3   2   0       0.01958418  d_z2
   15   3   2   1       0.04178773  d_xz
   15   3   2   2       0.01903778  d_x2-y2
   16   1   0   0       1.38046472  s
   16   2   1  -1       0.82832773  p_y
   16   2   1   0       0.82871038  p_z
   16   2   1   1       0.82652551  p_x
   16   3   2  -2       0.04046592  d_xy
   16   3   2  -1       0.03444245  d_yz
   16   3   2   0       0.01843821  d_z2
   16   3   2   1       0.03935723  d_xz
   16   3   2   2       0.01782717  d_x2-y2
   17   1   0   0       1.35088467  s
   17   2   1  -1       0.82756972  p_y
   17   2   1   0       0.82777033  p_z
   17   2   1   1       0.82946659  p_x
   17   3   2  -2       0.04196565  d_xy
   17   3   2  -1       0.04223849  d_yz
   17   3   2   0       0.02017388  d_z2
   17   3   2   1       0.03891493  d_xz
   17   3   2   2       0.02126732  d_x2-y2
   18   1   0   0       1.36053467  s
   18   2   1  -1       0.83108475  p_y
   18   2   1   0       0.82678206  p_z
   18   2   1   1       0.82687189  p_x
   18   3   2  -2       0.03407817  d_xy
   18   3   2  -1       0.04017875  d_yz
   18   3   2   0       0.01912225  d_z2
   18   3   2   1       0.04672418  d_xz
   18   3   2   2       0.01980492  d_x2-y2
   19   1   0   0       1.36285267  s
   19   2   1  -1       0.83166651  p_y
   19   2   1   0       0.82696447  p_z
   19   2   1   1       0.82803007  p_x
   19   3   2  -2       0.04115173  d_xy
   19   3   2  -1       0.04031778  d_yz
   19   3   2   0       0.01898411  d_z2
   19   3   2   1       0.03421886  d_xz
   19   3   2   2       0.01818130  d_x2-y2
   20   1   0   0       1.35848320  s
   20   2   1  -1       0.82979191  p_y
   20   2   1   0       0.83348213  p_z
   20   2   1   1       0.83215717  p_x
   20   3   2  -2       0.03605411  d_xy
   20   3   2  -1       0.03649849  d_yz
   20   3   2   0       0.01703137  d_z2
   20   3   2   1       0.03939492  d_xz
   20   3   2   2       0.01944083  d_x2-y2
   21   1   0   0       1.38305541  s
   21   2   1  -1       0.82865243  p_y
   21   2   1   0       0.83026712  p_z
   21   2   1   1       0.83268782  p_x
   21   3   2  -2       0.03610452  d_xy
   21   3   2  -1       0.03719079  d_yz
   21   3   2   0       0.01724774  d_z2
   21   3   2   1       0.03372518  d_xz
   21   3   2   2       0.01569756  d_x2-y2
   22   1   0   0       1.35356922  s
   22   2   1  -1       0.82995359  p_y
   22   2   1   0       0.82580454  p_z
   22   2   1   1       0.82818504  p_x
   22   3   2  -2       0.03718507  d_xy
   22   3   2  -1       0.03834941  d_yz
   22   3   2   0       0.02066596  d_z2
   22   3   2   1       0.04055750  d_xz
   22   3   2   2       0.01840589  d_x2-y2
   23   1   0   0       1.35013067  s
   23   2   1  -1       0.82662876  p_y
   23   2   1   0       0.83261927  p_z
   23   2   1   1       0.83130649  p_x
   23   3   2  -2       0.04236989  d_xy
   23   3   2  -1       0.03994434  d_yz
   23   3   2   0       0.02037499  d_z2
   23   3   2   1       0.03771236  d_xz
   23   3   2   2       0.01963914  d_x2-y2
   24   1   0   0       1.37133667  s
   24   2   1  -1       0.83123137  p_y
   24   2   1   0       0.82979316  p_z
   24   2   1   1       0.82935605  p_x
   24   3   2  -2       0.03878103  d_xy
   24   3   2  -1       0.03802005  d_yz
   24   3   2   0       0.01749478  d_z2
   24   3   2   1       0.03527698  d_xz
   24   3   2   2       0.01725135  d_x2-y2
   25   1   0   0       1.34983213  s
   25   2   1  -1       0.83043989  p_y
   25   2   1   0       0.82711589  p_z
   25   2   1   1       0.82733354  p_x
   25   3   2  -2       0.03671990  d_xy
   25   3   2  -1       0.04159543  d_yz
   25   3   2   0       0.01956765  d_z2
   25   3   2   1       0.04310314  d_xz
   25   3   2   2       0.02106127  d_x2-y2
   26   1   0   0       1.34765822  s
   26   2   1  -1       0.82855540  p_y
   26   2   1   0       0.83164087  p_z
   26   2   1   1       0.82986081  p_x
   26   3   2  -2       0.04380579  d_xy
   26   3   2  -1       0.04089046  d_yz
   26   3   2   0       0.02047436  d_z2
   26   3   2   1       0.03574119  d_xz
   26   3   2   2       0.01978989  d_x2-y2
   27   1   0   0       1.34738538  s
   27   2   1  -1       0.82716284  p_y
   27   2   1   0       0.82769363  p_z
   27   2   1   1       0.82826535  p_x
   27   3   2  -2       0.03868902  d_xy
   27   3   2  -1       0.03901006  d_yz
   27   3   2   0       0.02026091  d_z2
   27   3   2   1       0.04449872  d_xz
   27   3   2   2       0.02105740  d_x2-y2
   28   1   0   0       1.36744664  s
   28   2   1  -1       0.82682834  p_y
   28   2   1   0       0.82926154  p_z
   28   2   1   1       0.82472821  p_x
   28   3   2  -2       0.04568697  d_xy
   28   3   2  -1       0.03614736  d_yz
   28   3   2   0       0.02097453  d_z2
   28   3   2   1       0.03704062  d_xz
   28   3   2   2       0.01785876  d_x2-y2
   29   1   0   0       1.36474272  s
   29   2   1  -1       0.83147865  p_y
   29   2   1   0       0.83301340  p_z
   29   2   1   1       0.82810522  p_x
   29   3   2  -2       0.03679810  d_xy
   29   3   2  -1       0.03553163  d_yz
   29   3   2   0       0.01686326  d_z2
   29   3   2   1       0.03843652  d_xz
   29   3   2   2       0.01763149  d_x2-y2
   30   1   0   0       1.35937074  s
   30   2   1  -1       0.82998430  p_y
   30   2   1   0       0.82987542  p_z
   30   2   1   1       0.82611580  p_x
   30   3   2  -2       0.03863784  d_xy
   30   3   2  -1       0.03781132  d_yz
   30   3   2   0       0.01822080  d_z2
   30   3   2   1       0.03836584  d_xz
   30   3   2   2       0.01862533  d_x2-y2
   31   1   0   0       1.37977663  s
   31   2   1  -1       0.82478225  p_y
   31   2   1   0       0.82831694  p_z
   31   2   1   1       0.82500681  p_x
   31   3   2  -2       0.03884074  d_xy
   31   3   2  -1       0.03764452  d_yz
   31   3   2   0       0.01911240  d_z2
   31   3   2   1       0.03933909  d_xz
   31   3   2   2       0.01839906  d_x2-y2
   32   1   0   0       1.33798776  s
   32   2   1  -1       0.82694293  p_y
   32   2   1   0       0.82089049  p_z
   32   2   1   1       0.82466301  p_x
   32   3   2  -2       0.04230444  d_xy
   32   3   2  -1       0.04096950  d_yz
   32   3   2   0       0.02383268  d_z2
   32   3   2   1       0.04644905  d_xz
   32   3   2   2       0.02177020  d_x2-y2
   33   1   0   0       1.36071681  s
   33   2   1  -1       0.82762293  p_y
   33   2   1   0       0.82661529  p_z
   33   2   1   1       0.82440461  p_x
   33   3   2  -2       0.03870839  d_xy
   33   3   2  -1       0.03732246  d_yz
   33   3   2   0       0.01961388  d_z2
   33   3   2   1       0.04388665  d_xz
   33   3   2   2       0.02080526  d_x2-y2
   34   1   0   0       1.36030567  s
   34   2   1  -1       0.82786244  p_y
   34   2   1   0       0.82981728  p_z
   34   2   1   1       0.82712001  p_x
   34   3   2  -2       0.04252762  d_xy
   34   3   2  -1       0.03732534  d_yz
   34   3   2   0       0.01860430  d_z2
   34   3   2   1       0.03880952  d_xz
   34   3   2   2       0.01973684  d_x2-y2
   35   1   0   0       1.36057933  s
   35   2   1  -1       0.82662363  p_y
   35   2   1   0       0.82521524  p_z
   35   2   1   1       0.82526900  p_x
   35   3   2  -2       0.03845095  d_xy
   35   3   2  -1       0.03976984  d_yz
   35   3   2   0       0.01835352  d_z2
   35   3   2   1       0.04065973  d_xz
   35   3   2   2       0.02134175  d_x2-y2
   36   1   0   0       1.40444994  s
   36   2   1  -1       0.82598205  p_y
   36   2   1   0       0.82922251  p_z
   36   2   1   1       0.83051569  p_x
   36   3   2  -2       0.03845941  d_xy
   36   3   2  -1       0.03733362  d_yz
   36   3   2   0       0.01541432  d_z2
   36   3   2   1       0.03140075  d_xz
   36   3   2   2       0.01617343  d_x2-y2
   37   1   0   0       1.35198889  s
   37   2   1  -1       0.82287922  p_y
   37   2   1   0       0.82914520  p_z
   37   2   1   1       0.82629047  p_x
   37   3   2  -2       0.04238283  d_xy
   37   3   2  -1       0.04032938  d_yz
   37   3   2   0       0.02034425  d_z2
   37   3   2   1       0.03915856  d_xz
   37   3   2   2       0.02048422  d_x2-y2
   38   1   0   0       1.38393317  s
   38   2   1  -1       0.82831187  p_y
   38   2   1   0       0.83078966  p_z
   38   2   1   1       0.82653856  p_x
   38   3   2  -2       0.03630362  d_xy
   38   3   2  -1       0.03417257  d_yz
   38   3   2   0       0.01622049  d_z2
   38   3   2   1       0.03650808  d_xz
   38   3   2   2       0.01710581  d_x2-y2
   39   1   0   0       1.33304452  s
   39   2   1  -1       0.83004437  p_y
   39   2   1   0       0.82601259  p_z
   39   2   1   1       0.82258425  p_x
   39   3   2  -2       0.04333039  d_xy
   39   3   2  -1       0.04146719  d_yz
   39   3   2   0       0.02398789  d_z2
   39   3   2   1       0.04690029  d_xz
   39   3   2   2       0.02335354  d_x2-y2
   40   1   0   0       1.33200954  s
   40   2   1  -1       0.82696015  p_y
   40   2   1   0       0.82901345  p_z
   40   2   1   1       0.82604009  p_x
   40   3   2  -2       0.04371923  d_xy
   40   3   2  -1       0.04001330  d_yz
   40   3   2   0       0.02294259  d_z2
   40   3   2   1       0.04039634  d_xz
   40   3   2   2       0.02172876  d_x2-y2
   41   1   0   0       1.35324879  s
   41   2   1  -1       0.82782721  p_y
   41   2   1   0       0.82796527  p_z
   41   2   1   1       0.83262699  p_x
   41   3   2  -2       0.03683479  d_xy
   41   3   2  -1       0.04537784  d_yz
   41   3   2   0       0.01936230  d_z2
   41   3   2   1       0.03302884  d_xz
   41   3   2   2       0.01866607  d_x2-y2
   42   1   0   0       1.32971962  s
   42   2   1  -1       0.82855355  p_y
   42   2   1   0       0.82747250  p_z
   42   2   1   1       0.83031969  p_x
   42   3   2  -2       0.03794289  d_xy
   42   3   2  -1       0.04540853  d_yz
   42   3   2   0       0.02231757  d_z2
   42   3   2   1       0.04226829  d_xz
   42   3   2   2       0.02181475  d_x2-y2
   43   1   0   0       1.37131958  s
   43   2   1  -1       0.83297311  p_y
   43   2   1   0       0.83454479  p_z
   43   2   1   1       0.82948916  p_x
   43   3   2  -2       0.03659036  d_xy
   43   3   2  -1       0.03352556  d_yz
   43   3   2   0       0.01486030  d_z2
   43   3   2   1       0.03571633  d_xz
   43   3   2   2       0.01738441  d_x2-y2
   44   1   0   0       1.35495568  s
   44   2   1  -1       0.83304071  p_y
   44   2   1   0       0.82724528  p_z
   44   2   1   1       0.83128480  p_x
   44   3   2  -2       0.03569093  d_xy
   44   3   2  -1       0.03704482  d_yz
   44   3   2   0       0.01866127  d_z2
   44   3   2   1       0.04236991  d_xz
   44   3   2   2       0.01797076  d_x2-y2
   45   1   0   0       1.36145357  s
   45   2   1  -1       0.82656095  p_y
   45   2   1   0       0.82633046  p_z
   45   2   1   1       0.82424881  p_x
   45   3   2  -2       0.03802718  d_xy
   45   3   2  -1       0.03765170  d_yz
   45   3   2   0       0.01920010  d_z2
   45   3   2   1       0.04182707  d_xz
   45   3   2   2       0.01928503  d_x2-y2
   46   1   0   0       1.36728269  s
   46   2   1  -1       0.83049451  p_y
   46   2   1   0       0.83247843  p_z
   46   2   1   1       0.83309430  p_x
   46   3   2  -2       0.03793890  d_xy
   46   3   2  -1       0.03733574  d_yz
   46   3   2   0       0.01767323  d_z2
   46   3   2   1       0.03567855  d_xz
   46   3   2   2       0.01691089  d_x2-y2
   47   1   0   0       1.35127121  s
   47   2   1  -1       0.83030212  p_y
   47   2   1   0       0.83025285  p_z
   47   2   1   1       0.82631699  p_x
   47   3   2  -2       0.04006929  d_xy
   47   3   2  -1       0.04015085  d_yz
   47   3   2   0       0.02009883  d_z2
   47   3   2   1       0.03885974  d_xz
   47   3   2   2       0.01939709  d_x2-y2
   48   1   0   0       1.33788702  s
   48   2   1  -1       0.82699128  p_y
   48   2   1   0       0.82666497  p_z
   48   2   1   1       0.82709138  p_x
   48   3   2  -2       0.03967558  d_xy
   48   3   2  -1       0.04307057  d_yz
   48   3   2   0       0.02219303  d_z2
   48   3   2   1       0.04397501  d_xz
   48   3   2   2       0.02363594  d_x2-y2
   49   1   0   0       1.36205371  s
   49   2   1  -1       0.83250093  p_y
   49   2   1   0       0.82907617  p_z
   49   2   1   1       0.82933035  p_x
   49   3   2  -2       0.04251455  d_xy
   49   3   2  -1       0.03748033  d_yz
   49   3   2   0       0.01978780  d_z2
   49   3   2   1       0.03934009  d_xz
   49   3   2   2       0.01962931  d_x2-y2
   50   1   0   0       1.37513406  s
   50   2   1  -1       0.82780587  p_y
   50   2   1   0       0.82559944  p_z
   50   2   1   1       0.82898416  p_x
   50   3   2  -2       0.03380924  d_xy
   50   3   2  -1       0.03799602  d_yz
   50   3   2   0       0.01750369  d_z2
   50   3   2   1       0.03901227  d_xz
   50   3   2   2       0.01710891  d_x2-y2
   51   1   0   0       1.37816927  s
   51   2   1  -1       0.82750166  p_y
   51   2   1   0       0.82628474  p_z
   51   2   1   1       0.83335074  p_x
   51   3   2  -2       0.03617110  d_xy
   51   3   2  -1       0.04117865  d_yz
   51   3   2   0       0.01881970  d_z2
   51   3   2   1       0.03924033  d_xz
   51   3   2   2       0.01824194  d_x2-y2
   52   1   0   0       1.34281319  s
   52   2   1  -1       0.83071593  p_y
   52   2   1   0       0.82951222  p_z
   52   2   1   1       0.82649305  p_x
   52   3   2  -2       0.04157191  d_xy
   52   3   2  -1       0.03839454  d_yz
   52   3   2   0       0.02110619  d_z2
   52   3   2   1       0.04059336  d_xz
   52   3   2   2       0.02042898  d_x2-y2
   53   1   0   0       1.34305302  s
   53   2   1  -1       0.82089009  p_y
   53   2   1   0       0.82972735  p_z
   53   2   1   1       0.82830284  p_x
   53   3   2  -2       0.04141981  d_xy
   53   3   2  -1       0.04645986  d_yz
   53   3   2   0       0.02017348  d_z2
   53   3   2   1       0.03716605  d_xz
   53   3   2   2       0.02233021  d_x2-y2
   54   1   0   0       1.35178851  s
   54   2   1  -1       0.82678354  p_y
   54   2   1   0       0.81784115  p_z
   54   2   1   1       0.83050519  p_x
   54   3   2  -2       0.03955956  d_xy
   54   3   2  -1       0.04163888  d_yz
   54   3   2   0       0.02343338  d_z2
   54   3   2   1       0.04505329  d_xz
   54   3   2   2       0.01941634  d_x2-y2
   55   1   0   0       1.35267398  s
   55   2   1  -1       0.82601165  p_y
   55   2   1   0       0.83136109  p_z
   55   2   1   1       0.83067752  p_x
   55   3   2  -2       0.04462548  d_xy
   55   3   2  -1       0.03733552  d_yz
   55   3   2   0       0.01817002  d_z2
   55   3   2   1       0.03666557  d_xz
   55   3   2   2       0.02100583  d_x2-y2
   56   1   0   0       1.35082156  s
   56   2   1  -1       0.83140375  p_y
   56   2   1   0       0.82999645  p_z
   56   2   1   1       0.83411979  p_x
   56   3   2  -2       0.03893883  d_xy
   56   3   2  -1       0.04074512  d_yz
   56   3   2   0       0.02022487  d_z2
   56   3   2   1       0.03904912  d_xz
   56   3   2   2       0.01854391  d_x2-y2
   57   1   0   0       1.36491057  s
   57   2   1  -1       0.83509028  p_y
   57   2   1   0       0.83197466  p_z
   57   2   1   1       0.83023951  p_x
   57   3   2  -2       0.03806504  d_xy
   57   3   2  -1       0.03653186  d_yz
   57   3   2   0       0.01923781  d_z2
   57   3   2   1       0.03924067  d_xz
   57   3   2   2       0.01759190  d_x2-y2
   58   1   0   0       1.34995414  s
   58   2   1  -1       0.82980781  p_y
   58   2   1   0       0.83101078  p_z
   58   2   1   1       0.83214471  p_x
   58   3   2  -2       0.03895759  d_xy
   58   3   2  -1       0.04009368  d_yz
   58   3   2   0       0.01825146  d_z2
   58   3   2   1       0.03610177  d_xz
   58   3   2   2       0.01898476  d_x2-y2
   59   1   0   0       1.35384613  s
   59   2   1  -1       0.83202774  p_y
   59   2   1   0       0.83410662  p_z
   59   2   1   1       0.83142097  p_x
   59   3   2  -2       0.03565484  d_xy
   59   3   2  -1       0.04070066  d_yz
   59   3   2   0       0.01708935  d_z2
   59   3   2   1       0.03827007  d_xz
   59   3   2   2       0.01963902  d_x2-y2
   60   1   0   0       1.36568772  s
   60   2   1  -1       0.82562031  p_y
   60   2   1   0       0.82891512  p_z
   60   2   1   1       0.82932385  p_x
   60   3   2  -2       0.04062483  d_xy
   60   3   2  -1       0.03943942  d_yz
   60   3   2   0       0.01802257  d_z2
   60   3   2   1       0.03619338  d_xz
   60   3   2   2       0.01907692  d_x2-y2
   61   1   0   0       1.35925124  s
   61   2   1  -1       0.82837746  p_y
   61   2   1   0       0.82724947  p_z
   61   2   1   1       0.83090959  p_x
   61   3   2  -2       0.03562794  d_xy
   61   3   2  -1       0.03894234  d_yz
   61   3   2   0       0.01873778  d_z2
   61   3   2   1       0.04094687  d_xz
   61   3   2   2       0.01866895  d_x2-y2
   62   1   0   0       1.32808573  s
   62   2   1  -1       0.82765816  p_y
   62   2   1   0       0.83106528  p_z
   62   2   1   1       0.82918925  p_x
   62   3   2  -2       0.04591588  d_xy
   62   3   2  -1       0.04225878  d_yz
   62   3   2   0       0.02372020  d_z2
   62   3   2   1       0.03798817  d_xz
   62   3   2   2       0.02111421  d_x2-y2
   63   1   0   0       1.36882905  s
   63   2   1  -1       0.83264357  p_y
   63   2   1   0       0.82686345  p_z
   63   2   1   1       0.82339320  p_x
   63   3   2  -2       0.03745185  d_xy
   63   3   2  -1       0.03496632  d_yz
   63   3   2   0       0.01962780  d_z2
   63   3   2   1       0.04350719  d_xz
   63   3   2   2       0.01783672  d_x2-y2
   64   1   0   0       1.38489001  s
   64   2   1  -1       0.82894627  p_y
   64   2   1   0       0.83304867  p_z
   64   2   1   1       0.82475213  p_x
   64   3   2  -2       0.03780193  d_xy
   64   3   2  -1       0.03483253  d_yz
   64   3   2   0       0.01661255  d_z2
   64   3   2   1       0.03883205  d_xz
   64   3   2   2       0.01719916  d_x2-y2

Fermi level:                        -0.1327395246 H           -3.6120 eV
Band energy:                       -88.2085851545 H        -2400.2777 eV
TS:                                  0.0000000000 H            0.0000 eV
Band free energy (E-TS):           -88.2085851545 H        -2400.2777 eV
Extrapolated E(0K):                -88.2085851545 H        -2400.2777 eV
Input / Output electrons (q):    256.0000000000    256.0000000000

Energy H0:                         -88.1935087279 H        -2399.8675 eV
Energy SCC:                          0.0004490054 H            0.0122 eV
Total Electronic energy:           -88.1930597226 H        -2399.8553 eV
Repulsive energy:                    0.0000000000 H            0.0000 eV
Total energy:                      -88.1930597226 H        -2399.8553 eV
Extrapolated to 0:                 -88.1930597226 H        -2399.8553 eV
Total Mermin free energy:          -88.1930597226 H        -2399.8553 eV
Force related energy:              -88.1930597226 H        -2399.8553 eV

Non-constrained calculation

SCC converged

Warning: dipole moment is not defined absolutely!
Dipole moment:   -0.80412792    0.11142382    0.57612610 au
Dipole moment:   -2.04388946    0.28321112    1.46436659 Debye


