 Fermi distribution function

Calculation with static geometry


********************************************************************************
 iSCC Total electronic   Diff electronic      SCC error    
    9   -0.88150039E+02   -0.16321451E-08    0.79571781E-05
********************************************************************************

 Total charge:    -0.00000000

 Atomic gross charges (e)
 Atom           Charge
    1      -0.01287755
    2       0.01260924
    3      -0.01846812
    4      -0.00850800
    5      -0.00261832
    6       0.01421566
    7      -0.01152607
    8       0.00870309
    9      -0.00659368
   10      -0.01919351
   11       0.01308269
   12      -0.01381296
   13      -0.00394444
   14       0.01400596
   15      -0.01467903
   16       0.01359214
   17       0.01226469
   18       0.00162022
   19       0.00965617
   20      -0.00626254
   21       0.00922558
   22      -0.02976270
   23       0.01493799
   24      -0.00920474
   25       0.00284249
   26       0.02168543
   27       0.00742709
   28       0.01688483
   29       0.00542332
   30      -0.00361955
   31       0.00625187
   32      -0.01247605
   33      -0.01251711
   34       0.00314263
   35       0.00041705
   36       0.02427998
   37      -0.00491783
   38       0.00411494
   39       0.00001929
   40       0.00000164
   41       0.00635243
   42       0.00657436
   43      -0.02418370
   44      -0.00320957
   45       0.00167686
   46      -0.00025486
   47      -0.00710351
   48      -0.00996828
   49       0.02544848
   50      -0.00209281
   51       0.02174380
   52      -0.00007778
   53      -0.01460310
   54      -0.01083044
   55       0.00691742
   56      -0.01291850
   57       0.02680124
   58       0.00191590
   59      -0.00818650
   60       0.00916488
   61      -0.01700314
   62      -0.01404076
   63       0.00589274
   64      -0.01343694

Nr. of electrons (up):    256.00000000
Atom populations (up)
 Atom       Population
    1       4.01287755
    2       3.98739076
    3       4.01846812
    4       4.00850800
    5       4.00261832
    6       3.98578434
    7       4.01152607
    8       3.99129691
    9       4.00659368
   10       4.01919351
   11       3.98691731
   12       4.01381296
   13       4.00394444
   14       3.98599404
   15       4.01467903
   16       3.98640786
   17       3.98773531
   18       3.99837978
   19       3.99034383
   20       4.00626254
   21       3.99077442
   22       4.02976270
   23       3.98506201
   24       4.00920474
   25       3.99715751
   26       3.97831457
   27       3.99257291
   28       3.98311517
   29       3.99457668
   30       4.00361955
   31       3.99374813
   32       4.01247605
   33       4.01251711
   34       3.99685737
   35       3.99958295
   36       3.97572002
   37       4.00491783
   38       3.99588506
   39       3.99998071
   40       3.99999836
   41       3.99364757
   42       3.99342564
   43       4.02418370
   44       4.00320957
   45       3.99832314
   46       4.00025486
   47       4.00710351
   48       4.00996828
   49       3.97455152
   50       4.00209281
   51       3.97825620
   52       4.00007778
   53       4.01460310
   54       4.01083044
   55       3.99308258
   56       4.01291850
   57       3.97319876
   58       3.99808410
   59       4.00818650
   60       3.99083512
   61       4.01700314
   62       4.01404076
   63       3.99410726
   64       4.01343694

l-shell populations (up)
 Atom Sh.   l       Population
    1   1   0       1.37232603
    1   2   1       2.49627081
    1   3   2       0.14428071
    2   1   0       1.33835414
    2   2   1       2.48467427
    2   3   2       0.16436235
    3   1   0       1.39786525
    3   2   1       2.49226496
    3   3   2       0.12833791
    4   1   0       1.36153788
    4   2   1       2.49683324
    4   3   2       0.15013687
    5   1   0       1.35221043
    5   2   1       2.48862414
    5   3   2       0.16178374
    6   1   0       1.34300213
    6   2   1       2.47306762
    6   3   2       0.16971459
    7   1   0       1.37026485
    7   2   1       2.48846032
    7   3   2       0.15280090
    8   1   0       1.35707976
    8   2   1       2.46893162
    8   3   2       0.16528553
    9   1   0       1.36863965
    9   2   1       2.48502734
    9   3   2       0.15292669
   10   1   0       1.39481465
   10   2   1       2.48035707
   10   3   2       0.14402179
   11   1   0       1.34002072
   11   2   1       2.46256262
   11   3   2       0.18433397
   12   1   0       1.38473102
   12   2   1       2.48619948
   12   3   2       0.14288246
   13   1   0       1.35898798
   13   2   1       2.48093124
   13   3   2       0.16402523
   14   1   0       1.34864312
   14   2   1       2.47015371
   14   3   2       0.16719721
   15   1   0       1.37791448
   15   2   1       2.48941733
   15   3   2       0.14734721
   16   1   0       1.32433511
   16   2   1       2.48265698
   16   3   2       0.17941578
   17   1   0       1.34916333
   17   2   1       2.47563549
   17   3   2       0.16293649
   18   1   0       1.36547589
   18   2   1       2.47612571
   18   3   2       0.15677819
   19   1   0       1.35152093
   19   2   1       2.47963508
   19   3   2       0.15918782
   20   1   0       1.37769165
   20   2   1       2.48367660
   20   3   2       0.14489430
   21   1   0       1.33910664
   21   2   1       2.47699108
   21   3   2       0.17467670
   22   1   0       1.39136169
   22   2   1       2.49479485
   22   3   2       0.14360616
   23   1   0       1.33865168
   23   2   1       2.47285714
   23   3   2       0.17355318
   24   1   0       1.36937483
   24   2   1       2.48641691
   24   3   2       0.15341300
   25   1   0       1.36345179
   25   2   1       2.47899618
   25   3   2       0.15470953
   26   1   0       1.33725420
   26   2   1       2.47185734
   26   3   2       0.16920303
   27   1   0       1.35747486
   27   2   1       2.48033860
   27   3   2       0.15475945
   28   1   0       1.33388935
   28   2   1       2.47968932
   28   3   2       0.16953650
   29   1   0       1.35493843
   29   2   1       2.48337166
   29   3   2       0.15626660
   30   1   0       1.34976350
   30   2   1       2.49232656
   30   3   2       0.16152948
   31   1   0       1.33758153
   31   2   1       2.48953687
   31   3   2       0.16662973
   32   1   0       1.36599271
   32   2   1       2.48776185
   32   3   2       0.15872149
   33   1   0       1.36963671
   33   2   1       2.48883681
   33   3   2       0.15404359
   34   1   0       1.35608245
   34   2   1       2.48800832
   34   3   2       0.15276660
   35   1   0       1.34751290
   35   2   1       2.48109236
   35   3   2       0.17097768
   36   1   0       1.32075422
   36   2   1       2.47796565
   36   3   2       0.17700016
   37   1   0       1.36259663
   37   2   1       2.48867073
   37   3   2       0.15365047
   38   1   0       1.33526892
   38   2   1       2.49454619
   38   3   2       0.16606995
   39   1   0       1.34890471
   39   2   1       2.48620107
   39   3   2       0.16487493
   40   1   0       1.35771127
   40   2   1       2.48439053
   40   3   2       0.15789656
   41   1   0       1.34324902
   41   2   1       2.47914033
   41   3   2       0.17125822
   42   1   0       1.36334216
   42   2   1       2.46618084
   42   3   2       0.16390264
   43   1   0       1.39206621
   43   2   1       2.48868946
   43   3   2       0.14342803
   44   1   0       1.37744451
   44   2   1       2.47418133
   44   3   2       0.15158373
   45   1   0       1.36407953
   45   2   1       2.48711654
   45   3   2       0.14712707
   46   1   0       1.35716152
   46   2   1       2.47607861
   46   3   2       0.16701473
   47   1   0       1.37217897
   47   2   1       2.48771465
   47   3   2       0.14720989
   48   1   0       1.36559815
   48   2   1       2.48686155
   48   3   2       0.15750858
   49   1   0       1.32398069
   49   2   1       2.46977116
   49   3   2       0.18079967
   50   1   0       1.35878519
   50   2   1       2.48744101
   50   3   2       0.15586661
   51   1   0       1.34034687
   51   2   1       2.46833164
   51   3   2       0.16957769
   52   1   0       1.36115021
   52   2   1       2.47819223
   52   3   2       0.16073534
   53   1   0       1.37323936
   53   2   1       2.49217444
   53   3   2       0.14918930
   54   1   0       1.37364012
   54   2   1       2.48143318
   54   3   2       0.15575713
   55   1   0       1.35140483
   55   2   1       2.47675073
   55   3   2       0.16492702
   56   1   0       1.37088894
   56   2   1       2.49021603
   56   3   2       0.15181353
   57   1   0       1.33884264
   57   2   1       2.46588782
   57   3   2       0.16846830
   58   1   0       1.35540855
   58   2   1       2.47327496
   58   3   2       0.16940059
   59   1   0       1.37703650
   59   2   1       2.49296382
   59   3   2       0.13818617
   60   1   0       1.34105704
   60   2   1       2.47671201
   60   3   2       0.17306607
   61   1   0       1.37705217
   61   2   1       2.49250131
   61   3   2       0.14744965
   62   1   0       1.37207641
   62   2   1       2.49754353
   62   3   2       0.14442082
   63   1   0       1.33998663
   63   2   1       2.48665696
   63   3   2       0.16746368
   64   1   0       1.38567331
   64   2   1       2.49428265
   64   3   2       0.13348098

Orbital populations (up)
 Atom Sh.   l   m       Population  Label
    1   1   0   0       1.37232603  s
    1   2   1  -1       0.82965434  p_y
    1   2   1   0       0.83752603  p_z
    1   2   1   1       0.82909044  p_x
    1   3   2  -2       0.03432991  d_xy
    1   3   2  -1       0.03795362  d_yz
    1   3   2   0       0.01580587  d_z2
    1   3   2   1       0.03818601  d_xz
    1   3   2   2       0.01800530  d_x2-y2
    2   1   0   0       1.33835414  s
    2   2   1  -1       0.83425426  p_y
    2   2   1   0       0.81959263  p_z
    2   2   1   1       0.83082738  p_x
    2   3   2  -2       0.03884920  d_xy
    2   3   2  -1       0.04171077  d_yz
    2   3   2   0       0.02281734  d_z2
    2   3   2   1       0.04206754  d_xz
    2   3   2   2       0.01891749  d_x2-y2
    3   1   0   0       1.39786525  s
    3   2   1  -1       0.82687722  p_y
    3   2   1   0       0.83442378  p_z
    3   2   1   1       0.83096396  p_x
    3   3   2  -2       0.03393803  d_xy
    3   3   2  -1       0.03269420  d_yz
    3   3   2   0       0.01439959  d_z2
    3   3   2   1       0.03235658  d_xz
    3   3   2   2       0.01494951  d_x2-y2
    4   1   0   0       1.36153788  s
    4   2   1  -1       0.83479119  p_y
    4   2   1   0       0.83263872  p_z
    4   2   1   1       0.82940333  p_x
    4   3   2  -2       0.03426439  d_xy
    4   3   2  -1       0.03856561  d_yz
    4   3   2   0       0.01752669  d_z2
    4   3   2   1       0.04067824  d_xz
    4   3   2   2       0.01910195  d_x2-y2
    5   1   0   0       1.35221043  s
    5   2   1  -1       0.83131220  p_y
    5   2   1   0       0.82681182  p_z
    5   2   1   1       0.83050012  p_x
    5   3   2  -2       0.03962948  d_xy
    5   3   2  -1       0.04028633  d_yz
    5   3   2   0       0.02233811  d_z2
    5   3   2   1       0.03959337  d_xz
    5   3   2   2       0.01993645  d_x2-y2
    6   1   0   0       1.34300213  s
    6   2   1  -1       0.82614334  p_y
    6   2   1   0       0.82520280  p_z
    6   2   1   1       0.82172148  p_x
    6   3   2  -2       0.04358756  d_xy
    6   3   2  -1       0.04287121  d_yz
    6   3   2   0       0.02411015  d_z2
    6   3   2   1       0.03812414  d_xz
    6   3   2   2       0.02102154  d_x2-y2
    7   1   0   0       1.37026485  s
    7   2   1  -1       0.83250488  p_y
    7   2   1   0       0.82585583  p_z
    7   2   1   1       0.83009961  p_x
    7   3   2  -2       0.03728130  d_xy
    7   3   2  -1       0.03812033  d_yz
    7   3   2   0       0.01921755  d_z2
    7   3   2   1       0.04059530  d_xz
    7   3   2   2       0.01758641  d_x2-y2
    8   1   0   0       1.35707976  s
    8   2   1  -1       0.82392805  p_y
    8   2   1   0       0.82356922  p_z
    8   2   1   1       0.82143435  p_x
    8   3   2  -2       0.04155153  d_xy
    8   3   2  -1       0.03958968  d_yz
    8   3   2   0       0.02222288  d_z2
    8   3   2   1       0.04182470  d_xz
    8   3   2   2       0.02009675  d_x2-y2
    9   1   0   0       1.36863965  s
    9   2   1  -1       0.82944784  p_y
    9   2   1   0       0.83256060  p_z
    9   2   1   1       0.82301890  p_x
    9   3   2  -2       0.04230050  d_xy
    9   3   2  -1       0.03334646  d_yz
    9   3   2   0       0.02016156  d_z2
    9   3   2   1       0.03914426  d_xz
    9   3   2   2       0.01797391  d_x2-y2
   10   1   0   0       1.39481465  s
   10   2   1  -1       0.82830282  p_y
   10   2   1   0       0.82047682  p_z
   10   2   1   1       0.83157742  p_x
   10   3   2  -2       0.03581365  d_xy
   10   3   2  -1       0.03671016  d_yz
   10   3   2   0       0.01952266  d_z2
   10   3   2   1       0.03731767  d_xz
   10   3   2   2       0.01465765  d_x2-y2
   11   1   0   0       1.34002072  s
   11   2   1  -1       0.82021380  p_y
   11   2   1   0       0.82397630  p_z
   11   2   1   1       0.81837253  p_x
   11   3   2  -2       0.04783347  d_xy
   11   3   2  -1       0.04329082  d_yz
   11   3   2   0       0.02489806  d_z2
   11   3   2   1       0.04260833  d_xz
   11   3   2   2       0.02570329  d_x2-y2
   12   1   0   0       1.38473102  s
   12   2   1  -1       0.83887374  p_y
   12   2   1   0       0.81943403  p_z
   12   2   1   1       0.82789171  p_x
   12   3   2  -2       0.03221576  d_xy
   12   3   2  -1       0.03656205  d_yz
   12   3   2   0       0.01768815  d_z2
   12   3   2   1       0.04046793  d_xz
   12   3   2   2       0.01594857  d_x2-y2
   13   1   0   0       1.35898798  s
   13   2   1  -1       0.82690014  p_y
   13   2   1   0       0.82370836  p_z
   13   2   1   1       0.83032273  p_x
   13   3   2  -2       0.03867485  d_xy
   13   3   2  -1       0.04240930  d_yz
   13   3   2   0       0.02093830  d_z2
   13   3   2   1       0.04126592  d_xz
   13   3   2   2       0.02073687  d_x2-y2
   14   1   0   0       1.34864312  s
   14   2   1  -1       0.81848867  p_y
   14   2   1   0       0.82627959  p_z
   14   2   1   1       0.82538545  p_x
   14   3   2  -2       0.03988025  d_xy
   14   3   2  -1       0.04207677  d_yz
   14   3   2   0       0.01982912  d_z2
   14   3   2   1       0.04186106  d_xz
   14   3   2   2       0.02355001  d_x2-y2
   15   1   0   0       1.37791448  s
   15   2   1  -1       0.83377896  p_y
   15   2   1   0       0.82223100  p_z
   15   2   1   1       0.83340737  p_x
   15   3   2  -2       0.03457206  d_xy
   15   3   2  -1       0.03774470  d_yz
   15   3   2   0       0.01836642  d_z2
   15   3   2   1       0.04016550  d_xz
   15   3   2   2       0.01649853  d_x2-y2
   16   1   0   0       1.32433511  s
   16   2   1  -1       0.82769260  p_y
   16   2   1   0       0.82287830  p_z
   16   2   1   1       0.83208608  p_x
   16   3   2  -2       0.04400048  d_xy
   16   3   2  -1       0.04501588  d_yz
   16   3   2   0       0.02637413  d_z2
   16   3   2   1       0.04267149  d_xz
   16   3   2   2       0.02135379  d_x2-y2
   17   1   0   0       1.34916333  s
   17   2   1  -1       0.82487284  p_y
   17   2   1   0       0.82866350  p_z
   17   2   1   1       0.82209915  p_x
   17   3   2  -2       0.04227943  d_xy
   17   3   2  -1       0.03695252  d_yz
   17   3   2   0       0.02230890  d_z2
   17   3   2   1       0.04119283  d_xz
   17   3   2   2       0.02020282  d_x2-y2
   18   1   0   0       1.36547589  s
   18   2   1  -1       0.82019094  p_y
   18   2   1   0       0.83135647  p_z
   18   2   1   1       0.82457830  p_x
   18   3   2  -2       0.04228084  d_xy
   18   3   2  -1       0.03921994  d_yz
   18   3   2   0       0.01689753  d_z2
   18   3   2   1       0.03728582  d_xz
   18   3   2   2       0.02109407  d_x2-y2
   19   1   0   0       1.35152093  s
   19   2   1  -1       0.82722040  p_y
   19   2   1   0       0.82740024  p_z
   19   2   1   1       0.82501444  p_x
   19   3   2  -2       0.04100969  d_xy
   19   3   2  -1       0.03816476  d_yz
   19   3   2   0       0.02135479  d_z2
   19   3   2   1       0.03915379  d_xz
   19   3   2   2       0.01950478  d_x2-y2
   20   1   0   0       1.37769165  s
   20   2   1  -1       0.82507893  p_y
   20   2   1   0       0.82938952  p_z
   20   2   1   1       0.82920814  p_x
   20   3   2  -2       0.03573879  d_xy
   20   3   2  -1       0.03587930  d_yz
   20   3   2   0       0.01556134  d_z2
   20   3   2   1       0.03852448  d_xz
   20   3   2   2       0.01919040  d_x2-y2
   21   1   0   0       1.33910664  s
   21   2   1  -1       0.82304983  p_y
   21   2   1   0       0.83307907  p_z
   21   2   1   1       0.82086218  p_x
   21   3   2  -2       0.04536845  d_xy
   21   3   2  -1       0.03860226  d_yz
   21   3   2   0       0.02095241  d_z2
   21   3   2   1       0.04355143  d_xz
   21   3   2   2       0.02620216  d_x2-y2
   22   1   0   0       1.39136169  s
   22   2   1  -1       0.82617911  p_y
   22   2   1   0       0.83817294  p_z
   22   2   1   1       0.83044281  p_x
   22   3   2  -2       0.03808761  d_xy
   22   3   2  -1       0.03349019  d_yz
   22   3   2   0       0.01747391  d_z2
   22   3   2   1       0.03752896  d_xz
   22   3   2   2       0.01702550  d_x2-y2
   23   1   0   0       1.33865168  s
   23   2   1  -1       0.82141084  p_y
   23   2   1   0       0.83006850  p_z
   23   2   1   1       0.82137780  p_x
   23   3   2  -2       0.04442101  d_xy
   23   3   2  -1       0.04288165  d_yz
   23   3   2   0       0.02141724  d_z2
   23   3   2   1       0.04121079  d_xz
   23   3   2   2       0.02362250  d_x2-y2
   24   1   0   0       1.36937483  s
   24   2   1  -1       0.83039869  p_y
   24   2   1   0       0.82546334  p_z
   24   2   1   1       0.83055488  p_x
   24   3   2  -2       0.03598229  d_xy
   24   3   2  -1       0.04140963  d_yz
   24   3   2   0       0.01775451  d_z2
   24   3   2   1       0.03673384  d_xz
   24   3   2   2       0.02153273  d_x2-y2
   25   1   0   0       1.36345179  s
   25   2   1  -1       0.83038322  p_y
   25   2   1   0       0.82649069  p_z
   25   2   1   1       0.82212227  p_x
   25   3   2  -2       0.03924682  d_xy
   25   3   2  -1       0.03926609  d_yz
   25   3   2   0       0.02037800  d_z2
   25   3   2   1       0.03725297  d_xz
   25   3   2   2       0.01856565  d_x2-y2
   26   1   0   0       1.33725420  s
   26   2   1  -1       0.82093363  p_y
   26   2   1   0       0.82580644  p_z
   26   2   1   1       0.82511727  p_x
   26   3   2  -2       0.04263329  d_xy
   26   3   2  -1       0.04224790  d_yz
   26   3   2   0       0.02231000  d_z2
   26   3   2   1       0.03934265  d_xz
   26   3   2   2       0.02266919  d_x2-y2
   27   1   0   0       1.35747486  s
   27   2   1  -1       0.82569113  p_y
   27   2   1   0       0.82727392  p_z
   27   2   1   1       0.82737355  p_x
   27   3   2  -2       0.03739122  d_xy
   27   3   2  -1       0.03841655  d_yz
   27   3   2   0       0.01898153  d_z2
   27   3   2   1       0.04050032  d_xz
   27   3   2   2       0.01946983  d_x2-y2
   28   1   0   0       1.33388935  s
   28   2   1  -1       0.82756315  p_y
   28   2   1   0       0.82776978  p_z
   28   2   1   1       0.82435639  p_x
   28   3   2  -2       0.04636886  d_xy
   28   3   2  -1       0.03929684  d_yz
   28   3   2   0       0.02142714  d_z2
   28   3   2   1       0.03973988  d_xz
   28   3   2   2       0.02270379  d_x2-y2
   29   1   0   0       1.35493843  s
   29   2   1  -1       0.82797258  p_y
   29   2   1   0       0.83000411  p_z
   29   2   1   1       0.82539497  p_x
   29   3   2  -2       0.04076963  d_xy
   29   3   2  -1       0.04122690  d_yz
   29   3   2   0       0.01861866  d_z2
   29   3   2   1       0.03594877  d_xz
   29   3   2   2       0.01970263  d_x2-y2
   30   1   0   0       1.34976350  s
   30   2   1  -1       0.83391789  p_y
   30   2   1   0       0.82799655  p_z
   30   2   1   1       0.83041212  p_x
   30   3   2  -2       0.03695204  d_xy
   30   3   2  -1       0.04308910  d_yz
   30   3   2   0       0.01967926  d_z2
   30   3   2   1       0.04065493  d_xz
   30   3   2   2       0.02115415  d_x2-y2
   31   1   0   0       1.33758153  s
   31   2   1  -1       0.82428281  p_y
   31   2   1   0       0.83748348  p_z
   31   2   1   1       0.82777058  p_x
   31   3   2  -2       0.04743230  d_xy
   31   3   2  -1       0.03967012  d_yz
   31   3   2   0       0.02075170  d_z2
   31   3   2   1       0.03672925  d_xz
   31   3   2   2       0.02204637  d_x2-y2
   32   1   0   0       1.36599271  s
   32   2   1  -1       0.83198746  p_y
   32   2   1   0       0.82648450  p_z
   32   2   1   1       0.82928989  p_x
   32   3   2  -2       0.03937016  d_xy
   32   3   2  -1       0.03830607  d_yz
   32   3   2   0       0.02031747  d_z2
   32   3   2   1       0.04071406  d_xz
   32   3   2   2       0.02001373  d_x2-y2
   33   1   0   0       1.36963671  s
   33   2   1  -1       0.82693622  p_y
   33   2   1   0       0.83082337  p_z
   33   2   1   1       0.83107721  p_x
   33   3   2  -2       0.04218138  d_xy
   33   3   2  -1       0.03972501  d_yz
   33   3   2   0       0.01991835  d_z2
   33   3   2   1       0.03497491  d_xz
   33   3   2   2       0.01724394  d_x2-y2
   34   1   0   0       1.35608245  s
   34   2   1  -1       0.83009540  p_y
   34   2   1   0       0.82950680  p_z
   34   2   1   1       0.82840613  p_x
   34   3   2  -2       0.04168772  d_xy
   34   3   2  -1       0.03637220  d_yz
   34   3   2   0       0.02087386  d_z2
   34   3   2   1       0.03686097  d_xz
   34   3   2   2       0.01697185  d_x2-y2
   35   1   0   0       1.34751290  s
   35   2   1  -1       0.81986885  p_y
   35   2   1   0       0.83437301  p_z
   35   2   1   1       0.82685050  p_x
   35   3   2  -2       0.04604109  d_xy
   35   3   2  -1       0.04120925  d_yz
   35   3   2   0       0.02061441  d_z2
   35   3   2   1       0.03933157  d_xz
   35   3   2   2       0.02378136  d_x2-y2
   36   1   0   0       1.32075422  s
   36   2   1  -1       0.82907731  p_y
   36   2   1   0       0.82462680  p_z
   36   2   1   1       0.82426154  p_x
   36   3   2  -2       0.04052622  d_xy
   36   3   2  -1       0.04685320  d_yz
   36   3   2   0       0.02331795  d_z2
   36   3   2   1       0.04261823  d_xz
   36   3   2   2       0.02368455  d_x2-y2
   37   1   0   0       1.36259663  s
   37   2   1  -1       0.83221396  p_y
   37   2   1   0       0.82543445  p_z
   37   2   1   1       0.83102233  p_x
   37   3   2  -2       0.03723136  d_xy
   37   3   2  -1       0.03803535  d_yz
   37   3   2   0       0.01943902  d_z2
   37   3   2   1       0.03997602  d_xz
   37   3   2   2       0.01896871  d_x2-y2
   38   1   0   0       1.33526892  s
   38   2   1  -1       0.82766363  p_y
   38   2   1   0       0.83754075  p_z
   38   2   1   1       0.82934181  p_x
   38   3   2  -2       0.04153964  d_xy
   38   3   2  -1       0.04270772  d_yz
   38   3   2   0       0.02036005  d_z2
   38   3   2   1       0.03834820  d_xz
   38   3   2   2       0.02311433  d_x2-y2
   39   1   0   0       1.34890471  s
   39   2   1  -1       0.82802263  p_y
   39   2   1   0       0.82713701  p_z
   39   2   1   1       0.83104143  p_x
   39   3   2  -2       0.04088474  d_xy
   39   3   2  -1       0.03999160  d_yz
   39   3   2   0       0.02079375  d_z2
   39   3   2   1       0.04149796  d_xz
   39   3   2   2       0.02170688  d_x2-y2
   40   1   0   0       1.35771127  s
   40   2   1  -1       0.82445980  p_y
   40   2   1   0       0.83342867  p_z
   40   2   1   1       0.82650207  p_x
   40   3   2  -2       0.04195406  d_xy
   40   3   2  -1       0.03673464  d_yz
   40   3   2   0       0.01927250  d_z2
   40   3   2   1       0.03916588  d_xz
   40   3   2   2       0.02076949  d_x2-y2
   41   1   0   0       1.34324902  s
   41   2   1  -1       0.81960854  p_y
   41   2   1   0       0.83345973  p_z
   41   2   1   1       0.82607205  p_x
   41   3   2  -2       0.04585250  d_xy
   41   3   2  -1       0.03740552  d_yz
   41   3   2   0       0.02135753  d_z2
   41   3   2   1       0.04325207  d_xz
   41   3   2   2       0.02339060  d_x2-y2
   42   1   0   0       1.36334216  s
   42   2   1  -1       0.82261014  p_y
   42   2   1   0       0.82135292  p_z
   42   2   1   1       0.82221778  p_x
   42   3   2  -2       0.04255282  d_xy
   42   3   2  -1       0.03882481  d_yz
   42   3   2   0       0.02007557  d_z2
   42   3   2   1       0.04108785  d_xz
   42   3   2   2       0.02136160  d_x2-y2
   43   1   0   0       1.39206621  s
   43   2   1  -1       0.82782936  p_y
   43   2   1   0       0.83092220  p_z
   43   2   1   1       0.82993790  p_x
   43   3   2  -2       0.03590299  d_xy
   43   3   2  -1       0.03930527  d_yz
   43   3   2   0       0.01755941  d_z2
   43   3   2   1       0.03406553  d_xz
   43   3   2   2       0.01659484  d_x2-y2
   44   1   0   0       1.37744451  s
   44   2   1  -1       0.82097373  p_y
   44   2   1   0       0.82987160  p_z
   44   2   1   1       0.82333601  p_x
   44   3   2  -2       0.03878522  d_xy
   44   3   2  -1       0.03852856  d_yz
   44   3   2   0       0.01915815  d_z2
   44   3   2   1       0.03707958  d_xz
   44   3   2   2       0.01803221  d_x2-y2
   45   1   0   0       1.36407953  s
   45   2   1  -1       0.82739890  p_y
   45   2   1   0       0.82750841  p_z
   45   2   1   1       0.83220923  p_x
   45   3   2  -2       0.03431934  d_xy
   45   3   2  -1       0.03888768  d_yz
   45   3   2   0       0.01692767  d_z2
   45   3   2   1       0.03793762  d_xz
   45   3   2   2       0.01905477  d_x2-y2
   46   1   0   0       1.35716152  s
   46   2   1  -1       0.82818630  p_y
   46   2   1   0       0.82634638  p_z
   46   2   1   1       0.82154594  p_x
   46   3   2  -2       0.04126885  d_xy
   46   3   2  -1       0.03842627  d_yz
   46   3   2   0       0.02243454  d_z2
   46   3   2   1       0.04395941  d_xz
   46   3   2   2       0.02092566  d_x2-y2
   47   1   0   0       1.37217897  s
   47   2   1  -1       0.83368491  p_y
   47   2   1   0       0.82568239  p_z
   47   2   1   1       0.82834734  p_x
   47   3   2  -2       0.03607861  d_xy
   47   3   2  -1       0.03799435  d_yz
   47   3   2   0       0.01931328  d_z2
   47   3   2   1       0.03690338  d_xz
   47   3   2   2       0.01692027  d_x2-y2
   48   1   0   0       1.36559815  s
   48   2   1  -1       0.82763089  p_y
   48   2   1   0       0.83484453  p_z
   48   2   1   1       0.82438613  p_x
   48   3   2  -2       0.04672204  d_xy
   48   3   2  -1       0.03635209  d_yz
   48   3   2   0       0.01920514  d_z2
   48   3   2   1       0.03398222  d_xz
   48   3   2   2       0.02124709  d_x2-y2
   49   1   0   0       1.32398069  s
   49   2   1  -1       0.82650245  p_y
   49   2   1   0       0.81482057  p_z
   49   2   1   1       0.82844814  p_x
   49   3   2  -2       0.04132003  d_xy
   49   3   2  -1       0.04470522  d_yz
   49   3   2   0       0.02657403  d_z2
   49   3   2   1       0.04647124  d_xz
   49   3   2   2       0.02172916  d_x2-y2
   50   1   0   0       1.35878519  s
   50   2   1  -1       0.82433686  p_y
   50   2   1   0       0.83162639  p_z
   50   2   1   1       0.83147775  p_x
   50   3   2  -2       0.04080314  d_xy
   50   3   2  -1       0.03654741  d_yz
   50   3   2   0       0.01956581  d_z2
   50   3   2   1       0.03952684  d_xz
   50   3   2   2       0.01942341  d_x2-y2
   51   1   0   0       1.34034687  s
   51   2   1  -1       0.83044768  p_y
   51   2   1   0       0.81417860  p_z
   51   2   1   1       0.82370537  p_x
   51   3   2  -2       0.04049324  d_xy
   51   3   2  -1       0.03986210  d_yz
   51   3   2   0       0.02424441  d_z2
   51   3   2   1       0.04538525  d_xz
   51   3   2   2       0.01959269  d_x2-y2
   52   1   0   0       1.36115021  s
   52   2   1  -1       0.82457912  p_y
   52   2   1   0       0.82571611  p_z
   52   2   1   1       0.82789700  p_x
   52   3   2  -2       0.03960237  d_xy
   52   3   2  -1       0.04289227  d_yz
   52   3   2   0       0.02153854  d_z2
   52   3   2   1       0.03711497  d_xz
   52   3   2   2       0.01958719  d_x2-y2
   53   1   0   0       1.37323936  s
   53   2   1  -1       0.83499755  p_y
   53   2   1   0       0.82950843  p_z
   53   2   1   1       0.82766845  p_x
   53   3   2  -2       0.04124344  d_xy
   53   3   2  -1       0.03486760  d_yz
   53   3   2   0       0.01967166  d_z2
   53   3   2   1       0.03630246  d_xz
   53   3   2   2       0.01710414  d_x2-y2
   54   1   0   0       1.37364012  s
   54   2   1  -1       0.83480717  p_y
   54   2   1   0       0.81440312  p_z
   54   2   1   1       0.83222289  p_x
   54   3   2  -2       0.03490813  d_xy
   54   3   2  -1       0.03733121  d_yz
   54   3   2   0       0.02015381  d_z2
   54   3   2   1       0.04329571  d_xz
   54   3   2   2       0.02006827  d_x2-y2
   55   1   0   0       1.35140483  s
   55   2   1  -1       0.82547925  p_y
   55   2   1   0       0.82516455  p_z
   55   2   1   1       0.82610693  p_x
   55   3   2  -2       0.03986086  d_xy
   55   3   2  -1       0.04090124  d_yz
   55   3   2   0       0.02045711  d_z2
   55   3   2   1       0.04215520  d_xz
   55   3   2   2       0.02155261  d_x2-y2
   56   1   0   0       1.37088894  s
   56   2   1  -1       0.83785171  p_y
   56   2   1   0       0.82708629  p_z
   56   2   1   1       0.82527803  p_x
   56   3   2  -2       0.03630846  d_xy
   56   3   2  -1       0.03843667  d_yz
   56   3   2   0       0.01857551  d_z2
   56   3   2   1       0.04026379  d_xz
   56   3   2   2       0.01822909  d_x2-y2
   57   1   0   0       1.33884264  s
   57   2   1  -1       0.82014519  p_y
   57   2   1   0       0.81715700  p_z
   57   2   1   1       0.82858562  p_x
   57   3   2  -2       0.03601038  d_xy
   57   3   2  -1       0.04869625  d_yz
   57   3   2   0       0.02291282  d_z2
   57   3   2   1       0.03922405  d_xz
   57   3   2   2       0.02162480  d_x2-y2
   58   1   0   0       1.35540855  s
   58   2   1  -1       0.82249594  p_y
   58   2   1   0       0.82744214  p_z
   58   2   1   1       0.82333688  p_x
   58   3   2  -2       0.04063408  d_xy
   58   3   2  -1       0.04464610  d_yz
   58   3   2   0       0.01982905  d_z2
   58   3   2   1       0.04086638  d_xz
   58   3   2   2       0.02342499  d_x2-y2
   59   1   0   0       1.37703650  s
   59   2   1  -1       0.83543281  p_y
   59   2   1   0       0.82485680  p_z
   59   2   1   1       0.83267422  p_x
   59   3   2  -2       0.03466864  d_xy
   59   3   2  -1       0.03341040  d_yz
   59   3   2   0       0.01827091  d_z2
   59   3   2   1       0.03768927  d_xz
   59   3   2   2       0.01414694  d_x2-y2
   60   1   0   0       1.34105704  s
   60   2   1  -1       0.82046867  p_y
   60   2   1   0       0.83083606  p_z
   60   2   1   1       0.82540728  p_x
   60   3   2  -2       0.04570547  d_xy
   60   3   2  -1       0.03911945  d_yz
   60   3   2   0       0.02324184  d_z2
   60   3   2   1       0.04342098  d_xz
   60   3   2   2       0.02157834  d_x2-y2
   61   1   0   0       1.37705217  s
   61   2   1  -1       0.83313180  p_y
   61   2   1   0       0.82998246  p_z
   61   2   1   1       0.82938706  p_x
   61   3   2  -2       0.03564979  d_xy
   61   3   2  -1       0.03447080  d_yz
   61   3   2   0       0.01794984  d_z2
   61   3   2   1       0.04151528  d_xz
   61   3   2   2       0.01786394  d_x2-y2
   62   1   0   0       1.37207641  s
   62   2   1  -1       0.83067729  p_y
   62   2   1   0       0.83272998  p_z
   62   2   1   1       0.83413625  p_x
   62   3   2  -2       0.03520029  d_xy
   62   3   2  -1       0.03888403  d_yz
   62   3   2   0       0.01639599  d_z2
   62   3   2   1       0.03607125  d_xz
   62   3   2   2       0.01786927  d_x2-y2
   63   1   0   0       1.33998663  s
   63   2   1  -1       0.82941004  p_y
   63   2   1   0       0.82898768  p_z
   63   2   1   1       0.82825924  p_x
   63   3   2  -2       0.03959104  d_xy
   63   3   2  -1       0.04493921  d_yz
   63   3   2   0       0.02171375  d_z2
   63   3   2   1       0.04021794  d_xz
   63   3   2   2       0.02100174  d_x2-y2
   64   1   0   0       1.38567331  s
   64   2   1  -1       0.83314659  p_y
   64   2   1   0       0.83209507  p_z
   64   2   1   1       0.82904099  p_x
   64   3   2  -2       0.03024406  d_xy
   64   3   2  -1       0.03560512  d_yz
   64   3   2   0       0.01431198  d_z2
   64   3   2   1       0.03683976  d_xz
   64   3   2   2       0.01648006  d_x2-y2

Fermi level:                        -0.1338498821 H           -3.6422 eV
Band energy:                       -88.1609555053 H        -2398.9817 eV
TS:                                  0.0000000000 H            0.0000 eV
Band free energy (E-TS):           -88.1609555053 H        -2398.9817 eV
Extrapolated E(0K):                -88.1609555053 H        -2398.9817 eV
Input / Output electrons (q):    256.0000000000    256.0000000000

Energy H0:                         -88.1504335484 H        -2398.6953 eV
Energy SCC:                          0.0003950453 H            0.0107 eV
Total Electronic energy:           -88.1500385031 H        -2398.6846 eV
Repulsive energy:                    0.0000000000 H            0.0000 eV
Total energy:                      -88.1500385031 H        -2398.6846 eV
Extrapolated to 0:                 -88.1500385031 H        -2398.6846 eV
Total Mermin free energy:          -88.1500385031 H        -2398.6846 eV
Force related energy:              -88.1500385031 H        -2398.6846 eV

Non-constrained calculation

SCC converged

Warning: dipole moment is not defined absolutely!
Dipole moment:    0.07610181    0.49407152    0.04874731 au
Dipole moment:    0.19343152    1.25580465    0.12390330 Debye


