 Fermi distribution function

Calculation with static geometry


********************************************************************************
 iSCC Total electronic   Diff electronic      SCC error    
    9   -0.88194519E+02   -0.92772723E-09    0.59473486E-05
********************************************************************************

 Total charge:    -0.00000000

 Atomic gross charges (e)
 Atom           Charge
    1      -0.01166853
    2       0.00484837
    3      -0.01264781
    4       0.00866111
    5       0.00516069
    6      -0.01311779
    7      -0.00567106
    8      -0.00787315
    9       0.00315326
   10      -0.00892343
   11      -0.01041119
   12       0.00164934
   13      -0.01493285
   14      -0.00103853
   15       0.00084876
   16      -0.00672505
   17      -0.01066699
   18      -0.01158320
   19       0.01024961
   20       0.01238989
   21      -0.00262755
   22       0.00815599
   23      -0.01265839
   24       0.00790874
   25       0.02980303
   26       0.00270302
   27       0.02155355
   28       0.00043414
   29       0.00295947
   30       0.01690285
   31       0.00949000
   32      -0.00423644
   33      -0.02969499
   34      -0.00800622
   35      -0.00998066
   36       0.00410875
   37       0.00471931
   38       0.01962025
   39      -0.01775930
   40       0.00592280
   41       0.01266413
   42      -0.02075979
   43      -0.00019709
   44      -0.00770454
   45      -0.01330115
   46      -0.00549468
   47      -0.00751882
   48      -0.02630240
   49       0.00787238
   50       0.01207551
   51      -0.01029792
   52      -0.00168169
   53      -0.01666728
   54      -0.00145181
   55       0.02019914
   56      -0.00009243
   57       0.02823345
   58       0.00172223
   59       0.01323249
   60      -0.00196053
   61       0.01619500
   62       0.00181512
   63       0.01363396
   64       0.00476694

Nr. of electrons (up):    256.00000000
Atom populations (up)
 Atom       Population
    1       4.01166853
    2       3.99515163
    3       4.01264781
    4       3.99133889
    5       3.99483931
    6       4.01311779
    7       4.00567106
    8       4.00787315
    9       3.99684674
   10       4.00892343
   11       4.01041119
   12       3.99835066
   13       4.01493285
   14       4.00103853
   15       3.99915124
   16       4.00672505
   17       4.01066699
   18       4.01158320
   19       3.98975039
   20       3.98761011
   21       4.00262755
   22       3.99184401
   23       4.01265839
   24       3.99209126
   25       3.97019697
   26       3.99729698
   27       3.97844645
   28       3.99956586
   29       3.99704053
   30       3.98309715
   31       3.99051000
   32       4.00423644
   33       4.02969499
   34       4.00800622
   35       4.00998066
   36       3.99589125
   37       3.99528069
   38       3.98037975
   39       4.01775930
   40       3.99407720
   41       3.98733587
   42       4.02075979
   43       4.00019709
   44       4.00770454
   45       4.01330115
   46       4.00549468
   47       4.00751882
   48       4.02630240
   49       3.99212762
   50       3.98792449
   51       4.01029792
   52       4.00168169
   53       4.01666728
   54       4.00145181
   55       3.97980086
   56       4.00009243
   57       3.97176655
   58       3.99827777
   59       3.98676751
   60       4.00196053
   61       3.98380500
   62       3.99818488
   63       3.98636604
   64       3.99523306

l-shell populations (up)
 Atom Sh.   l       Population
    1   1   0       1.36675297
    1   2   1       2.49025793
    1   3   2       0.15465762
    2   1   0       1.34659206
    2   2   1       2.49169880
    2   3   2       0.15686077
    3   1   0       1.36969139
    3   2   1       2.48583435
    3   3   2       0.15712206
    4   1   0       1.34134532
    4   2   1       2.47983333
    4   3   2       0.17016024
    5   1   0       1.34491616
    5   2   1       2.49528388
    5   3   2       0.15463926
    6   1   0       1.37528731
    6   2   1       2.49176887
    6   3   2       0.14606161
    7   1   0       1.36821332
    7   2   1       2.48731682
    7   3   2       0.15014092
    8   1   0       1.36773215
    8   2   1       2.49144794
    8   3   2       0.14869305
    9   1   0       1.34700775
    9   2   1       2.49258327
    9   3   2       0.15725571
   10   1   0       1.37259949
   10   2   1       2.48141377
   10   3   2       0.15491016
   11   1   0       1.37290671
   11   2   1       2.49045009
   11   3   2       0.14705439
   12   1   0       1.34586576
   12   2   1       2.48580422
   12   3   2       0.16668068
   13   1   0       1.38065289
   13   2   1       2.48670631
   13   3   2       0.14757365
   14   1   0       1.35399781
   14   2   1       2.48685326
   14   3   2       0.16018746
   15   1   0       1.35520661
   15   2   1       2.48085047
   15   3   2       0.16309415
   16   1   0       1.36100032
   16   2   1       2.49094140
   16   3   2       0.15478334
   17   1   0       1.38683969
   17   2   1       2.48136330
   17   3   2       0.14246399
   18   1   0       1.38203625
   18   2   1       2.48355526
   18   3   2       0.14599169
   19   1   0       1.34250890
   19   2   1       2.48495568
   19   3   2       0.16228581
   20   1   0       1.33406022
   20   2   1       2.47564800
   20   3   2       0.17790189
   21   1   0       1.37341564
   21   2   1       2.48199918
   21   3   2       0.14721273
   22   1   0       1.35329914
   22   2   1       2.47422060
   22   3   2       0.16432427
   23   1   0       1.38939908
   23   2   1       2.48442705
   23   3   2       0.13883226
   24   1   0       1.35339491
   24   2   1       2.46977629
   24   3   2       0.16892006
   25   1   0       1.30873692
   25   2   1       2.48037809
   25   3   2       0.18108197
   26   1   0       1.34972461
   26   2   1       2.49031907
   26   3   2       0.15725330
   27   1   0       1.33779271
   27   2   1       2.46972939
   27   3   2       0.17092435
   28   1   0       1.35947514
   28   2   1       2.49106311
   28   3   2       0.14902761
   29   1   0       1.34873672
   29   2   1       2.48894724
   29   3   2       0.15935657
   30   1   0       1.33812011
   30   2   1       2.48190672
   30   3   2       0.16307031
   31   1   0       1.34091593
   31   2   1       2.48931094
   31   3   2       0.16028312
   32   1   0       1.36873342
   32   2   1       2.49926001
   32   3   2       0.13624301
   33   1   0       1.40015029
   33   2   1       2.49645305
   33   3   2       0.13309165
   34   1   0       1.36434225
   34   2   1       2.49126437
   34   3   2       0.15239960
   35   1   0       1.37398485
   35   2   1       2.49800043
   35   3   2       0.13799538
   36   1   0       1.34261017
   36   2   1       2.48978007
   36   3   2       0.16350102
   37   1   0       1.34148938
   37   2   1       2.48915093
   37   3   2       0.16464038
   38   1   0       1.31440521
   38   2   1       2.48245144
   38   3   2       0.18352310
   39   1   0       1.37939535
   39   2   1       2.48949850
   39   3   2       0.14886545
   40   1   0       1.34982822
   40   2   1       2.48463220
   40   3   2       0.15961678
   41   1   0       1.33218809
   41   2   1       2.48662065
   41   3   2       0.16852713
   42   1   0       1.37953861
   42   2   1       2.49657908
   42   3   2       0.14464210
   43   1   0       1.35857025
   43   2   1       2.47569994
   43   3   2       0.16592690
   44   1   0       1.35851354
   44   2   1       2.48855991
   44   3   2       0.16063109
   45   1   0       1.36578004
   45   2   1       2.48632484
   45   3   2       0.16119628
   46   1   0       1.37081323
   46   2   1       2.48175402
   46   3   2       0.15292743
   47   1   0       1.35780650
   47   2   1       2.48914896
   47   3   2       0.16056335
   48   1   0       1.40135635
   48   2   1       2.49260112
   48   3   2       0.13234494
   49   1   0       1.35217137
   49   2   1       2.48066451
   49   3   2       0.15929175
   50   1   0       1.33595441
   50   2   1       2.48034483
   50   3   2       0.17162525
   51   1   0       1.38000197
   51   2   1       2.48546200
   51   3   2       0.14483395
   52   1   0       1.36214026
   52   2   1       2.49277326
   52   3   2       0.14676817
   53   1   0       1.39326227
   53   2   1       2.48312687
   53   3   2       0.14027814
   54   1   0       1.36006650
   54   2   1       2.47808432
   54   3   2       0.16330099
   55   1   0       1.33892849
   55   2   1       2.46907993
   55   3   2       0.17179244
   56   1   0       1.36735925
   56   2   1       2.47976498
   56   3   2       0.15296819
   57   1   0       1.31891433
   57   2   1       2.47784300
   57   3   2       0.17500923
   58   1   0       1.36697806
   58   2   1       2.48633775
   58   3   2       0.14496196
   59   1   0       1.34907919
   59   2   1       2.47006385
   59   3   2       0.16762448
   60   1   0       1.37138122
   60   2   1       2.48405616
   60   3   2       0.14652316
   61   1   0       1.33331221
   61   2   1       2.48345084
   61   3   2       0.16704195
   62   1   0       1.35092321
   62   2   1       2.49222297
   62   3   2       0.15503871
   63   1   0       1.33428022
   63   2   1       2.48902655
   63   3   2       0.16305927
   64   1   0       1.33884410
   64   2   1       2.48902704
   64   3   2       0.16736192

Orbital populations (up)
 Atom Sh.   l   m       Population  Label
    1   1   0   0       1.36675297  s
    1   2   1  -1       0.82984235  p_y
    1   2   1   0       0.83025554  p_z
    1   2   1   1       0.83016005  p_x
    1   3   2  -2       0.03896396  d_xy
    1   3   2  -1       0.03759426  d_yz
    1   3   2   0       0.02018420  d_z2
    1   3   2   1       0.03975596  d_xz
    1   3   2   2       0.01815925  d_x2-y2
    2   1   0   0       1.34659206  s
    2   2   1  -1       0.82961735  p_y
    2   2   1   0       0.82948600  p_z
    2   2   1   1       0.83259545  p_x
    2   3   2  -2       0.03995112  d_xy
    2   3   2  -1       0.04015040  d_yz
    2   3   2   0       0.02071695  d_z2
    2   3   2   1       0.03774312  d_xz
    2   3   2   2       0.01829918  d_x2-y2
    3   1   0   0       1.36969139  s
    3   2   1  -1       0.82437329  p_y
    3   2   1   0       0.82967388  p_z
    3   2   1   1       0.83178719  p_x
    3   3   2  -2       0.04080040  d_xy
    3   3   2  -1       0.03960066  d_yz
    3   3   2   0       0.02019930  d_z2
    3   3   2   1       0.03831540  d_xz
    3   3   2   2       0.01820630  d_x2-y2
    4   1   0   0       1.34134532  s
    4   2   1  -1       0.82841389  p_y
    4   2   1   0       0.82767184  p_z
    4   2   1   1       0.82374760  p_x
    4   3   2  -2       0.04171329  d_xy
    4   3   2  -1       0.04334789  d_yz
    4   3   2   0       0.02179996  d_z2
    4   3   2   1       0.04184186  d_xz
    4   3   2   2       0.02145724  d_x2-y2
    5   1   0   0       1.34491616  s
    5   2   1  -1       0.83069665  p_y
    5   2   1   0       0.83362980  p_z
    5   2   1   1       0.83095743  p_x
    5   3   2  -2       0.04056783  d_xy
    5   3   2  -1       0.03694029  d_yz
    5   3   2   0       0.01887185  d_z2
    5   3   2   1       0.03868533  d_xz
    5   3   2   2       0.01957397  d_x2-y2
    6   1   0   0       1.37528731  s
    6   2   1  -1       0.83465181  p_y
    6   2   1   0       0.82855655  p_z
    6   2   1   1       0.82856051  p_x
    6   3   2  -2       0.03684881  d_xy
    6   3   2  -1       0.03575936  d_yz
    6   3   2   0       0.01845939  d_z2
    6   3   2   1       0.03868354  d_xz
    6   3   2   2       0.01631052  d_x2-y2
    7   1   0   0       1.36821332  s
    7   2   1  -1       0.82948408  p_y
    7   2   1   0       0.83189657  p_z
    7   2   1   1       0.82593617  p_x
    7   3   2  -2       0.03833017  d_xy
    7   3   2  -1       0.03943848  d_yz
    7   3   2   0       0.01819899  d_z2
    7   3   2   1       0.03626429  d_xz
    7   3   2   2       0.01790899  d_x2-y2
    8   1   0   0       1.36773215  s
    8   2   1  -1       0.83116096  p_y
    8   2   1   0       0.83184446  p_z
    8   2   1   1       0.82844252  p_x
    8   3   2  -2       0.03865659  d_xy
    8   3   2  -1       0.03635407  d_yz
    8   3   2   0       0.01832343  d_z2
    8   3   2   1       0.03776131  d_xz
    8   3   2   2       0.01759765  d_x2-y2
    9   1   0   0       1.34700775  s
    9   2   1  -1       0.82723960  p_y
    9   2   1   0       0.83284133  p_z
    9   2   1   1       0.83250235  p_x
    9   3   2  -2       0.04098689  d_xy
    9   3   2  -1       0.03941399  d_yz
    9   3   2   0       0.01954879  d_z2
    9   3   2   1       0.03647599  d_xz
    9   3   2   2       0.02083005  d_x2-y2
   10   1   0   0       1.37259949  s
   10   2   1  -1       0.82708158  p_y
   10   2   1   0       0.82756142  p_z
   10   2   1   1       0.82677077  p_x
   10   3   2  -2       0.03833795  d_xy
   10   3   2  -1       0.03950369  d_yz
   10   3   2   0       0.01894735  d_z2
   10   3   2   1       0.03967989  d_xz
   10   3   2   2       0.01844129  d_x2-y2
   11   1   0   0       1.37290671  s
   11   2   1  -1       0.82997121  p_y
   11   2   1   0       0.83233977  p_z
   11   2   1   1       0.82813910  p_x
   11   3   2  -2       0.03867233  d_xy
   11   3   2  -1       0.03818011  d_yz
   11   3   2   0       0.01728431  d_z2
   11   3   2   1       0.03524074  d_xz
   11   3   2   2       0.01767691  d_x2-y2
   12   1   0   0       1.34586576  s
   12   2   1  -1       0.82671007  p_y
   12   2   1   0       0.82906306  p_z
   12   2   1   1       0.83003109  p_x
   12   3   2  -2       0.04371934  d_xy
   12   3   2  -1       0.03965165  d_yz
   12   3   2   0       0.02102027  d_z2
   12   3   2   1       0.04110264  d_xz
   12   3   2   2       0.02118678  d_x2-y2
   13   1   0   0       1.38065289  s
   13   2   1  -1       0.82416625  p_y
   13   2   1   0       0.82615717  p_z
   13   2   1   1       0.83638289  p_x
   13   3   2  -2       0.03648214  d_xy
   13   3   2  -1       0.04019868  d_yz
   13   3   2   0       0.01803983  d_z2
   13   3   2   1       0.03561571  d_xz
   13   3   2   2       0.01723730  d_x2-y2
   14   1   0   0       1.35399781  s
   14   2   1  -1       0.82682752  p_y
   14   2   1   0       0.83048018  p_z
   14   2   1   1       0.82954556  p_x
   14   3   2  -2       0.03984588  d_xy
   14   3   2  -1       0.03978121  d_yz
   14   3   2   0       0.01905537  d_z2
   14   3   2   1       0.04063257  d_xz
   14   3   2   2       0.02087244  d_x2-y2
   15   1   0   0       1.35520661  s
   15   2   1  -1       0.82631049  p_y
   15   2   1   0       0.82419691  p_z
   15   2   1   1       0.83034308  p_x
   15   3   2  -2       0.04113550  d_xy
   15   3   2  -1       0.03902140  d_yz
   15   3   2   0       0.02108287  d_z2
   15   3   2   1       0.04200709  d_xz
   15   3   2   2       0.01984730  d_x2-y2
   16   1   0   0       1.36100032  s
   16   2   1  -1       0.82987997  p_y
   16   2   1   0       0.83254213  p_z
   16   2   1   1       0.82851930  p_x
   16   3   2  -2       0.03920509  d_xy
   16   3   2  -1       0.03802163  d_yz
   16   3   2   0       0.01785857  d_z2
   16   3   2   1       0.03896185  d_xz
   16   3   2   2       0.02073619  d_x2-y2
   17   1   0   0       1.38683969  s
   17   2   1  -1       0.82563522  p_y
   17   2   1   0       0.82888922  p_z
   17   2   1   1       0.82683887  p_x
   17   3   2  -2       0.03289050  d_xy
   17   3   2  -1       0.03810766  d_yz
   17   3   2   0       0.01575883  d_z2
   17   3   2   1       0.03805680  d_xz
   17   3   2   2       0.01765019  d_x2-y2
   18   1   0   0       1.38203625  s
   18   2   1  -1       0.82807775  p_y
   18   2   1   0       0.82938708  p_z
   18   2   1   1       0.82609043  p_x
   18   3   2  -2       0.04089209  d_xy
   18   3   2  -1       0.03618932  d_yz
   18   3   2   0       0.01685441  d_z2
   18   3   2   1       0.03416143  d_xz
   18   3   2   2       0.01789443  d_x2-y2
   19   1   0   0       1.34250890  s
   19   2   1  -1       0.82962606  p_y
   19   2   1   0       0.82560142  p_z
   19   2   1   1       0.82972819  p_x
   19   3   2  -2       0.03827251  d_xy
   19   3   2  -1       0.04042019  d_yz
   19   3   2   0       0.02101599  d_z2
   19   3   2   1       0.04215616  d_xz
   19   3   2   2       0.02042096  d_x2-y2
   20   1   0   0       1.33406022  s
   20   2   1  -1       0.82661697  p_y
   20   2   1   0       0.82601712  p_z
   20   2   1   1       0.82301390  p_x
   20   3   2  -2       0.04445508  d_xy
   20   3   2  -1       0.04196339  d_yz
   20   3   2   0       0.02281669  d_z2
   20   3   2   1       0.04451511  d_xz
   20   3   2   2       0.02415162  d_x2-y2
   21   1   0   0       1.37341564  s
   21   2   1  -1       0.82639005  p_y
   21   2   1   0       0.82748334  p_z
   21   2   1   1       0.82812578  p_x
   21   3   2  -2       0.03811220  d_xy
   21   3   2  -1       0.03624531  d_yz
   21   3   2   0       0.01797640  d_z2
   21   3   2   1       0.03790305  d_xz
   21   3   2   2       0.01697577  d_x2-y2
   22   1   0   0       1.35329914  s
   22   2   1  -1       0.82711001  p_y
   22   2   1   0       0.82216670  p_z
   22   2   1   1       0.82494388  p_x
   22   3   2  -2       0.04090741  d_xy
   22   3   2  -1       0.03861913  d_yz
   22   3   2   0       0.02029641  d_z2
   22   3   2   1       0.04303335  d_xz
   22   3   2   2       0.02146796  d_x2-y2
   23   1   0   0       1.38939908  s
   23   2   1  -1       0.82815887  p_y
   23   2   1   0       0.82589137  p_z
   23   2   1   1       0.83037681  p_x
   23   3   2  -2       0.03337013  d_xy
   23   3   2  -1       0.03509612  d_yz
   23   3   2   0       0.01621934  d_z2
   23   3   2   1       0.03804301  d_xz
   23   3   2   2       0.01610365  d_x2-y2
   24   1   0   0       1.35339491  s
   24   2   1  -1       0.82654411  p_y
   24   2   1   0       0.81967216  p_z
   24   2   1   1       0.82356002  p_x
   24   3   2  -2       0.04201711  d_xy
   24   3   2  -1       0.03920193  d_yz
   24   3   2   0       0.02238188  d_z2
   24   3   2   1       0.04449552  d_xz
   24   3   2   2       0.02082362  d_x2-y2
   25   1   0   0       1.30873692  s
   25   2   1  -1       0.82496461  p_y
   25   2   1   0       0.82821866  p_z
   25   2   1   1       0.82719482  p_x
   25   3   2  -2       0.04798251  d_xy
   25   3   2  -1       0.04414925  d_yz
   25   3   2   0       0.02496173  d_z2
   25   3   2   1       0.04021912  d_xz
   25   3   2   2       0.02376935  d_x2-y2
   26   1   0   0       1.34972461  s
   26   2   1  -1       0.83089475  p_y
   26   2   1   0       0.82853275  p_z
   26   2   1   1       0.83089158  p_x
   26   3   2  -2       0.03709289  d_xy
   26   3   2  -1       0.03884535  d_yz
   26   3   2   0       0.02020380  d_z2
   26   3   2   1       0.04219576  d_xz
   26   3   2   2       0.01891550  d_x2-y2
   27   1   0   0       1.33779271  s
   27   2   1  -1       0.82300980  p_y
   27   2   1   0       0.81801300  p_z
   27   2   1   1       0.82870659  p_x
   27   3   2  -2       0.04280192  d_xy
   27   3   2  -1       0.04334776  d_yz
   27   3   2   0       0.02402267  d_z2
   27   3   2   1       0.03953194  d_xz
   27   3   2   2       0.02122006  d_x2-y2
   28   1   0   0       1.35947514  s
   28   2   1  -1       0.83675978  p_y
   28   2   1   0       0.82685419  p_z
   28   2   1   1       0.82744914  p_x
   28   3   2  -2       0.03533627  d_xy
   28   3   2  -1       0.03768572  d_yz
   28   3   2   0       0.01950453  d_z2
   28   3   2   1       0.04010578  d_xz
   28   3   2   2       0.01639531  d_x2-y2
   29   1   0   0       1.34873672  s
   29   2   1  -1       0.82814452  p_y
   29   2   1   0       0.83187357  p_z
   29   2   1   1       0.82892915  p_x
   29   3   2  -2       0.04107718  d_xy
   29   3   2  -1       0.03882016  d_yz
   29   3   2   0       0.01910061  d_z2
   29   3   2   1       0.03932406  d_xz
   29   3   2   2       0.02103456  d_x2-y2
   30   1   0   0       1.33812011  s
   30   2   1  -1       0.82792263  p_y
   30   2   1   0       0.82885260  p_z
   30   2   1   1       0.82513150  p_x
   30   3   2  -2       0.03719125  d_xy
   30   3   2  -1       0.04266355  d_yz
   30   3   2   0       0.02036526  d_z2
   30   3   2   1       0.04090214  d_xz
   30   3   2   2       0.02194811  d_x2-y2
   31   1   0   0       1.34091593  s
   31   2   1  -1       0.83165988  p_y
   31   2   1   0       0.82960589  p_z
   31   2   1   1       0.82804518  p_x
   31   3   2  -2       0.03957231  d_xy
   31   3   2  -1       0.04229934  d_yz
   31   3   2   0       0.02050630  d_z2
   31   3   2   1       0.03792793  d_xz
   31   3   2   2       0.01997724  d_x2-y2
   32   1   0   0       1.36873342  s
   32   2   1  -1       0.83465767  p_y
   32   2   1   0       0.83300273  p_z
   32   2   1   1       0.83159962  p_x
   32   3   2  -2       0.03389686  d_xy
   32   3   2  -1       0.03583619  d_yz
   32   3   2   0       0.01548468  d_z2
   32   3   2   1       0.03491188  d_xz
   32   3   2   2       0.01611340  d_x2-y2
   33   1   0   0       1.40015029  s
   33   2   1  -1       0.83018838  p_y
   33   2   1   0       0.83492753  p_z
   33   2   1   1       0.83133714  p_x
   33   3   2  -2       0.03205743  d_xy
   33   3   2  -1       0.03234058  d_yz
   33   3   2   0       0.01472649  d_z2
   33   3   2   1       0.03856455  d_xz
   33   3   2   2       0.01540260  d_x2-y2
   34   1   0   0       1.36434225  s
   34   2   1  -1       0.83100102  p_y
   34   2   1   0       0.82856771  p_z
   34   2   1   1       0.83169565  p_x
   34   3   2  -2       0.03545987  d_xy
   34   3   2  -1       0.04262417  d_yz
   34   3   2   0       0.01849978  d_z2
   34   3   2   1       0.03726293  d_xz
   34   3   2   2       0.01855285  d_x2-y2
   35   1   0   0       1.37398485  s
   35   2   1  -1       0.83471344  p_y
   35   2   1   0       0.82952457  p_z
   35   2   1   1       0.83376241  p_x
   35   3   2  -2       0.03382568  d_xy
   35   3   2  -1       0.03787492  d_yz
   35   3   2   0       0.01634977  d_z2
   35   3   2   1       0.03362663  d_xz
   35   3   2   2       0.01631838  d_x2-y2
   36   1   0   0       1.34261017  s
   36   2   1  -1       0.83002715  p_y
   36   2   1   0       0.82909052  p_z
   36   2   1   1       0.83066240  p_x
   36   3   2  -2       0.04259777  d_xy
   36   3   2  -1       0.03895669  d_yz
   36   3   2   0       0.02097711  d_z2
   36   3   2   1       0.04124596  d_xz
   36   3   2   2       0.01972348  d_x2-y2
   37   1   0   0       1.34148938  s
   37   2   1  -1       0.83116061  p_y
   37   2   1   0       0.82549443  p_z
   37   2   1   1       0.83249589  p_x
   37   3   2  -2       0.03905645  d_xy
   37   3   2  -1       0.03918913  d_yz
   37   3   2   0       0.02176565  d_z2
   37   3   2   1       0.04443544  d_xz
   37   3   2   2       0.02019370  d_x2-y2
   38   1   0   0       1.31440521  s
   38   2   1  -1       0.82691968  p_y
   38   2   1   0       0.83000907  p_z
   38   2   1   1       0.82552270  p_x
   38   3   2  -2       0.04571786  d_xy
   38   3   2  -1       0.04254594  d_yz
   38   3   2   0       0.02398220  d_z2
   38   3   2   1       0.04563023  d_xz
   38   3   2   2       0.02564688  d_x2-y2
   39   1   0   0       1.37939535  s
   39   2   1  -1       0.82912272  p_y
   39   2   1   0       0.82914821  p_z
   39   2   1   1       0.83122757  p_x
   39   3   2  -2       0.03639777  d_xy
   39   3   2  -1       0.03878510  d_yz
   39   3   2   0       0.01767025  d_z2
   39   3   2   1       0.03795142  d_xz
   39   3   2   2       0.01806090  d_x2-y2
   40   1   0   0       1.34982822  s
   40   2   1  -1       0.82809669  p_y
   40   2   1   0       0.82705860  p_z
   40   2   1   1       0.82947691  p_x
   40   3   2  -2       0.03787587  d_xy
   40   3   2  -1       0.04201418  d_yz
   40   3   2   0       0.02007291  d_z2
   40   3   2   1       0.03968568  d_xz
   40   3   2   2       0.01996813  d_x2-y2
   41   1   0   0       1.33218809  s
   41   2   1  -1       0.83252054  p_y
   41   2   1   0       0.83083305  p_z
   41   2   1   1       0.82326706  p_x
   41   3   2  -2       0.04599166  d_xy
   41   3   2  -1       0.03904753  d_yz
   41   3   2   0       0.02255389  d_z2
   41   3   2   1       0.03969344  d_xz
   41   3   2   2       0.02124062  d_x2-y2
   42   1   0   0       1.37953861  s
   42   2   1  -1       0.83251307  p_y
   42   2   1   0       0.82990718  p_z
   42   2   1   1       0.83415883  p_x
   42   3   2  -2       0.03472181  d_xy
   42   3   2  -1       0.03739136  d_yz
   42   3   2   0       0.01859568  d_z2
   42   3   2   1       0.03719468  d_xz
   42   3   2   2       0.01673856  d_x2-y2
   43   1   0   0       1.35857025  s
   43   2   1  -1       0.82595573  p_y
   43   2   1   0       0.82674134  p_z
   43   2   1   1       0.82300287  p_x
   43   3   2  -2       0.04288293  d_xy
   43   3   2  -1       0.04058256  d_yz
   43   3   2   0       0.02120169  d_z2
   43   3   2   1       0.04077804  d_xz
   43   3   2   2       0.02048167  d_x2-y2
   44   1   0   0       1.35851354  s
   44   2   1  -1       0.82790693  p_y
   44   2   1   0       0.83166024  p_z
   44   2   1   1       0.82899275  p_x
   44   3   2  -2       0.04229256  d_xy
   44   3   2  -1       0.03779661  d_yz
   44   3   2   0       0.01967391  d_z2
   44   3   2   1       0.04078046  d_xz
   44   3   2   2       0.02008754  d_x2-y2
   45   1   0   0       1.36578004  s
   45   2   1  -1       0.82942082  p_y
   45   2   1   0       0.83050946  p_z
   45   2   1   1       0.82639455  p_x
   45   3   2  -2       0.04135836  d_xy
   45   3   2  -1       0.04104802  d_yz
   45   3   2   0       0.02161121  d_z2
   45   3   2   1       0.03853585  d_xz
   45   3   2   2       0.01864283  d_x2-y2
   46   1   0   0       1.37081323  s
   46   2   1  -1       0.82740796  p_y
   46   2   1   0       0.82596083  p_z
   46   2   1   1       0.82838523  p_x
   46   3   2  -2       0.03883254  d_xy
   46   3   2  -1       0.04037571  d_yz
   46   3   2   0       0.01833507  d_z2
   46   3   2   1       0.03674058  d_xz
   46   3   2   2       0.01864353  d_x2-y2
   47   1   0   0       1.35780650  s
   47   2   1  -1       0.83197796  p_y
   47   2   1   0       0.82879170  p_z
   47   2   1   1       0.82837929  p_x
   47   3   2  -2       0.04097439  d_xy
   47   3   2  -1       0.03889569  d_yz
   47   3   2   0       0.01972032  d_z2
   47   3   2   1       0.04092368  d_xz
   47   3   2   2       0.02004927  d_x2-y2
   48   1   0   0       1.40135635  s
   48   2   1  -1       0.83033991  p_y
   48   2   1   0       0.83211026  p_z
   48   2   1   1       0.83015094  p_x
   48   3   2  -2       0.03469401  d_xy
   48   3   2  -1       0.03253539  d_yz
   48   3   2   0       0.01539653  d_z2
   48   3   2   1       0.03501656  d_xz
   48   3   2   2       0.01470245  d_x2-y2
   49   1   0   0       1.35217137  s
   49   2   1  -1       0.82553033  p_y
   49   2   1   0       0.82586650  p_z
   49   2   1   1       0.82926768  p_x
   49   3   2  -2       0.04180651  d_xy
   49   3   2  -1       0.03849049  d_yz
   49   3   2   0       0.02149190  d_z2
   49   3   2   1       0.03838829  d_xz
   49   3   2   2       0.01911456  d_x2-y2
   50   1   0   0       1.33595441  s
   50   2   1  -1       0.82467420  p_y
   50   2   1   0       0.82903949  p_z
   50   2   1   1       0.82663115  p_x
   50   3   2  -2       0.04425973  d_xy
   50   3   2  -1       0.04204011  d_yz
   50   3   2   0       0.02366337  d_z2
   50   3   2   1       0.03978653  d_xz
   50   3   2   2       0.02187551  d_x2-y2
   51   1   0   0       1.38000197  s
   51   2   1  -1       0.82832837  p_y
   51   2   1   0       0.82643607  p_z
   51   2   1   1       0.83069757  p_x
   51   3   2  -2       0.03587940  d_xy
   51   3   2  -1       0.03880980  d_yz
   51   3   2   0       0.01712636  d_z2
   51   3   2   1       0.03569211  d_xz
   51   3   2   2       0.01732629  d_x2-y2
   52   1   0   0       1.36214026  s
   52   2   1  -1       0.82878770  p_y
   52   2   1   0       0.83141623  p_z
   52   2   1   1       0.83256933  p_x
   52   3   2  -2       0.03727550  d_xy
   52   3   2  -1       0.03794378  d_yz
   52   3   2   0       0.01676119  d_z2
   52   3   2   1       0.03648922  d_xz
   52   3   2   2       0.01829848  d_x2-y2
   53   1   0   0       1.39326227  s
   53   2   1  -1       0.82952808  p_y
   53   2   1   0       0.82728594  p_z
   53   2   1   1       0.82631285  p_x
   53   3   2  -2       0.03376226  d_xy
   53   3   2  -1       0.03429454  d_yz
   53   3   2   0       0.01623269  d_z2
   53   3   2   1       0.03973408  d_xz
   53   3   2   2       0.01625457  d_x2-y2
   54   1   0   0       1.36006650  s
   54   2   1  -1       0.82218227  p_y
   54   2   1   0       0.82983063  p_z
   54   2   1   1       0.82607142  p_x
   54   3   2  -2       0.04418076  d_xy
   54   3   2  -1       0.03871659  d_yz
   54   3   2   0       0.02022512  d_z2
   54   3   2   1       0.03934112  d_xz
   54   3   2   2       0.02083740  d_x2-y2
   55   1   0   0       1.33892849  s
   55   2   1  -1       0.82358024  p_y
   55   2   1   0       0.82032214  p_z
   55   2   1   1       0.82517754  p_x
   55   3   2  -2       0.03980352  d_xy
   55   3   2  -1       0.03986842  d_yz
   55   3   2   0       0.02236410  d_z2
   55   3   2   1       0.04738170  d_xz
   55   3   2   2       0.02237469  d_x2-y2
   56   1   0   0       1.36735925  s
   56   2   1  -1       0.82486609  p_y
   56   2   1   0       0.82753881  p_z
   56   2   1   1       0.82736008  p_x
   56   3   2  -2       0.04137125  d_xy
   56   3   2  -1       0.03659458  d_yz
   56   3   2   0       0.01871876  d_z2
   56   3   2   1       0.03704094  d_xz
   56   3   2   2       0.01924267  d_x2-y2
   57   1   0   0       1.31891433  s
   57   2   1  -1       0.82575728  p_y
   57   2   1   0       0.82815397  p_z
   57   2   1   1       0.82393175  p_x
   57   3   2  -2       0.04523450  d_xy
   57   3   2  -1       0.03901567  d_yz
   57   3   2   0       0.02257440  d_z2
   57   3   2   1       0.04402580  d_xz
   57   3   2   2       0.02415886  d_x2-y2
   58   1   0   0       1.36697806  s
   58   2   1  -1       0.82871524  p_y
   58   2   1   0       0.82969762  p_z
   58   2   1   1       0.82792489  p_x
   58   3   2  -2       0.03803160  d_xy
   58   3   2  -1       0.03615656  d_yz
   58   3   2   0       0.01758615  d_z2
   58   3   2   1       0.03591472  d_xz
   58   3   2   2       0.01727294  d_x2-y2
   59   1   0   0       1.34907919  s
   59   2   1  -1       0.82587571  p_y
   59   2   1   0       0.82522824  p_z
   59   2   1   1       0.81895990  p_x
   59   3   2  -2       0.03939539  d_xy
   59   3   2  -1       0.04361633  d_yz
   59   3   2   0       0.02210061  d_z2
   59   3   2   1       0.04171492  d_xz
   59   3   2   2       0.02079722  d_x2-y2
   60   1   0   0       1.37138122  s
   60   2   1  -1       0.82398624  p_y
   60   2   1   0       0.83240998  p_z
   60   2   1   1       0.82765994  p_x
   60   3   2  -2       0.03691887  d_xy
   60   3   2  -1       0.03838934  d_yz
   60   3   2   0       0.01711832  d_z2
   60   3   2   1       0.03618363  d_xz
   60   3   2   2       0.01791299  d_x2-y2
   61   1   0   0       1.33331221  s
   61   2   1  -1       0.83095633  p_y
   61   2   1   0       0.82707117  p_z
   61   2   1   1       0.82542335  p_x
   61   3   2  -2       0.04374874  d_xy
   61   3   2  -1       0.04178028  d_yz
   61   3   2   0       0.02155489  d_z2
   61   3   2   1       0.03863851  d_xz
   61   3   2   2       0.02131954  d_x2-y2
   62   1   0   0       1.35092321  s
   62   2   1  -1       0.82964980  p_y
   62   2   1   0       0.82996366  p_z
   62   2   1   1       0.83260951  p_x
   62   3   2  -2       0.03471680  d_xy
   62   3   2  -1       0.04133222  d_yz
   62   3   2   0       0.01844223  d_z2
   62   3   2   1       0.04019666  d_xz
   62   3   2   2       0.02035079  d_x2-y2
   63   1   0   0       1.33428022  s
   63   2   1  -1       0.82612862  p_y
   63   2   1   0       0.83346598  p_z
   63   2   1   1       0.82943196  p_x
   63   3   2  -2       0.04462244  d_xy
   63   3   2  -1       0.04217608  d_yz
   63   3   2   0       0.01986807  d_z2
   63   3   2   1       0.03395374  d_xz
   63   3   2   2       0.02243894  d_x2-y2
   64   1   0   0       1.33884410  s
   64   2   1  -1       0.82570002  p_y
   64   2   1   0       0.83143409  p_z
   64   2   1   1       0.83189293  p_x
   64   3   2  -2       0.03987323  d_xy
   64   3   2  -1       0.04410130  d_yz
   64   3   2   0       0.02119056  d_z2
   64   3   2   1       0.04042706  d_xz
   64   3   2   2       0.02176977  d_x2-y2

Fermi level:                        -0.1328301405 H           -3.6145 eV
Band energy:                       -88.2114031677 H        -2400.3544 eV
TS:                                  0.0000000000 H            0.0000 eV
Band free energy (E-TS):           -88.2114031677 H        -2400.3544 eV
Extrapolated E(0K):                -88.2114031677 H        -2400.3544 eV
Input / Output electrons (q):    256.0000000000    256.0000000000

Energy H0:                         -88.1950429436 H        -2399.9092 eV
Energy SCC:                          0.0005236740 H            0.0142 eV
Total Electronic energy:           -88.1945192695 H        -2399.8950 eV
Repulsive energy:                    0.0000000000 H            0.0000 eV
Total energy:                      -88.1945192695 H        -2399.8950 eV
Extrapolated to 0:                 -88.1945192695 H        -2399.8950 eV
Total Mermin free energy:          -88.1945192695 H        -2399.8950 eV
Force related energy:              -88.1945192695 H        -2399.8950 eV

Non-constrained calculation

SCC converged

Warning: dipole moment is not defined absolutely!
Dipole moment:    0.37084894   -0.14529129   -0.49954359 au
Dipole moment:    0.94260406   -0.36929364   -1.26971326 Debye


