 Fermi distribution function

Calculation with static geometry


********************************************************************************
 iSCC Total electronic   Diff electronic      SCC error    
    9   -0.88160404E+02   -0.79545259E-09    0.78641119E-05
********************************************************************************

 Total charge:    -0.00000000

 Atomic gross charges (e)
 Atom           Charge
    1       0.01027852
    2       0.00333824
    3       0.01956504
    4       0.00798311
    5      -0.00338730
    6       0.00603745
    7      -0.00720445
    8       0.01806626
    9      -0.00984142
   10       0.01650116
   11      -0.02996327
   12       0.01659360
   13       0.00588477
   14       0.00606765
   15       0.02151431
   16       0.00061396
   17       0.00015968
   18      -0.00858716
   19       0.00126133
   20      -0.00034504
   21      -0.00898822
   22       0.01038060
   23      -0.02284606
   24      -0.00659674
   25       0.00446646
   26      -0.02832667
   27       0.00280264
   28      -0.00439300
   29      -0.00894760
   30      -0.01750901
   31      -0.00045877
   32       0.01367855
   33       0.01141801
   34       0.01064336
   35       0.01688685
   36      -0.01161019
   37       0.00580375
   38       0.00185068
   39      -0.01032631
   40       0.01141826
   41      -0.01982770
   42      -0.00065625
   43       0.00009551
   44       0.01158886
   45      -0.00194263
   46       0.00937336
   47       0.00471825
   48       0.02833978
   49      -0.02220278
   50      -0.00408927
   51       0.00267375
   52       0.00773069
   53       0.01335981
   54      -0.00917055
   55      -0.01042282
   56      -0.01405257
   57      -0.01079546
   58      -0.01211677
   59       0.00144721
   60      -0.00826709
   61       0.00975879
   62      -0.01572046
   63      -0.01074835
   64       0.00704365

Nr. of electrons (up):    256.00000000
Atom populations (up)
 Atom       Population
    1       3.98972148
    2       3.99666176
    3       3.98043496
    4       3.99201689
    5       4.00338730
    6       3.99396255
    7       4.00720445
    8       3.98193374
    9       4.00984142
   10       3.98349884
   11       4.02996327
   12       3.98340640
   13       3.99411523
   14       3.99393235
   15       3.97848569
   16       3.99938604
   17       3.99984032
   18       4.00858716
   19       3.99873867
   20       4.00034504
   21       4.00898822
   22       3.98961940
   23       4.02284606
   24       4.00659674
   25       3.99553354
   26       4.02832667
   27       3.99719736
   28       4.00439300
   29       4.00894760
   30       4.01750901
   31       4.00045877
   32       3.98632145
   33       3.98858199
   34       3.98935664
   35       3.98311315
   36       4.01161019
   37       3.99419625
   38       3.99814932
   39       4.01032631
   40       3.98858174
   41       4.01982770
   42       4.00065625
   43       3.99990449
   44       3.98841114
   45       4.00194263
   46       3.99062664
   47       3.99528175
   48       3.97166022
   49       4.02220278
   50       4.00408927
   51       3.99732625
   52       3.99226931
   53       3.98664019
   54       4.00917055
   55       4.01042282
   56       4.01405257
   57       4.01079546
   58       4.01211677
   59       3.99855279
   60       4.00826709
   61       3.99024121
   62       4.01572046
   63       4.01074835
   64       3.99295635

l-shell populations (up)
 Atom Sh.   l       Population
    1   1   0       1.33656845
    1   2   1       2.48597915
    1   3   2       0.16717387
    2   1   0       1.37081260
    2   2   1       2.47953368
    2   3   2       0.14631548
    3   1   0       1.31885902
    3   2   1       2.47940305
    3   3   2       0.18217289
    4   1   0       1.35000374
    4   2   1       2.48272034
    4   3   2       0.15929281
    5   1   0       1.36482214
    5   2   1       2.48731587
    5   3   2       0.15124930
    6   1   0       1.35941670
    6   2   1       2.47335962
    6   3   2       0.16118623
    7   1   0       1.38409499
    7   2   1       2.47201161
    7   3   2       0.15109785
    8   1   0       1.33644984
    8   2   1       2.47620276
    8   3   2       0.16928114
    9   1   0       1.37618013
    9   2   1       2.48165368
    9   3   2       0.15200761
   10   1   0       1.34813451
   10   2   1       2.46530301
   10   3   2       0.17006133
   11   1   0       1.40438473
   11   2   1       2.49370829
   11   3   2       0.13187026
   12   1   0       1.33613359
   12   2   1       2.47810019
   12   3   2       0.16917262
   13   1   0       1.35539618
   13   2   1       2.48511688
   13   3   2       0.15360217
   14   1   0       1.35052857
   14   2   1       2.48310544
   14   3   2       0.16029834
   15   1   0       1.31627187
   15   2   1       2.48671555
   15   3   2       0.17549827
   16   1   0       1.36449293
   16   2   1       2.48959298
   16   3   2       0.14530012
   17   1   0       1.36412387
   17   2   1       2.47891281
   17   3   2       0.15680364
   18   1   0       1.36573071
   18   2   1       2.49125620
   18   3   2       0.15160025
   19   1   0       1.35925382
   19   2   1       2.48325606
   19   3   2       0.15622879
   20   1   0       1.35894242
   20   2   1       2.47827798
   20   3   2       0.16312464
   21   1   0       1.36329397
   21   2   1       2.49295673
   21   3   2       0.15273752
   22   1   0       1.34592291
   22   2   1       2.47807591
   22   3   2       0.16562059
   23   1   0       1.39519626
   23   2   1       2.48531052
   23   3   2       0.14233928
   24   1   0       1.36465113
   24   2   1       2.48833142
   24   3   2       0.15361418
   25   1   0       1.34674829
   25   2   1       2.48497563
   25   3   2       0.16380962
   26   1   0       1.39504049
   26   2   1       2.48557663
   26   3   2       0.14770954
   27   1   0       1.35136787
   27   2   1       2.48581362
   27   3   2       0.16001586
   28   1   0       1.35837174
   28   2   1       2.49616916
   28   3   2       0.14985210
   29   1   0       1.36648409
   29   2   1       2.48375424
   29   3   2       0.15870928
   30   1   0       1.39092882
   30   2   1       2.48074594
   30   3   2       0.14583425
   31   1   0       1.34379929
   31   2   1       2.50333551
   31   3   2       0.15332396
   32   1   0       1.34370628
   32   2   1       2.48894138
   32   3   2       0.15367378
   33   1   0       1.34605923
   33   2   1       2.48512742
   33   3   2       0.15739535
   34   1   0       1.33652743
   34   2   1       2.48661011
   34   3   2       0.16621910
   35   1   0       1.33661933
   35   2   1       2.48997559
   35   3   2       0.15651823
   36   1   0       1.39224798
   36   2   1       2.48191593
   36   3   2       0.13744628
   37   1   0       1.34307300
   37   2   1       2.49488001
   37   3   2       0.15624324
   38   1   0       1.36047858
   38   2   1       2.47990928
   38   3   2       0.15776147
   39   1   0       1.37102350
   39   2   1       2.49298934
   39   3   2       0.14631347
   40   1   0       1.35474966
   40   2   1       2.47082993
   40   3   2       0.16300215
   41   1   0       1.39173040
   41   2   1       2.48901565
   41   3   2       0.13908165
   42   1   0       1.36541357
   42   2   1       2.47993963
   42   3   2       0.15530305
   43   1   0       1.37012095
   43   2   1       2.47028190
   43   3   2       0.15950165
   44   1   0       1.34725597
   44   2   1       2.47824782
   44   3   2       0.16290735
   45   1   0       1.35561279
   45   2   1       2.48214485
   45   3   2       0.16418498
   46   1   0       1.35818789
   46   2   1       2.47816842
   46   3   2       0.15427032
   47   1   0       1.35813912
   47   2   1       2.48152990
   47   3   2       0.15561273
   48   1   0       1.31884732
   48   2   1       2.48537216
   48   3   2       0.16744073
   49   1   0       1.39195631
   49   2   1       2.49304687
   49   3   2       0.13719960
   50   1   0       1.36695265
   50   2   1       2.47359879
   50   3   2       0.16353782
   51   1   0       1.34036710
   51   2   1       2.49610105
   51   3   2       0.16085810
   52   1   0       1.34055406
   52   2   1       2.48278389
   52   3   2       0.16893135
   53   1   0       1.33335276
   53   2   1       2.47789209
   53   3   2       0.17539534
   54   1   0       1.37139491
   54   2   1       2.48666770
   54   3   2       0.15110794
   55   1   0       1.38110112
   55   2   1       2.47662588
   55   3   2       0.15269581
   56   1   0       1.37999537
   56   2   1       2.48709778
   56   3   2       0.14695942
   57   1   0       1.36314214
   57   2   1       2.49208097
   57   3   2       0.15557235
   58   1   0       1.38606446
   58   2   1       2.48311729
   58   3   2       0.14293503
   59   1   0       1.35322202
   59   2   1       2.47130587
   59   3   2       0.17402489
   60   1   0       1.36618693
   60   2   1       2.49481016
   60   3   2       0.14726999
   61   1   0       1.34183123
   61   2   1       2.48422662
   61   3   2       0.16418336
   62   1   0       1.37898850
   62   2   1       2.48193608
   62   3   2       0.15479588
   63   1   0       1.36693889
   63   2   1       2.50007500
   63   3   2       0.14373445
   64   1   0       1.31849496
   64   2   1       2.49629863
   64   3   2       0.17816276

Orbital populations (up)
 Atom Sh.   l   m       Population  Label
    1   1   0   0       1.33656845  s
    1   2   1  -1       0.83046006  p_y
    1   2   1   0       0.82769781  p_z
    1   2   1   1       0.82782128  p_x
    1   3   2  -2       0.04175484  d_xy
    1   3   2  -1       0.04192319  d_yz
    1   3   2   0       0.02167986  d_z2
    1   3   2   1       0.04029696  d_xz
    1   3   2   2       0.02151901  d_x2-y2
    2   1   0   0       1.37081260  s
    2   2   1  -1       0.82894039  p_y
    2   2   1   0       0.82426777  p_z
    2   2   1   1       0.82632552  p_x
    2   3   2  -2       0.03633636  d_xy
    2   3   2  -1       0.03739688  d_yz
    2   3   2   0       0.01865338  d_z2
    2   3   2   1       0.03713726  d_xz
    2   3   2   2       0.01679160  d_x2-y2
    3   1   0   0       1.31885902  s
    3   2   1  -1       0.82329949  p_y
    3   2   1   0       0.82831659  p_z
    3   2   1   1       0.82778697  p_x
    3   3   2  -2       0.04222254  d_xy
    3   3   2  -1       0.04570199  d_yz
    3   3   2   0       0.02472638  d_z2
    3   3   2   1       0.04479722  d_xz
    3   3   2   2       0.02472476  d_x2-y2
    4   1   0   0       1.35000374  s
    4   2   1  -1       0.83323550  p_y
    4   2   1   0       0.81706534  p_z
    4   2   1   1       0.83241950  p_x
    4   3   2  -2       0.03598151  d_xy
    4   3   2  -1       0.04192444  d_yz
    4   3   2   0       0.02103966  d_z2
    4   3   2   1       0.04157198  d_xz
    4   3   2   2       0.01877523  d_x2-y2
    5   1   0   0       1.36482214  s
    5   2   1  -1       0.83167858  p_y
    5   2   1   0       0.82557585  p_z
    5   2   1   1       0.83006144  p_x
    5   3   2  -2       0.03711725  d_xy
    5   3   2  -1       0.03479930  d_yz
    5   3   2   0       0.01861069  d_z2
    5   3   2   1       0.04263138  d_xz
    5   3   2   2       0.01809068  d_x2-y2
    6   1   0   0       1.35941670  s
    6   2   1  -1       0.82222533  p_y
    6   2   1   0       0.82631166  p_z
    6   2   1   1       0.82482263  p_x
    6   3   2  -2       0.04260915  d_xy
    6   3   2  -1       0.03926245  d_yz
    6   3   2   0       0.02016432  d_z2
    6   3   2   1       0.03899540  d_xz
    6   3   2   2       0.02015492  d_x2-y2
    7   1   0   0       1.38409499  s
    7   2   1  -1       0.82368609  p_y
    7   2   1   0       0.82057699  p_z
    7   2   1   1       0.82774852  p_x
    7   3   2  -2       0.03447819  d_xy
    7   3   2  -1       0.04082068  d_yz
    7   3   2   0       0.01728596  d_z2
    7   3   2   1       0.03984561  d_xz
    7   3   2   2       0.01866742  d_x2-y2
    8   1   0   0       1.33644984  s
    8   2   1  -1       0.82543880  p_y
    8   2   1   0       0.82448906  p_z
    8   2   1   1       0.82627489  p_x
    8   3   2  -2       0.04200294  d_xy
    8   3   2  -1       0.04024890  d_yz
    8   3   2   0       0.02284468  d_z2
    8   3   2   1       0.04284600  d_xz
    8   3   2   2       0.02133863  d_x2-y2
    9   1   0   0       1.37618013  s
    9   2   1  -1       0.82734622  p_y
    9   2   1   0       0.83022914  p_z
    9   2   1   1       0.82407832  p_x
    9   3   2  -2       0.04021716  d_xy
    9   3   2  -1       0.03616600  d_yz
    9   3   2   0       0.01802398  d_z2
    9   3   2   1       0.03927423  d_xz
    9   3   2   2       0.01832624  d_x2-y2
   10   1   0   0       1.34813451  s
   10   2   1  -1       0.82594278  p_y
   10   2   1   0       0.81716167  p_z
   10   2   1   1       0.82219855  p_x
   10   3   2  -2       0.03898902  d_xy
   10   3   2  -1       0.04252989  d_yz
   10   3   2   0       0.02146679  d_z2
   10   3   2   1       0.04486367  d_xz
   10   3   2   2       0.02221196  d_x2-y2
   11   1   0   0       1.40438473  s
   11   2   1  -1       0.82889147  p_y
   11   2   1   0       0.83380392  p_z
   11   2   1   1       0.83101289  p_x
   11   3   2  -2       0.03486474  d_xy
   11   3   2  -1       0.03459514  d_yz
   11   3   2   0       0.01379343  d_z2
   11   3   2   1       0.03263672  d_xz
   11   3   2   2       0.01598023  d_x2-y2
   12   1   0   0       1.33613359  s
   12   2   1  -1       0.82990363  p_y
   12   2   1   0       0.82219240  p_z
   12   2   1   1       0.82600416  p_x
   12   3   2  -2       0.04141226  d_xy
   12   3   2  -1       0.03982652  d_yz
   12   3   2   0       0.02198505  d_z2
   12   3   2   1       0.04435986  d_xz
   12   3   2   2       0.02158893  d_x2-y2
   13   1   0   0       1.35539618  s
   13   2   1  -1       0.83027278  p_y
   13   2   1   0       0.82622906  p_z
   13   2   1   1       0.82861505  p_x
   13   3   2  -2       0.03794016  d_xy
   13   3   2  -1       0.04093615  d_yz
   13   3   2   0       0.01922006  d_z2
   13   3   2   1       0.03741950  d_xz
   13   3   2   2       0.01808630  d_x2-y2
   14   1   0   0       1.35052857  s
   14   2   1  -1       0.83104666  p_y
   14   2   1   0       0.82411532  p_z
   14   2   1   1       0.82794346  p_x
   14   3   2  -2       0.03952032  d_xy
   14   3   2  -1       0.04036509  d_yz
   14   3   2   0       0.02229972  d_z2
   14   3   2   1       0.03977275  d_xz
   14   3   2   2       0.01834046  d_x2-y2
   15   1   0   0       1.31627187  s
   15   2   1  -1       0.82811702  p_y
   15   2   1   0       0.82901695  p_z
   15   2   1   1       0.82958158  p_x
   15   3   2  -2       0.04302656  d_xy
   15   3   2  -1       0.04405875  d_yz
   15   3   2   0       0.02310305  d_z2
   15   3   2   1       0.04160553  d_xz
   15   3   2   2       0.02370438  d_x2-y2
   16   1   0   0       1.36449293  s
   16   2   1  -1       0.83010904  p_y
   16   2   1   0       0.83285728  p_z
   16   2   1   1       0.82662667  p_x
   16   3   2  -2       0.03489460  d_xy
   16   3   2  -1       0.03897176  d_yz
   16   3   2   0       0.01682023  d_z2
   16   3   2   1       0.03666251  d_xz
   16   3   2   2       0.01795103  d_x2-y2
   17   1   0   0       1.36412387  s
   17   2   1  -1       0.82618297  p_y
   17   2   1   0       0.82260084  p_z
   17   2   1   1       0.83012900  p_x
   17   3   2  -2       0.03575129  d_xy
   17   3   2  -1       0.04269785  d_yz
   17   3   2   0       0.01925501  d_z2
   17   3   2   1       0.03975501  d_xz
   17   3   2   2       0.01934447  d_x2-y2
   18   1   0   0       1.36573071  s
   18   2   1  -1       0.82840002  p_y
   18   2   1   0       0.83340532  p_z
   18   2   1   1       0.82945086  p_x
   18   3   2  -2       0.04711133  d_xy
   18   3   2  -1       0.03321725  d_yz
   18   3   2   0       0.01913922  d_z2
   18   3   2   1       0.03447767  d_xz
   18   3   2   2       0.01765478  d_x2-y2
   19   1   0   0       1.35925382  s
   19   2   1  -1       0.82895466  p_y
   19   2   1   0       0.83261508  p_z
   19   2   1   1       0.82168632  p_x
   19   3   2  -2       0.03905522  d_xy
   19   3   2  -1       0.03597896  d_yz
   19   3   2   0       0.01875816  d_z2
   19   3   2   1       0.04238147  d_xz
   19   3   2   2       0.02005498  d_x2-y2
   20   1   0   0       1.35894242  s
   20   2   1  -1       0.82669280  p_y
   20   2   1   0       0.82476056  p_z
   20   2   1   1       0.82682462  p_x
   20   3   2  -2       0.03974529  d_xy
   20   3   2  -1       0.04209966  d_yz
   20   3   2   0       0.02087957  d_z2
   20   3   2   1       0.04005482  d_xz
   20   3   2   2       0.02034531  d_x2-y2
   21   1   0   0       1.36329397  s
   21   2   1  -1       0.83122214  p_y
   21   2   1   0       0.83696028  p_z
   21   2   1   1       0.82477432  p_x
   21   3   2  -2       0.04470295  d_xy
   21   3   2  -1       0.03640295  d_yz
   21   3   2   0       0.01929833  d_z2
   21   3   2   1       0.03407063  d_xz
   21   3   2   2       0.01826267  d_x2-y2
   22   1   0   0       1.34592291  s
   22   2   1  -1       0.82714541  p_y
   22   2   1   0       0.82419850  p_z
   22   2   1   1       0.82673199  p_x
   22   3   2  -2       0.04113718  d_xy
   22   3   2  -1       0.04335367  d_yz
   22   3   2   0       0.02148118  d_z2
   22   3   2   1       0.03871903  d_xz
   22   3   2   2       0.02092953  d_x2-y2
   23   1   0   0       1.39519626  s
   23   2   1  -1       0.82777335  p_y
   23   2   1   0       0.82983906  p_z
   23   2   1   1       0.82769811  p_x
   23   3   2  -2       0.03638768  d_xy
   23   3   2  -1       0.03494956  d_yz
   23   3   2   0       0.01679245  d_z2
   23   3   2   1       0.03807422  d_xz
   23   3   2   2       0.01613537  d_x2-y2
   24   1   0   0       1.36465113  s
   24   2   1  -1       0.82913965  p_y
   24   2   1   0       0.82935836  p_z
   24   2   1   1       0.82983341  p_x
   24   3   2  -2       0.03736541  d_xy
   24   3   2  -1       0.03534599  d_yz
   24   3   2   0       0.01845488  d_z2
   24   3   2   1       0.04363825  d_xz
   24   3   2   2       0.01880965  d_x2-y2
   25   1   0   0       1.34674829  s
   25   2   1  -1       0.83011924  p_y
   25   2   1   0       0.82937711  p_z
   25   2   1   1       0.82547928  p_x
   25   3   2  -2       0.04146022  d_xy
   25   3   2  -1       0.03962586  d_yz
   25   3   2   0       0.02012034  d_z2
   25   3   2   1       0.03992389  d_xz
   25   3   2   2       0.02267932  d_x2-y2
   26   1   0   0       1.39504049  s
   26   2   1  -1       0.82867836  p_y
   26   2   1   0       0.82911043  p_z
   26   2   1   1       0.82778785  p_x
   26   3   2  -2       0.03631261  d_xy
   26   3   2  -1       0.03751663  d_yz
   26   3   2   0       0.01701624  d_z2
   26   3   2   1       0.03909091  d_xz
   26   3   2   2       0.01777316  d_x2-y2
   27   1   0   0       1.35136787  s
   27   2   1  -1       0.82763943  p_y
   27   2   1   0       0.82903704  p_z
   27   2   1   1       0.82913716  p_x
   27   3   2  -2       0.04160401  d_xy
   27   3   2  -1       0.04163961  d_yz
   27   3   2   0       0.02003541  d_z2
   27   3   2   1       0.03703772  d_xz
   27   3   2   2       0.01969912  d_x2-y2
   28   1   0   0       1.35837174  s
   28   2   1  -1       0.82964936  p_y
   28   2   1   0       0.83586527  p_z
   28   2   1   1       0.83065452  p_x
   28   3   2  -2       0.03778288  d_xy
   28   3   2  -1       0.03812352  d_yz
   28   3   2   0       0.01807665  d_z2
   28   3   2   1       0.03791241  d_xz
   28   3   2   2       0.01795665  d_x2-y2
   29   1   0   0       1.36648409  s
   29   2   1  -1       0.82475978  p_y
   29   2   1   0       0.83004679  p_z
   29   2   1   1       0.82894767  p_x
   29   3   2  -2       0.04006732  d_xy
   29   3   2  -1       0.04067193  d_yz
   29   3   2   0       0.01994636  d_z2
   29   3   2   1       0.03888752  d_xz
   29   3   2   2       0.01913614  d_x2-y2
   30   1   0   0       1.39092882  s
   30   2   1  -1       0.82761857  p_y
   30   2   1   0       0.82710118  p_z
   30   2   1   1       0.82602620  p_x
   30   3   2  -2       0.03610580  d_xy
   30   3   2  -1       0.03762775  d_yz
   30   3   2   0       0.01784428  d_z2
   30   3   2   1       0.03721505  d_xz
   30   3   2   2       0.01704137  d_x2-y2
   31   1   0   0       1.34379929  s
   31   2   1  -1       0.82913166  p_y
   31   2   1   0       0.83954818  p_z
   31   2   1   1       0.83465568  p_x
   31   3   2  -2       0.04107383  d_xy
   31   3   2  -1       0.03897974  d_yz
   31   3   2   0       0.01803421  d_z2
   31   3   2   1       0.03567864  d_xz
   31   3   2   2       0.01955754  d_x2-y2
   32   1   0   0       1.34370628  s
   32   2   1  -1       0.82449768  p_y
   32   2   1   0       0.83430264  p_z
   32   2   1   1       0.83014106  p_x
   32   3   2  -2       0.03918531  d_xy
   32   3   2  -1       0.03919165  d_yz
   32   3   2   0       0.01829483  d_z2
   32   3   2   1       0.03672656  d_xz
   32   3   2   2       0.02027543  d_x2-y2
   33   1   0   0       1.34605923  s
   33   2   1  -1       0.82606806  p_y
   33   2   1   0       0.82966109  p_z
   33   2   1   1       0.82939826  p_x
   33   3   2  -2       0.03774632  d_xy
   33   3   2  -1       0.04298845  d_yz
   33   3   2   0       0.01878392  d_z2
   33   3   2   1       0.03734820  d_xz
   33   3   2   2       0.02052846  d_x2-y2
   34   1   0   0       1.33652743  s
   34   2   1  -1       0.82788676  p_y
   34   2   1   0       0.82587196  p_z
   34   2   1   1       0.83285140  p_x
   34   3   2  -2       0.03765297  d_xy
   34   3   2  -1       0.04446203  d_yz
   34   3   2   0       0.02132140  d_z2
   34   3   2   1       0.04115337  d_xz
   34   3   2   2       0.02162932  d_x2-y2
   35   1   0   0       1.33661933  s
   35   2   1  -1       0.82038824  p_y
   35   2   1   0       0.83660729  p_z
   35   2   1   1       0.83298006  p_x
   35   3   2  -2       0.04061493  d_xy
   35   3   2  -1       0.04016181  d_yz
   35   3   2   0       0.01793034  d_z2
   35   3   2   1       0.03615261  d_xz
   35   3   2   2       0.02165854  d_x2-y2
   36   1   0   0       1.39224798  s
   36   2   1  -1       0.82708481  p_y
   36   2   1   0       0.82808679  p_z
   36   2   1   1       0.82674433  p_x
   36   3   2  -2       0.03461711  d_xy
   36   3   2  -1       0.03460284  d_yz
   36   3   2   0       0.01703627  d_z2
   36   3   2   1       0.03606631  d_xz
   36   3   2   2       0.01512376  d_x2-y2
   37   1   0   0       1.34307300  s
   37   2   1  -1       0.83217666  p_y
   37   2   1   0       0.83226312  p_z
   37   2   1   1       0.83044024  p_x
   37   3   2  -2       0.03921400  d_xy
   37   3   2  -1       0.03815213  d_yz
   37   3   2   0       0.01910637  d_z2
   37   3   2   1       0.03978847  d_xz
   37   3   2   2       0.01998226  d_x2-y2
   38   1   0   0       1.36047858  s
   38   2   1  -1       0.82758061  p_y
   38   2   1   0       0.83090595  p_z
   38   2   1   1       0.82142272  p_x
   38   3   2  -2       0.04479469  d_xy
   38   3   2  -1       0.03556105  d_yz
   38   3   2   0       0.01878808  d_z2
   38   3   2   1       0.03830599  d_xz
   38   3   2   2       0.02031166  d_x2-y2
   39   1   0   0       1.37102350  s
   39   2   1  -1       0.83299277  p_y
   39   2   1   0       0.82940061  p_z
   39   2   1   1       0.83059595  p_x
   39   3   2  -2       0.03510697  d_xy
   39   3   2  -1       0.03892673  d_yz
   39   3   2   0       0.01815725  d_z2
   39   3   2   1       0.03771960  d_xz
   39   3   2   2       0.01640292  d_x2-y2
   40   1   0   0       1.35474966  s
   40   2   1  -1       0.82091095  p_y
   40   2   1   0       0.82395388  p_z
   40   2   1   1       0.82596510  p_x
   40   3   2  -2       0.03975936  d_xy
   40   3   2  -1       0.04242457  d_yz
   40   3   2   0       0.02044524  d_z2
   40   3   2   1       0.03907706  d_xz
   40   3   2   2       0.02129592  d_x2-y2
   41   1   0   0       1.39173040  s
   41   2   1  -1       0.82941339  p_y
   41   2   1   0       0.83177172  p_z
   41   2   1   1       0.82783054  p_x
   41   3   2  -2       0.03899958  d_xy
   41   3   2  -1       0.03343964  d_yz
   41   3   2   0       0.01508188  d_z2
   41   3   2   1       0.03498187  d_xz
   41   3   2   2       0.01657869  d_x2-y2
   42   1   0   0       1.36541357  s
   42   2   1  -1       0.82483147  p_y
   42   2   1   0       0.82915841  p_z
   42   2   1   1       0.82594975  p_x
   42   3   2  -2       0.04069546  d_xy
   42   3   2  -1       0.03802130  d_yz
   42   3   2   0       0.01985922  d_z2
   42   3   2   1       0.03793186  d_xz
   42   3   2   2       0.01879522  d_x2-y2
   43   1   0   0       1.37012095  s
   43   2   1  -1       0.81960658  p_y
   43   2   1   0       0.82390009  p_z
   43   2   1   1       0.82677523  p_x
   43   3   2  -2       0.03995902  d_xy
   43   3   2  -1       0.04074570  d_yz
   43   3   2   0       0.01913473  d_z2
   43   3   2   1       0.03969260  d_xz
   43   3   2   2       0.01996960  d_x2-y2
   44   1   0   0       1.34725597  s
   44   2   1  -1       0.82438227  p_y
   44   2   1   0       0.83062669  p_z
   44   2   1   1       0.82323886  p_x
   44   3   2  -2       0.04528865  d_xy
   44   3   2  -1       0.03846152  d_yz
   44   3   2   0       0.02083846  d_z2
   44   3   2   1       0.03778639  d_xz
   44   3   2   2       0.02053231  d_x2-y2
   45   1   0   0       1.35561279  s
   45   2   1  -1       0.82842179  p_y
   45   2   1   0       0.82583016  p_z
   45   2   1   1       0.82789290  p_x
   45   3   2  -2       0.04139929  d_xy
   45   3   2  -1       0.04078054  d_yz
   45   3   2   0       0.02120402  d_z2
   45   3   2   1       0.04079879  d_xz
   45   3   2   2       0.02000234  d_x2-y2
   46   1   0   0       1.35818789  s
   46   2   1  -1       0.82683442  p_y
   46   2   1   0       0.82880866  p_z
   46   2   1   1       0.82252535  p_x
   46   3   2  -2       0.03976329  d_xy
   46   3   2  -1       0.03673403  d_yz
   46   3   2   0       0.01880739  d_z2
   46   3   2   1       0.03964238  d_xz
   46   3   2   2       0.01932323  d_x2-y2
   47   1   0   0       1.35813912  s
   47   2   1  -1       0.82540144  p_y
   47   2   1   0       0.82549003  p_z
   47   2   1   1       0.83063843  p_x
   47   3   2  -2       0.03929549  d_xy
   47   3   2  -1       0.03808785  d_yz
   47   3   2   0       0.01886405  d_z2
   47   3   2   1       0.03951652  d_xz
   47   3   2   2       0.01984882  d_x2-y2
   48   1   0   0       1.31884732  s
   48   2   1  -1       0.82459664  p_y
   48   2   1   0       0.83311790  p_z
   48   2   1   1       0.82765762  p_x
   48   3   2  -2       0.04223606  d_xy
   48   3   2  -1       0.04215840  d_yz
   48   3   2   0       0.02090288  d_z2
   48   3   2   1       0.03940300  d_xz
   48   3   2   2       0.02274039  d_x2-y2
   49   1   0   0       1.39195631  s
   49   2   1  -1       0.83283684  p_y
   49   2   1   0       0.82842411  p_z
   49   2   1   1       0.83178591  p_x
   49   3   2  -2       0.03209113  d_xy
   49   3   2  -1       0.03861003  d_yz
   49   3   2   0       0.01624479  d_z2
   49   3   2   1       0.03512501  d_xz
   49   3   2   2       0.01512864  d_x2-y2
   50   1   0   0       1.36695265  s
   50   2   1  -1       0.81990481  p_y
   50   2   1   0       0.82920696  p_z
   50   2   1   1       0.82448703  p_x
   50   3   2  -2       0.04353279  d_xy
   50   3   2  -1       0.04151213  d_yz
   50   3   2   0       0.02065800  d_z2
   50   3   2   1       0.03728686  d_xz
   50   3   2   2       0.02054803  d_x2-y2
   51   1   0   0       1.34036710  s
   51   2   1  -1       0.83491642  p_y
   51   2   1   0       0.82805765  p_z
   51   2   1   1       0.83312699  p_x
   51   3   2  -2       0.03850815  d_xy
   51   3   2  -1       0.04022215  d_yz
   51   3   2   0       0.02010788  d_z2
   51   3   2   1       0.04142287  d_xz
   51   3   2   2       0.02059705  d_x2-y2
   52   1   0   0       1.34055406  s
   52   2   1  -1       0.82590076  p_y
   52   2   1   0       0.83118977  p_z
   52   2   1   1       0.82569336  p_x
   52   3   2  -2       0.04306801  d_xy
   52   3   2  -1       0.03887712  d_yz
   52   3   2   0       0.02297248  d_z2
   52   3   2   1       0.04282506  d_xz
   52   3   2   2       0.02118868  d_x2-y2
   53   1   0   0       1.33335276  s
   53   2   1  -1       0.82812195  p_y
   53   2   1   0       0.82658813  p_z
   53   2   1   1       0.82318201  p_x
   53   3   2  -2       0.04096895  d_xy
   53   3   2  -1       0.04061929  d_yz
   53   3   2   0       0.02183873  d_z2
   53   3   2   1       0.04791821  d_xz
   53   3   2   2       0.02405016  d_x2-y2
   54   1   0   0       1.37139491  s
   54   2   1  -1       0.82689019  p_y
   54   2   1   0       0.83074470  p_z
   54   2   1   1       0.82903281  p_x
   54   3   2  -2       0.04071913  d_xy
   54   3   2  -1       0.03829573  d_yz
   54   3   2   0       0.01766911  d_z2
   54   3   2   1       0.03515326  d_xz
   54   3   2   2       0.01927071  d_x2-y2
   55   1   0   0       1.38110112  s
   55   2   1  -1       0.82819201  p_y
   55   2   1   0       0.82303193  p_z
   55   2   1   1       0.82540194  p_x
   55   3   2  -2       0.03572946  d_xy
   55   3   2  -1       0.03861998  d_yz
   55   3   2   0       0.01822957  d_z2
   55   3   2   1       0.04186681  d_xz
   55   3   2   2       0.01824999  d_x2-y2
   56   1   0   0       1.37999537  s
   56   2   1  -1       0.83074167  p_y
   56   2   1   0       0.82766047  p_z
   56   2   1   1       0.82869563  p_x
   56   3   2  -2       0.03673457  d_xy
   56   3   2  -1       0.03450699  d_yz
   56   3   2   0       0.01883515  d_z2
   56   3   2   1       0.04065751  d_xz
   56   3   2   2       0.01622520  d_x2-y2
   57   1   0   0       1.36314214  s
   57   2   1  -1       0.83322290  p_y
   57   2   1   0       0.82733703  p_z
   57   2   1   1       0.83152104  p_x
   57   3   2  -2       0.03947515  d_xy
   57   3   2  -1       0.03651777  d_yz
   57   3   2   0       0.02027450  d_z2
   57   3   2   1       0.04118264  d_xz
   57   3   2   2       0.01812229  d_x2-y2
   58   1   0   0       1.38606446  s
   58   2   1  -1       0.82598352  p_y
   58   2   1   0       0.82881716  p_z
   58   2   1   1       0.82831661  p_x
   58   3   2  -2       0.03718397  d_xy
   58   3   2  -1       0.03604767  d_yz
   58   3   2   0       0.01770849  d_z2
   58   3   2   1       0.03602858  d_xz
   58   3   2   2       0.01596632  d_x2-y2
   59   1   0   0       1.35322202  s
   59   2   1  -1       0.82481571  p_y
   59   2   1   0       0.81977514  p_z
   59   2   1   1       0.82671502  p_x
   59   3   2  -2       0.04043350  d_xy
   59   3   2  -1       0.04564083  d_yz
   59   3   2   0       0.02265944  d_z2
   59   3   2   1       0.04345663  d_xz
   59   3   2   2       0.02183449  d_x2-y2
   60   1   0   0       1.36618693  s
   60   2   1  -1       0.83100988  p_y
   60   2   1   0       0.83358698  p_z
   60   2   1   1       0.83021330  p_x
   60   3   2  -2       0.03759850  d_xy
   60   3   2  -1       0.03754688  d_yz
   60   3   2   0       0.01804428  d_z2
   60   3   2   1       0.03642203  d_xz
   60   3   2   2       0.01765830  d_x2-y2
   61   1   0   0       1.34183123  s
   61   2   1  -1       0.82615623  p_y
   61   2   1   0       0.82683343  p_z
   61   2   1   1       0.83123696  p_x
   61   3   2  -2       0.04118874  d_xy
   61   3   2  -1       0.04404508  d_yz
   61   3   2   0       0.02159882  d_z2
   61   3   2   1       0.03679054  d_xz
   61   3   2   2       0.02056018  d_x2-y2
   62   1   0   0       1.37898850  s
   62   2   1  -1       0.83105386  p_y
   62   2   1   0       0.82526860  p_z
   62   2   1   1       0.82561362  p_x
   62   3   2  -2       0.03706864  d_xy
   62   3   2  -1       0.03788624  d_yz
   62   3   2   0       0.01892883  d_z2
   62   3   2   1       0.04269485  d_xz
   62   3   2   2       0.01821732  d_x2-y2
   63   1   0   0       1.36693889  s
   63   2   1  -1       0.83313884  p_y
   63   2   1   0       0.83452530  p_z
   63   2   1   1       0.83241086  p_x
   63   3   2  -2       0.03941660  d_xy
   63   3   2  -1       0.03608204  d_yz
   63   3   2   0       0.01740022  d_z2
   63   3   2   1       0.03428374  d_xz
   63   3   2   2       0.01655184  d_x2-y2
   64   1   0   0       1.31849496  s
   64   2   1  -1       0.83464030  p_y
   64   2   1   0       0.82573364  p_z
   64   2   1   1       0.83592469  p_x
   64   3   2  -2       0.04067614  d_xy
   64   3   2  -1       0.04605613  d_yz
   64   3   2   0       0.02521416  d_z2
   64   3   2   1       0.04364012  d_xz
   64   3   2   2       0.02257621  d_x2-y2

Fermi level:                        -0.1331320070 H           -3.6227 eV
Band energy:                       -88.1871553520 H        -2399.6946 eV
TS:                                  0.0000000000 H            0.0000 eV
Band free energy (E-TS):           -88.1871553520 H        -2399.6946 eV
Extrapolated E(0K):                -88.1871553520 H        -2399.6946 eV
Input / Output electrons (q):    256.0000000000    256.0000000000

Energy H0:                         -88.1611035988 H        -2398.9857 eV
Energy SCC:                          0.0006998557 H            0.0190 eV
Total Electronic energy:           -88.1604037431 H        -2398.9666 eV
Repulsive energy:                    0.0000000000 H            0.0000 eV
Total energy:                      -88.1604037431 H        -2398.9666 eV
Extrapolated to 0:                 -88.1604037431 H        -2398.9666 eV
Total Mermin free energy:          -88.1604037431 H        -2398.9666 eV
Force related energy:              -88.1604037431 H        -2398.9666 eV

Non-constrained calculation

SCC converged

Warning: dipole moment is not defined absolutely!
Dipole moment:    0.31091838   -0.23431887   -0.74426841 au
Dipole moment:    0.79027576   -0.59557922   -1.89174176 Debye


