 Fermi distribution function

Calculation with static geometry


********************************************************************************
 iSCC Total electronic   Diff electronic      SCC error    
    9   -0.88197994E+02   -0.76167339E-09    0.68157232E-05
********************************************************************************

 Total charge:    -0.00000000

 Atomic gross charges (e)
 Atom           Charge
    1       0.00923114
    2      -0.00406308
    3       0.01385271
    4      -0.00852084
    5       0.00825105
    6       0.00611816
    7      -0.00721707
    8       0.01953631
    9       0.01887229
   10       0.00719696
   11      -0.00500283
   12       0.00823691
   13      -0.00011226
   14       0.00871896
   15       0.01207589
   16      -0.00799580
   17       0.00031161
   18      -0.01708117
   19       0.00660453
   20      -0.00977130
   21       0.00610340
   22      -0.02154489
   23      -0.00251778
   24      -0.01724004
   25      -0.01154531
   26       0.01575707
   27      -0.01893193
   28       0.00874612
   29      -0.00594192
   30       0.01652730
   31      -0.00419143
   32       0.00156140
   33       0.00724768
   34       0.01245341
   35      -0.00262977
   36      -0.01691340
   37       0.00533368
   38      -0.00255900
   39       0.01312593
   40       0.00626748
   41       0.01264808
   42       0.00870705
   43      -0.00555557
   44       0.01455053
   45       0.02313380
   46      -0.02738923
   47       0.00367198
   48      -0.00685578
   49      -0.02245605
   50      -0.00461686
   51      -0.01109239
   52      -0.00343750
   53      -0.00722932
   54      -0.01316147
   55      -0.00700573
   56      -0.01161617
   57       0.01121582
   58       0.00163989
   59       0.00416801
   60      -0.00787148
   61      -0.01718120
   62       0.01906604
   63      -0.01300176
   64       0.01131917

Nr. of electrons (up):    256.00000000
Atom populations (up)
 Atom       Population
    1       3.99076886
    2       4.00406308
    3       3.98614729
    4       4.00852084
    5       3.99174895
    6       3.99388184
    7       4.00721707
    8       3.98046369
    9       3.98112771
   10       3.99280304
   11       4.00500283
   12       3.99176309
   13       4.00011226
   14       3.99128104
   15       3.98792411
   16       4.00799580
   17       3.99968839
   18       4.01708117
   19       3.99339547
   20       4.00977130
   21       3.99389660
   22       4.02154489
   23       4.00251778
   24       4.01724004
   25       4.01154531
   26       3.98424293
   27       4.01893193
   28       3.99125388
   29       4.00594192
   30       3.98347270
   31       4.00419143
   32       3.99843860
   33       3.99275232
   34       3.98754659
   35       4.00262977
   36       4.01691340
   37       3.99466632
   38       4.00255900
   39       3.98687407
   40       3.99373252
   41       3.98735192
   42       3.99129295
   43       4.00555557
   44       3.98544947
   45       3.97686620
   46       4.02738923
   47       3.99632802
   48       4.00685578
   49       4.02245605
   50       4.00461686
   51       4.01109239
   52       4.00343750
   53       4.00722932
   54       4.01316147
   55       4.00700573
   56       4.01161617
   57       3.98878418
   58       3.99836011
   59       3.99583199
   60       4.00787148
   61       4.01718120
   62       3.98093396
   63       4.01300176
   64       3.98868083

l-shell populations (up)
 Atom Sh.   l       Population
    1   1   0       1.34471953
    1   2   1       2.48341524
    1   3   2       0.16263409
    2   1   0       1.36531738
    2   2   1       2.49075240
    2   3   2       0.14799331
    3   1   0       1.34536702
    3   2   1       2.47175677
    3   3   2       0.16902350
    4   1   0       1.36917978
    4   2   1       2.48847123
    4   3   2       0.15086983
    5   1   0       1.34339449
    5   2   1       2.48903029
    5   3   2       0.15932416
    6   1   0       1.35862945
    6   2   1       2.48154305
    6   3   2       0.15370934
    7   1   0       1.37226299
    7   2   1       2.48896374
    7   3   2       0.14599034
    8   1   0       1.33108712
    8   2   1       2.47564001
    8   3   2       0.17373656
    9   1   0       1.33404353
    9   2   1       2.48813391
    9   3   2       0.15895026
   10   1   0       1.34619384
   10   2   1       2.47610685
   10   3   2       0.17050235
   11   1   0       1.37843985
   11   2   1       2.48258997
   11   3   2       0.14397301
   12   1   0       1.34462122
   12   2   1       2.48032178
   12   3   2       0.16682009
   13   1   0       1.36667021
   13   2   1       2.47981784
   13   3   2       0.15362422
   14   1   0       1.36184553
   14   2   1       2.47912914
   14   3   2       0.15030637
   15   1   0       1.33084726
   15   2   1       2.47950122
   15   3   2       0.17757562
   16   1   0       1.38427965
   16   2   1       2.48591674
   16   3   2       0.13779941
   17   1   0       1.35870377
   17   2   1       2.47852472
   17   3   2       0.16245990
   18   1   0       1.38677776
   18   2   1       2.48603323
   18   3   2       0.14427018
   19   1   0       1.33714042
   19   2   1       2.48655298
   19   3   2       0.16970206
   20   1   0       1.37049867
   20   2   1       2.48322025
   20   3   2       0.15605237
   21   1   0       1.34585747
   21   2   1       2.48487149
   21   3   2       0.16316765
   22   1   0       1.37773830
   22   2   1       2.49454861
   22   3   2       0.14925797
   23   1   0       1.36710778
   23   2   1       2.48939292
   23   3   2       0.14601709
   24   1   0       1.38160866
   24   2   1       2.48075168
   24   3   2       0.15487970
   25   1   0       1.36842265
   25   2   1       2.49155802
   25   3   2       0.15156463
   26   1   0       1.33499927
   26   2   1       2.48234047
   26   3   2       0.16690319
   27   1   0       1.38084718
   27   2   1       2.49368374
   27   3   2       0.14440101
   28   1   0       1.33735497
   28   2   1       2.49452513
   28   3   2       0.15937379
   29   1   0       1.36455676
   29   2   1       2.49264484
   29   3   2       0.14874032
   30   1   0       1.32874823
   30   2   1       2.48732279
   30   3   2       0.16740168
   31   1   0       1.36375930
   31   2   1       2.48635968
   31   3   2       0.15407246
   32   1   0       1.35400715
   32   2   1       2.48767655
   32   3   2       0.15675490
   33   1   0       1.34800285
   33   2   1       2.47759983
   33   3   2       0.16714964
   34   1   0       1.33722776
   34   2   1       2.48364631
   34   3   2       0.16667252
   35   1   0       1.36355336
   35   2   1       2.49022764
   35   3   2       0.14884877
   36   1   0       1.38677757
   36   2   1       2.48986509
   36   3   2       0.14027074
   37   1   0       1.35570859
   37   2   1       2.48869231
   37   3   2       0.15026542
   38   1   0       1.34581240
   38   2   1       2.49561093
   38   3   2       0.16113567
   39   1   0       1.34127220
   39   2   1       2.47800715
   39   3   2       0.16759473
   40   1   0       1.34246953
   40   2   1       2.49140007
   40   3   2       0.15986292
   41   1   0       1.33915994
   41   2   1       2.49237366
   41   3   2       0.15581832
   42   1   0       1.35040186
   42   2   1       2.48416617
   42   3   2       0.15672492
   43   1   0       1.37167547
   43   2   1       2.48079140
   43   3   2       0.15308871
   44   1   0       1.34878714
   44   2   1       2.47269156
   44   3   2       0.16397078
   45   1   0       1.32146074
   45   2   1       2.47423895
   45   3   2       0.18116652
   46   1   0       1.40073639
   46   2   1       2.48896515
   46   3   2       0.13768769
   47   1   0       1.35834865
   47   2   1       2.48467508
   47   3   2       0.15330430
   48   1   0       1.36505472
   48   2   1       2.48774453
   48   3   2       0.15405652
   49   1   0       1.39144716
   49   2   1       2.49012839
   49   3   2       0.14088050
   50   1   0       1.35775230
   50   2   1       2.48837780
   50   3   2       0.15848676
   51   1   0       1.37393663
   51   2   1       2.49004053
   51   3   2       0.14711523
   52   1   0       1.36214483
   52   2   1       2.48709742
   52   3   2       0.15419524
   53   1   0       1.35601753
   53   2   1       2.49488737
   53   3   2       0.15632441
   54   1   0       1.37960694
   54   2   1       2.48257961
   54   3   2       0.15097493
   55   1   0       1.36050536
   55   2   1       2.48861702
   55   3   2       0.15788334
   56   1   0       1.37514432
   56   2   1       2.48829799
   56   3   2       0.14817387
   57   1   0       1.33636543
   57   2   1       2.48787277
   57   3   2       0.16454597
   58   1   0       1.35899756
   58   2   1       2.48490966
   58   3   2       0.15445289
   59   1   0       1.33994611
   59   2   1       2.48568021
   59   3   2       0.17020568
   60   1   0       1.37450517
   60   2   1       2.48355027
   60   3   2       0.14981604
   61   1   0       1.37642934
   61   2   1       2.48976890
   61   3   2       0.15098296
   62   1   0       1.31969510
   62   2   1       2.48678961
   62   3   2       0.17444926
   63   1   0       1.37046953
   63   2   1       2.49830761
   63   3   2       0.14422463
   64   1   0       1.33502989
   64   2   1       2.48182123
   64   3   2       0.17182970

Orbital populations (up)
 Atom Sh.   l   m       Population  Label
    1   1   0   0       1.34471953  s
    1   2   1  -1       0.82444063  p_y
    1   2   1   0       0.82956817  p_z
    1   2   1   1       0.82940644  p_x
    1   3   2  -2       0.04240787  d_xy
    1   3   2  -1       0.03870609  d_yz
    1   3   2   0       0.02053612  d_z2
    1   3   2   1       0.04060387  d_xz
    1   3   2   2       0.02038014  d_x2-y2
    2   1   0   0       1.36531738  s
    2   2   1  -1       0.82954076  p_y
    2   2   1   0       0.83250188  p_z
    2   2   1   1       0.82870976  p_x
    2   3   2  -2       0.03905912  d_xy
    2   3   2  -1       0.03770075  d_yz
    2   3   2   0       0.01732101  d_z2
    2   3   2   1       0.03569372  d_xz
    2   3   2   2       0.01821871  d_x2-y2
    3   1   0   0       1.34536702  s
    3   2   1  -1       0.82387215  p_y
    3   2   1   0       0.82382699  p_z
    3   2   1   1       0.82405762  p_x
    3   3   2  -2       0.04231837  d_xy
    3   3   2  -1       0.04296495  d_yz
    3   3   2   0       0.02114703  d_z2
    3   3   2   1       0.04040560  d_xz
    3   3   2   2       0.02218754  d_x2-y2
    4   1   0   0       1.36917978  s
    4   2   1  -1       0.82922385  p_y
    4   2   1   0       0.82788550  p_z
    4   2   1   1       0.83136188  p_x
    4   3   2  -2       0.03733486  d_xy
    4   3   2  -1       0.03846666  d_yz
    4   3   2   0       0.01865136  d_z2
    4   3   2   1       0.03904516  d_xz
    4   3   2   2       0.01737179  d_x2-y2
    5   1   0   0       1.34339449  s
    5   2   1  -1       0.82789875  p_y
    5   2   1   0       0.83012699  p_z
    5   2   1   1       0.83100455  p_x
    5   3   2  -2       0.04299603  d_xy
    5   3   2  -1       0.04134773  d_yz
    5   3   2   0       0.02179516  d_z2
    5   3   2   1       0.03471489  d_xz
    5   3   2   2       0.01847036  d_x2-y2
    6   1   0   0       1.35862945  s
    6   2   1  -1       0.82798960  p_y
    6   2   1   0       0.82809715  p_z
    6   2   1   1       0.82545630  p_x
    6   3   2  -2       0.03693520  d_xy
    6   3   2  -1       0.03823361  d_yz
    6   3   2   0       0.01836569  d_z2
    6   3   2   1       0.04062912  d_xz
    6   3   2   2       0.01954573  d_x2-y2
    7   1   0   0       1.37226299  s
    7   2   1  -1       0.82994416  p_y
    7   2   1   0       0.82906766  p_z
    7   2   1   1       0.82995192  p_x
    7   3   2  -2       0.03950581  d_xy
    7   3   2  -1       0.03556890  d_yz
    7   3   2   0       0.01872209  d_z2
    7   3   2   1       0.03579041  d_xz
    7   3   2   2       0.01640313  d_x2-y2
    8   1   0   0       1.33108712  s
    8   2   1  -1       0.82807390  p_y
    8   2   1   0       0.82552985  p_z
    8   2   1   1       0.82203626  p_x
    8   3   2  -2       0.03910893  d_xy
    8   3   2  -1       0.04323887  d_yz
    8   3   2   0       0.02092870  d_z2
    8   3   2   1       0.04589351  d_xz
    8   3   2   2       0.02456656  d_x2-y2
    9   1   0   0       1.33404353  s
    9   2   1  -1       0.82952608  p_y
    9   2   1   0       0.82922269  p_z
    9   2   1   1       0.82938514  p_x
    9   3   2  -2       0.03819761  d_xy
    9   3   2  -1       0.03911103  d_yz
    9   3   2   0       0.02060885  d_z2
    9   3   2   1       0.04075529  d_xz
    9   3   2   2       0.02027749  d_x2-y2
   10   1   0   0       1.34619384  s
   10   2   1  -1       0.82854711  p_y
   10   2   1   0       0.82532149  p_z
   10   2   1   1       0.82223825  p_x
   10   3   2  -2       0.04087464  d_xy
   10   3   2  -1       0.04095971  d_yz
   10   3   2   0       0.02289229  d_z2
   10   3   2   1       0.04384680  d_xz
   10   3   2   2       0.02192891  d_x2-y2
   11   1   0   0       1.37843985  s
   11   2   1  -1       0.82518539  p_y
   11   2   1   0       0.83020898  p_z
   11   2   1   1       0.82719560  p_x
   11   3   2  -2       0.03807206  d_xy
   11   3   2  -1       0.03688085  d_yz
   11   3   2   0       0.01696741  d_z2
   11   3   2   1       0.03485250  d_xz
   11   3   2   2       0.01720020  d_x2-y2
   12   1   0   0       1.34462122  s
   12   2   1  -1       0.83014619  p_y
   12   2   1   0       0.82317043  p_z
   12   2   1   1       0.82700516  p_x
   12   3   2  -2       0.04101666  d_xy
   12   3   2  -1       0.03901567  d_yz
   12   3   2   0       0.02248008  d_z2
   12   3   2   1       0.04380701  d_xz
   12   3   2   2       0.02050067  d_x2-y2
   13   1   0   0       1.36667021  s
   13   2   1  -1       0.82580858  p_y
   13   2   1   0       0.82320454  p_z
   13   2   1   1       0.83080471  p_x
   13   3   2  -2       0.03454968  d_xy
   13   3   2  -1       0.03982757  d_yz
   13   3   2   0       0.01904418  d_z2
   13   3   2   1       0.04205372  d_xz
   13   3   2   2       0.01814907  d_x2-y2
   14   1   0   0       1.36184553  s
   14   2   1  -1       0.82555061  p_y
   14   2   1   0       0.82653627  p_z
   14   2   1   1       0.82704226  p_x
   14   3   2  -2       0.04035154  d_xy
   14   3   2  -1       0.03823777  d_yz
   14   3   2   0       0.01823782  d_z2
   14   3   2   1       0.03491555  d_xz
   14   3   2   2       0.01856370  d_x2-y2
   15   1   0   0       1.33084726  s
   15   2   1  -1       0.82826196  p_y
   15   2   1   0       0.82466682  p_z
   15   2   1   1       0.82657243  p_x
   15   3   2  -2       0.04155748  d_xy
   15   3   2  -1       0.04382937  d_yz
   15   3   2   0       0.02292562  d_z2
   15   3   2   1       0.04583363  d_xz
   15   3   2   2       0.02342952  d_x2-y2
   16   1   0   0       1.38427965  s
   16   2   1  -1       0.82430082  p_y
   16   2   1   0       0.82889674  p_z
   16   2   1   1       0.83271918  p_x
   16   3   2  -2       0.03666245  d_xy
   16   3   2  -1       0.03687438  d_yz
   16   3   2   0       0.01601407  d_z2
   16   3   2   1       0.03214742  d_xz
   16   3   2   2       0.01610110  d_x2-y2
   17   1   0   0       1.35870377  s
   17   2   1  -1       0.82821555  p_y
   17   2   1   0       0.82369935  p_z
   17   2   1   1       0.82660982  p_x
   17   3   2  -2       0.04112287  d_xy
   17   3   2  -1       0.03912019  d_yz
   17   3   2   0       0.02141032  d_z2
   17   3   2   1       0.04189858  d_xz
   17   3   2   2       0.01890794  d_x2-y2
   18   1   0   0       1.38677776  s
   18   2   1  -1       0.82719378  p_y
   18   2   1   0       0.82875391  p_z
   18   2   1   1       0.83008554  p_x
   18   3   2  -2       0.03681158  d_xy
   18   3   2  -1       0.03560849  d_yz
   18   3   2   0       0.01702308  d_z2
   18   3   2   1       0.03785234  d_xz
   18   3   2   2       0.01697468  d_x2-y2
   19   1   0   0       1.33714042  s
   19   2   1  -1       0.82655335  p_y
   19   2   1   0       0.83152211  p_z
   19   2   1   1       0.82847752  p_x
   19   3   2  -2       0.04233493  d_xy
   19   3   2  -1       0.04083439  d_yz
   19   3   2   0       0.02095678  d_z2
   19   3   2   1       0.04291596  d_xz
   19   3   2   2       0.02266001  d_x2-y2
   20   1   0   0       1.37049867  s
   20   2   1  -1       0.82802877  p_y
   20   2   1   0       0.82524665  p_z
   20   2   1   1       0.82994483  p_x
   20   3   2  -2       0.03884666  d_xy
   20   3   2  -1       0.03913747  d_yz
   20   3   2   0       0.01945980  d_z2
   20   3   2   1       0.03976748  d_xz
   20   3   2   2       0.01884097  d_x2-y2
   21   1   0   0       1.34585747  s
   21   2   1  -1       0.82779417  p_y
   21   2   1   0       0.83127234  p_z
   21   2   1   1       0.82580498  p_x
   21   3   2  -2       0.03969398  d_xy
   21   3   2  -1       0.04157765  d_yz
   21   3   2   0       0.01908013  d_z2
   21   3   2   1       0.03991552  d_xz
   21   3   2   2       0.02290037  d_x2-y2
   22   1   0   0       1.37773830  s
   22   2   1  -1       0.83102309  p_y
   22   2   1   0       0.83163966  p_z
   22   2   1   1       0.83188585  p_x
   22   3   2  -2       0.03993299  d_xy
   22   3   2  -1       0.03618230  d_yz
   22   3   2   0       0.01850992  d_z2
   22   3   2   1       0.03752000  d_xz
   22   3   2   2       0.01711276  d_x2-y2
   23   1   0   0       1.36710778  s
   23   2   1  -1       0.83036762  p_y
   23   2   1   0       0.83161299  p_z
   23   2   1   1       0.82741231  p_x
   23   3   2  -2       0.03846315  d_xy
   23   3   2  -1       0.03520856  d_yz
   23   3   2   0       0.01735015  d_z2
   23   3   2   1       0.03700863  d_xz
   23   3   2   2       0.01798661  d_x2-y2
   24   1   0   0       1.38160866  s
   24   2   1  -1       0.82624676  p_y
   24   2   1   0       0.82493223  p_z
   24   2   1   1       0.82957269  p_x
   24   3   2  -2       0.03795046  d_xy
   24   3   2  -1       0.04151976  d_yz
   24   3   2   0       0.01797705  d_z2
   24   3   2   1       0.03776453  d_xz
   24   3   2   2       0.01966791  d_x2-y2
   25   1   0   0       1.36842265  s
   25   2   1  -1       0.82995800  p_y
   25   2   1   0       0.82950615  p_z
   25   2   1   1       0.83209387  p_x
   25   3   2  -2       0.03982257  d_xy
   25   3   2  -1       0.03853395  d_yz
   25   3   2   0       0.01980380  d_z2
   25   3   2   1       0.03643617  d_xz
   25   3   2   2       0.01696815  d_x2-y2
   26   1   0   0       1.33499927  s
   26   2   1  -1       0.82584260  p_y
   26   2   1   0       0.83106596  p_z
   26   2   1   1       0.82543190  p_x
   26   3   2  -2       0.04112969  d_xy
   26   3   2  -1       0.04402718  d_yz
   26   3   2   0       0.02033651  d_z2
   26   3   2   1       0.03867755  d_xz
   26   3   2   2       0.02273226  d_x2-y2
   27   1   0   0       1.38084718  s
   27   2   1  -1       0.83284414  p_y
   27   2   1   0       0.83086594  p_z
   27   2   1   1       0.82997367  p_x
   27   3   2  -2       0.03537477  d_xy
   27   3   2  -1       0.03725062  d_yz
   27   3   2   0       0.01717909  d_z2
   27   3   2   1       0.03766715  d_xz
   27   3   2   2       0.01692938  d_x2-y2
   28   1   0   0       1.33735497  s
   28   2   1  -1       0.83203842  p_y
   28   2   1   0       0.83632978  p_z
   28   2   1   1       0.82615692  p_x
   28   3   2  -2       0.04129514  d_xy
   28   3   2  -1       0.03638482  d_yz
   28   3   2   0       0.01860454  d_z2
   28   3   2   1       0.04135762  d_xz
   28   3   2   2       0.02173167  d_x2-y2
   29   1   0   0       1.36455676  s
   29   2   1  -1       0.83293847  p_y
   29   2   1   0       0.82946547  p_z
   29   2   1   1       0.83024090  p_x
   29   3   2  -2       0.03717419  d_xy
   29   3   2  -1       0.03786736  d_yz
   29   3   2   0       0.01832266  d_z2
   29   3   2   1       0.03743694  d_xz
   29   3   2   2       0.01793917  d_x2-y2
   30   1   0   0       1.32874823  s
   30   2   1  -1       0.83280820  p_y
   30   2   1   0       0.82463737  p_z
   30   2   1   1       0.82987723  p_x
   30   3   2  -2       0.03754754  d_xy
   30   3   2  -1       0.04138651  d_yz
   30   3   2   0       0.02237176  d_z2
   30   3   2   1       0.04441786  d_xz
   30   3   2   2       0.02167801  d_x2-y2
   31   1   0   0       1.36375930  s
   31   2   1  -1       0.82616674  p_y
   31   2   1   0       0.82845777  p_z
   31   2   1   1       0.83173517  p_x
   31   3   2  -2       0.03929066  d_xy
   31   3   2  -1       0.03860713  d_yz
   31   3   2   0       0.01831248  d_z2
   31   3   2   1       0.03794614  d_xz
   31   3   2   2       0.01991606  d_x2-y2
   32   1   0   0       1.35400715  s
   32   2   1  -1       0.83334543  p_y
   32   2   1   0       0.82929383  p_z
   32   2   1   1       0.82503729  p_x
   32   3   2  -2       0.03855545  d_xy
   32   3   2  -1       0.03920192  d_yz
   32   3   2   0       0.01948475  d_z2
   32   3   2   1       0.04045974  d_xz
   32   3   2   2       0.01905304  d_x2-y2
   33   1   0   0       1.34800285  s
   33   2   1  -1       0.82842122  p_y
   33   2   1   0       0.82391915  p_z
   33   2   1   1       0.82525947  p_x
   33   3   2  -2       0.04018071  d_xy
   33   3   2  -1       0.03958925  d_yz
   33   3   2   0       0.02215289  d_z2
   33   3   2   1       0.04532631  d_xz
   33   3   2   2       0.01990049  d_x2-y2
   34   1   0   0       1.33722776  s
   34   2   1  -1       0.82280614  p_y
   34   2   1   0       0.82903732  p_z
   34   2   1   1       0.83180285  p_x
   34   3   2  -2       0.04539666  d_xy
   34   3   2  -1       0.04085143  d_yz
   34   3   2   0       0.02128461  d_z2
   34   3   2   1       0.03785550  d_xz
   34   3   2   2       0.02128432  d_x2-y2
   35   1   0   0       1.36355336  s
   35   2   1  -1       0.83219378  p_y
   35   2   1   0       0.82892642  p_z
   35   2   1   1       0.82910744  p_x
   35   3   2  -2       0.03863586  d_xy
   35   3   2  -1       0.03779351  d_yz
   35   3   2   0       0.01841734  d_z2
   35   3   2   1       0.03650067  d_xz
   35   3   2   2       0.01750139  d_x2-y2
   36   1   0   0       1.38677757  s
   36   2   1  -1       0.82775142  p_y
   36   2   1   0       0.83109523  p_z
   36   2   1   1       0.83101844  p_x
   36   3   2  -2       0.03715757  d_xy
   36   3   2  -1       0.03699733  d_yz
   36   3   2   0       0.01576222  d_z2
   36   3   2   1       0.03365473  d_xz
   36   3   2   2       0.01669889  d_x2-y2
   37   1   0   0       1.35570859  s
   37   2   1  -1       0.83152938  p_y
   37   2   1   0       0.82956813  p_z
   37   2   1   1       0.82759480  p_x
   37   3   2  -2       0.03685973  d_xy
   37   3   2  -1       0.03886296  d_yz
   37   3   2   0       0.01867841  d_z2
   37   3   2   1       0.03791745  d_xz
   37   3   2   2       0.01794687  d_x2-y2
   38   1   0   0       1.34581240  s
   38   2   1  -1       0.83273426  p_y
   38   2   1   0       0.83061336  p_z
   38   2   1   1       0.83226332  p_x
   38   3   2  -2       0.04092931  d_xy
   38   3   2  -1       0.04073960  d_yz
   38   3   2   0       0.02070051  d_z2
   38   3   2   1       0.03900379  d_xz
   38   3   2   2       0.01976246  d_x2-y2
   39   1   0   0       1.34127220  s
   39   2   1  -1       0.82518192  p_y
   39   2   1   0       0.82809209  p_z
   39   2   1   1       0.82473314  p_x
   39   3   2  -2       0.04343834  d_xy
   39   3   2  -1       0.04095233  d_yz
   39   3   2   0       0.02200667  d_z2
   39   3   2   1       0.04026254  d_xz
   39   3   2   2       0.02093485  d_x2-y2
   40   1   0   0       1.34246953  s
   40   2   1  -1       0.82786198  p_y
   40   2   1   0       0.83309659  p_z
   40   2   1   1       0.83044150  p_x
   40   3   2  -2       0.03984988  d_xy
   40   3   2  -1       0.04188567  d_yz
   40   3   2   0       0.01878482  d_z2
   40   3   2   1       0.03742942  d_xz
   40   3   2   2       0.02191313  d_x2-y2
   41   1   0   0       1.33915994  s
   41   2   1  -1       0.82750155  p_y
   41   2   1   0       0.83395921  p_z
   41   2   1   1       0.83091291  p_x
   41   3   2  -2       0.04192108  d_xy
   41   3   2  -1       0.03830298  d_yz
   41   3   2   0       0.02010282  d_z2
   41   3   2   1       0.03626051  d_xz
   41   3   2   2       0.01923092  d_x2-y2
   42   1   0   0       1.35040186  s
   42   2   1  -1       0.82932799  p_y
   42   2   1   0       0.82948103  p_z
   42   2   1   1       0.82535715  p_x
   42   3   2  -2       0.03744140  d_xy
   42   3   2  -1       0.03691146  d_yz
   42   3   2   0       0.01880984  d_z2
   42   3   2   1       0.04315111  d_xz
   42   3   2   2       0.02041112  d_x2-y2
   43   1   0   0       1.37167547  s
   43   2   1  -1       0.82553850  p_y
   43   2   1   0       0.82967815  p_z
   43   2   1   1       0.82557474  p_x
   43   3   2  -2       0.03965230  d_xy
   43   3   2  -1       0.03694602  d_yz
   43   3   2   0       0.01976038  d_z2
   43   3   2   1       0.03897794  d_xz
   43   3   2   2       0.01775208  d_x2-y2
   44   1   0   0       1.34878714  s
   44   2   1  -1       0.82507892  p_y
   44   2   1   0       0.82187309  p_z
   44   2   1   1       0.82573954  p_x
   44   3   2  -2       0.03670590  d_xy
   44   3   2  -1       0.04219056  d_yz
   44   3   2   0       0.02213295  d_z2
   44   3   2   1       0.04314796  d_xz
   44   3   2   2       0.01979341  d_x2-y2
   45   1   0   0       1.32146074  s
   45   2   1  -1       0.82742037  p_y
   45   2   1   0       0.82454226  p_z
   45   2   1   1       0.82227632  p_x
   45   3   2  -2       0.04133183  d_xy
   45   3   2  -1       0.04507734  d_yz
   45   3   2   0       0.02443815  d_z2
   45   3   2   1       0.04625844  d_xz
   45   3   2   2       0.02406077  d_x2-y2
   46   1   0   0       1.40073639  s
   46   2   1  -1       0.83131375  p_y
   46   2   1   0       0.82939852  p_z
   46   2   1   1       0.82825288  p_x
   46   3   2  -2       0.03509476  d_xy
   46   3   2  -1       0.03504615  d_yz
   46   3   2   0       0.01527599  d_z2
   46   3   2   1       0.03589009  d_xz
   46   3   2   2       0.01638070  d_x2-y2
   47   1   0   0       1.35834865  s
   47   2   1  -1       0.82900965  p_y
   47   2   1   0       0.82767795  p_z
   47   2   1   1       0.82798747  p_x
   47   3   2  -2       0.03967246  d_xy
   47   3   2  -1       0.03713987  d_yz
   47   3   2   0       0.01916357  d_z2
   47   3   2   1       0.03935637  d_xz
   47   3   2   2       0.01797203  d_x2-y2
   48   1   0   0       1.36505472  s
   48   2   1  -1       0.82562024  p_y
   48   2   1   0       0.83185131  p_z
   48   2   1   1       0.83027299  p_x
   48   3   2  -2       0.04019972  d_xy
   48   3   2  -1       0.03688548  d_yz
   48   3   2   0       0.01879083  d_z2
   48   3   2   1       0.03886225  d_xz
   48   3   2   2       0.01931824  d_x2-y2
   49   1   0   0       1.39144716  s
   49   2   1  -1       0.83096123  p_y
   49   2   1   0       0.82922950  p_z
   49   2   1   1       0.82993766  p_x
   49   3   2  -2       0.03426093  d_xy
   49   3   2  -1       0.03620529  d_yz
   49   3   2   0       0.01708651  d_z2
   49   3   2   1       0.03708413  d_xz
   49   3   2   2       0.01624363  d_x2-y2
   50   1   0   0       1.35775230  s
   50   2   1  -1       0.82833928  p_y
   50   2   1   0       0.83274766  p_z
   50   2   1   1       0.82729085  p_x
   50   3   2  -2       0.04115054  d_xy
   50   3   2  -1       0.03754655  d_yz
   50   3   2   0       0.01892487  d_z2
   50   3   2   1       0.04048724  d_xz
   50   3   2   2       0.02037757  d_x2-y2
   51   1   0   0       1.37393663  s
   51   2   1  -1       0.83199281  p_y
   51   2   1   0       0.82871005  p_z
   51   2   1   1       0.82933766  p_x
   51   3   2  -2       0.03759698  d_xy
   51   3   2  -1       0.03540788  d_yz
   51   3   2   0       0.01743438  d_z2
   51   3   2   1       0.03900479  d_xz
   51   3   2   2       0.01767121  d_x2-y2
   52   1   0   0       1.36214483  s
   52   2   1  -1       0.83002365  p_y
   52   2   1   0       0.82638998  p_z
   52   2   1   1       0.83068380  p_x
   52   3   2  -2       0.03793791  d_xy
   52   3   2  -1       0.04035136  d_yz
   52   3   2   0       0.01965096  d_z2
   52   3   2   1       0.03815917  d_xz
   52   3   2   2       0.01809584  d_x2-y2
   53   1   0   0       1.35601753  s
   53   2   1  -1       0.83208849  p_y
   53   2   1   0       0.83179313  p_z
   53   2   1   1       0.83100576  p_x
   53   3   2  -2       0.04208132  d_xy
   53   3   2  -1       0.03878801  d_yz
   53   3   2   0       0.01990174  d_z2
   53   3   2   1       0.03640065  d_xz
   53   3   2   2       0.01915269  d_x2-y2
   54   1   0   0       1.37960694  s
   54   2   1  -1       0.82575806  p_y
   54   2   1   0       0.82691641  p_z
   54   2   1   1       0.82990514  p_x
   54   3   2  -2       0.03632661  d_xy
   54   3   2  -1       0.04038333  d_yz
   54   3   2   0       0.01684680  d_z2
   54   3   2   1       0.03832189  d_xz
   54   3   2   2       0.01909629  d_x2-y2
   55   1   0   0       1.36050536  s
   55   2   1  -1       0.83064871  p_y
   55   2   1   0       0.83185115  p_z
   55   2   1   1       0.82611716  p_x
   55   3   2  -2       0.04253400  d_xy
   55   3   2  -1       0.03707427  d_yz
   55   3   2   0       0.02002974  d_z2
   55   3   2   1       0.03844543  d_xz
   55   3   2   2       0.01979990  d_x2-y2
   56   1   0   0       1.37514432  s
   56   2   1  -1       0.82932737  p_y
   56   2   1   0       0.82844791  p_z
   56   2   1   1       0.83052271  p_x
   56   3   2  -2       0.03786360  d_xy
   56   3   2  -1       0.03756256  d_yz
   56   3   2   0       0.01690581  d_z2
   56   3   2   1       0.03738211  d_xz
   56   3   2   2       0.01845979  d_x2-y2
   57   1   0   0       1.33636543  s
   57   2   1  -1       0.82720561  p_y
   57   2   1   0       0.82782688  p_z
   57   2   1   1       0.83284028  p_x
   57   3   2  -2       0.03904621  d_xy
   57   3   2  -1       0.04290167  d_yz
   57   3   2   0       0.02069813  d_z2
   57   3   2   1       0.04011762  d_xz
   57   3   2   2       0.02178235  d_x2-y2
   58   1   0   0       1.35899756  s
   58   2   1  -1       0.82699875  p_y
   58   2   1   0       0.82709065  p_z
   58   2   1   1       0.83082026  p_x
   58   3   2  -2       0.03790036  d_xy
   58   3   2  -1       0.04114467  d_yz
   58   3   2   0       0.01902718  d_z2
   58   3   2   1       0.03730493  d_xz
   58   3   2   2       0.01907574  d_x2-y2
   59   1   0   0       1.33994611  s
   59   2   1  -1       0.83078686  p_y
   59   2   1   0       0.82559904  p_z
   59   2   1   1       0.82929430  p_x
   59   3   2  -2       0.04161731  d_xy
   59   3   2  -1       0.04283108  d_yz
   59   3   2   0       0.02312250  d_z2
   59   3   2   1       0.04207019  d_xz
   59   3   2   2       0.02056460  d_x2-y2
   60   1   0   0       1.37450517  s
   60   2   1  -1       0.82691775  p_y
   60   2   1   0       0.83055122  p_z
   60   2   1   1       0.82608130  p_x
   60   3   2  -2       0.03962880  d_xy
   60   3   2  -1       0.03589260  d_yz
   60   3   2   0       0.01851550  d_z2
   60   3   2   1       0.03832450  d_xz
   60   3   2   2       0.01745464  d_x2-y2
   61   1   0   0       1.37642934  s
   61   2   1  -1       0.82803782  p_y
   61   2   1   0       0.82983470  p_z
   61   2   1   1       0.83189638  p_x
   61   3   2  -2       0.03416193  d_xy
   61   3   2  -1       0.03966733  d_yz
   61   3   2   0       0.01708080  d_z2
   61   3   2   1       0.04043515  d_xz
   61   3   2   2       0.01963776  d_x2-y2
   62   1   0   0       1.31969510  s
   62   2   1  -1       0.82937722  p_y
   62   2   1   0       0.82463435  p_z
   62   2   1   1       0.83277804  p_x
   62   3   2  -2       0.03982802  d_xy
   62   3   2  -1       0.04577728  d_yz
   62   3   2   0       0.02336968  d_z2
   62   3   2   1       0.04200465  d_xz
   62   3   2   2       0.02346963  d_x2-y2
   63   1   0   0       1.37046953  s
   63   2   1  -1       0.82792321  p_y
   63   2   1   0       0.83541151  p_z
   63   2   1   1       0.83497290  p_x
   63   3   2  -2       0.03724980  d_xy
   63   3   2  -1       0.03656312  d_yz
   63   3   2   0       0.01720096  d_z2
   63   3   2   1       0.03623630  d_xz
   63   3   2   2       0.01697444  d_x2-y2
   64   1   0   0       1.33502989  s
   64   2   1  -1       0.83027581  p_y
   64   2   1   0       0.82607032  p_z
   64   2   1   1       0.82547511  p_x
   64   3   2  -2       0.04212765  d_xy
   64   3   2  -1       0.04133404  d_yz
   64   3   2   0       0.02232329  d_z2
   64   3   2   1       0.04372414  d_xz
   64   3   2   2       0.02232058  d_x2-y2

Fermi level:                        -0.1326492956 H           -3.6096 eV
Band energy:                       -88.2119688741 H        -2400.3698 eV
TS:                                  0.0000000000 H            0.0000 eV
Band free energy (E-TS):           -88.2119688741 H        -2400.3698 eV
Extrapolated E(0K):                -88.2119688741 H        -2400.3698 eV
Input / Output electrons (q):    256.0000000000    256.0000000000

Energy H0:                         -88.1984905253 H        -2400.0030 eV
Energy SCC:                          0.0004960525 H            0.0135 eV
Total Electronic energy:           -88.1979944728 H        -2399.9895 eV
Repulsive energy:                    0.0000000000 H            0.0000 eV
Total energy:                      -88.1979944728 H        -2399.9895 eV
Extrapolated to 0:                 -88.1979944728 H        -2399.9895 eV
Total Mermin free energy:          -88.1979944728 H        -2399.9895 eV
Force related energy:              -88.1979944728 H        -2399.9895 eV

Non-constrained calculation

SCC converged

Warning: dipole moment is not defined absolutely!
Dipole moment:    0.53463719   -0.80764135   -0.02964085 au
Dipole moment:    1.35891230   -2.05281972   -0.07533954 Debye


