 Fermi distribution function

Calculation with static geometry


********************************************************************************
 iSCC Total electronic   Diff electronic      SCC error    
    9   -0.88172134E+02   -0.13470753E-08    0.66194186E-05
********************************************************************************

 Total charge:    -0.00000000

 Atomic gross charges (e)
 Atom           Charge
    1      -0.02580489
    2       0.01095191
    3      -0.02111782
    4       0.00770948
    5       0.00477610
    6      -0.00371389
    7       0.01458744
    8      -0.02319310
    9      -0.02097842
   10       0.00203702
   11      -0.00778563
   12      -0.01243758
   13      -0.00454247
   14      -0.00215138
   15      -0.02092341
   16       0.01409306
   17       0.02447607
   18       0.01407566
   19       0.01742406
   20       0.00361602
   21      -0.00309302
   22       0.00131134
   23       0.00324886
   24       0.00413744
   25       0.02117957
   26      -0.00032926
   27       0.01670482
   28      -0.00722728
   29      -0.00096766
   30      -0.00819675
   31       0.00778021
   32      -0.01033949
   33      -0.00628440
   34      -0.01961176
   35      -0.01556741
   36       0.01717509
   37      -0.00558811
   38       0.00221242
   39      -0.00655962
   40      -0.01016010
   41      -0.00475168
   42      -0.01435972
   43      -0.00775229
   44      -0.01389835
   45      -0.00700132
   46       0.02385704
   47      -0.00420928
   48      -0.01057539
   49       0.01960850
   50       0.01753297
   51       0.00116022
   52      -0.00083261
   53       0.00415215
   54       0.00688032
   55       0.01481264
   56       0.00165838
   57       0.01203594
   58       0.00370054
   59       0.00866957
   60       0.02527771
   61       0.00724067
   62      -0.02321332
   63       0.02299772
   64      -0.03391350

Nr. of electrons (up):    256.00000000
Atom populations (up)
 Atom       Population
    1       4.02580489
    2       3.98904809
    3       4.02111782
    4       3.99229052
    5       3.99522390
    6       4.00371389
    7       3.98541256
    8       4.02319310
    9       4.02097842
   10       3.99796298
   11       4.00778563
   12       4.01243758
   13       4.00454247
   14       4.00215138
   15       4.02092341
   16       3.98590694
   17       3.97552393
   18       3.98592434
   19       3.98257594
   20       3.99638398
   21       4.00309302
   22       3.99868866
   23       3.99675114
   24       3.99586256
   25       3.97882043
   26       4.00032926
   27       3.98329518
   28       4.00722728
   29       4.00096766
   30       4.00819675
   31       3.99221979
   32       4.01033949
   33       4.00628440
   34       4.01961176
   35       4.01556741
   36       3.98282491
   37       4.00558811
   38       3.99778758
   39       4.00655962
   40       4.01016010
   41       4.00475168
   42       4.01435972
   43       4.00775229
   44       4.01389835
   45       4.00700132
   46       3.97614296
   47       4.00420928
   48       4.01057539
   49       3.98039150
   50       3.98246703
   51       3.99883978
   52       4.00083261
   53       3.99584785
   54       3.99311968
   55       3.98518736
   56       3.99834162
   57       3.98796406
   58       3.99629946
   59       3.99133043
   60       3.97472229
   61       3.99275933
   62       4.02321332
   63       3.97700228
   64       4.03391350

l-shell populations (up)
 Atom Sh.   l       Population
    1   1   0       1.38909969
    1   2   1       2.49848340
    1   3   2       0.13822179
    2   1   0       1.33924955
    2   2   1       2.47697563
    2   3   2       0.17282290
    3   1   0       1.37809255
    3   2   1       2.49839880
    3   3   2       0.14462647
    4   1   0       1.35016828
    4   2   1       2.48007925
    4   3   2       0.16204299
    5   1   0       1.34820661
    5   2   1       2.47952432
    5   3   2       0.16749297
    6   1   0       1.35143913
    6   2   1       2.49289976
    6   3   2       0.15937500
    7   1   0       1.33907013
    7   2   1       2.47806606
    7   3   2       0.16827637
    8   1   0       1.38645980
    8   2   1       2.49039962
    8   3   2       0.14633368
    9   1   0       1.37108321
    9   2   1       2.49458066
    9   3   2       0.15531455
   10   1   0       1.35833699
   10   2   1       2.48501873
   10   3   2       0.15460726
   11   1   0       1.34079730
   11   2   1       2.49339329
   11   3   2       0.17359505
   12   1   0       1.37615400
   12   2   1       2.49002607
   12   3   2       0.14625752
   13   1   0       1.35539564
   13   2   1       2.49358506
   13   3   2       0.15556177
   14   1   0       1.35486439
   14   2   1       2.48584239
   14   3   2       0.16144460
   15   1   0       1.40290412
   15   2   1       2.48175683
   15   3   2       0.13626246
   16   1   0       1.33209397
   16   2   1       2.47801713
   16   3   2       0.17579585
   17   1   0       1.33277225
   17   2   1       2.47926150
   17   3   2       0.16349018
   18   1   0       1.33855648
   18   2   1       2.47803845
   18   3   2       0.16932942
   19   1   0       1.34983589
   19   2   1       2.47065124
   19   3   2       0.16208881
   20   1   0       1.35056002
   20   2   1       2.48887489
   20   3   2       0.15694907
   21   1   0       1.36766750
   21   2   1       2.48594526
   21   3   2       0.14948025
   22   1   0       1.36064556
   22   2   1       2.48968151
   22   3   2       0.14836160
   23   1   0       1.34748836
   23   2   1       2.49225128
   23   3   2       0.15701149
   24   1   0       1.35114065
   24   2   1       2.49761416
   24   3   2       0.14710775
   25   1   0       1.33832615
   25   2   1       2.46892862
   25   3   2       0.17156566
   26   1   0       1.35882162
   26   2   1       2.48796121
   26   3   2       0.15354643
   27   1   0       1.34263741
   27   2   1       2.48396626
   27   3   2       0.15669151
   28   1   0       1.38159540
   28   2   1       2.47672906
   28   3   2       0.14890282
   29   1   0       1.35936517
   29   2   1       2.48838012
   29   3   2       0.15322237
   30   1   0       1.37043678
   30   2   1       2.48609074
   30   3   2       0.15166923
   31   1   0       1.35467735
   31   2   1       2.47151653
   31   3   2       0.16602591
   32   1   0       1.38032080
   32   2   1       2.47340635
   32   3   2       0.15661235
   33   1   0       1.36218110
   33   2   1       2.48833075
   33   3   2       0.15577255
   34   1   0       1.37932314
   34   2   1       2.49237837
   34   3   2       0.14791024
   35   1   0       1.38187215
   35   2   1       2.48568761
   35   3   2       0.14800766
   36   1   0       1.32656776
   36   2   1       2.48225843
   36   3   2       0.17399871
   37   1   0       1.36656343
   37   2   1       2.48105178
   37   3   2       0.15797289
   38   1   0       1.36462547
   38   2   1       2.48244474
   38   3   2       0.15071738
   39   1   0       1.36235808
   39   2   1       2.48544608
   39   3   2       0.15875546
   40   1   0       1.37156556
   40   2   1       2.48477506
   40   3   2       0.15381948
   41   1   0       1.36340806
   41   2   1       2.48538230
   41   3   2       0.15596131
   42   1   0       1.37158117
   42   2   1       2.49045625
   42   3   2       0.15232230
   43   1   0       1.36251330
   43   2   1       2.49926154
   43   3   2       0.14597745
   44   1   0       1.38180293
   44   2   1       2.48764736
   44   3   2       0.14444805
   45   1   0       1.37186825
   45   2   1       2.48991333
   45   3   2       0.14521974
   46   1   0       1.31846707
   46   2   1       2.47836524
   46   3   2       0.17931064
   47   1   0       1.35961235
   47   2   1       2.47969579
   47   3   2       0.16490114
   48   1   0       1.36091947
   48   2   1       2.49015910
   48   3   2       0.15949681
   49   1   0       1.31805643
   49   2   1       2.48110527
   49   3   2       0.18122980
   50   1   0       1.34022182
   50   2   1       2.48382515
   50   3   2       0.15842006
   51   1   0       1.36745907
   51   2   1       2.48209888
   51   3   2       0.14928183
   52   1   0       1.37586770
   52   2   1       2.47651379
   52   3   2       0.14845112
   53   1   0       1.36155452
   53   2   1       2.48473577
   53   3   2       0.14955757
   54   1   0       1.33499952
   54   2   1       2.48849708
   54   3   2       0.16962309
   55   1   0       1.32968722
   55   2   1       2.48691619
   55   3   2       0.16858395
   56   1   0       1.34572187
   56   2   1       2.48883262
   56   3   2       0.16378713
   57   1   0       1.35531913
   57   2   1       2.46959773
   57   3   2       0.16304720
   58   1   0       1.35683059
   58   2   1       2.48604242
   58   3   2       0.15342645
   59   1   0       1.35438615
   59   2   1       2.48512829
   59   3   2       0.15181599
   60   1   0       1.32441399
   60   2   1       2.46993836
   60   3   2       0.18036994
   61   1   0       1.35727338
   61   2   1       2.47368832
   61   3   2       0.16179762
   62   1   0       1.38726329
   62   2   1       2.49272191
   62   3   2       0.14322812
   63   1   0       1.34093615
   63   2   1       2.46392291
   63   3   2       0.17214322
   64   1   0       1.40444382
   64   2   1       2.49520752
   64   3   2       0.13426216

Orbital populations (up)
 Atom Sh.   l   m       Population  Label
    1   1   0   0       1.38909969  s
    1   2   1  -1       0.83611336  p_y
    1   2   1   0       0.82888335  p_z
    1   2   1   1       0.83348669  p_x
    1   3   2  -2       0.03510533  d_xy
    1   3   2  -1       0.03445584  d_yz
    1   3   2   0       0.01720696  d_z2
    1   3   2   1       0.03690619  d_xz
    1   3   2   2       0.01454748  d_x2-y2
    2   1   0   0       1.33924955  s
    2   2   1  -1       0.82574985  p_y
    2   2   1   0       0.82931573  p_z
    2   2   1   1       0.82191005  p_x
    2   3   2  -2       0.04404582  d_xy
    2   3   2  -1       0.04156770  d_yz
    2   3   2   0       0.02278575  d_z2
    2   3   2   1       0.04296138  d_xz
    2   3   2   2       0.02146225  d_x2-y2
    3   1   0   0       1.37809255  s
    3   2   1  -1       0.83387249  p_y
    3   2   1   0       0.83276016  p_z
    3   2   1   1       0.83176615  p_x
    3   3   2  -2       0.03619153  d_xy
    3   3   2  -1       0.03545981  d_yz
    3   3   2   0       0.01784241  d_z2
    3   3   2   1       0.03785826  d_xz
    3   3   2   2       0.01727446  d_x2-y2
    4   1   0   0       1.35016828  s
    4   2   1  -1       0.82510653  p_y
    4   2   1   0       0.83463904  p_z
    4   2   1   1       0.82033368  p_x
    4   3   2  -2       0.04614745  d_xy
    4   3   2  -1       0.03581696  d_yz
    4   3   2   0       0.02048098  d_z2
    4   3   2   1       0.03863812  d_xz
    4   3   2   2       0.02095948  d_x2-y2
    5   1   0   0       1.34820661  s
    5   2   1  -1       0.82263387  p_y
    5   2   1   0       0.82968304  p_z
    5   2   1   1       0.82720741  p_x
    5   3   2  -2       0.04290119  d_xy
    5   3   2  -1       0.04273128  d_yz
    5   3   2   0       0.02176226  d_z2
    5   3   2   1       0.03906866  d_xz
    5   3   2   2       0.02102958  d_x2-y2
    6   1   0   0       1.35143913  s
    6   2   1  -1       0.83076744  p_y
    6   2   1   0       0.82990678  p_z
    6   2   1   1       0.83222554  p_x
    6   3   2  -2       0.03772362  d_xy
    6   3   2  -1       0.04160475  d_yz
    6   3   2   0       0.02001732  d_z2
    6   3   2   1       0.04059505  d_xz
    6   3   2   2       0.01943426  d_x2-y2
    7   1   0   0       1.33907013  s
    7   2   1  -1       0.82393477  p_y
    7   2   1   0       0.83361831  p_z
    7   2   1   1       0.82051298  p_x
    7   3   2  -2       0.04521054  d_xy
    7   3   2  -1       0.03778939  d_yz
    7   3   2   0       0.02195282  d_z2
    7   3   2   1       0.04058198  d_xz
    7   3   2   2       0.02274164  d_x2-y2
    8   1   0   0       1.38645980  s
    8   2   1  -1       0.82842807  p_y
    8   2   1   0       0.82739574  p_z
    8   2   1   1       0.83457581  p_x
    8   3   2  -2       0.03620494  d_xy
    8   3   2  -1       0.03927157  d_yz
    8   3   2   0       0.01858511  d_z2
    8   3   2   1       0.03583805  d_xz
    8   3   2   2       0.01643400  d_x2-y2
    9   1   0   0       1.37108321  s
    9   2   1  -1       0.82567687  p_y
    9   2   1   0       0.83264945  p_z
    9   2   1   1       0.83625434  p_x
    9   3   2  -2       0.03871719  d_xy
    9   3   2  -1       0.04119987  d_yz
    9   3   2   0       0.01856402  d_z2
    9   3   2   1       0.03736662  d_xz
    9   3   2   2       0.01946686  d_x2-y2
   10   1   0   0       1.35833699  s
   10   2   1  -1       0.82934904  p_y
   10   2   1   0       0.83131832  p_z
   10   2   1   1       0.82435137  p_x
   10   3   2  -2       0.03890321  d_xy
   10   3   2  -1       0.04011014  d_yz
   10   3   2   0       0.01858975  d_z2
   10   3   2   1       0.03723859  d_xz
   10   3   2   2       0.01976558  d_x2-y2
   11   1   0   0       1.34079730  s
   11   2   1  -1       0.83405148  p_y
   11   2   1   0       0.82770936  p_z
   11   2   1   1       0.83163244  p_x
   11   3   2  -2       0.04074248  d_xy
   11   3   2  -1       0.04307311  d_yz
   11   3   2   0       0.02300887  d_z2
   11   3   2   1       0.04430356  d_xz
   11   3   2   2       0.02246703  d_x2-y2
   12   1   0   0       1.37615400  s
   12   2   1  -1       0.82377189  p_y
   12   2   1   0       0.83576258  p_z
   12   2   1   1       0.83049160  p_x
   12   3   2  -2       0.04076062  d_xy
   12   3   2  -1       0.03479621  d_yz
   12   3   2   0       0.01780761  d_z2
   12   3   2   1       0.03566903  d_xz
   12   3   2   2       0.01722404  d_x2-y2
   13   1   0   0       1.35539564  s
   13   2   1  -1       0.82970316  p_y
   13   2   1   0       0.83329381  p_z
   13   2   1   1       0.83058809  p_x
   13   3   2  -2       0.04013520  d_xy
   13   3   2  -1       0.03765395  d_yz
   13   3   2   0       0.02001049  d_z2
   13   3   2   1       0.03919815  d_xz
   13   3   2   2       0.01856398  d_x2-y2
   14   1   0   0       1.35486439  s
   14   2   1  -1       0.82787519  p_y
   14   2   1   0       0.83109372  p_z
   14   2   1   1       0.82687349  p_x
   14   3   2  -2       0.03951866  d_xy
   14   3   2  -1       0.04051443  d_yz
   14   3   2   0       0.01918368  d_z2
   14   3   2   1       0.04070101  d_xz
   14   3   2   2       0.02152682  d_x2-y2
   15   1   0   0       1.40290412  s
   15   2   1  -1       0.83172155  p_y
   15   2   1   0       0.82482551  p_z
   15   2   1   1       0.82520978  p_x
   15   3   2  -2       0.03480552  d_xy
   15   3   2  -1       0.03543190  d_yz
   15   3   2   0       0.01652977  d_z2
   15   3   2   1       0.03429176  d_xz
   15   3   2   2       0.01520352  d_x2-y2
   16   1   0   0       1.33209397  s
   16   2   1  -1       0.82741867  p_y
   16   2   1   0       0.82748777  p_z
   16   2   1   1       0.82311069  p_x
   16   3   2  -2       0.04468534  d_xy
   16   3   2  -1       0.04219379  d_yz
   16   3   2   0       0.02261491  d_z2
   16   3   2   1       0.04293611  d_xz
   16   3   2   2       0.02336570  d_x2-y2
   17   1   0   0       1.33277225  s
   17   2   1  -1       0.82902264  p_y
   17   2   1   0       0.82723564  p_z
   17   2   1   1       0.82300322  p_x
   17   3   2  -2       0.04377659  d_xy
   17   3   2  -1       0.03611082  d_yz
   17   3   2   0       0.02222471  d_z2
   17   3   2   1       0.04145431  d_xz
   17   3   2   2       0.01992376  d_x2-y2
   18   1   0   0       1.33855648  s
   18   2   1  -1       0.82655861  p_y
   18   2   1   0       0.82452623  p_z
   18   2   1   1       0.82695361  p_x
   18   3   2  -2       0.03874169  d_xy
   18   3   2  -1       0.04256694  d_yz
   18   3   2   0       0.02205065  d_z2
   18   3   2   1       0.04427133  d_xz
   18   3   2   2       0.02169881  d_x2-y2
   19   1   0   0       1.34983589  s
   19   2   1  -1       0.82448131  p_y
   19   2   1   0       0.82064121  p_z
   19   2   1   1       0.82552872  p_x
   19   3   2  -2       0.03796283  d_xy
   19   3   2  -1       0.04349348  d_yz
   19   3   2   0       0.02177872  d_z2
   19   3   2   1       0.04016784  d_xz
   19   3   2   2       0.01868594  d_x2-y2
   20   1   0   0       1.35056002  s
   20   2   1  -1       0.82908688  p_y
   20   2   1   0       0.82953332  p_z
   20   2   1   1       0.83025469  p_x
   20   3   2  -2       0.04011553  d_xy
   20   3   2  -1       0.03983006  d_yz
   20   3   2   0       0.01907796  d_z2
   20   3   2   1       0.03801370  d_xz
   20   3   2   2       0.01991183  d_x2-y2
   21   1   0   0       1.36766750  s
   21   2   1  -1       0.83292604  p_y
   21   2   1   0       0.82095481  p_z
   21   2   1   1       0.83206442  p_x
   21   3   2  -2       0.03283849  d_xy
   21   3   2  -1       0.03881092  d_yz
   21   3   2   0       0.01892183  d_z2
   21   3   2   1       0.04170857  d_xz
   21   3   2   2       0.01720044  d_x2-y2
   22   1   0   0       1.36064556  s
   22   2   1  -1       0.83165173  p_y
   22   2   1   0       0.83197780  p_z
   22   2   1   1       0.82605198  p_x
   22   3   2  -2       0.03797498  d_xy
   22   3   2  -1       0.03641937  d_yz
   22   3   2   0       0.01733136  d_z2
   22   3   2   1       0.03755339  d_xz
   22   3   2   2       0.01908250  d_x2-y2
   23   1   0   0       1.34748836  s
   23   2   1  -1       0.83363282  p_y
   23   2   1   0       0.82747122  p_z
   23   2   1   1       0.83114724  p_x
   23   3   2  -2       0.03578943  d_xy
   23   3   2  -1       0.04229858  d_yz
   23   3   2   0       0.01969181  d_z2
   23   3   2   1       0.04016976  d_xz
   23   3   2   2       0.01906191  d_x2-y2
   24   1   0   0       1.35114065  s
   24   2   1  -1       0.83214165  p_y
   24   2   1   0       0.83659618  p_z
   24   2   1   1       0.82887634  p_x
   24   3   2  -2       0.04052075  d_xy
   24   3   2  -1       0.03833254  d_yz
   24   3   2   0       0.01709742  d_z2
   24   3   2   1       0.03307325  d_xz
   24   3   2   2       0.01808379  d_x2-y2
   25   1   0   0       1.33832615  s
   25   2   1  -1       0.82340487  p_y
   25   2   1   0       0.82414808  p_z
   25   2   1   1       0.82137567  p_x
   25   3   2  -2       0.04248454  d_xy
   25   3   2  -1       0.04272303  d_yz
   25   3   2   0       0.02226041  d_z2
   25   3   2   1       0.04186388  d_xz
   25   3   2   2       0.02223380  d_x2-y2
   26   1   0   0       1.35882162  s
   26   2   1  -1       0.83185847  p_y
   26   2   1   0       0.82525651  p_z
   26   2   1   1       0.83084623  p_x
   26   3   2  -2       0.03737474  d_xy
   26   3   2  -1       0.03872111  d_yz
   26   3   2   0       0.01908226  d_z2
   26   3   2   1       0.04037686  d_xz
   26   3   2   2       0.01799146  d_x2-y2
   27   1   0   0       1.34263741  s
   27   2   1  -1       0.83092070  p_y
   27   2   1   0       0.82727195  p_z
   27   2   1   1       0.82577362  p_x
   27   3   2  -2       0.03953516  d_xy
   27   3   2  -1       0.03716149  d_yz
   27   3   2   0       0.02014233  d_z2
   27   3   2   1       0.04071544  d_xz
   27   3   2   2       0.01913709  d_x2-y2
   28   1   0   0       1.38159540  s
   28   2   1  -1       0.82587677  p_y
   28   2   1   0       0.82621830  p_z
   28   2   1   1       0.82463398  p_x
   28   3   2  -2       0.03608613  d_xy
   28   3   2  -1       0.03698225  d_yz
   28   3   2   0       0.01695769  d_z2
   28   3   2   1       0.03937374  d_xz
   28   3   2   2       0.01950302  d_x2-y2
   29   1   0   0       1.35936517  s
   29   2   1  -1       0.82706957  p_y
   29   2   1   0       0.82715037  p_z
   29   2   1   1       0.83416018  p_x
   29   3   2  -2       0.04138542  d_xy
   29   3   2  -1       0.03595823  d_yz
   29   3   2   0       0.01919478  d_z2
   29   3   2   1       0.03777111  d_xz
   29   3   2   2       0.01891283  d_x2-y2
   30   1   0   0       1.37043678  s
   30   2   1  -1       0.82602666  p_y
   30   2   1   0       0.82928509  p_z
   30   2   1   1       0.83077899  p_x
   30   3   2  -2       0.03949225  d_xy
   30   3   2  -1       0.03782044  d_yz
   30   3   2   0       0.01710073  d_z2
   30   3   2   1       0.03776289  d_xz
   30   3   2   2       0.01949291  d_x2-y2
   31   1   0   0       1.35467735  s
   31   2   1  -1       0.82644100  p_y
   31   2   1   0       0.82312895  p_z
   31   2   1   1       0.82194658  p_x
   31   3   2  -2       0.03918263  d_xy
   31   3   2  -1       0.04261281  d_yz
   31   3   2   0       0.02080826  d_z2
   31   3   2   1       0.04188296  d_xz
   31   3   2   2       0.02153925  d_x2-y2
   32   1   0   0       1.38032080  s
   32   2   1  -1       0.82453525  p_y
   32   2   1   0       0.82646755  p_z
   32   2   1   1       0.82240354  p_x
   32   3   2  -2       0.03733019  d_xy
   32   3   2  -1       0.03856251  d_yz
   32   3   2   0       0.01869857  d_z2
   32   3   2   1       0.04171978  d_xz
   32   3   2   2       0.02030130  d_x2-y2
   33   1   0   0       1.36218110  s
   33   2   1  -1       0.83007012  p_y
   33   2   1   0       0.83020780  p_z
   33   2   1   1       0.82805284  p_x
   33   3   2  -2       0.03732007  d_xy
   33   3   2  -1       0.03678958  d_yz
   33   3   2   0       0.01743597  d_z2
   33   3   2   1       0.04358387  d_xz
   33   3   2   2       0.02064306  d_x2-y2
   34   1   0   0       1.37932314  s
   34   2   1  -1       0.83376079  p_y
   34   2   1   0       0.83131599  p_z
   34   2   1   1       0.82730160  p_x
   34   3   2  -2       0.03890606  d_xy
   34   3   2  -1       0.03675344  d_yz
   34   3   2   0       0.01797469  d_z2
   34   3   2   1       0.03665850  d_xz
   34   3   2   2       0.01761756  d_x2-y2
   35   1   0   0       1.38187215  s
   35   2   1  -1       0.83018947  p_y
   35   2   1   0       0.82326068  p_z
   35   2   1   1       0.83223745  p_x
   35   3   2  -2       0.03451666  d_xy
   35   3   2  -1       0.03872864  d_yz
   35   3   2   0       0.01893840  d_z2
   35   3   2   1       0.03976354  d_xz
   35   3   2   2       0.01606041  d_x2-y2
   36   1   0   0       1.32656776  s
   36   2   1  -1       0.82741013  p_y
   36   2   1   0       0.82732663  p_z
   36   2   1   1       0.82752168  p_x
   36   3   2  -2       0.04314631  d_xy
   36   3   2  -1       0.04131109  d_yz
   36   3   2   0       0.02258517  d_z2
   36   3   2   1       0.04375520  d_xz
   36   3   2   2       0.02320094  d_x2-y2
   37   1   0   0       1.36656343  s
   37   2   1  -1       0.82587879  p_y
   37   2   1   0       0.82796130  p_z
   37   2   1   1       0.82721170  p_x
   37   3   2  -2       0.04069087  d_xy
   37   3   2  -1       0.03873695  d_yz
   37   3   2   0       0.01964512  d_z2
   37   3   2   1       0.03936911  d_xz
   37   3   2   2       0.01953084  d_x2-y2
   38   1   0   0       1.36462547  s
   38   2   1  -1       0.82847640  p_y
   38   2   1   0       0.82097347  p_z
   38   2   1   1       0.83299487  p_x
   38   3   2  -2       0.03317921  d_xy
   38   3   2  -1       0.04190431  d_yz
   38   3   2   0       0.01905768  d_z2
   38   3   2   1       0.03943153  d_xz
   38   3   2   2       0.01714466  d_x2-y2
   39   1   0   0       1.36235808  s
   39   2   1  -1       0.82933431  p_y
   39   2   1   0       0.82824171  p_z
   39   2   1   1       0.82787005  p_x
   39   3   2  -2       0.04292781  d_xy
   39   3   2  -1       0.03961118  d_yz
   39   3   2   0       0.01998227  d_z2
   39   3   2   1       0.03633578  d_xz
   39   3   2   2       0.01989843  d_x2-y2
   40   1   0   0       1.37156556  s
   40   2   1  -1       0.83285821  p_y
   40   2   1   0       0.82432474  p_z
   40   2   1   1       0.82759211  p_x
   40   3   2  -2       0.03708197  d_xy
   40   3   2  -1       0.03815567  d_yz
   40   3   2   0       0.01832900  d_z2
   40   3   2   1       0.04110896  d_xz
   40   3   2   2       0.01914389  d_x2-y2
   41   1   0   0       1.36340806  s
   41   2   1  -1       0.83246504  p_y
   41   2   1   0       0.82651406  p_z
   41   2   1   1       0.82640320  p_x
   41   3   2  -2       0.03900344  d_xy
   41   3   2  -1       0.04147621  d_yz
   41   3   2   0       0.02016052  d_z2
   41   3   2   1       0.03753858  d_xz
   41   3   2   2       0.01778255  d_x2-y2
   42   1   0   0       1.37158117  s
   42   2   1  -1       0.83474349  p_y
   42   2   1   0       0.82639828  p_z
   42   2   1   1       0.82931448  p_x
   42   3   2  -2       0.03666289  d_xy
   42   3   2  -1       0.03650551  d_yz
   42   3   2   0       0.01871474  d_z2
   42   3   2   1       0.04120397  d_xz
   42   3   2   2       0.01923518  d_x2-y2
   43   1   0   0       1.36251330  s
   43   2   1  -1       0.83467941  p_y
   43   2   1   0       0.83089257  p_z
   43   2   1   1       0.83368956  p_x
   43   3   2  -2       0.03899264  d_xy
   43   3   2  -1       0.03564817  d_yz
   43   3   2   0       0.01953844  d_z2
   43   3   2   1       0.03494366  d_xz
   43   3   2   2       0.01685455  d_x2-y2
   44   1   0   0       1.38180293  s
   44   2   1  -1       0.82573644  p_y
   44   2   1   0       0.83420122  p_z
   44   2   1   1       0.82770970  p_x
   44   3   2  -2       0.03573857  d_xy
   44   3   2  -1       0.03792598  d_yz
   44   3   2   0       0.01633305  d_z2
   44   3   2   1       0.03601643  d_xz
   44   3   2   2       0.01843402  d_x2-y2
   45   1   0   0       1.37186825  s
   45   2   1  -1       0.82697123  p_y
   45   2   1   0       0.83072047  p_z
   45   2   1   1       0.83222163  p_x
   45   3   2  -2       0.03568722  d_xy
   45   3   2  -1       0.04019399  d_yz
   45   3   2   0       0.01688937  d_z2
   45   3   2   1       0.03475087  d_xz
   45   3   2   2       0.01769828  d_x2-y2
   46   1   0   0       1.31846707  s
   46   2   1  -1       0.82442331  p_y
   46   2   1   0       0.82206387  p_z
   46   2   1   1       0.83187807  p_x
   46   3   2  -2       0.04037079  d_xy
   46   3   2  -1       0.04919062  d_yz
   46   3   2   0       0.02465636  d_z2
   46   3   2   1       0.04145565  d_xz
   46   3   2   2       0.02363721  d_x2-y2
   47   1   0   0       1.35961235  s
   47   2   1  -1       0.82448454  p_y
   47   2   1   0       0.83410863  p_z
   47   2   1   1       0.82110262  p_x
   47   3   2  -2       0.04241921  d_xy
   47   3   2  -1       0.03769815  d_yz
   47   3   2   0       0.02065378  d_z2
   47   3   2   1       0.04244405  d_xz
   47   3   2   2       0.02168596  d_x2-y2
   48   1   0   0       1.36091947  s
   48   2   1  -1       0.83353564  p_y
   48   2   1   0       0.82562459  p_z
   48   2   1   1       0.83099887  p_x
   48   3   2  -2       0.04008765  d_xy
   48   3   2  -1       0.03749965  d_yz
   48   3   2   0       0.02137317  d_z2
   48   3   2   1       0.04201086  d_xz
   48   3   2   2       0.01852548  d_x2-y2
   49   1   0   0       1.31805643  s
   49   2   1  -1       0.82541733  p_y
   49   2   1   0       0.83155111  p_z
   49   2   1   1       0.82413684  p_x
   49   3   2  -2       0.04742419  d_xy
   49   3   2  -1       0.03944288  d_yz
   49   3   2   0       0.02379606  d_z2
   49   3   2   1       0.04570714  d_xz
   49   3   2   2       0.02485952  d_x2-y2
   50   1   0   0       1.34022182  s
   50   2   1  -1       0.83068464  p_y
   50   2   1   0       0.82349115  p_z
   50   2   1   1       0.82964936  p_x
   50   3   2  -2       0.03667091  d_xy
   50   3   2  -1       0.04054223  d_yz
   50   3   2   0       0.02026258  d_z2
   50   3   2   1       0.04125096  d_xz
   50   3   2   2       0.01969338  d_x2-y2
   51   1   0   0       1.36745907  s
   51   2   1  -1       0.82454737  p_y
   51   2   1   0       0.82997862  p_z
   51   2   1   1       0.82757288  p_x
   51   3   2  -2       0.03786566  d_xy
   51   3   2  -1       0.04002798  d_yz
   51   3   2   0       0.01802686  d_z2
   51   3   2   1       0.03444227  d_xz
   51   3   2   2       0.01891906  d_x2-y2
   52   1   0   0       1.37586770  s
   52   2   1  -1       0.82299620  p_y
   52   2   1   0       0.82546673  p_z
   52   2   1   1       0.82805086  p_x
   52   3   2  -2       0.03880355  d_xy
   52   3   2  -1       0.03807321  d_yz
   52   3   2   0       0.01889711  d_z2
   52   3   2   1       0.03566244  d_xz
   52   3   2   2       0.01701482  d_x2-y2
   53   1   0   0       1.36155452  s
   53   2   1  -1       0.82616052  p_y
   53   2   1   0       0.82781726  p_z
   53   2   1   1       0.83075799  p_x
   53   3   2  -2       0.03689814  d_xy
   53   3   2  -1       0.03921645  d_yz
   53   3   2   0       0.01809213  d_z2
   53   3   2   1       0.03716984  d_xz
   53   3   2   2       0.01818102  d_x2-y2
   54   1   0   0       1.33499952  s
   54   2   1  -1       0.82880515  p_y
   54   2   1   0       0.83342269  p_z
   54   2   1   1       0.82626924  p_x
   54   3   2  -2       0.04027876  d_xy
   54   3   2  -1       0.04042558  d_yz
   54   3   2   0       0.02031982  d_z2
   54   3   2   1       0.04548138  d_xz
   54   3   2   2       0.02311756  d_x2-y2
   55   1   0   0       1.32968722  s
   55   2   1  -1       0.82829371  p_y
   55   2   1   0       0.82719878  p_z
   55   2   1   1       0.83142371  p_x
   55   3   2  -2       0.03882135  d_xy
   55   3   2  -1       0.04408321  d_yz
   55   3   2   0       0.02244725  d_z2
   55   3   2   1       0.04193899  d_xz
   55   3   2   2       0.02129315  d_x2-y2
   56   1   0   0       1.34572187  s
   56   2   1  -1       0.82717655  p_y
   56   2   1   0       0.83234452  p_z
   56   2   1   1       0.82931155  p_x
   56   3   2  -2       0.04326688  d_xy
   56   3   2  -1       0.04372797  d_yz
   56   3   2   0       0.01935738  d_z2
   56   3   2   1       0.03561600  d_xz
   56   3   2   2       0.02181889  d_x2-y2
   57   1   0   0       1.35531913  s
   57   2   1  -1       0.81900456  p_y
   57   2   1   0       0.82682914  p_z
   57   2   1   1       0.82376404  p_x
   57   3   2  -2       0.04041873  d_xy
   57   3   2  -1       0.04253909  d_yz
   57   3   2   0       0.02005261  d_z2
   57   3   2   1       0.03792182  d_xz
   57   3   2   2       0.02211495  d_x2-y2
   58   1   0   0       1.35683059  s
   58   2   1  -1       0.82499873  p_y
   58   2   1   0       0.82953836  p_z
   58   2   1   1       0.83150533  p_x
   58   3   2  -2       0.03911760  d_xy
   58   3   2  -1       0.03798250  d_yz
   58   3   2   0       0.01862865  d_z2
   58   3   2   1       0.03883455  d_xz
   58   3   2   2       0.01886316  d_x2-y2
   59   1   0   0       1.35438615  s
   59   2   1  -1       0.82722131  p_y
   59   2   1   0       0.83011002  p_z
   59   2   1   1       0.82779696  p_x
   59   3   2  -2       0.04072677  d_xy
   59   3   2  -1       0.03438714  d_yz
   59   3   2   0       0.01947523  d_z2
   59   3   2   1       0.03942816  d_xz
   59   3   2   2       0.01779869  d_x2-y2
   60   1   0   0       1.32441399  s
   60   2   1  -1       0.82486787  p_y
   60   2   1   0       0.81841939  p_z
   60   2   1   1       0.82665110  p_x
   60   3   2  -2       0.04268603  d_xy
   60   3   2  -1       0.04563287  d_yz
   60   3   2   0       0.02513637  d_z2
   60   3   2   1       0.04397894  d_xz
   60   3   2   2       0.02293573  d_x2-y2
   61   1   0   0       1.35727338  s
   61   2   1  -1       0.82715172  p_y
   61   2   1   0       0.82605323  p_z
   61   2   1   1       0.82048338  p_x
   61   3   2  -2       0.04347168  d_xy
   61   3   2  -1       0.03727415  d_yz
   61   3   2   0       0.02077432  d_z2
   61   3   2   1       0.03971520  d_xz
   61   3   2   2       0.02056227  d_x2-y2
   62   1   0   0       1.38726329  s
   62   2   1  -1       0.82934857  p_y
   62   2   1   0       0.83277456  p_z
   62   2   1   1       0.83059878  p_x
   62   3   2  -2       0.03599084  d_xy
   62   3   2  -1       0.03973533  d_yz
   62   3   2   0       0.01549501  d_z2
   62   3   2   1       0.03389741  d_xz
   62   3   2   2       0.01810953  d_x2-y2
   63   1   0   0       1.34093615  s
   63   2   1  -1       0.81785404  p_y
   63   2   1   0       0.82338391  p_z
   63   2   1   1       0.82268496  p_x
   63   3   2  -2       0.04238601  d_xy
   63   3   2  -1       0.04344863  d_yz
   63   3   2   0       0.02190190  d_z2
   63   3   2   1       0.04160842  d_xz
   63   3   2   2       0.02279826  d_x2-y2
   64   1   0   0       1.40444382  s
   64   2   1  -1       0.83026741  p_y
   64   2   1   0       0.83143625  p_z
   64   2   1   1       0.83350386  p_x
   64   3   2  -2       0.03785089  d_xy
   64   3   2  -1       0.03104408  d_yz
   64   3   2   0       0.01531309  d_z2
   64   3   2   1       0.03504624  d_xz
   64   3   2   2       0.01500786  d_x2-y2

Fermi level:                        -0.1334474522 H           -3.6313 eV
Band energy:                       -88.1866237503 H        -2399.6801 eV
TS:                                  0.0000000000 H            0.0000 eV
Band free energy (E-TS):           -88.1866237503 H        -2399.6801 eV
Extrapolated E(0K):                -88.1866237503 H        -2399.6801 eV
Input / Output electrons (q):    256.0000000000    256.0000000000

Energy H0:                         -88.1727090793 H        -2399.3015 eV
Energy SCC:                          0.0005753911 H            0.0157 eV
Total Electronic energy:           -88.1721336883 H        -2399.2858 eV
Repulsive energy:                    0.0000000000 H            0.0000 eV
Total energy:                      -88.1721336883 H        -2399.2858 eV
Extrapolated to 0:                 -88.1721336883 H        -2399.2858 eV
Total Mermin free energy:          -88.1721336883 H        -2399.2858 eV
Force related energy:              -88.1721336883 H        -2399.2858 eV

Non-constrained calculation

SCC converged

Warning: dipole moment is not defined absolutely!
Dipole moment:    0.34024322    1.08264354   -0.08836186 au
Dipole moment:    0.86481208    2.75180563   -0.22459346 Debye


