 Fermi distribution function

Calculation with static geometry


********************************************************************************
 iSCC Total electronic   Diff electronic      SCC error    
    9   -0.88155081E+02   -0.79869267E-09    0.52843007E-05
********************************************************************************

 Total charge:    -0.00000000

 Atomic gross charges (e)
 Atom           Charge
    1      -0.00797213
    2       0.01325341
    3      -0.00618782
    4       0.00400919
    5       0.00792392
    6      -0.01415504
    7       0.01615937
    8      -0.01602521
    9      -0.01651357
   10      -0.00172135
   11       0.00964644
   12       0.00014915
   13       0.00598570
   14      -0.00269324
   15      -0.01099592
   16       0.01361320
   17       0.00585789
   18       0.01687688
   19      -0.00285131
   20       0.00548114
   21      -0.00797219
   22       0.00045858
   23      -0.00110192
   24       0.01570339
   25       0.00811294
   26      -0.01342507
   27       0.00924809
   28       0.00342368
   29      -0.01398323
   30      -0.00898748
   31       0.00655413
   32       0.00098322
   33      -0.00722290
   34      -0.01187576
   35       0.00300321
   36       0.01777145
   37       0.01351846
   38      -0.01333662
   39      -0.00093468
   40      -0.01844879
   41      -0.01610213
   42      -0.01443751
   43      -0.00764224
   44      -0.02216485
   45      -0.00592045
   46       0.01511366
   47       0.00130397
   48       0.00104280
   49       0.00174436
   50       0.00550113
   51       0.00665636
   52       0.00747452
   53       0.00071608
   54       0.01980402
   55       0.00131291
   56       0.01179343
   57      -0.00888782
   58       0.00134115
   59      -0.01755777
   60       0.01612753
   61       0.00920892
   62      -0.01108238
   63       0.00675308
   64      -0.00342795

Nr. of electrons (up):    256.00000000
Atom populations (up)
 Atom       Population
    1       4.00797213
    2       3.98674659
    3       4.00618782
    4       3.99599081
    5       3.99207608
    6       4.01415504
    7       3.98384063
    8       4.01602521
    9       4.01651357
   10       4.00172135
   11       3.99035356
   12       3.99985085
   13       3.99401430
   14       4.00269324
   15       4.01099592
   16       3.98638680
   17       3.99414211
   18       3.98312312
   19       4.00285131
   20       3.99451886
   21       4.00797219
   22       3.99954142
   23       4.00110192
   24       3.98429661
   25       3.99188706
   26       4.01342507
   27       3.99075191
   28       3.99657632
   29       4.01398323
   30       4.00898748
   31       3.99344587
   32       3.99901678
   33       4.00722290
   34       4.01187576
   35       3.99699679
   36       3.98222855
   37       3.98648154
   38       4.01333662
   39       4.00093468
   40       4.01844879
   41       4.01610213
   42       4.01443751
   43       4.00764224
   44       4.02216485
   45       4.00592045
   46       3.98488634
   47       3.99869603
   48       3.99895720
   49       3.99825564
   50       3.99449887
   51       3.99334364
   52       3.99252548
   53       3.99928392
   54       3.98019598
   55       3.99868709
   56       3.98820657
   57       4.00888782
   58       3.99865885
   59       4.01755777
   60       3.98387247
   61       3.99079108
   62       4.01108238
   63       3.99324692
   64       4.00342795

l-shell populations (up)
 Atom Sh.   l       Population
    1   1   0       1.36465512
    1   2   1       2.49204297
    1   3   2       0.15127405
    2   1   0       1.32458125
    2   2   1       2.47703783
    2   3   2       0.18512751
    3   1   0       1.36703254
    3   2   1       2.49665832
    3   3   2       0.14249696
    4   1   0       1.34453930
    4   2   1       2.48913054
    4   3   2       0.16232097
    5   1   0       1.35066853
    5   2   1       2.47497081
    5   3   2       0.16643674
    6   1   0       1.37789679
    6   2   1       2.49072752
    6   3   2       0.14553073
    7   1   0       1.34540236
    7   2   1       2.46422839
    7   3   2       0.17420988
    8   1   0       1.38941528
    8   2   1       2.48461485
    8   3   2       0.14199508
    9   1   0       1.37937098
    9   2   1       2.48175861
    9   3   2       0.15538398
   10   1   0       1.36343138
   10   2   1       2.48164656
   10   3   2       0.15664341
   11   1   0       1.34213899
   11   2   1       2.46905369
   11   3   2       0.17916088
   12   1   0       1.36694797
   12   2   1       2.48037454
   12   3   2       0.15252834
   13   1   0       1.34342448
   13   2   1       2.48943912
   13   3   2       0.16115071
   14   1   0       1.36664611
   14   2   1       2.48378542
   14   3   2       0.15226171
   15   1   0       1.37988183
   15   2   1       2.49356151
   15   3   2       0.13755258
   16   1   0       1.33623885
   16   2   1       2.48289435
   16   3   2       0.16725359
   17   1   0       1.34405361
   17   2   1       2.47986346
   17   3   2       0.17022504
   18   1   0       1.33267891
   18   2   1       2.47795466
   18   3   2       0.17248955
   19   1   0       1.36633715
   19   2   1       2.48539845
   19   3   2       0.15111571
   20   1   0       1.35909506
   20   2   1       2.48149609
   20   3   2       0.15392772
   21   1   0       1.37664832
   21   2   1       2.48525121
   21   3   2       0.14607267
   22   1   0       1.35785735
   22   2   1       2.49123814
   22   3   2       0.15044593
   23   1   0       1.36395027
   23   2   1       2.48148876
   23   3   2       0.15566289
   24   1   0       1.34616850
   24   2   1       2.48625320
   24   3   2       0.15187491
   25   1   0       1.34749038
   25   2   1       2.47955994
   25   3   2       0.16483674
   26   1   0       1.37814686
   26   2   1       2.48834468
   26   3   2       0.14693353
   27   1   0       1.34768764
   27   2   1       2.48113446
   27   3   2       0.16192981
   28   1   0       1.35657688
   28   2   1       2.47732038
   28   3   2       0.16267906
   29   1   0       1.38428328
   29   2   1       2.48778867
   29   3   2       0.14191128
   30   1   0       1.37533819
   30   2   1       2.47762637
   30   3   2       0.15602292
   31   1   0       1.35092300
   31   2   1       2.48672560
   31   3   2       0.15579727
   32   1   0       1.35126368
   32   2   1       2.48293445
   32   3   2       0.16481866
   33   1   0       1.36321695
   33   2   1       2.49401028
   33   3   2       0.14999567
   34   1   0       1.37605108
   34   2   1       2.49019412
   34   3   2       0.14563056
   35   1   0       1.35436760
   35   2   1       2.48588944
   35   3   2       0.15673975
   36   1   0       1.32622004
   36   2   1       2.47957937
   36   3   2       0.17642915
   37   1   0       1.33426810
   37   2   1       2.47598285
   37   3   2       0.17623058
   38   1   0       1.38216140
   38   2   1       2.49209595
   38   3   2       0.13907927
   39   1   0       1.35269671
   39   2   1       2.48252036
   39   3   2       0.16571761
   40   1   0       1.38637080
   40   2   1       2.48892406
   40   3   2       0.14315393
   41   1   0       1.37502160
   41   2   1       2.48955595
   41   3   2       0.15152458
   42   1   0       1.37347998
   42   2   1       2.48658496
   42   3   2       0.15437257
   43   1   0       1.38534062
   43   2   1       2.48396221
   43   3   2       0.13833941
   44   1   0       1.38914234
   44   2   1       2.49125043
   44   3   2       0.14177209
   45   1   0       1.37205363
   45   2   1       2.48531248
   45   3   2       0.14855435
   46   1   0       1.33421011
   46   2   1       2.48075394
   46   3   2       0.16992229
   47   1   0       1.34889246
   47   2   1       2.48161844
   47   3   2       0.16818513
   48   1   0       1.34417456
   48   2   1       2.48839369
   48   3   2       0.16638896
   49   1   0       1.34831149
   49   2   1       2.48454411
   49   3   2       0.16540004
   50   1   0       1.37290942
   50   2   1       2.48027274
   50   3   2       0.14131670
   51   1   0       1.34092936
   51   2   1       2.48694832
   51   3   2       0.16546596
   52   1   0       1.35796165
   52   2   1       2.47558471
   52   3   2       0.15897912
   53   1   0       1.35964775
   53   2   1       2.48423521
   53   3   2       0.15540096
   54   1   0       1.32892882
   54   2   1       2.47182338
   54   3   2       0.17944377
   55   1   0       1.35770791
   55   2   1       2.48483909
   55   3   2       0.15614009
   56   1   0       1.33025563
   56   2   1       2.47907037
   56   3   2       0.17888057
   57   1   0       1.37305655
   57   2   1       2.48275932
   57   3   2       0.15307194
   58   1   0       1.36311148
   58   2   1       2.48052174
   58   3   2       0.15502563
   59   1   0       1.38808809
   59   2   1       2.48736616
   59   3   2       0.14210352
   60   1   0       1.32920253
   60   2   1       2.48146521
   60   3   2       0.17320474
   61   1   0       1.34595823
   61   2   1       2.48210938
   61   3   2       0.16272347
   62   1   0       1.37953247
   62   2   1       2.47657938
   62   3   2       0.15497053
   63   1   0       1.34230244
   63   2   1       2.48284058
   63   3   2       0.16810390
   64   1   0       1.37189616
   64   2   1       2.48916167
   64   3   2       0.14237012

Orbital populations (up)
 Atom Sh.   l   m       Population  Label
    1   1   0   0       1.36465512  s
    1   2   1  -1       0.83384693  p_y
    1   2   1   0       0.82735672  p_z
    1   2   1   1       0.83083932  p_x
    1   3   2  -2       0.03739834  d_xy
    1   3   2  -1       0.03815630  d_yz
    1   3   2   0       0.01968828  d_z2
    1   3   2   1       0.03850663  d_xz
    1   3   2   2       0.01752449  d_x2-y2
    2   1   0   0       1.32458125  s
    2   2   1  -1       0.82129169  p_y
    2   2   1   0       0.83262752  p_z
    2   2   1   1       0.82311862  p_x
    2   3   2  -2       0.04874387  d_xy
    2   3   2  -1       0.04483937  d_yz
    2   3   2   0       0.02368579  d_z2
    2   3   2   1       0.04162999  d_xz
    2   3   2   2       0.02622849  d_x2-y2
    3   1   0   0       1.36703254  s
    3   2   1  -1       0.83284900  p_y
    3   2   1   0       0.83138058  p_z
    3   2   1   1       0.83242874  p_x
    3   3   2  -2       0.03433935  d_xy
    3   3   2  -1       0.03789406  d_yz
    3   3   2   0       0.01757158  d_z2
    3   3   2   1       0.03657120  d_xz
    3   3   2   2       0.01612076  d_x2-y2
    4   1   0   0       1.34453930  s
    4   2   1  -1       0.82486185  p_y
    4   2   1   0       0.83413712  p_z
    4   2   1   1       0.83013157  p_x
    4   3   2  -2       0.04212312  d_xy
    4   3   2  -1       0.03836203  d_yz
    4   3   2   0       0.01936937  d_z2
    4   3   2   1       0.04061928  d_xz
    4   3   2   2       0.02184716  d_x2-y2
    5   1   0   0       1.35066853  s
    5   2   1  -1       0.82599519  p_y
    5   2   1   0       0.82835874  p_z
    5   2   1   1       0.82061689  p_x
    5   3   2  -2       0.04454008  d_xy
    5   3   2  -1       0.03587344  d_yz
    5   3   2   0       0.02248774  d_z2
    5   3   2   1       0.04346089  d_xz
    5   3   2   2       0.02007458  d_x2-y2
    6   1   0   0       1.37789679  s
    6   2   1  -1       0.82759979  p_y
    6   2   1   0       0.82827160  p_z
    6   2   1   1       0.83485613  p_x
    6   3   2  -2       0.03692188  d_xy
    6   3   2  -1       0.03826948  d_yz
    6   3   2   0       0.01718156  d_z2
    6   3   2   1       0.03546811  d_xz
    6   3   2   2       0.01768971  d_x2-y2
    7   1   0   0       1.34540236  s
    7   2   1  -1       0.82262471  p_y
    7   2   1   0       0.82219246  p_z
    7   2   1   1       0.81941122  p_x
    7   3   2  -2       0.04301461  d_xy
    7   3   2  -1       0.04244927  d_yz
    7   3   2   0       0.02211598  d_z2
    7   3   2   1       0.04398027  d_xz
    7   3   2   2       0.02264976  d_x2-y2
    8   1   0   0       1.38941528  s
    8   2   1  -1       0.82503078  p_y
    8   2   1   0       0.83040914  p_z
    8   2   1   1       0.82917493  p_x
    8   3   2  -2       0.03677805  d_xy
    8   3   2  -1       0.03754204  d_yz
    8   3   2   0       0.01569691  d_z2
    8   3   2   1       0.03475846  d_xz
    8   3   2   2       0.01721962  d_x2-y2
    9   1   0   0       1.37937098  s
    9   2   1  -1       0.82897278  p_y
    9   2   1   0       0.82626720  p_z
    9   2   1   1       0.82651862  p_x
    9   3   2  -2       0.04009910  d_xy
    9   3   2  -1       0.03706953  d_yz
    9   3   2   0       0.02059830  d_z2
    9   3   2   1       0.03918840  d_xz
    9   3   2   2       0.01842865  d_x2-y2
   10   1   0   0       1.36343138  s
   10   2   1  -1       0.82425358  p_y
   10   2   1   0       0.83229947  p_z
   10   2   1   1       0.82509350  p_x
   10   3   2  -2       0.04332130  d_xy
   10   3   2  -1       0.03741048  d_yz
   10   3   2   0       0.01826610  d_z2
   10   3   2   1       0.03728000  d_xz
   10   3   2   2       0.02036554  d_x2-y2
   11   1   0   0       1.34213899  s
   11   2   1  -1       0.82197999  p_y
   11   2   1   0       0.82249821  p_z
   11   2   1   1       0.82457549  p_x
   11   3   2  -2       0.04328048  d_xy
   11   3   2  -1       0.04423293  d_yz
   11   3   2   0       0.02510904  d_z2
   11   3   2   1       0.04380824  d_xz
   11   3   2   2       0.02273020  d_x2-y2
   12   1   0   0       1.36694797  s
   12   2   1  -1       0.82467188  p_y
   12   2   1   0       0.83138229  p_z
   12   2   1   1       0.82432038  p_x
   12   3   2  -2       0.04123294  d_xy
   12   3   2  -1       0.03778033  d_yz
   12   3   2   0       0.01857185  d_z2
   12   3   2   1       0.03634255  d_xz
   12   3   2   2       0.01860068  d_x2-y2
   13   1   0   0       1.34342448  s
   13   2   1  -1       0.82613481  p_y
   13   2   1   0       0.83400753  p_z
   13   2   1   1       0.82929678  p_x
   13   3   2  -2       0.04349684  d_xy
   13   3   2  -1       0.04045110  d_yz
   13   3   2   0       0.02050492  d_z2
   13   3   2   1       0.03646359  d_xz
   13   3   2   2       0.02023425  d_x2-y2
   14   1   0   0       1.36664611  s
   14   2   1  -1       0.82659714  p_y
   14   2   1   0       0.83099178  p_z
   14   2   1   1       0.82619650  p_x
   14   3   2  -2       0.03784931  d_xy
   14   3   2  -1       0.03789777  d_yz
   14   3   2   0       0.01899021  d_z2
   14   3   2   1       0.03904309  d_xz
   14   3   2   2       0.01848133  d_x2-y2
   15   1   0   0       1.37988183  s
   15   2   1  -1       0.82928807  p_y
   15   2   1   0       0.83544014  p_z
   15   2   1   1       0.82883331  p_x
   15   3   2  -2       0.03790412  d_xy
   15   3   2  -1       0.03527972  d_yz
   15   3   2   0       0.01567457  d_z2
   15   3   2   1       0.03266676  d_xz
   15   3   2   2       0.01602741  d_x2-y2
   16   1   0   0       1.33623885  s
   16   2   1  -1       0.83019622  p_y
   16   2   1   0       0.82719859  p_z
   16   2   1   1       0.82549954  p_x
   16   3   2  -2       0.04074927  d_xy
   16   3   2  -1       0.04136024  d_yz
   16   3   2   0       0.02199454  d_z2
   16   3   2   1       0.04266799  d_xz
   16   3   2   2       0.02048155  d_x2-y2
   17   1   0   0       1.34405361  s
   17   2   1  -1       0.82611831  p_y
   17   2   1   0       0.82650075  p_z
   17   2   1   1       0.82724440  p_x
   17   3   2  -2       0.04157955  d_xy
   17   3   2  -1       0.04372206  d_yz
   17   3   2   0       0.02370451  d_z2
   17   3   2   1       0.04065955  d_xz
   17   3   2   2       0.02055937  d_x2-y2
   18   1   0   0       1.33267891  s
   18   2   1  -1       0.82785667  p_y
   18   2   1   0       0.82368517  p_z
   18   2   1   1       0.82641282  p_x
   18   3   2  -2       0.04586439  d_xy
   18   3   2  -1       0.04154385  d_yz
   18   3   2   0       0.02341515  d_z2
   18   3   2   1       0.03992430  d_xz
   18   3   2   2       0.02174186  d_x2-y2
   19   1   0   0       1.36633715  s
   19   2   1  -1       0.82799631  p_y
   19   2   1   0       0.83040836  p_z
   19   2   1   1       0.82699378  p_x
   19   3   2  -2       0.03719849  d_xy
   19   3   2  -1       0.03427208  d_yz
   19   3   2   0       0.01811182  d_z2
   19   3   2   1       0.04337765  d_xz
   19   3   2   2       0.01815567  d_x2-y2
   20   1   0   0       1.35909506  s
   20   2   1  -1       0.83150966  p_y
   20   2   1   0       0.82147673  p_z
   20   2   1   1       0.82850970  p_x
   20   3   2  -2       0.03674051  d_xy
   20   3   2  -1       0.04167738  d_yz
   20   3   2   0       0.01972820  d_z2
   20   3   2   1       0.03803019  d_xz
   20   3   2   2       0.01775144  d_x2-y2
   21   1   0   0       1.37664832  s
   21   2   1  -1       0.82991046  p_y
   21   2   1   0       0.82516215  p_z
   21   2   1   1       0.83017859  p_x
   21   3   2  -2       0.03467672  d_xy
   21   3   2  -1       0.03794313  d_yz
   21   3   2   0       0.01767662  d_z2
   21   3   2   1       0.03763612  d_xz
   21   3   2   2       0.01814006  d_x2-y2
   22   1   0   0       1.35785735  s
   22   2   1  -1       0.82973599  p_y
   22   2   1   0       0.83295194  p_z
   22   2   1   1       0.82855020  p_x
   22   3   2  -2       0.03722413  d_xy
   22   3   2  -1       0.04141316  d_yz
   22   3   2   0       0.01785107  d_z2
   22   3   2   1       0.03557977  d_xz
   22   3   2   2       0.01837779  d_x2-y2
   23   1   0   0       1.36395027  s
   23   2   1  -1       0.83132018  p_y
   23   2   1   0       0.81985473  p_z
   23   2   1   1       0.83031385  p_x
   23   3   2  -2       0.03613461  d_xy
   23   3   2  -1       0.03891216  d_yz
   23   3   2   0       0.02046578  d_z2
   23   3   2   1       0.04235173  d_xz
   23   3   2   2       0.01779861  d_x2-y2
   24   1   0   0       1.34616850  s
   24   2   1  -1       0.82997148  p_y
   24   2   1   0       0.83144570  p_z
   24   2   1   1       0.82483602  p_x
   24   3   2  -2       0.03694598  d_xy
   24   3   2  -1       0.03550906  d_yz
   24   3   2   0       0.01813821  d_z2
   24   3   2   1       0.04181761  d_xz
   24   3   2   2       0.01946406  d_x2-y2
   25   1   0   0       1.34749038  s
   25   2   1  -1       0.82424413  p_y
   25   2   1   0       0.82691050  p_z
   25   2   1   1       0.82840531  p_x
   25   3   2  -2       0.04200619  d_xy
   25   3   2  -1       0.03980962  d_yz
   25   3   2   0       0.02216277  d_z2
   25   3   2   1       0.04081111  d_xz
   25   3   2   2       0.02004705  d_x2-y2
   26   1   0   0       1.37814686  s
   26   2   1  -1       0.83187430  p_y
   26   2   1   0       0.82481740  p_z
   26   2   1   1       0.83165298  p_x
   26   3   2  -2       0.03478120  d_xy
   26   3   2  -1       0.03650098  d_yz
   26   3   2   0       0.01776576  d_z2
   26   3   2   1       0.04072508  d_xz
   26   3   2   2       0.01716051  d_x2-y2
   27   1   0   0       1.34768764  s
   27   2   1  -1       0.82941157  p_y
   27   2   1   0       0.82748570  p_z
   27   2   1   1       0.82423718  p_x
   27   3   2  -2       0.04191262  d_xy
   27   3   2  -1       0.04210195  d_yz
   27   3   2   0       0.02063455  d_z2
   27   3   2   1       0.03685515  d_xz
   27   3   2   2       0.02042554  d_x2-y2
   28   1   0   0       1.35657688  s
   28   2   1  -1       0.82599892  p_y
   28   2   1   0       0.82270094  p_z
   28   2   1   1       0.82862053  p_x
   28   3   2  -2       0.03509248  d_xy
   28   3   2  -1       0.04200426  d_yz
   28   3   2   0       0.02018392  d_z2
   28   3   2   1       0.04408118  d_xz
   28   3   2   2       0.02131722  d_x2-y2
   29   1   0   0       1.38428328  s
   29   2   1  -1       0.83474738  p_y
   29   2   1   0       0.82432964  p_z
   29   2   1   1       0.82871165  p_x
   29   3   2  -2       0.03319252  d_xy
   29   3   2  -1       0.03627221  d_yz
   29   3   2   0       0.01744883  d_z2
   29   3   2   1       0.03931984  d_xz
   29   3   2   2       0.01567789  d_x2-y2
   30   1   0   0       1.37533819  s
   30   2   1  -1       0.82311884  p_y
   30   2   1   0       0.82787094  p_z
   30   2   1   1       0.82663659  p_x
   30   3   2  -2       0.04152454  d_xy
   30   3   2  -1       0.03587310  d_yz
   30   3   2   0       0.01933747  d_z2
   30   3   2   1       0.04010785  d_xz
   30   3   2   2       0.01917997  d_x2-y2
   31   1   0   0       1.35092300  s
   31   2   1  -1       0.83392744  p_y
   31   2   1   0       0.82350195  p_z
   31   2   1   1       0.82929620  p_x
   31   3   2  -2       0.03734834  d_xy
   31   3   2  -1       0.03882429  d_yz
   31   3   2   0       0.02118225  d_z2
   31   3   2   1       0.03989481  d_xz
   31   3   2   2       0.01854758  d_x2-y2
   32   1   0   0       1.35126368  s
   32   2   1  -1       0.82594449  p_y
   32   2   1   0       0.82896687  p_z
   32   2   1   1       0.82802308  p_x
   32   3   2  -2       0.04360392  d_xy
   32   3   2  -1       0.04224958  d_yz
   32   3   2   0       0.02126072  d_z2
   32   3   2   1       0.03685646  d_xz
   32   3   2   2       0.02084798  d_x2-y2
   33   1   0   0       1.36321695  s
   33   2   1  -1       0.83586212  p_y
   33   2   1   0       0.82585929  p_z
   33   2   1   1       0.83228887  p_x
   33   3   2  -2       0.03717228  d_xy
   33   3   2  -1       0.03801704  d_yz
   33   3   2   0       0.01985998  d_z2
   33   3   2   1       0.03835146  d_xz
   33   3   2   2       0.01659490  d_x2-y2
   34   1   0   0       1.37605108  s
   34   2   1  -1       0.83384140  p_y
   34   2   1   0       0.82940572  p_z
   34   2   1   1       0.82694700  p_x
   34   3   2  -2       0.03353232  d_xy
   34   3   2  -1       0.03733598  d_yz
   34   3   2   0       0.01737725  d_z2
   34   3   2   1       0.03883908  d_xz
   34   3   2   2       0.01854593  d_x2-y2
   35   1   0   0       1.35436760  s
   35   2   1  -1       0.83223000  p_y
   35   2   1   0       0.82519906  p_z
   35   2   1   1       0.82846037  p_x
   35   3   2  -2       0.03803463  d_xy
   35   3   2  -1       0.03901138  d_yz
   35   3   2   0       0.02083520  d_z2
   35   3   2   1       0.04052059  d_xz
   35   3   2   2       0.01833795  d_x2-y2
   36   1   0   0       1.32622004  s
   36   2   1  -1       0.82936598  p_y
   36   2   1   0       0.82677580  p_z
   36   2   1   1       0.82343759  p_x
   36   3   2  -2       0.04314878  d_xy
   36   3   2  -1       0.04041968  d_yz
   36   3   2   0       0.02315710  d_z2
   36   3   2   1       0.04606388  d_xz
   36   3   2   2       0.02363971  d_x2-y2
   37   1   0   0       1.33426810  s
   37   2   1  -1       0.82296044  p_y
   37   2   1   0       0.83000890  p_z
   37   2   1   1       0.82301352  p_x
   37   3   2  -2       0.04493822  d_xy
   37   3   2  -1       0.04290704  d_yz
   37   3   2   0       0.02362225  d_z2
   37   3   2   1       0.04200024  d_xz
   37   3   2   2       0.02276283  d_x2-y2
   38   1   0   0       1.38216140  s
   38   2   1  -1       0.83059138  p_y
   38   2   1   0       0.82747052  p_z
   38   2   1   1       0.83403405  p_x
   38   3   2  -2       0.03762079  d_xy
   38   3   2  -1       0.03376717  d_yz
   38   3   2   0       0.01656927  d_z2
   38   3   2   1       0.03616276  d_xz
   38   3   2   2       0.01495928  d_x2-y2
   39   1   0   0       1.35269671  s
   39   2   1  -1       0.82657455  p_y
   39   2   1   0       0.82813292  p_z
   39   2   1   1       0.82781289  p_x
   39   3   2  -2       0.04072205  d_xy
   39   3   2  -1       0.04100270  d_yz
   39   3   2   0       0.02054255  d_z2
   39   3   2   1       0.04213600  d_xz
   39   3   2   2       0.02131431  d_x2-y2
   40   1   0   0       1.38637080  s
   40   2   1  -1       0.83454855  p_y
   40   2   1   0       0.82155420  p_z
   40   2   1   1       0.83282131  p_x
   40   3   2  -2       0.03112108  d_xy
   40   3   2  -1       0.04212166  d_yz
   40   3   2   0       0.01725257  d_z2
   40   3   2   1       0.03622066  d_xz
   40   3   2   2       0.01643796  d_x2-y2
   41   1   0   0       1.37502160  s
   41   2   1  -1       0.83434746  p_y
   41   2   1   0       0.82676150  p_z
   41   2   1   1       0.82844698  p_x
   41   3   2  -2       0.03664834  d_xy
   41   3   2  -1       0.03641513  d_yz
   41   3   2   0       0.01942116  d_z2
   41   3   2   1       0.04141813  d_xz
   41   3   2   2       0.01762181  d_x2-y2
   42   1   0   0       1.37347998  s
   42   2   1  -1       0.82818015  p_y
   42   2   1   0       0.82809473  p_z
   42   2   1   1       0.83031009  p_x
   42   3   2  -2       0.03705143  d_xy
   42   3   2  -1       0.04115761  d_yz
   42   3   2   0       0.01811905  d_z2
   42   3   2   1       0.03870784  d_xz
   42   3   2   2       0.01933665  d_x2-y2
   43   1   0   0       1.38534062  s
   43   2   1  -1       0.82973121  p_y
   43   2   1   0       0.82383072  p_z
   43   2   1   1       0.83040029  p_x
   43   3   2  -2       0.03312955  d_xy
   43   3   2  -1       0.03461758  d_yz
   43   3   2   0       0.01724695  d_z2
   43   3   2   1       0.03788895  d_xz
   43   3   2   2       0.01545638  d_x2-y2
   44   1   0   0       1.38914234  s
   44   2   1  -1       0.83086229  p_y
   44   2   1   0       0.83239819  p_z
   44   2   1   1       0.82798995  p_x
   44   3   2  -2       0.04025881  d_xy
   44   3   2  -1       0.03287734  d_yz
   44   3   2   0       0.01614081  d_z2
   44   3   2   1       0.03492311  d_xz
   44   3   2   2       0.01757202  d_x2-y2
   45   1   0   0       1.37205363  s
   45   2   1  -1       0.82480938  p_y
   45   2   1   0       0.83401806  p_z
   45   2   1   1       0.82648503  p_x
   45   3   2  -2       0.04095563  d_xy
   45   3   2  -1       0.03563663  d_yz
   45   3   2   0       0.01750504  d_z2
   45   3   2   1       0.03604105  d_xz
   45   3   2   2       0.01841600  d_x2-y2
   46   1   0   0       1.33421011  s
   46   2   1  -1       0.82994170  p_y
   46   2   1   0       0.82237733  p_z
   46   2   1   1       0.82843491  p_x
   46   3   2  -2       0.04088821  d_xy
   46   3   2  -1       0.04125493  d_yz
   46   3   2   0       0.02312024  d_z2
   46   3   2   1       0.04366685  d_xz
   46   3   2   2       0.02099205  d_x2-y2
   47   1   0   0       1.34889246  s
   47   2   1  -1       0.82520067  p_y
   47   2   1   0       0.83025617  p_z
   47   2   1   1       0.82616160  p_x
   47   3   2  -2       0.04293425  d_xy
   47   3   2  -1       0.04373412  d_yz
   47   3   2   0       0.02184862  d_z2
   47   3   2   1       0.03854619  d_xz
   47   3   2   2       0.02112195  d_x2-y2
   48   1   0   0       1.34417456  s
   48   2   1  -1       0.83282002  p_y
   48   2   1   0       0.82225460  p_z
   48   2   1   1       0.83331907  p_x
   48   3   2  -2       0.03582645  d_xy
   48   3   2  -1       0.04391765  d_yz
   48   3   2   0       0.02231421  d_z2
   48   3   2   1       0.04389104  d_xz
   48   3   2   2       0.02043960  d_x2-y2
   49   1   0   0       1.34831149  s
   49   2   1  -1       0.82193202  p_y
   49   2   1   0       0.83526698  p_z
   49   2   1   1       0.82734512  p_x
   49   3   2  -2       0.04615662  d_xy
   49   3   2  -1       0.04065227  d_yz
   49   3   2   0       0.02069529  d_z2
   49   3   2   1       0.03687358  d_xz
   49   3   2   2       0.02102229  d_x2-y2
   50   1   0   0       1.37290942  s
   50   2   1  -1       0.82800923  p_y
   50   2   1   0       0.82730701  p_z
   50   2   1   1       0.82495650  p_x
   50   3   2  -2       0.03629204  d_xy
   50   3   2  -1       0.03568213  d_yz
   50   3   2   0       0.01763415  d_z2
   50   3   2   1       0.03554042  d_xz
   50   3   2   2       0.01616796  d_x2-y2
   51   1   0   0       1.34092936  s
   51   2   1  -1       0.82692669  p_y
   51   2   1   0       0.83464507  p_z
   51   2   1   1       0.82537656  p_x
   51   3   2  -2       0.04303331  d_xy
   51   3   2  -1       0.03848415  d_yz
   51   3   2   0       0.02046338  d_z2
   51   3   2   1       0.04113219  d_xz
   51   3   2   2       0.02235293  d_x2-y2
   52   1   0   0       1.35796165  s
   52   2   1  -1       0.82990235  p_y
   52   2   1   0       0.82317426  p_z
   52   2   1   1       0.82250810  p_x
   52   3   2  -2       0.03828872  d_xy
   52   3   2  -1       0.03899318  d_yz
   52   3   2   0       0.02042247  d_z2
   52   3   2   1       0.04176160  d_xz
   52   3   2   2       0.01951315  d_x2-y2
   53   1   0   0       1.35964775  s
   53   2   1  -1       0.83035270  p_y
   53   2   1   0       0.82249049  p_z
   53   2   1   1       0.83139202  p_x
   53   3   2  -2       0.03540994  d_xy
   53   3   2  -1       0.03867005  d_yz
   53   3   2   0       0.01970285  d_z2
   53   3   2   1       0.04157155  d_xz
   53   3   2   2       0.02004657  d_x2-y2
   54   1   0   0       1.32892882  s
   54   2   1  -1       0.82095711  p_y
   54   2   1   0       0.82784948  p_z
   54   2   1   1       0.82301679  p_x
   54   3   2  -2       0.04833350  d_xy
   54   3   2  -1       0.04477236  d_yz
   54   3   2   0       0.02132415  d_z2
   54   3   2   1       0.03852602  d_xz
   54   3   2   2       0.02648775  d_x2-y2
   55   1   0   0       1.35770791  s
   55   2   1  -1       0.83038901  p_y
   55   2   1   0       0.82563633  p_z
   55   2   1   1       0.82881375  p_x
   55   3   2  -2       0.03923439  d_xy
   55   3   2  -1       0.03904429  d_yz
   55   3   2   0       0.02016078  d_z2
   55   3   2   1       0.03914187  d_xz
   55   3   2   2       0.01855878  d_x2-y2
   56   1   0   0       1.33025563  s
   56   2   1  -1       0.82426973  p_y
   56   2   1   0       0.83229404  p_z
   56   2   1   1       0.82250660  p_x
   56   3   2  -2       0.04514910  d_xy
   56   3   2  -1       0.04196155  d_yz
   56   3   2   0       0.02245634  d_z2
   56   3   2   1       0.04458198  d_xz
   56   3   2   2       0.02473160  d_x2-y2
   57   1   0   0       1.37305655  s
   57   2   1  -1       0.82997474  p_y
   57   2   1   0       0.83370886  p_z
   57   2   1   1       0.81907572  p_x
   57   3   2  -2       0.04089480  d_xy
   57   3   2  -1       0.03442145  d_yz
   57   3   2   0       0.01686637  d_z2
   57   3   2   1       0.03984514  d_xz
   57   3   2   2       0.02104419  d_x2-y2
   58   1   0   0       1.36311148  s
   58   2   1  -1       0.82973064  p_y
   58   2   1   0       0.82446787  p_z
   58   2   1   1       0.82632323  p_x
   58   3   2  -2       0.03691712  d_xy
   58   3   2  -1       0.03847925  d_yz
   58   3   2   0       0.01877356  d_z2
   58   3   2   1       0.04120030  d_xz
   58   3   2   2       0.01965540  d_x2-y2
   59   1   0   0       1.38808809  s
   59   2   1  -1       0.82731658  p_y
   59   2   1   0       0.83234182  p_z
   59   2   1   1       0.82770776  p_x
   59   3   2  -2       0.03823558  d_xy
   59   3   2  -1       0.03757538  d_yz
   59   3   2   0       0.01685147  d_z2
   59   3   2   1       0.03336985  d_xz
   59   3   2   2       0.01607125  d_x2-y2
   60   1   0   0       1.32920253  s
   60   2   1  -1       0.82665066  p_y
   60   2   1   0       0.82433147  p_z
   60   2   1   1       0.83048307  p_x
   60   3   2  -2       0.04198391  d_xy
   60   3   2  -1       0.04236284  d_yz
   60   3   2   0       0.02352154  d_z2
   60   3   2   1       0.04373819  d_xz
   60   3   2   2       0.02159826  d_x2-y2
   61   1   0   0       1.34595823  s
   61   2   1  -1       0.82482742  p_y
   61   2   1   0       0.82890793  p_z
   61   2   1   1       0.82837403  p_x
   61   3   2  -2       0.03964323  d_xy
   61   3   2  -1       0.04445058  d_yz
   61   3   2   0       0.01923698  d_z2
   61   3   2   1       0.03754785  d_xz
   61   3   2   2       0.02184483  d_x2-y2
   62   1   0   0       1.37953247  s
   62   2   1  -1       0.82690277  p_y
   62   2   1   0       0.82454627  p_z
   62   2   1   1       0.82513034  p_x
   62   3   2  -2       0.03909393  d_xy
   62   3   2  -1       0.03590268  d_yz
   62   3   2   0       0.01821651  d_z2
   62   3   2   1       0.04211518  d_xz
   62   3   2   2       0.01964222  d_x2-y2
   63   1   0   0       1.34230244  s
   63   2   1  -1       0.82453158  p_y
   63   2   1   0       0.83152734  p_z
   63   2   1   1       0.82678166  p_x
   63   3   2  -2       0.04551336  d_xy
   63   3   2  -1       0.03928999  d_yz
   63   3   2   0       0.02006091  d_z2
   63   3   2   1       0.04059608  d_xz
   63   3   2   2       0.02264356  d_x2-y2
   64   1   0   0       1.37189616  s
   64   2   1  -1       0.82828699  p_y
   64   2   1   0       0.82873383  p_z
   64   2   1   1       0.83214084  p_x
   64   3   2  -2       0.03518713  d_xy
   64   3   2  -1       0.03968304  d_yz
   64   3   2   0       0.01674748  d_z2
   64   3   2   1       0.03382266  d_xz
   64   3   2   2       0.01692981  d_x2-y2

Fermi level:                        -0.1330614725 H           -3.6208 eV
Band energy:                       -88.1652503427 H        -2399.0985 eV
TS:                                  0.0000000000 H            0.0000 eV
Band free energy (E-TS):           -88.1652503427 H        -2399.0985 eV
Extrapolated E(0K):                -88.1652503427 H        -2399.0985 eV
Input / Output electrons (q):    256.0000000000    256.0000000000

Energy H0:                         -88.1554378555 H        -2398.8315 eV
Energy SCC:                          0.0003571455 H            0.0097 eV
Total Electronic energy:           -88.1550807100 H        -2398.8218 eV
Repulsive energy:                    0.0000000000 H            0.0000 eV
Total energy:                      -88.1550807100 H        -2398.8218 eV
Extrapolated to 0:                 -88.1550807100 H        -2398.8218 eV
Total Mermin free energy:          -88.1550807100 H        -2398.8218 eV
Force related energy:              -88.1550807100 H        -2398.8218 eV

Non-constrained calculation

SCC converged

Warning: dipole moment is not defined absolutely!
Dipole moment:   -0.46141215   -0.48089813   -0.15091107 au
Dipole moment:   -1.17279280   -1.22232122   -0.38357771 Debye


