 Fermi distribution function

Calculation with static geometry


********************************************************************************
 iSCC Total electronic   Diff electronic      SCC error    
    9   -0.88187485E+02   -0.50539484E-09    0.43154238E-05
********************************************************************************

 Total charge:    -0.00000000

 Atomic gross charges (e)
 Atom           Charge
    1      -0.00330806
    2      -0.00751714
    3      -0.00433167
    4      -0.00933771
    5       0.00811826
    6      -0.00045079
    7       0.00235589
    8       0.00888874
    9       0.01249201
   10      -0.00393004
   11       0.00416751
   12      -0.00571292
   13      -0.00301087
   14       0.00937987
   15      -0.00651442
   16      -0.00392989
   17       0.01502425
   18      -0.00393079
   19       0.00129327
   20      -0.00550373
   21       0.00559663
   22      -0.01396006
   23       0.02331416
   24      -0.03304632
   25      -0.00731608
   26       0.00753617
   27       0.00004317
   28       0.00392937
   29       0.00734877
   30      -0.00416450
   31      -0.00600341
   32       0.00375449
   33      -0.00263134
   34       0.00648239
   35      -0.00873128
   36      -0.00280956
   37       0.00616850
   38      -0.01272918
   39       0.00938421
   40      -0.00530818
   41       0.00352782
   42       0.01055072
   43      -0.00034295
   44       0.01076562
   45       0.01995164
   46      -0.01499182
   47       0.00992486
   48       0.00186988
   49      -0.00025074
   50      -0.00423631
   51       0.00930575
   52       0.00251042
   53       0.01236276
   54      -0.00921294
   55      -0.01142819
   56      -0.00136326
   57       0.00403858
   58       0.00545541
   59       0.01163586
   60      -0.00537170
   61      -0.01225766
   62       0.01230949
   63      -0.00959520
   64      -0.02625775

Nr. of electrons (up):    256.00000000
Atom populations (up)
 Atom       Population
    1       4.00330806
    2       4.00751714
    3       4.00433167
    4       4.00933771
    5       3.99188174
    6       4.00045079
    7       3.99764411
    8       3.99111126
    9       3.98750799
   10       4.00393004
   11       3.99583249
   12       4.00571292
   13       4.00301087
   14       3.99062013
   15       4.00651442
   16       4.00392989
   17       3.98497575
   18       4.00393079
   19       3.99870673
   20       4.00550373
   21       3.99440337
   22       4.01396006
   23       3.97668584
   24       4.03304632
   25       4.00731608
   26       3.99246383
   27       3.99995683
   28       3.99607063
   29       3.99265123
   30       4.00416450
   31       4.00600341
   32       3.99624551
   33       4.00263134
   34       3.99351761
   35       4.00873128
   36       4.00280956
   37       3.99383150
   38       4.01272918
   39       3.99061579
   40       4.00530818
   41       3.99647218
   42       3.98944928
   43       4.00034295
   44       3.98923438
   45       3.98004836
   46       4.01499182
   47       3.99007514
   48       3.99813012
   49       4.00025074
   50       4.00423631
   51       3.99069425
   52       3.99748958
   53       3.98763724
   54       4.00921294
   55       4.01142819
   56       4.00136326
   57       3.99596142
   58       3.99454459
   59       3.98836414
   60       4.00537170
   61       4.01225766
   62       3.98769051
   63       4.00959520
   64       4.02625775

l-shell populations (up)
 Atom Sh.   l       Population
    1   1   0       1.37084314
    1   2   1       2.48575169
    1   3   2       0.14671323
    2   1   0       1.36665399
    2   2   1       2.48450952
    2   3   2       0.15635363
    3   1   0       1.37270676
    3   2   1       2.48447845
    3   3   2       0.14714647
    4   1   0       1.36941062
    4   2   1       2.48980259
    4   3   2       0.15012450
    5   1   0       1.34168689
    5   2   1       2.48439934
    5   3   2       0.16579552
    6   1   0       1.35703929
    6   2   1       2.48812097
    6   3   2       0.15529053
    7   1   0       1.34994792
    7   2   1       2.48199703
    7   3   2       0.16569916
    8   1   0       1.34130605
    8   2   1       2.48635824
    8   3   2       0.16344697
    9   1   0       1.34209387
    9   2   1       2.48585578
    9   3   2       0.15955833
   10   1   0       1.35520214
   10   2   1       2.49243289
   10   3   2       0.15629502
   11   1   0       1.34848719
   11   2   1       2.48945910
   11   3   2       0.15788621
   12   1   0       1.37163436
   12   2   1       2.48794606
   12   3   2       0.14613249
   13   1   0       1.35403649
   13   2   1       2.48880357
   13   3   2       0.16017081
   14   1   0       1.34572337
   14   2   1       2.48367573
   14   3   2       0.16122103
   15   1   0       1.37127061
   15   2   1       2.48423702
   15   3   2       0.15100679
   16   1   0       1.36726428
   16   2   1       2.48494833
   16   3   2       0.15171727
   17   1   0       1.32934837
   17   2   1       2.48349858
   17   3   2       0.17212881
   18   1   0       1.36059099
   18   2   1       2.48870634
   18   3   2       0.15463346
   19   1   0       1.35791546
   19   2   1       2.48347615
   19   3   2       0.15731513
   20   1   0       1.37366380
   20   2   1       2.48734729
   20   3   2       0.14449265
   21   1   0       1.34697764
   21   2   1       2.48427784
   21   3   2       0.16314789
   22   1   0       1.36277855
   22   2   1       2.49544310
   22   3   2       0.15573841
   23   1   0       1.32132258
   23   2   1       2.47770400
   23   3   2       0.17765926
   24   1   0       1.39381816
   24   2   1       2.50482489
   24   3   2       0.13440327
   25   1   0       1.37184960
   25   2   1       2.48218480
   25   3   2       0.15328167
   26   1   0       1.34140772
   26   2   1       2.49166839
   26   3   2       0.15938773
   27   1   0       1.36905171
   27   2   1       2.47941214
   27   3   2       0.15149298
   28   1   0       1.36045426
   28   2   1       2.47510618
   28   3   2       0.16051018
   29   1   0       1.35607610
   29   2   1       2.48128899
   29   3   2       0.15528614
   30   1   0       1.35258874
   30   2   1       2.49211333
   30   3   2       0.15946243
   31   1   0       1.37766497
   31   2   1       2.47621823
   31   3   2       0.15212021
   32   1   0       1.34944059
   32   2   1       2.47177355
   32   3   2       0.17503137
   33   1   0       1.35811650
   33   2   1       2.48342011
   33   3   2       0.16109474
   34   1   0       1.34901881
   34   2   1       2.48169262
   34   3   2       0.16280618
   35   1   0       1.36878482
   35   2   1       2.48302801
   35   3   2       0.15691846
   36   1   0       1.36580436
   36   2   1       2.48301683
   36   3   2       0.15398837
   37   1   0       1.35514569
   37   2   1       2.48254304
   37   3   2       0.15614277
   38   1   0       1.37856452
   38   2   1       2.48980076
   38   3   2       0.14436390
   39   1   0       1.34848658
   39   2   1       2.47751327
   39   3   2       0.16461595
   40   1   0       1.35493906
   40   2   1       2.49513394
   40   3   2       0.15523518
   41   1   0       1.35522437
   41   2   1       2.48571160
   41   3   2       0.15553621
   42   1   0       1.33516038
   42   2   1       2.48343413
   42   3   2       0.17085478
   43   1   0       1.35964530
   43   2   1       2.49079605
   43   3   2       0.14990160
   44   1   0       1.34558667
   44   2   1       2.48214574
   44   3   2       0.16150197
   45   1   0       1.33665900
   45   2   1       2.48252546
   45   3   2       0.16086390
   46   1   0       1.36996868
   46   2   1       2.49205016
   46   3   2       0.15297298
   47   1   0       1.35771429
   47   2   1       2.47994834
   47   3   2       0.15241251
   48   1   0       1.34555292
   48   2   1       2.48212782
   48   3   2       0.17044938
   49   1   0       1.35919418
   49   2   1       2.48615216
   49   3   2       0.15490440
   50   1   0       1.36767087
   50   2   1       2.48958754
   50   3   2       0.14697790
   51   1   0       1.35062580
   51   2   1       2.47358853
   51   3   2       0.16647991
   52   1   0       1.35429036
   52   2   1       2.48023969
   52   3   2       0.16295953
   53   1   0       1.33344631
   53   2   1       2.48682624
   53   3   2       0.16736469
   54   1   0       1.36949864
   54   2   1       2.48810083
   54   3   2       0.15161347
   55   1   0       1.37110032
   55   2   1       2.49581343
   55   3   2       0.14451443
   56   1   0       1.35420840
   56   2   1       2.48975932
   56   3   2       0.15739554
   57   1   0       1.36131093
   57   2   1       2.48061724
   57   3   2       0.15403325
   58   1   0       1.34668241
   58   2   1       2.48031312
   58   3   2       0.16754905
   59   1   0       1.34337167
   59   2   1       2.48871488
   59   3   2       0.15627760
   60   1   0       1.35554941
   60   2   1       2.48313942
   60   3   2       0.16668287
   61   1   0       1.38261214
   61   2   1       2.48477366
   61   3   2       0.14487186
   62   1   0       1.33847624
   62   2   1       2.48664634
   62   3   2       0.16256793
   63   1   0       1.37226126
   63   2   1       2.48332337
   63   3   2       0.15401057
   64   1   0       1.40237580
   64   2   1       2.48703110
   64   3   2       0.13685085

Orbital populations (up)
 Atom Sh.   l   m       Population  Label
    1   1   0   0       1.37084314  s
    1   2   1  -1       0.82827937  p_y
    1   2   1   0       0.82839829  p_z
    1   2   1   1       0.82907402  p_x
    1   3   2  -2       0.03704778  d_xy
    1   3   2  -1       0.04121831  d_yz
    1   3   2   0       0.01715576  d_z2
    1   3   2   1       0.03367747  d_xz
    1   3   2   2       0.01761391  d_x2-y2
    2   1   0   0       1.36665399  s
    2   2   1  -1       0.82845621  p_y
    2   2   1   0       0.82901951  p_z
    2   2   1   1       0.82703380  p_x
    2   3   2  -2       0.04196037  d_xy
    2   3   2  -1       0.03756869  d_yz
    2   3   2   0       0.01877535  d_z2
    2   3   2   1       0.03864005  d_xz
    2   3   2   2       0.01940917  d_x2-y2
    3   1   0   0       1.37270676  s
    3   2   1  -1       0.83005880  p_y
    3   2   1   0       0.82894549  p_z
    3   2   1   1       0.82547417  p_x
    3   3   2  -2       0.03748063  d_xy
    3   3   2  -1       0.03327217  d_yz
    3   3   2   0       0.01673699  d_z2
    3   3   2   1       0.04179528  d_xz
    3   3   2   2       0.01786139  d_x2-y2
    4   1   0   0       1.36941062  s
    4   2   1  -1       0.82833298  p_y
    4   2   1   0       0.83146005  p_z
    4   2   1   1       0.83000955  p_x
    4   3   2  -2       0.04190926  d_xy
    4   3   2  -1       0.03751264  d_yz
    4   3   2   0       0.01877748  d_z2
    4   3   2   1       0.03433845  d_xz
    4   3   2   2       0.01758667  d_x2-y2
    5   1   0   0       1.34168689  s
    5   2   1  -1       0.82807125  p_y
    5   2   1   0       0.82820857  p_z
    5   2   1   1       0.82811952  p_x
    5   3   2  -2       0.04202896  d_xy
    5   3   2  -1       0.04023670  d_yz
    5   3   2   0       0.02276766  d_z2
    5   3   2   1       0.04055394  d_xz
    5   3   2   2       0.02020826  d_x2-y2
    6   1   0   0       1.35703929  s
    6   2   1  -1       0.82984319  p_y
    6   2   1   0       0.83133159  p_z
    6   2   1   1       0.82694619  p_x
    6   3   2  -2       0.04048072  d_xy
    6   3   2  -1       0.04073502  d_yz
    6   3   2   0       0.01915327  d_z2
    6   3   2   1       0.03558601  d_xz
    6   3   2   2       0.01933551  d_x2-y2
    7   1   0   0       1.34994792  s
    7   2   1  -1       0.82545588  p_y
    7   2   1   0       0.82981419  p_z
    7   2   1   1       0.82672696  p_x
    7   3   2  -2       0.03894152  d_xy
    7   3   2  -1       0.04202328  d_yz
    7   3   2   0       0.02007818  d_z2
    7   3   2   1       0.04167690  d_xz
    7   3   2   2       0.02297929  d_x2-y2
    8   1   0   0       1.34130605  s
    8   2   1  -1       0.83038658  p_y
    8   2   1   0       0.82794504  p_z
    8   2   1   1       0.82802663  p_x
    8   3   2  -2       0.03983569  d_xy
    8   3   2  -1       0.03877764  d_yz
    8   3   2   0       0.02084527  d_z2
    8   3   2   1       0.04336435  d_xz
    8   3   2   2       0.02062403  d_x2-y2
    9   1   0   0       1.34209387  s
    9   2   1  -1       0.82670598  p_y
    9   2   1   0       0.82833636  p_z
    9   2   1   1       0.83081344  p_x
    9   3   2  -2       0.03915175  d_xy
    9   3   2  -1       0.03815548  d_yz
    9   3   2   0       0.02038705  d_z2
    9   3   2   1       0.04175384  d_xz
    9   3   2   2       0.02011022  d_x2-y2
   10   1   0   0       1.35520214  s
   10   2   1  -1       0.83077074  p_y
   10   2   1   0       0.83333745  p_z
   10   2   1   1       0.82832470  p_x
   10   3   2  -2       0.03828747  d_xy
   10   3   2  -1       0.03843066  d_yz
   10   3   2   0       0.01982319  d_z2
   10   3   2   1       0.03950035  d_xz
   10   3   2   2       0.02025334  d_x2-y2
   11   1   0   0       1.34848719  s
   11   2   1  -1       0.82494295  p_y
   11   2   1   0       0.83310267  p_z
   11   2   1   1       0.83141347  p_x
   11   3   2  -2       0.04088041  d_xy
   11   3   2  -1       0.04217493  d_yz
   11   3   2   0       0.01902933  d_z2
   11   3   2   1       0.03547257  d_xz
   11   3   2   2       0.02032897  d_x2-y2
   12   1   0   0       1.37163436  s
   12   2   1  -1       0.82857284  p_y
   12   2   1   0       0.82783768  p_z
   12   2   1   1       0.83153554  p_x
   12   3   2  -2       0.03389239  d_xy
   12   3   2  -1       0.03740832  d_yz
   12   3   2   0       0.01710412  d_z2
   12   3   2   1       0.04023302  d_xz
   12   3   2   2       0.01749465  d_x2-y2
   13   1   0   0       1.35403649  s
   13   2   1  -1       0.83023380  p_y
   13   2   1   0       0.83123093  p_z
   13   2   1   1       0.82733885  p_x
   13   3   2  -2       0.04336816  d_xy
   13   3   2  -1       0.03582801  d_yz
   13   3   2   0       0.02121743  d_z2
   13   3   2   1       0.04057930  d_xz
   13   3   2   2       0.01917790  d_x2-y2
   14   1   0   0       1.34572337  s
   14   2   1  -1       0.82839807  p_y
   14   2   1   0       0.82972940  p_z
   14   2   1   1       0.82554826  p_x
   14   3   2  -2       0.04229593  d_xy
   14   3   2  -1       0.03572258  d_yz
   14   3   2   0       0.02068371  d_z2
   14   3   2   1       0.04255700  d_xz
   14   3   2   2       0.01996182  d_x2-y2
   15   1   0   0       1.37127061  s
   15   2   1  -1       0.82924745  p_y
   15   2   1   0       0.82650886  p_z
   15   2   1   1       0.82848070  p_x
   15   3   2  -2       0.03716231  d_xy
   15   3   2  -1       0.04092960  d_yz
   15   3   2   0       0.01814254  d_z2
   15   3   2   1       0.03659640  d_xz
   15   3   2   2       0.01817595  d_x2-y2
   16   1   0   0       1.36726428  s
   16   2   1  -1       0.82558266  p_y
   16   2   1   0       0.83091285  p_z
   16   2   1   1       0.82845283  p_x
   16   3   2  -2       0.03757367  d_xy
   16   3   2  -1       0.04148212  d_yz
   16   3   2   0       0.01824554  d_z2
   16   3   2   1       0.03570832  d_xz
   16   3   2   2       0.01870762  d_x2-y2
   17   1   0   0       1.32934837  s
   17   2   1  -1       0.82910703  p_y
   17   2   1   0       0.82425201  p_z
   17   2   1   1       0.83013953  p_x
   17   3   2  -2       0.04084713  d_xy
   17   3   2  -1       0.04444631  d_yz
   17   3   2   0       0.02395334  d_z2
   17   3   2   1       0.04206395  d_xz
   17   3   2   2       0.02081807  d_x2-y2
   18   1   0   0       1.36059099  s
   18   2   1  -1       0.82944199  p_y
   18   2   1   0       0.82761867  p_z
   18   2   1   1       0.83164567  p_x
   18   3   2  -2       0.03936177  d_xy
   18   3   2  -1       0.03740604  d_yz
   18   3   2   0       0.01981083  d_z2
   18   3   2   1       0.04008285  d_xz
   18   3   2   2       0.01797196  d_x2-y2
   19   1   0   0       1.35791546  s
   19   2   1  -1       0.82822240  p_y
   19   2   1   0       0.82495553  p_z
   19   2   1   1       0.83029821  p_x
   19   3   2  -2       0.03899112  d_xy
   19   3   2  -1       0.03885644  d_yz
   19   3   2   0       0.02045984  d_z2
   19   3   2   1       0.04050051  d_xz
   19   3   2   2       0.01850721  d_x2-y2
   20   1   0   0       1.37366380  s
   20   2   1  -1       0.82636746  p_y
   20   2   1   0       0.83039379  p_z
   20   2   1   1       0.83058604  p_x
   20   3   2  -2       0.03605841  d_xy
   20   3   2  -1       0.03841469  d_yz
   20   3   2   0       0.01629106  d_z2
   20   3   2   1       0.03562687  d_xz
   20   3   2   2       0.01810161  d_x2-y2
   21   1   0   0       1.34697764  s
   21   2   1  -1       0.83182529  p_y
   21   2   1   0       0.82429626  p_z
   21   2   1   1       0.82815630  p_x
   21   3   2  -2       0.04040976  d_xy
   21   3   2  -1       0.04219761  d_yz
   21   3   2   0       0.02301863  d_z2
   21   3   2   1       0.03878311  d_xz
   21   3   2   2       0.01873878  d_x2-y2
   22   1   0   0       1.36277855  s
   22   2   1  -1       0.83124702  p_y
   22   2   1   0       0.82976575  p_z
   22   2   1   1       0.83443033  p_x
   22   3   2  -2       0.03809947  d_xy
   22   3   2  -1       0.04226961  d_yz
   22   3   2   0       0.02095198  d_z2
   22   3   2   1       0.03556375  d_xz
   22   3   2   2       0.01885361  d_x2-y2
   23   1   0   0       1.32132258  s
   23   2   1  -1       0.82767473  p_y
   23   2   1   0       0.82954841  p_z
   23   2   1   1       0.82048085  p_x
   23   3   2  -2       0.04392366  d_xy
   23   3   2  -1       0.04355304  d_yz
   23   3   2   0       0.02222954  d_z2
   23   3   2   1       0.04262408  d_xz
   23   3   2   2       0.02532893  d_x2-y2
   24   1   0   0       1.39381816  s
   24   2   1  -1       0.83766420  p_y
   24   2   1   0       0.83446260  p_z
   24   2   1   1       0.83269809  p_x
   24   3   2  -2       0.03628749  d_xy
   24   3   2  -1       0.03434270  d_yz
   24   3   2   0       0.01510468  d_z2
   24   3   2   1       0.03357997  d_xz
   24   3   2   2       0.01508843  d_x2-y2
   25   1   0   0       1.37184960  s
   25   2   1  -1       0.82805014  p_y
   25   2   1   0       0.82935670  p_z
   25   2   1   1       0.82477796  p_x
   25   3   2  -2       0.03659303  d_xy
   25   3   2  -1       0.03903329  d_yz
   25   3   2   0       0.01791967  d_z2
   25   3   2   1       0.04030430  d_xz
   25   3   2   2       0.01943138  d_x2-y2
   26   1   0   0       1.34140772  s
   26   2   1  -1       0.83255599  p_y
   26   2   1   0       0.82930242  p_z
   26   2   1   1       0.82980998  p_x
   26   3   2  -2       0.04085889  d_xy
   26   3   2  -1       0.03764956  d_yz
   26   3   2   0       0.01976438  d_z2
   26   3   2   1       0.04126488  d_xz
   26   3   2   2       0.01985003  d_x2-y2
   27   1   0   0       1.36905171  s
   27   2   1  -1       0.82739349  p_y
   27   2   1   0       0.82208033  p_z
   27   2   1   1       0.82993832  p_x
   27   3   2  -2       0.03952316  d_xy
   27   3   2  -1       0.03758564  d_yz
   27   3   2   0       0.01932432  d_z2
   27   3   2   1       0.03785591  d_xz
   27   3   2   2       0.01720396  d_x2-y2
   28   1   0   0       1.36045426  s
   28   2   1  -1       0.82622288  p_y
   28   2   1   0       0.82445330  p_z
   28   2   1   1       0.82443000  p_x
   28   3   2  -2       0.03726377  d_xy
   28   3   2  -1       0.04116902  d_yz
   28   3   2   0       0.01942554  d_z2
   28   3   2   1       0.04157751  d_xz
   28   3   2   2       0.02107434  d_x2-y2
   29   1   0   0       1.35607610  s
   29   2   1  -1       0.82760317  p_y
   29   2   1   0       0.82298981  p_z
   29   2   1   1       0.83069601  p_x
   29   3   2  -2       0.03790244  d_xy
   29   3   2  -1       0.03822879  d_yz
   29   3   2   0       0.01991737  d_z2
   29   3   2   1       0.04080166  d_xz
   29   3   2   2       0.01843588  d_x2-y2
   30   1   0   0       1.35258874  s
   30   2   1  -1       0.83260630  p_y
   30   2   1   0       0.83171311  p_z
   30   2   1   1       0.82779391  p_x
   30   3   2  -2       0.04019616  d_xy
   30   3   2  -1       0.03577458  d_yz
   30   3   2   0       0.02001246  d_z2
   30   3   2   1       0.04377616  d_xz
   30   3   2   2       0.01970308  d_x2-y2
   31   1   0   0       1.37766497  s
   31   2   1  -1       0.82574178  p_y
   31   2   1   0       0.82720878  p_z
   31   2   1   1       0.82326767  p_x
   31   3   2  -2       0.03829396  d_xy
   31   3   2  -1       0.03734716  d_yz
   31   3   2   0       0.01763903  d_z2
   31   3   2   1       0.03987245  d_xz
   31   3   2   2       0.01896761  d_x2-y2
   32   1   0   0       1.34944059  s
   32   2   1  -1       0.82534068  p_y
   32   2   1   0       0.82207164  p_z
   32   2   1   1       0.82436123  p_x
   32   3   2  -2       0.04177820  d_xy
   32   3   2  -1       0.04256319  d_yz
   32   3   2   0       0.02276462  d_z2
   32   3   2   1       0.04522806  d_xz
   32   3   2   2       0.02269729  d_x2-y2
   33   1   0   0       1.35811650  s
   33   2   1  -1       0.82466989  p_y
   33   2   1   0       0.83221522  p_z
   33   2   1   1       0.82653499  p_x
   33   3   2  -2       0.04196629  d_xy
   33   3   2  -1       0.04200461  d_yz
   33   3   2   0       0.01899289  d_z2
   33   3   2   1       0.03697769  d_xz
   33   3   2   2       0.02115325  d_x2-y2
   34   1   0   0       1.34901881  s
   34   2   1  -1       0.82884267  p_y
   34   2   1   0       0.82701020  p_z
   34   2   1   1       0.82583975  p_x
   34   3   2  -2       0.04305642  d_xy
   34   3   2  -1       0.03913463  d_yz
   34   3   2   0       0.01994178  d_z2
   34   3   2   1       0.03995782  d_xz
   34   3   2   2       0.02071552  d_x2-y2
   35   1   0   0       1.36878482  s
   35   2   1  -1       0.82922227  p_y
   35   2   1   0       0.82806580  p_z
   35   2   1   1       0.82573994  p_x
   35   3   2  -2       0.03790299  d_xy
   35   3   2  -1       0.03596663  d_yz
   35   3   2   0       0.01813242  d_z2
   35   3   2   1       0.04537864  d_xz
   35   3   2   2       0.01953778  d_x2-y2
   36   1   0   0       1.36580436  s
   36   2   1  -1       0.82932971  p_y
   36   2   1   0       0.82840602  p_z
   36   2   1   1       0.82528109  p_x
   36   3   2  -2       0.03786504  d_xy
   36   3   2  -1       0.03911296  d_yz
   36   3   2   0       0.01776892  d_z2
   36   3   2   1       0.03938516  d_xz
   36   3   2   2       0.01985630  d_x2-y2
   37   1   0   0       1.35514569  s
   37   2   1  -1       0.82506447  p_y
   37   2   1   0       0.82833443  p_z
   37   2   1   1       0.82914415  p_x
   37   3   2  -2       0.03895075  d_xy
   37   3   2  -1       0.04040890  d_yz
   37   3   2   0       0.01833836  d_z2
   37   3   2   1       0.03846337  d_xz
   37   3   2   2       0.01998139  d_x2-y2
   38   1   0   0       1.37856452  s
   38   2   1  -1       0.83166118  p_y
   38   2   1   0       0.82888175  p_z
   38   2   1   1       0.82925783  p_x
   38   3   2  -2       0.03590904  d_xy
   38   3   2  -1       0.04009158  d_yz
   38   3   2   0       0.01796223  d_z2
   38   3   2   1       0.03387630  d_xz
   38   3   2   2       0.01652475  d_x2-y2
   39   1   0   0       1.34848658  s
   39   2   1  -1       0.82908877  p_y
   39   2   1   0       0.82319921  p_z
   39   2   1   1       0.82522530  p_x
   39   3   2  -2       0.04140956  d_xy
   39   3   2  -1       0.04132644  d_yz
   39   3   2   0       0.02118668  d_z2
   39   3   2   1       0.04050855  d_xz
   39   3   2   2       0.02018471  d_x2-y2
   40   1   0   0       1.35493906  s
   40   2   1  -1       0.83331111  p_y
   40   2   1   0       0.83058106  p_z
   40   2   1   1       0.83124177  p_x
   40   3   2  -2       0.03750731  d_xy
   40   3   2  -1       0.03774014  d_yz
   40   3   2   0       0.01966477  d_z2
   40   3   2   1       0.04132852  d_xz
   40   3   2   2       0.01899444  d_x2-y2
   41   1   0   0       1.35522437  s
   41   2   1  -1       0.83376495  p_y
   41   2   1   0       0.82514475  p_z
   41   2   1   1       0.82680190  p_x
   41   3   2  -2       0.03890544  d_xy
   41   3   2  -1       0.03608969  d_yz
   41   3   2   0       0.02066825  d_z2
   41   3   2   1       0.04128355  d_xz
   41   3   2   2       0.01858929  d_x2-y2
   42   1   0   0       1.33516038  s
   42   2   1  -1       0.82907942  p_y
   42   2   1   0       0.82580191  p_z
   42   2   1   1       0.82855280  p_x
   42   3   2  -2       0.04101206  d_xy
   42   3   2  -1       0.03910533  d_yz
   42   3   2   0       0.02163936  d_z2
   42   3   2   1       0.04607866  d_xz
   42   3   2   2       0.02301936  d_x2-y2
   43   1   0   0       1.35964530  s
   43   2   1  -1       0.83234139  p_y
   43   2   1   0       0.82742088  p_z
   43   2   1   1       0.83103378  p_x
   43   3   2  -2       0.03833556  d_xy
   43   3   2  -1       0.04040291  d_yz
   43   3   2   0       0.02045200  d_z2
   43   3   2   1       0.03535185  d_xz
   43   3   2   2       0.01535928  d_x2-y2
   44   1   0   0       1.34558667  s
   44   2   1  -1       0.82718648  p_y
   44   2   1   0       0.82469358  p_z
   44   2   1   1       0.83026568  p_x
   44   3   2  -2       0.03635175  d_xy
   44   3   2  -1       0.04477168  d_yz
   44   3   2   0       0.01966751  d_z2
   44   3   2   1       0.03977750  d_xz
   44   3   2   2       0.02093353  d_x2-y2
   45   1   0   0       1.33665900  s
   45   2   1  -1       0.82771810  p_y
   45   2   1   0       0.82516824  p_z
   45   2   1   1       0.82963911  p_x
   45   3   2  -2       0.03918093  d_xy
   45   3   2  -1       0.04131090  d_yz
   45   3   2   0       0.02170353  d_z2
   45   3   2   1       0.03952214  d_xz
   45   3   2   2       0.01914641  d_x2-y2
   46   1   0   0       1.36996868  s
   46   2   1  -1       0.83194025  p_y
   46   2   1   0       0.82952873  p_z
   46   2   1   1       0.83058118  p_x
   46   3   2  -2       0.03903860  d_xy
   46   3   2  -1       0.03452961  d_yz
   46   3   2   0       0.01848506  d_z2
   46   3   2   1       0.04172255  d_xz
   46   3   2   2       0.01919716  d_x2-y2
   47   1   0   0       1.35771429  s
   47   2   1  -1       0.82813137  p_y
   47   2   1   0       0.82543675  p_z
   47   2   1   1       0.82638023  p_x
   47   3   2  -2       0.03746277  d_xy
   47   3   2  -1       0.03758312  d_yz
   47   3   2   0       0.01867196  d_z2
   47   3   2   1       0.03957030  d_xz
   47   3   2   2       0.01912436  d_x2-y2
   48   1   0   0       1.34555292  s
   48   2   1  -1       0.82741605  p_y
   48   2   1   0       0.82443320  p_z
   48   2   1   1       0.83027856  p_x
   48   3   2  -2       0.04095641  d_xy
   48   3   2  -1       0.04564855  d_yz
   48   3   2   0       0.02252748  d_z2
   48   3   2   1       0.04003360  d_xz
   48   3   2   2       0.02128334  d_x2-y2
   49   1   0   0       1.35919418  s
   49   2   1  -1       0.82860771  p_y
   49   2   1   0       0.82869947  p_z
   49   2   1   1       0.82884498  p_x
   49   3   2  -2       0.03620716  d_xy
   49   3   2  -1       0.04190642  d_yz
   49   3   2   0       0.01831642  d_z2
   49   3   2   1       0.03899594  d_xz
   49   3   2   2       0.01947846  d_x2-y2
   50   1   0   0       1.36767087  s
   50   2   1  -1       0.82987793  p_y
   50   2   1   0       0.83164242  p_z
   50   2   1   1       0.82806719  p_x
   50   3   2  -2       0.03969792  d_xy
   50   3   2  -1       0.03326071  d_yz
   50   3   2   0       0.01681866  d_z2
   50   3   2   1       0.03889973  d_xz
   50   3   2   2       0.01830088  d_x2-y2
   51   1   0   0       1.35062580  s
   51   2   1  -1       0.82505467  p_y
   51   2   1   0       0.82507100  p_z
   51   2   1   1       0.82346286  p_x
   51   3   2  -2       0.04314727  d_xy
   51   3   2  -1       0.03595213  d_yz
   51   3   2   0       0.02140374  d_z2
   51   3   2   1       0.04528103  d_xz
   51   3   2   2       0.02069574  d_x2-y2
   52   1   0   0       1.35429036  s
   52   2   1  -1       0.82469084  p_y
   52   2   1   0       0.83027465  p_z
   52   2   1   1       0.82527420  p_x
   52   3   2  -2       0.04277066  d_xy
   52   3   2  -1       0.04254384  d_yz
   52   3   2   0       0.01993326  d_z2
   52   3   2   1       0.03742612  d_xz
   52   3   2   2       0.02028565  d_x2-y2
   53   1   0   0       1.33344631  s
   53   2   1  -1       0.82603833  p_y
   53   2   1   0       0.83215369  p_z
   53   2   1   1       0.82863421  p_x
   53   3   2  -2       0.04126281  d_xy
   53   3   2  -1       0.04240482  d_yz
   53   3   2   0       0.01970568  d_z2
   53   3   2   1       0.04006279  d_xz
   53   3   2   2       0.02392859  d_x2-y2
   54   1   0   0       1.36949864  s
   54   2   1  -1       0.82648026  p_y
   54   2   1   0       0.83061012  p_z
   54   2   1   1       0.83101044  p_x
   54   3   2  -2       0.03718380  d_xy
   54   3   2  -1       0.04267378  d_yz
   54   3   2   0       0.01847750  d_z2
   54   3   2   1       0.03400505  d_xz
   54   3   2   2       0.01927334  d_x2-y2
   55   1   0   0       1.37110032  s
   55   2   1  -1       0.83358526  p_y
   55   2   1   0       0.83042606  p_z
   55   2   1   1       0.83180211  p_x
   55   3   2  -2       0.03444941  d_xy
   55   3   2  -1       0.03599754  d_yz
   55   3   2   0       0.01757789  d_z2
   55   3   2   1       0.03811526  d_xz
   55   3   2   2       0.01837434  d_x2-y2
   56   1   0   0       1.35420840  s
   56   2   1  -1       0.82563682  p_y
   56   2   1   0       0.82893138  p_z
   56   2   1   1       0.83519112  p_x
   56   3   2  -2       0.04048237  d_xy
   56   3   2  -1       0.03931378  d_yz
   56   3   2   0       0.01910764  d_z2
   56   3   2   1       0.03785223  d_xz
   56   3   2   2       0.02063952  d_x2-y2
   57   1   0   0       1.36131093  s
   57   2   1  -1       0.82893139  p_y
   57   2   1   0       0.82407261  p_z
   57   2   1   1       0.82761324  p_x
   57   3   2  -2       0.03574429  d_xy
   57   3   2  -1       0.04166426  d_yz
   57   3   2   0       0.01942609  d_z2
   57   3   2   1       0.03896078  d_xz
   57   3   2   2       0.01823783  d_x2-y2
   58   1   0   0       1.34668241  s
   58   2   1  -1       0.82389267  p_y
   58   2   1   0       0.82820248  p_z
   58   2   1   1       0.82821798  p_x
   58   3   2  -2       0.04225828  d_xy
   58   3   2  -1       0.04125687  d_yz
   58   3   2   0       0.02226718  d_z2
   58   3   2   1       0.04086195  d_xz
   58   3   2   2       0.02090476  d_x2-y2
   59   1   0   0       1.34337167  s
   59   2   1  -1       0.82618487  p_y
   59   2   1   0       0.83390152  p_z
   59   2   1   1       0.82862849  p_x
   59   3   2  -2       0.04610777  d_xy
   59   3   2  -1       0.03620127  d_yz
   59   3   2   0       0.01896272  d_z2
   59   3   2   1       0.03538211  d_xz
   59   3   2   2       0.01962372  d_x2-y2
   60   1   0   0       1.35554941  s
   60   2   1  -1       0.82924677  p_y
   60   2   1   0       0.82816517  p_z
   60   2   1   1       0.82572747  p_x
   60   3   2  -2       0.03926860  d_xy
   60   3   2  -1       0.04057726  d_yz
   60   3   2   0       0.02048429  d_z2
   60   3   2   1       0.04459626  d_xz
   60   3   2   2       0.02175646  d_x2-y2
   61   1   0   0       1.38261214  s
   61   2   1  -1       0.82844154  p_y
   61   2   1   0       0.83053298  p_z
   61   2   1   1       0.82579914  p_x
   61   3   2  -2       0.04036341  d_xy
   61   3   2  -1       0.03290823  d_yz
   61   3   2   0       0.01732469  d_z2
   61   3   2   1       0.03635873  d_xz
   61   3   2   2       0.01791679  d_x2-y2
   62   1   0   0       1.33847624  s
   62   2   1  -1       0.82960488  p_y
   62   2   1   0       0.83211275  p_z
   62   2   1   1       0.82492872  p_x
   62   3   2  -2       0.04001764  d_xy
   62   3   2  -1       0.03857015  d_yz
   62   3   2   0       0.01970940  d_z2
   62   3   2   1       0.04272348  d_xz
   62   3   2   2       0.02154726  d_x2-y2
   63   1   0   0       1.37226126  s
   63   2   1  -1       0.83008867  p_y
   63   2   1   0       0.82511445  p_z
   63   2   1   1       0.82812024  p_x
   63   3   2  -2       0.03895224  d_xy
   63   3   2  -1       0.03926714  d_yz
   63   3   2   0       0.02025471  d_z2
   63   3   2   1       0.03814611  d_xz
   63   3   2   2       0.01739037  d_x2-y2
   64   1   0   0       1.40237580  s
   64   2   1  -1       0.82816264  p_y
   64   2   1   0       0.82869704  p_z
   64   2   1   1       0.83017142  p_x
   64   3   2  -2       0.03524296  d_xy
   64   3   2  -1       0.03458751  d_yz
   64   3   2   0       0.01641379  d_z2
   64   3   2   1       0.03573056  d_xz
   64   3   2   2       0.01487604  d_x2-y2

Fermi level:                        -0.1324139231 H           -3.6032 eV
Band energy:                       -88.1990058357 H        -2400.0171 eV
TS:                                  0.0000000000 H            0.0000 eV
Band free energy (E-TS):           -88.1990058357 H        -2400.0171 eV
Extrapolated E(0K):                -88.1990058357 H        -2400.0171 eV
Input / Output electrons (q):    256.0000000000    256.0000000000

Energy H0:                         -88.1878835873 H        -2399.7144 eV
Energy SCC:                          0.0003989363 H            0.0109 eV
Total Electronic energy:           -88.1874846509 H        -2399.7036 eV
Repulsive energy:                    0.0000000000 H            0.0000 eV
Total energy:                      -88.1874846509 H        -2399.7036 eV
Extrapolated to 0:                 -88.1874846509 H        -2399.7036 eV
Total Mermin free energy:          -88.1874846509 H        -2399.7036 eV
Force related energy:              -88.1874846509 H        -2399.7036 eV

Non-constrained calculation

SCC converged

Warning: dipole moment is not defined absolutely!
Dipole moment:   -0.38432108    0.34228733   -0.00345288 au
Dipole moment:   -0.97684684    0.87000769   -0.00877635 Debye


