 Fermi distribution function

Calculation with static geometry


********************************************************************************
 iSCC Total electronic   Diff electronic      SCC error    
    9   -0.88182089E+02   -0.78000539E-09    0.78553198E-05
********************************************************************************

 Total charge:    -0.00000000

 Atomic gross charges (e)
 Atom           Charge
    1       0.01822124
    2       0.01381020
    3       0.01320992
    4       0.00610561
    5      -0.00223656
    6       0.00278599
    7      -0.00302439
    8      -0.00229260
    9      -0.00331639
   10      -0.00565498
   11       0.00332386
   12       0.00319199
   13      -0.00027579
   14      -0.00201227
   15      -0.00462226
   16       0.01058976
   17       0.01671898
   18       0.01370047
   19      -0.00855132
   20      -0.01155843
   21       0.00155258
   22       0.00038012
   23       0.01477919
   24      -0.00942118
   25      -0.01880535
   26      -0.01298661
   27       0.01083460
   28       0.00880199
   29       0.00048937
   30      -0.02495645
   31      -0.00691569
   32      -0.00546883
   33       0.00262746
   34       0.01169418
   35       0.00483519
   36       0.00358959
   37       0.00468604
   38      -0.00271162
   39       0.00994690
   40      -0.00911091
   41      -0.02140968
   42       0.00108942
   43      -0.01605423
   44      -0.01237207
   45       0.01299798
   46      -0.00257786
   47      -0.01102907
   48       0.01363425
   49       0.00178883
   50      -0.02150218
   51       0.02540236
   52      -0.01091375
   53       0.01900871
   54       0.00548024
   55      -0.01177480
   56       0.00293457
   57       0.00171996
   58      -0.00708073
   59       0.00895898
   60      -0.01055954
   61      -0.00106773
   62      -0.00032147
   63      -0.00351454
   64      -0.00479121

Nr. of electrons (up):    256.00000000
Atom populations (up)
 Atom       Population
    1       3.98177876
    2       3.98618980
    3       3.98679008
    4       3.99389439
    5       4.00223656
    6       3.99721401
    7       4.00302439
    8       4.00229260
    9       4.00331639
   10       4.00565498
   11       3.99667614
   12       3.99680801
   13       4.00027579
   14       4.00201227
   15       4.00462226
   16       3.98941024
   17       3.98328102
   18       3.98629953
   19       4.00855132
   20       4.01155843
   21       3.99844742
   22       3.99961988
   23       3.98522081
   24       4.00942118
   25       4.01880535
   26       4.01298661
   27       3.98916540
   28       3.99119801
   29       3.99951063
   30       4.02495645
   31       4.00691569
   32       4.00546883
   33       3.99737254
   34       3.98830582
   35       3.99516481
   36       3.99641041
   37       3.99531396
   38       4.00271162
   39       3.99005310
   40       4.00911091
   41       4.02140968
   42       3.99891058
   43       4.01605423
   44       4.01237207
   45       3.98700202
   46       4.00257786
   47       4.01102907
   48       3.98636575
   49       3.99821117
   50       4.02150218
   51       3.97459764
   52       4.01091375
   53       3.98099129
   54       3.99451976
   55       4.01177480
   56       3.99706543
   57       3.99828004
   58       4.00708073
   59       3.99104102
   60       4.01055954
   61       4.00106773
   62       4.00032147
   63       4.00351454
   64       4.00479121

l-shell populations (up)
 Atom Sh.   l       Population
    1   1   0       1.33536111
    1   2   1       2.47988931
    1   3   2       0.16652835
    2   1   0       1.33197246
    2   2   1       2.47945262
    2   3   2       0.17476472
    3   1   0       1.33675490
    3   2   1       2.49017312
    3   3   2       0.15986206
    4   1   0       1.35533407
    4   2   1       2.47614658
    4   3   2       0.16241373
    5   1   0       1.36364416
    5   2   1       2.48376136
    5   3   2       0.15483105
    6   1   0       1.34208971
    6   2   1       2.48945409
    6   3   2       0.16567021
    7   1   0       1.36701488
    7   2   1       2.47463482
    7   3   2       0.16137468
    8   1   0       1.37000084
    8   2   1       2.47981576
    8   3   2       0.15247600
    9   1   0       1.36246111
    9   2   1       2.48334478
    9   3   2       0.15751050
   10   1   0       1.37264628
   10   2   1       2.47995036
   10   3   2       0.15305834
   11   1   0       1.36495638
   11   2   1       2.46897353
   11   3   2       0.16274622
   12   1   0       1.34426826
   12   2   1       2.48546376
   12   3   2       0.16707599
   13   1   0       1.35371761
   13   2   1       2.48925604
   13   3   2       0.15730214
   14   1   0       1.37086870
   14   2   1       2.48387304
   14   3   2       0.14727053
   15   1   0       1.36839902
   15   2   1       2.49075207
   15   3   2       0.14547117
   16   1   0       1.34110309
   16   2   1       2.48867640
   16   3   2       0.15963075
   17   1   0       1.33021156
   17   2   1       2.47492501
   17   3   2       0.17814446
   18   1   0       1.32795973
   18   2   1       2.48133463
   18   3   2       0.17700516
   19   1   0       1.37672606
   19   2   1       2.48351317
   19   3   2       0.14831209
   20   1   0       1.38124611
   20   2   1       2.48612788
   20   3   2       0.14418444
   21   1   0       1.36806948
   21   2   1       2.47898436
   21   3   2       0.15139358
   22   1   0       1.35471968
   22   2   1       2.48842984
   22   3   2       0.15647036
   23   1   0       1.33725091
   23   2   1       2.48084194
   23   3   2       0.16712796
   24   1   0       1.37212650
   24   2   1       2.49270198
   24   3   2       0.14459271
   25   1   0       1.38280240
   25   2   1       2.49265937
   25   3   2       0.14334358
   26   1   0       1.37447664
   26   2   1       2.49132083
   26   3   2       0.14718914
   27   1   0       1.33836743
   27   2   1       2.48168244
   27   3   2       0.16911552
   28   1   0       1.33899695
   28   2   1       2.48330448
   28   3   2       0.16889659
   29   1   0       1.36373115
   29   2   1       2.48045431
   29   3   2       0.15532517
   30   1   0       1.38259113
   30   2   1       2.49562669
   30   3   2       0.14673863
   31   1   0       1.38207343
   31   2   1       2.48872981
   31   3   2       0.13611245
   32   1   0       1.35363819
   32   2   1       2.48756256
   32   3   2       0.16426808
   33   1   0       1.35502482
   33   2   1       2.49223743
   33   3   2       0.15011029
   34   1   0       1.34043225
   34   2   1       2.48945884
   34   3   2       0.15841473
   35   1   0       1.34492172
   35   2   1       2.48895607
   35   3   2       0.16128703
   36   1   0       1.35876803
   36   2   1       2.48375685
   36   3   2       0.15388553
   37   1   0       1.34982428
   37   2   1       2.47945545
   37   3   2       0.16603422
   38   1   0       1.37225580
   38   2   1       2.48466447
   38   3   2       0.14579135
   39   1   0       1.35092985
   39   2   1       2.47789074
   39   3   2       0.16123251
   40   1   0       1.37057146
   40   2   1       2.48104674
   40   3   2       0.15749271
   41   1   0       1.38655911
   41   2   1       2.49015736
   41   3   2       0.14469322
   42   1   0       1.35399939
   42   2   1       2.48168024
   42   3   2       0.16323095
   43   1   0       1.37722603
   43   2   1       2.48928576
   43   3   2       0.14954244
   44   1   0       1.37697025
   44   2   1       2.49197051
   44   3   2       0.14343131
   45   1   0       1.34243887
   45   2   1       2.48437543
   45   3   2       0.16018772
   46   1   0       1.35600058
   46   2   1       2.48277436
   46   3   2       0.16380292
   47   1   0       1.36832779
   47   2   1       2.48494193
   47   3   2       0.15775935
   48   1   0       1.32572393
   48   2   1       2.48905001
   48   3   2       0.17159181
   49   1   0       1.36073365
   49   2   1       2.48713821
   49   3   2       0.15033931
   50   1   0       1.39152158
   50   2   1       2.50016944
   50   3   2       0.12981115
   51   1   0       1.31622410
   51   2   1       2.47678950
   51   3   2       0.18158404
   52   1   0       1.36375795
   52   2   1       2.48657833
   52   3   2       0.16057747
   53   1   0       1.33085436
   53   2   1       2.47416071
   53   3   2       0.17597623
   54   1   0       1.35227502
   54   2   1       2.48602155
   54   3   2       0.15622319
   55   1   0       1.37448158
   55   2   1       2.49047932
   55   3   2       0.14681390
   56   1   0       1.35192868
   56   2   1       2.48173464
   56   3   2       0.16340211
   57   1   0       1.36254526
   57   2   1       2.47680024
   57   3   2       0.15893454
   58   1   0       1.36192466
   58   2   1       2.48174832
   58   3   2       0.16340774
   59   1   0       1.35524842
   59   2   1       2.47981820
   59   3   2       0.15597440
   60   1   0       1.36775983
   60   2   1       2.49766710
   60   3   2       0.14513260
   61   1   0       1.36100022
   61   2   1       2.48281512
   61   3   2       0.15725239
   62   1   0       1.35563147
   62   2   1       2.47842534
   62   3   2       0.16626466
   63   1   0       1.35486997
   63   2   1       2.48445592
   63   3   2       0.16418865
   64   1   0       1.35669391
   64   2   1       2.49422913
   64   3   2       0.15386817

Orbital populations (up)
 Atom Sh.   l   m       Population  Label
    1   1   0   0       1.33536111  s
    1   2   1  -1       0.82644281  p_y
    1   2   1   0       0.82654460  p_z
    1   2   1   1       0.82690190  p_x
    1   3   2  -2       0.04064830  d_xy
    1   3   2  -1       0.03922783  d_yz
    1   3   2   0       0.02086624  d_z2
    1   3   2   1       0.04321107  d_xz
    1   3   2   2       0.02257490  d_x2-y2
    2   1   0   0       1.33197246  s
    2   2   1  -1       0.82738402  p_y
    2   2   1   0       0.82977440  p_z
    2   2   1   1       0.82229420  p_x
    2   3   2  -2       0.04354611  d_xy
    2   3   2  -1       0.04267419  d_yz
    2   3   2   0       0.02257135  d_z2
    2   3   2   1       0.04257508  d_xz
    2   3   2   2       0.02339799  d_x2-y2
    3   1   0   0       1.33675490  s
    3   2   1  -1       0.83011389  p_y
    3   2   1   0       0.83114998  p_z
    3   2   1   1       0.82890925  p_x
    3   3   2  -2       0.03951662  d_xy
    3   3   2  -1       0.04222167  d_yz
    3   3   2   0       0.02031678  d_z2
    3   3   2   1       0.03761435  d_xz
    3   3   2   2       0.02019265  d_x2-y2
    4   1   0   0       1.35533407  s
    4   2   1  -1       0.82334936  p_y
    4   2   1   0       0.82835227  p_z
    4   2   1   1       0.82444495  p_x
    4   3   2  -2       0.03943015  d_xy
    4   3   2  -1       0.03893786  d_yz
    4   3   2   0       0.02085964  d_z2
    4   3   2   1       0.04257479  d_xz
    4   3   2   2       0.02061129  d_x2-y2
    5   1   0   0       1.36364416  s
    5   2   1  -1       0.82548582  p_y
    5   2   1   0       0.83068696  p_z
    5   2   1   1       0.82758857  p_x
    5   3   2  -2       0.03900683  d_xy
    5   3   2  -1       0.03937735  d_yz
    5   3   2   0       0.01766820  d_z2
    5   3   2   1       0.03915858  d_xz
    5   3   2   2       0.01962008  d_x2-y2
    6   1   0   0       1.34208971  s
    6   2   1  -1       0.83231577  p_y
    6   2   1   0       0.82866821  p_z
    6   2   1   1       0.82847010  p_x
    6   3   2  -2       0.03818306  d_xy
    6   3   2  -1       0.03803390  d_yz
    6   3   2   0       0.02156391  d_z2
    6   3   2   1       0.04571151  d_xz
    6   3   2   2       0.02217783  d_x2-y2
    7   1   0   0       1.36701488  s
    7   2   1  -1       0.82250458  p_y
    7   2   1   0       0.82475592  p_z
    7   2   1   1       0.82737433  p_x
    7   3   2  -2       0.04288985  d_xy
    7   3   2  -1       0.03756913  d_yz
    7   3   2   0       0.02037741  d_z2
    7   3   2   1       0.03908399  d_xz
    7   3   2   2       0.02145431  d_x2-y2
    8   1   0   0       1.37000084  s
    8   2   1  -1       0.82794948  p_y
    8   2   1   0       0.82247524  p_z
    8   2   1   1       0.82939104  p_x
    8   3   2  -2       0.03705685  d_xy
    8   3   2  -1       0.03907459  d_yz
    8   3   2   0       0.01968415  d_z2
    8   3   2   1       0.03942772  d_xz
    8   3   2   2       0.01723269  d_x2-y2
    9   1   0   0       1.36246111  s
    9   2   1  -1       0.82795492  p_y
    9   2   1   0       0.82485889  p_z
    9   2   1   1       0.83053096  p_x
    9   3   2  -2       0.03926607  d_xy
    9   3   2  -1       0.04131441  d_yz
    9   3   2   0       0.01974106  d_z2
    9   3   2   1       0.03709264  d_xz
    9   3   2   2       0.02009632  d_x2-y2
   10   1   0   0       1.37264628  s
   10   2   1  -1       0.82927404  p_y
   10   2   1   0       0.82161116  p_z
   10   2   1   1       0.82906516  p_x
   10   3   2  -2       0.03899234  d_xy
   10   3   2  -1       0.03637193  d_yz
   10   3   2   0       0.02078986  d_z2
   10   3   2   1       0.03937483  d_xz
   10   3   2   2       0.01752938  d_x2-y2
   11   1   0   0       1.36495638  s
   11   2   1  -1       0.82543236  p_y
   11   2   1   0       0.82060430  p_z
   11   2   1   1       0.82293687  p_x
   11   3   2  -2       0.03712300  d_xy
   11   3   2  -1       0.03943048  d_yz
   11   3   2   0       0.02041389  d_z2
   11   3   2   1       0.04462174  d_xz
   11   3   2   2       0.02115711  d_x2-y2
   12   1   0   0       1.34426826  s
   12   2   1  -1       0.82919796  p_y
   12   2   1   0       0.83267051  p_z
   12   2   1   1       0.82359528  p_x
   12   3   2  -2       0.04381562  d_xy
   12   3   2  -1       0.04333037  d_yz
   12   3   2   0       0.02051565  d_z2
   12   3   2   1       0.03729371  d_xz
   12   3   2   2       0.02212064  d_x2-y2
   13   1   0   0       1.35371761  s
   13   2   1  -1       0.83314923  p_y
   13   2   1   0       0.82868106  p_z
   13   2   1   1       0.82742575  p_x
   13   3   2  -2       0.03376619  d_xy
   13   3   2  -1       0.04240089  d_yz
   13   3   2   0       0.01863364  d_z2
   13   3   2   1       0.04180615  d_xz
   13   3   2   2       0.02069528  d_x2-y2
   14   1   0   0       1.37086870  s
   14   2   1  -1       0.82841118  p_y
   14   2   1   0       0.82675935  p_z
   14   2   1   1       0.82870251  p_x
   14   3   2  -2       0.03660689  d_xy
   14   3   2  -1       0.04197177  d_yz
   14   3   2   0       0.01755693  d_z2
   14   3   2   1       0.03415820  d_xz
   14   3   2   2       0.01697674  d_x2-y2
   15   1   0   0       1.36839902  s
   15   2   1  -1       0.82838612  p_y
   15   2   1   0       0.83143083  p_z
   15   2   1   1       0.83093512  p_x
   15   3   2  -2       0.03908798  d_xy
   15   3   2  -1       0.03474384  d_yz
   15   3   2   0       0.01750347  d_z2
   15   3   2   1       0.03691979  d_xz
   15   3   2   2       0.01721610  d_x2-y2
   16   1   0   0       1.34110309  s
   16   2   1  -1       0.83073225  p_y
   16   2   1   0       0.83084108  p_z
   16   2   1   1       0.82710307  p_x
   16   3   2  -2       0.04291100  d_xy
   16   3   2  -1       0.03620769  d_yz
   16   3   2   0       0.02039884  d_z2
   16   3   2   1       0.04034182  d_xz
   16   3   2   2       0.01977140  d_x2-y2
   17   1   0   0       1.33021156  s
   17   2   1  -1       0.82822797  p_y
   17   2   1   0       0.82508952  p_z
   17   2   1   1       0.82160752  p_x
   17   3   2  -2       0.04419587  d_xy
   17   3   2  -1       0.04246757  d_yz
   17   3   2   0       0.02283482  d_z2
   17   3   2   1       0.04459119  d_xz
   17   3   2   2       0.02405499  d_x2-y2
   18   1   0   0       1.32795973  s
   18   2   1  -1       0.82820372  p_y
   18   2   1   0       0.82741385  p_z
   18   2   1   1       0.82571706  p_x
   18   3   2  -2       0.04214452  d_xy
   18   3   2  -1       0.04175765  d_yz
   18   3   2   0       0.02357182  d_z2
   18   3   2   1       0.04561592  d_xz
   18   3   2   2       0.02391526  d_x2-y2
   19   1   0   0       1.37672606  s
   19   2   1  -1       0.82928954  p_y
   19   2   1   0       0.82681299  p_z
   19   2   1   1       0.82741064  p_x
   19   3   2  -2       0.03811665  d_xy
   19   3   2  -1       0.03827450  d_yz
   19   3   2   0       0.01754131  d_z2
   19   3   2   1       0.03679996  d_xz
   19   3   2   2       0.01757966  d_x2-y2
   20   1   0   0       1.38124611  s
   20   2   1  -1       0.82873707  p_y
   20   2   1   0       0.82903002  p_z
   20   2   1   1       0.82836080  p_x
   20   3   2  -2       0.03856924  d_xy
   20   3   2  -1       0.03535988  d_yz
   20   3   2   0       0.01810572  d_z2
   20   3   2   1       0.03615245  d_xz
   20   3   2   2       0.01599715  d_x2-y2
   21   1   0   0       1.36806948  s
   21   2   1  -1       0.82340966  p_y
   21   2   1   0       0.83185369  p_z
   21   2   1   1       0.82372101  p_x
   21   3   2  -2       0.04013932  d_xy
   21   3   2  -1       0.03498936  d_yz
   21   3   2   0       0.02015376  d_z2
   21   3   2   1       0.03724629  d_xz
   21   3   2   2       0.01886485  d_x2-y2
   22   1   0   0       1.35471968  s
   22   2   1  -1       0.82793669  p_y
   22   2   1   0       0.83194388  p_z
   22   2   1   1       0.82854928  p_x
   22   3   2  -2       0.03998984  d_xy
   22   3   2  -1       0.03780084  d_yz
   22   3   2   0       0.01949992  d_z2
   22   3   2   1       0.03962944  d_xz
   22   3   2   2       0.01955032  d_x2-y2
   23   1   0   0       1.33725091  s
   23   2   1  -1       0.82733568  p_y
   23   2   1   0       0.82599086  p_z
   23   2   1   1       0.82751540  p_x
   23   3   2  -2       0.04009612  d_xy
   23   3   2  -1       0.04121710  d_yz
   23   3   2   0       0.02177112  d_z2
   23   3   2   1       0.04319324  d_xz
   23   3   2   2       0.02085038  d_x2-y2
   24   1   0   0       1.37212650  s
   24   2   1  -1       0.82885514  p_y
   24   2   1   0       0.83396513  p_z
   24   2   1   1       0.82988171  p_x
   24   3   2  -2       0.03847392  d_xy
   24   3   2  -1       0.03494324  d_yz
   24   3   2   0       0.01691776  d_z2
   24   3   2   1       0.03645266  d_xz
   24   3   2   2       0.01780513  d_x2-y2
   25   1   0   0       1.38280240  s
   25   2   1  -1       0.82874757  p_y
   25   2   1   0       0.83286596  p_z
   25   2   1   1       0.83104583  p_x
   25   3   2  -2       0.03721156  d_xy
   25   3   2  -1       0.03813183  d_yz
   25   3   2   0       0.01612280  d_z2
   25   3   2   1       0.03425159  d_xz
   25   3   2   2       0.01762580  d_x2-y2
   26   1   0   0       1.37447664  s
   26   2   1  -1       0.83087059  p_y
   26   2   1   0       0.82935005  p_z
   26   2   1   1       0.83110019  p_x
   26   3   2  -2       0.03629113  d_xy
   26   3   2  -1       0.03999774  d_yz
   26   3   2   0       0.01734530  d_z2
   26   3   2   1       0.03576304  d_xz
   26   3   2   2       0.01779194  d_x2-y2
   27   1   0   0       1.33836743  s
   27   2   1  -1       0.82608440  p_y
   27   2   1   0       0.82883417  p_z
   27   2   1   1       0.82676387  p_x
   27   3   2  -2       0.04033971  d_xy
   27   3   2  -1       0.04222885  d_yz
   27   3   2   0       0.02019835  d_z2
   27   3   2   1       0.04296947  d_xz
   27   3   2   2       0.02337914  d_x2-y2
   28   1   0   0       1.33899695  s
   28   2   1  -1       0.82750834  p_y
   28   2   1   0       0.82872055  p_z
   28   2   1   1       0.82707559  p_x
   28   3   2  -2       0.04247808  d_xy
   28   3   2  -1       0.04128449  d_yz
   28   3   2   0       0.02251543  d_z2
   28   3   2   1       0.04059096  d_xz
   28   3   2   2       0.02202764  d_x2-y2
   29   1   0   0       1.36373115  s
   29   2   1  -1       0.82931557  p_y
   29   2   1   0       0.82567074  p_z
   29   2   1   1       0.82546800  p_x
   29   3   2  -2       0.03904649  d_xy
   29   3   2  -1       0.03975412  d_yz
   29   3   2   0       0.01917614  d_z2
   29   3   2   1       0.03826533  d_xz
   29   3   2   2       0.01908308  d_x2-y2
   30   1   0   0       1.38259113  s
   30   2   1  -1       0.82866730  p_y
   30   2   1   0       0.83274162  p_z
   30   2   1   1       0.83421777  p_x
   30   3   2  -2       0.03698623  d_xy
   30   3   2  -1       0.03985475  d_yz
   30   3   2   0       0.01658768  d_z2
   30   3   2   1       0.03485875  d_xz
   30   3   2   2       0.01845121  d_x2-y2
   31   1   0   0       1.38207343  s
   31   2   1  -1       0.83242658  p_y
   31   2   1   0       0.82628715  p_z
   31   2   1   1       0.83001608  p_x
   31   3   2  -2       0.03395716  d_xy
   31   3   2  -1       0.03465951  d_yz
   31   3   2   0       0.01608257  d_z2
   31   3   2   1       0.03540627  d_xz
   31   3   2   2       0.01600693  d_x2-y2
   32   1   0   0       1.35363819  s
   32   2   1  -1       0.83150958  p_y
   32   2   1   0       0.82379913  p_z
   32   2   1   1       0.83225385  p_x
   32   3   2  -2       0.04036873  d_xy
   32   3   2  -1       0.04057250  d_yz
   32   3   2   0       0.02145262  d_z2
   32   3   2   1       0.04218038  d_xz
   32   3   2   2       0.01969385  d_x2-y2
   33   1   0   0       1.35502482  s
   33   2   1  -1       0.83555747  p_y
   33   2   1   0       0.82411925  p_z
   33   2   1   1       0.83256071  p_x
   33   3   2  -2       0.03615077  d_xy
   33   3   2  -1       0.03493527  d_yz
   33   3   2   0       0.01973429  d_z2
   33   3   2   1       0.04216359  d_xz
   33   3   2   2       0.01712636  d_x2-y2
   34   1   0   0       1.34043225  s
   34   2   1  -1       0.82900897  p_y
   34   2   1   0       0.82967813  p_z
   34   2   1   1       0.83077175  p_x
   34   3   2  -2       0.04087577  d_xy
   34   3   2  -1       0.04197942  d_yz
   34   3   2   0       0.02096088  d_z2
   34   3   2   1       0.03591384  d_xz
   34   3   2   2       0.01868484  d_x2-y2
   35   1   0   0       1.34492172  s
   35   2   1  -1       0.82638120  p_y
   35   2   1   0       0.82921221  p_z
   35   2   1   1       0.83336266  p_x
   35   3   2  -2       0.03819569  d_xy
   35   3   2  -1       0.04493011  d_yz
   35   3   2   0       0.02039052  d_z2
   35   3   2   1       0.03715943  d_xz
   35   3   2   2       0.02061127  d_x2-y2
   36   1   0   0       1.35876803  s
   36   2   1  -1       0.82789249  p_y
   36   2   1   0       0.82956233  p_z
   36   2   1   1       0.82630204  p_x
   36   3   2  -2       0.04098068  d_xy
   36   3   2  -1       0.03775548  d_yz
   36   3   2   0       0.01961017  d_z2
   36   3   2   1       0.03659030  d_xz
   36   3   2   2       0.01894890  d_x2-y2
   37   1   0   0       1.34982428  s
   37   2   1  -1       0.82511117  p_y
   37   2   1   0       0.82708829  p_z
   37   2   1   1       0.82725600  p_x
   37   3   2  -2       0.04187724  d_xy
   37   3   2  -1       0.04103833  d_yz
   37   3   2   0       0.02104620  d_z2
   37   3   2   1       0.04117899  d_xz
   37   3   2   2       0.02089347  d_x2-y2
   38   1   0   0       1.37225580  s
   38   2   1  -1       0.83104013  p_y
   38   2   1   0       0.82584358  p_z
   38   2   1   1       0.82778076  p_x
   38   3   2  -2       0.03867944  d_xy
   38   3   2  -1       0.03412701  d_yz
   38   3   2   0       0.01731603  d_z2
   38   3   2   1       0.03827627  d_xz
   38   3   2   2       0.01739261  d_x2-y2
   39   1   0   0       1.35092985  s
   39   2   1  -1       0.82601043  p_y
   39   2   1   0       0.82497803  p_z
   39   2   1   1       0.82690228  p_x
   39   3   2  -2       0.03879257  d_xy
   39   3   2  -1       0.03927259  d_yz
   39   3   2   0       0.01994857  d_z2
   39   3   2   1       0.04133100  d_xz
   39   3   2   2       0.02188777  d_x2-y2
   40   1   0   0       1.37057146  s
   40   2   1  -1       0.82774485  p_y
   40   2   1   0       0.82692322  p_z
   40   2   1   1       0.82637867  p_x
   40   3   2  -2       0.04013720  d_xy
   40   3   2  -1       0.04101648  d_yz
   40   3   2   0       0.02120456  d_z2
   40   3   2   1       0.03654633  d_xz
   40   3   2   2       0.01858814  d_x2-y2
   41   1   0   0       1.38655911  s
   41   2   1  -1       0.82595643  p_y
   41   2   1   0       0.83013353  p_z
   41   2   1   1       0.83406740  p_x
   41   3   2  -2       0.03583756  d_xy
   41   3   2  -1       0.04076872  d_yz
   41   3   2   0       0.01581077  d_z2
   41   3   2   1       0.03313538  d_xz
   41   3   2   2       0.01914078  d_x2-y2
   42   1   0   0       1.35399939  s
   42   2   1  -1       0.82715694  p_y
   42   2   1   0       0.82838074  p_z
   42   2   1   1       0.82614256  p_x
   42   3   2  -2       0.03550100  d_xy
   42   3   2  -1       0.04177822  d_yz
   42   3   2   0       0.01940132  d_z2
   42   3   2   1       0.04350811  d_xz
   42   3   2   2       0.02304230  d_x2-y2
   43   1   0   0       1.37722603  s
   43   2   1  -1       0.83177857  p_y
   43   2   1   0       0.83249311  p_z
   43   2   1   1       0.82501408  p_x
   43   3   2  -2       0.03927445  d_xy
   43   3   2  -1       0.03573301  d_yz
   43   3   2   0       0.01590305  d_z2
   43   3   2   1       0.03891655  d_xz
   43   3   2   2       0.01971538  d_x2-y2
   44   1   0   0       1.37697025  s
   44   2   1  -1       0.82768995  p_y
   44   2   1   0       0.83258434  p_z
   44   2   1   1       0.83169623  p_x
   44   3   2  -2       0.03792220  d_xy
   44   3   2  -1       0.03414945  d_yz
   44   3   2   0       0.01772593  d_z2
   44   3   2   1       0.03646433  d_xz
   44   3   2   2       0.01716940  d_x2-y2
   45   1   0   0       1.34243887  s
   45   2   1  -1       0.82717483  p_y
   45   2   1   0       0.82778812  p_z
   45   2   1   1       0.82941248  p_x
   45   3   2  -2       0.03905156  d_xy
   45   3   2  -1       0.03900003  d_yz
   45   3   2   0       0.01945982  d_z2
   45   3   2   1       0.04196631  d_xz
   45   3   2   2       0.02071001  d_x2-y2
   46   1   0   0       1.35600058  s
   46   2   1  -1       0.82565367  p_y
   46   2   1   0       0.83006451  p_z
   46   2   1   1       0.82705618  p_x
   46   3   2  -2       0.03975468  d_xy
   46   3   2  -1       0.04328300  d_yz
   46   3   2   0       0.02050848  d_z2
   46   3   2   1       0.03955905  d_xz
   46   3   2   2       0.02069770  d_x2-y2
   47   1   0   0       1.36832779  s
   47   2   1  -1       0.82833801  p_y
   47   2   1   0       0.82981510  p_z
   47   2   1   1       0.82678882  p_x
   47   3   2  -2       0.04099750  d_xy
   47   3   2  -1       0.03899436  d_yz
   47   3   2   0       0.01960495  d_z2
   47   3   2   1       0.03849351  d_xz
   47   3   2   2       0.01966902  d_x2-y2
   48   1   0   0       1.32572393  s
   48   2   1  -1       0.83242679  p_y
   48   2   1   0       0.82725465  p_z
   48   2   1   1       0.82936858  p_x
   48   3   2  -2       0.04104531  d_xy
   48   3   2  -1       0.03850528  d_yz
   48   3   2   0       0.02286797  d_z2
   48   3   2   1       0.04685384  d_xz
   48   3   2   2       0.02231940  d_x2-y2
   49   1   0   0       1.36073365  s
   49   2   1  -1       0.83053700  p_y
   49   2   1   0       0.82968341  p_z
   49   2   1   1       0.82691781  p_x
   49   3   2  -2       0.04042208  d_xy
   49   3   2  -1       0.03579347  d_yz
   49   3   2   0       0.01797054  d_z2
   49   3   2   1       0.03756190  d_xz
   49   3   2   2       0.01859132  d_x2-y2
   50   1   0   0       1.39152158  s
   50   2   1  -1       0.83209164  p_y
   50   2   1   0       0.83219781  p_z
   50   2   1   1       0.83588000  p_x
   50   3   2  -2       0.03013240  d_xy
   50   3   2  -1       0.03553795  d_yz
   50   3   2   0       0.01400487  d_z2
   50   3   2   1       0.03457396  d_xz
   50   3   2   2       0.01556198  d_x2-y2
   51   1   0   0       1.31622410  s
   51   2   1  -1       0.82021963  p_y
   51   2   1   0       0.82725445  p_z
   51   2   1   1       0.82931541  p_x
   51   3   2  -2       0.04236006  d_xy
   51   3   2  -1       0.05021500  d_yz
   51   3   2   0       0.02367209  d_z2
   51   3   2   1       0.04016165  d_xz
   51   3   2   2       0.02517523  d_x2-y2
   52   1   0   0       1.36375795  s
   52   2   1  -1       0.82794180  p_y
   52   2   1   0       0.82958810  p_z
   52   2   1   1       0.82904844  p_x
   52   3   2  -2       0.03762903  d_xy
   52   3   2  -1       0.04216841  d_yz
   52   3   2   0       0.02006401  d_z2
   52   3   2   1       0.04109181  d_xz
   52   3   2   2       0.01962421  d_x2-y2
   53   1   0   0       1.33085436  s
   53   2   1  -1       0.82339088  p_y
   53   2   1   0       0.82069478  p_z
   53   2   1   1       0.83007506  p_x
   53   3   2  -2       0.04198246  d_xy
   53   3   2  -1       0.04400142  d_yz
   53   3   2   0       0.02484769  d_z2
   53   3   2   1       0.04327519  d_xz
   53   3   2   2       0.02186947  d_x2-y2
   54   1   0   0       1.35227502  s
   54   2   1  -1       0.82732453  p_y
   54   2   1   0       0.82812219  p_z
   54   2   1   1       0.83057483  p_x
   54   3   2  -2       0.04170727  d_xy
   54   3   2  -1       0.03627219  d_yz
   54   3   2   0       0.02033574  d_z2
   54   3   2   1       0.03883717  d_xz
   54   3   2   2       0.01907082  d_x2-y2
   55   1   0   0       1.37448158  s
   55   2   1  -1       0.83408024  p_y
   55   2   1   0       0.83212511  p_z
   55   2   1   1       0.82427397  p_x
   55   3   2  -2       0.03875542  d_xy
   55   3   2  -1       0.03539888  d_yz
   55   3   2   0       0.01746987  d_z2
   55   3   2   1       0.03770370  d_xz
   55   3   2   2       0.01748603  d_x2-y2
   56   1   0   0       1.35192868  s
   56   2   1  -1       0.82845160  p_y
   56   2   1   0       0.82669911  p_z
   56   2   1   1       0.82658393  p_x
   56   3   2  -2       0.04040204  d_xy
   56   3   2  -1       0.04175463  d_yz
   56   3   2   0       0.02124477  d_z2
   56   3   2   1       0.04055803  d_xz
   56   3   2   2       0.01944264  d_x2-y2
   57   1   0   0       1.36254526  s
   57   2   1  -1       0.82857075  p_y
   57   2   1   0       0.82685836  p_z
   57   2   1   1       0.82137114  p_x
   57   3   2  -2       0.04151954  d_xy
   57   3   2  -1       0.03684159  d_yz
   57   3   2   0       0.02063991  d_z2
   57   3   2   1       0.04054981  d_xz
   57   3   2   2       0.01938368  d_x2-y2
   58   1   0   0       1.36192466  s
   58   2   1  -1       0.82557021  p_y
   58   2   1   0       0.82837262  p_z
   58   2   1   1       0.82780549  p_x
   58   3   2  -2       0.04271129  d_xy
   58   3   2  -1       0.04184324  d_yz
   58   3   2   0       0.02211698  d_z2
   58   3   2   1       0.03738694  d_xz
   58   3   2   2       0.01934928  d_x2-y2
   59   1   0   0       1.35524842  s
   59   2   1  -1       0.82591650  p_y
   59   2   1   0       0.82375391  p_z
   59   2   1   1       0.83014779  p_x
   59   3   2  -2       0.03524682  d_xy
   59   3   2  -1       0.04097712  d_yz
   59   3   2   0       0.01959187  d_z2
   59   3   2   1       0.04075324  d_xz
   59   3   2   2       0.01940535  d_x2-y2
   60   1   0   0       1.36775983  s
   60   2   1  -1       0.83221019  p_y
   60   2   1   0       0.83025779  p_z
   60   2   1   1       0.83519912  p_x
   60   3   2  -2       0.04034451  d_xy
   60   3   2  -1       0.03531831  d_yz
   60   3   2   0       0.01846130  d_z2
   60   3   2   1       0.03467120  d_xz
   60   3   2   2       0.01633729  d_x2-y2
   61   1   0   0       1.36100022  s
   61   2   1  -1       0.82430576  p_y
   61   2   1   0       0.82689669  p_z
   61   2   1   1       0.83161267  p_x
   61   3   2  -2       0.03719096  d_xy
   61   3   2  -1       0.04154691  d_yz
   61   3   2   0       0.01961054  d_z2
   61   3   2   1       0.03918274  d_xz
   61   3   2   2       0.01972125  d_x2-y2
   62   1   0   0       1.35563147  s
   62   2   1  -1       0.82468750  p_y
   62   2   1   0       0.82499440  p_z
   62   2   1   1       0.82874344  p_x
   62   3   2  -2       0.04026150  d_xy
   62   3   2  -1       0.04286797  d_yz
   62   3   2   0       0.02147517  d_z2
   62   3   2   1       0.04152900  d_xz
   62   3   2   2       0.02013102  d_x2-y2
   63   1   0   0       1.35486997  s
   63   2   1  -1       0.83226671  p_y
   63   2   1   0       0.82573612  p_z
   63   2   1   1       0.82645309  p_x
   63   3   2  -2       0.03990546  d_xy
   63   3   2  -1       0.03914667  d_yz
   63   3   2   0       0.02059593  d_z2
   63   3   2   1       0.04385147  d_xz
   63   3   2   2       0.02068912  d_x2-y2
   64   1   0   0       1.35669391  s
   64   2   1  -1       0.83122189  p_y
   64   2   1   0       0.83641931  p_z
   64   2   1   1       0.82658793  p_x
   64   3   2  -2       0.03952320  d_xy
   64   3   2  -1       0.03726372  d_yz
   64   3   2   0       0.01757411  d_z2
   64   3   2   1       0.03888757  d_xz
   64   3   2   2       0.02061956  d_x2-y2

Fermi level:                        -0.1326868765 H           -3.6106 eV
Band energy:                       -88.1931580653 H        -2399.8579 eV
TS:                                  0.0000000000 H            0.0000 eV
Band free energy (E-TS):           -88.1931580653 H        -2399.8579 eV
Extrapolated E(0K):                -88.1931580653 H        -2399.8579 eV
Input / Output electrons (q):    256.0000000000    256.0000000000

Energy H0:                         -88.1824957836 H        -2399.5678 eV
Energy SCC:                          0.0004067050 H            0.0111 eV
Total Electronic energy:           -88.1820890786 H        -2399.5567 eV
Repulsive energy:                    0.0000000000 H            0.0000 eV
Total energy:                      -88.1820890786 H        -2399.5567 eV
Extrapolated to 0:                 -88.1820890786 H        -2399.5567 eV
Total Mermin free energy:          -88.1820890786 H        -2399.5567 eV
Force related energy:              -88.1820890786 H        -2399.5567 eV

Non-constrained calculation

SCC converged

Warning: dipole moment is not defined absolutely!
Dipole moment:    0.35417679    0.09591925   -0.03580711 au
Dipole moment:    0.90022768    0.24380244   -0.09101260 Debye


