 Fermi distribution function

Calculation with static geometry


********************************************************************************
 iSCC Total electronic   Diff electronic      SCC error    
    9   -0.88157879E+02   -0.57298166E-09    0.77842385E-05
********************************************************************************

 Total charge:    -0.00000000

 Atomic gross charges (e)
 Atom           Charge
    1      -0.01996103
    2       0.01110671
    3      -0.00524866
    4      -0.00311138
    5       0.02430669
    6       0.00312963
    7       0.00696533
    8      -0.00511598
    9       0.00539115
   10      -0.01033931
   11      -0.01939384
   12       0.00884242
   13      -0.01294470
   14       0.00726966
   15      -0.00373505
   16      -0.00251453
   17       0.00402492
   18       0.00076170
   19       0.00318637
   20      -0.01427082
   21       0.00140039
   22      -0.00645557
   23       0.01492908
   24      -0.00985047
   25       0.00073049
   26       0.00675510
   27       0.00927208
   28       0.00326463
   29       0.00467670
   30       0.01314714
   31       0.00344236
   32       0.00089788
   33      -0.00175149
   34       0.00439981
   35      -0.00647762
   36       0.00102664
   37      -0.00554659
   38       0.00215595
   39      -0.00273660
   40       0.00613985
   41       0.01460895
   42      -0.00361648
   43       0.00065721
   44      -0.02236250
   45       0.00863263
   46      -0.00351163
   47      -0.01287811
   48       0.00019303
   49      -0.01921743
   50       0.01976728
   51      -0.01515854
   52       0.00434056
   53       0.01175709
   54      -0.01472785
   55      -0.00107135
   56      -0.01084665
   57       0.00322834
   58       0.00124821
   59       0.01224501
   60       0.00845038
   61       0.00123595
   62       0.00484127
   63       0.00268196
   64      -0.00826636

Nr. of electrons (up):    256.00000000
Atom populations (up)
 Atom       Population
    1       4.01996103
    2       3.98889329
    3       4.00524866
    4       4.00311138
    5       3.97569331
    6       3.99687037
    7       3.99303467
    8       4.00511598
    9       3.99460885
   10       4.01033931
   11       4.01939384
   12       3.99115758
   13       4.01294470
   14       3.99273034
   15       4.00373505
   16       4.00251453
   17       3.99597508
   18       3.99923830
   19       3.99681363
   20       4.01427082
   21       3.99859961
   22       4.00645557
   23       3.98507092
   24       4.00985047
   25       3.99926951
   26       3.99324490
   27       3.99072792
   28       3.99673537
   29       3.99532330
   30       3.98685286
   31       3.99655764
   32       3.99910212
   33       4.00175149
   34       3.99560019
   35       4.00647762
   36       3.99897336
   37       4.00554659
   38       3.99784405
   39       4.00273660
   40       3.99386015
   41       3.98539105
   42       4.00361648
   43       3.99934279
   44       4.02236250
   45       3.99136737
   46       4.00351163
   47       4.01287811
   48       3.99980697
   49       4.01921743
   50       3.98023272
   51       4.01515854
   52       3.99565944
   53       3.98824291
   54       4.01472785
   55       4.00107135
   56       4.01084665
   57       3.99677166
   58       3.99875179
   59       3.98775499
   60       3.99154962
   61       3.99876405
   62       3.99515873
   63       3.99731804
   64       4.00826636

l-shell populations (up)
 Atom Sh.   l       Population
    1   1   0       1.37895531
    1   2   1       2.49226002
    1   3   2       0.14874570
    2   1   0       1.34664760
    2   2   1       2.48928365
    2   3   2       0.15296204
    3   1   0       1.36541263
    3   2   1       2.48415606
    3   3   2       0.15567998
    4   1   0       1.36689591
    4   2   1       2.48507231
    4   3   2       0.15114317
    5   1   0       1.32183675
    5   2   1       2.48159912
    5   3   2       0.17225744
    6   1   0       1.35257374
    6   2   1       2.48360692
    6   3   2       0.16068972
    7   1   0       1.35555449
    7   2   1       2.47496752
    7   3   2       0.16251266
    8   1   0       1.36682448
    8   2   1       2.47695909
    8   3   2       0.16133240
    9   1   0       1.34199344
    9   2   1       2.49442652
    9   3   2       0.15818889
   10   1   0       1.38080398
   10   2   1       2.47906207
   10   3   2       0.15047326
   11   1   0       1.38723038
   11   2   1       2.48703852
   11   3   2       0.14512493
   12   1   0       1.35667524
   12   2   1       2.47934327
   12   3   2       0.15513907
   13   1   0       1.37653323
   13   2   1       2.49027630
   13   3   2       0.14613517
   14   1   0       1.34409008
   14   2   1       2.48330388
   14   3   2       0.16533638
   15   1   0       1.36554577
   15   2   1       2.48331530
   15   3   2       0.15487399
   16   1   0       1.35364075
   16   2   1       2.49217053
   16   3   2       0.15670325
   17   1   0       1.36422616
   17   2   1       2.48037055
   17   3   2       0.15137838
   18   1   0       1.36178282
   18   2   1       2.47874677
   18   3   2       0.15870871
   19   1   0       1.36822423
   19   2   1       2.47782236
   19   3   2       0.15076704
   20   1   0       1.38346215
   20   2   1       2.47871139
   20   3   2       0.15209727
   21   1   0       1.35208134
   21   2   1       2.48357364
   21   3   2       0.16294462
   22   1   0       1.36540250
   22   2   1       2.48110638
   22   3   2       0.15994669
   23   1   0       1.34615113
   23   2   1       2.47640867
   23   3   2       0.16251112
   24   1   0       1.38382087
   24   2   1       2.47835227
   24   3   2       0.14767733
   25   1   0       1.36228128
   25   2   1       2.48204906
   25   3   2       0.15493916
   26   1   0       1.34914796
   26   2   1       2.48779820
   26   3   2       0.15629874
   27   1   0       1.34992158
   27   2   1       2.48396863
   27   3   2       0.15683770
   28   1   0       1.35038555
   28   2   1       2.48971279
   28   3   2       0.15663703
   29   1   0       1.34913907
   29   2   1       2.48422645
   29   3   2       0.16195779
   30   1   0       1.33391551
   30   2   1       2.49142633
   30   3   2       0.16151102
   31   1   0       1.35216976
   31   2   1       2.47965120
   31   3   2       0.16473668
   32   1   0       1.35901993
   32   2   1       2.48524057
   32   3   2       0.15484163
   33   1   0       1.36490616
   33   2   1       2.47960972
   33   3   2       0.15723561
   34   1   0       1.34656460
   34   2   1       2.48704735
   34   3   2       0.16198824
   35   1   0       1.36096068
   35   2   1       2.49058942
   35   3   2       0.15492752
   36   1   0       1.35271880
   36   2   1       2.48639594
   36   3   2       0.15985861
   37   1   0       1.36783356
   37   2   1       2.48840716
   37   3   2       0.14930588
   38   1   0       1.34289999
   38   2   1       2.49797635
   38   3   2       0.15696770
   39   1   0       1.35952058
   39   2   1       2.49057057
   39   3   2       0.15264546
   40   1   0       1.34990929
   40   2   1       2.48423969
   40   3   2       0.15971117
   41   1   0       1.32661093
   41   2   1       2.48877905
   41   3   2       0.17000107
   42   1   0       1.36487728
   42   2   1       2.48240659
   42   3   2       0.15633261
   43   1   0       1.36551123
   43   2   1       2.47135378
   43   3   2       0.16247778
   44   1   0       1.38927918
   44   2   1       2.48790926
   44   3   2       0.14517406
   45   1   0       1.34186652
   45   2   1       2.48669988
   45   3   2       0.16280097
   46   1   0       1.37650073
   46   2   1       2.47210328
   46   3   2       0.15490763
   47   1   0       1.37745082
   47   2   1       2.48827555
   47   3   2       0.14715174
   48   1   0       1.36132993
   48   2   1       2.48102658
   48   3   2       0.15745045
   49   1   0       1.38767392
   49   2   1       2.48594947
   49   3   2       0.14559403
   50   1   0       1.32162605
   50   2   1       2.48224577
   50   3   2       0.17636090
   51   1   0       1.38100639
   51   2   1       2.48649643
   51   3   2       0.14765572
   52   1   0       1.35964180
   52   2   1       2.47136587
   52   3   2       0.16465176
   53   1   0       1.35311645
   53   2   1       2.47730954
   53   3   2       0.15781692
   54   1   0       1.38190370
   54   2   1       2.48790182
   54   3   2       0.14492232
   55   1   0       1.36759343
   55   2   1       2.48221986
   55   3   2       0.15125806
   56   1   0       1.38476339
   56   2   1       2.47630789
   56   3   2       0.14977537
   57   1   0       1.34750463
   57   2   1       2.49150278
   57   3   2       0.15776425
   58   1   0       1.36908229
   58   2   1       2.47553069
   58   3   2       0.15413880
   59   1   0       1.33372360
   59   2   1       2.48055303
   59   3   2       0.17347835
   60   1   0       1.34188107
   60   2   1       2.48225908
   60   3   2       0.16740948
   61   1   0       1.35623668
   61   2   1       2.48280566
   61   3   2       0.15972172
   62   1   0       1.34401032
   62   2   1       2.49572558
   62   3   2       0.15542283
   63   1   0       1.35382815
   63   2   1       2.49071318
   63   3   2       0.15277671
   64   1   0       1.36773355
   64   2   1       2.49267834
   64   3   2       0.14785446

Orbital populations (up)
 Atom Sh.   l   m       Population  Label
    1   1   0   0       1.37895531  s
    1   2   1  -1       0.82802689  p_y
    1   2   1   0       0.83155191  p_z
    1   2   1   1       0.83268122  p_x
    1   3   2  -2       0.03629560  d_xy
    1   3   2  -1       0.03787291  d_yz
    1   3   2   0       0.01759373  d_z2
    1   3   2   1       0.03909936  d_xz
    1   3   2   2       0.01788411  d_x2-y2
    2   1   0   0       1.34664760  s
    2   2   1  -1       0.82940230  p_y
    2   2   1   0       0.83201978  p_z
    2   2   1   1       0.82786158  p_x
    2   3   2  -2       0.03893995  d_xy
    2   3   2  -1       0.04013714  d_yz
    2   3   2   0       0.01896953  d_z2
    2   3   2   1       0.03559805  d_xz
    2   3   2   2       0.01931737  d_x2-y2
    3   1   0   0       1.36541263  s
    3   2   1  -1       0.82849957  p_y
    3   2   1   0       0.82494187  p_z
    3   2   1   1       0.83071462  p_x
    3   3   2  -2       0.03737518  d_xy
    3   3   2  -1       0.03993528  d_yz
    3   3   2   0       0.01955948  d_z2
    3   3   2   1       0.04006031  d_xz
    3   3   2   2       0.01874972  d_x2-y2
    4   1   0   0       1.36689591  s
    4   2   1  -1       0.82536287  p_y
    4   2   1   0       0.82960677  p_z
    4   2   1   1       0.83010266  p_x
    4   3   2  -2       0.03912755  d_xy
    4   3   2  -1       0.03744574  d_yz
    4   3   2   0       0.01853370  d_z2
    4   3   2   1       0.03809302  d_xz
    4   3   2   2       0.01794316  d_x2-y2
    5   1   0   0       1.32183675  s
    5   2   1  -1       0.82862362  p_y
    5   2   1   0       0.82639762  p_z
    5   2   1   1       0.82657788  p_x
    5   3   2  -2       0.04239938  d_xy
    5   3   2  -1       0.03956750  d_yz
    5   3   2   0       0.02278430  d_z2
    5   3   2   1       0.04522993  d_xz
    5   3   2   2       0.02227633  d_x2-y2
    6   1   0   0       1.35257374  s
    6   2   1  -1       0.82445387  p_y
    6   2   1   0       0.82941324  p_z
    6   2   1   1       0.82973981  p_x
    6   3   2  -2       0.04138097  d_xy
    6   3   2  -1       0.03981709  d_yz
    6   3   2   0       0.01987316  d_z2
    6   3   2   1       0.03954705  d_xz
    6   3   2   2       0.02007145  d_x2-y2
    7   1   0   0       1.35555449  s
    7   2   1  -1       0.82491067  p_y
    7   2   1   0       0.82716470  p_z
    7   2   1   1       0.82289216  p_x
    7   3   2  -2       0.04020426  d_xy
    7   3   2  -1       0.04041333  d_yz
    7   3   2   0       0.02015158  d_z2
    7   3   2   1       0.04113385  d_xz
    7   3   2   2       0.02060964  d_x2-y2
    8   1   0   0       1.36682448  s
    8   2   1  -1       0.82646510  p_y
    8   2   1   0       0.82778765  p_z
    8   2   1   1       0.82270635  p_x
    8   3   2  -2       0.03975412  d_xy
    8   3   2  -1       0.03968618  d_yz
    8   3   2   0       0.02001070  d_z2
    8   3   2   1       0.04084056  d_xz
    8   3   2   2       0.02104084  d_x2-y2
    9   1   0   0       1.34199344  s
    9   2   1  -1       0.83430698  p_y
    9   2   1   0       0.83101383  p_z
    9   2   1   1       0.82910572  p_x
    9   3   2  -2       0.03880957  d_xy
    9   3   2  -1       0.03835375  d_yz
    9   3   2   0       0.01974634  d_z2
    9   3   2   1       0.04133734  d_xz
    9   3   2   2       0.01994189  d_x2-y2
   10   1   0   0       1.38080398  s
   10   2   1  -1       0.82677821  p_y
   10   2   1   0       0.82985926  p_z
   10   2   1   1       0.82242460  p_x
   10   3   2  -2       0.03912783  d_xy
   10   3   2  -1       0.03655371  d_yz
   10   3   2   0       0.01760833  d_z2
   10   3   2   1       0.03825960  d_xz
   10   3   2   2       0.01892378  d_x2-y2
   11   1   0   0       1.38723038  s
   11   2   1  -1       0.82557630  p_y
   11   2   1   0       0.83206068  p_z
   11   2   1   1       0.82940154  p_x
   11   3   2  -2       0.03924732  d_xy
   11   3   2  -1       0.03720499  d_yz
   11   3   2   0       0.01830052  d_z2
   11   3   2   1       0.03361964  d_xz
   11   3   2   2       0.01675248  d_x2-y2
   12   1   0   0       1.35667524  s
   12   2   1  -1       0.82193340  p_y
   12   2   1   0       0.83030031  p_z
   12   2   1   1       0.82710955  p_x
   12   3   2  -2       0.04113271  d_xy
   12   3   2  -1       0.03830710  d_yz
   12   3   2   0       0.01912045  d_z2
   12   3   2   1       0.03724937  d_xz
   12   3   2   2       0.01932944  d_x2-y2
   13   1   0   0       1.37653323  s
   13   2   1  -1       0.82678362  p_y
   13   2   1   0       0.83184263  p_z
   13   2   1   1       0.83165005  p_x
   13   3   2  -2       0.03930830  d_xy
   13   3   2  -1       0.03763379  d_yz
   13   3   2   0       0.01710056  d_z2
   13   3   2   1       0.03501634  d_xz
   13   3   2   2       0.01707618  d_x2-y2
   14   1   0   0       1.34409008  s
   14   2   1  -1       0.83019373  p_y
   14   2   1   0       0.82494341  p_z
   14   2   1   1       0.82816674  p_x
   14   3   2  -2       0.04046124  d_xy
   14   3   2  -1       0.04165939  d_yz
   14   3   2   0       0.02247022  d_z2
   14   3   2   1       0.04119824  d_xz
   14   3   2   2       0.01954728  d_x2-y2
   15   1   0   0       1.36554577  s
   15   2   1  -1       0.82778129  p_y
   15   2   1   0       0.82745240  p_z
   15   2   1   1       0.82808161  p_x
   15   3   2  -2       0.04010931  d_xy
   15   3   2  -1       0.03894207  d_yz
   15   3   2   0       0.01855825  d_z2
   15   3   2   1       0.03806270  d_xz
   15   3   2   2       0.01920165  d_x2-y2
   16   1   0   0       1.35364075  s
   16   2   1  -1       0.83303226  p_y
   16   2   1   0       0.83067846  p_z
   16   2   1   1       0.82845982  p_x
   16   3   2  -2       0.03896698  d_xy
   16   3   2  -1       0.04012853  d_yz
   16   3   2   0       0.01939575  d_z2
   16   3   2   1       0.03902437  d_xz
   16   3   2   2       0.01918763  d_x2-y2
   17   1   0   0       1.36422616  s
   17   2   1  -1       0.83041911  p_y
   17   2   1   0       0.82106569  p_z
   17   2   1   1       0.82888575  p_x
   17   3   2  -2       0.03634891  d_xy
   17   3   2  -1       0.03901471  d_yz
   17   3   2   0       0.01954358  d_z2
   17   3   2   1       0.03892005  d_xz
   17   3   2   2       0.01755114  d_x2-y2
   18   1   0   0       1.36178282  s
   18   2   1  -1       0.82330411  p_y
   18   2   1   0       0.82909769  p_z
   18   2   1   1       0.82634497  p_x
   18   3   2  -2       0.04462367  d_xy
   18   3   2  -1       0.03857621  d_yz
   18   3   2   0       0.01877127  d_z2
   18   3   2   1       0.03696387  d_xz
   18   3   2   2       0.01977370  d_x2-y2
   19   1   0   0       1.36822423  s
   19   2   1  -1       0.82722416  p_y
   19   2   1   0       0.82873890  p_z
   19   2   1   1       0.82185931  p_x
   19   3   2  -2       0.03732680  d_xy
   19   3   2  -1       0.03632700  d_yz
   19   3   2   0       0.01920926  d_z2
   19   3   2   1       0.03997400  d_xz
   19   3   2   2       0.01792998  d_x2-y2
   20   1   0   0       1.38346215  s
   20   2   1  -1       0.82657185  p_y
   20   2   1   0       0.82189706  p_z
   20   2   1   1       0.83024249  p_x
   20   3   2  -2       0.03802436  d_xy
   20   3   2  -1       0.03972611  d_yz
   20   3   2   0       0.01874821  d_z2
   20   3   2   1       0.03805913  d_xz
   20   3   2   2       0.01753946  d_x2-y2
   21   1   0   0       1.35208134  s
   21   2   1  -1       0.82980625  p_y
   21   2   1   0       0.82718010  p_z
   21   2   1   1       0.82658729  p_x
   21   3   2  -2       0.04061908  d_xy
   21   3   2  -1       0.03912793  d_yz
   21   3   2   0       0.02011867  d_z2
   21   3   2   1       0.04218225  d_xz
   21   3   2   2       0.02089670  d_x2-y2
   22   1   0   0       1.36540250  s
   22   2   1  -1       0.82574440  p_y
   22   2   1   0       0.82913862  p_z
   22   2   1   1       0.82622336  p_x
   22   3   2  -2       0.04007924  d_xy
   22   3   2  -1       0.03933538  d_yz
   22   3   2   0       0.02032027  d_z2
   22   3   2   1       0.04056294  d_xz
   22   3   2   2       0.01964887  d_x2-y2
   23   1   0   0       1.34615113  s
   23   2   1  -1       0.83125674  p_y
   23   2   1   0       0.81933209  p_z
   23   2   1   1       0.82581984  p_x
   23   3   2  -2       0.03803001  d_xy
   23   3   2  -1       0.04178366  d_yz
   23   3   2   0       0.02162937  d_z2
   23   3   2   1       0.04145508  d_xz
   23   3   2   2       0.01961300  d_x2-y2
   24   1   0   0       1.38382087  s
   24   2   1  -1       0.81938478  p_y
   24   2   1   0       0.82769424  p_z
   24   2   1   1       0.83127325  p_x
   24   3   2  -2       0.03748066  d_xy
   24   3   2  -1       0.03661304  d_yz
   24   3   2   0       0.01772090  d_z2
   24   3   2   1       0.03717513  d_xz
   24   3   2   2       0.01868761  d_x2-y2
   25   1   0   0       1.36228128  s
   25   2   1  -1       0.82596247  p_y
   25   2   1   0       0.82946788  p_z
   25   2   1   1       0.82661872  p_x
   25   3   2  -2       0.04103953  d_xy
   25   3   2  -1       0.03827527  d_yz
   25   3   2   0       0.01967263  d_z2
   25   3   2   1       0.03760349  d_xz
   25   3   2   2       0.01834824  d_x2-y2
   26   1   0   0       1.34914796  s
   26   2   1  -1       0.83155590  p_y
   26   2   1   0       0.82749388  p_z
   26   2   1   1       0.82874843  p_x
   26   3   2  -2       0.03603729  d_xy
   26   3   2  -1       0.03860354  d_yz
   26   3   2   0       0.01911222  d_z2
   26   3   2   1       0.04301939  d_xz
   26   3   2   2       0.01952630  d_x2-y2
   27   1   0   0       1.34992158  s
   27   2   1  -1       0.82571516  p_y
   27   2   1   0       0.83010345  p_z
   27   2   1   1       0.82815003  p_x
   27   3   2  -2       0.04113256  d_xy
   27   3   2  -1       0.03964136  d_yz
   27   3   2   0       0.02005518  d_z2
   27   3   2   1       0.03662230  d_xz
   27   3   2   2       0.01938631  d_x2-y2
   28   1   0   0       1.35038555  s
   28   2   1  -1       0.82956416  p_y
   28   2   1   0       0.83117627  p_z
   28   2   1   1       0.82897237  p_x
   28   3   2  -2       0.03594708  d_xy
   28   3   2  -1       0.04169279  d_yz
   28   3   2   0       0.01862929  d_z2
   28   3   2   1       0.04019008  d_xz
   28   3   2   2       0.02017779  d_x2-y2
   29   1   0   0       1.34913907  s
   29   2   1  -1       0.83040320  p_y
   29   2   1   0       0.82391563  p_z
   29   2   1   1       0.82990762  p_x
   29   3   2  -2       0.03932140  d_xy
   29   3   2  -1       0.04133353  d_yz
   29   3   2   0       0.02039625  d_z2
   29   3   2   1       0.04110555  d_xz
   29   3   2   2       0.01980106  d_x2-y2
   30   1   0   0       1.33391551  s
   30   2   1  -1       0.83218298  p_y
   30   2   1   0       0.82891075  p_z
   30   2   1   1       0.83033260  p_x
   30   3   2  -2       0.03806891  d_xy
   30   3   2  -1       0.04079759  d_yz
   30   3   2   0       0.02062557  d_z2
   30   3   2   1       0.04050034  d_xz
   30   3   2   2       0.02151861  d_x2-y2
   31   1   0   0       1.35216976  s
   31   2   1  -1       0.82693422  p_y
   31   2   1   0       0.82518780  p_z
   31   2   1   1       0.82752919  p_x
   31   3   2  -2       0.04097984  d_xy
   31   3   2  -1       0.04070371  d_yz
   31   3   2   0       0.02020959  d_z2
   31   3   2   1       0.04174397  d_xz
   31   3   2   2       0.02109958  d_x2-y2
   32   1   0   0       1.35901993  s
   32   2   1  -1       0.82813856  p_y
   32   2   1   0       0.83164885  p_z
   32   2   1   1       0.82545316  p_x
   32   3   2  -2       0.04141473  d_xy
   32   3   2  -1       0.03841662  d_yz
   32   3   2   0       0.01964687  d_z2
   32   3   2   1       0.03615684  d_xz
   32   3   2   2       0.01920656  d_x2-y2
   33   1   0   0       1.36490616  s
   33   2   1  -1       0.82669226  p_y
   33   2   1   0       0.82315044  p_z
   33   2   1   1       0.82976702  p_x
   33   3   2  -2       0.03784972  d_xy
   33   3   2  -1       0.04097748  d_yz
   33   3   2   0       0.01993832  d_z2
   33   3   2   1       0.03954429  d_xz
   33   3   2   2       0.01892580  d_x2-y2
   34   1   0   0       1.34656460  s
   34   2   1  -1       0.82846719  p_y
   34   2   1   0       0.82962734  p_z
   34   2   1   1       0.82895282  p_x
   34   3   2  -2       0.03744830  d_xy
   34   3   2  -1       0.04234822  d_yz
   34   3   2   0       0.01973976  d_z2
   34   3   2   1       0.04108406  d_xz
   34   3   2   2       0.02136789  d_x2-y2
   35   1   0   0       1.36096068  s
   35   2   1  -1       0.83236413  p_y
   35   2   1   0       0.82766916  p_z
   35   2   1   1       0.83055613  p_x
   35   3   2  -2       0.04134950  d_xy
   35   3   2  -1       0.03794494  d_yz
   35   3   2   0       0.01992235  d_z2
   35   3   2   1       0.03768101  d_xz
   35   3   2   2       0.01802973  d_x2-y2
   36   1   0   0       1.35271880  s
   36   2   1  -1       0.82931499  p_y
   36   2   1   0       0.82955991  p_z
   36   2   1   1       0.82752104  p_x
   36   3   2  -2       0.03769118  d_xy
   36   3   2  -1       0.03882865  d_yz
   36   3   2   0       0.01952295  d_z2
   36   3   2   1       0.04341995  d_xz
   36   3   2   2       0.02039588  d_x2-y2
   37   1   0   0       1.36783356  s
   37   2   1  -1       0.83012279  p_y
   37   2   1   0       0.83022304  p_z
   37   2   1   1       0.82806133  p_x
   37   3   2  -2       0.03838877  d_xy
   37   3   2  -1       0.03671267  d_yz
   37   3   2   0       0.01857112  d_z2
   37   3   2   1       0.03823846  d_xz
   37   3   2   2       0.01739486  d_x2-y2
   38   1   0   0       1.34289999  s
   38   2   1  -1       0.83463865  p_y
   38   2   1   0       0.82769277  p_z
   38   2   1   1       0.83564494  p_x
   38   3   2  -2       0.03890475  d_xy
   38   3   2  -1       0.04011376  d_yz
   38   3   2   0       0.02062791  d_z2
   38   3   2   1       0.03891186  d_xz
   38   3   2   2       0.01840943  d_x2-y2
   39   1   0   0       1.35952058  s
   39   2   1  -1       0.83050523  p_y
   39   2   1   0       0.83107802  p_z
   39   2   1   1       0.82898732  p_x
   39   3   2  -2       0.03930519  d_xy
   39   3   2  -1       0.03906352  d_yz
   39   3   2   0       0.01815123  d_z2
   39   3   2   1       0.03721717  d_xz
   39   3   2   2       0.01890835  d_x2-y2
   40   1   0   0       1.34990929  s
   40   2   1  -1       0.82774079  p_y
   40   2   1   0       0.82628237  p_z
   40   2   1   1       0.83021653  p_x
   40   3   2  -2       0.03704114  d_xy
   40   3   2  -1       0.04193853  d_yz
   40   3   2   0       0.02117143  d_z2
   40   3   2   1       0.03963869  d_xz
   40   3   2   2       0.01992139  d_x2-y2
   41   1   0   0       1.32661093  s
   41   2   1  -1       0.82806400  p_y
   41   2   1   0       0.83045711  p_z
   41   2   1   1       0.83025793  p_x
   41   3   2  -2       0.04138374  d_xy
   41   3   2  -1       0.03932751  d_yz
   41   3   2   0       0.02151780  d_z2
   41   3   2   1       0.04392821  d_xz
   41   3   2   2       0.02384381  d_x2-y2
   42   1   0   0       1.36487728  s
   42   2   1  -1       0.82440959  p_y
   42   2   1   0       0.83163400  p_z
   42   2   1   1       0.82636301  p_x
   42   3   2  -2       0.04226934  d_xy
   42   3   2  -1       0.03837870  d_yz
   42   3   2   0       0.01922187  d_z2
   42   3   2   1       0.03724338  d_xz
   42   3   2   2       0.01921932  d_x2-y2
   43   1   0   0       1.36551123  s
   43   2   1  -1       0.82217297  p_y
   43   2   1   0       0.82244253  p_z
   43   2   1   1       0.82673828  p_x
   43   3   2  -2       0.03775625  d_xy
   43   3   2  -1       0.04262087  d_yz
   43   3   2   0       0.02159542  d_z2
   43   3   2   1       0.04112370  d_xz
   43   3   2   2       0.01938155  d_x2-y2
   44   1   0   0       1.38927918  s
   44   2   1  -1       0.83303309  p_y
   44   2   1   0       0.82355905  p_z
   44   2   1   1       0.83131712  p_x
   44   3   2  -2       0.03897056  d_xy
   44   3   2  -1       0.03675641  d_yz
   44   3   2   0       0.01740575  d_z2
   44   3   2   1       0.03514314  d_xz
   44   3   2   2       0.01689821  d_x2-y2
   45   1   0   0       1.34186652  s
   45   2   1  -1       0.82639079  p_y
   45   2   1   0       0.82966191  p_z
   45   2   1   1       0.83064719  p_x
   45   3   2  -2       0.04128795  d_xy
   45   3   2  -1       0.04118648  d_yz
   45   3   2   0       0.02015550  d_z2
   45   3   2   1       0.03933393  d_xz
   45   3   2   2       0.02083711  d_x2-y2
   46   1   0   0       1.37650073  s
   46   2   1  -1       0.82913626  p_y
   46   2   1   0       0.81995160  p_z
   46   2   1   1       0.82301543  p_x
   46   3   2  -2       0.03695719  d_xy
   46   3   2  -1       0.03866196  d_yz
   46   3   2   0       0.01868244  d_z2
   46   3   2   1       0.04167777  d_xz
   46   3   2   2       0.01892826  d_x2-y2
   47   1   0   0       1.37745082  s
   47   2   1  -1       0.82759380  p_y
   47   2   1   0       0.83109875  p_z
   47   2   1   1       0.82958300  p_x
   47   3   2  -2       0.03691937  d_xy
   47   3   2  -1       0.03660168  d_yz
   47   3   2   0       0.01728198  d_z2
   47   3   2   1       0.03849258  d_xz
   47   3   2   2       0.01785614  d_x2-y2
   48   1   0   0       1.36132993  s
   48   2   1  -1       0.82452422  p_y
   48   2   1   0       0.82717172  p_z
   48   2   1   1       0.82933064  p_x
   48   3   2  -2       0.03948568  d_xy
   48   3   2  -1       0.03902273  d_yz
   48   3   2   0       0.01897479  d_z2
   48   3   2   1       0.03941039  d_xz
   48   3   2   2       0.02055685  d_x2-y2
   49   1   0   0       1.38767392  s
   49   2   1  -1       0.82617992  p_y
   49   2   1   0       0.83124317  p_z
   49   2   1   1       0.82852638  p_x
   49   3   2  -2       0.03740098  d_xy
   49   3   2  -1       0.03738179  d_yz
   49   3   2   0       0.01673353  d_z2
   49   3   2   1       0.03656754  d_xz
   49   3   2   2       0.01751019  d_x2-y2
   50   1   0   0       1.32162605  s
   50   2   1  -1       0.82613113  p_y
   50   2   1   0       0.82941115  p_z
   50   2   1   1       0.82670349  p_x
   50   3   2  -2       0.04437535  d_xy
   50   3   2  -1       0.04237481  d_yz
   50   3   2   0       0.02231646  d_z2
   50   3   2   1       0.04277053  d_xz
   50   3   2   2       0.02452375  d_x2-y2
   51   1   0   0       1.38100639  s
   51   2   1  -1       0.82841283  p_y
   51   2   1   0       0.83101418  p_z
   51   2   1   1       0.82706943  p_x
   51   3   2  -2       0.03902544  d_xy
   51   3   2  -1       0.03483926  d_yz
   51   3   2   0       0.01765302  d_z2
   51   3   2   1       0.03807222  d_xz
   51   3   2   2       0.01806577  d_x2-y2
   52   1   0   0       1.35964180  s
   52   2   1  -1       0.82333124  p_y
   52   2   1   0       0.82461465  p_z
   52   2   1   1       0.82341998  p_x
   52   3   2  -2       0.03945908  d_xy
   52   3   2  -1       0.04201335  d_yz
   52   3   2   0       0.02072762  d_z2
   52   3   2   1       0.04124639  d_xz
   52   3   2   2       0.02120532  d_x2-y2
   53   1   0   0       1.35311645  s
   53   2   1  -1       0.82828324  p_y
   53   2   1   0       0.82524282  p_z
   53   2   1   1       0.82378348  p_x
   53   3   2  -2       0.04004790  d_xy
   53   3   2  -1       0.03664057  d_yz
   53   3   2   0       0.02010520  d_z2
   53   3   2   1       0.04145065  d_xz
   53   3   2   2       0.01957261  d_x2-y2
   54   1   0   0       1.38190370  s
   54   2   1  -1       0.82698152  p_y
   54   2   1   0       0.83143759  p_z
   54   2   1   1       0.82948271  p_x
   54   3   2  -2       0.03725009  d_xy
   54   3   2  -1       0.03734406  d_yz
   54   3   2   0       0.01620492  d_z2
   54   3   2   1       0.03596665  d_xz
   54   3   2   2       0.01815661  d_x2-y2
   55   1   0   0       1.36759343  s
   55   2   1  -1       0.82994166  p_y
   55   2   1   0       0.82159189  p_z
   55   2   1   1       0.83068630  p_x
   55   3   2  -2       0.03519005  d_xy
   55   3   2  -1       0.04011687  d_yz
   55   3   2   0       0.01900349  d_z2
   55   3   2   1       0.03888879  d_xz
   55   3   2   2       0.01805886  d_x2-y2
   56   1   0   0       1.38476339  s
   56   2   1  -1       0.82546713  p_y
   56   2   1   0       0.83010868  p_z
   56   2   1   1       0.82073208  p_x
   56   3   2  -2       0.03861659  d_xy
   56   3   2  -1       0.03531178  d_yz
   56   3   2   0       0.01727010  d_z2
   56   3   2   1       0.03872005  d_xz
   56   3   2   2       0.01985686  d_x2-y2
   57   1   0   0       1.34750463  s
   57   2   1  -1       0.82860157  p_y
   57   2   1   0       0.83225137  p_z
   57   2   1   1       0.83064984  p_x
   57   3   2  -2       0.03990271  d_xy
   57   3   2  -1       0.03996715  d_yz
   57   3   2   0       0.01959373  d_z2
   57   3   2   1       0.03886079  d_xz
   57   3   2   2       0.01943987  d_x2-y2
   58   1   0   0       1.36908229  s
   58   2   1  -1       0.82459787  p_y
   58   2   1   0       0.82655384  p_z
   58   2   1   1       0.82437898  p_x
   58   3   2  -2       0.03866713  d_xy
   58   3   2  -1       0.03857000  d_yz
   58   3   2   0       0.01999495  d_z2
   58   3   2   1       0.03932681  d_xz
   58   3   2   2       0.01757991  d_x2-y2
   59   1   0   0       1.33372360  s
   59   2   1  -1       0.82561024  p_y
   59   2   1   0       0.83122946  p_z
   59   2   1   1       0.82371333  p_x
   59   3   2  -2       0.04503951  d_xy
   59   3   2  -1       0.04216814  d_yz
   59   3   2   0       0.02313067  d_z2
   59   3   2   1       0.04084542  d_xz
   59   3   2   2       0.02229461  d_x2-y2
   60   1   0   0       1.34188107  s
   60   2   1  -1       0.82939491  p_y
   60   2   1   0       0.82584601  p_z
   60   2   1   1       0.82701815  p_x
   60   3   2  -2       0.04152171  d_xy
   60   3   2  -1       0.04152105  d_yz
   60   3   2   0       0.02191046  d_z2
   60   3   2   1       0.04184151  d_xz
   60   3   2   2       0.02061475  d_x2-y2
   61   1   0   0       1.35623668  s
   61   2   1  -1       0.82485042  p_y
   61   2   1   0       0.82945205  p_z
   61   2   1   1       0.82850318  p_x
   61   3   2  -2       0.04181510  d_xy
   61   3   2  -1       0.04062781  d_yz
   61   3   2   0       0.01917818  d_z2
   61   3   2   1       0.03778332  d_xz
   61   3   2   2       0.02031731  d_x2-y2
   62   1   0   0       1.34401032  s
   62   2   1  -1       0.82938248  p_y
   62   2   1   0       0.83418639  p_z
   62   2   1   1       0.83215671  p_x
   62   3   2  -2       0.03917193  d_xy
   62   3   2  -1       0.03785685  d_yz
   62   3   2   0       0.01889597  d_z2
   62   3   2   1       0.03952374  d_xz
   62   3   2   2       0.01997435  d_x2-y2
   63   1   0   0       1.35382815  s
   63   2   1  -1       0.82777024  p_y
   63   2   1   0       0.83139682  p_z
   63   2   1   1       0.83154612  p_x
   63   3   2  -2       0.04012902  d_xy
   63   3   2  -1       0.03907980  d_yz
   63   3   2   0       0.01844904  d_z2
   63   3   2   1       0.03596789  d_xz
   63   3   2   2       0.01915096  d_x2-y2
   64   1   0   0       1.36773355  s
   64   2   1  -1       0.83382969  p_y
   64   2   1   0       0.82756052  p_z
   64   2   1   1       0.83128813  p_x
   64   3   2  -2       0.03622405  d_xy
   64   3   2  -1       0.03989342  d_yz
   64   3   2   0       0.01878213  d_z2
   64   3   2   1       0.03575793  d_xz
   64   3   2   2       0.01719692  d_x2-y2

Fermi level:                        -0.1329550580 H           -3.6179 eV
Band energy:                       -88.1727730126 H        -2399.3032 eV
TS:                                  0.0000000000 H            0.0000 eV
Band free energy (E-TS):           -88.1727730126 H        -2399.3032 eV
Extrapolated E(0K):                -88.1727730126 H        -2399.3032 eV
Input / Output electrons (q):    256.0000000000    256.0000000000

Energy H0:                         -88.1583141006 H        -2398.9098 eV
Energy SCC:                          0.0004350722 H            0.0118 eV
Total Electronic energy:           -88.1578790283 H        -2398.8979 eV
Repulsive energy:                    0.0000000000 H            0.0000 eV
Total energy:                      -88.1578790283 H        -2398.8979 eV
Extrapolated to 0:                 -88.1578790283 H        -2398.8979 eV
Total Mermin free energy:          -88.1578790283 H        -2398.8979 eV
Force related energy:              -88.1578790283 H        -2398.8979 eV

Non-constrained calculation

SCC converged

Warning: dipole moment is not defined absolutely!
Dipole moment:    0.03380696    0.17039500    0.11543746 au
Dipole moment:    0.08592873    0.43310092    0.29341279 Debye


