 Fermi distribution function

Calculation with static geometry


********************************************************************************
 iSCC Total electronic   Diff electronic      SCC error    
    9   -0.88163610E+02   -0.14232882E-08    0.89488566E-05
********************************************************************************

 Total charge:    -0.00000000

 Atomic gross charges (e)
 Atom           Charge
    1       0.00721565
    2       0.00581977
    3      -0.00001421
    4       0.00923774
    5       0.00136519
    6       0.01697885
    7       0.00611249
    8       0.00271609
    9      -0.01052808
   10       0.00310061
   11       0.00379279
   12      -0.00423715
   13       0.00270158
   14       0.00665716
   15      -0.01029488
   16       0.01274957
   17       0.01619655
   18       0.01832079
   19      -0.00806218
   20       0.00580334
   21      -0.01006749
   22      -0.00106282
   23       0.00948698
   24      -0.01385373
   25      -0.00682436
   26      -0.02139216
   27       0.01125828
   28       0.00334261
   29       0.01073953
   30      -0.03088725
   31      -0.01210920
   32      -0.01976256
   33      -0.00771798
   34       0.00848305
   35      -0.00378642
   36       0.00590408
   37       0.01438802
   38      -0.02018122
   39       0.01172702
   40      -0.00571766
   41      -0.02393069
   42       0.00279730
   43       0.00087567
   44      -0.00231500
   45       0.01052165
   46       0.00583852
   47       0.00609350
   48       0.02142037
   49      -0.00713777
   50      -0.00951951
   51       0.01669785
   52       0.00060445
   53       0.01601888
   54      -0.00074915
   55      -0.00731303
   56       0.00024134
   57      -0.01092315
   58       0.00083700
   59       0.00950214
   60       0.00844618
   61      -0.00258462
   62      -0.01378109
   63      -0.00436245
   64      -0.02487676

Nr. of electrons (up):    256.00000000
Atom populations (up)
 Atom       Population
    1       3.99278435
    2       3.99418023
    3       4.00001421
    4       3.99076226
    5       3.99863481
    6       3.98302115
    7       3.99388751
    8       3.99728391
    9       4.01052808
   10       3.99689939
   11       3.99620721
   12       4.00423715
   13       3.99729842
   14       3.99334284
   15       4.01029488
   16       3.98725043
   17       3.98380345
   18       3.98167921
   19       4.00806218
   20       3.99419666
   21       4.01006749
   22       4.00106282
   23       3.99051302
   24       4.01385373
   25       4.00682436
   26       4.02139216
   27       3.98874172
   28       3.99665739
   29       3.98926047
   30       4.03088725
   31       4.01210920
   32       4.01976256
   33       4.00771798
   34       3.99151695
   35       4.00378642
   36       3.99409592
   37       3.98561198
   38       4.02018122
   39       3.98827298
   40       4.00571766
   41       4.02393069
   42       3.99720270
   43       3.99912433
   44       4.00231500
   45       3.98947835
   46       3.99416148
   47       3.99390650
   48       3.97857963
   49       4.00713777
   50       4.00951951
   51       3.98330215
   52       3.99939555
   53       3.98398112
   54       4.00074915
   55       4.00731303
   56       3.99975866
   57       4.01092315
   58       3.99916300
   59       3.99049786
   60       3.99155382
   61       4.00258462
   62       4.01378109
   63       4.00436245
   64       4.02487676

l-shell populations (up)
 Atom Sh.   l       Population
    1   1   0       1.34948688
    1   2   1       2.48036408
    1   3   2       0.16293339
    2   1   0       1.34543175
    2   2   1       2.47365235
    2   3   2       0.17509613
    3   1   0       1.35137059
    3   2   1       2.49173629
    3   3   2       0.15690733
    4   1   0       1.35056218
    4   2   1       2.47550231
    4   3   2       0.16469777
    5   1   0       1.35647654
    5   2   1       2.48194677
    5   3   2       0.16021151
    6   1   0       1.33701730
    6   2   1       2.47458673
    6   3   2       0.17141712
    7   1   0       1.35154067
    7   2   1       2.47898719
    7   3   2       0.16335965
    8   1   0       1.36535721
    8   2   1       2.48047766
    8   3   2       0.15144904
    9   1   0       1.37790164
    9   2   1       2.47993896
    9   3   2       0.15268749
   10   1   0       1.35345669
   10   2   1       2.48905542
   10   3   2       0.15438728
   11   1   0       1.34845127
   11   2   1       2.48532522
   11   3   2       0.16243073
   12   1   0       1.36385899
   12   2   1       2.48464208
   12   3   2       0.15573608
   13   1   0       1.34922374
   13   2   1       2.48721080
   13   3   2       0.16086389
   14   1   0       1.35728326
   14   2   1       2.48042011
   14   3   2       0.15563948
   15   1   0       1.38227734
   15   2   1       2.48867626
   15   3   2       0.13934127
   16   1   0       1.33809180
   16   2   1       2.48203324
   16   3   2       0.16712539
   17   1   0       1.32947388
   17   2   1       2.47772864
   17   3   2       0.17660092
   18   1   0       1.31955666
   18   2   1       2.47820726
   18   3   2       0.18391529
   19   1   0       1.37589458
   19   2   1       2.48261217
   19   3   2       0.14955542
   20   1   0       1.35135993
   20   2   1       2.48417317
   20   3   2       0.15866356
   21   1   0       1.37862179
   21   2   1       2.48886213
   21   3   2       0.14258357
   22   1   0       1.35050155
   22   2   1       2.49268997
   22   3   2       0.15787131
   23   1   0       1.33603176
   23   2   1       2.48748220
   23   3   2       0.16699906
   24   1   0       1.36844683
   24   2   1       2.50351196
   24   3   2       0.14189493
   25   1   0       1.37497713
   25   2   1       2.48165477
   25   3   2       0.15019246
   26   1   0       1.38697653
   26   2   1       2.49491846
   26   3   2       0.13949717
   27   1   0       1.33952576
   27   2   1       2.48305868
   27   3   2       0.16615728
   28   1   0       1.35697053
   28   2   1       2.47592827
   28   3   2       0.16375859
   29   1   0       1.34771221
   29   2   1       2.47389507
   29   3   2       0.16765319
   30   1   0       1.39595245
   30   2   1       2.48900552
   30   3   2       0.14592927
   31   1   0       1.39598355
   31   2   1       2.48058865
   31   3   2       0.13553700
   32   1   0       1.37967403
   32   2   1       2.48739242
   32   3   2       0.15269611
   33   1   0       1.36973792
   33   2   1       2.49426907
   33   3   2       0.14371099
   34   1   0       1.35286880
   34   2   1       2.48375481
   34   3   2       0.15489334
   35   1   0       1.36511509
   35   2   1       2.48299084
   35   3   2       0.15568049
   36   1   0       1.36083759
   36   2   1       2.47768252
   36   3   2       0.15557580
   37   1   0       1.33576313
   37   2   1       2.47461476
   37   3   2       0.17523409
   38   1   0       1.39534693
   38   2   1       2.48696101
   38   3   2       0.13787328
   39   1   0       1.35301300
   39   2   1       2.47811334
   39   3   2       0.15714664
   40   1   0       1.36792554
   40   2   1       2.47988900
   40   3   2       0.15790312
   41   1   0       1.39009278
   41   2   1       2.48750738
   41   3   2       0.14633054
   42   1   0       1.35153435
   42   2   1       2.48505298
   42   3   2       0.16061537
   43   1   0       1.34554783
   43   2   1       2.49607637
   43   3   2       0.15750013
   44   1   0       1.37704041
   44   2   1       2.48305947
   44   3   2       0.14221513
   45   1   0       1.34915932
   45   2   1       2.48221349
   45   3   2       0.15810553
   46   1   0       1.34258645
   46   2   1       2.48259126
   46   3   2       0.16898377
   47   1   0       1.35029475
   47   2   1       2.47883100
   47   3   2       0.16478075
   48   1   0       1.32611143
   48   2   1       2.47536180
   48   3   2       0.17710640
   49   1   0       1.36933883
   49   2   1       2.49401927
   49   3   2       0.14377967
   50   1   0       1.38423694
   50   2   1       2.48634198
   50   3   2       0.13894060
   51   1   0       1.33652829
   51   2   1       2.47401925
   51   3   2       0.17275461
   52   1   0       1.35240855
   52   2   1       2.48150317
   52   3   2       0.16548383
   53   1   0       1.33723955
   53   2   1       2.47509157
   53   3   2       0.17165000
   54   1   0       1.35239481
   54   2   1       2.49425929
   54   3   2       0.15409505
   55   1   0       1.36444098
   55   2   1       2.49230145
   55   3   2       0.15057061
   56   1   0       1.33677693
   56   2   1       2.49428590
   56   3   2       0.16869584
   57   1   0       1.37959817
   57   2   1       2.47744523
   57   3   2       0.15387975
   58   1   0       1.35329723
   58   2   1       2.48301400
   58   3   2       0.16285178
   59   1   0       1.34552620
   59   2   1       2.48600383
   59   3   2       0.15896783
   60   1   0       1.34787093
   60   2   1       2.48028838
   60   3   2       0.16339450
   61   1   0       1.35556727
   61   2   1       2.48518078
   61   3   2       0.16183657
   62   1   0       1.37047869
   62   2   1       2.48664904
   62   3   2       0.15665336
   63   1   0       1.35656174
   63   2   1       2.47901744
   63   3   2       0.16878328
   64   1   0       1.39049798
   64   2   1       2.49205878
   64   3   2       0.14231999

Orbital populations (up)
 Atom Sh.   l   m       Population  Label
    1   1   0   0       1.34948688  s
    1   2   1  -1       0.82871790  p_y
    1   2   1   0       0.82468091  p_z
    1   2   1   1       0.82696527  p_x
    1   3   2  -2       0.04141705  d_xy
    1   3   2  -1       0.03946088  d_yz
    1   3   2   0       0.02056439  d_z2
    1   3   2   1       0.04063669  d_xz
    1   3   2   2       0.02085436  d_x2-y2
    2   1   0   0       1.34543175  s
    2   2   1  -1       0.82274906  p_y
    2   2   1   0       0.82923893  p_z
    2   2   1   1       0.82166436  p_x
    2   3   2  -2       0.04519993  d_xy
    2   3   2  -1       0.04245193  d_yz
    2   3   2   0       0.02088094  d_z2
    2   3   2   1       0.04207775  d_xz
    2   3   2   2       0.02448559  d_x2-y2
    3   1   0   0       1.35137059  s
    3   2   1  -1       0.83043569  p_y
    3   2   1   0       0.83122241  p_z
    3   2   1   1       0.83007819  p_x
    3   3   2  -2       0.03873083  d_xy
    3   3   2  -1       0.03932983  d_yz
    3   3   2   0       0.02017316  d_z2
    3   3   2   1       0.03885436  d_xz
    3   3   2   2       0.01981916  d_x2-y2
    4   1   0   0       1.35056218  s
    4   2   1  -1       0.82423999  p_y
    4   2   1   0       0.82837836  p_z
    4   2   1   1       0.82288396  p_x
    4   3   2  -2       0.04400734  d_xy
    4   3   2  -1       0.03747740  d_yz
    4   3   2   0       0.02101691  d_z2
    4   3   2   1       0.04141529  d_xz
    4   3   2   2       0.02078084  d_x2-y2
    5   1   0   0       1.35647654  s
    5   2   1  -1       0.82558464  p_y
    5   2   1   0       0.82860850  p_z
    5   2   1   1       0.82775363  p_x
    5   3   2  -2       0.03995676  d_xy
    5   3   2  -1       0.04293533  d_yz
    5   3   2   0       0.01939084  d_z2
    5   3   2   1       0.03816079  d_xz
    5   3   2   2       0.01976779  d_x2-y2
    6   1   0   0       1.33701730  s
    6   2   1  -1       0.82867051  p_y
    6   2   1   0       0.82061078  p_z
    6   2   1   1       0.82530543  p_x
    6   3   2  -2       0.03833006  d_xy
    6   3   2  -1       0.04019876  d_yz
    6   3   2   0       0.02282932  d_z2
    6   3   2   1       0.04765360  d_xz
    6   3   2   2       0.02240537  d_x2-y2
    7   1   0   0       1.35154067  s
    7   2   1  -1       0.81782239  p_y
    7   2   1   0       0.83236804  p_z
    7   2   1   1       0.82879676  p_x
    7   3   2  -2       0.04663969  d_xy
    7   3   2  -1       0.03752644  d_yz
    7   3   2   0       0.01928921  d_z2
    7   3   2   1       0.03757203  d_xz
    7   3   2   2       0.02233227  d_x2-y2
    8   1   0   0       1.36535721  s
    8   2   1  -1       0.82689912  p_y
    8   2   1   0       0.82218273  p_z
    8   2   1   1       0.83139582  p_x
    8   3   2  -2       0.03619766  d_xy
    8   3   2  -1       0.03866127  d_yz
    8   3   2   0       0.01963704  d_z2
    8   3   2   1       0.03996230  d_xz
    8   3   2   2       0.01699077  d_x2-y2
    9   1   0   0       1.37790164  s
    9   2   1  -1       0.82531086  p_y
    9   2   1   0       0.82501087  p_z
    9   2   1   1       0.82961723  p_x
    9   3   2  -2       0.03582267  d_xy
    9   3   2  -1       0.04118055  d_yz
    9   3   2   0       0.01834965  d_z2
    9   3   2   1       0.03786100  d_xz
    9   3   2   2       0.01947363  d_x2-y2
   10   1   0   0       1.35345669  s
   10   2   1  -1       0.82969635  p_y
   10   2   1   0       0.83143476  p_z
   10   2   1   1       0.82792431  p_x
   10   3   2  -2       0.04152818  d_xy
   10   3   2  -1       0.03694625  d_yz
   10   3   2   0       0.02017099  d_z2
   10   3   2   1       0.03758997  d_xz
   10   3   2   2       0.01815188  d_x2-y2
   11   1   0   0       1.34845127  s
   11   2   1  -1       0.83119657  p_y
   11   2   1   0       0.82465581  p_z
   11   2   1   1       0.82947283  p_x
   11   3   2  -2       0.03579922  d_xy
   11   3   2  -1       0.04116686  d_yz
   11   3   2   0       0.01989179  d_z2
   11   3   2   1       0.04375590  d_xz
   11   3   2   2       0.02181696  d_x2-y2
   12   1   0   0       1.36385899  s
   12   2   1  -1       0.82635642  p_y
   12   2   1   0       0.83300875  p_z
   12   2   1   1       0.82527691  p_x
   12   3   2  -2       0.04055043  d_xy
   12   3   2  -1       0.04053887  d_yz
   12   3   2   0       0.02084673  d_z2
   12   3   2   1       0.03504430  d_xz
   12   3   2   2       0.01875574  d_x2-y2
   13   1   0   0       1.34922374  s
   13   2   1  -1       0.83021692  p_y
   13   2   1   0       0.82919026  p_z
   13   2   1   1       0.82780361  p_x
   13   3   2  -2       0.03667493  d_xy
   13   3   2  -1       0.03921707  d_yz
   13   3   2   0       0.02009752  d_z2
   13   3   2   1       0.04302874  d_xz
   13   3   2   2       0.02184563  d_x2-y2
   14   1   0   0       1.35728326  s
   14   2   1  -1       0.82526731  p_y
   14   2   1   0       0.82743273  p_z
   14   2   1   1       0.82772008  p_x
   14   3   2  -2       0.04116046  d_xy
   14   3   2  -1       0.04195718  d_yz
   14   3   2   0       0.01997648  d_z2
   14   3   2   1       0.03458837  d_xz
   14   3   2   2       0.01795698  d_x2-y2
   15   1   0   0       1.38227734  s
   15   2   1  -1       0.82943419  p_y
   15   2   1   0       0.83134187  p_z
   15   2   1   1       0.82790020  p_x
   15   3   2  -2       0.03625484  d_xy
   15   3   2  -1       0.03483682  d_yz
   15   3   2   0       0.01665844  d_z2
   15   3   2   1       0.03583534  d_xz
   15   3   2   2       0.01575583  d_x2-y2
   16   1   0   0       1.33809180  s
   16   2   1  -1       0.83045963  p_y
   16   2   1   0       0.82959768  p_z
   16   2   1   1       0.82197593  p_x
   16   3   2  -2       0.04338385  d_xy
   16   3   2  -1       0.03850549  d_yz
   16   3   2   0       0.02068932  d_z2
   16   3   2   1       0.04262676  d_xz
   16   3   2   2       0.02191997  d_x2-y2
   17   1   0   0       1.32947388  s
   17   2   1  -1       0.82451787  p_y
   17   2   1   0       0.82603769  p_z
   17   2   1   1       0.82717309  p_x
   17   3   2  -2       0.04425891  d_xy
   17   3   2  -1       0.04353033  d_yz
   17   3   2   0       0.02379714  d_z2
   17   3   2   1       0.04198506  d_xz
   17   3   2   2       0.02302947  d_x2-y2
   18   1   0   0       1.31955666  s
   18   2   1  -1       0.83128910  p_y
   18   2   1   0       0.81873102  p_z
   18   2   1   1       0.82818714  p_x
   18   3   2  -2       0.04127452  d_xy
   18   3   2  -1       0.04261474  d_yz
   18   3   2   0       0.02558366  d_z2
   18   3   2   1       0.05104241  d_xz
   18   3   2   2       0.02339996  d_x2-y2
   19   1   0   0       1.37589458  s
   19   2   1  -1       0.82736789  p_y
   19   2   1   0       0.82449245  p_z
   19   2   1   1       0.83075184  p_x
   19   3   2  -2       0.03806651  d_xy
   19   3   2  -1       0.03960904  d_yz
   19   3   2   0       0.01976725  d_z2
   19   3   2   1       0.03515150  d_xz
   19   3   2   2       0.01696113  d_x2-y2
   20   1   0   0       1.35135993  s
   20   2   1  -1       0.82819831  p_y
   20   2   1   0       0.82566937  p_z
   20   2   1   1       0.83030549  p_x
   20   3   2  -2       0.03912514  d_xy
   20   3   2  -1       0.04146174  d_yz
   20   3   2   0       0.02072139  d_z2
   20   3   2   1       0.03635813  d_xz
   20   3   2   2       0.02099715  d_x2-y2
   21   1   0   0       1.37862179  s
   21   2   1  -1       0.83020521  p_y
   21   2   1   0       0.82706876  p_z
   21   2   1   1       0.83158816  p_x
   21   3   2  -2       0.03464228  d_xy
   21   3   2  -1       0.03791602  d_yz
   21   3   2   0       0.01770541  d_z2
   21   3   2   1       0.03589608  d_xz
   21   3   2   2       0.01642378  d_x2-y2
   22   1   0   0       1.35050155  s
   22   2   1  -1       0.82640591  p_y
   22   2   1   0       0.83275522  p_z
   22   2   1   1       0.83352884  p_x
   22   3   2  -2       0.03819024  d_xy
   22   3   2  -1       0.04185736  d_yz
   22   3   2   0       0.01921017  d_z2
   22   3   2   1       0.03814702  d_xz
   22   3   2   2       0.02046653  d_x2-y2
   23   1   0   0       1.33603176  s
   23   2   1  -1       0.82899611  p_y
   23   2   1   0       0.83025249  p_z
   23   2   1   1       0.82823361  p_x
   23   3   2  -2       0.03863546  d_xy
   23   3   2  -1       0.04264030  d_yz
   23   3   2   0       0.02033296  d_z2
   23   3   2   1       0.04283536  d_xz
   23   3   2   2       0.02255499  d_x2-y2
   24   1   0   0       1.36844683  s
   24   2   1  -1       0.83770562  p_y
   24   2   1   0       0.83797937  p_z
   24   2   1   1       0.82782698  p_x
   24   3   2  -2       0.04072759  d_xy
   24   3   2  -1       0.03379345  d_yz
   24   3   2   0       0.01666406  d_z2
   24   3   2   1       0.03324832  d_xz
   24   3   2   2       0.01746151  d_x2-y2
   25   1   0   0       1.37497713  s
   25   2   1  -1       0.82864752  p_y
   25   2   1   0       0.82890729  p_z
   25   2   1   1       0.82409997  p_x
   25   3   2  -2       0.03621257  d_xy
   25   3   2  -1       0.04035262  d_yz
   25   3   2   0       0.01724178  d_z2
   25   3   2   1       0.03763840  d_xz
   25   3   2   2       0.01874708  d_x2-y2
   26   1   0   0       1.38697653  s
   26   2   1  -1       0.83378891  p_y
   26   2   1   0       0.83128794  p_z
   26   2   1   1       0.82984162  p_x
   26   3   2  -2       0.03594123  d_xy
   26   3   2  -1       0.03698328  d_yz
   26   3   2   0       0.01572339  d_z2
   26   3   2   1       0.03474970  d_xz
   26   3   2   2       0.01609956  d_x2-y2
   27   1   0   0       1.33952576  s
   27   2   1  -1       0.82787177  p_y
   27   2   1   0       0.82979967  p_z
   27   2   1   1       0.82538724  p_x
   27   3   2  -2       0.04236568  d_xy
   27   3   2  -1       0.03928388  d_yz
   27   3   2   0       0.01985060  d_z2
   27   3   2   1       0.04265873  d_xz
   27   3   2   2       0.02199840  d_x2-y2
   28   1   0   0       1.35697053  s
   28   2   1  -1       0.82379712  p_y
   28   2   1   0       0.82578572  p_z
   28   2   1   1       0.82634542  p_x
   28   3   2  -2       0.04152182  d_xy
   28   3   2  -1       0.03996154  d_yz
   28   3   2   0       0.02112829  d_z2
   28   3   2   1       0.04117318  d_xz
   28   3   2   2       0.01997376  d_x2-y2
   29   1   0   0       1.34771221  s
   29   2   1  -1       0.83203196  p_y
   29   2   1   0       0.81940031  p_z
   29   2   1   1       0.82246280  p_x
   29   3   2  -2       0.04101066  d_xy
   29   3   2  -1       0.03981533  d_yz
   29   3   2   0       0.02287245  d_z2
   29   3   2   1       0.04347972  d_xz
   29   3   2   2       0.02047504  d_x2-y2
   30   1   0   0       1.39595245  s
   30   2   1  -1       0.82855190  p_y
   30   2   1   0       0.83313318  p_z
   30   2   1   1       0.82732045  p_x
   30   3   2  -2       0.03783366  d_xy
   30   3   2  -1       0.03596955  d_yz
   30   3   2   0       0.01664182  d_z2
   30   3   2   1       0.03716846  d_xz
   30   3   2   2       0.01831579  d_x2-y2
   31   1   0   0       1.39598355  s
   31   2   1  -1       0.83247786  p_y
   31   2   1   0       0.82255617  p_z
   31   2   1   1       0.82555462  p_x
   31   3   2  -2       0.03293173  d_xy
   31   3   2  -1       0.03355900  d_yz
   31   3   2   0       0.01527289  d_z2
   31   3   2   1       0.03768269  d_xz
   31   3   2   2       0.01609069  d_x2-y2
   32   1   0   0       1.37967403  s
   32   2   1  -1       0.82685467  p_y
   32   2   1   0       0.82937756  p_z
   32   2   1   1       0.83116020  p_x
   32   3   2  -2       0.03781715  d_xy
   32   3   2  -1       0.03642895  d_yz
   32   3   2   0       0.01809373  d_z2
   32   3   2   1       0.04138372  d_xz
   32   3   2   2       0.01897256  d_x2-y2
   33   1   0   0       1.36973792  s
   33   2   1  -1       0.83541208  p_y
   33   2   1   0       0.83033530  p_z
   33   2   1   1       0.82852169  p_x
   33   3   2  -2       0.03489397  d_xy
   33   3   2  -1       0.03451417  d_yz
   33   3   2   0       0.01719796  d_z2
   33   3   2   1       0.03998457  d_xz
   33   3   2   2       0.01712031  d_x2-y2
   34   1   0   0       1.35286880  s
   34   2   1  -1       0.82836166  p_y
   34   2   1   0       0.83013359  p_z
   34   2   1   1       0.82525956  p_x
   34   3   2  -2       0.04326130  d_xy
   34   3   2  -1       0.03896713  d_yz
   34   3   2   0       0.01986465  d_z2
   34   3   2   1       0.03433219  d_xz
   34   3   2   2       0.01846807  d_x2-y2
   35   1   0   0       1.36511509  s
   35   2   1  -1       0.82727404  p_y
   35   2   1   0       0.82749357  p_z
   35   2   1   1       0.82822323  p_x
   35   3   2  -2       0.03634180  d_xy
   35   3   2  -1       0.04056582  d_yz
   35   3   2   0       0.01911167  d_z2
   35   3   2   1       0.04050226  d_xz
   35   3   2   2       0.01915895  d_x2-y2
   36   1   0   0       1.36083759  s
   36   2   1  -1       0.82550208  p_y
   36   2   1   0       0.82847081  p_z
   36   2   1   1       0.82370963  p_x
   36   3   2  -2       0.04538627  d_xy
   36   3   2  -1       0.03569036  d_yz
   36   3   2   0       0.02021621  d_z2
   36   3   2   1       0.03626910  d_xz
   36   3   2   2       0.01801386  d_x2-y2
   37   1   0   0       1.33576313  s
   37   2   1  -1       0.81950705  p_y
   37   2   1   0       0.82931910  p_z
   37   2   1   1       0.82578861  p_x
   37   3   2  -2       0.04461731  d_xy
   37   3   2  -1       0.04496075  d_yz
   37   3   2   0       0.02136029  d_z2
   37   3   2   1       0.04066533  d_xz
   37   3   2   2       0.02363041  d_x2-y2
   38   1   0   0       1.39534693  s
   38   2   1  -1       0.83215282  p_y
   38   2   1   0       0.82442436  p_z
   38   2   1   1       0.83038383  p_x
   38   3   2  -2       0.03503446  d_xy
   38   3   2  -1       0.03397772  d_yz
   38   3   2   0       0.01632727  d_z2
   38   3   2   1       0.03748573  d_xz
   38   3   2   2       0.01504810  d_x2-y2
   39   1   0   0       1.35301300  s
   39   2   1  -1       0.82398491  p_y
   39   2   1   0       0.82810750  p_z
   39   2   1   1       0.82602093  p_x
   39   3   2  -2       0.03850147  d_xy
   39   3   2  -1       0.03844460  d_yz
   39   3   2   0       0.01947470  d_z2
   39   3   2   1       0.03966458  d_xz
   39   3   2   2       0.02106129  d_x2-y2
   40   1   0   0       1.36792554  s
   40   2   1  -1       0.83142722  p_y
   40   2   1   0       0.82258906  p_z
   40   2   1   1       0.82587272  p_x
   40   3   2  -2       0.03834326  d_xy
   40   3   2  -1       0.04168912  d_yz
   40   3   2   0       0.02056323  d_z2
   40   3   2   1       0.03864940  d_xz
   40   3   2   2       0.01865811  d_x2-y2
   41   1   0   0       1.39009278  s
   41   2   1  -1       0.82878611  p_y
   41   2   1   0       0.82597136  p_z
   41   2   1   1       0.83274991  p_x
   41   3   2  -2       0.03470196  d_xy
   41   3   2  -1       0.04327723  d_yz
   41   3   2   0       0.01752730  d_z2
   41   3   2   1       0.03271978  d_xz
   41   3   2   2       0.01810427  d_x2-y2
   42   1   0   0       1.35153435  s
   42   2   1  -1       0.82672798  p_y
   42   2   1   0       0.82834279  p_z
   42   2   1   1       0.82998221  p_x
   42   3   2  -2       0.03329384  d_xy
   42   3   2  -1       0.04059945  d_yz
   42   3   2   0       0.01948668  d_z2
   42   3   2   1       0.04579931  d_xz
   42   3   2   2       0.02143608  d_x2-y2
   43   1   0   0       1.34554783  s
   43   2   1  -1       0.83748409  p_y
   43   2   1   0       0.83041417  p_z
   43   2   1   1       0.82817811  p_x
   43   3   2  -2       0.04172629  d_xy
   43   3   2  -1       0.03520876  d_yz
   43   3   2   0       0.01915683  d_z2
   43   3   2   1       0.04138167  d_xz
   43   3   2   2       0.02002658  d_x2-y2
   44   1   0   0       1.37704041  s
   44   2   1  -1       0.82395164  p_y
   44   2   1   0       0.83471161  p_z
   44   2   1   1       0.82439621  p_x
   44   3   2  -2       0.03540319  d_xy
   44   3   2  -1       0.03703483  d_yz
   44   3   2   0       0.01651666  d_z2
   44   3   2   1       0.03556744  d_xz
   44   3   2   2       0.01769301  d_x2-y2
   45   1   0   0       1.34915932  s
   45   2   1  -1       0.82480378  p_y
   45   2   1   0       0.82776006  p_z
   45   2   1   1       0.82964965  p_x
   45   3   2  -2       0.04052299  d_xy
   45   3   2  -1       0.03790261  d_yz
   45   3   2   0       0.01926987  d_z2
   45   3   2   1       0.04025345  d_xz
   45   3   2   2       0.02015661  d_x2-y2
   46   1   0   0       1.34258645  s
   46   2   1  -1       0.82662476  p_y
   46   2   1   0       0.82836062  p_z
   46   2   1   1       0.82760588  p_x
   46   3   2  -2       0.04023739  d_xy
   46   3   2  -1       0.04124860  d_yz
   46   3   2   0       0.02243174  d_z2
   46   3   2   1       0.04307704  d_xz
   46   3   2   2       0.02198900  d_x2-y2
   47   1   0   0       1.35029475  s
   47   2   1  -1       0.82431775  p_y
   47   2   1   0       0.82971678  p_z
   47   2   1   1       0.82479647  p_x
   47   3   2  -2       0.04241804  d_xy
   47   3   2  -1       0.04120249  d_yz
   47   3   2   0       0.02090843  d_z2
   47   3   2   1       0.03928547  d_xz
   47   3   2   2       0.02096631  d_x2-y2
   48   1   0   0       1.32611143  s
   48   2   1  -1       0.82950663  p_y
   48   2   1   0       0.81725966  p_z
   48   2   1   1       0.82859551  p_x
   48   3   2  -2       0.03862856  d_xy
   48   3   2  -1       0.04343521  d_yz
   48   3   2   0       0.02521162  d_z2
   48   3   2   1       0.04792998  d_xz
   48   3   2   2       0.02190102  d_x2-y2
   49   1   0   0       1.36933883  s
   49   2   1  -1       0.82836432  p_y
   49   2   1   0       0.83695891  p_z
   49   2   1   1       0.82869605  p_x
   49   3   2  -2       0.04144015  d_xy
   49   3   2  -1       0.03497082  d_yz
   49   3   2   0       0.01675026  d_z2
   49   3   2   1       0.03282279  d_xz
   49   3   2   2       0.01779565  d_x2-y2
   50   1   0   0       1.38423694  s
   50   2   1  -1       0.82582849  p_y
   50   2   1   0       0.83115752  p_z
   50   2   1   1       0.82935596  p_x
   50   3   2  -2       0.03378696  d_xy
   50   3   2  -1       0.03373256  d_yz
   50   3   2   0       0.01769740  d_z2
   50   3   2   1       0.03812491  d_xz
   50   3   2   2       0.01559877  d_x2-y2
   51   1   0   0       1.33652829  s
   51   2   1  -1       0.81972456  p_y
   51   2   1   0       0.82629079  p_z
   51   2   1   1       0.82800391  p_x
   51   3   2  -2       0.04082900  d_xy
   51   3   2  -1       0.04597194  d_yz
   51   3   2   0       0.02202491  d_z2
   51   3   2   1       0.04035171  d_xz
   51   3   2   2       0.02357705  d_x2-y2
   52   1   0   0       1.35240855  s
   52   2   1  -1       0.82938684  p_y
   52   2   1   0       0.82712699  p_z
   52   2   1   1       0.82498935  p_x
   52   3   2  -2       0.03975224  d_xy
   52   3   2  -1       0.04375224  d_yz
   52   3   2   0       0.02088972  d_z2
   52   3   2   1       0.04013282  d_xz
   52   3   2   2       0.02095681  d_x2-y2
   53   1   0   0       1.33723955  s
   53   2   1  -1       0.82208597  p_y
   53   2   1   0       0.82548597  p_z
   53   2   1   1       0.82751963  p_x
   53   3   2  -2       0.04153970  d_xy
   53   3   2  -1       0.04434899  d_yz
   53   3   2   0       0.02212904  d_z2
   53   3   2   1       0.04121655  d_xz
   53   3   2   2       0.02241572  d_x2-y2
   54   1   0   0       1.35239481  s
   54   2   1  -1       0.83258698  p_y
   54   2   1   0       0.82825415  p_z
   54   2   1   1       0.83341815  p_x
   54   3   2  -2       0.03880173  d_xy
   54   3   2  -1       0.04143500  d_yz
   54   3   2   0       0.01946561  d_z2
   54   3   2   1       0.03639706  d_xz
   54   3   2   2       0.01799565  d_x2-y2
   55   1   0   0       1.36444098  s
   55   2   1  -1       0.83442591  p_y
   55   2   1   0       0.83049709  p_z
   55   2   1   1       0.82737844  p_x
   55   3   2  -2       0.04061720  d_xy
   55   3   2  -1       0.03741585  d_yz
   55   3   2   0       0.01804455  d_z2
   55   3   2   1       0.03619199  d_xz
   55   3   2   2       0.01830103  d_x2-y2
   56   1   0   0       1.33677693  s
   56   2   1  -1       0.83136384  p_y
   56   2   1   0       0.83055068  p_z
   56   2   1   1       0.83237138  p_x
   56   3   2  -2       0.04286372  d_xy
   56   3   2  -1       0.04225259  d_yz
   56   3   2   0       0.02389663  d_z2
   56   3   2   1       0.03880760  d_xz
   56   3   2   2       0.02087531  d_x2-y2
   57   1   0   0       1.37959817  s
   57   2   1  -1       0.82854653  p_y
   57   2   1   0       0.82606790  p_z
   57   2   1   1       0.82283080  p_x
   57   3   2  -2       0.03956279  d_xy
   57   3   2  -1       0.03588425  d_yz
   57   3   2   0       0.01935610  d_z2
   57   3   2   1       0.04096174  d_xz
   57   3   2   2       0.01811487  d_x2-y2
   58   1   0   0       1.35329723  s
   58   2   1  -1       0.82677742  p_y
   58   2   1   0       0.82692073  p_z
   58   2   1   1       0.82931585  p_x
   58   3   2  -2       0.04082071  d_xy
   58   3   2  -1       0.04304695  d_yz
   58   3   2   0       0.02096905  d_z2
   58   3   2   1       0.03721564  d_xz
   58   3   2   2       0.02079943  d_x2-y2
   59   1   0   0       1.34552620  s
   59   2   1  -1       0.82512914  p_y
   59   2   1   0       0.82908097  p_z
   59   2   1   1       0.83179372  p_x
   59   3   2  -2       0.04050125  d_xy
   59   3   2  -1       0.04113098  d_yz
   59   3   2   0       0.02019051  d_z2
   59   3   2   1       0.03747214  d_xz
   59   3   2   2       0.01967295  d_x2-y2
   60   1   0   0       1.34787093  s
   60   2   1  -1       0.82560603  p_y
   60   2   1   0       0.82470561  p_z
   60   2   1   1       0.82997674  p_x
   60   3   2  -2       0.04171976  d_xy
   60   3   2  -1       0.03957062  d_yz
   60   3   2   0       0.02120728  d_z2
   60   3   2   1       0.04058193  d_xz
   60   3   2   2       0.02031492  d_x2-y2
   61   1   0   0       1.35556727  s
   61   2   1  -1       0.82777210  p_y
   61   2   1   0       0.82673590  p_z
   61   2   1   1       0.83067278  p_x
   61   3   2  -2       0.03836266  d_xy
   61   3   2  -1       0.04169436  d_yz
   61   3   2   0       0.01992928  d_z2
   61   3   2   1       0.04065197  d_xz
   61   3   2   2       0.02119830  d_x2-y2
   62   1   0   0       1.37047869  s
   62   2   1  -1       0.82512615  p_y
   62   2   1   0       0.83217348  p_z
   62   2   1   1       0.82934941  p_x
   62   3   2  -2       0.04079273  d_xy
   62   3   2  -1       0.03777900  d_yz
   62   3   2   0       0.01928570  d_z2
   62   3   2   1       0.03951724  d_xz
   62   3   2   2       0.01927869  d_x2-y2
   63   1   0   0       1.35656174  s
   63   2   1  -1       0.83204778  p_y
   63   2   1   0       0.82590197  p_z
   63   2   1   1       0.82106768  p_x
   63   3   2  -2       0.04013456  d_xy
   63   3   2  -1       0.03802560  d_yz
   63   3   2   0       0.02133462  d_z2
   63   3   2   1       0.04819900  d_xz
   63   3   2   2       0.02108950  d_x2-y2
   64   1   0   0       1.39049798  s
   64   2   1  -1       0.82919454  p_y
   64   2   1   0       0.83197255  p_z
   64   2   1   1       0.83089170  p_x
   64   3   2  -2       0.03739895  d_xy
   64   3   2  -1       0.03412440  d_yz
   64   3   2   0       0.01650577  d_z2
   64   3   2   1       0.03749198  d_xz
   64   3   2   2       0.01679889  d_x2-y2

Fermi level:                        -0.1331166710 H           -3.6223 eV
Band energy:                       -88.1787808975 H        -2399.4667 eV
TS:                                  0.0000000000 H            0.0000 eV
Band free energy (E-TS):           -88.1787808975 H        -2399.4667 eV
Extrapolated E(0K):                -88.1787808975 H        -2399.4667 eV
Input / Output electrons (q):    256.0000000000    256.0000000000

Energy H0:                         -88.1640640757 H        -2399.0662 eV
Energy SCC:                          0.0004538786 H            0.0124 eV
Total Electronic energy:           -88.1636101971 H        -2399.0539 eV
Repulsive energy:                    0.0000000000 H            0.0000 eV
Total energy:                      -88.1636101971 H        -2399.0539 eV
Extrapolated to 0:                 -88.1636101971 H        -2399.0539 eV
Total Mermin free energy:          -88.1636101971 H        -2399.0539 eV
Force related energy:              -88.1636101971 H        -2399.0539 eV

Non-constrained calculation

SCC converged

Warning: dipole moment is not defined absolutely!
Dipole moment:    0.26627285   -0.19276045    0.17260867 au
Dipole moment:    0.67679813   -0.48994825    0.43872752 Debye


