 Fermi distribution function

Calculation with static geometry


********************************************************************************
 iSCC Total electronic   Diff electronic      SCC error    
    9   -0.88180407E+02   -0.60670402E-09    0.99963044E-05
********************************************************************************

 Total charge:    -0.00000000

 Atomic gross charges (e)
 Atom           Charge
    1      -0.01182198
    2       0.01094714
    3      -0.00448772
    4       0.00544469
    5       0.01336260
    6      -0.00426067
    7      -0.01075692
    8       0.00276251
    9      -0.01218695
   10       0.00868232
   11      -0.00111242
   12      -0.00034384
   13      -0.00235333
   14       0.01534715
   15      -0.00404679
   16       0.02284343
   17       0.00845505
   18       0.00058265
   19       0.00882193
   20       0.00278308
   21      -0.01113409
   22       0.00646020
   23       0.01471364
   24       0.00250544
   25       0.01123766
   26      -0.00243655
   27       0.01609169
   28       0.00250109
   29      -0.00440760
   30      -0.01394628
   31      -0.00321977
   32      -0.01620245
   33      -0.00959059
   34       0.01225604
   35      -0.00728387
   36       0.01047576
   37       0.00679764
   38       0.00478342
   39       0.00665006
   40      -0.00338012
   41      -0.01997435
   42      -0.00127885
   43      -0.00885683
   44      -0.01150015
   45       0.00355658
   46       0.01225202
   47      -0.01348876
   48       0.02142092
   49       0.00920624
   50       0.01483888
   51       0.01285926
   52      -0.00471765
   53      -0.00133942
   54       0.00970337
   55      -0.00524007
   56      -0.00469955
   57      -0.00867103
   58      -0.02533263
   59       0.00654469
   60      -0.00188686
   61       0.00802782
   62      -0.02898291
   63      -0.00476666
   64      -0.02920734

Nr. of electrons (up):    256.00000000
Atom populations (up)
 Atom       Population
    1       4.01182198
    2       3.98905286
    3       4.00448772
    4       3.99455531
    5       3.98663740
    6       4.00426067
    7       4.01075692
    8       3.99723749
    9       4.01218695
   10       3.99131768
   11       4.00111242
   12       4.00034384
   13       4.00235333
   14       3.98465285
   15       4.00404679
   16       3.97715657
   17       3.99154495
   18       3.99941735
   19       3.99117807
   20       3.99721692
   21       4.01113409
   22       3.99353980
   23       3.98528636
   24       3.99749456
   25       3.98876234
   26       4.00243655
   27       3.98390831
   28       3.99749891
   29       4.00440760
   30       4.01394628
   31       4.00321977
   32       4.01620245
   33       4.00959059
   34       3.98774396
   35       4.00728387
   36       3.98952424
   37       3.99320236
   38       3.99521658
   39       3.99334994
   40       4.00338012
   41       4.01997435
   42       4.00127885
   43       4.00885683
   44       4.01150015
   45       3.99644342
   46       3.98774798
   47       4.01348876
   48       3.97857908
   49       3.99079376
   50       3.98516112
   51       3.98714074
   52       4.00471765
   53       4.00133942
   54       3.99029663
   55       4.00524007
   56       4.00469955
   57       4.00867103
   58       4.02533263
   59       3.99345531
   60       4.00188686
   61       3.99197218
   62       4.02898291
   63       4.00476666
   64       4.02920734

l-shell populations (up)
 Atom Sh.   l       Population
    1   1   0       1.37179705
    1   2   1       2.49570888
    1   3   2       0.14431605
    2   1   0       1.34336893
    2   2   1       2.48691134
    2   3   2       0.15877259
    3   1   0       1.36070931
    3   2   1       2.49138605
    3   3   2       0.15239236
    4   1   0       1.34843926
    4   2   1       2.48165194
    4   3   2       0.16446411
    5   1   0       1.33558963
    5   2   1       2.47955529
    5   3   2       0.17149247
    6   1   0       1.37291010
    6   2   1       2.49085498
    6   3   2       0.14049559
    7   1   0       1.37568653
    7   2   1       2.48555064
    7   3   2       0.14951975
    8   1   0       1.36375923
    8   2   1       2.47671554
    8   3   2       0.15676273
    9   1   0       1.37621538
    9   2   1       2.48406698
    9   3   2       0.15190459
   10   1   0       1.34766581
   10   2   1       2.47604660
   10   3   2       0.16760527
   11   1   0       1.35752394
   11   2   1       2.47973881
   11   3   2       0.16384967
   12   1   0       1.36608342
   12   2   1       2.48068179
   12   3   2       0.15357863
   13   1   0       1.35870858
   13   2   1       2.49053109
   13   3   2       0.15311366
   14   1   0       1.34050845
   14   2   1       2.47301327
   14   3   2       0.17113114
   15   1   0       1.35314210
   15   2   1       2.49364118
   15   3   2       0.15726351
   16   1   0       1.32533702
   16   2   1       2.47870796
   16   3   2       0.17311160
   17   1   0       1.35616690
   17   2   1       2.48226865
   17   3   2       0.15310939
   18   1   0       1.34870341
   18   2   1       2.49540831
   18   3   2       0.15530563
   19   1   0       1.36197333
   19   2   1       2.46626305
   19   3   2       0.16294170
   20   1   0       1.35270728
   20   2   1       2.48437714
   20   3   2       0.16013250
   21   1   0       1.37357016
   21   2   1       2.48919204
   21   3   2       0.14837188
   22   1   0       1.35542429
   22   2   1       2.48294317
   22   3   2       0.15517234
   23   1   0       1.33945605
   23   2   1       2.47984855
   23   3   2       0.16598176
   24   1   0       1.35173542
   24   2   1       2.48771839
   24   3   2       0.15804076
   25   1   0       1.34499108
   25   2   1       2.47420618
   25   3   2       0.16956508
   26   1   0       1.36899424
   26   2   1       2.47875060
   26   3   2       0.15469170
   27   1   0       1.33608074
   27   2   1       2.48246861
   27   3   2       0.16535897
   28   1   0       1.36777721
   28   2   1       2.47408257
   28   3   2       0.15563913
   29   1   0       1.37190847
   29   2   1       2.48713012
   29   3   2       0.14536901
   30   1   0       1.37841906
   30   2   1       2.48629775
   30   3   2       0.14922947
   31   1   0       1.36085617
   31   2   1       2.48210335
   31   3   2       0.16026026
   32   1   0       1.37999093
   32   2   1       2.48622505
   32   3   2       0.14998646
   33   1   0       1.36717591
   33   2   1       2.49184872
   33   3   2       0.15056595
   34   1   0       1.33627380
   34   2   1       2.48440231
   34   3   2       0.16706784
   35   1   0       1.36467688
   35   2   1       2.49391837
   35   3   2       0.14868861
   36   1   0       1.34307911
   36   2   1       2.48612426
   36   3   2       0.16032087
   37   1   0       1.35116233
   37   2   1       2.48163930
   37   3   2       0.16040073
   38   1   0       1.35545394
   38   2   1       2.48377851
   38   3   2       0.15598412
   39   1   0       1.33866776
   39   2   1       2.47907416
   39   3   2       0.17560802
   40   1   0       1.36989708
   40   2   1       2.47775503
   40   3   2       0.15572802
   41   1   0       1.37809634
   41   2   1       2.49445223
   41   3   2       0.14742578
   42   1   0       1.35701158
   42   2   1       2.48416799
   42   3   2       0.16009929
   43   1   0       1.36673181
   43   2   1       2.48976554
   43   3   2       0.15235948
   44   1   0       1.38120506
   44   2   1       2.48436104
   44   3   2       0.14593405
   45   1   0       1.35055308
   45   2   1       2.48798376
   45   3   2       0.15790658
   46   1   0       1.34695270
   46   2   1       2.48001867
   46   3   2       0.16077660
   47   1   0       1.38300125
   47   2   1       2.48747712
   47   3   2       0.14301040
   48   1   0       1.32654872
   48   2   1       2.47721992
   48   3   2       0.17481044
   49   1   0       1.33842600
   49   2   1       2.48171894
   49   3   2       0.17064883
   50   1   0       1.33424586
   50   2   1       2.48051221
   50   3   2       0.17040305
   51   1   0       1.34777870
   51   2   1       2.47461359
   51   3   2       0.16474845
   52   1   0       1.37303605
   52   2   1       2.47882221
   52   3   2       0.15285940
   53   1   0       1.35280471
   53   2   1       2.49225617
   53   3   2       0.15627853
   54   1   0       1.33001461
   54   2   1       2.48347667
   54   3   2       0.17680536
   55   1   0       1.36725143
   55   2   1       2.48283743
   55   3   2       0.15515121
   56   1   0       1.34916446
   56   2   1       2.49634689
   56   3   2       0.15918820
   57   1   0       1.37706910
   57   2   1       2.47914342
   57   3   2       0.15245851
   58   1   0       1.39496171
   58   2   1       2.49576678
   58   3   2       0.13460414
   59   1   0       1.34148420
   59   2   1       2.49105237
   59   3   2       0.16091874
   60   1   0       1.34980331
   60   2   1       2.49039298
   60   3   2       0.16169058
   61   1   0       1.33903956
   61   2   1       2.48103123
   61   3   2       0.17190139
   62   1   0       1.39032923
   62   2   1       2.49598092
   62   3   2       0.14267276
   63   1   0       1.36450119
   63   2   1       2.48844871
   63   3   2       0.15181677
   64   1   0       1.39649066
   64   2   1       2.49627274
   64   3   2       0.13644394

Orbital populations (up)
 Atom Sh.   l   m       Population  Label
    1   1   0   0       1.37179705  s
    1   2   1  -1       0.83260809  p_y
    1   2   1   0       0.83378216  p_z
    1   2   1   1       0.82931863  p_x
    1   3   2  -2       0.03535010  d_xy
    1   3   2  -1       0.03735757  d_yz
    1   3   2   0       0.01694076  d_z2
    1   3   2   1       0.03758933  d_xz
    1   3   2   2       0.01707828  d_x2-y2
    2   1   0   0       1.34336893  s
    2   2   1  -1       0.83258428  p_y
    2   2   1   0       0.82562488  p_z
    2   2   1   1       0.82870217  p_x
    2   3   2  -2       0.03987118  d_xy
    2   3   2  -1       0.03982303  d_yz
    2   3   2   0       0.02086641  d_z2
    2   3   2   1       0.03941863  d_xz
    2   3   2   2       0.01879335  d_x2-y2
    3   1   0   0       1.36070931  s
    3   2   1  -1       0.82915439  p_y
    3   2   1   0       0.83516599  p_z
    3   2   1   1       0.82706567  p_x
    3   3   2  -2       0.03763669  d_xy
    3   3   2  -1       0.03745364  d_yz
    3   3   2   0       0.02052693  d_z2
    3   3   2   1       0.03840361  d_xz
    3   3   2   2       0.01837149  d_x2-y2
    4   1   0   0       1.34843926  s
    4   2   1  -1       0.83117755  p_y
    4   2   1   0       0.82642167  p_z
    4   2   1   1       0.82405272  p_x
    4   3   2  -2       0.04093178  d_xy
    4   3   2  -1       0.04095423  d_yz
    4   3   2   0       0.02184407  d_z2
    4   3   2   1       0.04059995  d_xz
    4   3   2   2       0.02013408  d_x2-y2
    5   1   0   0       1.33558963  s
    5   2   1  -1       0.82676144  p_y
    5   2   1   0       0.82555044  p_z
    5   2   1   1       0.82724341  p_x
    5   3   2  -2       0.04279909  d_xy
    5   3   2  -1       0.04115076  d_yz
    5   3   2   0       0.02272869  d_z2
    5   3   2   1       0.04276263  d_xz
    5   3   2   2       0.02205131  d_x2-y2
    6   1   0   0       1.37291010  s
    6   2   1  -1       0.82881363  p_y
    6   2   1   0       0.82851088  p_z
    6   2   1   1       0.83353047  p_x
    6   3   2  -2       0.03605921  d_xy
    6   3   2  -1       0.03772725  d_yz
    6   3   2   0       0.01631563  d_z2
    6   3   2   1       0.03431838  d_xz
    6   3   2   2       0.01607513  d_x2-y2
    7   1   0   0       1.37568653  s
    7   2   1  -1       0.83155177  p_y
    7   2   1   0       0.82699733  p_z
    7   2   1   1       0.82700154  p_x
    7   3   2  -2       0.03723673  d_xy
    7   3   2  -1       0.03947780  d_yz
    7   3   2   0       0.01807403  d_z2
    7   3   2   1       0.03699287  d_xz
    7   3   2   2       0.01773832  d_x2-y2
    8   1   0   0       1.36375923  s
    8   2   1  -1       0.82956076  p_y
    8   2   1   0       0.82488106  p_z
    8   2   1   1       0.82227372  p_x
    8   3   2  -2       0.03703283  d_xy
    8   3   2  -1       0.03969368  d_yz
    8   3   2   0       0.02009596  d_z2
    8   3   2   1       0.04127182  d_xz
    8   3   2   2       0.01866844  d_x2-y2
    9   1   0   0       1.37621538  s
    9   2   1  -1       0.82730624  p_y
    9   2   1   0       0.83011882  p_z
    9   2   1   1       0.82664192  p_x
    9   3   2  -2       0.04075817  d_xy
    9   3   2  -1       0.03529457  d_yz
    9   3   2   0       0.01824146  d_z2
    9   3   2   1       0.03876995  d_xz
    9   3   2   2       0.01884044  d_x2-y2
   10   1   0   0       1.34766581  s
   10   2   1  -1       0.82625224  p_y
   10   2   1   0       0.82207178  p_z
   10   2   1   1       0.82772258  p_x
   10   3   2  -2       0.03839090  d_xy
   10   3   2  -1       0.04271630  d_yz
   10   3   2   0       0.02190964  d_z2
   10   3   2   1       0.04340089  d_xz
   10   3   2   2       0.02118754  d_x2-y2
   11   1   0   0       1.35752394  s
   11   2   1  -1       0.82261797  p_y
   11   2   1   0       0.83005302  p_z
   11   2   1   1       0.82706782  p_x
   11   3   2  -2       0.04441380  d_xy
   11   3   2  -1       0.04049422  d_yz
   11   3   2   0       0.01987640  d_z2
   11   3   2   1       0.03738771  d_xz
   11   3   2   2       0.02167754  d_x2-y2
   12   1   0   0       1.36608342  s
   12   2   1  -1       0.83033181  p_y
   12   2   1   0       0.81939412  p_z
   12   2   1   1       0.83095586  p_x
   12   3   2  -2       0.03527509  d_xy
   12   3   2  -1       0.03742574  d_yz
   12   3   2   0       0.01905454  d_z2
   12   3   2   1       0.04332437  d_xz
   12   3   2   2       0.01849889  d_x2-y2
   13   1   0   0       1.35870858  s
   13   2   1  -1       0.82661637  p_y
   13   2   1   0       0.82965652  p_z
   13   2   1   1       0.83425820  p_x
   13   3   2  -2       0.03894494  d_xy
   13   3   2  -1       0.03843724  d_yz
   13   3   2   0       0.02032082  d_z2
   13   3   2   1       0.03678009  d_xz
   13   3   2   2       0.01863057  d_x2-y2
   14   1   0   0       1.34050845  s
   14   2   1  -1       0.82471848  p_y
   14   2   1   0       0.82585172  p_z
   14   2   1   1       0.82244307  p_x
   14   3   2  -2       0.04177076  d_xy
   14   3   2  -1       0.04054103  d_yz
   14   3   2   0       0.02176289  d_z2
   14   3   2   1       0.04464124  d_xz
   14   3   2   2       0.02241521  d_x2-y2
   15   1   0   0       1.35314210  s
   15   2   1  -1       0.83104524  p_y
   15   2   1   0       0.82858817  p_z
   15   2   1   1       0.83400778  p_x
   15   3   2  -2       0.03691972  d_xy
   15   3   2  -1       0.04103191  d_yz
   15   3   2   0       0.02022012  d_z2
   15   3   2   1       0.04014964  d_xz
   15   3   2   2       0.01894210  d_x2-y2
   16   1   0   0       1.32533702  s
   16   2   1  -1       0.82364341  p_y
   16   2   1   0       0.82310804  p_z
   16   2   1   1       0.83195651  p_x
   16   3   2  -2       0.04093177  d_xy
   16   3   2  -1       0.04631332  d_yz
   16   3   2   0       0.02351622  d_z2
   16   3   2   1       0.03989385  d_xz
   16   3   2   2       0.02245644  d_x2-y2
   17   1   0   0       1.35616690  s
   17   2   1  -1       0.82566765  p_y
   17   2   1   0       0.82717198  p_z
   17   2   1   1       0.82942903  p_x
   17   3   2  -2       0.03823359  d_xy
   17   3   2  -1       0.03904719  d_yz
   17   3   2   0       0.01917472  d_z2
   17   3   2   1       0.03855201  d_xz
   17   3   2   2       0.01810188  d_x2-y2
   18   1   0   0       1.34870341  s
   18   2   1  -1       0.82854775  p_y
   18   2   1   0       0.83720742  p_z
   18   2   1   1       0.82965314  p_x
   18   3   2  -2       0.04364604  d_xy
   18   3   2  -1       0.03871392  d_yz
   18   3   2   0       0.01815187  d_z2
   18   3   2   1       0.03466187  d_xz
   18   3   2   2       0.02013193  d_x2-y2
   19   1   0   0       1.36197333  s
   19   2   1  -1       0.81924235  p_y
   19   2   1   0       0.82788123  p_z
   19   2   1   1       0.81913947  p_x
   19   3   2  -2       0.03958556  d_xy
   19   3   2  -1       0.03899106  d_yz
   19   3   2   0       0.02140876  d_z2
   19   3   2   1       0.04260332  d_xz
   19   3   2   2       0.02035299  d_x2-y2
   20   1   0   0       1.35270728  s
   20   2   1  -1       0.82334304  p_y
   20   2   1   0       0.83349860  p_z
   20   2   1   1       0.82753550  p_x
   20   3   2  -2       0.03960987  d_xy
   20   3   2  -1       0.04011340  d_yz
   20   3   2   0       0.01880052  d_z2
   20   3   2   1       0.03900190  d_xz
   20   3   2   2       0.02260681  d_x2-y2
   21   1   0   0       1.37357016  s
   21   2   1  -1       0.82713222  p_y
   21   2   1   0       0.83310397  p_z
   21   2   1   1       0.82895586  p_x
   21   3   2  -2       0.03799577  d_xy
   21   3   2  -1       0.03792286  d_yz
   21   3   2   0       0.01756701  d_z2
   21   3   2   1       0.03692918  d_xz
   21   3   2   2       0.01795706  d_x2-y2
   22   1   0   0       1.35542429  s
   22   2   1  -1       0.82833951  p_y
   22   2   1   0       0.82350550  p_z
   22   2   1   1       0.83109816  p_x
   22   3   2  -2       0.03764178  d_xy
   22   3   2  -1       0.04190463  d_yz
   22   3   2   0       0.02006625  d_z2
   22   3   2   1       0.03660716  d_xz
   22   3   2   2       0.01895251  d_x2-y2
   23   1   0   0       1.33945605  s
   23   2   1  -1       0.82835404  p_y
   23   2   1   0       0.82466515  p_z
   23   2   1   1       0.82682937  p_x
   23   3   2  -2       0.04311458  d_xy
   23   3   2  -1       0.03977877  d_yz
   23   3   2   0       0.02352750  d_z2
   23   3   2   1       0.04028163  d_xz
   23   3   2   2       0.01927928  d_x2-y2
   24   1   0   0       1.35173542  s
   24   2   1  -1       0.82830133  p_y
   24   2   1   0       0.82676891  p_z
   24   2   1   1       0.83264815  p_x
   24   3   2  -2       0.03792425  d_xy
   24   3   2  -1       0.03919388  d_yz
   24   3   2   0       0.01966549  d_z2
   24   3   2   1       0.04099678  d_xz
   24   3   2   2       0.02026036  d_x2-y2
   25   1   0   0       1.34499108  s
   25   2   1  -1       0.82298602  p_y
   25   2   1   0       0.82685131  p_z
   25   2   1   1       0.82436885  p_x
   25   3   2  -2       0.04585782  d_xy
   25   3   2  -1       0.03905859  d_yz
   25   3   2   0       0.02261613  d_z2
   25   3   2   1       0.04144394  d_xz
   25   3   2   2       0.02058860  d_x2-y2
   26   1   0   0       1.36899424  s
   26   2   1  -1       0.82514922  p_y
   26   2   1   0       0.82655985  p_z
   26   2   1   1       0.82704154  p_x
   26   3   2  -2       0.03871126  d_xy
   26   3   2  -1       0.03574539  d_yz
   26   3   2   0       0.01891743  d_z2
   26   3   2   1       0.04272373  d_xz
   26   3   2   2       0.01859389  d_x2-y2
   27   1   0   0       1.33608074  s
   27   2   1  -1       0.82750688  p_y
   27   2   1   0       0.82865648  p_z
   27   2   1   1       0.82630524  p_x
   27   3   2  -2       0.04531482  d_xy
   27   3   2  -1       0.04050481  d_yz
   27   3   2   0       0.02199499  d_z2
   27   3   2   1       0.03755315  d_xz
   27   3   2   2       0.01999120  d_x2-y2
   28   1   0   0       1.36777721  s
   28   2   1  -1       0.82705318  p_y
   28   2   1   0       0.81821066  p_z
   28   2   1   1       0.82881873  p_x
   28   3   2  -2       0.03732560  d_xy
   28   3   2  -1       0.03924843  d_yz
   28   3   2   0       0.02061542  d_z2
   28   3   2   1       0.04021993  d_xz
   28   3   2   2       0.01822976  d_x2-y2
   29   1   0   0       1.37190847  s
   29   2   1  -1       0.82530974  p_y
   29   2   1   0       0.83436951  p_z
   29   2   1   1       0.82745087  p_x
   29   3   2  -2       0.03698292  d_xy
   29   3   2  -1       0.03692399  d_yz
   29   3   2   0       0.01571221  d_z2
   29   3   2   1       0.03670751  d_xz
   29   3   2   2       0.01904238  d_x2-y2
   30   1   0   0       1.37841906  s
   30   2   1  -1       0.82768031  p_y
   30   2   1   0       0.82719197  p_z
   30   2   1   1       0.83142547  p_x
   30   3   2  -2       0.03699350  d_xy
   30   3   2  -1       0.03685524  d_yz
   30   3   2   0       0.01791301  d_z2
   30   3   2   1       0.03904397  d_xz
   30   3   2   2       0.01842376  d_x2-y2
   31   1   0   0       1.36085617  s
   31   2   1  -1       0.82357574  p_y
   31   2   1   0       0.83606529  p_z
   31   2   1   1       0.82246232  p_x
   31   3   2  -2       0.04488452  d_xy
   31   3   2  -1       0.03913988  d_yz
   31   3   2   0       0.01880959  d_z2
   31   3   2   1       0.03660360  d_xz
   31   3   2   2       0.02082267  d_x2-y2
   32   1   0   0       1.37999093  s
   32   2   1  -1       0.83373307  p_y
   32   2   1   0       0.82780089  p_z
   32   2   1   1       0.82469109  p_x
   32   3   2  -2       0.03815148  d_xy
   32   3   2  -1       0.03821457  d_yz
   32   3   2   0       0.01739209  d_z2
   32   3   2   1       0.03782330  d_xz
   32   3   2   2       0.01840503  d_x2-y2
   33   1   0   0       1.36717591  s
   33   2   1  -1       0.82869633  p_y
   33   2   1   0       0.83188860  p_z
   33   2   1   1       0.83126379  p_x
   33   3   2  -2       0.03960413  d_xy
   33   3   2  -1       0.03811533  d_yz
   33   3   2   0       0.01862155  d_z2
   33   3   2   1       0.03641173  d_xz
   33   3   2   2       0.01781322  d_x2-y2
   34   1   0   0       1.33627380  s
   34   2   1  -1       0.82450196  p_y
   34   2   1   0       0.83384720  p_z
   34   2   1   1       0.82605315  p_x
   34   3   2  -2       0.04268906  d_xy
   34   3   2  -1       0.04000096  d_yz
   34   3   2   0       0.02036344  d_z2
   34   3   2   1       0.04099451  d_xz
   34   3   2   2       0.02301987  d_x2-y2
   35   1   0   0       1.36467688  s
   35   2   1  -1       0.83175952  p_y
   35   2   1   0       0.83258795  p_z
   35   2   1   1       0.82957090  p_x
   35   3   2  -2       0.03730776  d_xy
   35   3   2  -1       0.03675754  d_yz
   35   3   2   0       0.01821671  d_z2
   35   3   2   1       0.03887638  d_xz
   35   3   2   2       0.01753023  d_x2-y2
   36   1   0   0       1.34307911  s
   36   2   1  -1       0.82998165  p_y
   36   2   1   0       0.83073905  p_z
   36   2   1   1       0.82540356  p_x
   36   3   2  -2       0.03773011  d_xy
   36   3   2  -1       0.04024422  d_yz
   36   3   2   0       0.01892031  d_z2
   36   3   2   1       0.04199476  d_xz
   36   3   2   2       0.02143146  d_x2-y2
   37   1   0   0       1.35116233  s
   37   2   1  -1       0.82777385  p_y
   37   2   1   0       0.82602730  p_z
   37   2   1   1       0.82783816  p_x
   37   3   2  -2       0.03899256  d_xy
   37   3   2  -1       0.03866282  d_yz
   37   3   2   0       0.02017013  d_z2
   37   3   2   1       0.04295767  d_xz
   37   3   2   2       0.01961755  d_x2-y2
   38   1   0   0       1.35545394  s
   38   2   1  -1       0.82507413  p_y
   38   2   1   0       0.82887567  p_z
   38   2   1   1       0.82982871  p_x
   38   3   2  -2       0.04022367  d_xy
   38   3   2  -1       0.03991225  d_yz
   38   3   2   0       0.01941600  d_z2
   38   3   2   1       0.03734864  d_xz
   38   3   2   2       0.01908357  d_x2-y2
   39   1   0   0       1.33866776  s
   39   2   1  -1       0.82327993  p_y
   39   2   1   0       0.82664584  p_z
   39   2   1   1       0.82914838  p_x
   39   3   2  -2       0.04332905  d_xy
   39   3   2  -1       0.04518634  d_yz
   39   3   2   0       0.02275948  d_z2
   39   3   2   1       0.04051701  d_xz
   39   3   2   2       0.02381615  d_x2-y2
   40   1   0   0       1.36989708  s
   40   2   1  -1       0.82179302  p_y
   40   2   1   0       0.82898128  p_z
   40   2   1   1       0.82698072  p_x
   40   3   2  -2       0.03885289  d_xy
   40   3   2  -1       0.03810906  d_yz
   40   3   2   0       0.01787327  d_z2
   40   3   2   1       0.03989651  d_xz
   40   3   2   2       0.02099629  d_x2-y2
   41   1   0   0       1.37809634  s
   41   2   1  -1       0.83091168  p_y
   41   2   1   0       0.83345609  p_z
   41   2   1   1       0.83008447  p_x
   41   3   2  -2       0.04090124  d_xy
   41   3   2  -1       0.03299310  d_yz
   41   3   2   0       0.01718044  d_z2
   41   3   2   1       0.03819954  d_xz
   41   3   2   2       0.01815146  d_x2-y2
   42   1   0   0       1.35701158  s
   42   2   1  -1       0.82853919  p_y
   42   2   1   0       0.82829669  p_z
   42   2   1   1       0.82733211  p_x
   42   3   2  -2       0.04188001  d_xy
   42   3   2  -1       0.04083358  d_yz
   42   3   2   0       0.02068145  d_z2
   42   3   2   1       0.03708294  d_xz
   42   3   2   2       0.01962131  d_x2-y2
   43   1   0   0       1.36673181  s
   43   2   1  -1       0.82566105  p_y
   43   2   1   0       0.83111532  p_z
   43   2   1   1       0.83298917  p_x
   43   3   2  -2       0.03740701  d_xy
   43   3   2  -1       0.04288310  d_yz
   43   3   2   0       0.01856802  d_z2
   43   3   2   1       0.03497290  d_xz
   43   3   2   2       0.01852845  d_x2-y2
   44   1   0   0       1.38120506  s
   44   2   1  -1       0.82497606  p_y
   44   2   1   0       0.82816611  p_z
   44   2   1   1       0.83121888  p_x
   44   3   2  -2       0.03816566  d_xy
   44   3   2  -1       0.03744405  d_yz
   44   3   2   0       0.01841838  d_z2
   44   3   2   1       0.03535501  d_xz
   44   3   2   2       0.01655095  d_x2-y2
   45   1   0   0       1.35055308  s
   45   2   1  -1       0.82834065  p_y
   45   2   1   0       0.83011937  p_z
   45   2   1   1       0.82952373  p_x
   45   3   2  -2       0.03774097  d_xy
   45   3   2  -1       0.04281860  d_yz
   45   3   2   0       0.01924813  d_z2
   45   3   2   1       0.03768479  d_xz
   45   3   2   2       0.02041408  d_x2-y2
   46   1   0   0       1.34695270  s
   46   2   1  -1       0.82796513  p_y
   46   2   1   0       0.82918206  p_z
   46   2   1   1       0.82287148  p_x
   46   3   2  -2       0.04161159  d_xy
   46   3   2  -1       0.03802501  d_yz
   46   3   2   0       0.02075566  d_z2
   46   3   2   1       0.03989282  d_xz
   46   3   2   2       0.02049152  d_x2-y2
   47   1   0   0       1.38300125  s
   47   2   1  -1       0.83153734  p_y
   47   2   1   0       0.82601439  p_z
   47   2   1   1       0.82992540  p_x
   47   3   2  -2       0.03602550  d_xy
   47   3   2  -1       0.03490035  d_yz
   47   3   2   0       0.01718736  d_z2
   47   3   2   1       0.03862968  d_xz
   47   3   2   2       0.01626751  d_x2-y2
   48   1   0   0       1.32654872  s
   48   2   1  -1       0.82465269  p_y
   48   2   1   0       0.83190073  p_z
   48   2   1   1       0.82066650  p_x
   48   3   2  -2       0.04680528  d_xy
   48   3   2  -1       0.04367170  d_yz
   48   3   2   0       0.02239320  d_z2
   48   3   2   1       0.03748773  d_xz
   48   3   2   2       0.02445253  d_x2-y2
   49   1   0   0       1.33842600  s
   49   2   1  -1       0.83300501  p_y
   49   2   1   0       0.81805436  p_z
   49   2   1   1       0.83065956  p_x
   49   3   2  -2       0.03970588  d_xy
   49   3   2  -1       0.04348615  d_yz
   49   3   2   0       0.02506485  d_z2
   49   3   2   1       0.04313877  d_xz
   49   3   2   2       0.01925318  d_x2-y2
   50   1   0   0       1.33424586  s
   50   2   1  -1       0.82559936  p_y
   50   2   1   0       0.82900705  p_z
   50   2   1   1       0.82590580  p_x
   50   3   2  -2       0.04640635  d_xy
   50   3   2  -1       0.03971131  d_yz
   50   3   2   0       0.02265956  d_z2
   50   3   2   1       0.03990771  d_xz
   50   3   2   2       0.02171813  d_x2-y2
   51   1   0   0       1.34777870  s
   51   2   1  -1       0.82978434  p_y
   51   2   1   0       0.81434477  p_z
   51   2   1   1       0.83048448  p_x
   51   3   2  -2       0.03851217  d_xy
   51   3   2  -1       0.03962894  d_yz
   51   3   2   0       0.02285614  d_z2
   51   3   2   1       0.04427879  d_xz
   51   3   2   2       0.01947240  d_x2-y2
   52   1   0   0       1.37303605  s
   52   2   1  -1       0.82223100  p_y
   52   2   1   0       0.82768726  p_z
   52   2   1   1       0.82890395  p_x
   52   3   2  -2       0.03729703  d_xy
   52   3   2  -1       0.03931344  d_yz
   52   3   2   0       0.01772837  d_z2
   52   3   2   1       0.03879133  d_xz
   52   3   2   2       0.01972922  d_x2-y2
   53   1   0   0       1.35280471  s
   53   2   1  -1       0.83204213  p_y
   53   2   1   0       0.82952541  p_z
   53   2   1   1       0.83068863  p_x
   53   3   2  -2       0.03738811  d_xy
   53   3   2  -1       0.03987511  d_yz
   53   3   2   0       0.01989392  d_z2
   53   3   2   1       0.03996794  d_xz
   53   3   2   2       0.01915346  d_x2-y2
   54   1   0   0       1.33001461  s
   54   2   1  -1       0.82538058  p_y
   54   2   1   0       0.83005847  p_z
   54   2   1   1       0.82803762  p_x
   54   3   2  -2       0.04377394  d_xy
   54   3   2  -1       0.04497241  d_yz
   54   3   2   0       0.02180824  d_z2
   54   3   2   1       0.04182891  d_xz
   54   3   2   2       0.02442185  d_x2-y2
   55   1   0   0       1.36725143  s
   55   2   1  -1       0.83065681  p_y
   55   2   1   0       0.82319908  p_z
   55   2   1   1       0.82898154  p_x
   55   3   2  -2       0.03430097  d_xy
   55   3   2  -1       0.03810832  d_yz
   55   3   2   0       0.01993336  d_z2
   55   3   2   1       0.04444084  d_xz
   55   3   2   2       0.01836773  d_x2-y2
   56   1   0   0       1.34916446  s
   56   2   1  -1       0.83223260  p_y
   56   2   1   0       0.83507717  p_z
   56   2   1   1       0.82903711  p_x
   56   3   2  -2       0.03998751  d_xy
   56   3   2  -1       0.03845017  d_yz
   56   3   2   0       0.01835335  d_z2
   56   3   2   1       0.03956274  d_xz
   56   3   2   2       0.02283443  d_x2-y2
   57   1   0   0       1.37706910  s
   57   2   1  -1       0.82640428  p_y
   57   2   1   0       0.82432455  p_z
   57   2   1   1       0.82841459  p_x
   57   3   2  -2       0.03598349  d_xy
   57   3   2  -1       0.04168229  d_yz
   57   3   2   0       0.01908099  d_z2
   57   3   2   1       0.03768609  d_xz
   57   3   2   2       0.01802565  d_x2-y2
   58   1   0   0       1.39496171  s
   58   2   1  -1       0.82857601  p_y
   58   2   1   0       0.83434485  p_z
   58   2   1   1       0.83284592  p_x
   58   3   2  -2       0.03492636  d_xy
   58   3   2  -1       0.03428006  d_yz
   58   3   2   0       0.01505984  d_z2
   58   3   2   1       0.03450074  d_xz
   58   3   2   2       0.01583714  d_x2-y2
   59   1   0   0       1.34148420  s
   59   2   1  -1       0.83221002  p_y
   59   2   1   0       0.82923772  p_z
   59   2   1   1       0.82960463  p_x
   59   3   2  -2       0.04049489  d_xy
   59   3   2  -1       0.03896044  d_yz
   59   3   2   0       0.02012934  d_z2
   59   3   2   1       0.04122305  d_xz
   59   3   2   2       0.02011101  d_x2-y2
   60   1   0   0       1.34980331  s
   60   2   1  -1       0.82887644  p_y
   60   2   1   0       0.83100759  p_z
   60   2   1   1       0.83050895  p_x
   60   3   2  -2       0.03804958  d_xy
   60   3   2  -1       0.04148361  d_yz
   60   3   2   0       0.02014810  d_z2
   60   3   2   1       0.04123337  d_xz
   60   3   2   2       0.02077592  d_x2-y2
   61   1   0   0       1.33903956  s
   61   2   1  -1       0.82900316  p_y
   61   2   1   0       0.82927319  p_z
   61   2   1   1       0.82275488  p_x
   61   3   2  -2       0.04593461  d_xy
   61   3   2  -1       0.03801873  d_yz
   61   3   2   0       0.02267844  d_z2
   61   3   2   1       0.04276839  d_xz
   61   3   2   2       0.02250123  d_x2-y2
   62   1   0   0       1.39032923  s
   62   2   1  -1       0.83468877  p_y
   62   2   1   0       0.82948940  p_z
   62   2   1   1       0.83180275  p_x
   62   3   2  -2       0.03471711  d_xy
   62   3   2  -1       0.03681161  d_yz
   62   3   2   0       0.01687692  d_z2
   62   3   2   1       0.03784338  d_xz
   62   3   2   2       0.01642374  d_x2-y2
   63   1   0   0       1.36450119  s
   63   2   1  -1       0.82838462  p_y
   63   2   1   0       0.83042614  p_z
   63   2   1   1       0.82963795  p_x
   63   3   2  -2       0.04093214  d_xy
   63   3   2  -1       0.04087775  d_yz
   63   3   2   0       0.01894443  d_z2
   63   3   2   1       0.03281237  d_xz
   63   3   2   2       0.01825008  d_x2-y2
   64   1   0   0       1.39649066  s
   64   2   1  -1       0.83484148  p_y
   64   2   1   0       0.82775174  p_z
   64   2   1   1       0.83367953  p_x
   64   3   2  -2       0.03355458  d_xy
   64   3   2  -1       0.03532278  d_yz
   64   3   2   0       0.01623989  d_z2
   64   3   2   1       0.03654658  d_xz
   64   3   2   2       0.01478011  d_x2-y2

Fermi level:                        -0.1335071304 H           -3.6329 eV
Band energy:                       -88.1899981307 H        -2399.7719 eV
TS:                                  0.0000000000 H            0.0000 eV
Band free energy (E-TS):           -88.1899981307 H        -2399.7719 eV
Extrapolated E(0K):                -88.1899981307 H        -2399.7719 eV
Input / Output electrons (q):    256.0000000000    256.0000000000

Energy H0:                         -88.1807359449 H        -2399.5199 eV
Energy SCC:                          0.0003293532 H            0.0090 eV
Total Electronic energy:           -88.1804065918 H        -2399.5109 eV
Repulsive energy:                    0.0000000000 H            0.0000 eV
Total energy:                      -88.1804065918 H        -2399.5109 eV
Extrapolated to 0:                 -88.1804065918 H        -2399.5109 eV
Total Mermin free energy:          -88.1804065918 H        -2399.5109 eV
Force related energy:              -88.1804065918 H        -2399.5109 eV

Non-constrained calculation

SCC converged

Warning: dipole moment is not defined absolutely!
Dipole moment:    0.53954895    0.51265660   -0.31261790 au
Dipole moment:    1.37139675    1.30304321   -0.79459550 Debye


