 Fermi distribution function

Calculation with static geometry


********************************************************************************
 iSCC Total electronic   Diff electronic      SCC error    
    9   -0.89646801E+02   -0.15670167E-08    0.82320870E-05
********************************************************************************

 Total charge:    -0.00000000

 Atomic gross charges (e)
 Atom           Charge
    1      -0.00160323
    2       0.00692517
    3       0.00692517
    4      -0.00160323
    5       0.00249242
    6       0.01237549
    7       0.00249242
    8      -0.00015641
    9       0.00249242
   10       0.00249242
   11       0.00249242
   12       0.00249242
   13      -0.00160323
   14      -0.00694382
   15       0.00692517
   16      -0.00694382
   17       0.00249242
   18       0.01237549
   19       0.00249242
   20      -0.00015641
   21       0.01237549
   22       0.01237549
   23      -0.00015641
   24      -0.00015641
   25       0.00692517
   26      -0.00694382
   27      -0.00160323
   28      -0.00694382
   29      -0.00694382
   30      -0.00694382
   31      -0.00694382
   32      -0.00694382
   33       0.00409336
   34       0.00303475
   35      -0.00561582
   36       0.00303475
   37       0.00271314
   38       0.00665278
   39       0.00665278
   40       0.00271314
   41      -0.00230058
   42      -0.00006249
   43      -0.00230058
   44      -0.00006249
   45       0.00271314
   46       0.00271314
   47       0.00665278
   48       0.00665278
   49       0.00271314
   50       0.00665278
   51       0.00665278
   52       0.00271314
   53      -0.00006249
   54      -0.04168768
   55      -0.04168768
   56      -0.00006249
   57      -0.00485342
   58       0.00665278
   59       0.00665278
   60       0.00271314
   61       0.00271314
   62       0.00303475
   63      -0.01350849
   64       0.00303475
   65      -0.01350849

Nr. of electrons (up):    260.00000000
Atom populations (up)
 Atom       Population
    1       4.00160323
    2       3.99307483
    3       3.99307483
    4       4.00160323
    5       3.99750758
    6       3.98762451
    7       3.99750758
    8       4.00015641
    9       3.99750758
   10       3.99750758
   11       3.99750758
   12       3.99750758
   13       4.00160323
   14       4.00694382
   15       3.99307483
   16       4.00694382
   17       3.99750758
   18       3.98762451
   19       3.99750758
   20       4.00015641
   21       3.98762451
   22       3.98762451
   23       4.00015641
   24       4.00015641
   25       3.99307483
   26       4.00694382
   27       4.00160323
   28       4.00694382
   29       4.00694382
   30       4.00694382
   31       4.00694382
   32       4.00694382
   33       3.99590664
   34       3.99696525
   35       4.00561582
   36       3.99696525
   37       3.99728686
   38       3.99334722
   39       3.99334722
   40       3.99728686
   41       4.00230058
   42       4.00006249
   43       4.00230058
   44       4.00006249
   45       3.99728686
   46       3.99728686
   47       3.99334722
   48       3.99334722
   49       3.99728686
   50       3.99334722
   51       3.99334722
   52       3.99728686
   53       4.00006249
   54       4.04168768
   55       4.04168768
   56       4.00006249
   57       4.00485342
   58       3.99334722
   59       3.99334722
   60       3.99728686
   61       3.99728686
   62       3.99696525
   63       4.01350849
   64       3.99696525
   65       4.01350849

l-shell populations (up)
 Atom Sh.   l       Population
    1   1   0       1.34754636
    1   2   1       2.49756976
    1   3   2       0.15648711
    2   1   0       1.35137392
    2   2   1       2.48774576
    2   3   2       0.15395516
    3   1   0       1.35137392
    3   2   1       2.48774576
    3   3   2       0.15395516
    4   1   0       1.34754636
    4   2   1       2.49756976
    4   3   2       0.15648711
    5   1   0       1.34946641
    5   2   1       2.49014916
    5   3   2       0.15789202
    6   1   0       1.33645359
    6   2   1       2.45074782
    6   3   2       0.20042310
    7   1   0       1.34946641
    7   2   1       2.49014916
    7   3   2       0.15789202
    8   1   0       1.35281334
    8   2   1       2.49387950
    8   3   2       0.15346358
    9   1   0       1.34946641
    9   2   1       2.49014916
    9   3   2       0.15789201
   10   1   0       1.34946641
   10   2   1       2.49014916
   10   3   2       0.15789201
   11   1   0       1.34946641
   11   2   1       2.49014916
   11   3   2       0.15789201
   12   1   0       1.34946641
   12   2   1       2.49014916
   12   3   2       0.15789201
   13   1   0       1.34754636
   13   2   1       2.49756976
   13   3   2       0.15648711
   14   1   0       1.34336383
   14   2   1       2.50449852
   14   3   2       0.15908147
   15   1   0       1.35137392
   15   2   1       2.48774576
   15   3   2       0.15395516
   16   1   0       1.34336383
   16   2   1       2.50449852
   16   3   2       0.15908147
   17   1   0       1.34946641
   17   2   1       2.49014916
   17   3   2       0.15789202
   18   1   0       1.33645359
   18   2   1       2.45074782
   18   3   2       0.20042310
   19   1   0       1.34946641
   19   2   1       2.49014916
   19   3   2       0.15789202
   20   1   0       1.35281334
   20   2   1       2.49387950
   20   3   2       0.15346358
   21   1   0       1.33645358
   21   2   1       2.45074782
   21   3   2       0.20042311
   22   1   0       1.33645358
   22   2   1       2.45074782
   22   3   2       0.20042311
   23   1   0       1.35281333
   23   2   1       2.49387950
   23   3   2       0.15346358
   24   1   0       1.35281333
   24   2   1       2.49387950
   24   3   2       0.15346358
   25   1   0       1.35137392
   25   2   1       2.48774576
   25   3   2       0.15395516
   26   1   0       1.34336383
   26   2   1       2.50449852
   26   3   2       0.15908147
   27   1   0       1.34754636
   27   2   1       2.49756976
   27   3   2       0.15648711
   28   1   0       1.34336383
   28   2   1       2.50449852
   28   3   2       0.15908147
   29   1   0       1.34336383
   29   2   1       2.50449852
   29   3   2       0.15908147
   30   1   0       1.34336383
   30   2   1       2.50449852
   30   3   2       0.15908147
   31   1   0       1.34336383
   31   2   1       2.50449852
   31   3   2       0.15908147
   32   1   0       1.34336383
   32   2   1       2.50449852
   32   3   2       0.15908147
   33   1   0       1.34926235
   33   2   1       2.49430779
   33   3   2       0.15233650
   34   1   0       1.34716245
   34   2   1       2.49739409
   34   3   2       0.15240872
   35   1   0       1.34900706
   35   2   1       2.49818767
   35   3   2       0.15842109
   36   1   0       1.34716245
   36   2   1       2.49739409
   36   3   2       0.15240872
   37   1   0       1.34926740
   37   2   1       2.49421433
   37   3   2       0.15380513
   38   1   0       1.34592268
   38   2   1       2.47490501
   38   3   2       0.17251953
   39   1   0       1.34592268
   39   2   1       2.47490501
   39   3   2       0.17251953
   40   1   0       1.34926740
   40   2   1       2.49421433
   40   3   2       0.15380513
   41   1   0       1.34787576
   41   2   1       2.49781967
   41   3   2       0.15660515
   42   1   0       1.35317748
   42   2   1       2.48218271
   42   3   2       0.16470231
   43   1   0       1.34787576
   43   2   1       2.49781967
   43   3   2       0.15660515
   44   1   0       1.35317748
   44   2   1       2.48218271
   44   3   2       0.16470231
   45   1   0       1.34926740
   45   2   1       2.49421433
   45   3   2       0.15380513
   46   1   0       1.34926740
   46   2   1       2.49421433
   46   3   2       0.15380513
   47   1   0       1.34592268
   47   2   1       2.47490502
   47   3   2       0.17251952
   48   1   0       1.34592268
   48   2   1       2.47490502
   48   3   2       0.17251952
   49   1   0       1.34926740
   49   2   1       2.49421433
   49   3   2       0.15380513
   50   1   0       1.34592268
   50   2   1       2.47490501
   50   3   2       0.17251953
   51   1   0       1.34592268
   51   2   1       2.47490501
   51   3   2       0.17251953
   52   1   0       1.34926740
   52   2   1       2.49421433
   52   3   2       0.15380513
   53   1   0       1.35317748
   53   2   1       2.48218271
   53   3   2       0.16470231
   54   1   0       1.36906965
   54   2   1       2.54018129
   54   3   2       0.13243674
   55   1   0       1.36906963
   55   2   1       2.54018130
   55   3   2       0.13243675
   56   1   0       1.35317748
   56   2   1       2.48218271
   56   3   2       0.16470231
   57   1   0       1.34891198
   57   2   1       2.50039715
   57   3   2       0.15554428
   58   1   0       1.34592268
   58   2   1       2.47490502
   58   3   2       0.17251952
   59   1   0       1.34592268
   59   2   1       2.47490502
   59   3   2       0.17251952
   60   1   0       1.34926740
   60   2   1       2.49421433
   60   3   2       0.15380513
   61   1   0       1.34926740
   61   2   1       2.49421433
   61   3   2       0.15380513
   62   1   0       1.34716244
   62   2   1       2.49739409
   62   3   2       0.15240872
   63   1   0       1.33329689
   63   2   1       2.51424742
   63   3   2       0.16596418
   64   1   0       1.34716244
   64   2   1       2.49739409
   64   3   2       0.15240872
   65   1   0       1.33329689
   65   2   1       2.51424742
   65   3   2       0.16596418

Orbital populations (up)
 Atom Sh.   l   m       Population  Label
    1   1   0   0       1.34754636  s
    1   2   1  -1       0.83277059  p_y
    1   2   1   0       0.83277059  p_z
    1   2   1   1       0.83202857  p_x
    1   3   2  -2       0.04079981  d_xy
    1   3   2  -1       0.03686743  d_yz
    1   3   2   0       0.01908059  d_z2
    1   3   2   1       0.04079981  d_xz
    1   3   2   2       0.01893947  d_x2-y2
    2   1   0   0       1.35137392  s
    2   2   1  -1       0.82853812  p_y
    2   2   1   0       0.82853812  p_z
    2   2   1   1       0.83066951  p_x
    2   3   2  -2       0.03545378  d_xy
    2   3   2  -1       0.04402437  d_yz
    2   3   2   0       0.01965677  d_z2
    2   3   2   1       0.03545378  d_xz
    2   3   2   2       0.01936646  d_x2-y2
    3   1   0   0       1.35137392  s
    3   2   1  -1       0.82853812  p_y
    3   2   1   0       0.82853812  p_z
    3   2   1   1       0.83066951  p_x
    3   3   2  -2       0.03545378  d_xy
    3   3   2  -1       0.04402437  d_yz
    3   3   2   0       0.01965677  d_z2
    3   3   2   1       0.03545378  d_xz
    3   3   2   2       0.01936646  d_x2-y2
    4   1   0   0       1.34754636  s
    4   2   1  -1       0.83277059  p_y
    4   2   1   0       0.83277059  p_z
    4   2   1   1       0.83202857  p_x
    4   3   2  -2       0.04079981  d_xy
    4   3   2  -1       0.03686743  d_yz
    4   3   2   0       0.01908059  d_z2
    4   3   2   1       0.04079981  d_xz
    4   3   2   2       0.01893947  d_x2-y2
    5   1   0   0       1.34946641  s
    5   2   1  -1       0.83187325  p_y
    5   2   1   0       0.83108946  p_z
    5   2   1   1       0.82718645  p_x
    5   3   2  -2       0.04049583  d_xy
    5   3   2  -1       0.03635566  d_yz
    5   3   2   0       0.02075038  d_z2
    5   3   2   1       0.04033390  d_xz
    5   3   2   2       0.01995625  d_x2-y2
    6   1   0   0       1.33645359  s
    6   2   1  -1       0.81046758  p_y
    6   2   1   0       0.81046758  p_z
    6   2   1   1       0.82981266  p_x
    6   3   2  -2       0.03394244  d_xy
    6   3   2  -1       0.05986226  d_yz
    6   3   2   0       0.04134156  d_z2
    6   3   2   1       0.03394244  d_xz
    6   3   2   2       0.03133441  d_x2-y2
    7   1   0   0       1.34946641  s
    7   2   1  -1       0.83108946  p_y
    7   2   1   0       0.83187325  p_z
    7   2   1   1       0.82718645  p_x
    7   3   2  -2       0.04033390  d_xy
    7   3   2  -1       0.03635566  d_yz
    7   3   2   0       0.02103629  d_z2
    7   3   2   1       0.04049583  d_xz
    7   3   2   2       0.01967034  d_x2-y2
    8   1   0   0       1.35281334  s
    8   2   1  -1       0.82986981  p_y
    8   2   1   0       0.82986981  p_z
    8   2   1   1       0.83413987  p_x
    8   3   2  -2       0.03899831  d_xy
    8   3   2  -1       0.03804550  d_yz
    8   3   2   0       0.01915885  d_z2
    8   3   2   1       0.03899831  d_xz
    8   3   2   2       0.01826261  d_x2-y2
    9   1   0   0       1.34946641  s
    9   2   1  -1       0.83187325  p_y
    9   2   1   0       0.83108946  p_z
    9   2   1   1       0.82718645  p_x
    9   3   2  -2       0.04049583  d_xy
    9   3   2  -1       0.03635566  d_yz
    9   3   2   0       0.02075038  d_z2
    9   3   2   1       0.04033390  d_xz
    9   3   2   2       0.01995625  d_x2-y2
   10   1   0   0       1.34946641  s
   10   2   1  -1       0.83108946  p_y
   10   2   1   0       0.83187325  p_z
   10   2   1   1       0.82718645  p_x
   10   3   2  -2       0.04033390  d_xy
   10   3   2  -1       0.03635566  d_yz
   10   3   2   0       0.02103629  d_z2
   10   3   2   1       0.04049583  d_xz
   10   3   2   2       0.01967034  d_x2-y2
   11   1   0   0       1.34946641  s
   11   2   1  -1       0.83108946  p_y
   11   2   1   0       0.83187325  p_z
   11   2   1   1       0.82718645  p_x
   11   3   2  -2       0.04033390  d_xy
   11   3   2  -1       0.03635566  d_yz
   11   3   2   0       0.02103629  d_z2
   11   3   2   1       0.04049583  d_xz
   11   3   2   2       0.01967034  d_x2-y2
   12   1   0   0       1.34946641  s
   12   2   1  -1       0.83187325  p_y
   12   2   1   0       0.83108946  p_z
   12   2   1   1       0.82718645  p_x
   12   3   2  -2       0.04049583  d_xy
   12   3   2  -1       0.03635566  d_yz
   12   3   2   0       0.02075038  d_z2
   12   3   2   1       0.04033390  d_xz
   12   3   2   2       0.01995625  d_x2-y2
   13   1   0   0       1.34754636  s
   13   2   1  -1       0.83277059  p_y
   13   2   1   0       0.83277059  p_z
   13   2   1   1       0.83202857  p_x
   13   3   2  -2       0.04079981  d_xy
   13   3   2  -1       0.03686743  d_yz
   13   3   2   0       0.01908059  d_z2
   13   3   2   1       0.04079981  d_xz
   13   3   2   2       0.01893947  d_x2-y2
   14   1   0   0       1.34336383  s
   14   2   1  -1       0.83898106  p_y
   14   2   1   0       0.83213848  p_z
   14   2   1   1       0.83337897  p_x
   14   3   2  -2       0.04209337  d_xy
   14   3   2  -1       0.04004201  d_yz
   14   3   2   0       0.01970700  d_z2
   14   3   2   1       0.03729257  d_xz
   14   3   2   2       0.01994652  d_x2-y2
   15   1   0   0       1.35137392  s
   15   2   1  -1       0.82853812  p_y
   15   2   1   0       0.82853812  p_z
   15   2   1   1       0.83066951  p_x
   15   3   2  -2       0.03545378  d_xy
   15   3   2  -1       0.04402437  d_yz
   15   3   2   0       0.01965677  d_z2
   15   3   2   1       0.03545378  d_xz
   15   3   2   2       0.01936646  d_x2-y2
   16   1   0   0       1.34336383  s
   16   2   1  -1       0.83213848  p_y
   16   2   1   0       0.83898106  p_z
   16   2   1   1       0.83337897  p_x
   16   3   2  -2       0.03729257  d_xy
   16   3   2  -1       0.04004201  d_yz
   16   3   2   0       0.02047613  d_z2
   16   3   2   1       0.04209337  d_xz
   16   3   2   2       0.01917739  d_x2-y2
   17   1   0   0       1.34946641  s
   17   2   1  -1       0.83108946  p_y
   17   2   1   0       0.83187325  p_z
   17   2   1   1       0.82718645  p_x
   17   3   2  -2       0.04033390  d_xy
   17   3   2  -1       0.03635566  d_yz
   17   3   2   0       0.02103629  d_z2
   17   3   2   1       0.04049583  d_xz
   17   3   2   2       0.01967034  d_x2-y2
   18   1   0   0       1.33645359  s
   18   2   1  -1       0.81046758  p_y
   18   2   1   0       0.81046758  p_z
   18   2   1   1       0.82981266  p_x
   18   3   2  -2       0.03394244  d_xy
   18   3   2  -1       0.05986226  d_yz
   18   3   2   0       0.04134156  d_z2
   18   3   2   1       0.03394244  d_xz
   18   3   2   2       0.03133441  d_x2-y2
   19   1   0   0       1.34946641  s
   19   2   1  -1       0.83187325  p_y
   19   2   1   0       0.83108946  p_z
   19   2   1   1       0.82718645  p_x
   19   3   2  -2       0.04049583  d_xy
   19   3   2  -1       0.03635566  d_yz
   19   3   2   0       0.02075038  d_z2
   19   3   2   1       0.04033390  d_xz
   19   3   2   2       0.01995625  d_x2-y2
   20   1   0   0       1.35281334  s
   20   2   1  -1       0.82986981  p_y
   20   2   1   0       0.82986981  p_z
   20   2   1   1       0.83413987  p_x
   20   3   2  -2       0.03899831  d_xy
   20   3   2  -1       0.03804550  d_yz
   20   3   2   0       0.01915885  d_z2
   20   3   2   1       0.03899831  d_xz
   20   3   2   2       0.01826261  d_x2-y2
   21   1   0   0       1.33645358  s
   21   2   1  -1       0.81046758  p_y
   21   2   1   0       0.81046758  p_z
   21   2   1   1       0.82981266  p_x
   21   3   2  -2       0.03394244  d_xy
   21   3   2  -1       0.05986226  d_yz
   21   3   2   0       0.04134157  d_z2
   21   3   2   1       0.03394244  d_xz
   21   3   2   2       0.03133441  d_x2-y2
   22   1   0   0       1.33645358  s
   22   2   1  -1       0.81046758  p_y
   22   2   1   0       0.81046758  p_z
   22   2   1   1       0.82981266  p_x
   22   3   2  -2       0.03394244  d_xy
   22   3   2  -1       0.05986226  d_yz
   22   3   2   0       0.04134157  d_z2
   22   3   2   1       0.03394244  d_xz
   22   3   2   2       0.03133441  d_x2-y2
   23   1   0   0       1.35281333  s
   23   2   1  -1       0.82986981  p_y
   23   2   1   0       0.82986981  p_z
   23   2   1   1       0.83413987  p_x
   23   3   2  -2       0.03899831  d_xy
   23   3   2  -1       0.03804550  d_yz
   23   3   2   0       0.01915885  d_z2
   23   3   2   1       0.03899831  d_xz
   23   3   2   2       0.01826261  d_x2-y2
   24   1   0   0       1.35281333  s
   24   2   1  -1       0.82986981  p_y
   24   2   1   0       0.82986981  p_z
   24   2   1   1       0.83413987  p_x
   24   3   2  -2       0.03899831  d_xy
   24   3   2  -1       0.03804550  d_yz
   24   3   2   0       0.01915885  d_z2
   24   3   2   1       0.03899831  d_xz
   24   3   2   2       0.01826261  d_x2-y2
   25   1   0   0       1.35137392  s
   25   2   1  -1       0.82853812  p_y
   25   2   1   0       0.82853812  p_z
   25   2   1   1       0.83066951  p_x
   25   3   2  -2       0.03545378  d_xy
   25   3   2  -1       0.04402437  d_yz
   25   3   2   0       0.01965677  d_z2
   25   3   2   1       0.03545378  d_xz
   25   3   2   2       0.01936646  d_x2-y2
   26   1   0   0       1.34336383  s
   26   2   1  -1       0.83898106  p_y
   26   2   1   0       0.83213848  p_z
   26   2   1   1       0.83337897  p_x
   26   3   2  -2       0.04209337  d_xy
   26   3   2  -1       0.04004201  d_yz
   26   3   2   0       0.01970700  d_z2
   26   3   2   1       0.03729257  d_xz
   26   3   2   2       0.01994652  d_x2-y2
   27   1   0   0       1.34754636  s
   27   2   1  -1       0.83277059  p_y
   27   2   1   0       0.83277059  p_z
   27   2   1   1       0.83202857  p_x
   27   3   2  -2       0.04079981  d_xy
   27   3   2  -1       0.03686743  d_yz
   27   3   2   0       0.01908059  d_z2
   27   3   2   1       0.04079981  d_xz
   27   3   2   2       0.01893947  d_x2-y2
   28   1   0   0       1.34336383  s
   28   2   1  -1       0.83213848  p_y
   28   2   1   0       0.83898106  p_z
   28   2   1   1       0.83337897  p_x
   28   3   2  -2       0.03729257  d_xy
   28   3   2  -1       0.04004201  d_yz
   28   3   2   0       0.02047613  d_z2
   28   3   2   1       0.04209337  d_xz
   28   3   2   2       0.01917739  d_x2-y2
   29   1   0   0       1.34336383  s
   29   2   1  -1       0.83898106  p_y
   29   2   1   0       0.83213848  p_z
   29   2   1   1       0.83337897  p_x
   29   3   2  -2       0.04209337  d_xy
   29   3   2  -1       0.04004201  d_yz
   29   3   2   0       0.01970700  d_z2
   29   3   2   1       0.03729257  d_xz
   29   3   2   2       0.01994652  d_x2-y2
   30   1   0   0       1.34336383  s
   30   2   1  -1       0.83898106  p_y
   30   2   1   0       0.83213848  p_z
   30   2   1   1       0.83337897  p_x
   30   3   2  -2       0.04209337  d_xy
   30   3   2  -1       0.04004201  d_yz
   30   3   2   0       0.01970700  d_z2
   30   3   2   1       0.03729257  d_xz
   30   3   2   2       0.01994652  d_x2-y2
   31   1   0   0       1.34336383  s
   31   2   1  -1       0.83213848  p_y
   31   2   1   0       0.83898106  p_z
   31   2   1   1       0.83337897  p_x
   31   3   2  -2       0.03729257  d_xy
   31   3   2  -1       0.04004201  d_yz
   31   3   2   0       0.02047613  d_z2
   31   3   2   1       0.04209337  d_xz
   31   3   2   2       0.01917739  d_x2-y2
   32   1   0   0       1.34336383  s
   32   2   1  -1       0.83213848  p_y
   32   2   1   0       0.83898106  p_z
   32   2   1   1       0.83337897  p_x
   32   3   2  -2       0.03729257  d_xy
   32   3   2  -1       0.04004201  d_yz
   32   3   2   0       0.02047613  d_z2
   32   3   2   1       0.04209337  d_xz
   32   3   2   2       0.01917739  d_x2-y2
   33   1   0   0       1.34926235  s
   33   2   1  -1       0.83200800  p_y
   33   2   1   0       0.83200800  p_z
   33   2   1   1       0.83029179  p_x
   33   3   2  -2       0.03956019  d_xy
   33   3   2  -1       0.03573934  d_yz
   33   3   2   0       0.01883324  d_z2
   33   3   2   1       0.03956019  d_xz
   33   3   2   2       0.01864353  d_x2-y2
   34   1   0   0       1.34716245  s
   34   2   1  -1       0.83225715  p_y
   34   2   1   0       0.83225715  p_z
   34   2   1   1       0.83287979  p_x
   34   3   2  -2       0.03775838  d_xy
   34   3   2  -1       0.03939049  d_yz
   34   3   2   0       0.01910205  d_z2
   34   3   2   1       0.03775838  d_xz
   34   3   2   2       0.01839942  d_x2-y2
   35   1   0   0       1.34900706  s
   35   2   1  -1       0.83373170  p_y
   35   2   1   0       0.83373170  p_z
   35   2   1   1       0.83072427  p_x
   35   3   2  -2       0.03932764  d_xy
   35   3   2  -1       0.04218080  d_yz
   35   3   2   0       0.01825724  d_z2
   35   3   2   1       0.03932764  d_xz
   35   3   2   2       0.01932777  d_x2-y2
   36   1   0   0       1.34716245  s
   36   2   1  -1       0.83225715  p_y
   36   2   1   0       0.83225715  p_z
   36   2   1   1       0.83287979  p_x
   36   3   2  -2       0.03775838  d_xy
   36   3   2  -1       0.03939049  d_yz
   36   3   2   0       0.01910205  d_z2
   36   3   2   1       0.03775838  d_xz
   36   3   2   2       0.01839942  d_x2-y2
   37   1   0   0       1.34926740  s
   37   2   1  -1       0.83195814  p_y
   37   2   1   0       0.83218490  p_z
   37   2   1   1       0.83007130  p_x
   37   3   2  -2       0.04032702  d_xy
   37   3   2  -1       0.03645260  d_yz
   37   3   2   0       0.01932237  d_z2
   37   3   2   1       0.03911521  d_xz
   37   3   2   2       0.01858792  d_x2-y2
   38   1   0   0       1.34592268  s
   38   2   1  -1       0.82047510  p_y
   38   2   1   0       0.82824668  p_z
   38   2   1   1       0.82618324  p_x
   38   3   2  -2       0.04147431  d_xy
   38   3   2  -1       0.04536138  d_yz
   38   3   2   0       0.02291288  d_z2
   38   3   2   1       0.04454765  d_xz
   38   3   2   2       0.01822330  d_x2-y2
   39   1   0   0       1.34592268  s
   39   2   1  -1       0.82824668  p_y
   39   2   1   0       0.82047510  p_z
   39   2   1   1       0.82618324  p_x
   39   3   2  -2       0.04454765  d_xy
   39   3   2  -1       0.04536138  d_yz
   39   3   2   0       0.01925741  d_z2
   39   3   2   1       0.04147431  d_xz
   39   3   2   2       0.02187876  d_x2-y2
   40   1   0   0       1.34926740  s
   40   2   1  -1       0.83218490  p_y
   40   2   1   0       0.83195814  p_z
   40   2   1   1       0.83007130  p_x
   40   3   2  -2       0.03911521  d_xy
   40   3   2  -1       0.03645260  d_yz
   40   3   2   0       0.01859909  d_z2
   40   3   2   1       0.04032702  d_xz
   40   3   2   2       0.01931120  d_x2-y2
   41   1   0   0       1.34787576  s
   41   2   1  -1       0.83031198  p_y
   41   2   1   0       0.83482516  p_z
   41   2   1   1       0.83268253  p_x
   41   3   2  -2       0.04179533  d_xy
   41   3   2  -1       0.03823519  d_yz
   41   3   2   0       0.01891954  d_z2
   41   3   2   1       0.03842090  d_xz
   41   3   2   2       0.01923418  d_x2-y2
   42   1   0   0       1.35317748  s
   42   2   1  -1       0.83313488  p_y
   42   2   1   0       0.83313488  p_z
   42   2   1   1       0.81591295  p_x
   42   3   2  -2       0.04514193  d_xy
   42   3   2  -1       0.03528366  d_yz
   42   3   2   0       0.01885939  d_z2
   42   3   2   1       0.04514193  d_xz
   42   3   2   2       0.02027541  d_x2-y2
   43   1   0   0       1.34787576  s
   43   2   1  -1       0.83482516  p_y
   43   2   1   0       0.83031198  p_z
   43   2   1   1       0.83268253  p_x
   43   3   2  -2       0.03842090  d_xy
   43   3   2  -1       0.03823519  d_yz
   43   3   2   0       0.01983416  d_z2
   43   3   2   1       0.04179533  d_xz
   43   3   2   2       0.01831957  d_x2-y2
   44   1   0   0       1.35317748  s
   44   2   1  -1       0.83313488  p_y
   44   2   1   0       0.83313488  p_z
   44   2   1   1       0.81591295  p_x
   44   3   2  -2       0.04514193  d_xy
   44   3   2  -1       0.03528366  d_yz
   44   3   2   0       0.01885939  d_z2
   44   3   2   1       0.04514193  d_xz
   44   3   2   2       0.02027541  d_x2-y2
   45   1   0   0       1.34926740  s
   45   2   1  -1       0.83195814  p_y
   45   2   1   0       0.83218490  p_z
   45   2   1   1       0.83007130  p_x
   45   3   2  -2       0.04032702  d_xy
   45   3   2  -1       0.03645260  d_yz
   45   3   2   0       0.01932237  d_z2
   45   3   2   1       0.03911521  d_xz
   45   3   2   2       0.01858792  d_x2-y2
   46   1   0   0       1.34926740  s
   46   2   1  -1       0.83218490  p_y
   46   2   1   0       0.83195814  p_z
   46   2   1   1       0.83007130  p_x
   46   3   2  -2       0.03911521  d_xy
   46   3   2  -1       0.03645260  d_yz
   46   3   2   0       0.01859909  d_z2
   46   3   2   1       0.04032702  d_xz
   46   3   2   2       0.01931120  d_x2-y2
   47   1   0   0       1.34592268  s
   47   2   1  -1       0.82824668  p_y
   47   2   1   0       0.82047510  p_z
   47   2   1   1       0.82618324  p_x
   47   3   2  -2       0.04454765  d_xy
   47   3   2  -1       0.04536138  d_yz
   47   3   2   0       0.01925741  d_z2
   47   3   2   1       0.04147431  d_xz
   47   3   2   2       0.02187876  d_x2-y2
   48   1   0   0       1.34592268  s
   48   2   1  -1       0.82047510  p_y
   48   2   1   0       0.82824668  p_z
   48   2   1   1       0.82618324  p_x
   48   3   2  -2       0.04147431  d_xy
   48   3   2  -1       0.04536138  d_yz
   48   3   2   0       0.02291287  d_z2
   48   3   2   1       0.04454765  d_xz
   48   3   2   2       0.01822330  d_x2-y2
   49   1   0   0       1.34926740  s
   49   2   1  -1       0.83218490  p_y
   49   2   1   0       0.83195814  p_z
   49   2   1   1       0.83007130  p_x
   49   3   2  -2       0.03911521  d_xy
   49   3   2  -1       0.03645260  d_yz
   49   3   2   0       0.01859909  d_z2
   49   3   2   1       0.04032702  d_xz
   49   3   2   2       0.01931120  d_x2-y2
   50   1   0   0       1.34592268  s
   50   2   1  -1       0.82824668  p_y
   50   2   1   0       0.82047510  p_z
   50   2   1   1       0.82618324  p_x
   50   3   2  -2       0.04454765  d_xy
   50   3   2  -1       0.04536138  d_yz
   50   3   2   0       0.01925741  d_z2
   50   3   2   1       0.04147431  d_xz
   50   3   2   2       0.02187876  d_x2-y2
   51   1   0   0       1.34592268  s
   51   2   1  -1       0.82047510  p_y
   51   2   1   0       0.82824668  p_z
   51   2   1   1       0.82618324  p_x
   51   3   2  -2       0.04147431  d_xy
   51   3   2  -1       0.04536138  d_yz
   51   3   2   0       0.02291288  d_z2
   51   3   2   1       0.04454765  d_xz
   51   3   2   2       0.01822330  d_x2-y2
   52   1   0   0       1.34926740  s
   52   2   1  -1       0.83195814  p_y
   52   2   1   0       0.83218490  p_z
   52   2   1   1       0.83007130  p_x
   52   3   2  -2       0.04032702  d_xy
   52   3   2  -1       0.03645260  d_yz
   52   3   2   0       0.01932237  d_z2
   52   3   2   1       0.03911521  d_xz
   52   3   2   2       0.01858792  d_x2-y2
   53   1   0   0       1.35317748  s
   53   2   1  -1       0.83313488  p_y
   53   2   1   0       0.83313488  p_z
   53   2   1   1       0.81591296  p_x
   53   3   2  -2       0.04514193  d_xy
   53   3   2  -1       0.03528366  d_yz
   53   3   2   0       0.01885939  d_z2
   53   3   2   1       0.04514193  d_xz
   53   3   2   2       0.02027541  d_x2-y2
   54   1   0   0       1.36906965  s
   54   2   1  -1       0.82231853  p_y
   54   2   1   0       0.82231853  p_z
   54   2   1   1       0.89554424  p_x
   54   3   2  -2       0.03635500  d_xy
   54   3   2  -1       0.01580803  d_yz
   54   3   2   0       0.01877857  d_z2
   54   3   2   1       0.03635500  d_xz
   54   3   2   2       0.02514014  d_x2-y2
   55   1   0   0       1.36906963  s
   55   2   1  -1       0.82231853  p_y
   55   2   1   0       0.82231853  p_z
   55   2   1   1       0.89554424  p_x
   55   3   2  -2       0.03635500  d_xy
   55   3   2  -1       0.01580803  d_yz
   55   3   2   0       0.01877858  d_z2
   55   3   2   1       0.03635500  d_xz
   55   3   2   2       0.02514014  d_x2-y2
   56   1   0   0       1.35317748  s
   56   2   1  -1       0.83313488  p_y
   56   2   1   0       0.83313488  p_z
   56   2   1   1       0.81591296  p_x
   56   3   2  -2       0.04514193  d_xy
   56   3   2  -1       0.03528366  d_yz
   56   3   2   0       0.01885939  d_z2
   56   3   2   1       0.04514193  d_xz
   56   3   2   2       0.02027541  d_x2-y2
   57   1   0   0       1.34891198  s
   57   2   1  -1       0.83255692  p_y
   57   2   1   0       0.83255692  p_z
   57   2   1   1       0.83528332  p_x
   57   3   2  -2       0.03709855  d_xy
   57   3   2  -1       0.04303166  d_yz
   57   3   2   0       0.01908773  d_z2
   57   3   2   1       0.03709855  d_xz
   57   3   2   2       0.01922779  d_x2-y2
   58   1   0   0       1.34592268  s
   58   2   1  -1       0.82047510  p_y
   58   2   1   0       0.82824668  p_z
   58   2   1   1       0.82618324  p_x
   58   3   2  -2       0.04147431  d_xy
   58   3   2  -1       0.04536138  d_yz
   58   3   2   0       0.02291287  d_z2
   58   3   2   1       0.04454765  d_xz
   58   3   2   2       0.01822330  d_x2-y2
   59   1   0   0       1.34592268  s
   59   2   1  -1       0.82824668  p_y
   59   2   1   0       0.82047510  p_z
   59   2   1   1       0.82618324  p_x
   59   3   2  -2       0.04454765  d_xy
   59   3   2  -1       0.04536138  d_yz
   59   3   2   0       0.01925741  d_z2
   59   3   2   1       0.04147431  d_xz
   59   3   2   2       0.02187876  d_x2-y2
   60   1   0   0       1.34926740  s
   60   2   1  -1       0.83218490  p_y
   60   2   1   0       0.83195814  p_z
   60   2   1   1       0.83007130  p_x
   60   3   2  -2       0.03911521  d_xy
   60   3   2  -1       0.03645260  d_yz
   60   3   2   0       0.01859909  d_z2
   60   3   2   1       0.04032702  d_xz
   60   3   2   2       0.01931120  d_x2-y2
   61   1   0   0       1.34926740  s
   61   2   1  -1       0.83195814  p_y
   61   2   1   0       0.83218490  p_z
   61   2   1   1       0.83007130  p_x
   61   3   2  -2       0.04032702  d_xy
   61   3   2  -1       0.03645260  d_yz
   61   3   2   0       0.01932237  d_z2
   61   3   2   1       0.03911521  d_xz
   61   3   2   2       0.01858792  d_x2-y2
   62   1   0   0       1.34716244  s
   62   2   1  -1       0.83225715  p_y
   62   2   1   0       0.83225715  p_z
   62   2   1   1       0.83287979  p_x
   62   3   2  -2       0.03775838  d_xy
   62   3   2  -1       0.03939049  d_yz
   62   3   2   0       0.01910206  d_z2
   62   3   2   1       0.03775838  d_xz
   62   3   2   2       0.01839942  d_x2-y2
   63   1   0   0       1.33329689  s
   63   2   1  -1       0.83902408  p_y
   63   2   1   0       0.83797540  p_z
   63   2   1   1       0.83724794  p_x
   63   3   2  -2       0.04420675  d_xy
   63   3   2  -1       0.04135736  d_yz
   63   3   2   0       0.02007835  d_z2
   63   3   2   1       0.03780019  d_xz
   63   3   2   2       0.02252152  d_x2-y2
   64   1   0   0       1.34716244  s
   64   2   1  -1       0.83225715  p_y
   64   2   1   0       0.83225715  p_z
   64   2   1   1       0.83287979  p_x
   64   3   2  -2       0.03775838  d_xy
   64   3   2  -1       0.03939049  d_yz
   64   3   2   0       0.01910206  d_z2
   64   3   2   1       0.03775838  d_xz
   64   3   2   2       0.01839942  d_x2-y2
   65   1   0   0       1.33329689  s
   65   2   1  -1       0.83797540  p_y
   65   2   1   0       0.83902408  p_z
   65   2   1   1       0.83724794  p_x
   65   3   2  -2       0.03780019  d_xy
   65   3   2  -1       0.04135736  d_yz
   65   3   2   0       0.02397279  d_z2
   65   3   2   1       0.04420675  d_xz
   65   3   2   2       0.01862709  d_x2-y2

Fermi level:                        -0.1207477843 H           -3.2857 eV
Band energy:                       -89.6444622329 H        -2439.3499 eV
TS:                                  0.0006369652 H            0.0173 eV
Band free energy (E-TS):           -89.6450991981 H        -2439.3673 eV
Extrapolated E(0K):                -89.6447807155 H        -2439.3586 eV
Input / Output electrons (q):    260.0000000000    260.0000000000

Energy H0:                         -89.6469977635 H        -2439.4189 eV
Energy SCC:                          0.0001963473 H            0.0053 eV
Total Electronic energy:           -89.6468014162 H        -2439.4136 eV
Repulsive energy:                    0.0000000000 H            0.0000 eV
Total energy:                      -89.6468014162 H        -2439.4136 eV
Extrapolated to 0:                 -89.6471198988 H        -2439.4222 eV
Total Mermin free energy:          -89.6474383814 H        -2439.4309 eV
Force related energy:              -89.6474383814 H        -2439.4309 eV

Non-constrained calculation

SCC converged

Warning: dipole moment is not defined absolutely!
Dipole moment:    0.29268753    0.15433581    0.25388467 au
Dipole moment:    0.74393755    0.39228253    0.64531050 Debye


