 Fermi distribution function

Calculation with static geometry


********************************************************************************
 iSCC Total electronic   Diff electronic      SCC error    
    9   -0.88170654E+02   -0.85330498E-09    0.49624344E-05
********************************************************************************

 Total charge:    -0.00000000

 Atomic gross charges (e)
 Atom           Charge
    1       0.01760843
    2      -0.00598218
    3       0.02306949
    4      -0.00633835
    5      -0.01126175
    6       0.01113748
    7       0.00701538
    8       0.00776738
    9      -0.00272515
   10       0.00591632
   11       0.01093904
   12      -0.00542230
   13       0.01965606
   14      -0.00376638
   15       0.00861582
   16       0.00226572
   17       0.00069283
   18       0.00513370
   19      -0.01242427
   20      -0.01026904
   21       0.00742514
   22       0.00243072
   23       0.01067250
   24      -0.00065836
   25      -0.03682474
   26      -0.00371006
   27      -0.02670512
   28       0.00686858
   29      -0.00055386
   30      -0.01345526
   31      -0.00650634
   32       0.00938264
   33       0.02581127
   34       0.00792994
   35       0.01589603
   36      -0.00197329
   37       0.00104411
   38      -0.02788906
   39       0.01405591
   40      -0.00495770
   41      -0.01029476
   42       0.02015603
   43       0.01318150
   44       0.00921185
   45       0.00932490
   46       0.00220784
   47       0.00572848
   48       0.00839596
   49      -0.01489689
   50      -0.01704392
   51       0.01232862
   52      -0.00309302
   53       0.01253194
   54       0.00222073
   55      -0.02514842
   56       0.01116610
   57      -0.03168211
   58       0.00953511
   59      -0.01262555
   60      -0.00104728
   61      -0.02357466
   62       0.00258231
   63      -0.02459470
   64       0.00551865

Nr. of electrons (up):    256.00000000
Atom populations (up)
 Atom       Population
    1       3.98239157
    2       4.00598218
    3       3.97693051
    4       4.00633835
    5       4.01126175
    6       3.98886252
    7       3.99298462
    8       3.99223262
    9       4.00272515
   10       3.99408368
   11       3.98906096
   12       4.00542230
   13       3.98034394
   14       4.00376638
   15       3.99138418
   16       3.99773428
   17       3.99930717
   18       3.99486630
   19       4.01242427
   20       4.01026904
   21       3.99257486
   22       3.99756928
   23       3.98932750
   24       4.00065836
   25       4.03682474
   26       4.00371006
   27       4.02670512
   28       3.99313142
   29       4.00055386
   30       4.01345526
   31       4.00650634
   32       3.99061736
   33       3.97418873
   34       3.99207006
   35       3.98410397
   36       4.00197329
   37       3.99895589
   38       4.02788906
   39       3.98594409
   40       4.00495770
   41       4.01029476
   42       3.97984397
   43       3.98681850
   44       3.99078815
   45       3.99067510
   46       3.99779216
   47       3.99427152
   48       3.99160404
   49       4.01489689
   50       4.01704392
   51       3.98767138
   52       4.00309302
   53       3.98746806
   54       3.99777927
   55       4.02514842
   56       3.98883390
   57       4.03168211
   58       3.99046489
   59       4.01262555
   60       4.00104728
   61       4.02357466
   62       3.99741769
   63       4.02459470
   64       3.99448135

l-shell populations (up)
 Atom Sh.   l       Population
    1   1   0       1.34350017
    1   2   1       2.47727641
    1   3   2       0.16161498
    2   1   0       1.36885453
    2   2   1       2.48414589
    2   3   2       0.15298177
    3   1   0       1.33251259
    3   2   1       2.47920701
    3   3   2       0.16521092
    4   1   0       1.37901378
    4   2   1       2.48153918
    4   3   2       0.14578538
    5   1   0       1.38210186
    5   2   1       2.48200985
    5   3   2       0.14715003
    6   1   0       1.33645623
    6   2   1       2.48306581
    6   3   2       0.16934048
    7   1   0       1.34460978
    7   2   1       2.48397481
    7   3   2       0.16440003
    8   1   0       1.35312487
    8   2   1       2.48034814
    8   3   2       0.15875961
    9   1   0       1.36727433
    9   2   1       2.47886262
    9   3   2       0.15658820
   10   1   0       1.34881680
   10   2   1       2.49347900
   10   3   2       0.15178789
   11   1   0       1.34384700
   11   2   1       2.48370930
   11   3   2       0.16150466
   12   1   0       1.36950208
   12   2   1       2.48994677
   12   3   2       0.14597345
   13   1   0       1.33398707
   13   2   1       2.47514052
   13   3   2       0.17121635
   14   1   0       1.37070375
   14   2   1       2.48686751
   14   3   2       0.14619512
   15   1   0       1.35858097
   15   2   1       2.47907723
   15   3   2       0.15372598
   16   1   0       1.35644476
   16   2   1       2.48376621
   16   3   2       0.15752332
   17   1   0       1.34068835
   17   2   1       2.49534557
   17   3   2       0.16327325
   18   1   0       1.34141963
   18   2   1       2.49134792
   18   3   2       0.16209875
   19   1   0       1.37312378
   19   2   1       2.48929020
   19   3   2       0.15001028
   20   1   0       1.37913674
   20   2   1       2.49196535
   20   3   2       0.13916694
   21   1   0       1.34473139
   21   2   1       2.48551351
   21   3   2       0.16232995
   22   1   0       1.34926806
   22   2   1       2.48986712
   22   3   2       0.15843410
   23   1   0       1.32535026
   23   2   1       2.48367986
   23   3   2       0.18029739
   24   1   0       1.35943184
   24   2   1       2.49643261
   24   3   2       0.14479391
   25   1   0       1.41111783
   25   2   1       2.48960098
   25   3   2       0.13610592
   26   1   0       1.36213084
   26   2   1       2.48192142
   26   3   2       0.15965780
   27   1   0       1.38765024
   27   2   1       2.49647499
   27   3   2       0.14257989
   28   1   0       1.35019976
   28   2   1       2.47768887
   28   3   2       0.16524278
   29   1   0       1.35735050
   29   2   1       2.47961393
   29   3   2       0.16358944
   30   1   0       1.37510658
   30   2   1       2.47966903
   30   3   2       0.15867965
   31   1   0       1.37805576
   31   2   1       2.48042601
   31   3   2       0.14802457
   32   1   0       1.33885508
   32   2   1       2.47074866
   32   3   2       0.18101362
   33   1   0       1.32331934
   33   2   1       2.46714952
   33   3   2       0.18371987
   34   1   0       1.34884931
   34   2   1       2.48204506
   34   3   2       0.16117568
   35   1   0       1.33410936
   35   2   1       2.47390909
   35   3   2       0.17608553
   36   1   0       1.37668188
   36   2   1       2.47848687
   36   3   2       0.14680453
   37   1   0       1.36446210
   37   2   1       2.47840234
   37   3   2       0.15609145
   38   1   0       1.40065633
   38   2   1       2.49475398
   38   3   2       0.13247876
   39   1   0       1.34751576
   39   2   1       2.48326523
   39   3   2       0.15516309
   40   1   0       1.36598105
   40   2   1       2.48337113
   40   3   2       0.15560552
   41   1   0       1.37909993
   41   2   1       2.47627835
   41   3   2       0.15491648
   42   1   0       1.33318825
   42   2   1       2.47392669
   42   3   2       0.17272902
   43   1   0       1.33679984
   43   2   1       2.48838356
   43   3   2       0.16163510
   44   1   0       1.34516219
   44   2   1       2.48502833
   44   3   2       0.16059763
   45   1   0       1.36052708
   45   2   1       2.48093629
   45   3   2       0.14921173
   46   1   0       1.34273087
   46   2   1       2.49106837
   46   3   2       0.16399292
   47   1   0       1.35081990
   47   2   1       2.48555596
   47   3   2       0.15789566
   48   1   0       1.33488097
   48   2   1       2.48614531
   48   3   2       0.17057775
   49   1   0       1.36662149
   49   2   1       2.49521061
   49   3   2       0.15306479
   50   1   0       1.38392191
   50   2   1       2.49215796
   50   3   2       0.14096405
   51   1   0       1.33529824
   51   2   1       2.48161313
   51   3   2       0.17076001
   52   1   0       1.34873872
   52   2   1       2.48654381
   52   3   2       0.16781049
   53   1   0       1.32418171
   53   2   1       2.48705468
   53   3   2       0.17623167
   54   1   0       1.35738526
   54   2   1       2.49264731
   54   3   2       0.14774669
   55   1   0       1.38099714
   55   2   1       2.50517739
   55   3   2       0.13897390
   56   1   0       1.34261731
   56   2   1       2.48418044
   56   3   2       0.16203615
   57   1   0       1.39892884
   57   2   1       2.49291760
   57   3   2       0.13983567
   58   1   0       1.34264060
   58   2   1       2.47484175
   58   3   2       0.17298253
   59   1   0       1.37529495
   59   2   1       2.49224005
   59   3   2       0.14509054
   60   1   0       1.35222162
   60   2   1       2.48479287
   60   3   2       0.16403279
   61   1   0       1.39539570
   61   2   1       2.48898839
   61   3   2       0.13919057
   62   1   0       1.36463550
   62   2   1       2.47378372
   62   3   2       0.15899847
   63   1   0       1.38863555
   63   2   1       2.48716227
   63   3   2       0.14879688
   64   1   0       1.36478376
   64   2   1       2.47787748
   64   3   2       0.15182011

Orbital populations (up)
 Atom Sh.   l   m       Population  Label
    1   1   0   0       1.34350017  s
    1   2   1  -1       0.82623475  p_y
    1   2   1   0       0.82745199  p_z
    1   2   1   1       0.82358967  p_x
    1   3   2  -2       0.04172273  d_xy
    1   3   2  -1       0.04128854  d_yz
    1   3   2   0       0.02174305  d_z2
    1   3   2   1       0.03788035  d_xz
    1   3   2   2       0.01898031  d_x2-y2
    2   1   0   0       1.36885453  s
    2   2   1  -1       0.83001162  p_y
    2   2   1   0       0.82429803  p_z
    2   2   1   1       0.82983624  p_x
    2   3   2  -2       0.03872448  d_xy
    2   3   2  -1       0.03676419  d_yz
    2   3   2   0       0.02009329  d_z2
    2   3   2   1       0.04017442  d_xz
    2   3   2   2       0.01722539  d_x2-y2
    3   1   0   0       1.33251259  s
    3   2   1  -1       0.83085425  p_y
    3   2   1   0       0.83001574  p_z
    3   2   1   1       0.81833702  p_x
    3   3   2  -2       0.04112997  d_xy
    3   3   2  -1       0.03515982  d_yz
    3   3   2   0       0.02114767  d_z2
    3   3   2   1       0.04669705  d_xz
    3   3   2   2       0.02107641  d_x2-y2
    4   1   0   0       1.37901378  s
    4   2   1  -1       0.82806127  p_y
    4   2   1   0       0.82413679  p_z
    4   2   1   1       0.82934112  p_x
    4   3   2  -2       0.03684416  d_xy
    4   3   2  -1       0.03746479  d_yz
    4   3   2   0       0.01806911  d_z2
    4   3   2   1       0.03619550  d_xz
    4   3   2   2       0.01721182  d_x2-y2
    5   1   0   0       1.38210186  s
    5   2   1  -1       0.82921936  p_y
    5   2   1   0       0.82281578  p_z
    5   2   1   1       0.82997470  p_x
    5   3   2  -2       0.03586903  d_xy
    5   3   2  -1       0.03639690  d_yz
    5   3   2   0       0.01859859  d_z2
    5   3   2   1       0.03981455  d_xz
    5   3   2   2       0.01647096  d_x2-y2
    6   1   0   0       1.33645623  s
    6   2   1  -1       0.82710320  p_y
    6   2   1   0       0.83098371  p_z
    6   2   1   1       0.82497891  p_x
    6   3   2  -2       0.04400253  d_xy
    6   3   2  -1       0.04418543  d_yz
    6   3   2   0       0.02029645  d_z2
    6   3   2   1       0.03772466  d_xz
    6   3   2   2       0.02313140  d_x2-y2
    7   1   0   0       1.34460978  s
    7   2   1  -1       0.82604655  p_y
    7   2   1   0       0.82567335  p_z
    7   2   1   1       0.83225491  p_x
    7   3   2  -2       0.03705809  d_xy
    7   3   2  -1       0.04183529  d_yz
    7   3   2   0       0.02114602  d_z2
    7   3   2   1       0.04301666  d_xz
    7   3   2   2       0.02134397  d_x2-y2
    8   1   0   0       1.35312487  s
    8   2   1  -1       0.82703907  p_y
    8   2   1   0       0.82765020  p_z
    8   2   1   1       0.82565887  p_x
    8   3   2  -2       0.04120063  d_xy
    8   3   2  -1       0.03914522  d_yz
    8   3   2   0       0.01989909  d_z2
    8   3   2   1       0.03928753  d_xz
    8   3   2   2       0.01922714  d_x2-y2
    9   1   0   0       1.36727433  s
    9   2   1  -1       0.82174585  p_y
    9   2   1   0       0.82733798  p_z
    9   2   1   1       0.82977879  p_x
    9   3   2  -2       0.04081381  d_xy
    9   3   2  -1       0.03678310  d_yz
    9   3   2   0       0.01913484  d_z2
    9   3   2   1       0.03969086  d_xz
    9   3   2   2       0.02016560  d_x2-y2
   10   1   0   0       1.34881680  s
   10   2   1  -1       0.83108535  p_y
   10   2   1   0       0.83003009  p_z
   10   2   1   1       0.83236355  p_x
   10   3   2  -2       0.03639412  d_xy
   10   3   2  -1       0.03963218  d_yz
   10   3   2   0       0.01998456  d_z2
   10   3   2   1       0.03735724  d_xz
   10   3   2   2       0.01841980  d_x2-y2
   11   1   0   0       1.34384700  s
   11   2   1  -1       0.82722353  p_y
   11   2   1   0       0.82732087  p_z
   11   2   1   1       0.82916490  p_x
   11   3   2  -2       0.04078118  d_xy
   11   3   2  -1       0.04207131  d_yz
   11   3   2   0       0.02181992  d_z2
   11   3   2   1       0.03697307  d_xz
   11   3   2   2       0.01985919  d_x2-y2
   12   1   0   0       1.36950208  s
   12   2   1  -1       0.83167200  p_y
   12   2   1   0       0.82744829  p_z
   12   2   1   1       0.83082647  p_x
   12   3   2  -2       0.03307196  d_xy
   12   3   2  -1       0.03786608  d_yz
   12   3   2   0       0.01722918  d_z2
   12   3   2   1       0.04056519  d_xz
   12   3   2   2       0.01724104  d_x2-y2
   13   1   0   0       1.33398707  s
   13   2   1  -1       0.83076102  p_y
   13   2   1   0       0.82436906  p_z
   13   2   1   1       0.82001044  p_x
   13   3   2  -2       0.04449033  d_xy
   13   3   2  -1       0.03981422  d_yz
   13   3   2   0       0.02362591  d_z2
   13   3   2   1       0.04173985  d_xz
   13   3   2   2       0.02154604  d_x2-y2
   14   1   0   0       1.37070375  s
   14   2   1  -1       0.83102414  p_y
   14   2   1   0       0.83005652  p_z
   14   2   1   1       0.82578685  p_x
   14   3   2  -2       0.03631097  d_xy
   14   3   2  -1       0.03379343  d_yz
   14   3   2   0       0.01686303  d_z2
   14   3   2   1       0.04121585  d_xz
   14   3   2   2       0.01801184  d_x2-y2
   15   1   0   0       1.35858097  s
   15   2   1  -1       0.82848629  p_y
   15   2   1   0       0.82432707  p_z
   15   2   1   1       0.82626387  p_x
   15   3   2  -2       0.03842211  d_xy
   15   3   2  -1       0.04183858  d_yz
   15   3   2   0       0.01942445  d_z2
   15   3   2   1       0.03637863  d_xz
   15   3   2   2       0.01766220  d_x2-y2
   16   1   0   0       1.35644476  s
   16   2   1  -1       0.82506506  p_y
   16   2   1   0       0.82961856  p_z
   16   2   1   1       0.82908259  p_x
   16   3   2  -2       0.03852878  d_xy
   16   3   2  -1       0.04163567  d_yz
   16   3   2   0       0.01868899  d_z2
   16   3   2   1       0.03836968  d_xz
   16   3   2   2       0.02030020  d_x2-y2
   17   1   0   0       1.34068835  s
   17   2   1  -1       0.83320667  p_y
   17   2   1   0       0.83249980  p_z
   17   2   1   1       0.82963911  p_x
   17   3   2  -2       0.04139374  d_xy
   17   3   2  -1       0.04067070  d_yz
   17   3   2   0       0.02086251  d_z2
   17   3   2   1       0.04006971  d_xz
   17   3   2   2       0.02027659  d_x2-y2
   18   1   0   0       1.34141963  s
   18   2   1  -1       0.83174988  p_y
   18   2   1   0       0.82923377  p_z
   18   2   1   1       0.83036428  p_x
   18   3   2  -2       0.04087833  d_xy
   18   3   2  -1       0.04062112  d_yz
   18   3   2   0       0.02081651  d_z2
   18   3   2   1       0.03958881  d_xz
   18   3   2   2       0.02019398  d_x2-y2
   19   1   0   0       1.37312378  s
   19   2   1  -1       0.83164787  p_y
   19   2   1   0       0.82894366  p_z
   19   2   1   1       0.82869867  p_x
   19   3   2  -2       0.03717158  d_xy
   19   3   2  -1       0.03660315  d_yz
   19   3   2   0       0.01834677  d_z2
   19   3   2   1       0.03980544  d_xz
   19   3   2   2       0.01808334  d_x2-y2
   20   1   0   0       1.37913674  s
   20   2   1  -1       0.83125455  p_y
   20   2   1   0       0.83454988  p_z
   20   2   1   1       0.82616092  p_x
   20   3   2  -2       0.03650502  d_xy
   20   3   2  -1       0.03602262  d_yz
   20   3   2   0       0.01575004  d_z2
   20   3   2   1       0.03400857  d_xz
   20   3   2   2       0.01688069  d_x2-y2
   21   1   0   0       1.34473139  s
   21   2   1  -1       0.82727256  p_y
   21   2   1   0       0.82918104  p_z
   21   2   1   1       0.82905991  p_x
   21   3   2  -2       0.04119997  d_xy
   21   3   2  -1       0.04120143  d_yz
   21   3   2   0       0.02025783  d_z2
   21   3   2   1       0.03934809  d_xz
   21   3   2   2       0.02032264  d_x2-y2
   22   1   0   0       1.34926806  s
   22   2   1  -1       0.83273963  p_y
   22   2   1   0       0.82508047  p_z
   22   2   1   1       0.83204702  p_x
   22   3   2  -2       0.03716397  d_xy
   22   3   2  -1       0.04233141  d_yz
   22   3   2   0       0.02097245  d_z2
   22   3   2   1       0.03852090  d_xz
   22   3   2   2       0.01944537  d_x2-y2
   23   1   0   0       1.32535026  s
   23   2   1  -1       0.82512129  p_y
   23   2   1   0       0.83354234  p_z
   23   2   1   1       0.82501623  p_x
   23   3   2  -2       0.04759926  d_xy
   23   3   2  -1       0.04336002  d_yz
   23   3   2   0       0.02235233  d_z2
   23   3   2   1       0.04154868  d_xz
   23   3   2   2       0.02543710  d_x2-y2
   24   1   0   0       1.35943184  s
   24   2   1  -1       0.83394016  p_y
   24   2   1   0       0.83178097  p_z
   24   2   1   1       0.83071148  p_x
   24   3   2  -2       0.03672266  d_xy
   24   3   2  -1       0.03700247  d_yz
   24   3   2   0       0.01816244  d_z2
   24   3   2   1       0.03678928  d_xz
   24   3   2   2       0.01611705  d_x2-y2
   25   1   0   0       1.41111783  s
   25   2   1  -1       0.82874042  p_y
   25   2   1   0       0.82868778  p_z
   25   2   1   1       0.83217278  p_x
   25   3   2  -2       0.03305307  d_xy
   25   3   2  -1       0.03576323  d_yz
   25   3   2   0       0.01503188  d_z2
   25   3   2   1       0.03609491  d_xz
   25   3   2   2       0.01616284  d_x2-y2
   26   1   0   0       1.36213084  s
   26   2   1  -1       0.83026952  p_y
   26   2   1   0       0.82679354  p_z
   26   2   1   1       0.82485836  p_x
   26   3   2  -2       0.04174859  d_xy
   26   3   2  -1       0.03637509  d_yz
   26   3   2   0       0.01945924  d_z2
   26   3   2   1       0.04211761  d_xz
   26   3   2   2       0.01995727  d_x2-y2
   27   1   0   0       1.38765024  s
   27   2   1  -1       0.83051976  p_y
   27   2   1   0       0.82838224  p_z
   27   2   1   1       0.83757299  p_x
   27   3   2  -2       0.03797529  d_xy
   27   3   2  -1       0.03631421  d_yz
   27   3   2   0       0.01753860  d_z2
   27   3   2   1       0.03552197  d_xz
   27   3   2   2       0.01522981  d_x2-y2
   28   1   0   0       1.35019976  s
   28   2   1  -1       0.82373349  p_y
   28   2   1   0       0.82706771  p_z
   28   2   1   1       0.82688767  p_x
   28   3   2  -2       0.03970810  d_xy
   28   3   2  -1       0.04275124  d_yz
   28   3   2   0       0.01963355  d_z2
   28   3   2   1       0.04094401  d_xz
   28   3   2   2       0.02220588  d_x2-y2
   29   1   0   0       1.35735050  s
   29   2   1  -1       0.82180705  p_y
   29   2   1   0       0.83049981  p_z
   29   2   1   1       0.82730706  p_x
   29   3   2  -2       0.04353530  d_xy
   29   3   2  -1       0.03815637  d_yz
   29   3   2   0       0.02130341  d_z2
   29   3   2   1       0.04029875  d_xz
   29   3   2   2       0.02029562  d_x2-y2
   30   1   0   0       1.37510658  s
   30   2   1  -1       0.82459630  p_y
   30   2   1   0       0.82691017  p_z
   30   2   1   1       0.82816256  p_x
   30   3   2  -2       0.04171349  d_xy
   30   3   2  -1       0.03767980  d_yz
   30   3   2   0       0.01963331  d_z2
   30   3   2   1       0.04023986  d_xz
   30   3   2   2       0.01941319  d_x2-y2
   31   1   0   0       1.37805576  s
   31   2   1  -1       0.82668318  p_y
   31   2   1   0       0.82943927  p_z
   31   2   1   1       0.82430357  p_x
   31   3   2  -2       0.03851575  d_xy
   31   3   2  -1       0.03741512  d_yz
   31   3   2   0       0.01649864  d_z2
   31   3   2   1       0.03636036  d_xz
   31   3   2   2       0.01923470  d_x2-y2
   32   1   0   0       1.33885508  s
   32   2   1  -1       0.82527943  p_y
   32   2   1   0       0.81927054  p_z
   32   2   1   1       0.82619868  p_x
   32   3   2  -2       0.04081762  d_xy
   32   3   2  -1       0.04704927  d_yz
   32   3   2   0       0.02411123  d_z2
   32   3   2   1       0.04548054  d_xz
   32   3   2   2       0.02355496  d_x2-y2
   33   1   0   0       1.32331934  s
   33   2   1  -1       0.81427247  p_y
   33   2   1   0       0.82653585  p_z
   33   2   1   1       0.82634120  p_x
   33   3   2  -2       0.04796053  d_xy
   33   3   2  -1       0.04735648  d_yz
   33   3   2   0       0.02178105  d_z2
   33   3   2   1       0.03877850  d_xz
   33   3   2   2       0.02784331  d_x2-y2
   34   1   0   0       1.34884931  s
   34   2   1  -1       0.82746364  p_y
   34   2   1   0       0.82597998  p_z
   34   2   1   1       0.82860145  p_x
   34   3   2  -2       0.04113197  d_xy
   34   3   2  -1       0.03896717  d_yz
   34   3   2   0       0.02075814  d_z2
   34   3   2   1       0.04061601  d_xz
   34   3   2   2       0.01970239  d_x2-y2
   35   1   0   0       1.33410936  s
   35   2   1  -1       0.82532914  p_y
   35   2   1   0       0.82642618  p_z
   35   2   1   1       0.82215377  p_x
   35   3   2  -2       0.04359705  d_xy
   35   3   2  -1       0.03994946  d_yz
   35   3   2   0       0.02336216  d_z2
   35   3   2   1       0.04664470  d_xz
   35   3   2   2       0.02253215  d_x2-y2
   36   1   0   0       1.37668188  s
   36   2   1  -1       0.82778421  p_y
   36   2   1   0       0.82051599  p_z
   36   2   1   1       0.83018667  p_x
   36   3   2  -2       0.03399207  d_xy
   36   3   2  -1       0.03861196  d_yz
   36   3   2   0       0.01816802  d_z2
   36   3   2   1       0.03890521  d_xz
   36   3   2   2       0.01712727  d_x2-y2
   37   1   0   0       1.36446210  s
   37   2   1  -1       0.82707502  p_y
   37   2   1   0       0.82532698  p_z
   37   2   1   1       0.82600034  p_x
   37   3   2  -2       0.03825278  d_xy
   37   3   2  -1       0.03884109  d_yz
   37   3   2   0       0.01912726  d_z2
   37   3   2   1       0.04065547  d_xz
   37   3   2   2       0.01921484  d_x2-y2
   38   1   0   0       1.40065633  s
   38   2   1  -1       0.83031496  p_y
   38   2   1   0       0.83317865  p_z
   38   2   1   1       0.83126037  p_x
   38   3   2  -2       0.03563803  d_xy
   38   3   2  -1       0.03588115  d_yz
   38   3   2   0       0.01514222  d_z2
   38   3   2   1       0.03106152  d_xz
   38   3   2   2       0.01475584  d_x2-y2
   39   1   0   0       1.34751576  s
   39   2   1  -1       0.82837105  p_y
   39   2   1   0       0.82396548  p_z
   39   2   1   1       0.83092871  p_x
   39   3   2  -2       0.03701507  d_xy
   39   3   2  -1       0.04085894  d_yz
   39   3   2   0       0.02037850  d_z2
   39   3   2   1       0.03901596  d_xz
   39   3   2   2       0.01789462  d_x2-y2
   40   1   0   0       1.36598105  s
   40   2   1  -1       0.82876293  p_y
   40   2   1   0       0.83208514  p_z
   40   2   1   1       0.82252306  p_x
   40   3   2  -2       0.04117326  d_xy
   40   3   2  -1       0.03541490  d_yz
   40   3   2   0       0.01665904  d_z2
   40   3   2   1       0.04092646  d_xz
   40   3   2   2       0.02143186  d_x2-y2
   41   1   0   0       1.37909993  s
   41   2   1  -1       0.82907849  p_y
   41   2   1   0       0.82408481  p_z
   41   2   1   1       0.82311505  p_x
   41   3   2  -2       0.03954306  d_xy
   41   3   2  -1       0.03547535  d_yz
   41   3   2   0       0.02111668  d_z2
   41   3   2   1       0.04175249  d_xz
   41   3   2   2       0.01702889  d_x2-y2
   42   1   0   0       1.33318825  s
   42   2   1  -1       0.82184518  p_y
   42   2   1   0       0.82709524  p_z
   42   2   1   1       0.82498627  p_x
   42   3   2  -2       0.04574974  d_xy
   42   3   2  -1       0.03851390  d_yz
   42   3   2   0       0.02350234  d_z2
   42   3   2   1       0.04203549  d_xz
   42   3   2   2       0.02292755  d_x2-y2
   43   1   0   0       1.33679984  s
   43   2   1  -1       0.82930806  p_y
   43   2   1   0       0.82655051  p_z
   43   2   1   1       0.83252499  p_x
   43   3   2  -2       0.04079385  d_xy
   43   3   2  -1       0.04297310  d_yz
   43   3   2   0       0.02224031  d_z2
   43   3   2   1       0.03675503  d_xz
   43   3   2   2       0.01887281  d_x2-y2
   44   1   0   0       1.34516219  s
   44   2   1  -1       0.82610141  p_y
   44   2   1   0       0.82974642  p_z
   44   2   1   1       0.82918049  p_x
   44   3   2  -2       0.03898389  d_xy
   44   3   2  -1       0.04404267  d_yz
   44   3   2   0       0.01894943  d_z2
   44   3   2   1       0.03733769  d_xz
   44   3   2   2       0.02128394  d_x2-y2
   45   1   0   0       1.36052708  s
   45   2   1  -1       0.83034414  p_y
   45   2   1   0       0.82135697  p_z
   45   2   1   1       0.82923519  p_x
   45   3   2  -2       0.03777819  d_xy
   45   3   2  -1       0.03959818  d_yz
   45   3   2   0       0.01963944  d_z2
   45   3   2   1       0.03582206  d_xz
   45   3   2   2       0.01637386  d_x2-y2
   46   1   0   0       1.34273087  s
   46   2   1  -1       0.82656930  p_y
   46   2   1   0       0.83499687  p_z
   46   2   1   1       0.82950220  p_x
   46   3   2  -2       0.04239190  d_xy
   46   3   2  -1       0.03940306  d_yz
   46   3   2   0       0.01966423  d_z2
   46   3   2   1       0.04002544  d_xz
   46   3   2   2       0.02250829  d_x2-y2
   47   1   0   0       1.35081990  s
   47   2   1  -1       0.82904166  p_y
   47   2   1   0       0.82757500  p_z
   47   2   1   1       0.82893930  p_x
   47   3   2  -2       0.03763127  d_xy
   47   3   2  -1       0.03885864  d_yz
   47   3   2   0       0.01916300  d_z2
   47   3   2   1       0.04141317  d_xz
   47   3   2   2       0.02082958  d_x2-y2
   48   1   0   0       1.33488097  s
   48   2   1  -1       0.82635152  p_y
   48   2   1   0       0.83015577  p_z
   48   2   1   1       0.82963802  p_x
   48   3   2  -2       0.04334414  d_xy
   48   3   2  -1       0.04359916  d_yz
   48   3   2   0       0.02205878  d_z2
   48   3   2   1       0.03942151  d_xz
   48   3   2   2       0.02215416  d_x2-y2
   49   1   0   0       1.36662149  s
   49   2   1  -1       0.83599209  p_y
   49   2   1   0       0.82732823  p_z
   49   2   1   1       0.83189029  p_x
   49   3   2  -2       0.03259546  d_xy
   49   3   2  -1       0.03985846  d_yz
   49   3   2   0       0.01832152  d_z2
   49   3   2   1       0.04302801  d_xz
   49   3   2   2       0.01926133  d_x2-y2
   50   1   0   0       1.38392191  s
   50   2   1  -1       0.83343383  p_y
   50   2   1   0       0.83188635  p_z
   50   2   1   1       0.82683778  p_x
   50   3   2  -2       0.03816448  d_xy
   50   3   2  -1       0.03444661  d_yz
   50   3   2   0       0.01556993  d_z2
   50   3   2   1       0.03555508  d_xz
   50   3   2   2       0.01722796  d_x2-y2
   51   1   0   0       1.33529824  s
   51   2   1  -1       0.82539848  p_y
   51   2   1   0       0.82662587  p_z
   51   2   1   1       0.82958877  p_x
   51   3   2  -2       0.04164269  d_xy
   51   3   2  -1       0.04260210  d_yz
   51   3   2   0       0.02259834  d_z2
   51   3   2   1       0.04173460  d_xz
   51   3   2   2       0.02218229  d_x2-y2
   52   1   0   0       1.34873872  s
   52   2   1  -1       0.82590269  p_y
   52   2   1   0       0.83424567  p_z
   52   2   1   1       0.82639546  p_x
   52   3   2  -2       0.04418264  d_xy
   52   3   2  -1       0.04252960  d_yz
   52   3   2   0       0.02091947  d_z2
   52   3   2   1       0.03885133  d_xz
   52   3   2   2       0.02132744  d_x2-y2
   53   1   0   0       1.32418171  s
   53   2   1  -1       0.82467190  p_y
   53   2   1   0       0.83149684  p_z
   53   2   1   1       0.83088593  p_x
   53   3   2  -2       0.04240800  d_xy
   53   3   2  -1       0.04475674  d_yz
   53   3   2   0       0.02217234  d_z2
   53   3   2   1       0.04289767  d_xz
   53   3   2   2       0.02399693  d_x2-y2
   54   1   0   0       1.35738526  s
   54   2   1  -1       0.83091635  p_y
   54   2   1   0       0.82843675  p_z
   54   2   1   1       0.83329421  p_x
   54   3   2  -2       0.03506140  d_xy
   54   3   2  -1       0.03977800  d_yz
   54   3   2   0       0.01690162  d_z2
   54   3   2   1       0.03748970  d_xz
   54   3   2   2       0.01851597  d_x2-y2
   55   1   0   0       1.38099714  s
   55   2   1  -1       0.83635656  p_y
   55   2   1   0       0.83593235  p_z
   55   2   1   1       0.83288848  p_x
   55   3   2  -2       0.03411016  d_xy
   55   3   2  -1       0.03592402  d_yz
   55   3   2   0       0.01627298  d_z2
   55   3   2   1       0.03681618  d_xz
   55   3   2   2       0.01585056  d_x2-y2
   56   1   0   0       1.34261731  s
   56   2   1  -1       0.83063557  p_y
   56   2   1   0       0.82273209  p_z
   56   2   1   1       0.83081278  p_x
   56   3   2  -2       0.03880390  d_xy
   56   3   2  -1       0.04307058  d_yz
   56   3   2   0       0.02164512  d_z2
   56   3   2   1       0.03913596  d_xz
   56   3   2   2       0.01938059  d_x2-y2
   57   1   0   0       1.39892884  s
   57   2   1  -1       0.83522611  p_y
   57   2   1   0       0.82619663  p_z
   57   2   1   1       0.83149486  p_x
   57   3   2  -2       0.03148189  d_xy
   57   3   2  -1       0.03867498  d_yz
   57   3   2   0       0.01658806  d_z2
   57   3   2   1       0.03704398  d_xz
   57   3   2   2       0.01604677  d_x2-y2
   58   1   0   0       1.34264060  s
   58   2   1  -1       0.82529531  p_y
   58   2   1   0       0.82790231  p_z
   58   2   1   1       0.82164412  p_x
   58   3   2  -2       0.04387792  d_xy
   58   3   2  -1       0.03965939  d_yz
   58   3   2   0       0.02281421  d_z2
   58   3   2   1       0.04461425  d_xz
   58   3   2   2       0.02201677  d_x2-y2
   59   1   0   0       1.37529495  s
   59   2   1  -1       0.82854032  p_y
   59   2   1   0       0.83171594  p_z
   59   2   1   1       0.83198379  p_x
   59   3   2  -2       0.04184919  d_xy
   59   3   2  -1       0.03276395  d_yz
   59   3   2   0       0.01753390  d_z2
   59   3   2   1       0.03606332  d_xz
   59   3   2   2       0.01688018  d_x2-y2
   60   1   0   0       1.35222162  s
   60   2   1  -1       0.82963453  p_y
   60   2   1   0       0.82849267  p_z
   60   2   1   1       0.82666567  p_x
   60   3   2  -2       0.03881418  d_xy
   60   3   2  -1       0.04113767  d_yz
   60   3   2   0       0.02029851  d_z2
   60   3   2   1       0.04279124  d_xz
   60   3   2   2       0.02099119  d_x2-y2
   61   1   0   0       1.39539570  s
   61   2   1  -1       0.82381188  p_y
   61   2   1   0       0.83479481  p_z
   61   2   1   1       0.83038170  p_x
   61   3   2  -2       0.04059922  d_xy
   61   3   2  -1       0.03115070  d_yz
   61   3   2   0       0.01711234  d_z2
   61   3   2   1       0.03341650  d_xz
   61   3   2   2       0.01691181  d_x2-y2
   62   1   0   0       1.36463550  s
   62   2   1  -1       0.82634290  p_y
   62   2   1   0       0.82710771  p_z
   62   2   1   1       0.82033311  p_x
   62   3   2  -2       0.03823452  d_xy
   62   3   2  -1       0.03874619  d_yz
   62   3   2   0       0.01876939  d_z2
   62   3   2   1       0.04255464  d_xz
   62   3   2   2       0.02069373  d_x2-y2
   63   1   0   0       1.38863555  s
   63   2   1  -1       0.83165244  p_y
   63   2   1   0       0.82432115  p_z
   63   2   1   1       0.83118868  p_x
   63   3   2  -2       0.03585613  d_xy
   63   3   2  -1       0.03878298  d_yz
   63   3   2   0       0.01880235  d_z2
   63   3   2   1       0.03851067  d_xz
   63   3   2   2       0.01684475  d_x2-y2
   64   1   0   0       1.36478376  s
   64   2   1  -1       0.82731181  p_y
   64   2   1   0       0.82312053  p_z
   64   2   1   1       0.82744514  p_x
   64   3   2  -2       0.03831104  d_xy
   64   3   2  -1       0.03809449  d_yz
   64   3   2   0       0.01906132  d_z2
   64   3   2   1       0.03850271  d_xz
   64   3   2   2       0.01785055  d_x2-y2

Fermi level:                        -0.1327943784 H           -3.6135 eV
Band energy:                       -88.1879082215 H        -2399.7151 eV
TS:                                  0.0000000000 H            0.0000 eV
Band free energy (E-TS):           -88.1879082215 H        -2399.7151 eV
Extrapolated E(0K):                -88.1879082215 H        -2399.7151 eV
Input / Output electrons (q):    256.0000000000    256.0000000000

Energy H0:                         -88.1712752438 H        -2399.2625 eV
Energy SCC:                          0.0006216447 H            0.0169 eV
Total Electronic energy:           -88.1706535990 H        -2399.2456 eV
Repulsive energy:                    0.0000000000 H            0.0000 eV
Total energy:                      -88.1706535990 H        -2399.2456 eV
Extrapolated to 0:                 -88.1706535990 H        -2399.2456 eV
Total Mermin free energy:          -88.1706535990 H        -2399.2456 eV
Force related energy:              -88.1706535990 H        -2399.2456 eV

Non-constrained calculation

SCC converged

Warning: dipole moment is not defined absolutely!
Dipole moment:    0.66524392   -0.37878702    0.51853174 au
Dipole moment:    1.69088152   -0.96278064    1.31797633 Debye


