 Fermi distribution function

Calculation with static geometry


********************************************************************************
 iSCC Total electronic   Diff electronic      SCC error    
    9   -0.88163477E+02   -0.78014750E-09    0.77100411E-05
********************************************************************************

 Total charge:    -0.00000000

 Atomic gross charges (e)
 Atom           Charge
    1       0.00206887
    2      -0.01254875
    3       0.01431781
    4       0.00280587
    5      -0.01310188
    6       0.01679000
    7      -0.00556572
    8       0.01187138
    9       0.00029079
   10       0.01263064
   11      -0.00690515
   12       0.00710343
   13      -0.00373120
   14       0.01132899
   15       0.00025625
   16       0.00686661
   17       0.01956124
   18       0.01330880
   19      -0.00295285
   20       0.00773221
   21       0.00232138
   22      -0.01163555
   23       0.00296650
   24      -0.00595508
   25      -0.00968768
   26      -0.00109923
   27       0.00925418
   28      -0.00366535
   29       0.00971425
   30      -0.03191485
   31      -0.00303564
   32      -0.01813142
   33      -0.01053503
   34       0.01284130
   35      -0.02410986
   36      -0.01868794
   37       0.00258678
   38      -0.00861222
   39       0.00449268
   40      -0.00006287
   41      -0.02792116
   42       0.00363831
   43       0.00556926
   44       0.00699337
   45       0.01501297
   46      -0.00237842
   47       0.00071349
   48       0.01566793
   49       0.01081846
   50      -0.01569150
   51       0.02443959
   52      -0.00245585
   53       0.00996008
   54      -0.00569643
   55      -0.00304438
   56      -0.01216275
   57       0.00160446
   58      -0.00514794
   59       0.01783791
   60      -0.00745932
   61       0.00361428
   62      -0.00725528
   63       0.00277827
   64      -0.00860705

Nr. of electrons (up):    256.00000000
Atom populations (up)
 Atom       Population
    1       3.99793113
    2       4.01254875
    3       3.98568219
    4       3.99719413
    5       4.01310188
    6       3.98321000
    7       4.00556572
    8       3.98812862
    9       3.99970921
   10       3.98736936
   11       4.00690515
   12       3.99289657
   13       4.00373120
   14       3.98867101
   15       3.99974375
   16       3.99313339
   17       3.98043876
   18       3.98669120
   19       4.00295285
   20       3.99226779
   21       3.99767862
   22       4.01163555
   23       3.99703350
   24       4.00595508
   25       4.00968768
   26       4.00109923
   27       3.99074582
   28       4.00366535
   29       3.99028575
   30       4.03191485
   31       4.00303564
   32       4.01813142
   33       4.01053503
   34       3.98715870
   35       4.02410986
   36       4.01868794
   37       3.99741322
   38       4.00861222
   39       3.99550732
   40       4.00006287
   41       4.02792116
   42       3.99636169
   43       3.99443074
   44       3.99300663
   45       3.98498703
   46       4.00237842
   47       3.99928651
   48       3.98433207
   49       3.98918154
   50       4.01569150
   51       3.97556041
   52       4.00245585
   53       3.99003992
   54       4.00569643
   55       4.00304438
   56       4.01216275
   57       3.99839554
   58       4.00514794
   59       3.98216209
   60       4.00745932
   61       3.99638572
   62       4.00725528
   63       3.99722173
   64       4.00860705

l-shell populations (up)
 Atom Sh.   l       Population
    1   1   0       1.34943060
    1   2   1       2.48649268
    1   3   2       0.16200785
    2   1   0       1.38562590
    2   2   1       2.47506314
    2   3   2       0.15185970
    3   1   0       1.33939022
    3   2   1       2.47431682
    3   3   2       0.17197514
    4   1   0       1.35839180
    4   2   1       2.47755540
    4   3   2       0.16124694
    5   1   0       1.38757776
    5   2   1       2.48014730
    5   3   2       0.14537683
    6   1   0       1.33712839
    6   2   1       2.47438208
    6   3   2       0.17169953
    7   1   0       1.35818433
    7   2   1       2.49433147
    7   3   2       0.15304992
    8   1   0       1.34399046
    8   2   1       2.48148927
    8   3   2       0.16264889
    9   1   0       1.37123352
    9   2   1       2.47474437
    9   3   2       0.15373132
   10   1   0       1.33278219
   10   2   1       2.48410165
   10   3   2       0.17048552
   11   1   0       1.37633467
   11   2   1       2.49082723
   11   3   2       0.13974325
   12   1   0       1.34893564
   12   2   1       2.48006285
   12   3   2       0.16389807
   13   1   0       1.35387342
   13   2   1       2.49294679
   13   3   2       0.15691099
   14   1   0       1.35084330
   14   2   1       2.47550817
   14   3   2       0.16231954
   15   1   0       1.35650244
   15   2   1       2.48215508
   15   3   2       0.16108623
   16   1   0       1.35764275
   16   2   1       2.47897127
   16   3   2       0.15651938
   17   1   0       1.32894044
   17   2   1       2.48152762
   17   3   2       0.16997070
   18   1   0       1.33810096
   18   2   1       2.48080760
   18   3   2       0.16778264
   19   1   0       1.36250486
   19   2   1       2.48756031
   19   3   2       0.15288768
   20   1   0       1.34335959
   20   2   1       2.48417002
   20   3   2       0.16473818
   21   1   0       1.36047787
   21   2   1       2.48442027
   21   3   2       0.15278048
   22   1   0       1.35651249
   22   2   1       2.49907942
   22   3   2       0.15604364
   23   1   0       1.35335801
   23   2   1       2.49195514
   23   3   2       0.15172035
   24   1   0       1.36278306
   24   2   1       2.49188373
   24   3   2       0.15128829
   25   1   0       1.37484800
   25   2   1       2.48093329
   25   3   2       0.15390640
   26   1   0       1.37721989
   26   2   1       2.47204666
   26   3   2       0.15183267
   27   1   0       1.34331496
   27   2   1       2.48192476
   27   3   2       0.16550610
   28   1   0       1.36092332
   28   2   1       2.48600262
   28   3   2       0.15673942
   29   1   0       1.34732081
   29   2   1       2.47529229
   29   3   2       0.16767265
   30   1   0       1.39692738
   30   2   1       2.49362915
   30   3   2       0.14135832
   31   1   0       1.37287278
   31   2   1       2.48187803
   31   3   2       0.14828482
   32   1   0       1.38465192
   32   2   1       2.48592828
   32   3   2       0.14755121
   33   1   0       1.36632294
   33   2   1       2.49581318
   33   3   2       0.14839892
   34   1   0       1.35126180
   34   2   1       2.47232350
   34   3   2       0.16357340
   35   1   0       1.38511768
   35   2   1       2.49512592
   35   3   2       0.14386626
   36   1   0       1.38255805
   36   2   1       2.49398506
   36   3   2       0.14214483
   37   1   0       1.36320623
   37   2   1       2.47808684
   37   3   2       0.15612015
   38   1   0       1.37104394
   38   2   1       2.47811607
   38   3   2       0.15945222
   39   1   0       1.36021442
   39   2   1       2.48678115
   39   3   2       0.14851176
   40   1   0       1.35075859
   40   2   1       2.48358772
   40   3   2       0.16571657
   41   1   0       1.39728478
   41   2   1       2.48882554
   41   3   2       0.14181085
   42   1   0       1.34744802
   42   2   1       2.49265979
   42   3   2       0.15625388
   43   1   0       1.33767757
   43   2   1       2.49180791
   43   3   2       0.16494526
   44   1   0       1.34835883
   44   2   1       2.48659975
   44   3   2       0.15804805
   45   1   0       1.34072665
   45   2   1       2.47605891
   45   3   2       0.16820147
   46   1   0       1.35435665
   46   2   1       2.49265486
   46   3   2       0.15536691
   47   1   0       1.36020402
   47   2   1       2.48386483
   47   3   2       0.15521766
   48   1   0       1.33878887
   48   2   1       2.47896006
   48   3   2       0.16658313
   49   1   0       1.36108248
   49   2   1       2.48096040
   49   3   2       0.14713865
   50   1   0       1.37424215
   50   2   1       2.49307775
   50   3   2       0.14837160
   51   1   0       1.32916041
   51   2   1       2.47575997
   51   3   2       0.17064003
   52   1   0       1.35898843
   52   2   1       2.48337538
   52   3   2       0.16009205
   53   1   0       1.32609088
   53   2   1       2.48605347
   53   3   2       0.17789557
   54   1   0       1.35940097
   54   2   1       2.49468662
   54   3   2       0.15160884
   55   1   0       1.35425775
   55   2   1       2.49000127
   55   3   2       0.15878536
   56   1   0       1.35972674
   56   2   1       2.50262199
   56   3   2       0.14981402
   57   1   0       1.36731545
   57   2   1       2.47491865
   57   3   2       0.15616143
   58   1   0       1.36166681
   58   2   1       2.48268676
   58   3   2       0.16079437
   59   1   0       1.33138267
   59   2   1       2.47553638
   59   3   2       0.17524304
   60   1   0       1.36521531
   60   2   1       2.49044382
   60   3   2       0.15180018
   61   1   0       1.36277461
   61   2   1       2.47235802
   61   3   2       0.16125309
   62   1   0       1.37000425
   62   2   1       2.48135884
   62   3   2       0.15589219
   63   1   0       1.36962627
   63   2   1       2.47080530
   63   3   2       0.15679016
   64   1   0       1.36927167
   64   2   1       2.48296781
   64   3   2       0.15636757

Orbital populations (up)
 Atom Sh.   l   m       Population  Label
    1   1   0   0       1.34943060  s
    1   2   1  -1       0.82794539  p_y
    1   2   1   0       0.82935607  p_z
    1   2   1   1       0.82919122  p_x
    1   3   2  -2       0.04060701  d_xy
    1   3   2  -1       0.04245258  d_yz
    1   3   2   0       0.01954459  d_z2
    1   3   2   1       0.03842259  d_xz
    1   3   2   2       0.02098108  d_x2-y2
    2   1   0   0       1.38562590  s
    2   2   1  -1       0.82175063  p_y
    2   2   1   0       0.83162621  p_z
    2   2   1   1       0.82168631  p_x
    2   3   2  -2       0.04014686  d_xy
    2   3   2  -1       0.03539744  d_yz
    2   3   2   0       0.01892090  d_z2
    2   3   2   1       0.03919144  d_xz
    2   3   2   2       0.01820306  d_x2-y2
    3   1   0   0       1.33939022  s
    3   2   1  -1       0.82452226  p_y
    3   2   1   0       0.82185267  p_z
    3   2   1   1       0.82794190  p_x
    3   3   2  -2       0.04036223  d_xy
    3   3   2  -1       0.04311082  d_yz
    3   3   2   0       0.02185944  d_z2
    3   3   2   1       0.04421450  d_xz
    3   3   2   2       0.02242814  d_x2-y2
    4   1   0   0       1.35839180  s
    4   2   1  -1       0.82261483  p_y
    4   2   1   0       0.83068354  p_z
    4   2   1   1       0.82425703  p_x
    4   3   2  -2       0.04507521  d_xy
    4   3   2  -1       0.03888017  d_yz
    4   3   2   0       0.02101820  d_z2
    4   3   2   1       0.03697501  d_xz
    4   3   2   2       0.01929835  d_x2-y2
    5   1   0   0       1.38757776  s
    5   2   1  -1       0.82485821  p_y
    5   2   1   0       0.82881135  p_z
    5   2   1   1       0.82647775  p_x
    5   3   2  -2       0.03655685  d_xy
    5   3   2  -1       0.03603786  d_yz
    5   3   2   0       0.01885020  d_z2
    5   3   2   1       0.03765748  d_xz
    5   3   2   2       0.01627444  d_x2-y2
    6   1   0   0       1.33712839  s
    6   2   1  -1       0.82552070  p_y
    6   2   1   0       0.82477853  p_z
    6   2   1   1       0.82408285  p_x
    6   3   2  -2       0.04500286  d_xy
    6   3   2  -1       0.04547744  d_yz
    6   3   2   0       0.02249890  d_z2
    6   3   2   1       0.03574235  d_xz
    6   3   2   2       0.02297797  d_x2-y2
    7   1   0   0       1.35818433  s
    7   2   1  -1       0.83076562  p_y
    7   2   1   0       0.83177852  p_z
    7   2   1   1       0.83178732  p_x
    7   3   2  -2       0.03311975  d_xy
    7   3   2  -1       0.03932068  d_yz
    7   3   2   0       0.01751582  d_z2
    7   3   2   1       0.04227172  d_xz
    7   3   2   2       0.02082195  d_x2-y2
    8   1   0   0       1.34399046  s
    8   2   1  -1       0.82521570  p_y
    8   2   1   0       0.83078552  p_z
    8   2   1   1       0.82548804  p_x
    8   3   2  -2       0.04457184  d_xy
    8   3   2  -1       0.03823688  d_yz
    8   3   2   0       0.02034776  d_z2
    8   3   2   1       0.03862895  d_xz
    8   3   2   2       0.02086346  d_x2-y2
    9   1   0   0       1.37123352  s
    9   2   1  -1       0.82499270  p_y
    9   2   1   0       0.82153880  p_z
    9   2   1   1       0.82821287  p_x
    9   3   2  -2       0.03699197  d_xy
    9   3   2  -1       0.03970557  d_yz
    9   3   2   0       0.01951803  d_z2
    9   3   2   1       0.03948730  d_xz
    9   3   2   2       0.01802846  d_x2-y2
   10   1   0   0       1.33278219  s
   10   2   1  -1       0.82680670  p_y
   10   2   1   0       0.83382529  p_z
   10   2   1   1       0.82346966  p_x
   10   3   2  -2       0.04506762  d_xy
   10   3   2  -1       0.04077984  d_yz
   10   3   2   0       0.02198943  d_z2
   10   3   2   1       0.03938389  d_xz
   10   3   2   2       0.02326474  d_x2-y2
   11   1   0   0       1.37633467  s
   11   2   1  -1       0.82730637  p_y
   11   2   1   0       0.83195601  p_z
   11   2   1   1       0.83156485  p_x
   11   3   2  -2       0.03798687  d_xy
   11   3   2  -1       0.03592080  d_yz
   11   3   2   0       0.01582536  d_z2
   11   3   2   1       0.03358589  d_xz
   11   3   2   2       0.01642433  d_x2-y2
   12   1   0   0       1.34893564  s
   12   2   1  -1       0.82329243  p_y
   12   2   1   0       0.82880794  p_z
   12   2   1   1       0.82796249  p_x
   12   3   2  -2       0.04147616  d_xy
   12   3   2  -1       0.04050864  d_yz
   12   3   2   0       0.02113550  d_z2
   12   3   2   1       0.04017598  d_xz
   12   3   2   2       0.02060180  d_x2-y2
   13   1   0   0       1.35387342  s
   13   2   1  -1       0.82522233  p_y
   13   2   1   0       0.83538434  p_z
   13   2   1   1       0.83234012  p_x
   13   3   2  -2       0.04771520  d_xy
   13   3   2  -1       0.03599270  d_yz
   13   3   2   0       0.02021051  d_z2
   13   3   2   1       0.03347175  d_xz
   13   3   2   2       0.01952082  d_x2-y2
   14   1   0   0       1.35084330  s
   14   2   1  -1       0.82553746  p_y
   14   2   1   0       0.82708067  p_z
   14   2   1   1       0.82289004  p_x
   14   3   2  -2       0.04009278  d_xy
   14   3   2  -1       0.03644087  d_yz
   14   3   2   0       0.02063364  d_z2
   14   3   2   1       0.04547052  d_xz
   14   3   2   2       0.01968173  d_x2-y2
   15   1   0   0       1.35650244  s
   15   2   1  -1       0.82586145  p_y
   15   2   1   0       0.82953846  p_z
   15   2   1   1       0.82675517  p_x
   15   3   2  -2       0.04078737  d_xy
   15   3   2  -1       0.04271428  d_yz
   15   3   2   0       0.02020684  d_z2
   15   3   2   1       0.03761277  d_xz
   15   3   2   2       0.01976496  d_x2-y2
   16   1   0   0       1.35764275  s
   16   2   1  -1       0.82691456  p_y
   16   2   1   0       0.82555285  p_z
   16   2   1   1       0.82650387  p_x
   16   3   2  -2       0.03583711  d_xy
   16   3   2  -1       0.04199563  d_yz
   16   3   2   0       0.01907191  d_z2
   16   3   2   1       0.04011628  d_xz
   16   3   2   2       0.01949845  d_x2-y2
   17   1   0   0       1.32894044  s
   17   2   1  -1       0.82635410  p_y
   17   2   1   0       0.82538833  p_z
   17   2   1   1       0.82978519  p_x
   17   3   2  -2       0.04036650  d_xy
   17   3   2  -1       0.04577168  d_yz
   17   3   2   0       0.02298593  d_z2
   17   3   2   1       0.04033740  d_xz
   17   3   2   2       0.02050920  d_x2-y2
   18   1   0   0       1.33810096  s
   18   2   1  -1       0.82433002  p_y
   18   2   1   0       0.82492591  p_z
   18   2   1   1       0.83155167  p_x
   18   3   2  -2       0.04134783  d_xy
   18   3   2  -1       0.04383402  d_yz
   18   3   2   0       0.02315195  d_z2
   18   3   2   1       0.03953316  d_xz
   18   3   2   2       0.01991567  d_x2-y2
   19   1   0   0       1.36250486  s
   19   2   1  -1       0.83071043  p_y
   19   2   1   0       0.82837997  p_z
   19   2   1   1       0.82846990  p_x
   19   3   2  -2       0.03887199  d_xy
   19   3   2  -1       0.03674113  d_yz
   19   3   2   0       0.01930613  d_z2
   19   3   2   1       0.04025122  d_xz
   19   3   2   2       0.01771721  d_x2-y2
   20   1   0   0       1.34335959  s
   20   2   1  -1       0.82786828  p_y
   20   2   1   0       0.82728670  p_z
   20   2   1   1       0.82901503  p_x
   20   3   2  -2       0.03850519  d_xy
   20   3   2  -1       0.04108136  d_yz
   20   3   2   0       0.02070872  d_z2
   20   3   2   1       0.04270857  d_xz
   20   3   2   2       0.02173434  d_x2-y2
   21   1   0   0       1.36047787  s
   21   2   1  -1       0.83144581  p_y
   21   2   1   0       0.82391469  p_z
   21   2   1   1       0.82905976  p_x
   21   3   2  -2       0.03857928  d_xy
   21   3   2  -1       0.04035480  d_yz
   21   3   2   0       0.01978205  d_z2
   21   3   2   1       0.03641575  d_xz
   21   3   2   2       0.01764861  d_x2-y2
   22   1   0   0       1.35651249  s
   22   2   1  -1       0.83602129  p_y
   22   2   1   0       0.83009374  p_z
   22   2   1   1       0.83296439  p_x
   22   3   2  -2       0.03773389  d_xy
   22   3   2  -1       0.03924675  d_yz
   22   3   2   0       0.02042319  d_z2
   22   3   2   1       0.03952128  d_xz
   22   3   2   2       0.01911853  d_x2-y2
   23   1   0   0       1.35335801  s
   23   2   1  -1       0.83199364  p_y
   23   2   1   0       0.82948735  p_z
   23   2   1   1       0.83047414  p_x
   23   3   2  -2       0.03572568  d_xy
   23   3   2  -1       0.04084404  d_yz
   23   3   2   0       0.01752638  d_z2
   23   3   2   1       0.03824791  d_xz
   23   3   2   2       0.01937633  d_x2-y2
   24   1   0   0       1.36278306  s
   24   2   1  -1       0.82836913  p_y
   24   2   1   0       0.83127315  p_z
   24   2   1   1       0.83224146  p_x
   24   3   2  -2       0.03528286  d_xy
   24   3   2  -1       0.04170869  d_yz
   24   3   2   0       0.01841140  d_z2
   24   3   2   1       0.03736801  d_xz
   24   3   2   2       0.01851734  d_x2-y2
   25   1   0   0       1.37484800  s
   25   2   1  -1       0.83014730  p_y
   25   2   1   0       0.82788521  p_z
   25   2   1   1       0.82290078  p_x
   25   3   2  -2       0.03663424  d_xy
   25   3   2  -1       0.03790946  d_yz
   25   3   2   0       0.01816892  d_z2
   25   3   2   1       0.04184561  d_xz
   25   3   2   2       0.01934817  d_x2-y2
   26   1   0   0       1.37721989  s
   26   2   1  -1       0.82828473  p_y
   26   2   1   0       0.82102169  p_z
   26   2   1   1       0.82274025  p_x
   26   3   2  -2       0.03814978  d_xy
   26   3   2  -1       0.03528733  d_yz
   26   3   2   0       0.01824199  d_z2
   26   3   2   1       0.04109945  d_xz
   26   3   2   2       0.01905413  d_x2-y2
   27   1   0   0       1.34331496  s
   27   2   1  -1       0.82656322  p_y
   27   2   1   0       0.82308720  p_z
   27   2   1   1       0.83227434  p_x
   27   3   2  -2       0.04040684  d_xy
   27   3   2  -1       0.04247937  d_yz
   27   3   2   0       0.02245477  d_z2
   27   3   2   1       0.04004041  d_xz
   27   3   2   2       0.02012471  d_x2-y2
   28   1   0   0       1.36092332  s
   28   2   1  -1       0.83043619  p_y
   28   2   1   0       0.82756891  p_z
   28   2   1   1       0.82799751  p_x
   28   3   2  -2       0.03762088  d_xy
   28   3   2  -1       0.04052780  d_yz
   28   3   2   0       0.01866443  d_z2
   28   3   2   1       0.04046579  d_xz
   28   3   2   2       0.01946051  d_x2-y2
   29   1   0   0       1.34732081  s
   29   2   1  -1       0.82928277  p_y
   29   2   1   0       0.81923087  p_z
   29   2   1   1       0.82677866  p_x
   29   3   2  -2       0.03980612  d_xy
   29   3   2  -1       0.04037141  d_yz
   29   3   2   0       0.02316898  d_z2
   29   3   2   1       0.04427202  d_xz
   29   3   2   2       0.02005413  d_x2-y2
   30   1   0   0       1.39692738  s
   30   2   1  -1       0.83260152  p_y
   30   2   1   0       0.83362666  p_z
   30   2   1   1       0.82740097  p_x
   30   3   2  -2       0.03919999  d_xy
   30   3   2  -1       0.03191654  d_yz
   30   3   2   0       0.01590010  d_z2
   30   3   2   1       0.03638045  d_xz
   30   3   2   2       0.01796124  d_x2-y2
   31   1   0   0       1.37287278  s
   31   2   1  -1       0.82871398  p_y
   31   2   1   0       0.82433210  p_z
   31   2   1   1       0.82883196  p_x
   31   3   2  -2       0.03428742  d_xy
   31   3   2  -1       0.03759809  d_yz
   31   3   2   0       0.01734049  d_z2
   31   3   2   1       0.04063223  d_xz
   31   3   2   2       0.01842660  d_x2-y2
   32   1   0   0       1.38465192  s
   32   2   1  -1       0.82504381  p_y
   32   2   1   0       0.83121203  p_z
   32   2   1   1       0.82967244  p_x
   32   3   2  -2       0.03957271  d_xy
   32   3   2  -1       0.03618772  d_yz
   32   3   2   0       0.01646898  d_z2
   32   3   2   1       0.03658701  d_xz
   32   3   2   2       0.01873479  d_x2-y2
   33   1   0   0       1.36632294  s
   33   2   1  -1       0.83310430  p_y
   33   2   1   0       0.83380376  p_z
   33   2   1   1       0.82890512  p_x
   33   3   2  -2       0.03973671  d_xy
   33   3   2  -1       0.03993449  d_yz
   33   3   2   0       0.01613258  d_z2
   33   3   2   1       0.03346414  d_xz
   33   3   2   2       0.01913101  d_x2-y2
   34   1   0   0       1.35126180  s
   34   2   1  -1       0.82770963  p_y
   34   2   1   0       0.82248507  p_z
   34   2   1   1       0.82212880  p_x
   34   3   2  -2       0.03764039  d_xy
   34   3   2  -1       0.03838522  d_yz
   34   3   2   0       0.02049759  d_z2
   34   3   2   1       0.04672261  d_xz
   34   3   2   2       0.02032759  d_x2-y2
   35   1   0   0       1.38511768  s
   35   2   1  -1       0.83265475  p_y
   35   2   1   0       0.83465847  p_z
   35   2   1   1       0.82781270  p_x
   35   3   2  -2       0.03816459  d_xy
   35   3   2  -1       0.03286434  d_yz
   35   3   2   0       0.01560503  d_z2
   35   3   2   1       0.03911945  d_xz
   35   3   2   2       0.01811284  d_x2-y2
   36   1   0   0       1.38255805  s
   36   2   1  -1       0.83565163  p_y
   36   2   1   0       0.82912233  p_z
   36   2   1   1       0.82921110  p_x
   36   3   2  -2       0.03132141  d_xy
   36   3   2  -1       0.03650973  d_yz
   36   3   2   0       0.01647621  d_z2
   36   3   2   1       0.04094401  d_xz
   36   3   2   2       0.01689347  d_x2-y2
   37   1   0   0       1.36320623  s
   37   2   1  -1       0.82541735  p_y
   37   2   1   0       0.82513642  p_z
   37   2   1   1       0.82753306  p_x
   37   3   2  -2       0.03845159  d_xy
   37   3   2  -1       0.04017555  d_yz
   37   3   2   0       0.01829596  d_z2
   37   3   2   1       0.03932764  d_xz
   37   3   2   2       0.01986941  d_x2-y2
   38   1   0   0       1.37104394  s
   38   2   1  -1       0.83093644  p_y
   38   2   1   0       0.81659429  p_z
   38   2   1   1       0.83058533  p_x
   38   3   2  -2       0.03606844  d_xy
   38   3   2  -1       0.04440941  d_yz
   38   3   2   0       0.02073233  d_z2
   38   3   2   1       0.03964509  d_xz
   38   3   2   2       0.01859695  d_x2-y2
   39   1   0   0       1.36021442  s
   39   2   1  -1       0.82979358  p_y
   39   2   1   0       0.83196398  p_z
   39   2   1   1       0.82502359  p_x
   39   3   2  -2       0.03750712  d_xy
   39   3   2  -1       0.03872015  d_yz
   39   3   2   0       0.01855801  d_z2
   39   3   2   1       0.03580750  d_xz
   39   3   2   2       0.01791897  d_x2-y2
   40   1   0   0       1.35075859  s
   40   2   1  -1       0.82979391  p_y
   40   2   1   0       0.82362481  p_z
   40   2   1   1       0.83016899  p_x
   40   3   2  -2       0.04130895  d_xy
   40   3   2  -1       0.03994823  d_yz
   40   3   2   0       0.02229283  d_z2
   40   3   2   1       0.04223083  d_xz
   40   3   2   2       0.01993572  d_x2-y2
   41   1   0   0       1.39728478  s
   41   2   1  -1       0.83346824  p_y
   41   2   1   0       0.82711742  p_z
   41   2   1   1       0.82823987  p_x
   41   3   2  -2       0.03326365  d_xy
   41   3   2  -1       0.03348340  d_yz
   41   3   2   0       0.01727582  d_z2
   41   3   2   1       0.04193605  d_xz
   41   3   2   2       0.01585192  d_x2-y2
   42   1   0   0       1.34744802  s
   42   2   1  -1       0.82501048  p_y
   42   2   1   0       0.83326624  p_z
   42   2   1   1       0.83438308  p_x
   42   3   2  -2       0.04444431  d_xy
   42   3   2  -1       0.03867149  d_yz
   42   3   2   0       0.01972610  d_z2
   42   3   2   1       0.03413184  d_xz
   42   3   2   2       0.01928013  d_x2-y2
   43   1   0   0       1.33767757  s
   43   2   1  -1       0.83096881  p_y
   43   2   1   0       0.82603987  p_z
   43   2   1   1       0.83479923  p_x
   43   3   2  -2       0.04022157  d_xy
   43   3   2  -1       0.04404902  d_yz
   43   3   2   0       0.02281977  d_z2
   43   3   2   1       0.03952210  d_xz
   43   3   2   2       0.01833280  d_x2-y2
   44   1   0   0       1.34835883  s
   44   2   1  -1       0.83278726  p_y
   44   2   1   0       0.82701454  p_z
   44   2   1   1       0.82679794  p_x
   44   3   2  -2       0.03838884  d_xy
   44   3   2  -1       0.04070429  d_yz
   44   3   2   0       0.02005031  d_z2
   44   3   2   1       0.03883884  d_xz
   44   3   2   2       0.02006577  d_x2-y2
   45   1   0   0       1.34072665  s
   45   2   1  -1       0.82599754  p_y
   45   2   1   0       0.82579226  p_z
   45   2   1   1       0.82426912  p_x
   45   3   2  -2       0.04503456  d_xy
   45   3   2  -1       0.03940769  d_yz
   45   3   2   0       0.02227823  d_z2
   45   3   2   1       0.04039654  d_xz
   45   3   2   2       0.02108445  d_x2-y2
   46   1   0   0       1.35435665  s
   46   2   1  -1       0.83688453  p_y
   46   2   1   0       0.82565426  p_z
   46   2   1   1       0.83011606  p_x
   46   3   2  -2       0.03618118  d_xy
   46   3   2  -1       0.03656246  d_yz
   46   3   2   0       0.02056268  d_z2
   46   3   2   1       0.04379369  d_xz
   46   3   2   2       0.01826690  d_x2-y2
   47   1   0   0       1.36020402  s
   47   2   1  -1       0.82588180  p_y
   47   2   1   0       0.82705910  p_z
   47   2   1   1       0.83092393  p_x
   47   3   2  -2       0.03741242  d_xy
   47   3   2  -1       0.04047714  d_yz
   47   3   2   0       0.01895151  d_z2
   47   3   2   1       0.03911791  d_xz
   47   3   2   2       0.01925867  d_x2-y2
   48   1   0   0       1.33878887  s
   48   2   1  -1       0.82626021  p_y
   48   2   1   0       0.82405306  p_z
   48   2   1   1       0.82864680  p_x
   48   3   2  -2       0.04050579  d_xy
   48   3   2  -1       0.04432464  d_yz
   48   3   2   0       0.02259457  d_z2
   48   3   2   1       0.03909749  d_xz
   48   3   2   2       0.02006065  d_x2-y2
   49   1   0   0       1.36108248  s
   49   2   1  -1       0.82743378  p_y
   49   2   1   0       0.82968736  p_z
   49   2   1   1       0.82383927  p_x
   49   3   2  -2       0.03654795  d_xy
   49   3   2  -1       0.03704041  d_yz
   49   3   2   0       0.01635328  d_z2
   49   3   2   1       0.03771735  d_xz
   49   3   2   2       0.01947966  d_x2-y2
   50   1   0   0       1.37424215  s
   50   2   1  -1       0.82668826  p_y
   50   2   1   0       0.83423591  p_z
   50   2   1   1       0.83215358  p_x
   50   3   2  -2       0.03995549  d_xy
   50   3   2  -1       0.03697508  d_yz
   50   3   2   0       0.01782050  d_z2
   50   3   2   1       0.03545398  d_xz
   50   3   2   2       0.01816655  d_x2-y2
   51   1   0   0       1.32916041  s
   51   2   1  -1       0.82774676  p_y
   51   2   1   0       0.82756440  p_z
   51   2   1   1       0.82044882  p_x
   51   3   2  -2       0.04312482  d_xy
   51   3   2  -1       0.03880179  d_yz
   51   3   2   0       0.02197995  d_z2
   51   3   2   1       0.04457840  d_xz
   51   3   2   2       0.02215507  d_x2-y2
   52   1   0   0       1.35898843  s
   52   2   1  -1       0.82750733  p_y
   52   2   1   0       0.82822657  p_z
   52   2   1   1       0.82764148  p_x
   52   3   2  -2       0.04160970  d_xy
   52   3   2  -1       0.03774947  d_yz
   52   3   2   0       0.02058469  d_z2
   52   3   2   1       0.04095829  d_xz
   52   3   2   2       0.01918989  d_x2-y2
   53   1   0   0       1.32609088  s
   53   2   1  -1       0.82936919  p_y
   53   2   1   0       0.83286267  p_z
   53   2   1   1       0.82382162  p_x
   53   3   2  -2       0.04276295  d_xy
   53   3   2  -1       0.04288364  d_yz
   53   3   2   0       0.02137078  d_z2
   53   3   2   1       0.04523733  d_xz
   53   3   2   2       0.02564087  d_x2-y2
   54   1   0   0       1.35940097  s
   54   2   1  -1       0.83257985  p_y
   54   2   1   0       0.83409276  p_z
   54   2   1   1       0.82801401  p_x
   54   3   2  -2       0.03720842  d_xy
   54   3   2  -1       0.03921951  d_yz
   54   3   2   0       0.01838997  d_z2
   54   3   2   1       0.03676340  d_xz
   54   3   2   2       0.02002754  d_x2-y2
   55   1   0   0       1.35425775  s
   55   2   1  -1       0.82748435  p_y
   55   2   1   0       0.83241369  p_z
   55   2   1   1       0.83010323  p_x
   55   3   2  -2       0.03836196  d_xy
   55   3   2  -1       0.04197986  d_yz
   55   3   2   0       0.01960773  d_z2
   55   3   2   1       0.03843628  d_xz
   55   3   2   2       0.02039953  d_x2-y2
   56   1   0   0       1.35972674  s
   56   2   1  -1       0.83215883  p_y
   56   2   1   0       0.83535582  p_z
   56   2   1   1       0.83510734  p_x
   56   3   2  -2       0.03677106  d_xy
   56   3   2  -1       0.03930861  d_yz
   56   3   2   0       0.01778877  d_z2
   56   3   2   1       0.03746263  d_xz
   56   3   2   2       0.01848295  d_x2-y2
   57   1   0   0       1.36731545  s
   57   2   1  -1       0.82318271  p_y
   57   2   1   0       0.82518029  p_z
   57   2   1   1       0.82655566  p_x
   57   3   2  -2       0.03890220  d_xy
   57   3   2  -1       0.04177280  d_yz
   57   3   2   0       0.01951771  d_z2
   57   3   2   1       0.03710675  d_xz
   57   3   2   2       0.01886197  d_x2-y2
   58   1   0   0       1.36166681  s
   58   2   1  -1       0.83054621  p_y
   58   2   1   0       0.82482067  p_z
   58   2   1   1       0.82731988  p_x
   58   3   2  -2       0.03855143  d_xy
   58   3   2  -1       0.03835072  d_yz
   58   3   2   0       0.02249365  d_z2
   58   3   2   1       0.04286034  d_xz
   58   3   2   2       0.01853823  d_x2-y2
   59   1   0   0       1.33138267  s
   59   2   1  -1       0.82084383  p_y
   59   2   1   0       0.83093383  p_z
   59   2   1   1       0.82375872  p_x
   59   3   2  -2       0.04930010  d_xy
   59   3   2  -1       0.03880349  d_yz
   59   3   2   0       0.02179639  d_z2
   59   3   2   1       0.04098661  d_xz
   59   3   2   2       0.02435645  d_x2-y2
   60   1   0   0       1.36521531  s
   60   2   1  -1       0.82566244  p_y
   60   2   1   0       0.83409190  p_z
   60   2   1   1       0.83068948  p_x
   60   3   2  -2       0.03800856  d_xy
   60   3   2  -1       0.03941226  d_yz
   60   3   2   0       0.01837160  d_z2
   60   3   2   1       0.03700573  d_xz
   60   3   2   2       0.01900203  d_x2-y2
   61   1   0   0       1.36277461  s
   61   2   1  -1       0.82240401  p_y
   61   2   1   0       0.82739600  p_z
   61   2   1   1       0.82255801  p_x
   61   3   2  -2       0.04293484  d_xy
   61   3   2  -1       0.03789911  d_yz
   61   3   2   0       0.02010024  d_z2
   61   3   2   1       0.03972552  d_xz
   61   3   2   2       0.02059339  d_x2-y2
   62   1   0   0       1.37000425  s
   62   2   1  -1       0.82354891  p_y
   62   2   1   0       0.83314055  p_z
   62   2   1   1       0.82466937  p_x
   62   3   2  -2       0.04392682  d_xy
   62   3   2  -1       0.03613868  d_yz
   62   3   2   0       0.01806200  d_z2
   62   3   2   1       0.03753361  d_xz
   62   3   2   2       0.02023109  d_x2-y2
   63   1   0   0       1.36962627  s
   63   2   1  -1       0.82715985  p_y
   63   2   1   0       0.82314699  p_z
   63   2   1   1       0.82049845  p_x
   63   3   2  -2       0.04055467  d_xy
   63   3   2  -1       0.03857581  d_yz
   63   3   2   0       0.02016810  d_z2
   63   3   2   1       0.03884477  d_xz
   63   3   2   2       0.01864680  d_x2-y2
   64   1   0   0       1.36927167  s
   64   2   1  -1       0.82449505  p_y
   64   2   1   0       0.82598513  p_z
   64   2   1   1       0.83248763  p_x
   64   3   2  -2       0.04005058  d_xy
   64   3   2  -1       0.04095456  d_yz
   64   3   2   0       0.01947508  d_z2
   64   3   2   1       0.03724121  d_xz
   64   3   2   2       0.01864614  d_x2-y2

Fermi level:                        -0.1329074477 H           -3.6166 eV
Band energy:                       -88.1779848810 H        -2399.4451 eV
TS:                                  0.0000000000 H            0.0000 eV
Band free energy (E-TS):           -88.1779848810 H        -2399.4451 eV
Extrapolated E(0K):                -88.1779848810 H        -2399.4451 eV
Input / Output electrons (q):    256.0000000000    256.0000000000

Energy H0:                         -88.1639079873 H        -2399.0620 eV
Energy SCC:                          0.0004308611 H            0.0117 eV
Total Electronic energy:           -88.1634771262 H        -2399.0503 eV
Repulsive energy:                    0.0000000000 H            0.0000 eV
Total energy:                      -88.1634771262 H        -2399.0503 eV
Extrapolated to 0:                 -88.1634771262 H        -2399.0503 eV
Total Mermin free energy:          -88.1634771262 H        -2399.0503 eV
Force related energy:              -88.1634771262 H        -2399.0503 eV

Non-constrained calculation

SCC converged

Warning: dipole moment is not defined absolutely!
Dipole moment:   -0.78698058    0.49379432   -0.25281207 au
Dipole moment:   -2.00030527    1.25510007   -0.64258425 Debye


