 Fermi distribution function

Calculation with static geometry


********************************************************************************
 iSCC Total electronic   Diff electronic      SCC error    
    9   -0.88159561E+02   -0.92734354E-09    0.75783548E-05
********************************************************************************

 Total charge:    -0.00000000

 Atomic gross charges (e)
 Atom           Charge
    1       0.00090656
    2      -0.02612211
    3       0.01731479
    4      -0.00898862
    5      -0.02065374
    6       0.01682699
    7      -0.00401090
    8       0.01810386
    9      -0.02024073
   10       0.00655762
   11      -0.01084996
   12      -0.00015445
   13       0.01294830
   14      -0.00225697
   15       0.01029863
   16       0.01219858
   17       0.00591602
   18       0.00110541
   19       0.00253999
   20       0.00902610
   21       0.01140275
   22      -0.00961953
   23       0.01194259
   24      -0.00414098
   25      -0.00728144
   26       0.00142467
   27      -0.00655302
   28      -0.00147568
   29       0.00685418
   30      -0.02368523
   31       0.00032822
   32      -0.02270887
   33       0.00425164
   34       0.02261482
   35      -0.00446043
   36      -0.00697421
   37       0.00738783
   38       0.00622063
   39       0.00708950
   40      -0.00712839
   41      -0.02701078
   42       0.01049346
   43       0.00691536
   44       0.01924871
   45       0.00776004
   46       0.00356526
   47       0.01698121
   48      -0.00061169
   49       0.00297640
   50      -0.00620305
   51       0.01428167
   52       0.00321188
   53       0.00176707
   54      -0.00685846
   55      -0.00289173
   56      -0.00182869
   57      -0.00411366
   58       0.00580147
   59       0.00937485
   60      -0.00828872
   61      -0.01383415
   62      -0.01573593
   63      -0.01781766
   64      -0.00313728

Nr. of electrons (up):    256.00000000
Atom populations (up)
 Atom       Population
    1       3.99909344
    2       4.02612211
    3       3.98268521
    4       4.00898862
    5       4.02065374
    6       3.98317301
    7       4.00401090
    8       3.98189614
    9       4.02024073
   10       3.99344238
   11       4.01084996
   12       4.00015445
   13       3.98705170
   14       4.00225697
   15       3.98970137
   16       3.98780142
   17       3.99408398
   18       3.99889459
   19       3.99746001
   20       3.99097390
   21       3.98859725
   22       4.00961953
   23       3.98805741
   24       4.00414098
   25       4.00728144
   26       3.99857533
   27       4.00655302
   28       4.00147568
   29       3.99314582
   30       4.02368523
   31       3.99967178
   32       4.02270887
   33       3.99574836
   34       3.97738518
   35       4.00446043
   36       4.00697421
   37       3.99261217
   38       3.99377937
   39       3.99291050
   40       4.00712839
   41       4.02701078
   42       3.98950654
   43       3.99308464
   44       3.98075129
   45       3.99223996
   46       3.99643474
   47       3.98301879
   48       4.00061169
   49       3.99702360
   50       4.00620305
   51       3.98571833
   52       3.99678812
   53       3.99823293
   54       4.00685846
   55       4.00289173
   56       4.00182869
   57       4.00411366
   58       3.99419853
   59       3.99062515
   60       4.00828872
   61       4.01383415
   62       4.01573593
   63       4.01781766
   64       4.00313728

l-shell populations (up)
 Atom Sh.   l       Population
    1   1   0       1.34081116
    1   2   1       2.49198812
    1   3   2       0.16629416
    2   1   0       1.40849905
    2   2   1       2.48186247
    2   3   2       0.13576059
    3   1   0       1.34045110
    3   2   1       2.47015429
    3   3   2       0.17207983
    4   1   0       1.36662933
    4   2   1       2.48998684
    4   3   2       0.15237244
    5   1   0       1.39623990
    5   2   1       2.48201258
    5   3   2       0.14240126
    6   1   0       1.33155604
    6   2   1       2.47683412
    6   3   2       0.17478285
    7   1   0       1.36377022
    7   2   1       2.48972117
    7   3   2       0.15051951
    8   1   0       1.33451323
    8   2   1       2.47900426
    8   3   2       0.16837866
    9   1   0       1.39720316
    9   2   1       2.48321733
    9   3   2       0.13982024
   10   1   0       1.34045143
   10   2   1       2.49455378
   10   3   2       0.15843718
   11   1   0       1.37538695
   11   2   1       2.50342086
   11   3   2       0.13204215
   12   1   0       1.35810781
   12   2   1       2.48243850
   12   3   2       0.15960814
   13   1   0       1.33372797
   13   2   1       2.48618164
   13   3   2       0.16714209
   14   1   0       1.36470394
   14   2   1       2.48447984
   14   3   2       0.15307319
   15   1   0       1.33729210
   15   2   1       2.47940475
   15   3   2       0.17300452
   16   1   0       1.35636427
   16   2   1       2.47250175
   16   3   2       0.15893539
   17   1   0       1.34844158
   17   2   1       2.49102441
   17   3   2       0.15461799
   18   1   0       1.36386625
   18   2   1       2.48721439
   18   3   2       0.14781395
   19   1   0       1.34701036
   19   2   1       2.48648601
   19   3   2       0.16396364
   20   1   0       1.33977556
   20   2   1       2.48405115
   20   3   2       0.16714720
   21   1   0       1.33565724
   21   2   1       2.48204152
   21   3   2       0.17089849
   22   1   0       1.34991637
   22   2   1       2.49623270
   22   3   2       0.16347046
   23   1   0       1.34508762
   23   2   1       2.48265418
   23   3   2       0.16031561
   24   1   0       1.35305954
   24   2   1       2.49174871
   24   3   2       0.15933273
   25   1   0       1.37661913
   25   2   1       2.47702721
   25   3   2       0.15363510
   26   1   0       1.35826162
   26   2   1       2.48012549
   26   3   2       0.16018822
   27   1   0       1.36554686
   27   2   1       2.48439160
   27   3   2       0.15661456
   28   1   0       1.36703638
   28   2   1       2.47509637
   28   3   2       0.15934292
   29   1   0       1.35105786
   29   2   1       2.47498255
   29   3   2       0.16710541
   30   1   0       1.38688003
   30   2   1       2.48657042
   30   3   2       0.15023477
   31   1   0       1.36266442
   31   2   1       2.48112497
   31   3   2       0.15588239
   32   1   0       1.38820753
   32   2   1       2.49110183
   32   3   2       0.14339950
   33   1   0       1.35424486
   33   2   1       2.48645318
   33   3   2       0.15505032
   34   1   0       1.35697554
   34   2   1       2.45169169
   34   3   2       0.16871795
   35   1   0       1.37411483
   35   2   1       2.47853132
   35   3   2       0.15181428
   36   1   0       1.37147922
   36   2   1       2.48837214
   36   3   2       0.14712285
   37   1   0       1.36525091
   37   2   1       2.47279198
   37   3   2       0.15456927
   38   1   0       1.35522034
   38   2   1       2.46712702
   38   3   2       0.17143201
   39   1   0       1.35843278
   39   2   1       2.48292907
   39   3   2       0.15154864
   40   1   0       1.36222389
   40   2   1       2.48915845
   40   3   2       0.15574605
   41   1   0       1.39040104
   41   2   1       2.48979153
   41   3   2       0.14681821
   42   1   0       1.35089597
   42   2   1       2.48218115
   42   3   2       0.15642942
   43   1   0       1.32748352
   43   2   1       2.49029542
   43   3   2       0.17530570
   44   1   0       1.32504661
   44   2   1       2.47969995
   44   3   2       0.17600473
   45   1   0       1.34513759
   45   2   1       2.48370472
   45   3   2       0.16339765
   46   1   0       1.34800821
   46   2   1       2.49122012
   46   3   2       0.15720641
   47   1   0       1.34109728
   47   2   1       2.47909780
   47   3   2       0.16282371
   48   1   0       1.36476140
   48   2   1       2.48677126
   48   3   2       0.14907903
   49   1   0       1.35669584
   49   2   1       2.48973891
   49   3   2       0.15058885
   50   1   0       1.35163810
   50   2   1       2.48350330
   50   3   2       0.17106164
   51   1   0       1.34356025
   51   2   1       2.47762076
   51   3   2       0.16453732
   52   1   0       1.35362633
   52   2   1       2.48258113
   52   3   2       0.16058066
   53   1   0       1.34117413
   53   2   1       2.49113045
   53   3   2       0.16592835
   54   1   0       1.37260815
   54   2   1       2.49308215
   54   3   2       0.14116816
   55   1   0       1.35884465
   55   2   1       2.49171004
   55   3   2       0.15233704
   56   1   0       1.35992811
   56   2   1       2.49447139
   56   3   2       0.14742919
   57   1   0       1.37275108
   57   2   1       2.47770363
   57   3   2       0.15365894
   58   1   0       1.34915831
   58   2   1       2.48547998
   58   3   2       0.15956024
   59   1   0       1.34587514
   59   2   1       2.47724821
   59   3   2       0.16750180
   60   1   0       1.37509043
   60   2   1       2.48438275
   60   3   2       0.14881554
   61   1   0       1.37178666
   61   2   1       2.48965734
   61   3   2       0.15239015
   62   1   0       1.38498217
   62   2   1       2.48246502
   62   3   2       0.14828874
   63   1   0       1.38308258
   63   2   1       2.49031235
   63   3   2       0.14442273
   64   1   0       1.36285377
   64   2   1       2.48043335
   64   3   2       0.15985016

Orbital populations (up)
 Atom Sh.   l   m       Population  Label
    1   1   0   0       1.34081116  s
    1   2   1  -1       0.83550554  p_y
    1   2   1   0       0.83370940  p_z
    1   2   1   1       0.82277318  p_x
    1   3   2  -2       0.04566025  d_xy
    1   3   2  -1       0.03624699  d_yz
    1   3   2   0       0.02173827  d_z2
    1   3   2   1       0.04142008  d_xz
    1   3   2   2       0.02122857  d_x2-y2
    2   1   0   0       1.40849905  s
    2   2   1  -1       0.83171183  p_y
    2   2   1   0       0.82029757  p_z
    2   2   1   1       0.82985307  p_x
    2   3   2  -2       0.03251918  d_xy
    2   3   2  -1       0.03531064  d_yz
    2   3   2   0       0.01655223  d_z2
    2   3   2   1       0.03658190  d_xz
    2   3   2   2       0.01479663  d_x2-y2
    3   1   0   0       1.34045110  s
    3   2   1  -1       0.82416362  p_y
    3   2   1   0       0.82297585  p_z
    3   2   1   1       0.82301483  p_x
    3   3   2  -2       0.04104910  d_xy
    3   3   2  -1       0.04304199  d_yz
    3   3   2   0       0.02295785  d_z2
    3   3   2   1       0.04287124  d_xz
    3   3   2   2       0.02215964  d_x2-y2
    4   1   0   0       1.36662933  s
    4   2   1  -1       0.83390581  p_y
    4   2   1   0       0.82686956  p_z
    4   2   1   1       0.82921147  p_x
    4   3   2  -2       0.03856731  d_xy
    4   3   2  -1       0.03770615  d_yz
    4   3   2   0       0.01838797  d_z2
    4   3   2   1       0.03911054  d_xz
    4   3   2   2       0.01860047  d_x2-y2
    5   1   0   0       1.39623990  s
    5   2   1  -1       0.82526588  p_y
    5   2   1   0       0.82732306  p_z
    5   2   1   1       0.82942365  p_x
    5   3   2  -2       0.03568937  d_xy
    5   3   2  -1       0.03873402  d_yz
    5   3   2   0       0.01662014  d_z2
    5   3   2   1       0.03482189  d_xz
    5   3   2   2       0.01653584  d_x2-y2
    6   1   0   0       1.33155604  s
    6   2   1  -1       0.83186678  p_y
    6   2   1   0       0.82243090  p_z
    6   2   1   1       0.82253644  p_x
    6   3   2  -2       0.03940905  d_xy
    6   3   2  -1       0.04118051  d_yz
    6   3   2   0       0.02386942  d_z2
    6   3   2   1       0.04786190  d_xz
    6   3   2   2       0.02246197  d_x2-y2
    7   1   0   0       1.36377022  s
    7   2   1  -1       0.82885103  p_y
    7   2   1   0       0.83066818  p_z
    7   2   1   1       0.83020196  p_x
    7   3   2  -2       0.04217794  d_xy
    7   3   2  -1       0.03574156  d_yz
    7   3   2   0       0.01715232  d_z2
    7   3   2   1       0.03648467  d_xz
    7   3   2   2       0.01896302  d_x2-y2
    8   1   0   0       1.33451323  s
    8   2   1  -1       0.82699255  p_y
    8   2   1   0       0.82526959  p_z
    8   2   1   1       0.82674211  p_x
    8   3   2  -2       0.04155509  d_xy
    8   3   2  -1       0.04175974  d_yz
    8   3   2   0       0.02294377  d_z2
    8   3   2   1       0.04127026  d_xz
    8   3   2   2       0.02084979  d_x2-y2
    9   1   0   0       1.39720316  s
    9   2   1  -1       0.82730247  p_y
    9   2   1   0       0.82874527  p_z
    9   2   1   1       0.82716960  p_x
    9   3   2  -2       0.03428427  d_xy
    9   3   2  -1       0.03680646  d_yz
    9   3   2   0       0.01619467  d_z2
    9   3   2   1       0.03608871  d_xz
    9   3   2   2       0.01644612  d_x2-y2
   10   1   0   0       1.34045143  s
   10   2   1  -1       0.83398159  p_y
   10   2   1   0       0.82966180  p_z
   10   2   1   1       0.83091039  p_x
   10   3   2  -2       0.03829121  d_xy
   10   3   2  -1       0.03968599  d_yz
   10   3   2   0       0.01956879  d_z2
   10   3   2   1       0.04066923  d_xz
   10   3   2   2       0.02022196  d_x2-y2
   11   1   0   0       1.37538695  s
   11   2   1  -1       0.83503849  p_y
   11   2   1   0       0.83765299  p_z
   11   2   1   1       0.83072938  p_x
   11   3   2  -2       0.03434967  d_xy
   11   3   2  -1       0.03267103  d_yz
   11   3   2   0       0.01429427  d_z2
   11   3   2   1       0.03488959  d_xz
   11   3   2   2       0.01583759  d_x2-y2
   12   1   0   0       1.35810781  s
   12   2   1  -1       0.82799946  p_y
   12   2   1   0       0.82461508  p_z
   12   2   1   1       0.82982396  p_x
   12   3   2  -2       0.03626815  d_xy
   12   3   2  -1       0.04367842  d_yz
   12   3   2   0       0.02013702  d_z2
   12   3   2   1       0.04007262  d_xz
   12   3   2   2       0.01945193  d_x2-y2
   13   1   0   0       1.33372797  s
   13   2   1  -1       0.83061814  p_y
   13   2   1   0       0.82612847  p_z
   13   2   1   1       0.82943503  p_x
   13   3   2  -2       0.03766120  d_xy
   13   3   2  -1       0.04279741  d_yz
   13   3   2   0       0.02099986  d_z2
   13   3   2   1       0.04381170  d_xz
   13   3   2   2       0.02187191  d_x2-y2
   14   1   0   0       1.36470394  s
   14   2   1  -1       0.82347043  p_y
   14   2   1   0       0.83079433  p_z
   14   2   1   1       0.83021508  p_x
   14   3   2  -2       0.04209454  d_xy
   14   3   2  -1       0.03845618  d_yz
   14   3   2   0       0.01939545  d_z2
   14   3   2   1       0.03548855  d_xz
   14   3   2   2       0.01763847  d_x2-y2
   15   1   0   0       1.33729210  s
   15   2   1  -1       0.83268880  p_y
   15   2   1   0       0.82263505  p_z
   15   2   1   1       0.82408091  p_x
   15   3   2  -2       0.03982818  d_xy
   15   3   2  -1       0.03951982  d_yz
   15   3   2   0       0.02295324  d_z2
   15   3   2   1       0.04911621  d_xz
   15   3   2   2       0.02158707  d_x2-y2
   16   1   0   0       1.35636427  s
   16   2   1  -1       0.82245723  p_y
   16   2   1   0       0.82654815  p_z
   16   2   1   1       0.82349636  p_x
   16   3   2  -2       0.04169145  d_xy
   16   3   2  -1       0.03900714  d_yz
   16   3   2   0       0.02041906  d_z2
   16   3   2   1       0.03876698  d_xz
   16   3   2   2       0.01905077  d_x2-y2
   17   1   0   0       1.34844158  s
   17   2   1  -1       0.82957825  p_y
   17   2   1   0       0.83128098  p_z
   17   2   1   1       0.83016518  p_x
   17   3   2  -2       0.03695634  d_xy
   17   3   2  -1       0.03987524  d_yz
   17   3   2   0       0.01854939  d_z2
   17   3   2   1       0.03825593  d_xz
   17   3   2   2       0.02098110  d_x2-y2
   18   1   0   0       1.36386625  s
   18   2   1  -1       0.82600877  p_y
   18   2   1   0       0.83006192  p_z
   18   2   1   1       0.83114370  p_x
   18   3   2  -2       0.03633241  d_xy
   18   3   2  -1       0.03693054  d_yz
   18   3   2   0       0.01841784  d_z2
   18   3   2   1       0.03856306  d_xz
   18   3   2   2       0.01757010  d_x2-y2
   19   1   0   0       1.34701036  s
   19   2   1  -1       0.82832221  p_y
   19   2   1   0       0.82988193  p_z
   19   2   1   1       0.82828187  p_x
   19   3   2  -2       0.04129145  d_xy
   19   3   2  -1       0.04288151  d_yz
   19   3   2   0       0.02131632  d_z2
   19   3   2   1       0.03839102  d_xz
   19   3   2   2       0.02008334  d_x2-y2
   20   1   0   0       1.33977556  s
   20   2   1  -1       0.82436399  p_y
   20   2   1   0       0.83039254  p_z
   20   2   1   1       0.82929462  p_x
   20   3   2  -2       0.04062273  d_xy
   20   3   2  -1       0.04477583  d_yz
   20   3   2   0       0.02030383  d_z2
   20   3   2   1       0.03905446  d_xz
   20   3   2   2       0.02239035  d_x2-y2
   21   1   0   0       1.33565724  s
   21   2   1  -1       0.82883519  p_y
   21   2   1   0       0.82871655  p_z
   21   2   1   1       0.82448977  p_x
   21   3   2  -2       0.04412025  d_xy
   21   3   2  -1       0.04085040  d_yz
   21   3   2   0       0.02280398  d_z2
   21   3   2   1       0.04141107  d_xz
   21   3   2   2       0.02171279  d_x2-y2
   22   1   0   0       1.34991637  s
   22   2   1  -1       0.83164665  p_y
   22   2   1   0       0.83175430  p_z
   22   2   1   1       0.83283175  p_x
   22   3   2  -2       0.03994039  d_xy
   22   3   2  -1       0.04207776  d_yz
   22   3   2   0       0.02038637  d_z2
   22   3   2   1       0.04053928  d_xz
   22   3   2   2       0.02052667  d_x2-y2
   23   1   0   0       1.34508762  s
   23   2   1  -1       0.82777636  p_y
   23   2   1   0       0.83110840  p_z
   23   2   1   1       0.82376941  p_x
   23   3   2  -2       0.04026630  d_xy
   23   3   2  -1       0.03944131  d_yz
   23   3   2   0       0.01921380  d_z2
   23   3   2   1       0.04025408  d_xz
   23   3   2   2       0.02114013  d_x2-y2
   24   1   0   0       1.35305954  s
   24   2   1  -1       0.82553559  p_y
   24   2   1   0       0.82968627  p_z
   24   2   1   1       0.83652685  p_x
   24   3   2  -2       0.03975419  d_xy
   24   3   2  -1       0.04313643  d_yz
   24   3   2   0       0.02124251  d_z2
   24   3   2   1       0.03591285  d_xz
   24   3   2   2       0.01928674  d_x2-y2
   25   1   0   0       1.37661913  s
   25   2   1  -1       0.82684743  p_y
   25   2   1   0       0.82617551  p_z
   25   2   1   1       0.82400427  p_x
   25   3   2  -2       0.03701735  d_xy
   25   3   2  -1       0.03895872  d_yz
   25   3   2   0       0.01799773  d_z2
   25   3   2   1       0.04007359  d_xz
   25   3   2   2       0.01958771  d_x2-y2
   26   1   0   0       1.35826162  s
   26   2   1  -1       0.82136947  p_y
   26   2   1   0       0.83099716  p_z
   26   2   1   1       0.82775886  p_x
   26   3   2  -2       0.04287385  d_xy
   26   3   2  -1       0.04155500  d_yz
   26   3   2   0       0.02007703  d_z2
   26   3   2   1       0.03544538  d_xz
   26   3   2   2       0.02023696  d_x2-y2
   27   1   0   0       1.36554686  s
   27   2   1  -1       0.82657759  p_y
   27   2   1   0       0.82490650  p_z
   27   2   1   1       0.83290751  p_x
   27   3   2  -2       0.04014457  d_xy
   27   3   2  -1       0.03691000  d_yz
   27   3   2   0       0.02061625  d_z2
   27   3   2   1       0.04063526  d_xz
   27   3   2   2       0.01830847  d_x2-y2
   28   1   0   0       1.36703638  s
   28   2   1  -1       0.82604162  p_y
   28   2   1   0       0.82501827  p_z
   28   2   1   1       0.82403649  p_x
   28   3   2  -2       0.04292559  d_xy
   28   3   2  -1       0.03701251  d_yz
   28   3   2   0       0.02082326  d_z2
   28   3   2   1       0.03988108  d_xz
   28   3   2   2       0.01870049  d_x2-y2
   29   1   0   0       1.35105786  s
   29   2   1  -1       0.82156447  p_y
   29   2   1   0       0.83017342  p_z
   29   2   1   1       0.82324466  p_x
   29   3   2  -2       0.04520530  d_xy
   29   3   2  -1       0.03573829  d_yz
   29   3   2   0       0.02041175  d_z2
   29   3   2   1       0.04317128  d_xz
   29   3   2   2       0.02257879  d_x2-y2
   30   1   0   0       1.38688003  s
   30   2   1  -1       0.83054240  p_y
   30   2   1   0       0.82802437  p_z
   30   2   1   1       0.82800365  p_x
   30   3   2  -2       0.03487281  d_xy
   30   3   2  -1       0.03930891  d_yz
   30   3   2   0       0.01756407  d_z2
   30   3   2   1       0.03966291  d_xz
   30   3   2   2       0.01882607  d_x2-y2
   31   1   0   0       1.36266442  s
   31   2   1  -1       0.82547508  p_y
   31   2   1   0       0.83195024  p_z
   31   2   1   1       0.82369965  p_x
   31   3   2  -2       0.04100911  d_xy
   31   3   2  -1       0.03961003  d_yz
   31   3   2   0       0.01845980  d_z2
   31   3   2   1       0.03686288  d_xz
   31   3   2   2       0.01994056  d_x2-y2
   32   1   0   0       1.38820753  s
   32   2   1  -1       0.82740974  p_y
   32   2   1   0       0.83390158  p_z
   32   2   1   1       0.82979051  p_x
   32   3   2  -2       0.03835435  d_xy
   32   3   2  -1       0.03400003  d_yz
   32   3   2   0       0.01613757  d_z2
   32   3   2   1       0.03738744  d_xz
   32   3   2   2       0.01752012  d_x2-y2
   33   1   0   0       1.35424486  s
   33   2   1  -1       0.82824526  p_y
   33   2   1   0       0.83190275  p_z
   33   2   1   1       0.82630517  p_x
   33   3   2  -2       0.03744397  d_xy
   33   3   2  -1       0.03558022  d_yz
   33   3   2   0       0.01692878  d_z2
   33   3   2   1       0.04427296  d_xz
   33   3   2   2       0.02082440  d_x2-y2
   34   1   0   0       1.35697554  s
   34   2   1  -1       0.81856009  p_y
   34   2   1   0       0.81200912  p_z
   34   2   1   1       0.82112248  p_x
   34   3   2  -2       0.04421585  d_xy
   34   3   2  -1       0.04215087  d_yz
   34   3   2   0       0.02306274  d_z2
   34   3   2   1       0.03770883  d_xz
   34   3   2   2       0.02157967  d_x2-y2
   35   1   0   0       1.37411483  s
   35   2   1  -1       0.81803649  p_y
   35   2   1   0       0.83097791  p_z
   35   2   1   1       0.82951691  p_x
   35   3   2  -2       0.03684681  d_xy
   35   3   2  -1       0.04042856  d_yz
   35   3   2   0       0.01748972  d_z2
   35   3   2   1       0.03770937  d_xz
   35   3   2   2       0.01933982  d_x2-y2
   36   1   0   0       1.37147922  s
   36   2   1  -1       0.83024244  p_y
   36   2   1   0       0.83301766  p_z
   36   2   1   1       0.82511204  p_x
   36   3   2  -2       0.04342019  d_xy
   36   3   2  -1       0.03409732  d_yz
   36   3   2   0       0.01772453  d_z2
   36   3   2   1       0.03432820  d_xz
   36   3   2   2       0.01755261  d_x2-y2
   37   1   0   0       1.36525091  s
   37   2   1  -1       0.82405599  p_y
   37   2   1   0       0.82153983  p_z
   37   2   1   1       0.82719617  p_x
   37   3   2  -2       0.03634428  d_xy
   37   3   2  -1       0.04064796  d_yz
   37   3   2   0       0.01943521  d_z2
   37   3   2   1       0.03926409  d_xz
   37   3   2   2       0.01887774  d_x2-y2
   38   1   0   0       1.35522034  s
   38   2   1  -1       0.82222770  p_y
   38   2   1   0       0.82249723  p_z
   38   2   1   1       0.82240209  p_x
   38   3   2  -2       0.04169852  d_xy
   38   3   2  -1       0.04076102  d_yz
   38   3   2   0       0.02126319  d_z2
   38   3   2   1       0.04468900  d_xz
   38   3   2   2       0.02302027  d_x2-y2
   39   1   0   0       1.35843278  s
   39   2   1  -1       0.82650774  p_y
   39   2   1   0       0.82969730  p_z
   39   2   1   1       0.82672404  p_x
   39   3   2  -2       0.03947642  d_xy
   39   3   2  -1       0.03620773  d_yz
   39   3   2   0       0.01822213  d_z2
   39   3   2   1       0.03845748  d_xz
   39   3   2   2       0.01918488  d_x2-y2
   40   1   0   0       1.36222389  s
   40   2   1  -1       0.82373146  p_y
   40   2   1   0       0.83176715  p_z
   40   2   1   1       0.83365985  p_x
   40   3   2  -2       0.04204864  d_xy
   40   3   2  -1       0.03969377  d_yz
   40   3   2   0       0.01894435  d_z2
   40   3   2   1       0.03596716  d_xz
   40   3   2   2       0.01909213  d_x2-y2
   41   1   0   0       1.39040104  s
   41   2   1  -1       0.82422037  p_y
   41   2   1   0       0.83378345  p_z
   41   2   1   1       0.83178771  p_x
   41   3   2  -2       0.04095609  d_xy
   41   3   2  -1       0.04213195  d_yz
   41   3   2   0       0.01721811  d_z2
   41   3   2   1       0.02918534  d_xz
   41   3   2   2       0.01732672  d_x2-y2
   42   1   0   0       1.35089597  s
   42   2   1  -1       0.82897203  p_y
   42   2   1   0       0.82560909  p_z
   42   2   1   1       0.82760003  p_x
   42   3   2  -2       0.03635264  d_xy
   42   3   2  -1       0.04128623  d_yz
   42   3   2   0       0.01925761  d_z2
   42   3   2   1       0.04004432  d_xz
   42   3   2   2       0.01948861  d_x2-y2
   43   1   0   0       1.32748352  s
   43   2   1  -1       0.82841387  p_y
   43   2   1   0       0.83026464  p_z
   43   2   1   1       0.83161691  p_x
   43   3   2  -2       0.04792055  d_xy
   43   3   2  -1       0.03998193  d_yz
   43   3   2   0       0.02526285  d_z2
   43   3   2   1       0.04060522  d_xz
   43   3   2   2       0.02153516  d_x2-y2
   44   1   0   0       1.32504661  s
   44   2   1  -1       0.82979246  p_y
   44   2   1   0       0.82354462  p_z
   44   2   1   1       0.82636287  p_x
   44   3   2  -2       0.03787861  d_xy
   44   3   2  -1       0.04328533  d_yz
   44   3   2   0       0.02236154  d_z2
   44   3   2   1       0.04859239  d_xz
   44   3   2   2       0.02388686  d_x2-y2
   45   1   0   0       1.34513759  s
   45   2   1  -1       0.82706632  p_y
   45   2   1   0       0.82741096  p_z
   45   2   1   1       0.82922745  p_x
   45   3   2  -2       0.04076907  d_xy
   45   3   2  -1       0.04223947  d_yz
   45   3   2   0       0.02138350  d_z2
   45   3   2   1       0.03920881  d_xz
   45   3   2   2       0.01979679  d_x2-y2
   46   1   0   0       1.34800821  s
   46   2   1  -1       0.83185314  p_y
   46   2   1   0       0.83468082  p_z
   46   2   1   1       0.82468616  p_x
   46   3   2  -2       0.04131286  d_xy
   46   3   2  -1       0.03911411  d_yz
   46   3   2   0       0.01886170  d_z2
   46   3   2   1       0.03769520  d_xz
   46   3   2   2       0.02022254  d_x2-y2
   47   1   0   0       1.34109728  s
   47   2   1  -1       0.82539759  p_y
   47   2   1   0       0.82634678  p_z
   47   2   1   1       0.82735343  p_x
   47   3   2  -2       0.03847495  d_xy
   47   3   2  -1       0.04137498  d_yz
   47   3   2   0       0.01979576  d_z2
   47   3   2   1       0.04183536  d_xz
   47   3   2   2       0.02134265  d_x2-y2
   48   1   0   0       1.36476140  s
   48   2   1  -1       0.83036745  p_y
   48   2   1   0       0.83120517  p_z
   48   2   1   1       0.82519863  p_x
   48   3   2  -2       0.03787133  d_xy
   48   3   2  -1       0.03572879  d_yz
   48   3   2   0       0.01805731  d_z2
   48   3   2   1       0.03941906  d_xz
   48   3   2   2       0.01800253  d_x2-y2
   49   1   0   0       1.35669584  s
   49   2   1  -1       0.83029037  p_y
   49   2   1   0       0.82961297  p_z
   49   2   1   1       0.82983557  p_x
   49   3   2  -2       0.04090779  d_xy
   49   3   2  -1       0.03658645  d_yz
   49   3   2   0       0.02011907  d_z2
   49   3   2   1       0.03576083  d_xz
   49   3   2   2       0.01721471  d_x2-y2
   50   1   0   0       1.35163810  s
   50   2   1  -1       0.82894651  p_y
   50   2   1   0       0.83119988  p_z
   50   2   1   1       0.82335691  p_x
   50   3   2  -2       0.04218787  d_xy
   50   3   2  -1       0.04122298  d_yz
   50   3   2   0       0.02159496  d_z2
   50   3   2   1       0.04365170  d_xz
   50   3   2   2       0.02240414  d_x2-y2
   51   1   0   0       1.34356025  s
   51   2   1  -1       0.83151084  p_y
   51   2   1   0       0.81997210  p_z
   51   2   1   1       0.82613783  p_x
   51   3   2  -2       0.03642121  d_xy
   51   3   2  -1       0.04333488  d_yz
   51   3   2   0       0.02160384  d_z2
   51   3   2   1       0.04315191  d_xz
   51   3   2   2       0.02002548  d_x2-y2
   52   1   0   0       1.35362633  s
   52   2   1  -1       0.82997392  p_y
   52   2   1   0       0.82634571  p_z
   52   2   1   1       0.82626151  p_x
   52   3   2  -2       0.03993595  d_xy
   52   3   2  -1       0.03880458  d_yz
   52   3   2   0       0.01994831  d_z2
   52   3   2   1       0.04139989  d_xz
   52   3   2   2       0.02049192  d_x2-y2
   53   1   0   0       1.34117413  s
   53   2   1  -1       0.82881638  p_y
   53   2   1   0       0.82925534  p_z
   53   2   1   1       0.83305872  p_x
   53   3   2  -2       0.03890203  d_xy
   53   3   2  -1       0.04304491  d_yz
   53   3   2   0       0.02058463  d_z2
   53   3   2   1       0.04086223  d_xz
   53   3   2   2       0.02253455  d_x2-y2
   54   1   0   0       1.37260815  s
   54   2   1  -1       0.83420715  p_y
   54   2   1   0       0.82735015  p_z
   54   2   1   1       0.83152485  p_x
   54   3   2  -2       0.03196458  d_xy
   54   3   2  -1       0.03679177  d_yz
   54   3   2   0       0.01692292  d_z2
   54   3   2   1       0.03900057  d_xz
   54   3   2   2       0.01648831  d_x2-y2
   55   1   0   0       1.35884465  s
   55   2   1  -1       0.83001244  p_y
   55   2   1   0       0.83237636  p_z
   55   2   1   1       0.82932125  p_x
   55   3   2  -2       0.03912124  d_xy
   55   3   2  -1       0.03636637  d_yz
   55   3   2   0       0.01776733  d_z2
   55   3   2   1       0.03937675  d_xz
   55   3   2   2       0.01970535  d_x2-y2
   56   1   0   0       1.35992811  s
   56   2   1  -1       0.83233113  p_y
   56   2   1   0       0.83072893  p_z
   56   2   1   1       0.83141133  p_x
   56   3   2  -2       0.03801620  d_xy
   56   3   2  -1       0.03776089  d_yz
   56   3   2   0       0.01872966  d_z2
   56   3   2   1       0.03603424  d_xz
   56   3   2   2       0.01688820  d_x2-y2
   57   1   0   0       1.37275108  s
   57   2   1  -1       0.82724801  p_y
   57   2   1   0       0.82080522  p_z
   57   2   1   1       0.82965040  p_x
   57   3   2  -2       0.03829935  d_xy
   57   3   2  -1       0.03939126  d_yz
   57   3   2   0       0.01952983  d_z2
   57   3   2   1       0.03911844  d_xz
   57   3   2   2       0.01732006  d_x2-y2
   58   1   0   0       1.34915831  s
   58   2   1  -1       0.82815797  p_y
   58   2   1   0       0.82907879  p_z
   58   2   1   1       0.82824322  p_x
   58   3   2  -2       0.04033471  d_xy
   58   3   2  -1       0.04048646  d_yz
   58   3   2   0       0.02102773  d_z2
   58   3   2   1       0.03854774  d_xz
   58   3   2   2       0.01916360  d_x2-y2
   59   1   0   0       1.34587514  s
   59   2   1  -1       0.82742568  p_y
   59   2   1   0       0.82262087  p_z
   59   2   1   1       0.82720166  p_x
   59   3   2  -2       0.03749014  d_xy
   59   3   2  -1       0.04467883  d_yz
   59   3   2   0       0.02173774  d_z2
   59   3   2   1       0.04238251  d_xz
   59   3   2   2       0.02121258  d_x2-y2
   60   1   0   0       1.37509043  s
   60   2   1  -1       0.82878983  p_y
   60   2   1   0       0.83355920  p_z
   60   2   1   1       0.82203371  p_x
   60   3   2  -2       0.03964243  d_xy
   60   3   2  -1       0.03637616  d_yz
   60   3   2   0       0.01613547  d_z2
   60   3   2   1       0.03722327  d_xz
   60   3   2   2       0.01943821  d_x2-y2
   61   1   0   0       1.37178666  s
   61   2   1  -1       0.83245860  p_y
   61   2   1   0       0.82649213  p_z
   61   2   1   1       0.83070661  p_x
   61   3   2  -2       0.03590783  d_xy
   61   3   2  -1       0.03915038  d_yz
   61   3   2   0       0.01860677  d_z2
   61   3   2   1       0.04082705  d_xz
   61   3   2   2       0.01789811  d_x2-y2
   62   1   0   0       1.38498217  s
   62   2   1  -1       0.83218712  p_y
   62   2   1   0       0.82598100  p_z
   62   2   1   1       0.82429691  p_x
   62   3   2  -2       0.03726934  d_xy
   62   3   2  -1       0.03635744  d_yz
   62   3   2   0       0.01866611  d_z2
   62   3   2   1       0.03828470  d_xz
   62   3   2   2       0.01771114  d_x2-y2
   63   1   0   0       1.38308258  s
   63   2   1  -1       0.82996061  p_y
   63   2   1   0       0.83028890  p_z
   63   2   1   1       0.83006283  p_x
   63   3   2  -2       0.03775111  d_xy
   63   3   2  -1       0.03700555  d_yz
   63   3   2   0       0.01622836  d_z2
   63   3   2   1       0.03584668  d_xz
   63   3   2   2       0.01759103  d_x2-y2
   64   1   0   0       1.36285377  s
   64   2   1  -1       0.83031079  p_y
   64   2   1   0       0.82323110  p_z
   64   2   1   1       0.82689146  p_x
   64   3   2  -2       0.03900135  d_xy
   64   3   2  -1       0.03781886  d_yz
   64   3   2   0       0.01988043  d_z2
   64   3   2   1       0.04362309  d_xz
   64   3   2   2       0.01952643  d_x2-y2

Fermi level:                        -0.1337148987 H           -3.6386 eV
Band energy:                       -88.1750698406 H        -2399.3657 eV
TS:                                  0.0000000000 H            0.0000 eV
Band free energy (E-TS):           -88.1750698406 H        -2399.3657 eV
Extrapolated E(0K):                -88.1750698406 H        -2399.3657 eV
Input / Output electrons (q):    256.0000000000    256.0000000000

Energy H0:                         -88.1600519399 H        -2398.9571 eV
Energy SCC:                          0.0004909400 H            0.0134 eV
Total Electronic energy:           -88.1595609998 H        -2398.9437 eV
Repulsive energy:                    0.0000000000 H            0.0000 eV
Total energy:                      -88.1595609998 H        -2398.9437 eV
Extrapolated to 0:                 -88.1595609998 H        -2398.9437 eV
Total Mermin free energy:          -88.1595609998 H        -2398.9437 eV
Force related energy:              -88.1595609998 H        -2398.9437 eV

Non-constrained calculation

SCC converged

Warning: dipole moment is not defined absolutely!
Dipole moment:   -0.48302986    0.03259765    0.10279579 au
Dipole moment:   -1.22773954    0.08285496    0.26128085 Debye


