 Fermi distribution function

Calculation with static geometry


********************************************************************************
 iSCC Total electronic   Diff electronic      SCC error    
    9   -0.88118070E+02   -0.14258177E-08    0.87874782E-05
********************************************************************************

 Total charge:    -0.00000000

 Atomic gross charges (e)
 Atom           Charge
    1      -0.00336867
    2       0.01069759
    3      -0.00880405
    4       0.00223229
    5       0.00368643
    6       0.00187423
    7      -0.00954209
    8      -0.02373000
    9       0.02012234
   10      -0.03127405
   11       0.00332048
   12      -0.00227587
   13      -0.00934873
   14      -0.02077045
   15      -0.02339984
   16       0.01219526
   17      -0.00020642
   18       0.00298495
   19       0.01723636
   20       0.00227772
   21       0.00480947
   22      -0.01271900
   23       0.01116733
   24      -0.00979914
   25       0.01503845
   26       0.01826425
   27       0.01088716
   28       0.00484342
   29       0.01081349
   30       0.01859482
   31       0.00759254
   32      -0.00246867
   33      -0.02590076
   34       0.00460369
   35      -0.01855100
   36       0.01930135
   37      -0.00150024
   38       0.01871769
   39      -0.01136456
   40      -0.00945734
   41       0.00939542
   42      -0.01516278
   43      -0.02267034
   44      -0.01581436
   45      -0.00597150
   46      -0.01304650
   47       0.00520389
   48      -0.02495157
   49       0.02643358
   50      -0.00257840
   51       0.00044441
   52      -0.03518000
   53      -0.00485334
   54       0.01499680
   55       0.00141580
   56       0.00637714
   57       0.02101419
   58      -0.00359467
   59       0.01085413
   60       0.01460046
   61      -0.00299302
   62       0.01369989
   63       0.02372294
   64       0.00187739

Nr. of electrons (up):    256.00000000
Atom populations (up)
 Atom       Population
    1       4.00336867
    2       3.98930241
    3       4.00880405
    4       3.99776771
    5       3.99631357
    6       3.99812577
    7       4.00954209
    8       4.02373000
    9       3.97987766
   10       4.03127405
   11       3.99667952
   12       4.00227587
   13       4.00934873
   14       4.02077045
   15       4.02339984
   16       3.98780474
   17       4.00020642
   18       3.99701505
   19       3.98276364
   20       3.99772228
   21       3.99519053
   22       4.01271900
   23       3.98883267
   24       4.00979914
   25       3.98496155
   26       3.98173575
   27       3.98911284
   28       3.99515658
   29       3.98918651
   30       3.98140518
   31       3.99240746
   32       4.00246867
   33       4.02590076
   34       3.99539631
   35       4.01855100
   36       3.98069865
   37       4.00150024
   38       3.98128231
   39       4.01136456
   40       4.00945734
   41       3.99060458
   42       4.01516278
   43       4.02267034
   44       4.01581436
   45       4.00597150
   46       4.01304650
   47       3.99479611
   48       4.02495157
   49       3.97356642
   50       4.00257840
   51       3.99955559
   52       4.03518000
   53       4.00485334
   54       3.98500320
   55       3.99858420
   56       3.99362286
   57       3.97898581
   58       4.00359467
   59       3.98914587
   60       3.98539954
   61       4.00299302
   62       3.98630011
   63       3.97627706
   64       3.99812261

l-shell populations (up)
 Atom Sh.   l       Population
    1   1   0       1.36023060
    1   2   1       2.48866518
    1   3   2       0.15447290
    2   1   0       1.32669973
    2   2   1       2.48184988
    2   3   2       0.18075280
    3   1   0       1.37579270
    3   2   1       2.48131215
    3   3   2       0.15169920
    4   1   0       1.35546566
    4   2   1       2.47696804
    4   3   2       0.16533401
    5   1   0       1.33656663
    5   2   1       2.49696317
    5   3   2       0.16278376
    6   1   0       1.34935149
    6   2   1       2.48776663
    6   3   2       0.16100765
    7   1   0       1.37113614
    7   2   1       2.47741147
    7   3   2       0.16099448
    8   1   0       1.39589161
    8   2   1       2.48694289
    8   3   2       0.14089550
    9   1   0       1.34084930
    9   2   1       2.47595240
    9   3   2       0.16307597
   10   1   0       1.40128977
   10   2   1       2.48069904
   10   3   2       0.14928523
   11   1   0       1.35856600
   11   2   1       2.47425646
   11   3   2       0.16385706
   12   1   0       1.35967775
   12   2   1       2.48351564
   12   3   2       0.15908249
   13   1   0       1.37351235
   13   2   1       2.47810342
   13   3   2       0.15773296
   14   1   0       1.38326661
   14   2   1       2.49661810
   14   3   2       0.14088574
   15   1   0       1.38416095
   15   2   1       2.49716225
   15   3   2       0.14207665
   16   1   0       1.32742006
   16   2   1       2.48870004
   16   3   2       0.17168464
   17   1   0       1.36790506
   17   2   1       2.47586511
   17   3   2       0.15643624
   18   1   0       1.36743067
   18   2   1       2.47210777
   18   3   2       0.15747661
   19   1   0       1.33484112
   19   2   1       2.47205023
   19   3   2       0.17587228
   20   1   0       1.37247660
   20   2   1       2.46786100
   20   3   2       0.15738469
   21   1   0       1.36341468
   21   2   1       2.48140034
   21   3   2       0.15037551
   22   1   0       1.38566290
   22   2   1       2.47533640
   22   3   2       0.15171970
   23   1   0       1.36086844
   23   2   1       2.47009778
   23   3   2       0.15786645
   24   1   0       1.38008765
   24   2   1       2.47874840
   24   3   2       0.15096308
   25   1   0       1.34788612
   25   2   1       2.46906713
   25   3   2       0.16800830
   26   1   0       1.34344134
   26   2   1       2.47700247
   26   3   2       0.16129195
   27   1   0       1.34959576
   27   2   1       2.48167038
   27   3   2       0.15784670
   28   1   0       1.34349173
   28   2   1       2.49170799
   28   3   2       0.15995687
   29   1   0       1.35477683
   29   2   1       2.47899174
   29   3   2       0.15541794
   30   1   0       1.32653561
   30   2   1       2.48679900
   30   3   2       0.16807057
   31   1   0       1.35369173
   31   2   1       2.48733549
   31   3   2       0.15138023
   32   1   0       1.36474699
   32   2   1       2.48696926
   32   3   2       0.15075243
   33   1   0       1.38949426
   33   2   1       2.49659426
   33   3   2       0.13981223
   34   1   0       1.36134834
   34   2   1       2.48195682
   34   3   2       0.15209115
   35   1   0       1.38706504
   35   2   1       2.48793738
   35   3   2       0.14354858
   36   1   0       1.32262101
   36   2   1       2.48219520
   36   3   2       0.17588244
   37   1   0       1.35089316
   37   2   1       2.48780633
   37   3   2       0.16280075
   38   1   0       1.32439837
   38   2   1       2.48591723
   38   3   2       0.17096672
   39   1   0       1.37950904
   39   2   1       2.47892212
   39   3   2       0.15293340
   40   1   0       1.37145488
   40   2   1       2.48576761
   40   3   2       0.15223485
   41   1   0       1.33037569
   41   2   1       2.49309165
   41   3   2       0.16713724
   42   1   0       1.39293062
   42   2   1       2.47726404
   42   3   2       0.14496812
   43   1   0       1.39417092
   43   2   1       2.48232312
   43   3   2       0.14617631
   44   1   0       1.38086810
   44   2   1       2.48352153
   44   3   2       0.15142472
   45   1   0       1.35587788
   45   2   1       2.49712302
   45   3   2       0.15297059
   46   1   0       1.37080848
   46   2   1       2.47745277
   46   3   2       0.16478525
   47   1   0       1.34467649
   47   2   1       2.47625046
   47   3   2       0.17386916
   48   1   0       1.39080321
   48   2   1       2.48986938
   48   3   2       0.14427898
   49   1   0       1.33273963
   49   2   1       2.46429581
   49   3   2       0.17653097
   50   1   0       1.35343374
   50   2   1       2.49904442
   50   3   2       0.15010024
   51   1   0       1.36543138
   51   2   1       2.48073983
   51   3   2       0.15338438
   52   1   0       1.39834901
   52   2   1       2.50331974
   52   3   2       0.13351125
   53   1   0       1.37709119
   53   2   1       2.47694128
   53   3   2       0.15082087
   54   1   0       1.34739242
   54   2   1       2.46527797
   54   3   2       0.17233282
   55   1   0       1.36425839
   55   2   1       2.47725669
   55   3   2       0.15706912
   56   1   0       1.35863764
   56   2   1       2.46395806
   56   3   2       0.17102716
   57   1   0       1.32736997
   57   2   1       2.48103790
   57   3   2       0.17057794
   58   1   0       1.37727518
   58   2   1       2.47070683
   58   3   2       0.15561266
   59   1   0       1.35618936
   59   2   1       2.47744312
   59   3   2       0.15551338
   60   1   0       1.34718397
   60   2   1       2.46732713
   60   3   2       0.17088844
   61   1   0       1.36385093
   61   2   1       2.48099873
   61   3   2       0.15814336
   62   1   0       1.33847922
   62   2   1       2.48351415
   62   3   2       0.16430674
   63   1   0       1.31686145
   63   2   1       2.47922876
   63   3   2       0.18018686
   64   1   0       1.35162962
   64   2   1       2.48988529
   64   3   2       0.15660770

Orbital populations (up)
 Atom Sh.   l   m       Population  Label
    1   1   0   0       1.36023060  s
    1   2   1  -1       0.83267574  p_y
    1   2   1   0       0.82558802  p_z
    1   2   1   1       0.83040142  p_x
    1   3   2  -2       0.03747428  d_xy
    1   3   2  -1       0.04140830  d_yz
    1   3   2   0       0.02073473  d_z2
    1   3   2   1       0.03731468  d_xz
    1   3   2   2       0.01754090  d_x2-y2
    2   1   0   0       1.32669973  s
    2   2   1  -1       0.82719717  p_y
    2   2   1   0       0.82702058  p_z
    2   2   1   1       0.82763212  p_x
    2   3   2  -2       0.04744332  d_xy
    2   3   2  -1       0.04131796  d_yz
    2   3   2   0       0.02556646  d_z2
    2   3   2   1       0.04300271  d_xz
    2   3   2   2       0.02342235  d_x2-y2
    3   1   0   0       1.37579270  s
    3   2   1  -1       0.82243105  p_y
    3   2   1   0       0.82860199  p_z
    3   2   1   1       0.83027910  p_x
    3   3   2  -2       0.03954438  d_xy
    3   3   2  -1       0.03698679  d_yz
    3   3   2   0       0.01840892  d_z2
    3   3   2   1       0.03764208  d_xz
    3   3   2   2       0.01911704  d_x2-y2
    4   1   0   0       1.35546566  s
    4   2   1  -1       0.82614828  p_y
    4   2   1   0       0.82543556  p_z
    4   2   1   1       0.82538420  p_x
    4   3   2  -2       0.04119454  d_xy
    4   3   2  -1       0.04424235  d_yz
    4   3   2   0       0.02152908  d_z2
    4   3   2   1       0.03853888  d_xz
    4   3   2   2       0.01982916  d_x2-y2
    5   1   0   0       1.33656663  s
    5   2   1  -1       0.82989561  p_y
    5   2   1   0       0.83304718  p_z
    5   2   1   1       0.83402038  p_x
    5   3   2  -2       0.04328090  d_xy
    5   3   2  -1       0.03972820  d_yz
    5   3   2   0       0.02044030  d_z2
    5   3   2   1       0.03788275  d_xz
    5   3   2   2       0.02145162  d_x2-y2
    6   1   0   0       1.34935149  s
    6   2   1  -1       0.82683678  p_y
    6   2   1   0       0.83191121  p_z
    6   2   1   1       0.82901864  p_x
    6   3   2  -2       0.04147072  d_xy
    6   3   2  -1       0.03890339  d_yz
    6   3   2   0       0.02060396  d_z2
    6   3   2   1       0.03986528  d_xz
    6   3   2   2       0.02016430  d_x2-y2
    7   1   0   0       1.37113614  s
    7   2   1  -1       0.82879322  p_y
    7   2   1   0       0.82660096  p_z
    7   2   1   1       0.82201729  p_x
    7   3   2  -2       0.03827554  d_xy
    7   3   2  -1       0.03919163  d_yz
    7   3   2   0       0.02003637  d_z2
    7   3   2   1       0.04366725  d_xz
    7   3   2   2       0.01982369  d_x2-y2
    8   1   0   0       1.39589161  s
    8   2   1  -1       0.82934617  p_y
    8   2   1   0       0.83375101  p_z
    8   2   1   1       0.82384571  p_x
    8   3   2  -2       0.03672663  d_xy
    8   3   2  -1       0.03388644  d_yz
    8   3   2   0       0.01717814  d_z2
    8   3   2   1       0.03723449  d_xz
    8   3   2   2       0.01586979  d_x2-y2
    9   1   0   0       1.34084930  s
    9   2   1  -1       0.82285088  p_y
    9   2   1   0       0.82981764  p_z
    9   2   1   1       0.82328388  p_x
    9   3   2  -2       0.03911057  d_xy
    9   3   2  -1       0.03890917  d_yz
    9   3   2   0       0.01950950  d_z2
    9   3   2   1       0.04300918  d_xz
    9   3   2   2       0.02253755  d_x2-y2
   10   1   0   0       1.40128977  s
   10   2   1  -1       0.82644545  p_y
   10   2   1   0       0.82599173  p_z
   10   2   1   1       0.82826186  p_x
   10   3   2  -2       0.03462830  d_xy
   10   3   2  -1       0.04099590  d_yz
   10   3   2   0       0.01754736  d_z2
   10   3   2   1       0.03789040  d_xz
   10   3   2   2       0.01822328  d_x2-y2
   11   1   0   0       1.35856600  s
   11   2   1  -1       0.82277673  p_y
   11   2   1   0       0.82985646  p_z
   11   2   1   1       0.82162326  p_x
   11   3   2  -2       0.04261513  d_xy
   11   3   2  -1       0.04049083  d_yz
   11   3   2   0       0.01959686  d_z2
   11   3   2   1       0.03957817  d_xz
   11   3   2   2       0.02157607  d_x2-y2
   12   1   0   0       1.35967775  s
   12   2   1  -1       0.83033511  p_y
   12   2   1   0       0.82353525  p_z
   12   2   1   1       0.82964527  p_x
   12   3   2  -2       0.03947193  d_xy
   12   3   2  -1       0.03607656  d_yz
   12   3   2   0       0.02022648  d_z2
   12   3   2   1       0.04360498  d_xz
   12   3   2   2       0.01970254  d_x2-y2
   13   1   0   0       1.37351235  s
   13   2   1  -1       0.82495205  p_y
   13   2   1   0       0.82360691  p_z
   13   2   1   1       0.82954446  p_x
   13   3   2  -2       0.03764159  d_xy
   13   3   2  -1       0.03831338  d_yz
   13   3   2   0       0.01881121  d_z2
   13   3   2   1       0.04333051  d_xz
   13   3   2   2       0.01963628  d_x2-y2
   14   1   0   0       1.38326661  s
   14   2   1  -1       0.83225320  p_y
   14   2   1   0       0.83259920  p_z
   14   2   1   1       0.83176570  p_x
   14   3   2  -2       0.03779162  d_xy
   14   3   2  -1       0.03478178  d_yz
   14   3   2   0       0.01711038  d_z2
   14   3   2   1       0.03569710  d_xz
   14   3   2   2       0.01550486  d_x2-y2
   15   1   0   0       1.38416095  s
   15   2   1  -1       0.83351500  p_y
   15   2   1   0       0.83191027  p_z
   15   2   1   1       0.83173698  p_x
   15   3   2  -2       0.03535410  d_xy
   15   3   2  -1       0.03865226  d_yz
   15   3   2   0       0.01551323  d_z2
   15   3   2   1       0.03507913  d_xz
   15   3   2   2       0.01747794  d_x2-y2
   16   1   0   0       1.32742006  s
   16   2   1  -1       0.82855874  p_y
   16   2   1   0       0.82965750  p_z
   16   2   1   1       0.83048380  p_x
   16   3   2  -2       0.03977244  d_xy
   16   3   2  -1       0.04569453  d_yz
   16   3   2   0       0.02164815  d_z2
   16   3   2   1       0.04116841  d_xz
   16   3   2   2       0.02340112  d_x2-y2
   17   1   0   0       1.36790506  s
   17   2   1  -1       0.82502130  p_y
   17   2   1   0       0.82618103  p_z
   17   2   1   1       0.82466278  p_x
   17   3   2  -2       0.04024337  d_xy
   17   3   2  -1       0.03852510  d_yz
   17   3   2   0       0.01776354  d_z2
   17   3   2   1       0.03948497  d_xz
   17   3   2   2       0.02041927  d_x2-y2
   18   1   0   0       1.36743067  s
   18   2   1  -1       0.82443628  p_y
   18   2   1   0       0.82504647  p_z
   18   2   1   1       0.82262501  p_x
   18   3   2  -2       0.03903523  d_xy
   18   3   2  -1       0.03910089  d_yz
   18   3   2   0       0.02049945  d_z2
   18   3   2   1       0.03958278  d_xz
   18   3   2   2       0.01925826  d_x2-y2
   19   1   0   0       1.33484112  s
   19   2   1  -1       0.82133097  p_y
   19   2   1   0       0.82630840  p_z
   19   2   1   1       0.82441087  p_x
   19   3   2  -2       0.04468206  d_xy
   19   3   2  -1       0.04466438  d_yz
   19   3   2   0       0.02358968  d_z2
   19   3   2   1       0.03976661  d_xz
   19   3   2   2       0.02316956  d_x2-y2
   20   1   0   0       1.37247660  s
   20   2   1  -1       0.82389489  p_y
   20   2   1   0       0.82376228  p_z
   20   2   1   1       0.82020382  p_x
   20   3   2  -2       0.03905380  d_xy
   20   3   2  -1       0.03584497  d_yz
   20   3   2   0       0.02017305  d_z2
   20   3   2   1       0.04287268  d_xz
   20   3   2   2       0.01944019  d_x2-y2
   21   1   0   0       1.36341468  s
   21   2   1  -1       0.83083448  p_y
   21   2   1   0       0.82689869  p_z
   21   2   1   1       0.82366717  p_x
   21   3   2  -2       0.03938205  d_xy
   21   3   2  -1       0.03642407  d_yz
   21   3   2   0       0.01924452  d_z2
   21   3   2   1       0.03732028  d_xz
   21   3   2   2       0.01800459  d_x2-y2
   22   1   0   0       1.38566290  s
   22   2   1  -1       0.82406501  p_y
   22   2   1   0       0.82994734  p_z
   22   2   1   1       0.82132405  p_x
   22   3   2  -2       0.04232955  d_xy
   22   3   2  -1       0.03546230  d_yz
   22   3   2   0       0.01811017  d_z2
   22   3   2   1       0.03730771  d_xz
   22   3   2   2       0.01850998  d_x2-y2
   23   1   0   0       1.36086844  s
   23   2   1  -1       0.82329943  p_y
   23   2   1   0       0.82438410  p_z
   23   2   1   1       0.82241425  p_x
   23   3   2  -2       0.03943582  d_xy
   23   3   2  -1       0.03791071  d_yz
   23   3   2   0       0.01976364  d_z2
   23   3   2   1       0.04053504  d_xz
   23   3   2   2       0.02022124  d_x2-y2
   24   1   0   0       1.38008765  s
   24   2   1  -1       0.82384842  p_y
   24   2   1   0       0.82223805  p_z
   24   2   1   1       0.83266194  p_x
   24   3   2  -2       0.03805369  d_xy
   24   3   2  -1       0.03950413  d_yz
   24   3   2   0       0.02001362  d_z2
   24   3   2   1       0.03566028  d_xz
   24   3   2   2       0.01773136  d_x2-y2
   25   1   0   0       1.34788612  s
   25   2   1  -1       0.82696011  p_y
   25   2   1   0       0.82528563  p_z
   25   2   1   1       0.81682139  p_x
   25   3   2  -2       0.03991257  d_xy
   25   3   2  -1       0.04355990  d_yz
   25   3   2   0       0.02037226  d_z2
   25   3   2   1       0.04094003  d_xz
   25   3   2   2       0.02322354  d_x2-y2
   26   1   0   0       1.34344134  s
   26   2   1  -1       0.82320575  p_y
   26   2   1   0       0.82764801  p_z
   26   2   1   1       0.82614871  p_x
   26   3   2  -2       0.03888154  d_xy
   26   3   2  -1       0.04436647  d_yz
   26   3   2   0       0.02072689  d_z2
   26   3   2   1       0.03717438  d_xz
   26   3   2   2       0.02014267  d_x2-y2
   27   1   0   0       1.34959576  s
   27   2   1  -1       0.82756720  p_y
   27   2   1   0       0.82432247  p_z
   27   2   1   1       0.82978070  p_x
   27   3   2  -2       0.03606059  d_xy
   27   3   2  -1       0.03904310  d_yz
   27   3   2   0       0.02002520  d_z2
   27   3   2   1       0.04291864  d_xz
   27   3   2   2       0.01979917  d_x2-y2
   28   1   0   0       1.34349173  s
   28   2   1  -1       0.83035090  p_y
   28   2   1   0       0.83334464  p_z
   28   2   1   1       0.82801244  p_x
   28   3   2  -2       0.04394816  d_xy
   28   3   2  -1       0.03784873  d_yz
   28   3   2   0       0.02065770  d_z2
   28   3   2   1       0.03700496  d_xz
   28   3   2   2       0.02049731  d_x2-y2
   29   1   0   0       1.35477683  s
   29   2   1  -1       0.82292673  p_y
   29   2   1   0       0.82764516  p_z
   29   2   1   1       0.82841986  p_x
   29   3   2  -2       0.03705777  d_xy
   29   3   2  -1       0.04115579  d_yz
   29   3   2   0       0.01849600  d_z2
   29   3   2   1       0.03935561  d_xz
   29   3   2   2       0.01935278  d_x2-y2
   30   1   0   0       1.32653561  s
   30   2   1  -1       0.83157098  p_y
   30   2   1   0       0.82462589  p_z
   30   2   1   1       0.83060213  p_x
   30   3   2  -2       0.04014486  d_xy
   30   3   2  -1       0.04225738  d_yz
   30   3   2   0       0.02266640  d_z2
   30   3   2   1       0.04167754  d_xz
   30   3   2   2       0.02132439  d_x2-y2
   31   1   0   0       1.35369173  s
   31   2   1  -1       0.82798263  p_y
   31   2   1   0       0.83226805  p_z
   31   2   1   1       0.82708481  p_x
   31   3   2  -2       0.04070812  d_xy
   31   3   2  -1       0.03666036  d_yz
   31   3   2   0       0.01896070  d_z2
   31   3   2   1       0.03664553  d_xz
   31   3   2   2       0.01840551  d_x2-y2
   32   1   0   0       1.36474699  s
   32   2   1  -1       0.82638446  p_y
   32   2   1   0       0.82970249  p_z
   32   2   1   1       0.83088230  p_x
   32   3   2  -2       0.03454795  d_xy
   32   3   2  -1       0.03900833  d_yz
   32   3   2   0       0.01801882  d_z2
   32   3   2   1       0.03998873  d_xz
   32   3   2   2       0.01918860  d_x2-y2
   33   1   0   0       1.38949426  s
   33   2   1  -1       0.82655767  p_y
   33   2   1   0       0.83447700  p_z
   33   2   1   1       0.83555959  p_x
   33   3   2  -2       0.03411808  d_xy
   33   3   2  -1       0.03957308  d_yz
   33   3   2   0       0.01482460  d_z2
   33   3   2   1       0.03349665  d_xz
   33   3   2   2       0.01779983  d_x2-y2
   34   1   0   0       1.36134834  s
   34   2   1  -1       0.83022135  p_y
   34   2   1   0       0.82637275  p_z
   34   2   1   1       0.82536272  p_x
   34   3   2  -2       0.03985031  d_xy
   34   3   2  -1       0.03671475  d_yz
   34   3   2   0       0.01917194  d_z2
   34   3   2   1       0.03722878  d_xz
   34   3   2   2       0.01912537  d_x2-y2
   35   1   0   0       1.38706504  s
   35   2   1  -1       0.82262644  p_y
   35   2   1   0       0.82678344  p_z
   35   2   1   1       0.83852749  p_x
   35   3   2  -2       0.03615979  d_xy
   35   3   2  -1       0.03668092  d_yz
   35   3   2   0       0.01611386  d_z2
   35   3   2   1       0.03510563  d_xz
   35   3   2   2       0.01948838  d_x2-y2
   36   1   0   0       1.32262101  s
   36   2   1  -1       0.83005139  p_y
   36   2   1   0       0.82255882  p_z
   36   2   1   1       0.82958499  p_x
   36   3   2  -2       0.03662978  d_xy
   36   3   2  -1       0.04835953  d_yz
   36   3   2   0       0.02234206  d_z2
   36   3   2   1       0.04455002  d_xz
   36   3   2   2       0.02400106  d_x2-y2
   37   1   0   0       1.35089316  s
   37   2   1  -1       0.82881548  p_y
   37   2   1   0       0.82724285  p_z
   37   2   1   1       0.83174799  p_x
   37   3   2  -2       0.03933513  d_xy
   37   3   2  -1       0.04030116  d_yz
   37   3   2   0       0.02109992  d_z2
   37   3   2   1       0.04208497  d_xz
   37   3   2   2       0.01997957  d_x2-y2
   38   1   0   0       1.32439837  s
   38   2   1  -1       0.83028070  p_y
   38   2   1   0       0.83028207  p_z
   38   2   1   1       0.82535445  p_x
   38   3   2  -2       0.03886820  d_xy
   38   3   2  -1       0.04628681  d_yz
   38   3   2   0       0.02140063  d_z2
   38   3   2   1       0.04145105  d_xz
   38   3   2   2       0.02296003  d_x2-y2
   39   1   0   0       1.37950904  s
   39   2   1  -1       0.82529963  p_y
   39   2   1   0       0.82300279  p_z
   39   2   1   1       0.83061969  p_x
   39   3   2  -2       0.03978737  d_xy
   39   3   2  -1       0.04010451  d_yz
   39   3   2   0       0.01763637  d_z2
   39   3   2   1       0.03652487  d_xz
   39   3   2   2       0.01888027  d_x2-y2
   40   1   0   0       1.37145488  s
   40   2   1  -1       0.82938802  p_y
   40   2   1   0       0.83102180  p_z
   40   2   1   1       0.82535779  p_x
   40   3   2  -2       0.03995818  d_xy
   40   3   2  -1       0.03446167  d_yz
   40   3   2   0       0.01896889  d_z2
   40   3   2   1       0.04061705  d_xz
   40   3   2   2       0.01822906  d_x2-y2
   41   1   0   0       1.33037569  s
   41   2   1  -1       0.83361736  p_y
   41   2   1   0       0.83468892  p_z
   41   2   1   1       0.82478536  p_x
   41   3   2  -2       0.04156165  d_xy
   41   3   2  -1       0.03889057  d_yz
   41   3   2   0       0.02057502  d_z2
   41   3   2   1       0.04343512  d_xz
   41   3   2   2       0.02267487  d_x2-y2
   42   1   0   0       1.39293062  s
   42   2   1  -1       0.82877338  p_y
   42   2   1   0       0.82033895  p_z
   42   2   1   1       0.82815171  p_x
   42   3   2  -2       0.04134825  d_xy
   42   3   2  -1       0.03178476  d_yz
   42   3   2   0       0.01956776  d_z2
   42   3   2   1       0.03759302  d_xz
   42   3   2   2       0.01467433  d_x2-y2
   43   1   0   0       1.39417092  s
   43   2   1  -1       0.82784748  p_y
   43   2   1   0       0.82610419  p_z
   43   2   1   1       0.82837145  p_x
   43   3   2  -2       0.03502728  d_xy
   43   3   2  -1       0.03941021  d_yz
   43   3   2   0       0.01729586  d_z2
   43   3   2   1       0.03662229  d_xz
   43   3   2   2       0.01782066  d_x2-y2
   44   1   0   0       1.38086810  s
   44   2   1  -1       0.82583214  p_y
   44   2   1   0       0.82701978  p_z
   44   2   1   1       0.83066961  p_x
   44   3   2  -2       0.03633053  d_xy
   44   3   2  -1       0.04150122  d_yz
   44   3   2   0       0.01854061  d_z2
   44   3   2   1       0.03674613  d_xz
   44   3   2   2       0.01830623  d_x2-y2
   45   1   0   0       1.35587788  s
   45   2   1  -1       0.83461151  p_y
   45   2   1   0       0.82881149  p_z
   45   2   1   1       0.83370002  p_x
   45   3   2  -2       0.03582456  d_xy
   45   3   2  -1       0.03967175  d_yz
   45   3   2   0       0.01880195  d_z2
   45   3   2   1       0.03979793  d_xz
   45   3   2   2       0.01887440  d_x2-y2
   46   1   0   0       1.37080848  s
   46   2   1  -1       0.82807048  p_y
   46   2   1   0       0.82438308  p_z
   46   2   1   1       0.82499922  p_x
   46   3   2  -2       0.03764941  d_xy
   46   3   2  -1       0.04091542  d_yz
   46   3   2   0       0.02052682  d_z2
   46   3   2   1       0.04525594  d_xz
   46   3   2   2       0.02043766  d_x2-y2
   47   1   0   0       1.34467649  s
   47   2   1  -1       0.82770390  p_y
   47   2   1   0       0.82467334  p_z
   47   2   1   1       0.82387321  p_x
   47   3   2  -2       0.04231095  d_xy
   47   3   2  -1       0.04129624  d_yz
   47   3   2   0       0.02236656  d_z2
   47   3   2   1       0.04529503  d_xz
   47   3   2   2       0.02260038  d_x2-y2
   48   1   0   0       1.39080321  s
   48   2   1  -1       0.82845737  p_y
   48   2   1   0       0.83057635  p_z
   48   2   1   1       0.83083566  p_x
   48   3   2  -2       0.04340119  d_xy
   48   3   2  -1       0.03406171  d_yz
   48   3   2   0       0.01725380  d_z2
   48   3   2   1       0.03261911  d_xz
   48   3   2   2       0.01694318  d_x2-y2
   49   1   0   0       1.33273963  s
   49   2   1  -1       0.82389944  p_y
   49   2   1   0       0.81833973  p_z
   49   2   1   1       0.82205665  p_x
   49   3   2  -2       0.03788670  d_xy
   49   3   2  -1       0.04487909  d_yz
   49   3   2   0       0.02217089  d_z2
   49   3   2   1       0.04725519  d_xz
   49   3   2   2       0.02433909  d_x2-y2
   50   1   0   0       1.35343374  s
   50   2   1  -1       0.83256193  p_y
   50   2   1   0       0.83454853  p_z
   50   2   1   1       0.83193396  p_x
   50   3   2  -2       0.03970971  d_xy
   50   3   2  -1       0.03716867  d_yz
   50   3   2   0       0.01878223  d_z2
   50   3   2   1       0.03556964  d_xz
   50   3   2   2       0.01886998  d_x2-y2
   51   1   0   0       1.36543138  s
   51   2   1  -1       0.82878826  p_y
   51   2   1   0       0.82851855  p_z
   51   2   1   1       0.82343303  p_x
   51   3   2  -2       0.04032971  d_xy
   51   3   2  -1       0.03784650  d_yz
   51   3   2   0       0.01822751  d_z2
   51   3   2   1       0.03759767  d_xz
   51   3   2   2       0.01938299  d_x2-y2
   52   1   0   0       1.39834901  s
   52   2   1  -1       0.83178755  p_y
   52   2   1   0       0.83613295  p_z
   52   2   1   1       0.83539924  p_x
   52   3   2  -2       0.03267199  d_xy
   52   3   2  -1       0.03678514  d_yz
   52   3   2   0       0.01549118  d_z2
   52   3   2   1       0.03285465  d_xz
   52   3   2   2       0.01570829  d_x2-y2
   53   1   0   0       1.37709119  s
   53   2   1  -1       0.82408348  p_y
   53   2   1   0       0.82857558  p_z
   53   2   1   1       0.82428222  p_x
   53   3   2  -2       0.04245360  d_xy
   53   3   2  -1       0.03625208  d_yz
   53   3   2   0       0.01677951  d_z2
   53   3   2   1       0.03536551  d_xz
   53   3   2   2       0.01997017  d_x2-y2
   54   1   0   0       1.34739242  s
   54   2   1  -1       0.82203987  p_y
   54   2   1   0       0.82274579  p_z
   54   2   1   1       0.82049230  p_x
   54   3   2  -2       0.03931307  d_xy
   54   3   2  -1       0.03964800  d_yz
   54   3   2   0       0.02140070  d_z2
   54   3   2   1       0.04761830  d_xz
   54   3   2   2       0.02435275  d_x2-y2
   55   1   0   0       1.36425839  s
   55   2   1  -1       0.82631003  p_y
   55   2   1   0       0.82262017  p_z
   55   2   1   1       0.82832650  p_x
   55   3   2  -2       0.03916041  d_xy
   55   3   2  -1       0.04020145  d_yz
   55   3   2   0       0.01958102  d_z2
   55   3   2   1       0.03900220  d_xz
   55   3   2   2       0.01912404  d_x2-y2
   56   1   0   0       1.35863764  s
   56   2   1  -1       0.82129113  p_y
   56   2   1   0       0.82013756  p_z
   56   2   1   1       0.82252937  p_x
   56   3   2  -2       0.04056424  d_xy
   56   3   2  -1       0.04031276  d_yz
   56   3   2   0       0.02325563  d_z2
   56   3   2   1       0.04429419  d_xz
   56   3   2   2       0.02260033  d_x2-y2
   57   1   0   0       1.32736997  s
   57   2   1  -1       0.82135368  p_y
   57   2   1   0       0.82705220  p_z
   57   2   1   1       0.83263202  p_x
   57   3   2  -2       0.04165000  d_xy
   57   3   2  -1       0.04757203  d_yz
   57   3   2   0       0.02396927  d_z2
   57   3   2   1       0.03598700  d_xz
   57   3   2   2       0.02139964  d_x2-y2
   58   1   0   0       1.37727518  s
   58   2   1  -1       0.81942807  p_y
   58   2   1   0       0.82423610  p_z
   58   2   1   1       0.82704266  p_x
   58   3   2  -2       0.03846610  d_xy
   58   3   2  -1       0.04031774  d_yz
   58   3   2   0       0.01938205  d_z2
   58   3   2   1       0.03773637  d_xz
   58   3   2   2       0.01971039  d_x2-y2
   59   1   0   0       1.35618936  s
   59   2   1  -1       0.83007390  p_y
   59   2   1   0       0.82407477  p_z
   59   2   1   1       0.82329446  p_x
   59   3   2  -2       0.03900245  d_xy
   59   3   2  -1       0.03492966  d_yz
   59   3   2   0       0.01912122  d_z2
   59   3   2   1       0.04292091  d_xz
   59   3   2   2       0.01953915  d_x2-y2
   60   1   0   0       1.34718397  s
   60   2   1  -1       0.82162455  p_y
   60   2   1   0       0.82791128  p_z
   60   2   1   1       0.81779130  p_x
   60   3   2  -2       0.04280257  d_xy
   60   3   2  -1       0.03925620  d_yz
   60   3   2   0       0.02154664  d_z2
   60   3   2   1       0.04426756  d_xz
   60   3   2   2       0.02301546  d_x2-y2
   61   1   0   0       1.36385093  s
   61   2   1  -1       0.83209476  p_y
   61   2   1   0       0.82201651  p_z
   61   2   1   1       0.82688746  p_x
   61   3   2  -2       0.03809348  d_xy
   61   3   2  -1       0.03714708  d_yz
   61   3   2   0       0.02076980  d_z2
   61   3   2   1       0.04462052  d_xz
   61   3   2   2       0.01751248  d_x2-y2
   62   1   0   0       1.33847922  s
   62   2   1  -1       0.82622802  p_y
   62   2   1   0       0.82759363  p_z
   62   2   1   1       0.82969250  p_x
   62   3   2  -2       0.04041423  d_xy
   62   3   2  -1       0.04869324  d_yz
   62   3   2   0       0.02160884  d_z2
   62   3   2   1       0.03373020  d_xz
   62   3   2   2       0.01986023  d_x2-y2
   63   1   0   0       1.31686145  s
   63   2   1  -1       0.82511096  p_y
   63   2   1   0       0.82601684  p_z
   63   2   1   1       0.82810096  p_x
   63   3   2  -2       0.03848620  d_xy
   63   3   2  -1       0.04874476  d_yz
   63   3   2   0       0.02323543  d_z2
   63   3   2   1       0.04451703  d_xz
   63   3   2   2       0.02520343  d_x2-y2
   64   1   0   0       1.35162962  s
   64   2   1  -1       0.82839427  p_y
   64   2   1   0       0.82962182  p_z
   64   2   1   1       0.83186920  p_x
   64   3   2  -2       0.04281169  d_xy
   64   3   2  -1       0.03431272  d_yz
   64   3   2   0       0.02073728  d_z2
   64   3   2   1       0.03999095  d_xz
   64   3   2   2       0.01875505  d_x2-y2

Fermi level:                        -0.1337027892 H           -3.6382 eV
Band energy:                       -88.1433480541 H        -2398.5025 eV
TS:                                  0.0000000000 H            0.0000 eV
Band free energy (E-TS):           -88.1433480541 H        -2398.5025 eV
Extrapolated E(0K):                -88.1433480541 H        -2398.5025 eV
Input / Output electrons (q):    256.0000000000    256.0000000000

Energy H0:                         -88.1188987328 H        -2397.8372 eV
Energy SCC:                          0.0008289869 H            0.0226 eV
Total Electronic energy:           -88.1180697460 H        -2397.8147 eV
Repulsive energy:                    0.0000000000 H            0.0000 eV
Total energy:                      -88.1180697460 H        -2397.8147 eV
Extrapolated to 0:                 -88.1180697460 H        -2397.8147 eV
Total Mermin free energy:          -88.1180697460 H        -2397.8147 eV
Force related energy:              -88.1180697460 H        -2397.8147 eV

Non-constrained calculation

SCC converged

Warning: dipole moment is not defined absolutely!
Dipole moment:    0.50485265   -0.10693009    0.69112966 au
Dipole moment:    1.28320754   -0.27178921    1.75667653 Debye


