 Fermi distribution function

Calculation with static geometry


********************************************************************************
 iSCC Total electronic   Diff electronic      SCC error    
    9   -0.88167916E+02   -0.69789508E-09    0.73094889E-05
********************************************************************************

 Total charge:    -0.00000000

 Atomic gross charges (e)
 Atom           Charge
    1      -0.00575388
    2      -0.00488362
    3      -0.01028340
    4       0.00268844
    5      -0.01380804
    6       0.00269489
    7      -0.00423103
    8       0.02010767
    9      -0.02162186
   10       0.00656858
   11       0.00415269
   12       0.00388167
   13       0.01015997
   14       0.01401403
   15       0.00813409
   16       0.01639252
   17       0.01346008
   18       0.00679759
   19      -0.00056038
   20      -0.00346659
   21       0.00482921
   22      -0.00907481
   23       0.00349214
   24      -0.01289842
   25       0.00639596
   26      -0.01213406
   27       0.00097655
   28      -0.00143541
   29      -0.00482004
   30      -0.02748162
   31       0.01394329
   32       0.00338001
   33      -0.00285729
   34       0.00077644
   35       0.01216233
   36      -0.00115771
   37      -0.00014815
   38      -0.00442692
   39       0.00678846
   40       0.00487472
   41      -0.01849070
   42       0.01070861
   43      -0.00741089
   44       0.01213361
   45      -0.02016053
   46       0.02443078
   47      -0.00322421
   48       0.02090266
   49       0.01265466
   50      -0.01291802
   51       0.02043604
   52       0.00811487
   53       0.00206400
   54      -0.01361232
   55      -0.00264389
   56      -0.00246928
   57      -0.00443481
   58       0.00666518
   59      -0.00950990
   60      -0.00002587
   61       0.00703010
   62      -0.03011567
   63      -0.00720359
   64      -0.01854894

Nr. of electrons (up):    256.00000000
Atom populations (up)
 Atom       Population
    1       4.00575388
    2       4.00488362
    3       4.01028340
    4       3.99731156
    5       4.01380804
    6       3.99730511
    7       4.00423103
    8       3.97989233
    9       4.02162186
   10       3.99343142
   11       3.99584731
   12       3.99611833
   13       3.98984003
   14       3.98598597
   15       3.99186591
   16       3.98360748
   17       3.98653992
   18       3.99320241
   19       4.00056038
   20       4.00346659
   21       3.99517079
   22       4.00907481
   23       3.99650786
   24       4.01289842
   25       3.99360404
   26       4.01213406
   27       3.99902345
   28       4.00143541
   29       4.00482004
   30       4.02748162
   31       3.98605671
   32       3.99661999
   33       4.00285729
   34       3.99922356
   35       3.98783767
   36       4.00115771
   37       4.00014815
   38       4.00442692
   39       3.99321154
   40       3.99512528
   41       4.01849070
   42       3.98929139
   43       4.00741089
   44       3.98786639
   45       4.02016053
   46       3.97556922
   47       4.00322421
   48       3.97909734
   49       3.98734534
   50       4.01291802
   51       3.97956396
   52       3.99188513
   53       3.99793600
   54       4.01361232
   55       4.00264389
   56       4.00246928
   57       4.00443481
   58       3.99333482
   59       4.00950990
   60       4.00002587
   61       3.99296990
   62       4.03011567
   63       4.00720359
   64       4.01854894

l-shell populations (up)
 Atom Sh.   l       Population
    1   1   0       1.36996280
    1   2   1       2.49226984
    1   3   2       0.14352124
    2   1   0       1.36427072
    2   2   1       2.48638035
    2   3   2       0.15423254
    3   1   0       1.36812499
    3   2   1       2.50203349
    3   3   2       0.14012493
    4   1   0       1.36534928
    4   2   1       2.48082423
    4   3   2       0.15113804
    5   1   0       1.37633021
    5   2   1       2.48380235
    5   3   2       0.15367548
    6   1   0       1.35337685
    6   2   1       2.48248026
    6   3   2       0.16144800
    7   1   0       1.37042772
    7   2   1       2.48161185
    7   3   2       0.15219145
    8   1   0       1.32658307
    8   2   1       2.48041050
    8   3   2       0.17289876
    9   1   0       1.39941221
    9   2   1       2.47961498
    9   3   2       0.14259466
   10   1   0       1.35647488
   10   2   1       2.48598258
   10   3   2       0.15097397
   11   1   0       1.33972784
   11   2   1       2.48367600
   11   3   2       0.17244348
   12   1   0       1.36914455
   12   2   1       2.48112200
   12   3   2       0.14585179
   13   1   0       1.34826493
   13   2   1       2.48207697
   13   3   2       0.15949813
   14   1   0       1.34360153
   14   2   1       2.47840663
   14   3   2       0.16397781
   15   1   0       1.34955557
   15   2   1       2.48991273
   15   3   2       0.15239761
   16   1   0       1.34139463
   16   2   1       2.47427966
   16   3   2       0.16793319
   17   1   0       1.34554217
   17   2   1       2.47533872
   17   3   2       0.16565903
   18   1   0       1.35318202
   18   2   1       2.48016974
   18   3   2       0.15985064
   19   1   0       1.36184621
   19   2   1       2.48805290
   19   3   2       0.15066127
   20   1   0       1.35885873
   20   2   1       2.49598105
   20   3   2       0.14862682
   21   1   0       1.34840474
   21   2   1       2.48083805
   21   3   2       0.16592801
   22   1   0       1.37168718
   22   2   1       2.49217389
   22   3   2       0.14521374
   23   1   0       1.34617858
   23   2   1       2.47736768
   23   3   2       0.17296160
   24   1   0       1.36376759
   24   2   1       2.50466757
   24   3   2       0.14446326
   25   1   0       1.35658261
   25   2   1       2.48356687
   25   3   2       0.15345456
   26   1   0       1.37612478
   26   2   1       2.48109985
   26   3   2       0.15490943
   27   1   0       1.36139911
   27   2   1       2.48064059
   27   3   2       0.15698374
   28   1   0       1.35871619
   28   2   1       2.48379798
   28   3   2       0.15892124
   29   1   0       1.36210807
   29   2   1       2.48870791
   29   3   2       0.15400406
   30   1   0       1.39213763
   30   2   1       2.48720149
   30   3   2       0.14814250
   31   1   0       1.34344242
   31   2   1       2.47992388
   31   3   2       0.16269040
   32   1   0       1.33871704
   32   2   1       2.48294244
   32   3   2       0.17496050
   33   1   0       1.34885088
   33   2   1       2.49031565
   33   3   2       0.16369075
   34   1   0       1.35755220
   34   2   1       2.48598095
   34   3   2       0.15569041
   35   1   0       1.33250612
   35   2   1       2.48196430
   35   3   2       0.17336724
   36   1   0       1.36380052
   36   2   1       2.48144778
   36   3   2       0.15590941
   37   1   0       1.35253867
   37   2   1       2.49216195
   37   3   2       0.15544753
   38   1   0       1.38058822
   38   2   1       2.48080761
   38   3   2       0.14303109
   39   1   0       1.35297459
   39   2   1       2.47632933
   39   3   2       0.16390762
   40   1   0       1.36132629
   40   2   1       2.47606475
   40   3   2       0.15773423
   41   1   0       1.38796767
   41   2   1       2.47868227
   41   3   2       0.15184076
   42   1   0       1.34691308
   42   2   1       2.47405294
   42   3   2       0.16832537
   43   1   0       1.36836869
   43   2   1       2.49054425
   43   3   2       0.14849795
   44   1   0       1.34673057
   44   2   1       2.48172626
   44   3   2       0.15940957
   45   1   0       1.38715318
   45   2   1       2.49183938
   45   3   2       0.14116797
   46   1   0       1.32363157
   46   2   1       2.47726359
   46   3   2       0.17467406
   47   1   0       1.36247221
   47   2   1       2.49621001
   47   3   2       0.14454200
   48   1   0       1.31910002
   48   2   1       2.48004284
   48   3   2       0.17995448
   49   1   0       1.33298981
   49   2   1       2.48359964
   49   3   2       0.17075588
   50   1   0       1.38552409
   50   2   1       2.48108879
   50   3   2       0.14630514
   51   1   0       1.32340771
   51   2   1       2.47882481
   51   3   2       0.17733145
   52   1   0       1.34675455
   52   2   1       2.48294254
   52   3   2       0.16218804
   53   1   0       1.35581150
   53   2   1       2.48348695
   53   3   2       0.15863755
   54   1   0       1.36986821
   54   2   1       2.49382291
   54   3   2       0.14992120
   55   1   0       1.36309351
   55   2   1       2.48375753
   55   3   2       0.15579284
   56   1   0       1.36080606
   56   2   1       2.49129248
   56   3   2       0.15037074
   57   1   0       1.36506874
   57   2   1       2.48339402
   57   3   2       0.15597206
   58   1   0       1.34723302
   58   2   1       2.47737804
   58   3   2       0.16872375
   59   1   0       1.38631290
   59   2   1       2.48318179
   59   3   2       0.14001522
   60   1   0       1.35219088
   60   2   1       2.48489985
   60   3   2       0.16293514
   61   1   0       1.35784154
   61   2   1       2.48103960
   61   3   2       0.15408876
   62   1   0       1.39903895
   62   2   1       2.49083784
   62   3   2       0.14023888
   63   1   0       1.36559127
   63   2   1       2.48855096
   63   3   2       0.15306136
   64   1   0       1.38281107
   64   2   1       2.49979731
   64   3   2       0.13594057

Orbital populations (up)
 Atom Sh.   l   m       Population  Label
    1   1   0   0       1.36996280  s
    1   2   1  -1       0.82976774  p_y
    1   2   1   0       0.83352475  p_z
    1   2   1   1       0.82897736  p_x
    1   3   2  -2       0.03826131  d_xy
    1   3   2  -1       0.03456193  d_yz
    1   3   2   0       0.01592221  d_z2
    1   3   2   1       0.03691233  d_xz
    1   3   2   2       0.01786346  d_x2-y2
    2   1   0   0       1.36427072  s
    2   2   1  -1       0.82996884  p_y
    2   2   1   0       0.82933298  p_z
    2   2   1   1       0.82707853  p_x
    2   3   2  -2       0.03993622  d_xy
    2   3   2  -1       0.03776403  d_yz
    2   3   2   0       0.01896158  d_z2
    2   3   2   1       0.03876129  d_xz
    2   3   2   2       0.01880943  d_x2-y2
    3   1   0   0       1.36812499  s
    3   2   1  -1       0.83296099  p_y
    3   2   1   0       0.83680919  p_z
    3   2   1   1       0.83226331  p_x
    3   3   2  -2       0.03638231  d_xy
    3   3   2  -1       0.03829105  d_yz
    3   3   2   0       0.01617529  d_z2
    3   3   2   1       0.03295384  d_xz
    3   3   2   2       0.01632244  d_x2-y2
    4   1   0   0       1.36534928  s
    4   2   1  -1       0.82714125  p_y
    4   2   1   0       0.82552088  p_z
    4   2   1   1       0.82816211  p_x
    4   3   2  -2       0.03657173  d_xy
    4   3   2  -1       0.03727025  d_yz
    4   3   2   0       0.01858911  d_z2
    4   3   2   1       0.04047811  d_xz
    4   3   2   2       0.01822884  d_x2-y2
    5   1   0   0       1.37633021  s
    5   2   1  -1       0.82610405  p_y
    5   2   1   0       0.82841829  p_z
    5   2   1   1       0.82928001  p_x
    5   3   2  -2       0.03903007  d_xy
    5   3   2  -1       0.04000468  d_yz
    5   3   2   0       0.01800789  d_z2
    5   3   2   1       0.03768458  d_xz
    5   3   2   2       0.01894825  d_x2-y2
    6   1   0   0       1.35337685  s
    6   2   1  -1       0.82940172  p_y
    6   2   1   0       0.82753049  p_z
    6   2   1   1       0.82554805  p_x
    6   3   2  -2       0.03741115  d_xy
    6   3   2  -1       0.04005446  d_yz
    6   3   2   0       0.02025983  d_z2
    6   3   2   1       0.04417361  d_xz
    6   3   2   2       0.01954894  d_x2-y2
    7   1   0   0       1.37042772  s
    7   2   1  -1       0.82670870  p_y
    7   2   1   0       0.82764907  p_z
    7   2   1   1       0.82725409  p_x
    7   3   2  -2       0.04092256  d_xy
    7   3   2  -1       0.03641121  d_yz
    7   3   2   0       0.01855543  d_z2
    7   3   2   1       0.03778476  d_xz
    7   3   2   2       0.01851749  d_x2-y2
    8   1   0   0       1.32658307  s
    8   2   1  -1       0.82750908  p_y
    8   2   1   0       0.82531912  p_z
    8   2   1   1       0.82758230  p_x
    8   3   2  -2       0.04121537  d_xy
    8   3   2  -1       0.04456018  d_yz
    8   3   2   0       0.02280269  d_z2
    8   3   2   1       0.04163450  d_xz
    8   3   2   2       0.02268601  d_x2-y2
    9   1   0   0       1.39941221  s
    9   2   1  -1       0.82366985  p_y
    9   2   1   0       0.82927829  p_z
    9   2   1   1       0.82666684  p_x
    9   3   2  -2       0.03707527  d_xy
    9   3   2  -1       0.03685174  d_yz
    9   3   2   0       0.01635545  d_z2
    9   3   2   1       0.03486037  d_xz
    9   3   2   2       0.01745183  d_x2-y2
   10   1   0   0       1.35647488  s
   10   2   1  -1       0.83240765  p_y
   10   2   1   0       0.82505630  p_z
   10   2   1   1       0.82851863  p_x
   10   3   2  -2       0.03698898  d_xy
   10   3   2  -1       0.03730759  d_yz
   10   3   2   0       0.01963939  d_z2
   10   3   2   1       0.03923287  d_xz
   10   3   2   2       0.01780514  d_x2-y2
   11   1   0   0       1.33972784  s
   11   2   1  -1       0.83088370  p_y
   11   2   1   0       0.82326680  p_z
   11   2   1   1       0.82952550  p_x
   11   3   2  -2       0.03979891  d_xy
   11   3   2  -1       0.04051486  d_yz
   11   3   2   0       0.02251353  d_z2
   11   3   2   1       0.04735907  d_xz
   11   3   2   2       0.02225711  d_x2-y2
   12   1   0   0       1.36914455  s
   12   2   1  -1       0.82584649  p_y
   12   2   1   0       0.82846360  p_z
   12   2   1   1       0.82681191  p_x
   12   3   2  -2       0.03708546  d_xy
   12   3   2  -1       0.03775506  d_yz
   12   3   2   0       0.01704320  d_z2
   12   3   2   1       0.03599795  d_xz
   12   3   2   2       0.01797012  d_x2-y2
   13   1   0   0       1.34826493  s
   13   2   1  -1       0.83335107  p_y
   13   2   1   0       0.82158949  p_z
   13   2   1   1       0.82713641  p_x
   13   3   2  -2       0.03504748  d_xy
   13   3   2  -1       0.04165068  d_yz
   13   3   2   0       0.02026484  d_z2
   13   3   2   1       0.04317983  d_xz
   13   3   2   2       0.01935530  d_x2-y2
   14   1   0   0       1.34360153  s
   14   2   1  -1       0.82460011  p_y
   14   2   1   0       0.82666732  p_z
   14   2   1   1       0.82713920  p_x
   14   3   2  -2       0.04107320  d_xy
   14   3   2  -1       0.04381564  d_yz
   14   3   2   0       0.01995908  d_z2
   14   3   2   1       0.03779750  d_xz
   14   3   2   2       0.02133240  d_x2-y2
   15   1   0   0       1.34955557  s
   15   2   1  -1       0.82940870  p_y
   15   2   1   0       0.83092062  p_z
   15   2   1   1       0.82958342  p_x
   15   3   2  -2       0.03962161  d_xy
   15   3   2  -1       0.03637183  d_yz
   15   3   2   0       0.01903465  d_z2
   15   3   2   1       0.03932074  d_xz
   15   3   2   2       0.01804878  d_x2-y2
   16   1   0   0       1.34139463  s
   16   2   1  -1       0.82314561  p_y
   16   2   1   0       0.82671911  p_z
   16   2   1   1       0.82441493  p_x
   16   3   2  -2       0.04473618  d_xy
   16   3   2  -1       0.03830265  d_yz
   16   3   2   0       0.02272216  d_z2
   16   3   2   1       0.04161725  d_xz
   16   3   2   2       0.02055497  d_x2-y2
   17   1   0   0       1.34554217  s
   17   2   1  -1       0.82373433  p_y
   17   2   1   0       0.82266617  p_z
   17   2   1   1       0.82893822  p_x
   17   3   2  -2       0.04174462  d_xy
   17   3   2  -1       0.04145450  d_yz
   17   3   2   0       0.02183713  d_z2
   17   3   2   1       0.04000289  d_xz
   17   3   2   2       0.02061989  d_x2-y2
   18   1   0   0       1.35318202  s
   18   2   1  -1       0.82890819  p_y
   18   2   1   0       0.82450950  p_z
   18   2   1   1       0.82675205  p_x
   18   3   2  -2       0.03586266  d_xy
   18   3   2  -1       0.04081150  d_yz
   18   3   2   0       0.01971760  d_z2
   18   3   2   1       0.04266507  d_xz
   18   3   2   2       0.02079381  d_x2-y2
   19   1   0   0       1.36184621  s
   19   2   1  -1       0.83174035  p_y
   19   2   1   0       0.82837539  p_z
   19   2   1   1       0.82793717  p_x
   19   3   2  -2       0.03990769  d_xy
   19   3   2  -1       0.03712588  d_yz
   19   3   2   0       0.01904819  d_z2
   19   3   2   1       0.03685210  d_xz
   19   3   2   2       0.01772743  d_x2-y2
   20   1   0   0       1.35885873  s
   20   2   1  -1       0.82752963  p_y
   20   2   1   0       0.83582353  p_z
   20   2   1   1       0.83262789  p_x
   20   3   2  -2       0.03827404  d_xy
   20   3   2  -1       0.03759947  d_yz
   20   3   2   0       0.01801269  d_z2
   20   3   2   1       0.03686457  d_xz
   20   3   2   2       0.01787604  d_x2-y2
   21   1   0   0       1.34840474  s
   21   2   1  -1       0.82474949  p_y
   21   2   1   0       0.82705355  p_z
   21   2   1   1       0.82903500  p_x
   21   3   2  -2       0.04183842  d_xy
   21   3   2  -1       0.04121800  d_yz
   21   3   2   0       0.02035869  d_z2
   21   3   2   1       0.04095790  d_xz
   21   3   2   2       0.02155500  d_x2-y2
   22   1   0   0       1.37168718  s
   22   2   1  -1       0.82949533  p_y
   22   2   1   0       0.82992479  p_z
   22   2   1   1       0.83275377  p_x
   22   3   2  -2       0.03608971  d_xy
   22   3   2  -1       0.03802413  d_yz
   22   3   2   0       0.01693069  d_z2
   22   3   2   1       0.03637120  d_xz
   22   3   2   2       0.01779802  d_x2-y2
   23   1   0   0       1.34617858  s
   23   2   1  -1       0.82572145  p_y
   23   2   1   0       0.82872555  p_z
   23   2   1   1       0.82292067  p_x
   23   3   2  -2       0.04457134  d_xy
   23   3   2  -1       0.04246407  d_yz
   23   3   2   0       0.02176127  d_z2
   23   3   2   1       0.04185180  d_xz
   23   3   2   2       0.02231312  d_x2-y2
   24   1   0   0       1.36376759  s
   24   2   1  -1       0.83503309  p_y
   24   2   1   0       0.83665517  p_z
   24   2   1   1       0.83297932  p_x
   24   3   2  -2       0.03695928  d_xy
   24   3   2  -1       0.03738632  d_yz
   24   3   2   0       0.01655039  d_z2
   24   3   2   1       0.03561801  d_xz
   24   3   2   2       0.01794926  d_x2-y2
   25   1   0   0       1.35658261  s
   25   2   1  -1       0.82937655  p_y
   25   2   1   0       0.82796834  p_z
   25   2   1   1       0.82622198  p_x
   25   3   2  -2       0.03648730  d_xy
   25   3   2  -1       0.03894279  d_yz
   25   3   2   0       0.01904555  d_z2
   25   3   2   1       0.03929420  d_xz
   25   3   2   2       0.01968472  d_x2-y2
   26   1   0   0       1.37612478  s
   26   2   1  -1       0.82492166  p_y
   26   2   1   0       0.82773884  p_z
   26   2   1   1       0.82843935  p_x
   26   3   2  -2       0.04094777  d_xy
   26   3   2  -1       0.04020095  d_yz
   26   3   2   0       0.01876809  d_z2
   26   3   2   1       0.03657294  d_xz
   26   3   2   2       0.01841967  d_x2-y2
   27   1   0   0       1.36139911  s
   27   2   1  -1       0.82957318  p_y
   27   2   1   0       0.82507704  p_z
   27   2   1   1       0.82599038  p_x
   27   3   2  -2       0.03731674  d_xy
   27   3   2  -1       0.03873405  d_yz
   27   3   2   0       0.01939947  d_z2
   27   3   2   1       0.04278033  d_xz
   27   3   2   2       0.01875315  d_x2-y2
   28   1   0   0       1.35871619  s
   28   2   1  -1       0.82613784  p_y
   28   2   1   0       0.82739851  p_z
   28   2   1   1       0.83026163  p_x
   28   3   2  -2       0.04195538  d_xy
   28   3   2  -1       0.03838780  d_yz
   28   3   2   0       0.01958698  d_z2
   28   3   2   1       0.03928229  d_xz
   28   3   2   2       0.01970878  d_x2-y2
   29   1   0   0       1.36210807  s
   29   2   1  -1       0.83122509  p_y
   29   2   1   0       0.82975288  p_z
   29   2   1   1       0.82772995  p_x
   29   3   2  -2       0.03949133  d_xy
   29   3   2  -1       0.03773538  d_yz
   29   3   2   0       0.01883309  d_z2
   29   3   2   1       0.03919332  d_xz
   29   3   2   2       0.01875094  d_x2-y2
   30   1   0   0       1.39213763  s
   30   2   1  -1       0.82749649  p_y
   30   2   1   0       0.83042919  p_z
   30   2   1   1       0.82927582  p_x
   30   3   2  -2       0.03817713  d_xy
   30   3   2  -1       0.03797974  d_yz
   30   3   2   0       0.01656466  d_z2
   30   3   2   1       0.03672388  d_xz
   30   3   2   2       0.01869709  d_x2-y2
   31   1   0   0       1.34344242  s
   31   2   1  -1       0.82926134  p_y
   31   2   1   0       0.82624621  p_z
   31   2   1   1       0.82441633  p_x
   31   3   2  -2       0.03929876  d_xy
   31   3   2  -1       0.04135834  d_yz
   31   3   2   0       0.02127179  d_z2
   31   3   2   1       0.04047103  d_xz
   31   3   2   2       0.02029047  d_x2-y2
   32   1   0   0       1.33871704  s
   32   2   1  -1       0.82732527  p_y
   32   2   1   0       0.82569471  p_z
   32   2   1   1       0.82992246  p_x
   32   3   2  -2       0.04239163  d_xy
   32   3   2  -1       0.04111303  d_yz
   32   3   2   0       0.02314154  d_z2
   32   3   2   1       0.04561351  d_xz
   32   3   2   2       0.02270079  d_x2-y2
   33   1   0   0       1.34885088  s
   33   2   1  -1       0.83291521  p_y
   33   2   1   0       0.83099834  p_z
   33   2   1   1       0.82640211  p_x
   33   3   2  -2       0.04103098  d_xy
   33   3   2  -1       0.03733700  d_yz
   33   3   2   0       0.02092050  d_z2
   33   3   2   1       0.04416203  d_xz
   33   3   2   2       0.02024024  d_x2-y2
   34   1   0   0       1.35755220  s
   34   2   1  -1       0.82976326  p_y
   34   2   1   0       0.82818374  p_z
   34   2   1   1       0.82803394  p_x
   34   3   2  -2       0.04234376  d_xy
   34   3   2  -1       0.03845800  d_yz
   34   3   2   0       0.01963687  d_z2
   34   3   2   1       0.03677539  d_xz
   34   3   2   2       0.01847639  d_x2-y2
   35   1   0   0       1.33250612  s
   35   2   1  -1       0.82497817  p_y
   35   2   1   0       0.82711025  p_z
   35   2   1   1       0.82987589  p_x
   35   3   2  -2       0.04053032  d_xy
   35   3   2  -1       0.04537750  d_yz
   35   3   2   0       0.02290231  d_z2
   35   3   2   1       0.04220470  d_xz
   35   3   2   2       0.02235242  d_x2-y2
   36   1   0   0       1.36380052  s
   36   2   1  -1       0.82555464  p_y
   36   2   1   0       0.82907931  p_z
   36   2   1   1       0.82681383  p_x
   36   3   2  -2       0.04378798  d_xy
   36   3   2  -1       0.03873210  d_yz
   36   3   2   0       0.01899684  d_z2
   36   3   2   1       0.03526920  d_xz
   36   3   2   2       0.01912328  d_x2-y2
   37   1   0   0       1.35253867  s
   37   2   1  -1       0.83160829  p_y
   37   2   1   0       0.82919986  p_z
   37   2   1   1       0.83135380  p_x
   37   3   2  -2       0.03977343  d_xy
   37   3   2  -1       0.03963419  d_yz
   37   3   2   0       0.01916982  d_z2
   37   3   2   1       0.03770858  d_xz
   37   3   2   2       0.01916151  d_x2-y2
   38   1   0   0       1.38058822  s
   38   2   1  -1       0.82669424  p_y
   38   2   1   0       0.82802249  p_z
   38   2   1   1       0.82609087  p_x
   38   3   2  -2       0.03813345  d_xy
   38   3   2  -1       0.03375525  d_yz
   38   3   2   0       0.01731590  d_z2
   38   3   2   1       0.03755096  d_xz
   38   3   2   2       0.01627552  d_x2-y2
   39   1   0   0       1.35297459  s
   39   2   1  -1       0.82315676  p_y
   39   2   1   0       0.82532814  p_z
   39   2   1   1       0.82784443  p_x
   39   3   2  -2       0.03964142  d_xy
   39   3   2  -1       0.04048493  d_yz
   39   3   2   0       0.02031400  d_z2
   39   3   2   1       0.04218432  d_xz
   39   3   2   2       0.02128295  d_x2-y2
   40   1   0   0       1.36132629  s
   40   2   1  -1       0.82111943  p_y
   40   2   1   0       0.82697273  p_z
   40   2   1   1       0.82797260  p_x
   40   3   2  -2       0.03843250  d_xy
   40   3   2  -1       0.04270147  d_yz
   40   3   2   0       0.01867763  d_z2
   40   3   2   1       0.03776624  d_xz
   40   3   2   2       0.02015639  d_x2-y2
   41   1   0   0       1.38796767  s
   41   2   1  -1       0.81994947  p_y
   41   2   1   0       0.82657080  p_z
   41   2   1   1       0.83216200  p_x
   41   3   2  -2       0.03749098  d_xy
   41   3   2  -1       0.04249942  d_yz
   41   3   2   0       0.01799812  d_z2
   41   3   2   1       0.03542682  d_xz
   41   3   2   2       0.01842542  d_x2-y2
   42   1   0   0       1.34691308  s
   42   2   1  -1       0.82659904  p_y
   42   2   1   0       0.82154975  p_z
   42   2   1   1       0.82590415  p_x
   42   3   2  -2       0.03568305  d_xy
   42   3   2  -1       0.04542852  d_yz
   42   3   2   0       0.02091416  d_z2
   42   3   2   1       0.04415750  d_xz
   42   3   2   2       0.02214215  d_x2-y2
   43   1   0   0       1.36836869  s
   43   2   1  -1       0.82656419  p_y
   43   2   1   0       0.83643054  p_z
   43   2   1   1       0.82754952  p_x
   43   3   2  -2       0.04350820  d_xy
   43   3   2  -1       0.03281854  d_yz
   43   3   2   0       0.01777132  d_z2
   43   3   2   1       0.03642527  d_xz
   43   3   2   2       0.01797464  d_x2-y2
   44   1   0   0       1.34673057  s
   44   2   1  -1       0.82891813  p_y
   44   2   1   0       0.82911868  p_z
   44   2   1   1       0.82368945  p_x
   44   3   2  -2       0.03788024  d_xy
   44   3   2  -1       0.03687180  d_yz
   44   3   2   0       0.01939858  d_z2
   44   3   2   1       0.04471202  d_xz
   44   3   2   2       0.02054692  d_x2-y2
   45   1   0   0       1.38715318  s
   45   2   1  -1       0.83197107  p_y
   45   2   1   0       0.83071216  p_z
   45   2   1   1       0.82915614  p_x
   45   3   2  -2       0.03508054  d_xy
   45   3   2  -1       0.03527524  d_yz
   45   3   2   0       0.01652660  d_z2
   45   3   2   1       0.03772466  d_xz
   45   3   2   2       0.01656093  d_x2-y2
   46   1   0   0       1.32363157  s
   46   2   1  -1       0.82318419  p_y
   46   2   1   0       0.82678592  p_z
   46   2   1   1       0.82729348  p_x
   46   3   2  -2       0.04476945  d_xy
   46   3   2  -1       0.04455859  d_yz
   46   3   2   0       0.02339138  d_z2
   46   3   2   1       0.03936961  d_xz
   46   3   2   2       0.02258503  d_x2-y2
   47   1   0   0       1.36247221  s
   47   2   1  -1       0.83035548  p_y
   47   2   1   0       0.83215630  p_z
   47   2   1   1       0.83369823  p_x
   47   3   2  -2       0.03780400  d_xy
   47   3   2  -1       0.03815823  d_yz
   47   3   2   0       0.01740355  d_z2
   47   3   2   1       0.03417382  d_xz
   47   3   2   2       0.01700240  d_x2-y2
   48   1   0   0       1.31910002  s
   48   2   1  -1       0.83137791  p_y
   48   2   1   0       0.82303634  p_z
   48   2   1   1       0.82562859  p_x
   48   3   2  -2       0.04126651  d_xy
   48   3   2  -1       0.04236403  d_yz
   48   3   2   0       0.02487196  d_z2
   48   3   2   1       0.04782903  d_xz
   48   3   2   2       0.02362295  d_x2-y2
   49   1   0   0       1.33298981  s
   49   2   1  -1       0.83032265  p_y
   49   2   1   0       0.82641724  p_z
   49   2   1   1       0.82685975  p_x
   49   3   2  -2       0.04520819  d_xy
   49   3   2  -1       0.03911775  d_yz
   49   3   2   0       0.02316625  d_z2
   49   3   2   1       0.04239094  d_xz
   49   3   2   2       0.02087275  d_x2-y2
   50   1   0   0       1.38552409  s
   50   2   1  -1       0.82611939  p_y
   50   2   1   0       0.83068619  p_z
   50   2   1   1       0.82428321  p_x
   50   3   2  -2       0.03576744  d_xy
   50   3   2  -1       0.03716054  d_yz
   50   3   2   0       0.01782054  d_z2
   50   3   2   1       0.03813800  d_xz
   50   3   2   2       0.01741862  d_x2-y2
   51   1   0   0       1.32340771  s
   51   2   1  -1       0.82432776  p_y
   51   2   1   0       0.82655271  p_z
   51   2   1   1       0.82794434  p_x
   51   3   2  -2       0.04183593  d_xy
   51   3   2  -1       0.04675289  d_yz
   51   3   2   0       0.02382857  d_z2
   51   3   2   1       0.04172791  d_xz
   51   3   2   2       0.02318615  d_x2-y2
   52   1   0   0       1.34675455  s
   52   2   1  -1       0.82589783  p_y
   52   2   1   0       0.82947871  p_z
   52   2   1   1       0.82756600  p_x
   52   3   2  -2       0.04148126  d_xy
   52   3   2  -1       0.03990619  d_yz
   52   3   2   0       0.02021594  d_z2
   52   3   2   1       0.04044292  d_xz
   52   3   2   2       0.02014172  d_x2-y2
   53   1   0   0       1.35581150  s
   53   2   1  -1       0.82721884  p_y
   53   2   1   0       0.82758147  p_z
   53   2   1   1       0.82868664  p_x
   53   3   2  -2       0.03901622  d_xy
   53   3   2  -1       0.04264226  d_yz
   53   3   2   0       0.02054583  d_z2
   53   3   2   1       0.03759012  d_xz
   53   3   2   2       0.01884311  d_x2-y2
   54   1   0   0       1.36986821  s
   54   2   1  -1       0.83407417  p_y
   54   2   1   0       0.83014539  p_z
   54   2   1   1       0.82960335  p_x
   54   3   2  -2       0.03899411  d_xy
   54   3   2  -1       0.03740874  d_yz
   54   3   2   0       0.01818036  d_z2
   54   3   2   1       0.03682964  d_xz
   54   3   2   2       0.01850835  d_x2-y2
   55   1   0   0       1.36309351  s
   55   2   1  -1       0.82918806  p_y
   55   2   1   0       0.82843065  p_z
   55   2   1   1       0.82613882  p_x
   55   3   2  -2       0.04351334  d_xy
   55   3   2  -1       0.03605060  d_yz
   55   3   2   0       0.01877766  d_z2
   55   3   2   1       0.03855554  d_xz
   55   3   2   2       0.01889571  d_x2-y2
   56   1   0   0       1.36080606  s
   56   2   1  -1       0.82982346  p_y
   56   2   1   0       0.83083672  p_z
   56   2   1   1       0.83063231  p_x
   56   3   2  -2       0.03636131  d_xy
   56   3   2  -1       0.03925567  d_yz
   56   3   2   0       0.01886720  d_z2
   56   3   2   1       0.03761835  d_xz
   56   3   2   2       0.01826821  d_x2-y2
   57   1   0   0       1.36506874  s
   57   2   1  -1       0.83076476  p_y
   57   2   1   0       0.82893442  p_z
   57   2   1   1       0.82369483  p_x
   57   3   2  -2       0.03981471  d_xy
   57   3   2  -1       0.03519296  d_yz
   57   3   2   0       0.01857160  d_z2
   57   3   2   1       0.04232472  d_xz
   57   3   2   2       0.02006807  d_x2-y2
   58   1   0   0       1.34723302  s
   58   2   1  -1       0.82279112  p_y
   58   2   1   0       0.82866041  p_z
   58   2   1   1       0.82592651  p_x
   58   3   2  -2       0.04286267  d_xy
   58   3   2  -1       0.04289658  d_yz
   58   3   2   0       0.02140169  d_z2
   58   3   2   1       0.03951484  d_xz
   58   3   2   2       0.02204797  d_x2-y2
   59   1   0   0       1.38631290  s
   59   2   1  -1       0.82855914  p_y
   59   2   1   0       0.82391441  p_z
   59   2   1   1       0.83070824  p_x
   59   3   2  -2       0.03217302  d_xy
   59   3   2  -1       0.03948685  d_yz
   59   3   2   0       0.01664748  d_z2
   59   3   2   1       0.03612041  d_xz
   59   3   2   2       0.01558746  d_x2-y2
   60   1   0   0       1.35219088  s
   60   2   1  -1       0.82359396  p_y
   60   2   1   0       0.83042890  p_z
   60   2   1   1       0.83087699  p_x
   60   3   2  -2       0.04256126  d_xy
   60   3   2  -1       0.03889664  d_yz
   60   3   2   0       0.02095420  d_z2
   60   3   2   1       0.04019771  d_xz
   60   3   2   2       0.02032533  d_x2-y2
   61   1   0   0       1.35784154  s
   61   2   1  -1       0.82412222  p_y
   61   2   1   0       0.82844552  p_z
   61   2   1   1       0.82847186  p_x
   61   3   2  -2       0.03556856  d_xy
   61   3   2  -1       0.04077981  d_yz
   61   3   2   0       0.01929404  d_z2
   61   3   2   1       0.03923546  d_xz
   61   3   2   2       0.01921090  d_x2-y2
   62   1   0   0       1.39903895  s
   62   2   1  -1       0.83131836  p_y
   62   2   1   0       0.82775068  p_z
   62   2   1   1       0.83176880  p_x
   62   3   2  -2       0.03411543  d_xy
   62   3   2  -1       0.03636364  d_yz
   62   3   2   0       0.01583056  d_z2
   62   3   2   1       0.03734964  d_xz
   62   3   2   2       0.01657960  d_x2-y2
   63   1   0   0       1.36559127  s
   63   2   1  -1       0.83326786  p_y
   63   2   1   0       0.82838176  p_z
   63   2   1   1       0.82690134  p_x
   63   3   2  -2       0.03910300  d_xy
   63   3   2  -1       0.03691909  d_yz
   63   3   2   0       0.01901053  d_z2
   63   3   2   1       0.03980133  d_xz
   63   3   2   2       0.01822741  d_x2-y2
   64   1   0   0       1.38281107  s
   64   2   1  -1       0.83168931  p_y
   64   2   1   0       0.83691815  p_z
   64   2   1   1       0.83118984  p_x
   64   3   2  -2       0.03543786  d_xy
   64   3   2  -1       0.03428032  d_yz
   64   3   2   0       0.01393995  d_z2
   64   3   2   1       0.03475183  d_xz
   64   3   2   2       0.01753060  d_x2-y2

Fermi level:                        -0.1336076507 H           -3.6356 eV
Band energy:                       -88.1812490343 H        -2399.5339 eV
TS:                                  0.0000000000 H            0.0000 eV
Band free energy (E-TS):           -88.1812490343 H        -2399.5339 eV
Extrapolated E(0K):                -88.1812490343 H        -2399.5339 eV
Input / Output electrons (q):    256.0000000000    256.0000000000

Energy H0:                         -88.1683567091 H        -2399.1831 eV
Energy SCC:                          0.0004402302 H            0.0120 eV
Total Electronic energy:           -88.1679164789 H        -2399.1711 eV
Repulsive energy:                    0.0000000000 H            0.0000 eV
Total energy:                      -88.1679164789 H        -2399.1711 eV
Extrapolated to 0:                 -88.1679164789 H        -2399.1711 eV
Total Mermin free energy:          -88.1679164789 H        -2399.1711 eV
Force related energy:              -88.1679164789 H        -2399.1711 eV

Non-constrained calculation

SCC converged

Warning: dipole moment is not defined absolutely!
Dipole moment:   -0.24563078    0.22976727   -0.02882449 au
Dipole moment:   -0.62433123    0.58401019   -0.07326454 Debye


