 Fermi distribution function

Calculation with static geometry


********************************************************************************
 iSCC Total electronic   Diff electronic      SCC error    
    9   -0.88104750E+02   -0.62723871E-09    0.69036451E-05
********************************************************************************

 Total charge:    -0.00000000

 Atomic gross charges (e)
 Atom           Charge
    1      -0.00111700
    2       0.00682071
    3      -0.00142098
    4      -0.00442011
    5       0.00588761
    6      -0.00930219
    7       0.00670126
    8      -0.01910275
    9       0.02236852
   10      -0.01846567
   11       0.00961837
   12      -0.00877715
   13      -0.00550222
   14      -0.01721320
   15      -0.01739563
   16      -0.00104640
   17      -0.00872182
   18       0.00960358
   19       0.00526326
   20       0.00482038
   21       0.00360762
   22      -0.00071550
   23       0.01245178
   24       0.00730119
   25       0.00033030
   26       0.01608440
   27      -0.00276184
   28       0.00623190
   29       0.00677468
   30       0.01959786
   31      -0.00750905
   32      -0.00777483
   33      -0.00244506
   34      -0.00278772
   35      -0.01747217
   36       0.00766402
   37      -0.00444863
   38       0.00129108
   39       0.00661862
   40      -0.01015375
   41       0.01969993
   42      -0.00123246
   43       0.00343883
   44      -0.01161616
   45       0.00631030
   46      -0.02243570
   47       0.00183317
   48      -0.04293751
   49       0.00741516
   50       0.01046314
   51      -0.02260121
   52      -0.01542171
   53      -0.01105250
   54       0.01230919
   55       0.00878972
   56       0.01339426
   57       0.00637249
   58       0.01251803
   59       0.00477475
   60       0.00833093
   61      -0.01558778
   62       0.02338438
   63       0.01270366
   64       0.00066359

Nr. of electrons (up):    256.00000000
Atom populations (up)
 Atom       Population
    1       4.00111700
    2       3.99317929
    3       4.00142098
    4       4.00442011
    5       3.99411239
    6       4.00930219
    7       3.99329874
    8       4.01910275
    9       3.97763148
   10       4.01846567
   11       3.99038163
   12       4.00877715
   13       4.00550222
   14       4.01721320
   15       4.01739563
   16       4.00104640
   17       4.00872182
   18       3.99039642
   19       3.99473674
   20       3.99517962
   21       3.99639238
   22       4.00071550
   23       3.98754822
   24       3.99269881
   25       3.99966970
   26       3.98391560
   27       4.00276184
   28       3.99376810
   29       3.99322532
   30       3.98040214
   31       4.00750905
   32       4.00777483
   33       4.00244506
   34       4.00278772
   35       4.01747217
   36       3.99233598
   37       4.00444863
   38       3.99870892
   39       3.99338138
   40       4.01015375
   41       3.98030007
   42       4.00123246
   43       3.99656117
   44       4.01161616
   45       3.99368970
   46       4.02243570
   47       3.99816683
   48       4.04293751
   49       3.99258484
   50       3.98953686
   51       4.02260121
   52       4.01542171
   53       4.01105250
   54       3.98769081
   55       3.99121028
   56       3.98660574
   57       3.99362751
   58       3.98748197
   59       3.99522525
   60       3.99166907
   61       4.01558778
   62       3.97661562
   63       3.98729634
   64       3.99933641

l-shell populations (up)
 Atom Sh.   l       Population
    1   1   0       1.36012931
    1   2   1       2.48216780
    1   3   2       0.15881989
    2   1   0       1.35289529
    2   2   1       2.47214596
    2   3   2       0.16813804
    3   1   0       1.37716222
    3   2   1       2.46915363
    3   3   2       0.15510513
    4   1   0       1.35667339
    4   2   1       2.48855442
    4   3   2       0.15919230
    5   1   0       1.34422332
    5   2   1       2.48641200
    5   3   2       0.16347707
    6   1   0       1.35749860
    6   2   1       2.49402701
    6   3   2       0.15777658
    7   1   0       1.33540215
    7   2   1       2.49023568
    7   3   2       0.16766091
    8   1   0       1.39154272
    8   2   1       2.48216290
    8   3   2       0.14539713
    9   1   0       1.32492145
    9   2   1       2.48159194
    9   3   2       0.17111809
   10   1   0       1.37515677
   10   2   1       2.49344342
   10   3   2       0.14986548
   11   1   0       1.34551968
   11   2   1       2.48107580
   11   3   2       0.16378615
   12   1   0       1.37787314
   12   2   1       2.47938191
   12   3   2       0.15152209
   13   1   0       1.36676672
   13   2   1       2.47949010
   13   3   2       0.15924541
   14   1   0       1.38060432
   14   2   1       2.49413619
   14   3   2       0.14247269
   15   1   0       1.39133263
   15   2   1       2.47577765
   15   3   2       0.15028535
   16   1   0       1.36542331
   16   2   1       2.47870122
   16   3   2       0.15692186
   17   1   0       1.36347589
   17   2   1       2.49306056
   17   3   2       0.15218536
   18   1   0       1.36229089
   18   2   1       2.46547678
   18   3   2       0.16262875
   19   1   0       1.34932413
   19   2   1       2.48140352
   19   3   2       0.16400910
   20   1   0       1.35757749
   20   2   1       2.47879615
   20   3   2       0.15880598
   21   1   0       1.36653426
   21   2   1       2.47425646
   21   3   2       0.15560166
   22   1   0       1.36030801
   22   2   1       2.48073057
   22   3   2       0.15967693
   23   1   0       1.34633753
   23   2   1       2.48280546
   23   3   2       0.15840523
   24   1   0       1.36611908
   24   2   1       2.46695565
   24   3   2       0.15962408
   25   1   0       1.37283853
   25   2   1       2.46939839
   25   3   2       0.15743278
   26   1   0       1.33475576
   26   2   1       2.49011850
   26   3   2       0.15904133
   27   1   0       1.36944158
   27   2   1       2.48352786
   27   3   2       0.14979240
   28   1   0       1.36678610
   28   2   1       2.46799686
   28   3   2       0.15898514
   29   1   0       1.34775237
   29   2   1       2.48828610
   29   3   2       0.15718685
   30   1   0       1.32493088
   30   2   1       2.48723452
   30   3   2       0.16823674
   31   1   0       1.37246877
   31   2   1       2.48085574
   31   3   2       0.15418454
   32   1   0       1.37665606
   32   2   1       2.47546227
   32   3   2       0.15565650
   33   1   0       1.36787564
   33   2   1       2.48070317
   33   3   2       0.15386625
   34   1   0       1.37468434
   34   2   1       2.47422870
   34   3   2       0.15387468
   35   1   0       1.39738562
   35   2   1       2.47273620
   35   3   2       0.14735035
   36   1   0       1.34041323
   36   2   1       2.48050124
   36   3   2       0.17142151
   37   1   0       1.36712282
   37   2   1       2.48157114
   37   3   2       0.15575467
   38   1   0       1.34973037
   38   2   1       2.48198244
   38   3   2       0.16699612
   39   1   0       1.35974054
   39   2   1       2.47376946
   39   3   2       0.15987137
   40   1   0       1.36287277
   40   2   1       2.49721325
   40   3   2       0.15006773
   41   1   0       1.32762170
   41   2   1       2.48263953
   41   3   2       0.17003884
   42   1   0       1.36760626
   42   2   1       2.48370673
   42   3   2       0.14991947
   43   1   0       1.34990204
   43   2   1       2.48908147
   43   3   2       0.15757765
   44   1   0       1.37421962
   44   2   1       2.48155230
   44   3   2       0.15584424
   45   1   0       1.34658776
   45   2   1       2.48453924
   45   3   2       0.16256270
   46   1   0       1.37482186
   46   2   1       2.49231081
   46   3   2       0.15530303
   47   1   0       1.35251236
   47   2   1       2.47744163
   47   3   2       0.16821284
   48   1   0       1.41009554
   48   2   1       2.49346631
   48   3   2       0.13937566
   49   1   0       1.34971006
   49   2   1       2.48178417
   49   3   2       0.16109061
   50   1   0       1.34672764
   50   2   1       2.48453074
   50   3   2       0.15827848
   51   1   0       1.39879699
   51   2   1       2.48405039
   51   3   2       0.13975382
   52   1   0       1.38100697
   52   2   1       2.48989921
   52   3   2       0.14451553
   53   1   0       1.37841075
   53   2   1       2.47896462
   53   3   2       0.15367712
   54   1   0       1.35064562
   54   2   1       2.46997040
   54   3   2       0.16707479
   55   1   0       1.34383936
   55   2   1       2.48955497
   55   3   2       0.15781595
   56   1   0       1.34776556
   56   2   1       2.47039529
   56   3   2       0.16844489
   57   1   0       1.35360968
   57   2   1       2.47943633
   57   3   2       0.16058150
   58   1   0       1.35123212
   58   2   1       2.47124295
   58   3   2       0.16500690
   59   1   0       1.34511421
   59   2   1       2.49205131
   59   3   2       0.15805973
   60   1   0       1.35863037
   60   2   1       2.46250207
   60   3   2       0.17053662
   61   1   0       1.37928066
   61   2   1       2.48445377
   61   3   2       0.15185334
   62   1   0       1.32050343
   62   2   1       2.48509748
   62   3   2       0.17101471
   63   1   0       1.34455444
   63   2   1       2.47362292
   63   3   2       0.16911898
   64   1   0       1.37100553
   64   2   1       2.46940924
   64   3   2       0.15892163

Orbital populations (up)
 Atom Sh.   l   m       Population  Label
    1   1   0   0       1.36012931  s
    1   2   1  -1       0.82802662  p_y
    1   2   1   0       0.82710117  p_z
    1   2   1   1       0.82704002  p_x
    1   3   2  -2       0.04147209  d_xy
    1   3   2  -1       0.03868245  d_yz
    1   3   2   0       0.02092955  d_z2
    1   3   2   1       0.03959972  d_xz
    1   3   2   2       0.01813607  d_x2-y2
    2   1   0   0       1.35289529  s
    2   2   1  -1       0.82938277  p_y
    2   2   1   0       0.81883871  p_z
    2   2   1   1       0.82392448  p_x
    2   3   2  -2       0.03802806  d_xy
    2   3   2  -1       0.04059067  d_yz
    2   3   2   0       0.02379909  d_z2
    2   3   2   1       0.04469022  d_xz
    2   3   2   2       0.02103000  d_x2-y2
    3   1   0   0       1.37716222  s
    3   2   1  -1       0.81813271  p_y
    3   2   1   0       0.82618378  p_z
    3   2   1   1       0.82483713  p_x
    3   3   2  -2       0.03986355  d_xy
    3   3   2  -1       0.03793653  d_yz
    3   3   2   0       0.01969739  d_z2
    3   3   2   1       0.03809049  d_xz
    3   3   2   2       0.01951716  d_x2-y2
    4   1   0   0       1.35667339  s
    4   2   1  -1       0.83433013  p_y
    4   2   1   0       0.82436516  p_z
    4   2   1   1       0.82985913  p_x
    4   3   2  -2       0.04178256  d_xy
    4   3   2  -1       0.03932025  d_yz
    4   3   2   0       0.02074300  d_z2
    4   3   2   1       0.03915780  d_xz
    4   3   2   2       0.01818869  d_x2-y2
    5   1   0   0       1.34422332  s
    5   2   1  -1       0.83054647  p_y
    5   2   1   0       0.82447905  p_z
    5   2   1   1       0.83138647  p_x
    5   3   2  -2       0.03866617  d_xy
    5   3   2  -1       0.04452235  d_yz
    5   3   2   0       0.02192246  d_z2
    5   3   2   1       0.03822848  d_xz
    5   3   2   2       0.02013760  d_x2-y2
    6   1   0   0       1.35749860  s
    6   2   1  -1       0.82678515  p_y
    6   2   1   0       0.83149970  p_z
    6   2   1   1       0.83574216  p_x
    6   3   2  -2       0.03849836  d_xy
    6   3   2  -1       0.03932099  d_yz
    6   3   2   0       0.01980833  d_z2
    6   3   2   1       0.04083337  d_xz
    6   3   2   2       0.01931553  d_x2-y2
    7   1   0   0       1.33540215  s
    7   2   1  -1       0.83482060  p_y
    7   2   1   0       0.83049122  p_z
    7   2   1   1       0.82492387  p_x
    7   3   2  -2       0.04233023  d_xy
    7   3   2  -1       0.03846353  d_yz
    7   3   2   0       0.02200239  d_z2
    7   3   2   1       0.04376726  d_xz
    7   3   2   2       0.02109749  d_x2-y2
    8   1   0   0       1.39154272  s
    8   2   1  -1       0.82630974  p_y
    8   2   1   0       0.82902654  p_z
    8   2   1   1       0.82682662  p_x
    8   3   2  -2       0.03515623  d_xy
    8   3   2  -1       0.03894518  d_yz
    8   3   2   0       0.01709775  d_z2
    8   3   2   1       0.03726985  d_xz
    8   3   2   2       0.01692811  d_x2-y2
    9   1   0   0       1.32492145  s
    9   2   1  -1       0.82841820  p_y
    9   2   1   0       0.82934131  p_z
    9   2   1   1       0.82383243  p_x
    9   3   2  -2       0.03939210  d_xy
    9   3   2  -1       0.04282330  d_yz
    9   3   2   0       0.02178457  d_z2
    9   3   2   1       0.04419648  d_xz
    9   3   2   2       0.02292163  d_x2-y2
   10   1   0   0       1.37515677  s
   10   2   1  -1       0.83318639  p_y
   10   2   1   0       0.82748855  p_z
   10   2   1   1       0.83276848  p_x
   10   3   2  -2       0.03339713  d_xy
   10   3   2  -1       0.04221239  d_yz
   10   3   2   0       0.01751276  d_z2
   10   3   2   1       0.03790124  d_xz
   10   3   2   2       0.01884197  d_x2-y2
   11   1   0   0       1.34551968  s
   11   2   1  -1       0.82621371  p_y
   11   2   1   0       0.83212817  p_z
   11   2   1   1       0.82273393  p_x
   11   3   2  -2       0.04314893  d_xy
   11   3   2  -1       0.03946506  d_yz
   11   3   2   0       0.02106983  d_z2
   11   3   2   1       0.03986064  d_xz
   11   3   2   2       0.02024169  d_x2-y2
   12   1   0   0       1.37787314  s
   12   2   1  -1       0.83742321  p_y
   12   2   1   0       0.81167502  p_z
   12   2   1   1       0.83028369  p_x
   12   3   2  -2       0.03294189  d_xy
   12   3   2  -1       0.03638317  d_yz
   12   3   2   0       0.01963807  d_z2
   12   3   2   1       0.04534926  d_xz
   12   3   2   2       0.01720970  d_x2-y2
   13   1   0   0       1.36676672  s
   13   2   1  -1       0.83120504  p_y
   13   2   1   0       0.82175154  p_z
   13   2   1   1       0.82653352  p_x
   13   3   2  -2       0.03771875  d_xy
   13   3   2  -1       0.03692334  d_yz
   13   3   2   0       0.01944520  d_z2
   13   3   2   1       0.04559049  d_xz
   13   3   2   2       0.01956763  d_x2-y2
   14   1   0   0       1.38060432  s
   14   2   1  -1       0.83065348  p_y
   14   2   1   0       0.83286248  p_z
   14   2   1   1       0.83062024  p_x
   14   3   2  -2       0.03970836  d_xy
   14   3   2  -1       0.03554112  d_yz
   14   3   2   0       0.01807152  d_z2
   14   3   2   1       0.03343942  d_xz
   14   3   2   2       0.01571225  d_x2-y2
   15   1   0   0       1.39133263  s
   15   2   1  -1       0.83048638  p_y
   15   2   1   0       0.82072336  p_z
   15   2   1   1       0.82456791  p_x
   15   3   2  -2       0.03274284  d_xy
   15   3   2  -1       0.04060747  d_yz
   15   3   2   0       0.01770640  d_z2
   15   3   2   1       0.04140539  d_xz
   15   3   2   2       0.01782325  d_x2-y2
   16   1   0   0       1.36542331  s
   16   2   1  -1       0.82114383  p_y
   16   2   1   0       0.83145001  p_z
   16   2   1   1       0.82610738  p_x
   16   3   2  -2       0.03954067  d_xy
   16   3   2  -1       0.04066699  d_yz
   16   3   2   0       0.01987709  d_z2
   16   3   2   1       0.03678110  d_xz
   16   3   2   2       0.02005601  d_x2-y2
   17   1   0   0       1.36347589  s
   17   2   1  -1       0.83251177  p_y
   17   2   1   0       0.83200470  p_z
   17   2   1   1       0.82854410  p_x
   17   3   2  -2       0.04162564  d_xy
   17   3   2  -1       0.03559349  d_yz
   17   3   2   0       0.01809459  d_z2
   17   3   2   1       0.03811367  d_xz
   17   3   2   2       0.01875798  d_x2-y2
   18   1   0   0       1.36229089  s
   18   2   1  -1       0.81866360  p_y
   18   2   1   0       0.82238482  p_z
   18   2   1   1       0.82442837  p_x
   18   3   2  -2       0.03888490  d_xy
   18   3   2  -1       0.04198239  d_yz
   18   3   2   0       0.02030800  d_z2
   18   3   2   1       0.04087618  d_xz
   18   3   2   2       0.02057729  d_x2-y2
   19   1   0   0       1.34932413  s
   19   2   1  -1       0.82354661  p_y
   19   2   1   0       0.82826526  p_z
   19   2   1   1       0.82959165  p_x
   19   3   2  -2       0.04150301  d_xy
   19   3   2  -1       0.04435877  d_yz
   19   3   2   0       0.02008502  d_z2
   19   3   2   1       0.03671646  d_xz
   19   3   2   2       0.02134584  d_x2-y2
   20   1   0   0       1.35757749  s
   20   2   1  -1       0.82810568  p_y
   20   2   1   0       0.82825180  p_z
   20   2   1   1       0.82243868  p_x
   20   3   2  -2       0.04210397  d_xy
   20   3   2  -1       0.03690221  d_yz
   20   3   2   0       0.02032903  d_z2
   20   3   2   1       0.03995542  d_xz
   20   3   2   2       0.01951536  d_x2-y2
   21   1   0   0       1.36653426  s
   21   2   1  -1       0.82153950  p_y
   21   2   1   0       0.83130679  p_z
   21   2   1   1       0.82141017  p_x
   21   3   2  -2       0.04066055  d_xy
   21   3   2  -1       0.03923277  d_yz
   21   3   2   0       0.01868039  d_z2
   21   3   2   1       0.03720818  d_xz
   21   3   2   2       0.01981977  d_x2-y2
   22   1   0   0       1.36030801  s
   22   2   1  -1       0.82653292  p_y
   22   2   1   0       0.83120229  p_z
   22   2   1   1       0.82299535  p_x
   22   3   2  -2       0.04238484  d_xy
   22   3   2  -1       0.03717689  d_yz
   22   3   2   0       0.02049791  d_z2
   22   3   2   1       0.04069456  d_xz
   22   3   2   2       0.01892273  d_x2-y2
   23   1   0   0       1.34633753  s
   23   2   1  -1       0.82190687  p_y
   23   2   1   0       0.83257774  p_z
   23   2   1   1       0.82832085  p_x
   23   3   2  -2       0.04338019  d_xy
   23   3   2  -1       0.03875757  d_yz
   23   3   2   0       0.01879508  d_z2
   23   3   2   1       0.03645519  d_xz
   23   3   2   2       0.02101720  d_x2-y2
   24   1   0   0       1.36611908  s
   24   2   1  -1       0.81716654  p_y
   24   2   1   0       0.82290326  p_z
   24   2   1   1       0.82688585  p_x
   24   3   2  -2       0.04098025  d_xy
   24   3   2  -1       0.04325526  d_yz
   24   3   2   0       0.02369407  d_z2
   24   3   2   1       0.03342120  d_xz
   24   3   2   2       0.01827330  d_x2-y2
   25   1   0   0       1.37283853  s
   25   2   1  -1       0.82718648  p_y
   25   2   1   0       0.82871678  p_z
   25   2   1   1       0.81349514  p_x
   25   3   2  -2       0.03828679  d_xy
   25   3   2  -1       0.03967341  d_yz
   25   3   2   0       0.01913183  d_z2
   25   3   2   1       0.04001418  d_xz
   25   3   2   2       0.02032656  d_x2-y2
   26   1   0   0       1.33475576  s
   26   2   1  -1       0.82597590  p_y
   26   2   1   0       0.83449279  p_z
   26   2   1   1       0.82964981  p_x
   26   3   2  -2       0.04153766  d_xy
   26   3   2  -1       0.04170592  d_yz
   26   3   2   0       0.01911491  d_z2
   26   3   2   1       0.03477521  d_xz
   26   3   2   2       0.02190764  d_x2-y2
   27   1   0   0       1.36944158  s
   27   2   1  -1       0.83138716  p_y
   27   2   1   0       0.82892248  p_z
   27   2   1   1       0.82321822  p_x
   27   3   2  -2       0.03539502  d_xy
   27   3   2  -1       0.03555030  d_yz
   27   3   2   0       0.01781513  d_z2
   27   3   2   1       0.04255320  d_xz
   27   3   2   2       0.01847875  d_x2-y2
   28   1   0   0       1.36678610  s
   28   2   1  -1       0.82120662  p_y
   28   2   1   0       0.83112037  p_z
   28   2   1   1       0.81566987  p_x
   28   3   2  -2       0.04625975  d_xy
   28   3   2  -1       0.03579448  d_yz
   28   3   2   0       0.01885297  d_z2
   28   3   2   1       0.03755474  d_xz
   28   3   2   2       0.02052320  d_x2-y2
   29   1   0   0       1.34775237  s
   29   2   1  -1       0.82290548  p_y
   29   2   1   0       0.83487086  p_z
   29   2   1   1       0.83050977  p_x
   29   3   2  -2       0.04220492  d_xy
   29   3   2  -1       0.03821960  d_yz
   29   3   2   0       0.01786869  d_z2
   29   3   2   1       0.03822009  d_xz
   29   3   2   2       0.02067355  d_x2-y2
   30   1   0   0       1.32493088  s
   30   2   1  -1       0.83067822  p_y
   30   2   1   0       0.82508407  p_z
   30   2   1   1       0.83147223  p_x
   30   3   2  -2       0.04040920  d_xy
   30   3   2  -1       0.04060469  d_yz
   30   3   2   0       0.02380993  d_z2
   30   3   2   1       0.04357570  d_xz
   30   3   2   2       0.01983723  d_x2-y2
   31   1   0   0       1.37246877  s
   31   2   1  -1       0.82073176  p_y
   31   2   1   0       0.83638147  p_z
   31   2   1   1       0.82374251  p_x
   31   3   2  -2       0.04335038  d_xy
   31   3   2  -1       0.03658782  d_yz
   31   3   2   0       0.01755786  d_z2
   31   3   2   1       0.03636640  d_xz
   31   3   2   2       0.02032207  d_x2-y2
   32   1   0   0       1.37665606  s
   32   2   1  -1       0.82731336  p_y
   32   2   1   0       0.82638027  p_z
   32   2   1   1       0.82176865  p_x
   32   3   2  -2       0.03623772  d_xy
   32   3   2  -1       0.03855370  d_yz
   32   3   2   0       0.01890269  d_z2
   32   3   2   1       0.04219454  d_xz
   32   3   2   2       0.01976786  d_x2-y2
   33   1   0   0       1.36787564  s
   33   2   1  -1       0.82009457  p_y
   33   2   1   0       0.83167944  p_z
   33   2   1   1       0.82892916  p_x
   33   3   2  -2       0.04031787  d_xy
   33   3   2  -1       0.03975133  d_yz
   33   3   2   0       0.01691457  d_z2
   33   3   2   1       0.03623534  d_xz
   33   3   2   2       0.02064714  d_x2-y2
   34   1   0   0       1.37468434  s
   34   2   1  -1       0.82220862  p_y
   34   2   1   0       0.82735964  p_z
   34   2   1   1       0.82466043  p_x
   34   3   2  -2       0.04222226  d_xy
   34   3   2  -1       0.03674144  d_yz
   34   3   2   0       0.01863057  d_z2
   34   3   2   1       0.03687374  d_xz
   34   3   2   2       0.01940667  d_x2-y2
   35   1   0   0       1.39738562  s
   35   2   1  -1       0.82129178  p_y
   35   2   1   0       0.82418867  p_z
   35   2   1   1       0.82725575  p_x
   35   3   2  -2       0.03931357  d_xy
   35   3   2  -1       0.03565818  d_yz
   35   3   2   0       0.01754465  d_z2
   35   3   2   1       0.03645071  d_xz
   35   3   2   2       0.01838323  d_x2-y2
   36   1   0   0       1.34041323  s
   36   2   1  -1       0.82490800  p_y
   36   2   1   0       0.82835270  p_z
   36   2   1   1       0.82724054  p_x
   36   3   2  -2       0.03997843  d_xy
   36   3   2  -1       0.04430203  d_yz
   36   3   2   0       0.02127745  d_z2
   36   3   2   1       0.04289875  d_xz
   36   3   2   2       0.02296485  d_x2-y2
   37   1   0   0       1.36712282  s
   37   2   1  -1       0.82915407  p_y
   37   2   1   0       0.82500189  p_z
   37   2   1   1       0.82741518  p_x
   37   3   2  -2       0.03871356  d_xy
   37   3   2  -1       0.03942685  d_yz
   37   3   2   0       0.02074478  d_z2
   37   3   2   1       0.03913589  d_xz
   37   3   2   2       0.01773359  d_x2-y2
   38   1   0   0       1.34973037  s
   38   2   1  -1       0.82732256  p_y
   38   2   1   0       0.83162036  p_z
   38   2   1   1       0.82303952  p_x
   38   3   2  -2       0.03816934  d_xy
   38   3   2  -1       0.04457284  d_yz
   38   3   2   0       0.01986369  d_z2
   38   3   2   1       0.04161100  d_xz
   38   3   2   2       0.02277924  d_x2-y2
   39   1   0   0       1.35974054  s
   39   2   1  -1       0.82798990  p_y
   39   2   1   0       0.82074236  p_z
   39   2   1   1       0.82503720  p_x
   39   3   2  -2       0.04111959  d_xy
   39   3   2  -1       0.04042245  d_yz
   39   3   2   0       0.01916524  d_z2
   39   3   2   1       0.03887948  d_xz
   39   3   2   2       0.02028461  d_x2-y2
   40   1   0   0       1.36287277  s
   40   2   1  -1       0.82965355  p_y
   40   2   1   0       0.84053962  p_z
   40   2   1   1       0.82702008  p_x
   40   3   2  -2       0.04486915  d_xy
   40   3   2  -1       0.03338355  d_yz
   40   3   2   0       0.01675526  d_z2
   40   3   2   1       0.03566169  d_xz
   40   3   2   2       0.01939808  d_x2-y2
   41   1   0   0       1.32762170  s
   41   2   1  -1       0.82114205  p_y
   41   2   1   0       0.83300838  p_z
   41   2   1   1       0.82848909  p_x
   41   3   2  -2       0.04289056  d_xy
   41   3   2  -1       0.04397130  d_yz
   41   3   2   0       0.02084720  d_z2
   41   3   2   1       0.03925278  d_xz
   41   3   2   2       0.02307701  d_x2-y2
   42   1   0   0       1.36760626  s
   42   2   1  -1       0.82798552  p_y
   42   2   1   0       0.82556681  p_z
   42   2   1   1       0.83015439  p_x
   42   3   2  -2       0.04166709  d_xy
   42   3   2  -1       0.03425433  d_yz
   42   3   2   0       0.01925745  d_z2
   42   3   2   1       0.03708087  d_xz
   42   3   2   2       0.01765974  d_x2-y2
   43   1   0   0       1.34990204  s
   43   2   1  -1       0.82702202  p_y
   43   2   1   0       0.83077060  p_z
   43   2   1   1       0.83128886  p_x
   43   3   2  -2       0.03979434  d_xy
   43   3   2  -1       0.04038093  d_yz
   43   3   2   0       0.01990311  d_z2
   43   3   2   1       0.03804751  d_xz
   43   3   2   2       0.01945175  d_x2-y2
   44   1   0   0       1.37421962  s
   44   2   1  -1       0.82580013  p_y
   44   2   1   0       0.82630651  p_z
   44   2   1   1       0.82944566  p_x
   44   3   2  -2       0.03593277  d_xy
   44   3   2  -1       0.04439508  d_yz
   44   3   2   0       0.02072860  d_z2
   44   3   2   1       0.03670815  d_xz
   44   3   2   2       0.01807964  d_x2-y2
   45   1   0   0       1.34658776  s
   45   2   1  -1       0.83301808  p_y
   45   2   1   0       0.82544021  p_z
   45   2   1   1       0.82608095  p_x
   45   3   2  -2       0.03847851  d_xy
   45   3   2  -1       0.04159215  d_yz
   45   3   2   0       0.02140326  d_z2
   45   3   2   1       0.04049361  d_xz
   45   3   2   2       0.02059518  d_x2-y2
   46   1   0   0       1.37482186  s
   46   2   1  -1       0.82904305  p_y
   46   2   1   0       0.83495203  p_z
   46   2   1   1       0.82831573  p_x
   46   3   2  -2       0.03942181  d_xy
   46   3   2  -1       0.03803278  d_yz
   46   3   2   0       0.01736124  d_z2
   46   3   2   1       0.03983183  d_xz
   46   3   2   2       0.02065538  d_x2-y2
   47   1   0   0       1.35251236  s
   47   2   1  -1       0.82773177  p_y
   47   2   1   0       0.82534439  p_z
   47   2   1   1       0.82436548  p_x
   47   3   2  -2       0.03857713  d_xy
   47   3   2  -1       0.04036792  d_yz
   47   3   2   0       0.02161189  d_z2
   47   3   2   1       0.04669789  d_xz
   47   3   2   2       0.02095802  d_x2-y2
   48   1   0   0       1.41009554  s
   48   2   1  -1       0.82740907  p_y
   48   2   1   0       0.83597014  p_z
   48   2   1   1       0.83008710  p_x
   48   3   2  -2       0.04284936  d_xy
   48   3   2  -1       0.03164993  d_yz
   48   3   2   0       0.01538670  d_z2
   48   3   2   1       0.03222098  d_xz
   48   3   2   2       0.01726868  d_x2-y2
   49   1   0   0       1.34971006  s
   49   2   1  -1       0.82905162  p_y
   49   2   1   0       0.82266090  p_z
   49   2   1   1       0.83007165  p_x
   49   3   2  -2       0.03642353  d_xy
   49   3   2  -1       0.04073389  d_yz
   49   3   2   0       0.01973527  d_z2
   49   3   2   1       0.04364305  d_xz
   49   3   2   2       0.02055488  d_x2-y2
   50   1   0   0       1.34672764  s
   50   2   1  -1       0.82811026  p_y
   50   2   1   0       0.83368752  p_z
   50   2   1   1       0.82273296  p_x
   50   3   2  -2       0.03959268  d_xy
   50   3   2  -1       0.03847717  d_yz
   50   3   2   0       0.01951480  d_z2
   50   3   2   1       0.04015518  d_xz
   50   3   2   2       0.02053866  d_x2-y2
   51   1   0   0       1.39879699  s
   51   2   1  -1       0.83507147  p_y
   51   2   1   0       0.82205323  p_z
   51   2   1   1       0.82692570  p_x
   51   3   2  -2       0.03288476  d_xy
   51   3   2  -1       0.03672980  d_yz
   51   3   2   0       0.01626719  d_z2
   51   3   2   1       0.03816165  d_xz
   51   3   2   2       0.01571043  d_x2-y2
   52   1   0   0       1.38100697  s
   52   2   1  -1       0.82664927  p_y
   52   2   1   0       0.83344979  p_z
   52   2   1   1       0.82980016  p_x
   52   3   2  -2       0.03624856  d_xy
   52   3   2  -1       0.03916106  d_yz
   52   3   2   0       0.01668586  d_z2
   52   3   2   1       0.03481212  d_xz
   52   3   2   2       0.01760793  d_x2-y2
   53   1   0   0       1.37841075  s
   53   2   1  -1       0.82538888  p_y
   53   2   1   0       0.82715437  p_z
   53   2   1   1       0.82642137  p_x
   53   3   2  -2       0.04091837  d_xy
   53   3   2  -1       0.03922653  d_yz
   53   3   2   0       0.01708061  d_z2
   53   3   2   1       0.03527117  d_xz
   53   3   2   2       0.02118043  d_x2-y2
   54   1   0   0       1.35064562  s
   54   2   1  -1       0.82895127  p_y
   54   2   1   0       0.81663243  p_z
   54   2   1   1       0.82438670  p_x
   54   3   2  -2       0.03245104  d_xy
   54   3   2  -1       0.03889961  d_yz
   54   3   2   0       0.02236635  d_z2
   54   3   2   1       0.05261190  d_xz
   54   3   2   2       0.02074589  d_x2-y2
   55   1   0   0       1.34383936  s
   55   2   1  -1       0.82758646  p_y
   55   2   1   0       0.83025631  p_z
   55   2   1   1       0.83171220  p_x
   55   3   2  -2       0.04137612  d_xy
   55   3   2  -1       0.04107935  d_yz
   55   3   2   0       0.02042035  d_z2
   55   3   2   1       0.03622358  d_xz
   55   3   2   2       0.01871655  d_x2-y2
   56   1   0   0       1.34776556  s
   56   2   1  -1       0.82684984  p_y
   56   2   1   0       0.81872512  p_z
   56   2   1   1       0.82482033  p_x
   56   3   2  -2       0.04032153  d_xy
   56   3   2  -1       0.04136728  d_yz
   56   3   2   0       0.02288496  d_z2
   56   3   2   1       0.04232189  d_xz
   56   3   2   2       0.02154922  d_x2-y2
   57   1   0   0       1.35360968  s
   57   2   1  -1       0.82807186  p_y
   57   2   1   0       0.81789566  p_z
   57   2   1   1       0.83346881  p_x
   57   3   2  -2       0.03460834  d_xy
   57   3   2  -1       0.04934923  d_yz
   57   3   2   0       0.02146110  d_z2
   57   3   2   1       0.03641470  d_xz
   57   3   2   2       0.01874812  d_x2-y2
   58   1   0   0       1.35123212  s
   58   2   1  -1       0.82199133  p_y
   58   2   1   0       0.82227840  p_z
   58   2   1   1       0.82697321  p_x
   58   3   2  -2       0.04093513  d_xy
   58   3   2  -1       0.04277690  d_yz
   58   3   2   0       0.02191113  d_z2
   58   3   2   1       0.03830091  d_xz
   58   3   2   2       0.02108284  d_x2-y2
   59   1   0   0       1.34511421  s
   59   2   1  -1       0.83668304  p_y
   59   2   1   0       0.82611308  p_z
   59   2   1   1       0.82925519  p_x
   59   3   2  -2       0.03912978  d_xy
   59   3   2  -1       0.03572190  d_yz
   59   3   2   0       0.01994379  d_z2
   59   3   2   1       0.04360419  d_xz
   59   3   2   2       0.01966007  d_x2-y2
   60   1   0   0       1.35863037  s
   60   2   1  -1       0.81696668  p_y
   60   2   1   0       0.83109846  p_z
   60   2   1   1       0.81443693  p_x
   60   3   2  -2       0.04603980  d_xy
   60   3   2  -1       0.03876108  d_yz
   60   3   2   0       0.02301110  d_z2
   60   3   2   1       0.04181204  d_xz
   60   3   2   2       0.02091261  d_x2-y2
   61   1   0   0       1.37928066  s
   61   2   1  -1       0.83220833  p_y
   61   2   1   0       0.82707483  p_z
   61   2   1   1       0.82517061  p_x
   61   3   2  -2       0.03530606  d_xy
   61   3   2  -1       0.03417921  d_yz
   61   3   2   0       0.01816703  d_z2
   61   3   2   1       0.04532465  d_xz
   61   3   2   2       0.01887640  d_x2-y2
   62   1   0   0       1.32050343  s
   62   2   1  -1       0.82898821  p_y
   62   2   1   0       0.82671276  p_z
   62   2   1   1       0.82939651  p_x
   62   3   2  -2       0.04358087  d_xy
   62   3   2  -1       0.04706221  d_yz
   62   3   2   0       0.02326575  d_z2
   62   3   2   1       0.03577023  d_xz
   62   3   2   2       0.02133565  d_x2-y2
   63   1   0   0       1.34455444  s
   63   2   1  -1       0.82393499  p_y
   63   2   1   0       0.82482146  p_z
   63   2   1   1       0.82486647  p_x
   63   3   2  -2       0.03602306  d_xy
   63   3   2  -1       0.04496825  d_yz
   63   3   2   0       0.02164161  d_z2
   63   3   2   1       0.04444912  d_xz
   63   3   2   2       0.02203694  d_x2-y2
   64   1   0   0       1.37100553  s
   64   2   1  -1       0.82980818  p_y
   64   2   1   0       0.81326890  p_z
   64   2   1   1       0.82633216  p_x
   64   3   2  -2       0.03997495  d_xy
   64   3   2  -1       0.03622167  d_yz
   64   3   2   0       0.02297656  d_z2
   64   3   2   1       0.04334042  d_xz
   64   3   2   2       0.01640804  d_x2-y2

Fermi level:                        -0.1337682243 H           -3.6400 eV
Band energy:                       -88.1227312973 H        -2397.9415 eV
TS:                                  0.0000000000 H            0.0000 eV
Band free energy (E-TS):           -88.1227312973 H        -2397.9415 eV
Extrapolated E(0K):                -88.1227312973 H        -2397.9415 eV
Input / Output electrons (q):    256.0000000000    256.0000000000

Energy H0:                         -88.1053446736 H        -2397.4684 eV
Energy SCC:                          0.0005946014 H            0.0162 eV
Total Electronic energy:           -88.1047500722 H        -2397.4522 eV
Repulsive energy:                    0.0000000000 H            0.0000 eV
Total energy:                      -88.1047500722 H        -2397.4522 eV
Extrapolated to 0:                 -88.1047500722 H        -2397.4522 eV
Total Mermin free energy:          -88.1047500722 H        -2397.4522 eV
Force related energy:              -88.1047500722 H        -2397.4522 eV

Non-constrained calculation

SCC converged

Warning: dipole moment is not defined absolutely!
Dipole moment:    0.43382501   -0.73242051    0.88186082 au
Dipole moment:    1.10267328   -1.86162739    2.24146679 Debye


