 Fermi distribution function

Calculation with static geometry


********************************************************************************
 iSCC Total electronic   Diff electronic      SCC error    
    9   -0.88179920E+02   -0.81192297E-09    0.66640786E-05
********************************************************************************

 Total charge:    -0.00000000

 Atomic gross charges (e)
 Atom           Charge
    1       0.00169234
    2      -0.02607992
    3       0.01222967
    4      -0.00533441
    5      -0.01703618
    6       0.01488469
    7      -0.00931086
    8       0.02617796
    9      -0.00405834
   10       0.00263480
   11      -0.00827299
   12      -0.01442281
   13      -0.00073552
   14       0.00783350
   15       0.01144322
   16      -0.00260639
   17       0.00587462
   18       0.00220465
   19       0.00680786
   20       0.00948898
   21       0.01151759
   22      -0.01316994
   23       0.00810346
   24      -0.00466138
   25      -0.00406880
   26       0.00806660
   27      -0.00217230
   28       0.00523275
   29      -0.00010436
   30      -0.02139608
   31       0.01878976
   32      -0.01081734
   33       0.00445673
   34       0.00969078
   35      -0.00304920
   36      -0.00610218
   37      -0.00179673
   38      -0.00461610
   39       0.01900547
   40      -0.01285545
   41      -0.02853685
   42       0.00301203
   43      -0.00009460
   44       0.01140570
   45       0.01615662
   46      -0.01598769
   47       0.00021687
   48      -0.00274386
   49       0.01235710
   50      -0.00786550
   51       0.01227071
   52       0.00042832
   53       0.00842286
   54      -0.00573128
   55      -0.00193141
   56      -0.01367204
   57       0.00688086
   58       0.00792445
   59       0.00315118
   60       0.00786861
   61      -0.00702179
   62      -0.00903552
   63      -0.00811816
   64      -0.00282474

Nr. of electrons (up):    256.00000000
Atom populations (up)
 Atom       Population
    1       3.99830766
    2       4.02607992
    3       3.98777033
    4       4.00533441
    5       4.01703618
    6       3.98511531
    7       4.00931086
    8       3.97382204
    9       4.00405834
   10       3.99736520
   11       4.00827299
   12       4.01442281
   13       4.00073552
   14       3.99216650
   15       3.98855678
   16       4.00260639
   17       3.99412538
   18       3.99779535
   19       3.99319214
   20       3.99051102
   21       3.98848241
   22       4.01316994
   23       3.99189654
   24       4.00466138
   25       4.00406880
   26       3.99193340
   27       4.00217230
   28       3.99476725
   29       4.00010436
   30       4.02139608
   31       3.98121024
   32       4.01081734
   33       3.99554327
   34       3.99030922
   35       4.00304920
   36       4.00610218
   37       4.00179673
   38       4.00461610
   39       3.98099453
   40       4.01285545
   41       4.02853685
   42       3.99698797
   43       4.00009460
   44       3.98859430
   45       3.98384338
   46       4.01598769
   47       3.99978313
   48       4.00274386
   49       3.98764290
   50       4.00786550
   51       3.98772929
   52       3.99957168
   53       3.99157714
   54       4.00573128
   55       4.00193141
   56       4.01367204
   57       3.99311914
   58       3.99207555
   59       3.99684882
   60       3.99213139
   61       4.00702179
   62       4.00903552
   63       4.00811816
   64       4.00282474

l-shell populations (up)
 Atom Sh.   l       Population
    1   1   0       1.35991034
    1   2   1       2.48791560
    1   3   2       0.15048172
    2   1   0       1.39844710
    2   2   1       2.49309301
    2   3   2       0.13453982
    3   1   0       1.34708389
    3   2   1       2.47841927
    3   3   2       0.16226717
    4   1   0       1.36992707
    4   2   1       2.48450299
    4   3   2       0.15090435
    5   1   0       1.38069913
    5   2   1       2.48367940
    5   3   2       0.15265766
    6   1   0       1.34309001
    6   2   1       2.48061419
    6   3   2       0.16141110
    7   1   0       1.36858743
    7   2   1       2.49371353
    7   3   2       0.14700991
    8   1   0       1.32253423
    8   2   1       2.47023403
    8   3   2       0.18105378
    9   1   0       1.36762011
    9   2   1       2.48312830
    9   3   2       0.15330993
   10   1   0       1.34360417
   10   2   1       2.48932312
   10   3   2       0.16443792
   11   1   0       1.37299097
   11   2   1       2.48907760
   11   3   2       0.14620442
   12   1   0       1.37242003
   12   2   1       2.49288305
   12   3   2       0.14911974
   13   1   0       1.34917803
   13   2   1       2.49164248
   13   3   2       0.15991500
   14   1   0       1.34776226
   14   2   1       2.47847701
   14   3   2       0.16592723
   15   1   0       1.33513301
   15   2   1       2.47862441
   15   3   2       0.17479936
   16   1   0       1.37069279
   16   2   1       2.48381804
   16   3   2       0.14809556
   17   1   0       1.34563392
   17   2   1       2.48852721
   17   3   2       0.15996425
   18   1   0       1.36738291
   18   2   1       2.48068849
   18   3   2       0.14972395
   19   1   0       1.35395371
   19   2   1       2.47439838
   19   3   2       0.16484005
   20   1   0       1.35709936
   20   2   1       2.47670221
   20   3   2       0.15670944
   21   1   0       1.34269752
   21   2   1       2.47834290
   21   3   2       0.16744199
   22   1   0       1.36799287
   22   2   1       2.49438207
   22   3   2       0.15079501
   23   1   0       1.35225583
   23   2   1       2.48017465
   23   3   2       0.15946606
   24   1   0       1.35973013
   24   2   1       2.48503474
   24   3   2       0.15989651
   25   1   0       1.36552218
   25   2   1       2.48411435
   25   3   2       0.15443228
   26   1   0       1.34623052
   26   2   1       2.47912698
   26   3   2       0.16657590
   27   1   0       1.36500087
   27   2   1       2.48694247
   27   3   2       0.15022895
   28   1   0       1.35582372
   28   2   1       2.48385130
   28   3   2       0.15509224
   29   1   0       1.35782935
   29   2   1       2.48886760
   29   3   2       0.15340741
   30   1   0       1.37696594
   30   2   1       2.49350797
   30   3   2       0.15092216
   31   1   0       1.32679676
   31   2   1       2.47502517
   31   3   2       0.17938832
   32   1   0       1.36620604
   32   2   1       2.49102049
   32   3   2       0.15359081
   33   1   0       1.34082981
   33   2   1       2.48530504
   33   3   2       0.16940842
   34   1   0       1.34600711
   34   2   1       2.47778309
   34   3   2       0.16651902
   35   1   0       1.36440533
   35   2   1       2.48384413
   35   3   2       0.15479974
   36   1   0       1.37215682
   36   2   1       2.48391764
   36   3   2       0.15002772
   37   1   0       1.37451904
   37   2   1       2.48782666
   37   3   2       0.13945103
   38   1   0       1.35294697
   38   2   1       2.48510942
   38   3   2       0.16655971
   39   1   0       1.33421256
   39   2   1       2.47854645
   39   3   2       0.16823552
   40   1   0       1.36060393
   40   2   1       2.49767430
   40   3   2       0.15457721
   41   1   0       1.39905509
   41   2   1       2.48648356
   41   3   2       0.14299820
   42   1   0       1.34455013
   42   2   1       2.49033474
   42   3   2       0.16210309
   43   1   0       1.35251732
   43   2   1       2.48716186
   43   3   2       0.16041543
   44   1   0       1.33499771
   44   2   1       2.48385050
   44   3   2       0.16974609
   45   1   0       1.34055082
   45   2   1       2.47195793
   45   3   2       0.17133463
   46   1   0       1.37213700
   46   2   1       2.49999523
   46   3   2       0.14385545
   47   1   0       1.36301201
   47   2   1       2.49025638
   47   3   2       0.14651474
   48   1   0       1.35453041
   48   2   1       2.48664922
   48   3   2       0.16156423
   49   1   0       1.34210598
   49   2   1       2.48177161
   49   3   2       0.16376531
   50   1   0       1.36456466
   50   2   1       2.48195668
   50   3   2       0.16134415
   51   1   0       1.34841497
   51   2   1       2.48293712
   51   3   2       0.15637720
   52   1   0       1.35518269
   52   2   1       2.47929547
   52   3   2       0.16509353
   53   1   0       1.35484533
   53   2   1       2.47617478
   53   3   2       0.16055703
   54   1   0       1.36363391
   54   2   1       2.48863723
   54   3   2       0.15346014
   55   1   0       1.35497055
   55   2   1       2.48711156
   55   3   2       0.15984930
   56   1   0       1.37831559
   56   2   1       2.49594456
   56   3   2       0.13941190
   57   1   0       1.35849515
   57   2   1       2.47849378
   57   3   2       0.15613020
   58   1   0       1.34643811
   58   2   1       2.48169836
   58   3   2       0.16393908
   59   1   0       1.36278803
   59   2   1       2.47965130
   59   3   2       0.15440949
   60   1   0       1.34802001
   60   2   1       2.47653527
   60   3   2       0.16757611
   61   1   0       1.36540951
   61   2   1       2.48786836
   61   3   2       0.15374392
   62   1   0       1.37186273
   62   2   1       2.48916967
   62   3   2       0.14800312
   63   1   0       1.37227899
   63   2   1       2.49244478
   63   3   2       0.14339439
   64   1   0       1.36216045
   64   2   1       2.48777533
   64   3   2       0.15288896

Orbital populations (up)
 Atom Sh.   l   m       Population  Label
    1   1   0   0       1.35991034  s
    1   2   1  -1       0.82699144  p_y
    1   2   1   0       0.83286525  p_z
    1   2   1   1       0.82805890  p_x
    1   3   2  -2       0.03922808  d_xy
    1   3   2  -1       0.03693187  d_yz
    1   3   2   0       0.01716776  d_z2
    1   3   2   1       0.03805469  d_xz
    1   3   2   2       0.01909933  d_x2-y2
    2   1   0   0       1.39844710  s
    2   2   1  -1       0.83173351  p_y
    2   2   1   0       0.82911638  p_z
    2   2   1   1       0.83224312  p_x
    2   3   2  -2       0.03439534  d_xy
    2   3   2  -1       0.03556839  d_yz
    2   3   2   0       0.01621971  d_z2
    2   3   2   1       0.03372357  d_xz
    2   3   2   2       0.01463281  d_x2-y2
    3   1   0   0       1.34708389  s
    3   2   1  -1       0.82690282  p_y
    3   2   1   0       0.83123582  p_z
    3   2   1   1       0.82028064  p_x
    3   3   2  -2       0.04242249  d_xy
    3   3   2  -1       0.03773246  d_yz
    3   3   2   0       0.02143101  d_z2
    3   3   2   1       0.04080424  d_xz
    3   3   2   2       0.01987697  d_x2-y2
    4   1   0   0       1.36992707  s
    4   2   1  -1       0.82840012  p_y
    4   2   1   0       0.82955300  p_z
    4   2   1   1       0.82654987  p_x
    4   3   2  -2       0.03741200  d_xy
    4   3   2  -1       0.03752181  d_yz
    4   3   2   0       0.01831553  d_z2
    4   3   2   1       0.03887491  d_xz
    4   3   2   2       0.01878010  d_x2-y2
    5   1   0   0       1.38069913  s
    5   2   1  -1       0.82701770  p_y
    5   2   1   0       0.82545287  p_z
    5   2   1   1       0.83120883  p_x
    5   3   2  -2       0.03674071  d_xy
    5   3   2  -1       0.04116581  d_yz
    5   3   2   0       0.01874892  d_z2
    5   3   2   1       0.03768240  d_xz
    5   3   2   2       0.01831982  d_x2-y2
    6   1   0   0       1.34309001  s
    6   2   1  -1       0.82741411  p_y
    6   2   1   0       0.82622788  p_z
    6   2   1   1       0.82697220  p_x
    6   3   2  -2       0.03827516  d_xy
    6   3   2  -1       0.03787290  d_yz
    6   3   2   0       0.01946496  d_z2
    6   3   2   1       0.04415318  d_xz
    6   3   2   2       0.02164491  d_x2-y2
    7   1   0   0       1.36858743  s
    7   2   1  -1       0.82995395  p_y
    7   2   1   0       0.82884085  p_z
    7   2   1   1       0.83491873  p_x
    7   3   2  -2       0.04066462  d_xy
    7   3   2  -1       0.03527228  d_yz
    7   3   2   0       0.01860445  d_z2
    7   3   2   1       0.03537761  d_xz
    7   3   2   2       0.01709095  d_x2-y2
    8   1   0   0       1.32253423  s
    8   2   1  -1       0.82616039  p_y
    8   2   1   0       0.81997905  p_z
    8   2   1   1       0.82409459  p_x
    8   3   2  -2       0.04132012  d_xy
    8   3   2  -1       0.04430692  d_yz
    8   3   2   0       0.02432329  d_z2
    8   3   2   1       0.04703777  d_xz
    8   3   2   2       0.02406568  d_x2-y2
    9   1   0   0       1.36762011  s
    9   2   1  -1       0.82474750  p_y
    9   2   1   0       0.83433707  p_z
    9   2   1   1       0.82404373  p_x
    9   3   2  -2       0.04081430  d_xy
    9   3   2  -1       0.03813695  d_yz
    9   3   2   0       0.01964975  d_z2
    9   3   2   1       0.03616909  d_xz
    9   3   2   2       0.01853984  d_x2-y2
   10   1   0   0       1.34360417  s
   10   2   1  -1       0.83402047  p_y
   10   2   1   0       0.82491283  p_z
   10   2   1   1       0.83038982  p_x
   10   3   2  -2       0.03836340  d_xy
   10   3   2  -1       0.04019312  d_yz
   10   3   2   0       0.02233871  d_z2
   10   3   2   1       0.04304759  d_xz
   10   3   2   2       0.02049509  d_x2-y2
   11   1   0   0       1.37299097  s
   11   2   1  -1       0.83070115  p_y
   11   2   1   0       0.82884384  p_z
   11   2   1   1       0.82953261  p_x
   11   3   2  -2       0.03756880  d_xy
   11   3   2  -1       0.03739442  d_yz
   11   3   2   0       0.01681214  d_z2
   11   3   2   1       0.03630113  d_xz
   11   3   2   2       0.01812793  d_x2-y2
   12   1   0   0       1.37242003  s
   12   2   1  -1       0.83679001  p_y
   12   2   1   0       0.82607418  p_z
   12   2   1   1       0.83001887  p_x
   12   3   2  -2       0.03413860  d_xy
   12   3   2  -1       0.03971030  d_yz
   12   3   2   0       0.01801668  d_z2
   12   3   2   1       0.03977442  d_xz
   12   3   2   2       0.01747973  d_x2-y2
   13   1   0   0       1.34917803  s
   13   2   1  -1       0.83523648  p_y
   13   2   1   0       0.83015536  p_z
   13   2   1   1       0.82625065  p_x
   13   3   2  -2       0.03537567  d_xy
   13   3   2  -1       0.03897812  d_yz
   13   3   2   0       0.01958763  d_z2
   13   3   2   1       0.04492372  d_xz
   13   3   2   2       0.02104986  d_x2-y2
   14   1   0   0       1.34776226  s
   14   2   1  -1       0.82480935  p_y
   14   2   1   0       0.82593798  p_z
   14   2   1   1       0.82772967  p_x
   14   3   2  -2       0.04177531  d_xy
   14   3   2  -1       0.04328809  d_yz
   14   3   2   0       0.02144391  d_z2
   14   3   2   1       0.03891638  d_xz
   14   3   2   2       0.02050353  d_x2-y2
   15   1   0   0       1.33513301  s
   15   2   1  -1       0.82671494  p_y
   15   2   1   0       0.82460994  p_z
   15   2   1   1       0.82729953  p_x
   15   3   2  -2       0.04086514  d_xy
   15   3   2  -1       0.04186801  d_yz
   15   3   2   0       0.02361395  d_z2
   15   3   2   1       0.04601000  d_xz
   15   3   2   2       0.02244227  d_x2-y2
   16   1   0   0       1.37069279  s
   16   2   1  -1       0.82711425  p_y
   16   2   1   0       0.82773093  p_z
   16   2   1   1       0.82897286  p_x
   16   3   2  -2       0.03980599  d_xy
   16   3   2  -1       0.03677666  d_yz
   16   3   2   0       0.01832633  d_z2
   16   3   2   1       0.03593563  d_xz
   16   3   2   2       0.01725095  d_x2-y2
   17   1   0   0       1.34563392  s
   17   2   1  -1       0.83162745  p_y
   17   2   1   0       0.83115396  p_z
   17   2   1   1       0.82574580  p_x
   17   3   2  -2       0.04040887  d_xy
   17   3   2  -1       0.03865264  d_yz
   17   3   2   0       0.01976533  d_z2
   17   3   2   1       0.04114515  d_xz
   17   3   2   2       0.01999227  d_x2-y2
   18   1   0   0       1.36738291  s
   18   2   1  -1       0.82739485  p_y
   18   2   1   0       0.83105880  p_z
   18   2   1   1       0.82223484  p_x
   18   3   2  -2       0.03822065  d_xy
   18   3   2  -1       0.03654303  d_yz
   18   3   2   0       0.01776467  d_z2
   18   3   2   1       0.03837472  d_xz
   18   3   2   2       0.01882087  d_x2-y2
   19   1   0   0       1.35395371  s
   19   2   1  -1       0.82006138  p_y
   19   2   1   0       0.82874827  p_z
   19   2   1   1       0.82558873  p_x
   19   3   2  -2       0.03970940  d_xy
   19   3   2  -1       0.04583283  d_yz
   19   3   2   0       0.02052107  d_z2
   19   3   2   1       0.03787770  d_xz
   19   3   2   2       0.02089905  d_x2-y2
   20   1   0   0       1.35709936  s
   20   2   1  -1       0.81562150  p_y
   20   2   1   0       0.82999157  p_z
   20   2   1   1       0.83108914  p_x
   20   3   2  -2       0.04127923  d_xy
   20   3   2  -1       0.04033805  d_yz
   20   3   2   0       0.02010109  d_z2
   20   3   2   1       0.03545936  d_xz
   20   3   2   2       0.01953171  d_x2-y2
   21   1   0   0       1.34269752  s
   21   2   1  -1       0.82480835  p_y
   21   2   1   0       0.83082381  p_z
   21   2   1   1       0.82271075  p_x
   21   3   2  -2       0.04065963  d_xy
   21   3   2  -1       0.04043920  d_yz
   21   3   2   0       0.02059897  d_z2
   21   3   2   1       0.04297973  d_xz
   21   3   2   2       0.02276446  d_x2-y2
   22   1   0   0       1.36799287  s
   22   2   1  -1       0.83226811  p_y
   22   2   1   0       0.82991335  p_z
   22   2   1   1       0.83220061  p_x
   22   3   2  -2       0.03825291  d_xy
   22   3   2  -1       0.03724870  d_yz
   22   3   2   0       0.01900054  d_z2
   22   3   2   1       0.03788474  d_xz
   22   3   2   2       0.01840812  d_x2-y2
   23   1   0   0       1.35225583  s
   23   2   1  -1       0.82507720  p_y
   23   2   1   0       0.82967294  p_z
   23   2   1   1       0.82542451  p_x
   23   3   2  -2       0.04298718  d_xy
   23   3   2  -1       0.03782150  d_yz
   23   3   2   0       0.02059744  d_z2
   23   3   2   1       0.03881303  d_xz
   23   3   2   2       0.01924691  d_x2-y2
   24   1   0   0       1.35973013  s
   24   2   1  -1       0.82171669  p_y
   24   2   1   0       0.83083928  p_z
   24   2   1   1       0.83247877  p_x
   24   3   2  -2       0.04152448  d_xy
   24   3   2  -1       0.03994031  d_yz
   24   3   2   0       0.01949076  d_z2
   24   3   2   1       0.03859676  d_xz
   24   3   2   2       0.02034420  d_x2-y2
   25   1   0   0       1.36552218  s
   25   2   1  -1       0.82611574  p_y
   25   2   1   0       0.82845148  p_z
   25   2   1   1       0.82954713  p_x
   25   3   2  -2       0.04026520  d_xy
   25   3   2  -1       0.03856154  d_yz
   25   3   2   0       0.02098164  d_z2
   25   3   2   1       0.03699156  d_xz
   25   3   2   2       0.01763234  d_x2-y2
   26   1   0   0       1.34623052  s
   26   2   1  -1       0.82501887  p_y
   26   2   1   0       0.82752760  p_z
   26   2   1   1       0.82658051  p_x
   26   3   2  -2       0.04172529  d_xy
   26   3   2  -1       0.04246009  d_yz
   26   3   2   0       0.02086772  d_z2
   26   3   2   1       0.04012818  d_xz
   26   3   2   2       0.02139462  d_x2-y2
   27   1   0   0       1.36500087  s
   27   2   1  -1       0.83106102  p_y
   27   2   1   0       0.82929944  p_z
   27   2   1   1       0.82658201  p_x
   27   3   2  -2       0.03788821  d_xy
   27   3   2  -1       0.03675016  d_yz
   27   3   2   0       0.01814440  d_z2
   27   3   2   1       0.03896503  d_xz
   27   3   2   2       0.01848116  d_x2-y2
   28   1   0   0       1.35582372  s
   28   2   1  -1       0.82520428  p_y
   28   2   1   0       0.82979775  p_z
   28   2   1   1       0.82884926  p_x
   28   3   2  -2       0.04194089  d_xy
   28   3   2  -1       0.03787609  d_yz
   28   3   2   0       0.01931903  d_z2
   28   3   2   1       0.03698483  d_xz
   28   3   2   2       0.01897139  d_x2-y2
   29   1   0   0       1.35782935  s
   29   2   1  -1       0.82816309  p_y
   29   2   1   0       0.83440059  p_z
   29   2   1   1       0.82630391  p_x
   29   3   2  -2       0.04146091  d_xy
   29   3   2  -1       0.03855163  d_yz
   29   3   2   0       0.01779570  d_z2
   29   3   2   1       0.03618248  d_xz
   29   3   2   2       0.01941669  d_x2-y2
   30   1   0   0       1.37696594  s
   30   2   1  -1       0.83170602  p_y
   30   2   1   0       0.82889907  p_z
   30   2   1   1       0.83290289  p_x
   30   3   2  -2       0.03394476  d_xy
   30   3   2  -1       0.04080416  d_yz
   30   3   2   0       0.01742124  d_z2
   30   3   2   1       0.03976264  d_xz
   30   3   2   2       0.01898936  d_x2-y2
   31   1   0   0       1.32679676  s
   31   2   1  -1       0.82252684  p_y
   31   2   1   0       0.82805203  p_z
   31   2   1   1       0.82444630  p_x
   31   3   2  -2       0.04864914  d_xy
   31   3   2  -1       0.04200805  d_yz
   31   3   2   0       0.02426428  d_z2
   31   3   2   1       0.04098402  d_xz
   31   3   2   2       0.02348282  d_x2-y2
   32   1   0   0       1.36620604  s
   32   2   1  -1       0.83519177  p_y
   32   2   1   0       0.82547274  p_z
   32   2   1   1       0.83035598  p_x
   32   3   2  -2       0.03614968  d_xy
   32   3   2  -1       0.03855845  d_yz
   32   3   2   0       0.01860544  d_z2
   32   3   2   1       0.04154748  d_xz
   32   3   2   2       0.01872976  d_x2-y2
   33   1   0   0       1.34082981  s
   33   2   1  -1       0.82940029  p_y
   33   2   1   0       0.82470191  p_z
   33   2   1   1       0.83120285  p_x
   33   3   2  -2       0.04255577  d_xy
   33   3   2  -1       0.03986358  d_yz
   33   3   2   0       0.02281241  d_z2
   33   3   2   1       0.04361609  d_xz
   33   3   2   2       0.02056056  d_x2-y2
   34   1   0   0       1.34600711  s
   34   2   1  -1       0.82364362  p_y
   34   2   1   0       0.82707328  p_z
   34   2   1   1       0.82706618  p_x
   34   3   2  -2       0.04444591  d_xy
   34   3   2  -1       0.04149928  d_yz
   34   3   2   0       0.02159823  d_z2
   34   3   2   1       0.03831591  d_xz
   34   3   2   2       0.02065969  d_x2-y2
   35   1   0   0       1.36440533  s
   35   2   1  -1       0.82761543  p_y
   35   2   1   0       0.82606152  p_z
   35   2   1   1       0.83016717  p_x
   35   3   2  -2       0.03797707  d_xy
   35   3   2  -1       0.04109896  d_yz
   35   3   2   0       0.01921469  d_z2
   35   3   2   1       0.03776845  d_xz
   35   3   2   2       0.01874056  d_x2-y2
   36   1   0   0       1.37215682  s
   36   2   1  -1       0.82582152  p_y
   36   2   1   0       0.82902726  p_z
   36   2   1   1       0.82906886  p_x
   36   3   2  -2       0.04098218  d_xy
   36   3   2  -1       0.03711570  d_yz
   36   3   2   0       0.01763198  d_z2
   36   3   2   1       0.03506960  d_xz
   36   3   2   2       0.01922825  d_x2-y2
   37   1   0   0       1.37451904  s
   37   2   1  -1       0.82776784  p_y
   37   2   1   0       0.82948289  p_z
   37   2   1   1       0.83057593  p_x
   37   3   2  -2       0.03602912  d_xy
   37   3   2  -1       0.03613312  d_yz
   37   3   2   0       0.01657177  d_z2
   37   3   2   1       0.03445553  d_xz
   37   3   2   2       0.01626148  d_x2-y2
   38   1   0   0       1.35294697  s
   38   2   1  -1       0.82629043  p_y
   38   2   1   0       0.83049888  p_z
   38   2   1   1       0.82832011  p_x
   38   3   2  -2       0.04214148  d_xy
   38   3   2  -1       0.03996018  d_yz
   38   3   2   0       0.02205899  d_z2
   38   3   2   1       0.04130643  d_xz
   38   3   2   2       0.02109262  d_x2-y2
   39   1   0   0       1.33421256  s
   39   2   1  -1       0.82432805  p_y
   39   2   1   0       0.82657517  p_z
   39   2   1   1       0.82764323  p_x
   39   3   2  -2       0.04277873  d_xy
   39   3   2  -1       0.04067694  d_yz
   39   3   2   0       0.02257541  d_z2
   39   3   2   1       0.04136296  d_xz
   39   3   2   2       0.02084148  d_x2-y2
   40   1   0   0       1.36060393  s
   40   2   1  -1       0.82915532  p_y
   40   2   1   0       0.83561831  p_z
   40   2   1   1       0.83290067  p_x
   40   3   2  -2       0.04114137  d_xy
   40   3   2  -1       0.03614017  d_yz
   40   3   2   0       0.01867171  d_z2
   40   3   2   1       0.03901710  d_xz
   40   3   2   2       0.01960686  d_x2-y2
   41   1   0   0       1.39905509  s
   41   2   1  -1       0.82489949  p_y
   41   2   1   0       0.83203059  p_z
   41   2   1   1       0.82955349  p_x
   41   3   2  -2       0.03842790  d_xy
   41   3   2  -1       0.03747335  d_yz
   41   3   2   0       0.01572020  d_z2
   41   3   2   1       0.03361565  d_xz
   41   3   2   2       0.01776110  d_x2-y2
   42   1   0   0       1.34455013  s
   42   2   1  -1       0.83554376  p_y
   42   2   1   0       0.83023348  p_z
   42   2   1   1       0.82455751  p_x
   42   3   2  -2       0.03601886  d_xy
   42   3   2  -1       0.04004197  d_yz
   42   3   2   0       0.01915935  d_z2
   42   3   2   1       0.04479084  d_xz
   42   3   2   2       0.02209208  d_x2-y2
   43   1   0   0       1.35251732  s
   43   2   1  -1       0.82593668  p_y
   43   2   1   0       0.83325484  p_z
   43   2   1   1       0.82797033  p_x
   43   3   2  -2       0.04037119  d_xy
   43   3   2  -1       0.04121660  d_yz
   43   3   2   0       0.01771211  d_z2
   43   3   2   1       0.03913455  d_xz
   43   3   2   2       0.02198097  d_x2-y2
   44   1   0   0       1.33499771  s
   44   2   1  -1       0.82721453  p_y
   44   2   1   0       0.82539353  p_z
   44   2   1   1       0.83124245  p_x
   44   3   2  -2       0.03899630  d_xy
   44   3   2  -1       0.04482740  d_yz
   44   3   2   0       0.02250767  d_z2
   44   3   2   1       0.04223171  d_xz
   44   3   2   2       0.02118301  d_x2-y2
   45   1   0   0       1.34055082  s
   45   2   1  -1       0.82486102  p_y
   45   2   1   0       0.82139227  p_z
   45   2   1   1       0.82570463  p_x
   45   3   2  -2       0.03699503  d_xy
   45   3   2  -1       0.04489023  d_yz
   45   3   2   0       0.02101342  d_z2
   45   3   2   1       0.04491029  d_xz
   45   3   2   2       0.02352566  d_x2-y2
   46   1   0   0       1.37213700  s
   46   2   1  -1       0.83251748  p_y
   46   2   1   0       0.83623258  p_z
   46   2   1   1       0.83124517  p_x
   46   3   2  -2       0.03918042  d_xy
   46   3   2  -1       0.03623645  d_yz
   46   3   2   0       0.01675513  d_z2
   46   3   2   1       0.03391231  d_xz
   46   3   2   2       0.01777114  d_x2-y2
   47   1   0   0       1.36301201  s
   47   2   1  -1       0.83304152  p_y
   47   2   1   0       0.82959650  p_z
   47   2   1   1       0.82761835  p_x
   47   3   2  -2       0.03670277  d_xy
   47   3   2  -1       0.03487868  d_yz
   47   3   2   0       0.01757261  d_z2
   47   3   2   1       0.03958094  d_xz
   47   3   2   2       0.01777975  d_x2-y2
   48   1   0   0       1.35453041  s
   48   2   1  -1       0.82621323  p_y
   48   2   1   0       0.83341620  p_z
   48   2   1   1       0.82701979  p_x
   48   3   2  -2       0.04228579  d_xy
   48   3   2  -1       0.03891651  d_yz
   48   3   2   0       0.01985377  d_z2
   48   3   2   1       0.03962020  d_xz
   48   3   2   2       0.02088796  d_x2-y2
   49   1   0   0       1.34210598  s
   49   2   1  -1       0.83199202  p_y
   49   2   1   0       0.82104222  p_z
   49   2   1   1       0.82873737  p_x
   49   3   2  -2       0.03759465  d_xy
   49   3   2  -1       0.04153070  d_yz
   49   3   2   0       0.02192434  d_z2
   49   3   2   1       0.04321244  d_xz
   49   3   2   2       0.01950318  d_x2-y2
   50   1   0   0       1.36456466  s
   50   2   1  -1       0.82742272  p_y
   50   2   1   0       0.83009483  p_z
   50   2   1   1       0.82443914  p_x
   50   3   2  -2       0.04118943  d_xy
   50   3   2  -1       0.03879314  d_yz
   50   3   2   0       0.01974181  d_z2
   50   3   2   1       0.04122468  d_xz
   50   3   2   2       0.02039509  d_x2-y2
   51   1   0   0       1.34841497  s
   51   2   1  -1       0.83228973  p_y
   51   2   1   0       0.82073490  p_z
   51   2   1   1       0.82991248  p_x
   51   3   2  -2       0.03643689  d_xy
   51   3   2  -1       0.04066320  d_yz
   51   3   2   0       0.02053404  d_z2
   51   3   2   1       0.03982613  d_xz
   51   3   2   2       0.01891694  d_x2-y2
   52   1   0   0       1.35518269  s
   52   2   1  -1       0.82837269  p_y
   52   2   1   0       0.82523316  p_z
   52   2   1   1       0.82568963  p_x
   52   3   2  -2       0.04072862  d_xy
   52   3   2  -1       0.04166630  d_yz
   52   3   2   0       0.02053155  d_z2
   52   3   2   1       0.04045330  d_xz
   52   3   2   2       0.02171376  d_x2-y2
   53   1   0   0       1.35484533  s
   53   2   1  -1       0.82830654  p_y
   53   2   1   0       0.82295724  p_z
   53   2   1   1       0.82491100  p_x
   53   3   2  -2       0.04124918  d_xy
   53   3   2  -1       0.03931228  d_yz
   53   3   2   0       0.02065712  d_z2
   53   3   2   1       0.03892013  d_xz
   53   3   2   2       0.02041831  d_x2-y2
   54   1   0   0       1.36363391  s
   54   2   1  -1       0.83012379  p_y
   54   2   1   0       0.82530605  p_z
   54   2   1   1       0.83320739  p_x
   54   3   2  -2       0.03692716  d_xy
   54   3   2  -1       0.03851055  d_yz
   54   3   2   0       0.02027101  d_z2
   54   3   2   1       0.04010024  d_xz
   54   3   2   2       0.01765118  d_x2-y2
   55   1   0   0       1.35497055  s
   55   2   1  -1       0.83131050  p_y
   55   2   1   0       0.83003596  p_z
   55   2   1   1       0.82576511  p_x
   55   3   2  -2       0.03969897  d_xy
   55   3   2  -1       0.03766022  d_yz
   55   3   2   0       0.01966945  d_z2
   55   3   2   1       0.04139959  d_xz
   55   3   2   2       0.02142107  d_x2-y2
   56   1   0   0       1.37831559  s
   56   2   1  -1       0.83431740  p_y
   56   2   1   0       0.83119803  p_z
   56   2   1   1       0.83042912  p_x
   56   3   2  -2       0.03608514  d_xy
   56   3   2  -1       0.03509436  d_yz
   56   3   2   0       0.01695889  d_z2
   56   3   2   1       0.03541518  d_xz
   56   3   2   2       0.01585833  d_x2-y2
   57   1   0   0       1.35849515  s
   57   2   1  -1       0.83208700  p_y
   57   2   1   0       0.81664470  p_z
   57   2   1   1       0.82976209  p_x
   57   3   2  -2       0.03650274  d_xy
   57   3   2  -1       0.04073111  d_yz
   57   3   2   0       0.02047055  d_z2
   57   3   2   1       0.04032574  d_xz
   57   3   2   2       0.01810006  d_x2-y2
   58   1   0   0       1.34643811  s
   58   2   1  -1       0.82427411  p_y
   58   2   1   0       0.83083307  p_z
   58   2   1   1       0.82659117  p_x
   58   3   2  -2       0.04422141  d_xy
   58   3   2  -1       0.04054852  d_yz
   58   3   2   0       0.02193774  d_z2
   58   3   2   1       0.03686677  d_xz
   58   3   2   2       0.02036464  d_x2-y2
   59   1   0   0       1.36278803  s
   59   2   1  -1       0.82697790  p_y
   59   2   1   0       0.82328285  p_z
   59   2   1   1       0.82939056  p_x
   59   3   2  -2       0.03793561  d_xy
   59   3   2  -1       0.03932010  d_yz
   59   3   2   0       0.01973973  d_z2
   59   3   2   1       0.03937472  d_xz
   59   3   2   2       0.01803933  d_x2-y2
   60   1   0   0       1.34802001  s
   60   2   1  -1       0.82374285  p_y
   60   2   1   0       0.82951032  p_z
   60   2   1   1       0.82328209  p_x
   60   3   2  -2       0.04189753  d_xy
   60   3   2  -1       0.03979286  d_yz
   60   3   2   0       0.02205469  d_z2
   60   3   2   1       0.04291331  d_xz
   60   3   2   2       0.02091772  d_x2-y2
   61   1   0   0       1.36540951  s
   61   2   1  -1       0.82639305  p_y
   61   2   1   0       0.83296998  p_z
   61   2   1   1       0.82850532  p_x
   61   3   2  -2       0.03859604  d_xy
   61   3   2  -1       0.03762957  d_yz
   61   3   2   0       0.01830057  d_z2
   61   3   2   1       0.03920028  d_xz
   61   3   2   2       0.02001746  d_x2-y2
   62   1   0   0       1.37186273  s
   62   2   1  -1       0.83332233  p_y
   62   2   1   0       0.82635267  p_z
   62   2   1   1       0.82949467  p_x
   62   3   2  -2       0.03606184  d_xy
   62   3   2  -1       0.03895940  d_yz
   62   3   2   0       0.01823933  d_z2
   62   3   2   1       0.03798962  d_xz
   62   3   2   2       0.01675294  d_x2-y2
   63   1   0   0       1.37227899  s
   63   2   1  -1       0.83177612  p_y
   63   2   1   0       0.83008842  p_z
   63   2   1   1       0.83058024  p_x
   63   3   2  -2       0.03352408  d_xy
   63   3   2  -1       0.03900362  d_yz
   63   3   2   0       0.01589509  d_z2
   63   3   2   1       0.03729394  d_xz
   63   3   2   2       0.01767767  d_x2-y2
   64   1   0   0       1.36216045  s
   64   2   1  -1       0.83415319  p_y
   64   2   1   0       0.83053049  p_z
   64   2   1   1       0.82309166  p_x
   64   3   2  -2       0.03692300  d_xy
   64   3   2  -1       0.03548870  d_yz
   64   3   2   0       0.01781759  d_z2
   64   3   2   1       0.04338722  d_xz
   64   3   2   2       0.01927245  d_x2-y2

Fermi level:                        -0.1330785387 H           -3.6213 eV
Band energy:                       -88.1857708540 H        -2399.6569 eV
TS:                                  0.0000000000 H            0.0000 eV
Band free energy (E-TS):           -88.1857708540 H        -2399.6569 eV
Extrapolated E(0K):                -88.1857708540 H        -2399.6569 eV
Input / Output electrons (q):    256.0000000000    256.0000000000

Energy H0:                         -88.1802493372 H        -2399.5067 eV
Energy SCC:                          0.0003288528 H            0.0089 eV
Total Electronic energy:           -88.1799204844 H        -2399.4977 eV
Repulsive energy:                    0.0000000000 H            0.0000 eV
Total energy:                      -88.1799204844 H        -2399.4977 eV
Extrapolated to 0:                 -88.1799204844 H        -2399.4977 eV
Total Mermin free energy:          -88.1799204844 H        -2399.4977 eV
Force related energy:              -88.1799204844 H        -2399.4977 eV

Non-constrained calculation

SCC converged

Warning: dipole moment is not defined absolutely!
Dipole moment:   -0.28644261   -0.29781472   -0.22519149 au
Dipole moment:   -0.72806456   -0.75696957   -0.57237971 Debye


