 Fermi distribution function

Calculation with static geometry


********************************************************************************
 iSCC Total electronic   Diff electronic      SCC error    
    9   -0.88171543E+02   -0.78139806E-09    0.58675728E-05
********************************************************************************

 Total charge:    -0.00000000

 Atomic gross charges (e)
 Atom           Charge
    1       0.01619872
    2      -0.00372960
    3       0.02165680
    4      -0.00919121
    5      -0.02853327
    6       0.01852166
    7      -0.02183034
    8       0.00598355
    9      -0.00244042
   10      -0.00330909
   11      -0.01448122
   12       0.00983945
   13       0.00615678
   14      -0.00329755
   15       0.00545099
   16       0.00491369
   17       0.01967656
   18       0.00570753
   19       0.00771994
   20       0.00196018
   21       0.00775162
   22      -0.01957475
   23       0.00613982
   24      -0.01041295
   25      -0.00901922
   26       0.00644541
   27       0.01777585
   28       0.00808264
   29       0.00123608
   30      -0.03163419
   31       0.00022694
   32      -0.02658872
   33      -0.00040048
   34       0.01017705
   35      -0.01066510
   36       0.00917522
   37       0.00169391
   38       0.00318117
   39       0.01945998
   40      -0.01257098
   41      -0.04378011
   42       0.00771313
   43      -0.00565712
   44       0.01415196
   45       0.02225733
   46      -0.00183329
   47      -0.00040031
   48       0.00246955
   49       0.02282081
   50      -0.01036481
   51       0.03077587
   52      -0.00387718
   53       0.01561527
   54      -0.00435058
   55      -0.00218409
   56      -0.01483879
   57       0.00294149
   58      -0.00186418
   59       0.01555236
   60      -0.00997723
   61      -0.01462731
   62      -0.01015688
   63      -0.01698930
   64      -0.00084902

Nr. of electrons (up):    256.00000000
Atom populations (up)
 Atom       Population
    1       3.98380128
    2       4.00372960
    3       3.97834320
    4       4.00919121
    5       4.02853327
    6       3.98147834
    7       4.02183034
    8       3.99401645
    9       4.00244042
   10       4.00330909
   11       4.01448122
   12       3.99016055
   13       3.99384322
   14       4.00329755
   15       3.99454901
   16       3.99508631
   17       3.98032344
   18       3.99429247
   19       3.99228006
   20       3.99803982
   21       3.99224838
   22       4.01957475
   23       3.99386018
   24       4.01041295
   25       4.00901922
   26       3.99355459
   27       3.98222415
   28       3.99191736
   29       3.99876392
   30       4.03163419
   31       3.99977306
   32       4.02658872
   33       4.00040048
   34       3.98982295
   35       4.01066510
   36       3.99082478
   37       3.99830609
   38       3.99681883
   39       3.98054002
   40       4.01257098
   41       4.04378011
   42       3.99228687
   43       4.00565712
   44       3.98584804
   45       3.97774267
   46       4.00183329
   47       4.00040031
   48       3.99753045
   49       3.97717919
   50       4.01036481
   51       3.96922413
   52       4.00387718
   53       3.98438473
   54       4.00435058
   55       4.00218409
   56       4.01483879
   57       3.99705851
   58       4.00186418
   59       3.98444764
   60       4.00997723
   61       4.01462731
   62       4.01015688
   63       4.01698930
   64       4.00084902

l-shell populations (up)
 Atom Sh.   l       Population
    1   1   0       1.33541650
    1   2   1       2.48009190
    1   3   2       0.16829288
    2   1   0       1.36134136
    2   2   1       2.48754241
    2   3   2       0.15484583
    3   1   0       1.32188099
    3   2   1       2.48734227
    3   3   2       0.16911995
    4   1   0       1.36764180
    4   2   1       2.48753162
    4   3   2       0.15401780
    5   1   0       1.39584870
    5   2   1       2.49251344
    5   3   2       0.14017113
    6   1   0       1.33488778
    6   2   1       2.48021377
    6   3   2       0.16637679
    7   1   0       1.37815335
    7   2   1       2.49763007
    7   3   2       0.14604693
    8   1   0       1.36001306
    8   2   1       2.47292209
    8   3   2       0.16108130
    9   1   0       1.38780711
    9   2   1       2.46788648
    9   3   2       0.14674683
   10   1   0       1.35108530
   10   2   1       2.49041990
   10   3   2       0.16180388
   11   1   0       1.38369840
   11   2   1       2.49108395
   11   3   2       0.13969888
   12   1   0       1.33702131
   12   2   1       2.47777703
   12   3   2       0.17536221
   13   1   0       1.33674527
   13   2   1       2.48998468
   13   3   2       0.16711327
   14   1   0       1.36753381
   14   2   1       2.48343607
   14   3   2       0.15232767
   15   1   0       1.34480192
   15   2   1       2.47853474
   15   3   2       0.17121235
   16   1   0       1.35680683
   16   2   1       2.48544315
   16   3   2       0.15283633
   17   1   0       1.32171360
   17   2   1       2.48406242
   17   3   2       0.17454743
   18   1   0       1.35473837
   18   2   1       2.48736394
   18   3   2       0.15219016
   19   1   0       1.35053350
   19   2   1       2.47854548
   19   3   2       0.16320108
   20   1   0       1.36097114
   20   2   1       2.48234364
   20   3   2       0.15472504
   21   1   0       1.34708622
   21   2   1       2.48276387
   21   3   2       0.16239829
   22   1   0       1.36487581
   22   2   1       2.50039967
   22   3   2       0.15429927
   23   1   0       1.35615541
   23   2   1       2.48124788
   23   3   2       0.15645689
   24   1   0       1.35665490
   24   2   1       2.49574334
   24   3   2       0.15801472
   25   1   0       1.37739698
   25   2   1       2.48233882
   25   3   2       0.14928342
   26   1   0       1.35255950
   26   2   1       2.47994847
   26   3   2       0.16104662
   27   1   0       1.34051463
   27   2   1       2.47149451
   27   3   2       0.17021501
   28   1   0       1.34804162
   28   2   1       2.48138629
   28   3   2       0.16248946
   29   1   0       1.36588533
   29   2   1       2.48257479
   29   3   2       0.15030380
   30   1   0       1.38916213
   30   2   1       2.49516495
   30   3   2       0.14730711
   31   1   0       1.37339726
   31   2   1       2.48058992
   31   3   2       0.14578589
   32   1   0       1.38680963
   32   2   1       2.49863411
   32   3   2       0.14114498
   33   1   0       1.35345666
   33   2   1       2.49535567
   33   3   2       0.15158814
   34   1   0       1.34987246
   34   2   1       2.48239189
   34   3   2       0.15755860
   35   1   0       1.36617740
   35   2   1       2.49624092
   35   3   2       0.14824678
   36   1   0       1.35905912
   36   2   1       2.47993425
   36   3   2       0.15183140
   37   1   0       1.36842266
   37   2   1       2.47331786
   37   3   2       0.15656557
   38   1   0       1.34788868
   38   2   1       2.47975975
   38   3   2       0.16917041
   39   1   0       1.33591770
   39   2   1       2.47941759
   39   3   2       0.16520473
   40   1   0       1.37548743
   40   2   1       2.48030438
   40   3   2       0.15677917
   41   1   0       1.40934521
   41   2   1       2.49868619
   41   3   2       0.13574871
   42   1   0       1.35419796
   42   2   1       2.47852862
   42   3   2       0.15956028
   43   1   0       1.36569759
   43   2   1       2.48685144
   43   3   2       0.15310809
   44   1   0       1.34516965
   44   2   1       2.47593926
   44   3   2       0.16473913
   45   1   0       1.33130802
   45   2   1       2.46889837
   45   3   2       0.17753628
   46   1   0       1.35871167
   46   2   1       2.48940324
   46   3   2       0.15371838
   47   1   0       1.36345312
   47   2   1       2.48179444
   47   3   2       0.15515274
   48   1   0       1.35740751
   48   2   1       2.48623438
   48   3   2       0.15388856
   49   1   0       1.33819335
   49   2   1       2.47940516
   49   3   2       0.15958069
   50   1   0       1.37060095
   50   2   1       2.49180573
   50   3   2       0.14795813
   51   1   0       1.31465282
   51   2   1       2.47660592
   51   3   2       0.17796540
   52   1   0       1.36147772
   52   2   1       2.48281752
   52   3   2       0.15958195
   53   1   0       1.33210238
   53   2   1       2.48421456
   53   3   2       0.16806779
   54   1   0       1.36378857
   54   2   1       2.49200435
   54   3   2       0.14855766
   55   1   0       1.35943954
   55   2   1       2.48363191
   55   3   2       0.15911264
   56   1   0       1.37298781
   56   2   1       2.49386888
   56   3   2       0.14798211
   57   1   0       1.36615052
   57   2   1       2.47295171
   57   3   2       0.15795627
   58   1   0       1.35976746
   58   2   1       2.48583528
   58   3   2       0.15626144
   59   1   0       1.34678878
   59   2   1       2.47302799
   59   3   2       0.16463087
   60   1   0       1.37537213
   60   2   1       2.49399326
   60   3   2       0.14061184
   61   1   0       1.36486794
   61   2   1       2.49392403
   61   3   2       0.15583535
   62   1   0       1.36528195
   62   2   1       2.48776104
   62   3   2       0.15711389
   63   1   0       1.37635226
   63   2   1       2.49161420
   63   3   2       0.14902284
   64   1   0       1.35227827
   64   2   1       2.48196112
   64   3   2       0.16660964

Orbital populations (up)
 Atom Sh.   l   m       Population  Label
    1   1   0   0       1.33541650  s
    1   2   1  -1       0.82458033  p_y
    1   2   1   0       0.82751312  p_z
    1   2   1   1       0.82799845  p_x
    1   3   2  -2       0.03929184  d_xy
    1   3   2  -1       0.04524098  d_yz
    1   3   2   0       0.02056148  d_z2
    1   3   2   1       0.03994437  d_xz
    1   3   2   2       0.02325422  d_x2-y2
    2   1   0   0       1.36134136  s
    2   2   1  -1       0.82974579  p_y
    2   2   1   0       0.82998328  p_z
    2   2   1   1       0.82781333  p_x
    2   3   2  -2       0.03882096  d_xy
    2   3   2  -1       0.03872958  d_yz
    2   3   2   0       0.01840832  d_z2
    2   3   2   1       0.03963970  d_xz
    2   3   2   2       0.01924729  d_x2-y2
    3   1   0   0       1.32188099  s
    3   2   1  -1       0.83168757  p_y
    3   2   1   0       0.82804534  p_z
    3   2   1   1       0.82760936  p_x
    3   3   2  -2       0.04088605  d_xy
    3   3   2  -1       0.03835744  d_yz
    3   3   2   0       0.02263106  d_z2
    3   3   2   1       0.04481446  d_xz
    3   3   2   2       0.02243094  d_x2-y2
    4   1   0   0       1.36764180  s
    4   2   1  -1       0.83103749  p_y
    4   2   1   0       0.82924228  p_z
    4   2   1   1       0.82725185  p_x
    4   3   2  -2       0.03773132  d_xy
    4   3   2  -1       0.04027207  d_yz
    4   3   2   0       0.01807420  d_z2
    4   3   2   1       0.03833340  d_xz
    4   3   2   2       0.01960681  d_x2-y2
    5   1   0   0       1.39584870  s
    5   2   1  -1       0.83369145  p_y
    5   2   1   0       0.82708415  p_z
    5   2   1   1       0.83173784  p_x
    5   3   2  -2       0.03421389  d_xy
    5   3   2  -1       0.03454534  d_yz
    5   3   2   0       0.01635237  d_z2
    5   3   2   1       0.03892828  d_xz
    5   3   2   2       0.01613124  d_x2-y2
    6   1   0   0       1.33488778  s
    6   2   1  -1       0.82486093  p_y
    6   2   1   0       0.82648840  p_z
    6   2   1   1       0.82886444  p_x
    6   3   2  -2       0.04443050  d_xy
    6   3   2  -1       0.04102815  d_yz
    6   3   2   0       0.02180586  d_z2
    6   3   2   1       0.03827266  d_xz
    6   3   2   2       0.02083962  d_x2-y2
    7   1   0   0       1.37815335  s
    7   2   1  -1       0.83319241  p_y
    7   2   1   0       0.82794180  p_z
    7   2   1   1       0.83649586  p_x
    7   3   2  -2       0.03371183  d_xy
    7   3   2  -1       0.03929323  d_yz
    7   3   2   0       0.01829340  d_z2
    7   3   2   1       0.03742948  d_xz
    7   3   2   2       0.01731899  d_x2-y2
    8   1   0   0       1.36001306  s
    8   2   1  -1       0.82577571  p_y
    8   2   1   0       0.82604554  p_z
    8   2   1   1       0.82110084  p_x
    8   3   2  -2       0.04030831  d_xy
    8   3   2  -1       0.03831062  d_yz
    8   3   2   0       0.02044470  d_z2
    8   3   2   1       0.04152984  d_xz
    8   3   2   2       0.02048784  d_x2-y2
    9   1   0   0       1.38780711  s
    9   2   1  -1       0.82603200  p_y
    9   2   1   0       0.82258396  p_z
    9   2   1   1       0.81927052  p_x
    9   3   2  -2       0.03697321  d_xy
    9   3   2  -1       0.03601236  d_yz
    9   3   2   0       0.01991695  d_z2
    9   3   2   1       0.03708704  d_xz
    9   3   2   2       0.01675726  d_x2-y2
   10   1   0   0       1.35108530  s
   10   2   1  -1       0.82901794  p_y
   10   2   1   0       0.83056528  p_z
   10   2   1   1       0.83083668  p_x
   10   3   2  -2       0.04243920  d_xy
   10   3   2  -1       0.03906973  d_yz
   10   3   2   0       0.02075211  d_z2
   10   3   2   1       0.03974419  d_xz
   10   3   2   2       0.01979865  d_x2-y2
   11   1   0   0       1.38369840  s
   11   2   1  -1       0.82870929  p_y
   11   2   1   0       0.82929376  p_z
   11   2   1   1       0.83308091  p_x
   11   3   2  -2       0.03619199  d_xy
   11   3   2  -1       0.03713328  d_yz
   11   3   2   0       0.01617124  d_z2
   11   3   2   1       0.03382037  d_xz
   11   3   2   2       0.01638199  d_x2-y2
   12   1   0   0       1.33702131  s
   12   2   1  -1       0.82993032  p_y
   12   2   1   0       0.82457889  p_z
   12   2   1   1       0.82326782  p_x
   12   3   2  -2       0.04125065  d_xy
   12   3   2  -1       0.04419164  d_yz
   12   3   2   0       0.02249785  d_z2
   12   3   2   1       0.04465179  d_xz
   12   3   2   2       0.02277028  d_x2-y2
   13   1   0   0       1.33674527  s
   13   2   1  -1       0.83077132  p_y
   13   2   1   0       0.83402990  p_z
   13   2   1   1       0.82518346  p_x
   13   3   2  -2       0.04640272  d_xy
   13   3   2  -1       0.03668672  d_yz
   13   3   2   0       0.02142247  d_z2
   13   3   2   1       0.04093256  d_xz
   13   3   2   2       0.02166880  d_x2-y2
   14   1   0   0       1.36753381  s
   14   2   1  -1       0.82996211  p_y
   14   2   1   0       0.82316056  p_z
   14   2   1   1       0.83031340  p_x
   14   3   2  -2       0.03639355  d_xy
   14   3   2  -1       0.03709593  d_yz
   14   3   2   0       0.01988846  d_z2
   14   3   2   1       0.04212663  d_xz
   14   3   2   2       0.01682310  d_x2-y2
   15   1   0   0       1.34480192  s
   15   2   1  -1       0.82336594  p_y
   15   2   1   0       0.82697966  p_z
   15   2   1   1       0.82818914  p_x
   15   3   2  -2       0.04145501  d_xy
   15   3   2  -1       0.04486326  d_yz
   15   3   2   0       0.02118610  d_z2
   15   3   2   1       0.04032408  d_xz
   15   3   2   2       0.02338390  d_x2-y2
   16   1   0   0       1.35680683  s
   16   2   1  -1       0.82914917  p_y
   16   2   1   0       0.82324995  p_z
   16   2   1   1       0.83304403  p_x
   16   3   2  -2       0.03506622  d_xy
   16   3   2  -1       0.04205954  d_yz
   16   3   2   0       0.02041880  d_z2
   16   3   2   1       0.03780543  d_xz
   16   3   2   2       0.01748633  d_x2-y2
   17   1   0   0       1.32171360  s
   17   2   1  -1       0.82660000  p_y
   17   2   1   0       0.82930083  p_z
   17   2   1   1       0.82816159  p_x
   17   3   2  -2       0.04209651  d_xy
   17   3   2  -1       0.04589171  d_yz
   17   3   2   0       0.02137070  d_z2
   17   3   2   1       0.04037826  d_xz
   17   3   2   2       0.02481024  d_x2-y2
   18   1   0   0       1.35473837  s
   18   2   1  -1       0.82902497  p_y
   18   2   1   0       0.82958250  p_z
   18   2   1   1       0.82875647  p_x
   18   3   2  -2       0.03787113  d_xy
   18   3   2  -1       0.03889028  d_yz
   18   3   2   0       0.01797527  d_z2
   18   3   2   1       0.03825281  d_xz
   18   3   2   2       0.01920067  d_x2-y2
   19   1   0   0       1.35053350  s
   19   2   1  -1       0.82691086  p_y
   19   2   1   0       0.83142858  p_z
   19   2   1   1       0.82020603  p_x
   19   3   2  -2       0.04215191  d_xy
   19   3   2  -1       0.03996194  d_yz
   19   3   2   0       0.02001916  d_z2
   19   3   2   1       0.04030169  d_xz
   19   3   2   2       0.02076639  d_x2-y2
   20   1   0   0       1.36097114  s
   20   2   1  -1       0.82659100  p_y
   20   2   1   0       0.82575105  p_z
   20   2   1   1       0.83000159  p_x
   20   3   2  -2       0.03927736  d_xy
   20   3   2  -1       0.03873804  d_yz
   20   3   2   0       0.02010928  d_z2
   20   3   2   1       0.03868635  d_xz
   20   3   2   2       0.01791401  d_x2-y2
   21   1   0   0       1.34708622  s
   21   2   1  -1       0.82713162  p_y
   21   2   1   0       0.83102149  p_z
   21   2   1   1       0.82461076  p_x
   21   3   2  -2       0.04032801  d_xy
   21   3   2  -1       0.04027219  d_yz
   21   3   2   0       0.02052236  d_z2
   21   3   2   1       0.04027013  d_xz
   21   3   2   2       0.02100560  d_x2-y2
   22   1   0   0       1.36487581  s
   22   2   1  -1       0.83128325  p_y
   22   2   1   0       0.83549014  p_z
   22   2   1   1       0.83362628  p_x
   22   3   2  -2       0.04040211  d_xy
   22   3   2  -1       0.03785586  d_yz
   22   3   2   0       0.01852339  d_z2
   22   3   2   1       0.03817921  d_xz
   22   3   2   2       0.01933869  d_x2-y2
   23   1   0   0       1.35615541  s
   23   2   1  -1       0.82622233  p_y
   23   2   1   0       0.82807437  p_z
   23   2   1   1       0.82695117  p_x
   23   3   2  -2       0.04386646  d_xy
   23   3   2  -1       0.03549222  d_yz
   23   3   2   0       0.02226290  d_z2
   23   3   2   1       0.03728290  d_xz
   23   3   2   2       0.01755241  d_x2-y2
   24   1   0   0       1.35665490  s
   24   2   1  -1       0.82921059  p_y
   24   2   1   0       0.83377275  p_z
   24   2   1   1       0.83276000  p_x
   24   3   2  -2       0.03820979  d_xy
   24   3   2  -1       0.03850458  d_yz
   24   3   2   0       0.01892693  d_z2
   24   3   2   1       0.04216213  d_xz
   24   3   2   2       0.02021129  d_x2-y2
   25   1   0   0       1.37739698  s
   25   2   1  -1       0.82660768  p_y
   25   2   1   0       0.82776829  p_z
   25   2   1   1       0.82796285  p_x
   25   3   2  -2       0.03864551  d_xy
   25   3   2  -1       0.03490157  d_yz
   25   3   2   0       0.01916866  d_z2
   25   3   2   1       0.04012623  d_xz
   25   3   2   2       0.01644145  d_x2-y2
   26   1   0   0       1.35255950  s
   26   2   1  -1       0.82768446  p_y
   26   2   1   0       0.82618638  p_z
   26   2   1   1       0.82607763  p_x
   26   3   2  -2       0.04023259  d_xy
   26   3   2  -1       0.03794448  d_yz
   26   3   2   0       0.02013218  d_z2
   26   3   2   1       0.04246973  d_xz
   26   3   2   2       0.02026764  d_x2-y2
   27   1   0   0       1.34051463  s
   27   2   1  -1       0.82659827  p_y
   27   2   1   0       0.82218362  p_z
   27   2   1   1       0.82271262  p_x
   27   3   2  -2       0.04186233  d_xy
   27   3   2  -1       0.04244917  d_yz
   27   3   2   0       0.02181264  d_z2
   27   3   2   1       0.04169202  d_xz
   27   3   2   2       0.02239885  d_x2-y2
   28   1   0   0       1.34804162  s
   28   2   1  -1       0.82274199  p_y
   28   2   1   0       0.82901835  p_z
   28   2   1   1       0.82962595  p_x
   28   3   2  -2       0.04044134  d_xy
   28   3   2  -1       0.04347722  d_yz
   28   3   2   0       0.02007271  d_z2
   28   3   2   1       0.03709498  d_xz
   28   3   2   2       0.02140321  d_x2-y2
   29   1   0   0       1.36588533  s
   29   2   1  -1       0.83080887  p_y
   29   2   1   0       0.82894196  p_z
   29   2   1   1       0.82282397  p_x
   29   3   2  -2       0.03489015  d_xy
   29   3   2  -1       0.04034370  d_yz
   29   3   2   0       0.01708362  d_z2
   29   3   2   1       0.03883826  d_xz
   29   3   2   2       0.01914808  d_x2-y2
   30   1   0   0       1.38916213  s
   30   2   1  -1       0.83232669  p_y
   30   2   1   0       0.83307609  p_z
   30   2   1   1       0.82976218  p_x
   30   3   2  -2       0.03875558  d_xy
   30   3   2  -1       0.03628816  d_yz
   30   3   2   0       0.01635369  d_z2
   30   3   2   1       0.03762178  d_xz
   30   3   2   2       0.01828790  d_x2-y2
   31   1   0   0       1.37339726  s
   31   2   1  -1       0.82797664  p_y
   31   2   1   0       0.82315504  p_z
   31   2   1   1       0.82945824  p_x
   31   3   2  -2       0.03782374  d_xy
   31   3   2  -1       0.03471417  d_yz
   31   3   2   0       0.01844006  d_z2
   31   3   2   1       0.03825306  d_xz
   31   3   2   2       0.01655486  d_x2-y2
   32   1   0   0       1.38680963  s
   32   2   1  -1       0.83040259  p_y
   32   2   1   0       0.83383564  p_z
   32   2   1   1       0.83439588  p_x
   32   3   2  -2       0.03698496  d_xy
   32   3   2  -1       0.03875163  d_yz
   32   3   2   0       0.01587357  d_z2
   32   3   2   1       0.03233574  d_xz
   32   3   2   2       0.01719907  d_x2-y2
   33   1   0   0       1.35345666  s
   33   2   1  -1       0.82827215  p_y
   33   2   1   0       0.83045984  p_z
   33   2   1   1       0.83662368  p_x
   33   3   2  -2       0.04204284  d_xy
   33   3   2  -1       0.04264093  d_yz
   33   3   2   0       0.01971446  d_z2
   33   3   2   1       0.02976428  d_xz
   33   3   2   2       0.01742563  d_x2-y2
   34   1   0   0       1.34987246  s
   34   2   1  -1       0.82909528  p_y
   34   2   1   0       0.82879580  p_z
   34   2   1   1       0.82450081  p_x
   34   3   2  -2       0.03857474  d_xy
   34   3   2  -1       0.03708324  d_yz
   34   3   2   0       0.01950672  d_z2
   34   3   2   1       0.04299929  d_xz
   34   3   2   2       0.01939460  d_x2-y2
   35   1   0   0       1.36617740  s
   35   2   1  -1       0.83330572  p_y
   35   2   1   0       0.83485967  p_z
   35   2   1   1       0.82807553  p_x
   35   3   2  -2       0.04096210  d_xy
   35   3   2  -1       0.03560952  d_yz
   35   3   2   0       0.01836547  d_z2
   35   3   2   1       0.03597526  d_xz
   35   3   2   2       0.01733442  d_x2-y2
   36   1   0   0       1.35905912  s
   36   2   1  -1       0.82422683  p_y
   36   2   1   0       0.82750190  p_z
   36   2   1   1       0.82820553  p_x
   36   3   2  -2       0.03549032  d_xy
   36   3   2  -1       0.03906624  d_yz
   36   3   2   0       0.01867062  d_z2
   36   3   2   1       0.03944497  d_xz
   36   3   2   2       0.01915926  d_x2-y2
   37   1   0   0       1.36842266  s
   37   2   1  -1       0.82334205  p_y
   37   2   1   0       0.82917319  p_z
   37   2   1   1       0.82080262  p_x
   37   3   2  -2       0.04135466  d_xy
   37   3   2  -1       0.03789133  d_yz
   37   3   2   0       0.01981259  d_z2
   37   3   2   1       0.03803898  d_xz
   37   3   2   2       0.01946802  d_x2-y2
   38   1   0   0       1.34788868  s
   38   2   1  -1       0.82568898  p_y
   38   2   1   0       0.82531992  p_z
   38   2   1   1       0.82875085  p_x
   38   3   2  -2       0.04154041  d_xy
   38   3   2  -1       0.04412465  d_yz
   38   3   2   0       0.02246332  d_z2
   38   3   2   1       0.04015978  d_xz
   38   3   2   2       0.02088225  d_x2-y2
   39   1   0   0       1.33591770  s
   39   2   1  -1       0.82381383  p_y
   39   2   1   0       0.82704154  p_z
   39   2   1   1       0.82856222  p_x
   39   3   2  -2       0.04027730  d_xy
   39   3   2  -1       0.04125377  d_yz
   39   3   2   0       0.02134132  d_z2
   39   3   2   1       0.04147200  d_xz
   39   3   2   2       0.02086032  d_x2-y2
   40   1   0   0       1.37548743  s
   40   2   1  -1       0.82782090  p_y
   40   2   1   0       0.82752923  p_z
   40   2   1   1       0.82495425  p_x
   40   3   2  -2       0.03931497  d_xy
   40   3   2  -1       0.03595594  d_yz
   40   3   2   0       0.01942449  d_z2
   40   3   2   1       0.04301995  d_xz
   40   3   2   2       0.01906381  d_x2-y2
   41   1   0   0       1.40934521  s
   41   2   1  -1       0.83136987  p_y
   41   2   1   0       0.83449751  p_z
   41   2   1   1       0.83281881  p_x
   41   3   2  -2       0.03299537  d_xy
   41   3   2  -1       0.03276232  d_yz
   41   3   2   0       0.01455868  d_z2
   41   3   2   1       0.03894272  d_xz
   41   3   2   2       0.01648962  d_x2-y2
   42   1   0   0       1.35419796  s
   42   2   1  -1       0.82955485  p_y
   42   2   1   0       0.83039562  p_z
   42   2   1   1       0.81857815  p_x
   42   3   2  -2       0.04491442  d_xy
   42   3   2  -1       0.03791817  d_yz
   42   3   2   0       0.01893061  d_z2
   42   3   2   1       0.03614401  d_xz
   42   3   2   2       0.02165309  d_x2-y2
   43   1   0   0       1.36569759  s
   43   2   1  -1       0.82659737  p_y
   43   2   1   0       0.82872784  p_z
   43   2   1   1       0.83152623  p_x
   43   3   2  -2       0.03434062  d_xy
   43   3   2  -1       0.04235571  d_yz
   43   3   2   0       0.01678934  d_z2
   43   3   2   1       0.03964573  d_xz
   43   3   2   2       0.01997669  d_x2-y2
   44   1   0   0       1.34516965  s
   44   2   1  -1       0.82312532  p_y
   44   2   1   0       0.82508229  p_z
   44   2   1   1       0.82773165  p_x
   44   3   2  -2       0.04270203  d_xy
   44   3   2  -1       0.04240270  d_yz
   44   3   2   0       0.02168859  d_z2
   44   3   2   1       0.03824041  d_xz
   44   3   2   2       0.01970540  d_x2-y2
   45   1   0   0       1.33130802  s
   45   2   1  -1       0.81917090  p_y
   45   2   1   0       0.82360104  p_z
   45   2   1   1       0.82612643  p_x
   45   3   2  -2       0.04674959  d_xy
   45   3   2  -1       0.04285731  d_yz
   45   3   2   0       0.02143485  d_z2
   45   3   2   1       0.04162347  d_xz
   45   3   2   2       0.02487105  d_x2-y2
   46   1   0   0       1.35871167  s
   46   2   1  -1       0.83268662  p_y
   46   2   1   0       0.82838556  p_z
   46   2   1   1       0.82833106  p_x
   46   3   2  -2       0.03794072  d_xy
   46   3   2  -1       0.03680076  d_yz
   46   3   2   0       0.01928116  d_z2
   46   3   2   1       0.04066226  d_xz
   46   3   2   2       0.01903347  d_x2-y2
   47   1   0   0       1.36345312  s
   47   2   1  -1       0.82743592  p_y
   47   2   1   0       0.82741126  p_z
   47   2   1   1       0.82694726  p_x
   47   3   2  -2       0.03830208  d_xy
   47   3   2  -1       0.04005151  d_yz
   47   3   2   0       0.01973664  d_z2
   47   3   2   1       0.03840899  d_xz
   47   3   2   2       0.01865352  d_x2-y2
   48   1   0   0       1.35740751  s
   48   2   1  -1       0.82728759  p_y
   48   2   1   0       0.83155919  p_z
   48   2   1   1       0.82738760  p_x
   48   3   2  -2       0.03981309  d_xy
   48   3   2  -1       0.04079813  d_yz
   48   3   2   0       0.01934811  d_z2
   48   3   2   1       0.03574768  d_xz
   48   3   2   2       0.01818154  d_x2-y2
   49   1   0   0       1.33819335  s
   49   2   1  -1       0.82798567  p_y
   49   2   1   0       0.82333672  p_z
   49   2   1   1       0.82808276  p_x
   49   3   2  -2       0.03597799  d_xy
   49   3   2  -1       0.04425122  d_yz
   49   3   2   0       0.02112243  d_z2
   49   3   2   1       0.03884797  d_xz
   49   3   2   2       0.01938107  d_x2-y2
   50   1   0   0       1.37060095  s
   50   2   1  -1       0.83005790  p_y
   50   2   1   0       0.82920214  p_z
   50   2   1   1       0.83254569  p_x
   50   3   2  -2       0.03905186  d_xy
   50   3   2  -1       0.03788274  d_yz
   50   3   2   0       0.01760607  d_z2
   50   3   2   1       0.03566746  d_xz
   50   3   2   2       0.01774999  d_x2-y2
   51   1   0   0       1.31465282  s
   51   2   1  -1       0.82417804  p_y
   51   2   1   0       0.82826822  p_z
   51   2   1   1       0.82415966  p_x
   51   3   2  -2       0.04542582  d_xy
   51   3   2  -1       0.04013709  d_yz
   51   3   2   0       0.02470510  d_z2
   51   3   2   1       0.04447189  d_xz
   51   3   2   2       0.02322550  d_x2-y2
   52   1   0   0       1.36147772  s
   52   2   1  -1       0.82729393  p_y
   52   2   1   0       0.82523025  p_z
   52   2   1   1       0.83029334  p_x
   52   3   2  -2       0.03987584  d_xy
   52   3   2  -1       0.04104284  d_yz
   52   3   2   0       0.02031065  d_z2
   52   3   2   1       0.03927120  d_xz
   52   3   2   2       0.01908142  d_x2-y2
   53   1   0   0       1.33210238  s
   53   2   1  -1       0.83126042  p_y
   53   2   1   0       0.82760974  p_z
   53   2   1   1       0.82534440  p_x
   53   3   2  -2       0.04533842  d_xy
   53   3   2  -1       0.03908616  d_yz
   53   3   2   0       0.02325749  d_z2
   53   3   2   1       0.03967223  d_xz
   53   3   2   2       0.02071348  d_x2-y2
   54   1   0   0       1.36378857  s
   54   2   1  -1       0.83049479  p_y
   54   2   1   0       0.83121957  p_z
   54   2   1   1       0.83029000  p_x
   54   3   2  -2       0.03822547  d_xy
   54   3   2  -1       0.03698026  d_yz
   54   3   2   0       0.01834291  d_z2
   54   3   2   1       0.03753697  d_xz
   54   3   2   2       0.01747204  d_x2-y2
   55   1   0   0       1.35943954  s
   55   2   1  -1       0.83022511  p_y
   55   2   1   0       0.82560241  p_z
   55   2   1   1       0.82780440  p_x
   55   3   2  -2       0.03863933  d_xy
   55   3   2  -1       0.04053600  d_yz
   55   3   2   0       0.02008283  d_z2
   55   3   2   1       0.03943449  d_xz
   55   3   2   2       0.02041999  d_x2-y2
   56   1   0   0       1.37298781  s
   56   2   1  -1       0.83179977  p_y
   56   2   1   0       0.83189330  p_z
   56   2   1   1       0.83017581  p_x
   56   3   2  -2       0.03492260  d_xy
   56   3   2  -1       0.03696313  d_yz
   56   3   2   0       0.01773724  d_z2
   56   3   2   1       0.04071038  d_xz
   56   3   2   2       0.01764875  d_x2-y2
   57   1   0   0       1.36615052  s
   57   2   1  -1       0.82442874  p_y
   57   2   1   0       0.81853950  p_z
   57   2   1   1       0.82998348  p_x
   57   3   2  -2       0.03698856  d_xy
   57   3   2  -1       0.04255729  d_yz
   57   3   2   0       0.02154622  d_z2
   57   3   2   1       0.03848566  d_xz
   57   3   2   2       0.01837854  d_x2-y2
   58   1   0   0       1.35976746  s
   58   2   1  -1       0.83003161  p_y
   58   2   1   0       0.82684489  p_z
   58   2   1   1       0.82895878  p_x
   58   3   2  -2       0.03697980  d_xy
   58   3   2  -1       0.04051157  d_yz
   58   3   2   0       0.01945216  d_z2
   58   3   2   1       0.04050068  d_xz
   58   3   2   2       0.01881724  d_x2-y2
   59   1   0   0       1.34678878  s
   59   2   1  -1       0.82309852  p_y
   59   2   1   0       0.82604498  p_z
   59   2   1   1       0.82388449  p_x
   59   3   2  -2       0.04477668  d_xy
   59   3   2  -1       0.03894622  d_yz
   59   3   2   0       0.02047730  d_z2
   59   3   2   1       0.03917662  d_xz
   59   3   2   2       0.02125405  d_x2-y2
   60   1   0   0       1.37537213  s
   60   2   1  -1       0.83102083  p_y
   60   2   1   0       0.83028720  p_z
   60   2   1   1       0.83268523  p_x
   60   3   2  -2       0.03434490  d_xy
   60   3   2  -1       0.03627052  d_yz
   60   3   2   0       0.01632816  d_z2
   60   3   2   1       0.03709840  d_xz
   60   3   2   2       0.01656987  d_x2-y2
   61   1   0   0       1.36486794  s
   61   2   1  -1       0.82757349  p_y
   61   2   1   0       0.83267786  p_z
   61   2   1   1       0.83367268  p_x
   61   3   2  -2       0.03772421  d_xy
   61   3   2  -1       0.03890074  d_yz
   61   3   2   0       0.01813508  d_z2
   61   3   2   1       0.04047047  d_xz
   61   3   2   2       0.02060485  d_x2-y2
   62   1   0   0       1.36528195  s
   62   2   1  -1       0.82843654  p_y
   62   2   1   0       0.83104887  p_z
   62   2   1   1       0.82827563  p_x
   62   3   2  -2       0.04279733  d_xy
   62   3   2  -1       0.03550321  d_yz
   62   3   2   0       0.01964526  d_z2
   62   3   2   1       0.03999420  d_xz
   62   3   2   2       0.01917389  d_x2-y2
   63   1   0   0       1.37635226  s
   63   2   1  -1       0.83220379  p_y
   63   2   1   0       0.82771403  p_z
   63   2   1   1       0.83169639  p_x
   63   3   2  -2       0.03403042  d_xy
   63   3   2  -1       0.03981742  d_yz
   63   3   2   0       0.01812336  d_z2
   63   3   2   1       0.03952879  d_xz
   63   3   2   2       0.01752284  d_x2-y2
   64   1   0   0       1.35227827  s
   64   2   1  -1       0.82996441  p_y
   64   2   1   0       0.82985021  p_z
   64   2   1   1       0.82214650  p_x
   64   3   2  -2       0.04057426  d_xy
   64   3   2  -1       0.04204413  d_yz
   64   3   2   0       0.02066551  d_z2
   64   3   2   1       0.04127052  d_xz
   64   3   2   2       0.02205522  d_x2-y2

Fermi level:                        -0.1330313238 H           -3.6200 eV
Band energy:                       -88.1849627539 H        -2399.6349 eV
TS:                                  0.0000000000 H            0.0000 eV
Band free energy (E-TS):           -88.1849627539 H        -2399.6349 eV
Extrapolated E(0K):                -88.1849627539 H        -2399.6349 eV
Input / Output electrons (q):    256.0000000000    256.0000000000

Energy H0:                         -88.1722116281 H        -2399.2880 eV
Energy SCC:                          0.0006686005 H            0.0182 eV
Total Electronic energy:           -88.1715430275 H        -2399.2698 eV
Repulsive energy:                    0.0000000000 H            0.0000 eV
Total energy:                      -88.1715430275 H        -2399.2698 eV
Extrapolated to 0:                 -88.1715430275 H        -2399.2698 eV
Total Mermin free energy:          -88.1715430275 H        -2399.2698 eV
Force related energy:              -88.1715430275 H        -2399.2698 eV

Non-constrained calculation

SCC converged

Warning: dipole moment is not defined absolutely!
Dipole moment:   -0.09200106   -0.29503624   -0.68492132 au
Dipole moment:   -0.23384338   -0.74990739   -1.74089649 Debye


