 Fermi distribution function

Calculation with static geometry


********************************************************************************
 iSCC Total electronic   Diff electronic      SCC error    
    9   -0.88192865E+02   -0.10313954E-08    0.68366737E-05
********************************************************************************

 Total charge:    -0.00000000

 Atomic gross charges (e)
 Atom           Charge
    1      -0.01086982
    2       0.01129218
    3      -0.02014401
    4       0.00446996
    5       0.00737905
    6      -0.00584991
    7      -0.00943387
    8      -0.01090159
    9       0.00055767
   10      -0.00931815
   11      -0.00590953
   12       0.00936348
   13      -0.02343374
   14      -0.00583322
   15      -0.01053186
   16       0.00009562
   17       0.01233189
   18      -0.00144679
   19       0.02143816
   20       0.01217243
   21       0.00127355
   22      -0.00152185
   23      -0.00756345
   24       0.00920378
   25       0.02366170
   26       0.00797949
   27       0.02398173
   28      -0.00963412
   29      -0.00203838
   30       0.00910922
   31       0.00542162
   32      -0.02725225
   33      -0.01371533
   34      -0.01224634
   35      -0.02531398
   36       0.01533134
   37      -0.01382258
   38       0.01543428
   39      -0.01029621
   40      -0.00429028
   41       0.00375771
   42      -0.01927068
   43      -0.01402035
   44      -0.01087919
   45       0.00533217
   46      -0.00136026
   47      -0.00659633
   48      -0.01898154
   49       0.02741853
   50       0.01815521
   51      -0.00782074
   52      -0.00862918
   53      -0.00938467
   54       0.00909299
   55       0.02244957
   56      -0.00705998
   57       0.02245119
   58      -0.00558818
   59       0.01608720
   60       0.00483513
   61       0.02158014
   62      -0.00019847
   63       0.01428593
   64      -0.00478611

Nr. of electrons (up):    256.00000000
Atom populations (up)
 Atom       Population
    1       4.01086982
    2       3.98870782
    3       4.02014401
    4       3.99553004
    5       3.99262095
    6       4.00584991
    7       4.00943387
    8       4.01090159
    9       3.99944233
   10       4.00931815
   11       4.00590953
   12       3.99063652
   13       4.02343374
   14       4.00583322
   15       4.01053186
   16       3.99990438
   17       3.98766811
   18       4.00144679
   19       3.97856184
   20       3.98782757
   21       3.99872645
   22       4.00152185
   23       4.00756345
   24       3.99079622
   25       3.97633830
   26       3.99202051
   27       3.97601827
   28       4.00963412
   29       4.00203838
   30       3.99089078
   31       3.99457838
   32       4.02725225
   33       4.01371533
   34       4.01224634
   35       4.02531398
   36       3.98466866
   37       4.01382258
   38       3.98456572
   39       4.01029621
   40       4.00429028
   41       3.99624229
   42       4.01927068
   43       4.01402035
   44       4.01087919
   45       3.99466783
   46       4.00136026
   47       4.00659633
   48       4.01898154
   49       3.97258147
   50       3.98184479
   51       4.00782074
   52       4.00862918
   53       4.00938467
   54       3.99090701
   55       3.97755043
   56       4.00705998
   57       3.97754881
   58       4.00558818
   59       3.98391280
   60       3.99516487
   61       3.97841986
   62       4.00019847
   63       3.98571407
   64       4.00478611

l-shell populations (up)
 Atom Sh.   l       Population
    1   1   0       1.36719540
    1   2   1       2.48654657
    1   3   2       0.15712785
    2   1   0       1.35091250
    2   2   1       2.47859494
    2   3   2       0.15920039
    3   1   0       1.37835662
    3   2   1       2.49205191
    3   3   2       0.14973548
    4   1   0       1.34551979
    4   2   1       2.48220061
    4   3   2       0.16780965
    5   1   0       1.33940670
    5   2   1       2.49059578
    5   3   2       0.16261848
    6   1   0       1.36878318
    6   2   1       2.48924280
    6   3   2       0.14782392
    7   1   0       1.36506018
    7   2   1       2.49365838
    7   3   2       0.15071531
    8   1   0       1.37001840
    8   2   1       2.48685267
    8   3   2       0.15403052
    9   1   0       1.35216658
    9   2   1       2.49192548
    9   3   2       0.15535027
   10   1   0       1.35658214
   10   2   1       2.48380766
   10   3   2       0.16892835
   11   1   0       1.35906557
   11   2   1       2.49238040
   11   3   2       0.15446356
   12   1   0       1.34258771
   12   2   1       2.47890205
   12   3   2       0.16914675
   13   1   0       1.37471276
   13   2   1       2.50209433
   13   3   2       0.14662665
   14   1   0       1.35515034
   14   2   1       2.48838195
   14   3   2       0.16230094
   15   1   0       1.37162125
   15   2   1       2.48203887
   15   3   2       0.15687174
   16   1   0       1.36152418
   16   2   1       2.48451164
   16   3   2       0.15386856
   17   1   0       1.35280412
   17   2   1       2.47707218
   17   3   2       0.15779181
   18   1   0       1.36118021
   18   2   1       2.48903873
   18   3   2       0.15122785
   19   1   0       1.34036605
   19   2   1       2.47349504
   19   3   2       0.16470074
   20   1   0       1.33324101
   20   2   1       2.47614008
   20   3   2       0.17844648
   21   1   0       1.35862646
   21   2   1       2.48873864
   21   3   2       0.15136135
   22   1   0       1.35962685
   22   2   1       2.48895423
   22   3   2       0.15294077
   23   1   0       1.37892920
   23   2   1       2.49622414
   23   3   2       0.13241010
   24   1   0       1.33935375
   24   2   1       2.47683903
   24   3   2       0.17460344
   25   1   0       1.33381403
   25   2   1       2.46819393
   25   3   2       0.17433033
   26   1   0       1.34610084
   26   2   1       2.48852074
   26   3   2       0.15739893
   27   1   0       1.33295175
   27   2   1       2.47547987
   27   3   2       0.16758666
   28   1   0       1.37577718
   28   2   1       2.49025809
   28   3   2       0.14359886
   29   1   0       1.36057958
   29   2   1       2.49030557
   29   3   2       0.15115323
   30   1   0       1.34555501
   30   2   1       2.48995617
   30   3   2       0.15537961
   31   1   0       1.35169602
   31   2   1       2.48060126
   31   3   2       0.16228110
   32   1   0       1.40258227
   32   2   1       2.49417683
   32   3   2       0.13049315
   33   1   0       1.38507413
   33   2   1       2.48696614
   33   3   2       0.14167506
   34   1   0       1.37383696
   34   2   1       2.48675959
   34   3   2       0.15164978
   35   1   0       1.39390092
   35   2   1       2.49408650
   35   3   2       0.13732656
   36   1   0       1.32926058
   36   2   1       2.48294382
   36   3   2       0.17246426
   37   1   0       1.36808753
   37   2   1       2.49382931
   37   3   2       0.15190574
   38   1   0       1.31785457
   38   2   1       2.48084586
   38   3   2       0.18586529
   39   1   0       1.36498412
   39   2   1       2.48717556
   39   3   2       0.15813653
   40   1   0       1.36043553
   40   2   1       2.48893582
   40   3   2       0.15491893
   41   1   0       1.34489223
   41   2   1       2.49356138
   41   3   2       0.15778868
   42   1   0       1.38883384
   42   2   1       2.49359519
   42   3   2       0.13684165
   43   1   0       1.36819033
   43   2   1       2.49328629
   43   3   2       0.15254373
   44   1   0       1.36562789
   44   2   1       2.49116727
   44   3   2       0.15408404
   45   1   0       1.33948503
   45   2   1       2.47955342
   45   3   2       0.17562938
   46   1   0       1.36406681
   46   2   1       2.48325298
   46   3   2       0.15404047
   47   1   0       1.36045416
   47   2   1       2.48693799
   47   3   2       0.15920418
   48   1   0       1.38867327
   48   2   1       2.49045281
   48   3   2       0.13985545
   49   1   0       1.33221517
   49   2   1       2.46904850
   49   3   2       0.17131780
   50   1   0       1.32878644
   50   2   1       2.47886291
   50   3   2       0.17419543
   51   1   0       1.38078262
   51   2   1       2.48063921
   51   3   2       0.14639891
   52   1   0       1.38276556
   52   2   1       2.48359766
   52   3   2       0.14226596
   53   1   0       1.38074197
   53   2   1       2.49011276
   53   3   2       0.13852993
   54   1   0       1.34098895
   54   2   1       2.47864810
   54   3   2       0.17126996
   55   1   0       1.31963158
   55   2   1       2.47275644
   55   3   2       0.18516240
   56   1   0       1.36422544
   56   2   1       2.49180347
   56   3   2       0.15103107
   57   1   0       1.32669875
   57   2   1       2.47691255
   57   3   2       0.17393751
   58   1   0       1.37921881
   58   2   1       2.48586115
   58   3   2       0.14050822
   59   1   0       1.33259009
   59   2   1       2.48067186
   59   3   2       0.17065085
   60   1   0       1.35557354
   60   2   1       2.48861552
   60   3   2       0.15097581
   61   1   0       1.34078518
   61   2   1       2.46390926
   61   3   2       0.17372542
   62   1   0       1.35829697
   62   2   1       2.48948990
   62   3   2       0.15241160
   63   1   0       1.33667193
   63   2   1       2.48616525
   63   3   2       0.16287688
   64   1   0       1.36388139
   64   2   1       2.47825889
   64   3   2       0.16264583

Orbital populations (up)
 Atom Sh.   l   m       Population  Label
    1   1   0   0       1.36719540  s
    1   2   1  -1       0.82413921  p_y
    1   2   1   0       0.83287084  p_z
    1   2   1   1       0.82953651  p_x
    1   3   2  -2       0.04059858  d_xy
    1   3   2  -1       0.04029030  d_yz
    1   3   2   0       0.01823461  d_z2
    1   3   2   1       0.03787708  d_xz
    1   3   2   2       0.02012728  d_x2-y2
    2   1   0   0       1.35091250  s
    2   2   1  -1       0.83276899  p_y
    2   2   1   0       0.82539095  p_z
    2   2   1   1       0.82043501  p_x
    2   3   2  -2       0.03769666  d_xy
    2   3   2  -1       0.03899227  d_yz
    2   3   2   0       0.01827505  d_z2
    2   3   2   1       0.04261838  d_xz
    2   3   2   2       0.02161802  d_x2-y2
    3   1   0   0       1.37835662  s
    3   2   1  -1       0.83137053  p_y
    3   2   1   0       0.83090094  p_z
    3   2   1   1       0.82978044  p_x
    3   3   2  -2       0.03900079  d_xy
    3   3   2  -1       0.03671546  d_yz
    3   3   2   0       0.01732355  d_z2
    3   3   2   1       0.03798521  d_xz
    3   3   2   2       0.01871046  d_x2-y2
    4   1   0   0       1.34551979  s
    4   2   1  -1       0.82960533  p_y
    4   2   1   0       0.82204481  p_z
    4   2   1   1       0.83055047  p_x
    4   3   2  -2       0.03841970  d_xy
    4   3   2  -1       0.04419547  d_yz
    4   3   2   0       0.02220687  d_z2
    4   3   2   1       0.04197063  d_xz
    4   3   2   2       0.02101698  d_x2-y2
    5   1   0   0       1.33940670  s
    5   2   1  -1       0.83489410  p_y
    5   2   1   0       0.82672083  p_z
    5   2   1   1       0.82898084  p_x
    5   3   2  -2       0.03734858  d_xy
    5   3   2  -1       0.04112941  d_yz
    5   3   2   0       0.02005622  d_z2
    5   3   2   1       0.04278007  d_xz
    5   3   2   2       0.02130420  d_x2-y2
    6   1   0   0       1.36878318  s
    6   2   1  -1       0.82676439  p_y
    6   2   1   0       0.82816270  p_z
    6   2   1   1       0.83431571  p_x
    6   3   2  -2       0.03930739  d_xy
    6   3   2  -1       0.03708496  d_yz
    6   3   2   0       0.01867889  d_z2
    6   3   2   1       0.03606101  d_xz
    6   3   2   2       0.01669167  d_x2-y2
    7   1   0   0       1.36506018  s
    7   2   1  -1       0.83483877  p_y
    7   2   1   0       0.82827995  p_z
    7   2   1   1       0.83053966  p_x
    7   3   2  -2       0.03636004  d_xy
    7   3   2  -1       0.03888780  d_yz
    7   3   2   0       0.01902175  d_z2
    7   3   2   1       0.03851863  d_xz
    7   3   2   2       0.01792709  d_x2-y2
    8   1   0   0       1.37001840  s
    8   2   1  -1       0.82722399  p_y
    8   2   1   0       0.83232176  p_z
    8   2   1   1       0.82730692  p_x
    8   3   2  -2       0.03829862  d_xy
    8   3   2  -1       0.03899596  d_yz
    8   3   2   0       0.01853329  d_z2
    8   3   2   1       0.03882451  d_xz
    8   3   2   2       0.01937814  d_x2-y2
    9   1   0   0       1.35216658  s
    9   2   1  -1       0.83515666  p_y
    9   2   1   0       0.83164246  p_z
    9   2   1   1       0.82512635  p_x
    9   3   2  -2       0.03790622  d_xy
    9   3   2  -1       0.03767958  d_yz
    9   3   2   0       0.01990027  d_z2
    9   3   2   1       0.04056102  d_xz
    9   3   2   2       0.01930318  d_x2-y2
   10   1   0   0       1.35658214  s
   10   2   1  -1       0.82794902  p_y
   10   2   1   0       0.82659029  p_z
   10   2   1   1       0.82926836  p_x
   10   3   2  -2       0.04181529  d_xy
   10   3   2  -1       0.04044789  d_yz
   10   3   2   0       0.02259871  d_z2
   10   3   2   1       0.04352286  d_xz
   10   3   2   2       0.02054359  d_x2-y2
   11   1   0   0       1.35906557  s
   11   2   1  -1       0.82770098  p_y
   11   2   1   0       0.83488181  p_z
   11   2   1   1       0.82979761  p_x
   11   3   2  -2       0.03882250  d_xy
   11   3   2  -1       0.03759447  d_yz
   11   3   2   0       0.01889706  d_z2
   11   3   2   1       0.03920240  d_xz
   11   3   2   2       0.01994713  d_x2-y2
   12   1   0   0       1.34258771  s
   12   2   1  -1       0.83160615  p_y
   12   2   1   0       0.81791612  p_z
   12   2   1   1       0.82937979  p_x
   12   3   2  -2       0.03889625  d_xy
   12   3   2  -1       0.04354216  d_yz
   12   3   2   0       0.02262770  d_z2
   12   3   2   1       0.04368421  d_xz
   12   3   2   2       0.02039642  d_x2-y2
   13   1   0   0       1.37471276  s
   13   2   1  -1       0.83320776  p_y
   13   2   1   0       0.83634488  p_z
   13   2   1   1       0.83254169  p_x
   13   3   2  -2       0.03738845  d_xy
   13   3   2  -1       0.03480167  d_yz
   13   3   2   0       0.01744503  d_z2
   13   3   2   1       0.03874752  d_xz
   13   3   2   2       0.01824397  d_x2-y2
   14   1   0   0       1.35515034  s
   14   2   1  -1       0.83143931  p_y
   14   2   1   0       0.82853919  p_z
   14   2   1   1       0.82840345  p_x
   14   3   2  -2       0.04138679  d_xy
   14   3   2  -1       0.03900017  d_yz
   14   3   2   0       0.02185691  d_z2
   14   3   2   1       0.04087694  d_xz
   14   3   2   2       0.01918013  d_x2-y2
   15   1   0   0       1.37162125  s
   15   2   1  -1       0.82524734  p_y
   15   2   1   0       0.82718331  p_z
   15   2   1   1       0.82960822  p_x
   15   3   2  -2       0.03831727  d_xy
   15   3   2  -1       0.03980666  d_yz
   15   3   2   0       0.01852957  d_z2
   15   3   2   1       0.04046593  d_xz
   15   3   2   2       0.01975230  d_x2-y2
   16   1   0   0       1.36152418  s
   16   2   1  -1       0.83342168  p_y
   16   2   1   0       0.82423194  p_z
   16   2   1   1       0.82685802  p_x
   16   3   2  -2       0.03674685  d_xy
   16   3   2  -1       0.03894719  d_yz
   16   3   2   0       0.02010993  d_z2
   16   3   2   1       0.04027365  d_xz
   16   3   2   2       0.01779093  d_x2-y2
   17   1   0   0       1.35280412  s
   17   2   1  -1       0.82469596  p_y
   17   2   1   0       0.82633762  p_z
   17   2   1   1       0.82603861  p_x
   17   3   2  -2       0.04093521  d_xy
   17   3   2  -1       0.04040047  d_yz
   17   3   2   0       0.02051287  d_z2
   17   3   2   1       0.03651800  d_xz
   17   3   2   2       0.01942526  d_x2-y2
   18   1   0   0       1.36118021  s
   18   2   1  -1       0.82759222  p_y
   18   2   1   0       0.83225451  p_z
   18   2   1   1       0.82919200  p_x
   18   3   2  -2       0.03771531  d_xy
   18   3   2  -1       0.03707968  d_yz
   18   3   2   0       0.01826802  d_z2
   18   3   2   1       0.03869952  d_xz
   18   3   2   2       0.01946532  d_x2-y2
   19   1   0   0       1.34036605  s
   19   2   1  -1       0.82609574  p_y
   19   2   1   0       0.82725069  p_z
   19   2   1   1       0.82014861  p_x
   19   3   2  -2       0.04264145  d_xy
   19   3   2  -1       0.03969159  d_yz
   19   3   2   0       0.02114429  d_z2
   19   3   2   1       0.04037501  d_xz
   19   3   2   2       0.02084840  d_x2-y2
   20   1   0   0       1.33324101  s
   20   2   1  -1       0.82531874  p_y
   20   2   1   0       0.82417621  p_z
   20   2   1   1       0.82664514  p_x
   20   3   2  -2       0.04330756  d_xy
   20   3   2  -1       0.04391906  d_yz
   20   3   2   0       0.02464802  d_z2
   20   3   2   1       0.04405510  d_xz
   20   3   2   2       0.02251674  d_x2-y2
   21   1   0   0       1.35862646  s
   21   2   1  -1       0.82529424  p_y
   21   2   1   0       0.83522082  p_z
   21   2   1   1       0.82822358  p_x
   21   3   2  -2       0.03931996  d_xy
   21   3   2  -1       0.04018878  d_yz
   21   3   2   0       0.01753055  d_z2
   21   3   2   1       0.03506503  d_xz
   21   3   2   2       0.01925702  d_x2-y2
   22   1   0   0       1.35962685  s
   22   2   1  -1       0.82566617  p_y
   22   2   1   0       0.83064143  p_z
   22   2   1   1       0.83264662  p_x
   22   3   2  -2       0.03820338  d_xy
   22   3   2  -1       0.03969149  d_yz
   22   3   2   0       0.01967190  d_z2
   22   3   2   1       0.03675771  d_xz
   22   3   2   2       0.01861630  d_x2-y2
   23   1   0   0       1.37892920  s
   23   2   1  -1       0.83079027  p_y
   23   2   1   0       0.83278382  p_z
   23   2   1   1       0.83265005  p_x
   23   3   2  -2       0.03833528  d_xy
   23   3   2  -1       0.03194940  d_yz
   23   3   2   0       0.01558222  d_z2
   23   3   2   1       0.03164072  d_xz
   23   3   2   2       0.01490248  d_x2-y2
   24   1   0   0       1.33935375  s
   24   2   1  -1       0.82710793  p_y
   24   2   1   0       0.82266462  p_z
   24   2   1   1       0.82706649  p_x
   24   3   2  -2       0.04059728  d_xy
   24   3   2  -1       0.04256496  d_yz
   24   3   2   0       0.02214213  d_z2
   24   3   2   1       0.04550905  d_xz
   24   3   2   2       0.02379001  d_x2-y2
   25   1   0   0       1.33381403  s
   25   2   1  -1       0.82396946  p_y
   25   2   1   0       0.81967512  p_z
   25   2   1   1       0.82454935  p_x
   25   3   2  -2       0.04108239  d_xy
   25   3   2  -1       0.04176972  d_yz
   25   3   2   0       0.02388000  d_z2
   25   3   2   1       0.04644284  d_xz
   25   3   2   2       0.02115538  d_x2-y2
   26   1   0   0       1.34610084  s
   26   2   1  -1       0.82543349  p_y
   26   2   1   0       0.83167968  p_z
   26   2   1   1       0.83140756  p_x
   26   3   2  -2       0.04066873  d_xy
   26   3   2  -1       0.04082323  d_yz
   26   3   2   0       0.01924348  d_z2
   26   3   2   1       0.03696009  d_xz
   26   3   2   2       0.01970340  d_x2-y2
   27   1   0   0       1.33295175  s
   27   2   1  -1       0.82737844  p_y
   27   2   1   0       0.82853674  p_z
   27   2   1   1       0.81956469  p_x
   27   3   2  -2       0.04035291  d_xy
   27   3   2  -1       0.04156524  d_yz
   27   3   2   0       0.01950325  d_z2
   27   3   2   1       0.04241821  d_xz
   27   3   2   2       0.02374704  d_x2-y2
   28   1   0   0       1.37577718  s
   28   2   1  -1       0.82680053  p_y
   28   2   1   0       0.83276706  p_z
   28   2   1   1       0.83069050  p_x
   28   3   2  -2       0.03950908  d_xy
   28   3   2  -1       0.03710519  d_yz
   28   3   2   0       0.01729166  d_z2
   28   3   2   1       0.03269620  d_xz
   28   3   2   2       0.01699673  d_x2-y2
   29   1   0   0       1.36057958  s
   29   2   1  -1       0.83172816  p_y
   29   2   1   0       0.83281054  p_z
   29   2   1   1       0.82576687  p_x
   29   3   2  -2       0.03628528  d_xy
   29   3   2  -1       0.03851508  d_yz
   29   3   2   0       0.01763764  d_z2
   29   3   2   1       0.03871553  d_xz
   29   3   2   2       0.01999970  d_x2-y2
   30   1   0   0       1.34555501  s
   30   2   1  -1       0.83084846  p_y
   30   2   1   0       0.82903337  p_z
   30   2   1   1       0.83007434  p_x
   30   3   2  -2       0.03881644  d_xy
   30   3   2  -1       0.03828223  d_yz
   30   3   2   0       0.02006355  d_z2
   30   3   2   1       0.03974539  d_xz
   30   3   2   2       0.01847199  d_x2-y2
   31   1   0   0       1.35169602  s
   31   2   1  -1       0.82683440  p_y
   31   2   1   0       0.82698537  p_z
   31   2   1   1       0.82678149  p_x
   31   3   2  -2       0.04269376  d_xy
   31   3   2  -1       0.03632070  d_yz
   31   3   2   0       0.02094599  d_z2
   31   3   2   1       0.04255730  d_xz
   31   3   2   2       0.01976335  d_x2-y2
   32   1   0   0       1.40258227  s
   32   2   1  -1       0.82927022  p_y
   32   2   1   0       0.83426619  p_z
   32   2   1   1       0.83064042  p_x
   32   3   2  -2       0.03542933  d_xy
   32   3   2  -1       0.03503395  d_yz
   32   3   2   0       0.01561073  d_z2
   32   3   2   1       0.03085810  d_xz
   32   3   2   2       0.01356105  d_x2-y2
   33   1   0   0       1.38507413  s
   33   2   1  -1       0.82613633  p_y
   33   2   1   0       0.82822923  p_z
   33   2   1   1       0.83260057  p_x
   33   3   2  -2       0.03883323  d_xy
   33   3   2  -1       0.03811879  d_yz
   33   3   2   0       0.01829442  d_z2
   33   3   2   1       0.03047227  d_xz
   33   3   2   2       0.01595634  d_x2-y2
   34   1   0   0       1.37383696  s
   34   2   1  -1       0.83013091  p_y
   34   2   1   0       0.83271630  p_z
   34   2   1   1       0.82391239  p_x
   34   3   2  -2       0.03825061  d_xy
   34   3   2  -1       0.03599907  d_yz
   34   3   2   0       0.01751793  d_z2
   34   3   2   1       0.04098048  d_xz
   34   3   2   2       0.01890169  d_x2-y2
   35   1   0   0       1.39390092  s
   35   2   1  -1       0.82897336  p_y
   35   2   1   0       0.83174718  p_z
   35   2   1   1       0.83336595  p_x
   35   3   2  -2       0.03820409  d_xy
   35   3   2  -1       0.03426005  d_yz
   35   3   2   0       0.01450032  d_z2
   35   3   2   1       0.03310543  d_xz
   35   3   2   2       0.01725666  d_x2-y2
   36   1   0   0       1.32926058  s
   36   2   1  -1       0.82665301  p_y
   36   2   1   0       0.82861871  p_z
   36   2   1   1       0.82767210  p_x
   36   3   2  -2       0.04173246  d_xy
   36   3   2  -1       0.04403059  d_yz
   36   3   2   0       0.02177775  d_z2
   36   3   2   1       0.04179301  d_xz
   36   3   2   2       0.02313044  d_x2-y2
   37   1   0   0       1.36808753  s
   37   2   1  -1       0.83112249  p_y
   37   2   1   0       0.82988043  p_z
   37   2   1   1       0.83282639  p_x
   37   3   2  -2       0.03876719  d_xy
   37   3   2  -1       0.03914288  d_yz
   37   3   2   0       0.01896198  d_z2
   37   3   2   1       0.03674632  d_xz
   37   3   2   2       0.01828737  d_x2-y2
   38   1   0   0       1.31785457  s
   38   2   1  -1       0.82293161  p_y
   38   2   1   0       0.83127877  p_z
   38   2   1   1       0.82663547  p_x
   38   3   2  -2       0.04750707  d_xy
   38   3   2  -1       0.04397229  d_yz
   38   3   2   0       0.02399199  d_z2
   38   3   2   1       0.04387415  d_xz
   38   3   2   2       0.02651979  d_x2-y2
   39   1   0   0       1.36498412  s
   39   2   1  -1       0.82738811  p_y
   39   2   1   0       0.82905355  p_z
   39   2   1   1       0.83073390  p_x
   39   3   2  -2       0.03799731  d_xy
   39   3   2  -1       0.03959832  d_yz
   39   3   2   0       0.01933976  d_z2
   39   3   2   1       0.04123193  d_xz
   39   3   2   2       0.01996922  d_x2-y2
   40   1   0   0       1.36043553  s
   40   2   1  -1       0.83141179  p_y
   40   2   1   0       0.83046079  p_z
   40   2   1   1       0.82706325  p_x
   40   3   2  -2       0.04102024  d_xy
   40   3   2  -1       0.03696599  d_yz
   40   3   2   0       0.02051206  d_z2
   40   3   2   1       0.03902104  d_xz
   40   3   2   2       0.01739960  d_x2-y2
   41   1   0   0       1.34489223  s
   41   2   1  -1       0.82796702  p_y
   41   2   1   0       0.83434848  p_z
   41   2   1   1       0.83124587  p_x
   41   3   2  -2       0.03794758  d_xy
   41   3   2  -1       0.03809013  d_yz
   41   3   2   0       0.01863309  d_z2
   41   3   2   1       0.04162743  d_xz
   41   3   2   2       0.02149045  d_x2-y2
   42   1   0   0       1.38883384  s
   42   2   1  -1       0.83261268  p_y
   42   2   1   0       0.82937422  p_z
   42   2   1   1       0.83160829  p_x
   42   3   2  -2       0.03617879  d_xy
   42   3   2  -1       0.03639777  d_yz
   42   3   2   0       0.01594490  d_z2
   42   3   2   1       0.03245858  d_xz
   42   3   2   2       0.01586162  d_x2-y2
   43   1   0   0       1.36819033  s
   43   2   1  -1       0.82888631  p_y
   43   2   1   0       0.83424670  p_z
   43   2   1   1       0.83015328  p_x
   43   3   2  -2       0.03487846  d_xy
   43   3   2  -1       0.03986329  d_yz
   43   3   2   0       0.01612645  d_z2
   43   3   2   1       0.03992449  d_xz
   43   3   2   2       0.02175104  d_x2-y2
   44   1   0   0       1.36562789  s
   44   2   1  -1       0.82854114  p_y
   44   2   1   0       0.83015900  p_z
   44   2   1   1       0.83246713  p_x
   44   3   2  -2       0.03991124  d_xy
   44   3   2  -1       0.03838615  d_yz
   44   3   2   0       0.02059024  d_z2
   44   3   2   1       0.03765204  d_xz
   44   3   2   2       0.01754438  d_x2-y2
   45   1   0   0       1.33948503  s
   45   2   1  -1       0.82339954  p_y
   45   2   1   0       0.82923947  p_z
   45   2   1   1       0.82691441  p_x
   45   3   2  -2       0.04398732  d_xy
   45   3   2  -1       0.04029369  d_yz
   45   3   2   0       0.02169237  d_z2
   45   3   2   1       0.04564835  d_xz
   45   3   2   2       0.02400764  d_x2-y2
   46   1   0   0       1.36406681  s
   46   2   1  -1       0.82725905  p_y
   46   2   1   0       0.83103257  p_z
   46   2   1   1       0.82496136  p_x
   46   3   2  -2       0.04028814  d_xy
   46   3   2  -1       0.03567501  d_yz
   46   3   2   0       0.01901247  d_z2
   46   3   2   1       0.03977656  d_xz
   46   3   2   2       0.01928828  d_x2-y2
   47   1   0   0       1.36045416  s
   47   2   1  -1       0.83013269  p_y
   47   2   1   0       0.82639167  p_z
   47   2   1   1       0.83041364  p_x
   47   3   2  -2       0.03823325  d_xy
   47   3   2  -1       0.04389847  d_yz
   47   3   2   0       0.02069564  d_z2
   47   3   2   1       0.03701907  d_xz
   47   3   2   2       0.01935775  d_x2-y2
   48   1   0   0       1.38867327  s
   48   2   1  -1       0.82903456  p_y
   48   2   1   0       0.83413433  p_z
   48   2   1   1       0.82728392  p_x
   48   3   2  -2       0.03522587  d_xy
   48   3   2  -1       0.03776043  d_yz
   48   3   2   0       0.01564892  d_z2
   48   3   2   1       0.03434735  d_xz
   48   3   2   2       0.01687288  d_x2-y2
   49   1   0   0       1.33221517  s
   49   2   1  -1       0.82508796  p_y
   49   2   1   0       0.81939824  p_z
   49   2   1   1       0.82456230  p_x
   49   3   2  -2       0.03826629  d_xy
   49   3   2  -1       0.04550317  d_yz
   49   3   2   0       0.02258395  d_z2
   49   3   2   1       0.04177641  d_xz
   49   3   2   2       0.02318798  d_x2-y2
   50   1   0   0       1.32878644  s
   50   2   1  -1       0.82271947  p_y
   50   2   1   0       0.82694401  p_z
   50   2   1   1       0.82919944  p_x
   50   3   2  -2       0.04365723  d_xy
   50   3   2  -1       0.04270861  d_yz
   50   3   2   0       0.02336951  d_z2
   50   3   2   1       0.04158239  d_xz
   50   3   2   2       0.02287769  d_x2-y2
   51   1   0   0       1.38078262  s
   51   2   1  -1       0.82828181  p_y
   51   2   1   0       0.82466369  p_z
   51   2   1   1       0.82769370  p_x
   51   3   2  -2       0.03551216  d_xy
   51   3   2  -1       0.03590599  d_yz
   51   3   2   0       0.01774725  d_z2
   51   3   2   1       0.03970083  d_xz
   51   3   2   2       0.01753269  d_x2-y2
   52   1   0   0       1.38276556  s
   52   2   1  -1       0.82702864  p_y
   52   2   1   0       0.82867001  p_z
   52   2   1   1       0.82789901  p_x
   52   3   2  -2       0.03676244  d_xy
   52   3   2  -1       0.03616967  d_yz
   52   3   2   0       0.01649916  d_z2
   52   3   2   1       0.03537055  d_xz
   52   3   2   2       0.01746414  d_x2-y2
   53   1   0   0       1.38074197  s
   53   2   1  -1       0.83318036  p_y
   53   2   1   0       0.82936016  p_z
   53   2   1   1       0.82757225  p_x
   53   3   2  -2       0.03883635  d_xy
   53   3   2  -1       0.03537150  d_yz
   53   3   2   0       0.01687244  d_z2
   53   3   2   1       0.03238623  d_xz
   53   3   2   2       0.01506340  d_x2-y2
   54   1   0   0       1.34098895  s
   54   2   1  -1       0.82937960  p_y
   54   2   1   0       0.82439973  p_z
   54   2   1   1       0.82486877  p_x
   54   3   2  -2       0.04195693  d_xy
   54   3   2  -1       0.04268039  d_yz
   54   3   2   0       0.02386454  d_z2
   54   3   2   1       0.04212658  d_xz
   54   3   2   2       0.02064151  d_x2-y2
   55   1   0   0       1.31963158  s
   55   2   1  -1       0.82342599  p_y
   55   2   1   0       0.82588709  p_z
   55   2   1   1       0.82344336  p_x
   55   3   2  -2       0.04635317  d_xy
   55   3   2  -1       0.04528881  d_yz
   55   3   2   0       0.02486870  d_z2
   55   3   2   1       0.04333368  d_xz
   55   3   2   2       0.02531805  d_x2-y2
   56   1   0   0       1.36422544  s
   56   2   1  -1       0.83070821  p_y
   56   2   1   0       0.83078467  p_z
   56   2   1   1       0.83031059  p_x
   56   3   2  -2       0.03511118  d_xy
   56   3   2  -1       0.03719797  d_yz
   56   3   2   0       0.01736319  d_z2
   56   3   2   1       0.04209343  d_xz
   56   3   2   2       0.01926530  d_x2-y2
   57   1   0   0       1.32669875  s
   57   2   1  -1       0.82646785  p_y
   57   2   1   0       0.82249794  p_z
   57   2   1   1       0.82794675  p_x
   57   3   2  -2       0.04052332  d_xy
   57   3   2  -1       0.04434771  d_yz
   57   3   2   0       0.02339664  d_z2
   57   3   2   1       0.04346369  d_xz
   57   3   2   2       0.02220616  d_x2-y2
   58   1   0   0       1.37921881  s
   58   2   1  -1       0.83010250  p_y
   58   2   1   0       0.83295423  p_z
   58   2   1   1       0.82280442  p_x
   58   3   2  -2       0.03459782  d_xy
   58   3   2  -1       0.03666796  d_yz
   58   3   2   0       0.01573240  d_z2
   58   3   2   1       0.03600118  d_xz
   58   3   2   2       0.01750886  d_x2-y2
   59   1   0   0       1.33259009  s
   59   2   1  -1       0.82985808  p_y
   59   2   1   0       0.82353608  p_z
   59   2   1   1       0.82727770  p_x
   59   3   2  -2       0.04221768  d_xy
   59   3   2  -1       0.04321261  d_yz
   59   3   2   0       0.02267880  d_z2
   59   3   2   1       0.04092086  d_xz
   59   3   2   2       0.02162089  d_x2-y2
   60   1   0   0       1.35557354  s
   60   2   1  -1       0.82898015  p_y
   60   2   1   0       0.83003680  p_z
   60   2   1   1       0.82959857  p_x
   60   3   2  -2       0.03806241  d_xy
   60   3   2  -1       0.03717727  d_yz
   60   3   2   0       0.01891204  d_z2
   60   3   2   1       0.03847793  d_xz
   60   3   2   2       0.01834616  d_x2-y2
   61   1   0   0       1.34078518  s
   61   2   1  -1       0.82063576  p_y
   61   2   1   0       0.81877978  p_z
   61   2   1   1       0.82449372  p_x
   61   3   2  -2       0.03706478  d_xy
   61   3   2  -1       0.04387841  d_yz
   61   3   2   0       0.02220375  d_z2
   61   3   2   1       0.04652184  d_xz
   61   3   2   2       0.02405663  d_x2-y2
   62   1   0   0       1.35829697  s
   62   2   1  -1       0.82915716  p_y
   62   2   1   0       0.82874985  p_z
   62   2   1   1       0.83158289  p_x
   62   3   2  -2       0.04238986  d_xy
   62   3   2  -1       0.03416437  d_yz
   62   3   2   0       0.02019388  d_z2
   62   3   2   1       0.03865035  d_xz
   62   3   2   2       0.01701315  d_x2-y2
   63   1   0   0       1.33667193  s
   63   2   1  -1       0.82883561  p_y
   63   2   1   0       0.82856580  p_z
   63   2   1   1       0.82876385  p_x
   63   3   2  -2       0.03869667  d_xy
   63   3   2  -1       0.03862564  d_yz
   63   3   2   0       0.01992316  d_z2
   63   3   2   1       0.04415400  d_xz
   63   3   2   2       0.02147741  d_x2-y2
   64   1   0   0       1.36388139  s
   64   2   1  -1       0.82639963  p_y
   64   2   1   0       0.82493614  p_z
   64   2   1   1       0.82692311  p_x
   64   3   2  -2       0.03919438  d_xy
   64   3   2  -1       0.04245183  d_yz
   64   3   2   0       0.02082753  d_z2
   64   3   2   1       0.04050162  d_xz
   64   3   2   2       0.01967047  d_x2-y2

Fermi level:                        -0.1330828807 H           -3.6214 eV
Band energy:                       -88.2024982441 H        -2400.1121 eV
TS:                                  0.0000000000 H            0.0000 eV
Band free energy (E-TS):           -88.2024982441 H        -2400.1121 eV
Extrapolated E(0K):                -88.2024982441 H        -2400.1121 eV
Input / Output electrons (q):    256.0000000000    256.0000000000

Energy H0:                         -88.1933420614 H        -2399.8629 eV
Energy SCC:                          0.0004766365 H            0.0130 eV
Total Electronic energy:           -88.1928654250 H        -2399.8500 eV
Repulsive energy:                    0.0000000000 H            0.0000 eV
Total energy:                      -88.1928654250 H        -2399.8500 eV
Extrapolated to 0:                 -88.1928654250 H        -2399.8500 eV
Total Mermin free energy:          -88.1928654250 H        -2399.8500 eV
Force related energy:              -88.1928654250 H        -2399.8500 eV

Non-constrained calculation

SCC converged

Warning: dipole moment is not defined absolutely!
Dipole moment:   -0.15818847    0.39146725    0.14647166 au
Dipole moment:   -0.40207501    0.99501059    0.37229386 Debye


