 Fermi distribution function

Calculation with static geometry


********************************************************************************
 iSCC Total electronic   Diff electronic      SCC error    
    9   -0.88175233E+02   -0.14277930E-08    0.80846100E-05
********************************************************************************

 Total charge:    -0.00000000

 Atomic gross charges (e)
 Atom           Charge
    1       0.00598809
    2       0.02460418
    3      -0.01297092
    4       0.00765536
    5       0.02695842
    6      -0.02106810
    7       0.00780129
    8      -0.02447081
    9       0.00947314
   10      -0.01165969
   11       0.00860167
   12       0.00608799
   13      -0.00754865
   14      -0.01297148
   15      -0.01313748
   16      -0.00166828
   17      -0.01120118
   18      -0.00287283
   19       0.00052041
   20      -0.00229231
   21      -0.01130656
   22       0.01220500
   23      -0.01010343
   24       0.00403770
   25       0.00562856
   26      -0.01054015
   27      -0.00878422
   28      -0.00162371
   29      -0.00230240
   30       0.02604461
   31      -0.01522466
   32       0.01742891
   33       0.00289411
   34      -0.01253065
   35       0.01583178
   36       0.00929898
   37       0.00213079
   38      -0.00119857
   39      -0.01163080
   40       0.00177000
   41       0.02829559
   42      -0.01160090
   43      -0.00191116
   44      -0.01850773
   45      -0.01783176
   46       0.00738045
   47       0.00421903
   48       0.00084167
   49      -0.01593637
   50       0.00361602
   51      -0.01879483
   52       0.00119897
   53      -0.01259611
   54       0.00991539
   55      -0.00128368
   56       0.01295701
   57      -0.00119240
   58      -0.00103022
   59      -0.01050929
   60       0.00603852
   61       0.00863183
   62       0.01705316
   63       0.01514489
   64       0.00804784

Nr. of electrons (up):    256.00000000
Atom populations (up)
 Atom       Population
    1       3.99401191
    2       3.97539582
    3       4.01297092
    4       3.99234464
    5       3.97304158
    6       4.02106810
    7       3.99219871
    8       4.02447081
    9       3.99052686
   10       4.01165969
   11       3.99139833
   12       3.99391201
   13       4.00754865
   14       4.01297148
   15       4.01313748
   16       4.00166828
   17       4.01120118
   18       4.00287283
   19       3.99947959
   20       4.00229231
   21       4.01130656
   22       3.98779500
   23       4.01010343
   24       3.99596230
   25       3.99437144
   26       4.01054015
   27       4.00878422
   28       4.00162371
   29       4.00230240
   30       3.97395539
   31       4.01522466
   32       3.98257109
   33       3.99710589
   34       4.01253065
   35       3.98416822
   36       3.99070102
   37       3.99786921
   38       4.00119857
   39       4.01163080
   40       3.99823000
   41       3.97170441
   42       4.01160090
   43       4.00191116
   44       4.01850773
   45       4.01783176
   46       3.99261955
   47       3.99578097
   48       3.99915833
   49       4.01593637
   50       3.99638398
   51       4.01879483
   52       3.99880103
   53       4.01259611
   54       3.99008461
   55       4.00128368
   56       3.98704299
   57       4.00119240
   58       4.00103022
   59       4.01050929
   60       3.99396148
   61       3.99136817
   62       3.98294684
   63       3.98485511
   64       3.99195216

l-shell populations (up)
 Atom Sh.   l       Population
    1   1   0       1.35365347
    1   2   1       2.47780557
    1   3   2       0.16255287
    2   1   0       1.31076590
    2   2   1       2.47449150
    2   3   2       0.19013842
    3   1   0       1.37539613
    3   2   1       2.49473841
    3   3   2       0.14283638
    4   1   0       1.34732939
    4   2   1       2.48435821
    4   3   2       0.16065704
    5   1   0       1.33334799
    5   2   1       2.46760906
    5   3   2       0.17208454
    6   1   0       1.37556831
    6   2   1       2.49062430
    6   3   2       0.15487549
    7   1   0       1.34375994
    7   2   1       2.47217383
    7   3   2       0.17626494
    8   1   0       1.38932243
    8   2   1       2.49487504
    8   3   2       0.14027333
    9   1   0       1.34564010
    9   2   1       2.48389841
    9   3   2       0.16098835
   10   1   0       1.38767404
   10   2   1       2.47953135
   10   3   2       0.14445430
   11   1   0       1.33688727
   11   2   1       2.47746670
   11   3   2       0.17704436
   12   1   0       1.35124185
   12   2   1       2.48514806
   12   3   2       0.15752210
   13   1   0       1.36784262
   13   2   1       2.48763974
   13   3   2       0.15206629
   14   1   0       1.37399744
   14   2   1       2.49567890
   14   3   2       0.14329514
   15   1   0       1.38096622
   15   2   1       2.49755785
   15   3   2       0.13461342
   16   1   0       1.35281758
   16   2   1       2.48925976
   16   3   2       0.15959094
   17   1   0       1.37710946
   17   2   1       2.47859354
   17   3   2       0.15549818
   18   1   0       1.35686451
   18   2   1       2.48273385
   18   3   2       0.16327448
   19   1   0       1.36109850
   19   2   1       2.48582394
   19   3   2       0.15255715
   20   1   0       1.36789367
   20   2   1       2.48131699
   20   3   2       0.15308164
   21   1   0       1.37361680
   21   2   1       2.48680936
   21   3   2       0.15088041
   22   1   0       1.35166605
   22   2   1       2.47035511
   22   3   2       0.16577384
   23   1   0       1.36798181
   23   2   1       2.48574363
   23   3   2       0.15637799
   24   1   0       1.36579069
   24   2   1       2.47949573
   24   3   2       0.15067588
   25   1   0       1.34623669
   25   2   1       2.49164160
   25   3   2       0.15649315
   26   1   0       1.36907221
   26   2   1       2.49385286
   26   3   2       0.14761509
   27   1   0       1.36316640
   27   2   1       2.49325869
   27   3   2       0.15235913
   28   1   0       1.34953945
   28   2   1       2.49208305
   28   3   2       0.16000121
   29   1   0       1.35804019
   29   2   1       2.48604681
   29   3   2       0.15821540
   30   1   0       1.32108221
   30   2   1       2.48072358
   30   3   2       0.17214960
   31   1   0       1.37600285
   31   2   1       2.49810995
   31   3   2       0.14111186
   32   1   0       1.32517070
   32   2   1       2.48293398
   32   3   2       0.17446641
   33   1   0       1.36379770
   33   2   1       2.48163048
   33   3   2       0.15167771
   34   1   0       1.36792004
   34   2   1       2.50209994
   34   3   2       0.14251067
   35   1   0       1.33236888
   35   2   1       2.48301307
   35   3   2       0.16878626
   36   1   0       1.33233211
   36   2   1       2.48445387
   36   3   2       0.17391503
   37   1   0       1.34320717
   37   2   1       2.48267978
   37   3   2       0.17198226
   38   1   0       1.37281402
   38   2   1       2.49028950
   38   3   2       0.13809505
   39   1   0       1.37743924
   39   2   1       2.48056195
   39   3   2       0.15362961
   40   1   0       1.36309370
   40   2   1       2.48563815
   40   3   2       0.14949815
   41   1   0       1.31477096
   41   2   1       2.47711503
   41   3   2       0.17981842
   42   1   0       1.36638745
   42   2   1       2.48713500
   42   3   2       0.15807845
   43   1   0       1.37835849
   43   2   1       2.47464214
   43   3   2       0.14891053
   44   1   0       1.38617404
   44   2   1       2.48883159
   44   3   2       0.14350211
   45   1   0       1.38585578
   45   2   1       2.49003448
   45   3   2       0.14194150
   46   1   0       1.34468310
   46   2   1       2.47427644
   46   3   2       0.17366001
   47   1   0       1.34540321
   47   2   1       2.48083681
   47   3   2       0.16954096
   48   1   0       1.35936208
   48   2   1       2.48210921
   48   3   2       0.15768703
   49   1   0       1.37013045
   49   2   1       2.49233926
   49   3   2       0.15346666
   50   1   0       1.36161083
   50   2   1       2.49068559
   50   3   2       0.14408757
   51   1   0       1.37537450
   51   2   1       2.48918986
   51   3   2       0.15423047
   52   1   0       1.35832802
   52   2   1       2.48877648
   52   3   2       0.15169653
   53   1   0       1.38513875
   53   2   1       2.48145656
   53   3   2       0.14600080
   54   1   0       1.35382804
   54   2   1       2.47312315
   54   3   2       0.16313342
   55   1   0       1.36707960
   55   2   1       2.47923611
   55   3   2       0.15496797
   56   1   0       1.34152809
   56   2   1       2.47091855
   56   3   2       0.17459636
   57   1   0       1.34810976
   57   2   1       2.49342663
   57   3   2       0.15965601
   58   1   0       1.35894341
   58   2   1       2.48299802
   58   3   2       0.15908878
   59   1   0       1.37411151
   59   2   1       2.48884582
   59   3   2       0.14755196
   60   1   0       1.35901850
   60   2   1       2.47784284
   60   3   2       0.15710014
   61   1   0       1.34900012
   61   2   1       2.48460733
   61   3   2       0.15776072
   62   1   0       1.33601682
   62   2   1       2.47853672
   62   3   2       0.16839330
   63   1   0       1.33243145
   63   2   1       2.48047735
   63   3   2       0.17194631
   64   1   0       1.34454474
   64   2   1       2.48782075
   64   3   2       0.15958667

Orbital populations (up)
 Atom Sh.   l   m       Population  Label
    1   1   0   0       1.35365347  s
    1   2   1  -1       0.82251559  p_y
    1   2   1   0       0.82751118  p_z
    1   2   1   1       0.82777880  p_x
    1   3   2  -2       0.03956729  d_xy
    1   3   2  -1       0.04326189  d_yz
    1   3   2   0       0.02028364  d_z2
    1   3   2   1       0.03897658  d_xz
    1   3   2   2       0.02046347  d_x2-y2
    2   1   0   0       1.31076590  s
    2   2   1  -1       0.82368520  p_y
    2   2   1   0       0.82540180  p_z
    2   2   1   1       0.82540451  p_x
    2   3   2  -2       0.04829534  d_xy
    2   3   2  -1       0.04458623  d_yz
    2   3   2   0       0.02705693  d_z2
    2   3   2   1       0.04453720  d_xz
    2   3   2   2       0.02566273  d_x2-y2
    3   1   0   0       1.37539613  s
    3   2   1  -1       0.82886396  p_y
    3   2   1   0       0.83714071  p_z
    3   2   1   1       0.82873374  p_x
    3   3   2  -2       0.03864753  d_xy
    3   3   2  -1       0.03363476  d_yz
    3   3   2   0       0.01640625  d_z2
    3   3   2   1       0.03598099  d_xz
    3   3   2   2       0.01816684  d_x2-y2
    4   1   0   0       1.34732939  s
    4   2   1  -1       0.82735718  p_y
    4   2   1   0       0.82586560  p_z
    4   2   1   1       0.83113542  p_x
    4   3   2  -2       0.03657271  d_xy
    4   3   2  -1       0.04301805  d_yz
    4   3   2   0       0.02061487  d_z2
    4   3   2   1       0.04073993  d_xz
    4   3   2   2       0.01971148  d_x2-y2
    5   1   0   0       1.33334799  s
    5   2   1  -1       0.82426701  p_y
    5   2   1   0       0.82108610  p_z
    5   2   1   1       0.82225594  p_x
    5   3   2  -2       0.04367604  d_xy
    5   3   2  -1       0.04039617  d_yz
    5   3   2   0       0.02151975  d_z2
    5   3   2   1       0.04286244  d_xz
    5   3   2   2       0.02363013  d_x2-y2
    6   1   0   0       1.37556831  s
    6   2   1  -1       0.82803345  p_y
    6   2   1   0       0.83280637  p_z
    6   2   1   1       0.82978447  p_x
    6   3   2  -2       0.03804014  d_xy
    6   3   2  -1       0.03973608  d_yz
    6   3   2   0       0.01862024  d_z2
    6   3   2   1       0.03838071  d_xz
    6   3   2   2       0.02009832  d_x2-y2
    7   1   0   0       1.34375994  s
    7   2   1  -1       0.82586349  p_y
    7   2   1   0       0.82354558  p_z
    7   2   1   1       0.82276477  p_x
    7   3   2  -2       0.04053877  d_xy
    7   3   2  -1       0.04287364  d_yz
    7   3   2   0       0.02385674  d_z2
    7   3   2   1       0.04511695  d_xz
    7   3   2   2       0.02387884  d_x2-y2
    8   1   0   0       1.38932243  s
    8   2   1  -1       0.82922410  p_y
    8   2   1   0       0.83134100  p_z
    8   2   1   1       0.83430995  p_x
    8   3   2  -2       0.03584596  d_xy
    8   3   2  -1       0.03381883  d_yz
    8   3   2   0       0.01641580  d_z2
    8   3   2   1       0.03797765  d_xz
    8   3   2   2       0.01621511  d_x2-y2
    9   1   0   0       1.34564010  s
    9   2   1  -1       0.82900429  p_y
    9   2   1   0       0.83122346  p_z
    9   2   1   1       0.82367067  p_x
    9   3   2  -2       0.04145963  d_xy
    9   3   2  -1       0.03816230  d_yz
    9   3   2   0       0.01977819  d_z2
    9   3   2   1       0.04039361  d_xz
    9   3   2   2       0.02119462  d_x2-y2
   10   1   0   0       1.38767404  s
   10   2   1  -1       0.82874085  p_y
   10   2   1   0       0.82079434  p_z
   10   2   1   1       0.82999616  p_x
   10   3   2  -2       0.03657709  d_xy
   10   3   2  -1       0.03494539  d_yz
   10   3   2   0       0.01887209  d_z2
   10   3   2   1       0.03852011  d_xz
   10   3   2   2       0.01553962  d_x2-y2
   11   1   0   0       1.33688727  s
   11   2   1  -1       0.82620978  p_y
   11   2   1   0       0.82569890  p_z
   11   2   1   1       0.82555802  p_x
   11   3   2  -2       0.04242753  d_xy
   11   3   2  -1       0.04483999  d_yz
   11   3   2   0       0.02309778  d_z2
   11   3   2   1       0.04347246  d_xz
   11   3   2   2       0.02320659  d_x2-y2
   12   1   0   0       1.35124185  s
   12   2   1  -1       0.82789592  p_y
   12   2   1   0       0.82888910  p_z
   12   2   1   1       0.82836304  p_x
   12   3   2  -2       0.03794437  d_xy
   12   3   2  -1       0.04155289  d_yz
   12   3   2   0       0.01955166  d_z2
   12   3   2   1       0.03872437  d_xz
   12   3   2   2       0.01974881  d_x2-y2
   13   1   0   0       1.36784262  s
   13   2   1  -1       0.83326419  p_y
   13   2   1   0       0.82492643  p_z
   13   2   1   1       0.82944913  p_x
   13   3   2  -2       0.03567953  d_xy
   13   3   2  -1       0.03886820  d_yz
   13   3   2   0       0.01919998  d_z2
   13   3   2   1       0.04021588  d_xz
   13   3   2   2       0.01810270  d_x2-y2
   14   1   0   0       1.37399744  s
   14   2   1  -1       0.83425073  p_y
   14   2   1   0       0.83419989  p_z
   14   2   1   1       0.82722828  p_x
   14   3   2  -2       0.03719978  d_xy
   14   3   2  -1       0.03482910  d_yz
   14   3   2   0       0.01630132  d_z2
   14   3   2   1       0.03728013  d_xz
   14   3   2   2       0.01768480  d_x2-y2
   15   1   0   0       1.38096622  s
   15   2   1  -1       0.83698881  p_y
   15   2   1   0       0.82914949  p_z
   15   2   1   1       0.83141954  p_x
   15   3   2  -2       0.03536355  d_xy
   15   3   2  -1       0.03481379  d_yz
   15   3   2   0       0.01598079  d_z2
   15   3   2   1       0.03388418  d_xz
   15   3   2   2       0.01457112  d_x2-y2
   16   1   0   0       1.35281758  s
   16   2   1  -1       0.82628501  p_y
   16   2   1   0       0.83464669  p_z
   16   2   1   1       0.82832807  p_x
   16   3   2  -2       0.04160872  d_xy
   16   3   2  -1       0.04048471  d_yz
   16   3   2   0       0.02044564  d_z2
   16   3   2   1       0.03692978  d_xz
   16   3   2   2       0.02012209  d_x2-y2
   17   1   0   0       1.37710946  s
   17   2   1  -1       0.82520379  p_y
   17   2   1   0       0.82544044  p_z
   17   2   1   1       0.82794931  p_x
   17   3   2  -2       0.03764663  d_xy
   17   3   2  -1       0.04236789  d_yz
   17   3   2   0       0.01882534  d_z2
   17   3   2   1       0.03764112  d_xz
   17   3   2   2       0.01901719  d_x2-y2
   18   1   0   0       1.35686451  s
   18   2   1  -1       0.82738322  p_y
   18   2   1   0       0.83178342  p_z
   18   2   1   1       0.82356721  p_x
   18   3   2  -2       0.04476733  d_xy
   18   3   2  -1       0.03637131  d_yz
   18   3   2   0       0.02053707  d_z2
   18   3   2   1       0.04100518  d_xz
   18   3   2   2       0.02059359  d_x2-y2
   19   1   0   0       1.36109850  s
   19   2   1  -1       0.83283268  p_y
   19   2   1   0       0.82711363  p_z
   19   2   1   1       0.82587764  p_x
   19   3   2  -2       0.04086554  d_xy
   19   3   2  -1       0.03305300  d_yz
   19   3   2   0       0.01915113  d_z2
   19   3   2   1       0.04157481  d_xz
   19   3   2   2       0.01791268  d_x2-y2
   20   1   0   0       1.36789367  s
   20   2   1  -1       0.82760030  p_y
   20   2   1   0       0.82515934  p_z
   20   2   1   1       0.82855735  p_x
   20   3   2  -2       0.03880861  d_xy
   20   3   2  -1       0.04028980  d_yz
   20   3   2   0       0.01932071  d_z2
   20   3   2   1       0.03655163  d_xz
   20   3   2   2       0.01811089  d_x2-y2
   21   1   0   0       1.37361680  s
   21   2   1  -1       0.82512523  p_y
   21   2   1   0       0.82962685  p_z
   21   2   1   1       0.83205728  p_x
   21   3   2  -2       0.03989239  d_xy
   21   3   2  -1       0.03837586  d_yz
   21   3   2   0       0.01754105  d_z2
   21   3   2   1       0.03561574  d_xz
   21   3   2   2       0.01945537  d_x2-y2
   22   1   0   0       1.35166605  s
   22   2   1  -1       0.82239267  p_y
   22   2   1   0       0.82155909  p_z
   22   2   1   1       0.82640335  p_x
   22   3   2  -2       0.03798233  d_xy
   22   3   2  -1       0.04446538  d_yz
   22   3   2   0       0.02140671  d_z2
   22   3   2   1       0.03951068  d_xz
   22   3   2   2       0.02240873  d_x2-y2
   23   1   0   0       1.36798181  s
   23   2   1  -1       0.82592806  p_y
   23   2   1   0       0.83328300  p_z
   23   2   1   1       0.82653257  p_x
   23   3   2  -2       0.04121166  d_xy
   23   3   2  -1       0.03717941  d_yz
   23   3   2   0       0.01735515  d_z2
   23   3   2   1       0.03978824  d_xz
   23   3   2   2       0.02084353  d_x2-y2
   24   1   0   0       1.36579069  s
   24   2   1  -1       0.83227851  p_y
   24   2   1   0       0.82482583  p_z
   24   2   1   1       0.82239138  p_x
   24   3   2  -2       0.03875004  d_xy
   24   3   2  -1       0.03269562  d_yz
   24   3   2   0       0.01904765  d_z2
   24   3   2   1       0.04321621  d_xz
   24   3   2   2       0.01696636  d_x2-y2
   25   1   0   0       1.34623669  s
   25   2   1  -1       0.83188950  p_y
   25   2   1   0       0.83095834  p_z
   25   2   1   1       0.82879376  p_x
   25   3   2  -2       0.03732379  d_xy
   25   3   2  -1       0.03986877  d_yz
   25   3   2   0       0.01733542  d_z2
   25   3   2   1       0.04063602  d_xz
   25   3   2   2       0.02132914  d_x2-y2
   26   1   0   0       1.36907221  s
   26   2   1  -1       0.83215702  p_y
   26   2   1   0       0.83157831  p_z
   26   2   1   1       0.83011753  p_x
   26   3   2  -2       0.03800284  d_xy
   26   3   2  -1       0.03826999  d_yz
   26   3   2   0       0.01730228  d_z2
   26   3   2   1       0.03616594  d_xz
   26   3   2   2       0.01787404  d_x2-y2
   27   1   0   0       1.36316640  s
   27   2   1  -1       0.82863198  p_y
   27   2   1   0       0.83291867  p_z
   27   2   1   1       0.83170804  p_x
   27   3   2  -2       0.03690441  d_xy
   27   3   2  -1       0.04161396  d_yz
   27   3   2   0       0.01682298  d_z2
   27   3   2   1       0.03704280  d_xz
   27   3   2   2       0.01997498  d_x2-y2
   28   1   0   0       1.34953945  s
   28   2   1  -1       0.82920588  p_y
   28   2   1   0       0.83141751  p_z
   28   2   1   1       0.83145965  p_x
   28   3   2  -2       0.03777863  d_xy
   28   3   2  -1       0.04183549  d_yz
   28   3   2   0       0.01988468  d_z2
   28   3   2   1       0.04061859  d_xz
   28   3   2   2       0.01988382  d_x2-y2
   29   1   0   0       1.35804019  s
   29   2   1  -1       0.82882552  p_y
   29   2   1   0       0.82833869  p_z
   29   2   1   1       0.82888260  p_x
   29   3   2  -2       0.03777993  d_xy
   29   3   2  -1       0.04065551  d_yz
   29   3   2   0       0.02001637  d_z2
   29   3   2   1       0.03964309  d_xz
   29   3   2   2       0.02012050  d_x2-y2
   30   1   0   0       1.32108221  s
   30   2   1  -1       0.82961649  p_y
   30   2   1   0       0.82263175  p_z
   30   2   1   1       0.82847534  p_x
   30   3   2  -2       0.04028875  d_xy
   30   3   2  -1       0.04270638  d_yz
   30   3   2   0       0.02384093  d_z2
   30   3   2   1       0.04380614  d_xz
   30   3   2   2       0.02150741  d_x2-y2
   31   1   0   0       1.37600285  s
   31   2   1  -1       0.83273991  p_y
   31   2   1   0       0.83180000  p_z
   31   2   1   1       0.83357005  p_x
   31   3   2  -2       0.03653596  d_xy
   31   3   2  -1       0.03519561  d_yz
   31   3   2   0       0.01671999  d_z2
   31   3   2   1       0.03651057  d_xz
   31   3   2   2       0.01614973  d_x2-y2
   32   1   0   0       1.32517070  s
   32   2   1  -1       0.82741117  p_y
   32   2   1   0       0.82331568  p_z
   32   2   1   1       0.83220712  p_x
   32   3   2  -2       0.04147133  d_xy
   32   3   2  -1       0.04569544  d_yz
   32   3   2   0       0.02454785  d_z2
   32   3   2   1       0.04096459  d_xz
   32   3   2   2       0.02178720  d_x2-y2
   33   1   0   0       1.36379770  s
   33   2   1  -1       0.82527024  p_y
   33   2   1   0       0.82830191  p_z
   33   2   1   1       0.82805833  p_x
   33   3   2  -2       0.03841112  d_xy
   33   3   2  -1       0.03988778  d_yz
   33   3   2   0       0.01869994  d_z2
   33   3   2   1       0.03657729  d_xz
   33   3   2   2       0.01810157  d_x2-y2
   34   1   0   0       1.36792004  s
   34   2   1  -1       0.83562803  p_y
   34   2   1   0       0.83235054  p_z
   34   2   1   1       0.83412138  p_x
   34   3   2  -2       0.03624648  d_xy
   34   3   2  -1       0.03858674  d_yz
   34   3   2   0       0.01779745  d_z2
   34   3   2   1       0.03433793  d_xz
   34   3   2   2       0.01554208  d_x2-y2
   35   1   0   0       1.33236888  s
   35   2   1  -1       0.82479364  p_y
   35   2   1   0       0.82710855  p_z
   35   2   1   1       0.83111089  p_x
   35   3   2  -2       0.04219178  d_xy
   35   3   2  -1       0.04135026  d_yz
   35   3   2   0       0.02109449  d_z2
   35   3   2   1       0.04150905  d_xz
   35   3   2   2       0.02264069  d_x2-y2
   36   1   0   0       1.33233211  s
   36   2   1  -1       0.82755315  p_y
   36   2   1   0       0.82573194  p_z
   36   2   1   1       0.83116879  p_x
   36   3   2  -2       0.04355140  d_xy
   36   3   2  -1       0.04390453  d_yz
   36   3   2   0       0.02429215  d_z2
   36   3   2   1       0.04054128  d_xz
   36   3   2   2       0.02162567  d_x2-y2
   37   1   0   0       1.34320717  s
   37   2   1  -1       0.82876592  p_y
   37   2   1   0       0.82520133  p_z
   37   2   1   1       0.82871252  p_x
   37   3   2  -2       0.04124879  d_xy
   37   3   2  -1       0.04245820  d_yz
   37   3   2   0       0.02362118  d_z2
   37   3   2   1       0.04355878  d_xz
   37   3   2   2       0.02109531  d_x2-y2
   38   1   0   0       1.37281402  s
   38   2   1  -1       0.82711901  p_y
   38   2   1   0       0.83626332  p_z
   38   2   1   1       0.82690716  p_x
   38   3   2  -2       0.04289865  d_xy
   38   3   2  -1       0.03145816  d_yz
   38   3   2   0       0.01644852  d_z2
   38   3   2   1       0.03013688  d_xz
   38   3   2   2       0.01715284  d_x2-y2
   39   1   0   0       1.37743924  s
   39   2   1  -1       0.83017586  p_y
   39   2   1   0       0.82543448  p_z
   39   2   1   1       0.82495161  p_x
   39   3   2  -2       0.03381530  d_xy
   39   3   2  -1       0.03924944  d_yz
   39   3   2   0       0.01829212  d_z2
   39   3   2   1       0.04172472  d_xz
   39   3   2   2       0.02054804  d_x2-y2
   40   1   0   0       1.36309370  s
   40   2   1  -1       0.82876883  p_y
   40   2   1   0       0.82978451  p_z
   40   2   1   1       0.82708480  p_x
   40   3   2  -2       0.03668030  d_xy
   40   3   2  -1       0.04131622  d_yz
   40   3   2   0       0.01904419  d_z2
   40   3   2   1       0.03511864  d_xz
   40   3   2   2       0.01733880  d_x2-y2
   41   1   0   0       1.31477096  s
   41   2   1  -1       0.82485537  p_y
   41   2   1   0       0.82955859  p_z
   41   2   1   1       0.82270107  p_x
   41   3   2  -2       0.04413079  d_xy
   41   3   2  -1       0.04168297  d_yz
   41   3   2   0       0.02412922  d_z2
   41   3   2   1       0.04477558  d_xz
   41   3   2   2       0.02509986  d_x2-y2
   42   1   0   0       1.36638745  s
   42   2   1  -1       0.83014583  p_y
   42   2   1   0       0.82556215  p_z
   42   2   1   1       0.83142702  p_x
   42   3   2  -2       0.03487006  d_xy
   42   3   2  -1       0.04121028  d_yz
   42   3   2   0       0.02019636  d_z2
   42   3   2   1       0.04259462  d_xz
   42   3   2   2       0.01920713  d_x2-y2
   43   1   0   0       1.37835849  s
   43   2   1  -1       0.82551195  p_y
   43   2   1   0       0.82541682  p_z
   43   2   1   1       0.82371337  p_x
   43   3   2  -2       0.03759179  d_xy
   43   3   2  -1       0.03907052  d_yz
   43   3   2   0       0.01629547  d_z2
   43   3   2   1       0.03622733  d_xz
   43   3   2   2       0.01972543  d_x2-y2
   44   1   0   0       1.38617404  s
   44   2   1  -1       0.82943691  p_y
   44   2   1   0       0.83058041  p_z
   44   2   1   1       0.82881427  p_x
   44   3   2  -2       0.03760528  d_xy
   44   3   2  -1       0.03255515  d_yz
   44   3   2   0       0.01650308  d_z2
   44   3   2   1       0.03907458  d_xz
   44   3   2   2       0.01776401  d_x2-y2
   45   1   0   0       1.38585578  s
   45   2   1  -1       0.83113589  p_y
   45   2   1   0       0.82788932  p_z
   45   2   1   1       0.83100926  p_x
   45   3   2  -2       0.03642092  d_xy
   45   3   2  -1       0.03419669  d_yz
   45   3   2   0       0.01650719  d_z2
   45   3   2   1       0.03839918  d_xz
   45   3   2   2       0.01641753  d_x2-y2
   46   1   0   0       1.34468310  s
   46   2   1  -1       0.82038189  p_y
   46   2   1   0       0.82946403  p_z
   46   2   1   1       0.82443051  p_x
   46   3   2  -2       0.04530543  d_xy
   46   3   2  -1       0.03823722  d_yz
   46   3   2   0       0.02117806  d_z2
   46   3   2   1       0.04521304  d_xz
   46   3   2   2       0.02372627  d_x2-y2
   47   1   0   0       1.34540321  s
   47   2   1  -1       0.82912338  p_y
   47   2   1   0       0.82455789  p_z
   47   2   1   1       0.82715553  p_x
   47   3   2  -2       0.04305395  d_xy
   47   3   2  -1       0.04470268  d_yz
   47   3   2   0       0.02227933  d_z2
   47   3   2   1       0.03865547  d_xz
   47   3   2   2       0.02084953  d_x2-y2
   48   1   0   0       1.35936208  s
   48   2   1  -1       0.82362740  p_y
   48   2   1   0       0.82870100  p_z
   48   2   1   1       0.82978081  p_x
   48   3   2  -2       0.03568676  d_xy
   48   3   2  -1       0.04238024  d_yz
   48   3   2   0       0.01884320  d_z2
   48   3   2   1       0.03980402  d_xz
   48   3   2   2       0.02097281  d_x2-y2
   49   1   0   0       1.37013045  s
   49   2   1  -1       0.82868527  p_y
   49   2   1   0       0.82963617  p_z
   49   2   1   1       0.83401782  p_x
   49   3   2  -2       0.03673325  d_xy
   49   3   2  -1       0.04271898  d_yz
   49   3   2   0       0.01726595  d_z2
   49   3   2   1       0.03727976  d_xz
   49   3   2   2       0.01946872  d_x2-y2
   50   1   0   0       1.36161083  s
   50   2   1  -1       0.83032248  p_y
   50   2   1   0       0.83235627  p_z
   50   2   1   1       0.82800684  p_x
   50   3   2  -2       0.03533113  d_xy
   50   3   2  -1       0.03650699  d_yz
   50   3   2   0       0.01622995  d_z2
   50   3   2   1       0.03825125  d_xz
   50   3   2   2       0.01776825  d_x2-y2
   51   1   0   0       1.37537450  s
   51   2   1  -1       0.83042857  p_y
   51   2   1   0       0.82853972  p_z
   51   2   1   1       0.83022157  p_x
   51   3   2  -2       0.03863195  d_xy
   51   3   2  -1       0.03780604  d_yz
   51   3   2   0       0.01750647  d_z2
   51   3   2   1       0.04049366  d_xz
   51   3   2   2       0.01979235  d_x2-y2
   52   1   0   0       1.35832802  s
   52   2   1  -1       0.83021591  p_y
   52   2   1   0       0.83181606  p_z
   52   2   1   1       0.82674451  p_x
   52   3   2  -2       0.03744088  d_xy
   52   3   2  -1       0.03931690  d_yz
   52   3   2   0       0.01794044  d_z2
   52   3   2   1       0.03753109  d_xz
   52   3   2   2       0.01946722  d_x2-y2
   53   1   0   0       1.38513875  s
   53   2   1  -1       0.82622005  p_y
   53   2   1   0       0.82987414  p_z
   53   2   1   1       0.82536237  p_x
   53   3   2  -2       0.03582652  d_xy
   53   3   2  -1       0.03773913  d_yz
   53   3   2   0       0.01697225  d_z2
   53   3   2   1       0.03779544  d_xz
   53   3   2   2       0.01766747  d_x2-y2
   54   1   0   0       1.35382804  s
   54   2   1  -1       0.82396052  p_y
   54   2   1   0       0.82440999  p_z
   54   2   1   1       0.82475263  p_x
   54   3   2  -2       0.04488602  d_xy
   54   3   2  -1       0.04141724  d_yz
   54   3   2   0       0.02265070  d_z2
   54   3   2   1       0.03542171  d_xz
   54   3   2   2       0.01875776  d_x2-y2
   55   1   0   0       1.36707960  s
   55   2   1  -1       0.82269686  p_y
   55   2   1   0       0.82740174  p_z
   55   2   1   1       0.82913751  p_x
   55   3   2  -2       0.04125117  d_xy
   55   3   2  -1       0.03849298  d_yz
   55   3   2   0       0.01920846  d_z2
   55   3   2   1       0.03668445  d_xz
   55   3   2   2       0.01933092  d_x2-y2
   56   1   0   0       1.34152809  s
   56   2   1  -1       0.82685528  p_y
   56   2   1   0       0.82153221  p_z
   56   2   1   1       0.82253105  p_x
   56   3   2  -2       0.04216204  d_xy
   56   3   2  -1       0.04044130  d_yz
   56   3   2   0       0.02301346  d_z2
   56   3   2   1       0.04693931  d_xz
   56   3   2   2       0.02204024  d_x2-y2
   57   1   0   0       1.34810976  s
   57   2   1  -1       0.83637946  p_y
   57   2   1   0       0.83154892  p_z
   57   2   1   1       0.82549825  p_x
   57   3   2  -2       0.03940484  d_xy
   57   3   2  -1       0.03648522  d_yz
   57   3   2   0       0.01930659  d_z2
   57   3   2   1       0.04439090  d_xz
   57   3   2   2       0.02006845  d_x2-y2
   58   1   0   0       1.35894341  s
   58   2   1  -1       0.82813293  p_y
   58   2   1   0       0.82932178  p_z
   58   2   1   1       0.82554331  p_x
   58   3   2  -2       0.04254485  d_xy
   58   3   2  -1       0.03810656  d_yz
   58   3   2   0       0.02134744  d_z2
   58   3   2   1       0.03800036  d_xz
   58   3   2   2       0.01908958  d_x2-y2
   59   1   0   0       1.37411151  s
   59   2   1  -1       0.83257046  p_y
   59   2   1   0       0.82593645  p_z
   59   2   1   1       0.83033890  p_x
   59   3   2  -2       0.03497147  d_xy
   59   3   2  -1       0.04051125  d_yz
   59   3   2   0       0.01764092  d_z2
   59   3   2   1       0.03676389  d_xz
   59   3   2   2       0.01766442  d_x2-y2
   60   1   0   0       1.35901850  s
   60   2   1  -1       0.82528209  p_y
   60   2   1   0       0.82488588  p_z
   60   2   1   1       0.82767487  p_x
   60   3   2  -2       0.04237096  d_xy
   60   3   2  -1       0.03754402  d_yz
   60   3   2   0       0.02081589  d_z2
   60   3   2   1       0.03830918  d_xz
   60   3   2   2       0.01806008  d_x2-y2
   61   1   0   0       1.34900012  s
   61   2   1  -1       0.82842762  p_y
   61   2   1   0       0.82685325  p_z
   61   2   1   1       0.82932646  p_x
   61   3   2  -2       0.03742679  d_xy
   61   3   2  -1       0.04113466  d_yz
   61   3   2   0       0.01964368  d_z2
   61   3   2   1       0.04006758  d_xz
   61   3   2   2       0.01948801  d_x2-y2
   62   1   0   0       1.33601682  s
   62   2   1  -1       0.82814356  p_y
   62   2   1   0       0.82438321  p_z
   62   2   1   1       0.82600995  p_x
   62   3   2  -2       0.03871800  d_xy
   62   3   2  -1       0.03855380  d_yz
   62   3   2   0       0.02297343  d_z2
   62   3   2   1       0.04700393  d_xz
   62   3   2   2       0.02114414  d_x2-y2
   63   1   0   0       1.33243145  s
   63   2   1  -1       0.82459095  p_y
   63   2   1   0       0.82996970  p_z
   63   2   1   1       0.82591669  p_x
   63   3   2  -2       0.04486948  d_xy
   63   3   2  -1       0.04040582  d_yz
   63   3   2   0       0.02195778  d_z2
   63   3   2   1       0.04197347  d_xz
   63   3   2   2       0.02273977  d_x2-y2
   64   1   0   0       1.34454474  s
   64   2   1  -1       0.82549760  p_y
   64   2   1   0       0.83193569  p_z
   64   2   1   1       0.83038745  p_x
   64   3   2  -2       0.03849497  d_xy
   64   3   2  -1       0.04391082  d_yz
   64   3   2   0       0.02049159  d_z2
   64   3   2   1       0.03690596  d_xz
   64   3   2   2       0.01978333  d_x2-y2

Fermi level:                        -0.1333360343 H           -3.6283 eV
Band energy:                       -88.1904823845 H        -2399.7851 eV
TS:                                  0.0000000000 H            0.0000 eV
Band free energy (E-TS):           -88.1904823845 H        -2399.7851 eV
Extrapolated E(0K):                -88.1904823845 H        -2399.7851 eV
Input / Output electrons (q):    256.0000000000    256.0000000000

Energy H0:                         -88.1757166112 H        -2399.3833 eV
Energy SCC:                          0.0004835161 H            0.0132 eV
Total Electronic energy:           -88.1752330950 H        -2399.3702 eV
Repulsive energy:                    0.0000000000 H            0.0000 eV
Total energy:                      -88.1752330950 H        -2399.3702 eV
Extrapolated to 0:                 -88.1752330950 H        -2399.3702 eV
Total Mermin free energy:          -88.1752330950 H        -2399.3702 eV
Force related energy:              -88.1752330950 H        -2399.3702 eV

Non-constrained calculation

SCC converged

Warning: dipole moment is not defined absolutely!
Dipole moment:    0.39126546   -0.07034558    0.23227489 au
Dipole moment:    0.99449768   -0.17880065    0.59038393 Debye


