 Fermi distribution function

Calculation with static geometry


********************************************************************************
 iSCC Total electronic   Diff electronic      SCC error    
    9   -0.88165747E+02   -0.78253493E-09    0.60004332E-05
********************************************************************************

 Total charge:    -0.00000000

 Atomic gross charges (e)
 Atom           Charge
    1       0.00911900
    2       0.00863625
    3       0.00583437
    4       0.01157244
    5      -0.01374132
    6       0.00064760
    7       0.00229392
    8      -0.02407110
    9      -0.01824821
   10       0.00966194
   11      -0.00235594
   12       0.00726289
   13       0.00678101
   14      -0.01623408
   15       0.00340228
   16       0.00677872
   17      -0.00884971
   18       0.00520202
   19      -0.00493970
   20       0.00255035
   21      -0.00951221
   22       0.02642961
   23      -0.01731101
   24       0.03232642
   25       0.00441858
   26      -0.01215210
   27       0.00701956
   28      -0.00104043
   29      -0.00761357
   30       0.00206219
   31      -0.00132853
   32      -0.00568402
   33       0.00520644
   34      -0.01338038
   35       0.00874848
   36       0.00741818
   37      -0.00286438
   38       0.01017253
   39      -0.00770311
   40      -0.00125076
   41       0.00423230
   42      -0.01103086
   43       0.00544465
   44      -0.01174793
   45      -0.01479927
   46       0.01680218
   47      -0.01017523
   48      -0.01066147
   49       0.00208104
   50       0.01033214
   51      -0.00572219
   52      -0.00367251
   53       0.00076165
   54       0.01596782
   55       0.00258622
   56       0.00938338
   57      -0.01285616
   58      -0.00506626
   59      -0.00931205
   60      -0.00231119
   61       0.01067478
   62      -0.01679659
   63       0.00569714
   64       0.01492422

Nr. of electrons (up):    256.00000000
Atom populations (up)
 Atom       Population
    1       3.99088100
    2       3.99136375
    3       3.99416563
    4       3.98842756
    5       4.01374132
    6       3.99935240
    7       3.99770608
    8       4.02407110
    9       4.01824821
   10       3.99033806
   11       4.00235594
   12       3.99273711
   13       3.99321899
   14       4.01623408
   15       3.99659772
   16       3.99322128
   17       4.00884971
   18       3.99479798
   19       4.00493970
   20       3.99744965
   21       4.00951221
   22       3.97357039
   23       4.01731101
   24       3.96767358
   25       3.99558142
   26       4.01215210
   27       3.99298044
   28       4.00104043
   29       4.00761357
   30       3.99793781
   31       4.00132853
   32       4.00568402
   33       3.99479356
   34       4.01338038
   35       3.99125152
   36       3.99258182
   37       4.00286438
   38       3.98982747
   39       4.00770311
   40       4.00125076
   41       3.99576770
   42       4.01103086
   43       3.99455535
   44       4.01174793
   45       4.01479927
   46       3.98319782
   47       4.01017523
   48       4.01066147
   49       3.99791896
   50       3.98966786
   51       4.00572219
   52       4.00367251
   53       3.99923835
   54       3.98403218
   55       3.99741378
   56       3.99061662
   57       4.01285616
   58       4.00506626
   59       4.00931205
   60       4.00231119
   61       3.98932522
   62       4.01679659
   63       3.99430286
   64       3.98507578

l-shell populations (up)
 Atom Sh.   l       Population
    1   1   0       1.34395378
    1   2   1       2.48268295
    1   3   2       0.16424427
    2   1   0       1.34145800
    2   2   1       2.48552078
    2   3   2       0.16438497
    3   1   0       1.33983725
    3   2   1       2.48935605
    3   3   2       0.16497232
    4   1   0       1.34333028
    4   2   1       2.48041257
    4   3   2       0.16468471
    5   1   0       1.37834474
    5   2   1       2.48925822
    5   3   2       0.14613836
    6   1   0       1.35962924
    6   2   1       2.48159979
    6   3   2       0.15812338
    7   1   0       1.35773301
    7   2   1       2.48519757
    7   3   2       0.15477550
    8   1   0       1.38814910
    8   2   1       2.49287290
    8   3   2       0.14304910
    9   1   0       1.38081912
    9   2   1       2.48255242
    9   3   2       0.15487667
   10   1   0       1.35951732
   10   2   1       2.47407068
   10   3   2       0.15675007
   11   1   0       1.36011293
   11   2   1       2.47984083
   11   3   2       0.16240218
   12   1   0       1.34794747
   12   2   1       2.47112459
   12   3   2       0.17366505
   13   1   0       1.34208325
   13   2   1       2.49022204
   13   3   2       0.16091371
   14   1   0       1.37879873
   14   2   1       2.49098758
   14   3   2       0.14644776
   15   1   0       1.35930652
   15   2   1       2.47994503
   15   3   2       0.15734617
   16   1   0       1.33651313
   16   2   1       2.48954118
   16   3   2       0.16716697
   17   1   0       1.37252226
   17   2   1       2.49079793
   17   3   2       0.14552953
   18   1   0       1.34757213
   18   2   1       2.48474023
   18   3   2       0.16248563
   19   1   0       1.36931910
   19   2   1       2.48378541
   19   3   2       0.15183518
   20   1   0       1.34973930
   20   2   1       2.48617373
   20   3   2       0.16153662
   21   1   0       1.37965366
   21   2   1       2.48117528
   21   3   2       0.14868327
   22   1   0       1.33996665
   22   2   1       2.46396254
   22   3   2       0.16964120
   23   1   0       1.38060231
   23   2   1       2.49299161
   23   3   2       0.14371709
   24   1   0       1.31735738
   24   2   1       2.47002169
   24   3   2       0.18029451
   25   1   0       1.36050589
   25   2   1       2.47654833
   25   3   2       0.15852720
   26   1   0       1.37369735
   26   2   1       2.48460819
   26   3   2       0.15384657
   27   1   0       1.34210557
   27   2   1       2.48206231
   27   3   2       0.16881255
   28   1   0       1.36812462
   28   2   1       2.47923724
   28   3   2       0.15367856
   29   1   0       1.35904593
   29   2   1       2.49361564
   29   3   2       0.15495200
   30   1   0       1.36393455
   30   2   1       2.47938393
   30   3   2       0.15461933
   31   1   0       1.35860973
   31   2   1       2.49241098
   31   3   2       0.15030782
   32   1   0       1.37455862
   32   2   1       2.49143210
   32   3   2       0.13969330
   33   1   0       1.35474298
   33   2   1       2.49204829
   33   3   2       0.14800229
   34   1   0       1.37203521
   34   2   1       2.49138126
   34   3   2       0.14996391
   35   1   0       1.35114199
   35   2   1       2.48440621
   35   3   2       0.15570332
   36   1   0       1.34417920
   36   2   1       2.48984489
   36   3   2       0.15855773
   37   1   0       1.35303240
   37   2   1       2.48642911
   37   3   2       0.16340287
   38   1   0       1.34474157
   38   2   1       2.47641810
   38   3   2       0.16866780
   39   1   0       1.36021813
   39   2   1       2.49419052
   39   3   2       0.15329446
   40   1   0       1.36802357
   40   2   1       2.47859846
   40   3   2       0.15462872
   41   1   0       1.36854776
   41   2   1       2.46888220
   41   3   2       0.15833774
   42   1   0       1.37591241
   42   2   1       2.48484810
   42   3   2       0.15027035
   43   1   0       1.35088010
   43   2   1       2.47876541
   43   3   2       0.16490984
   44   1   0       1.38283794
   44   2   1       2.48293666
   44   3   2       0.14597334
   45   1   0       1.37578998
   45   2   1       2.49223836
   45   3   2       0.14677094
   46   1   0       1.33281635
   46   2   1       2.48303147
   46   3   2       0.16735000
   47   1   0       1.36210138
   47   2   1       2.48632724
   47   3   2       0.16174660
   48   1   0       1.37495456
   48   2   1       2.49406596
   48   3   2       0.14164096
   49   1   0       1.34456651
   49   2   1       2.49028010
   49   3   2       0.16307236
   50   1   0       1.34429022
   50   2   1       2.48089869
   50   3   2       0.16447894
   51   1   0       1.36190930
   51   2   1       2.49140600
   51   3   2       0.15240689
   52   1   0       1.36471352
   52   2   1       2.48682357
   52   3   2       0.15213542
   53   1   0       1.36738719
   53   2   1       2.47888459
   53   3   2       0.15296657
   54   1   0       1.33595240
   54   2   1       2.47490416
   54   3   2       0.17317562
   55   1   0       1.33756084
   55   2   1       2.48932071
   55   3   2       0.17053223
   56   1   0       1.34734763
   56   2   1       2.48170149
   56   3   2       0.16156750
   57   1   0       1.37271478
   57   2   1       2.48333823
   57   3   2       0.15680316
   58   1   0       1.36673238
   58   2   1       2.48207131
   58   3   2       0.15626258
   59   1   0       1.37943142
   59   2   1       2.48135061
   59   3   2       0.14853003
   60   1   0       1.37315229
   60   2   1       2.48669753
   60   3   2       0.14246137
   61   1   0       1.34400644
   61   2   1       2.47930907
   61   3   2       0.16600972
   62   1   0       1.38324733
   62   2   1       2.48462441
   62   3   2       0.14892485
   63   1   0       1.34974793
   63   2   1       2.48340142
   63   3   2       0.16115351
   64   1   0       1.33075642
   64   2   1       2.48012329
   64   3   2       0.17419607

Orbital populations (up)
 Atom Sh.   l   m       Population  Label
    1   1   0   0       1.34395378  s
    1   2   1  -1       0.83013939  p_y
    1   2   1   0       0.82432161  p_z
    1   2   1   1       0.82822194  p_x
    1   3   2  -2       0.03867548  d_xy
    1   3   2  -1       0.04211478  d_yz
    1   3   2   0       0.02156269  d_z2
    1   3   2   1       0.04169458  d_xz
    1   3   2   2       0.02019674  d_x2-y2
    2   1   0   0       1.34145800  s
    2   2   1  -1       0.82520083  p_y
    2   2   1   0       0.83301907  p_z
    2   2   1   1       0.82730088  p_x
    2   3   2  -2       0.04330495  d_xy
    2   3   2  -1       0.04013947  d_yz
    2   3   2   0       0.02037030  d_z2
    2   3   2   1       0.03831678  d_xz
    2   3   2   2       0.02225348  d_x2-y2
    3   1   0   0       1.33983725  s
    3   2   1  -1       0.83263463  p_y
    3   2   1   0       0.82777501  p_z
    3   2   1   1       0.82894641  p_x
    3   3   2  -2       0.03931754  d_xy
    3   3   2  -1       0.03971820  d_yz
    3   3   2   0       0.02290024  d_z2
    3   3   2   1       0.04314244  d_xz
    3   3   2   2       0.01989389  d_x2-y2
    4   1   0   0       1.34333028  s
    4   2   1  -1       0.82576125  p_y
    4   2   1   0       0.82971361  p_z
    4   2   1   1       0.82493771  p_x
    4   3   2  -2       0.04295277  d_xy
    4   3   2  -1       0.04082380  d_yz
    4   3   2   0       0.02001309  d_z2
    4   3   2   1       0.03910411  d_xz
    4   3   2   2       0.02179094  d_x2-y2
    5   1   0   0       1.37834474  s
    5   2   1  -1       0.82969142  p_y
    5   2   1   0       0.82947317  p_z
    5   2   1   1       0.83009363  p_x
    5   3   2  -2       0.03896181  d_xy
    5   3   2  -1       0.03440970  d_yz
    5   3   2   0       0.01799572  d_z2
    5   3   2   1       0.03817246  d_xz
    5   3   2   2       0.01659866  d_x2-y2
    6   1   0   0       1.35962924  s
    6   2   1  -1       0.82690659  p_y
    6   2   1   0       0.82297176  p_z
    6   2   1   1       0.83172143  p_x
    6   3   2  -2       0.03999166  d_xy
    6   3   2  -1       0.03831036  d_yz
    6   3   2   0       0.02126074  d_z2
    6   3   2   1       0.03952513  d_xz
    6   3   2   2       0.01903549  d_x2-y2
    7   1   0   0       1.35773301  s
    7   2   1  -1       0.82663298  p_y
    7   2   1   0       0.82950610  p_z
    7   2   1   1       0.82905848  p_x
    7   3   2  -2       0.04067818  d_xy
    7   3   2  -1       0.04045970  d_yz
    7   3   2   0       0.01951832  d_z2
    7   3   2   1       0.03463306  d_xz
    7   3   2   2       0.01948624  d_x2-y2
    8   1   0   0       1.38814910  s
    8   2   1  -1       0.83282754  p_y
    8   2   1   0       0.83122101  p_z
    8   2   1   1       0.82882435  p_x
    8   3   2  -2       0.03470236  d_xy
    8   3   2  -1       0.03677765  d_yz
    8   3   2   0       0.01693464  d_z2
    8   3   2   1       0.03767622  d_xz
    8   3   2   2       0.01695824  d_x2-y2
    9   1   0   0       1.38081912  s
    9   2   1  -1       0.82388798  p_y
    9   2   1   0       0.83102781  p_z
    9   2   1   1       0.82763662  p_x
    9   3   2  -2       0.04233847  d_xy
    9   3   2  -1       0.03808474  d_yz
    9   3   2   0       0.01831481  d_z2
    9   3   2   1       0.03709599  d_xz
    9   3   2   2       0.01904266  d_x2-y2
   10   1   0   0       1.35951732  s
   10   2   1  -1       0.82261650  p_y
   10   2   1   0       0.83060092  p_z
   10   2   1   1       0.82085326  p_x
   10   3   2  -2       0.04050370  d_xy
   10   3   2  -1       0.03796016  d_yz
   10   3   2   0       0.01940635  d_z2
   10   3   2   1       0.03835147  d_xz
   10   3   2   2       0.02052838  d_x2-y2
   11   1   0   0       1.36011293  s
   11   2   1  -1       0.82774548  p_y
   11   2   1   0       0.82327544  p_z
   11   2   1   1       0.82881991  p_x
   11   3   2  -2       0.03944590  d_xy
   11   3   2  -1       0.04384334  d_yz
   11   3   2   0       0.02187900  d_z2
   11   3   2   1       0.03824749  d_xz
   11   3   2   2       0.01898645  d_x2-y2
   12   1   0   0       1.34794747  s
   12   2   1  -1       0.82143984  p_y
   12   2   1   0       0.82878868  p_z
   12   2   1   1       0.82089607  p_x
   12   3   2  -2       0.04526847  d_xy
   12   3   2  -1       0.04136628  d_yz
   12   3   2   0       0.02215328  d_z2
   12   3   2   1       0.04210186  d_xz
   12   3   2   2       0.02277516  d_x2-y2
   13   1   0   0       1.34208325  s
   13   2   1  -1       0.82840409  p_y
   13   2   1   0       0.83136812  p_z
   13   2   1   1       0.83044982  p_x
   13   3   2  -2       0.03975988  d_xy
   13   3   2  -1       0.04063492  d_yz
   13   3   2   0       0.02000910  d_z2
   13   3   2   1       0.03973823  d_xz
   13   3   2   2       0.02077158  d_x2-y2
   14   1   0   0       1.37879873  s
   14   2   1  -1       0.83042376  p_y
   14   2   1   0       0.83161249  p_z
   14   2   1   1       0.82895133  p_x
   14   3   2  -2       0.03779203  d_xy
   14   3   2  -1       0.03484664  d_yz
   14   3   2   0       0.01632319  d_z2
   14   3   2   1       0.03918424  d_xz
   14   3   2   2       0.01830166  d_x2-y2
   15   1   0   0       1.35930652  s
   15   2   1  -1       0.82301918  p_y
   15   2   1   0       0.83030572  p_z
   15   2   1   1       0.82662014  p_x
   15   3   2  -2       0.04022385  d_xy
   15   3   2  -1       0.03845462  d_yz
   15   3   2   0       0.01865768  d_z2
   15   3   2   1       0.03961912  d_xz
   15   3   2   2       0.02039089  d_x2-y2
   16   1   0   0       1.33651313  s
   16   2   1  -1       0.82889823  p_y
   16   2   1   0       0.83151986  p_z
   16   2   1   1       0.82912309  p_x
   16   3   2  -2       0.04300680  d_xy
   16   3   2  -1       0.04203544  d_yz
   16   3   2   0       0.02077107  d_z2
   16   3   2   1       0.03926111  d_xz
   16   3   2   2       0.02209255  d_x2-y2
   17   1   0   0       1.37252226  s
   17   2   1  -1       0.82838541  p_y
   17   2   1   0       0.83194139  p_z
   17   2   1   1       0.83047112  p_x
   17   3   2  -2       0.03441794  d_xy
   17   3   2  -1       0.03797260  d_yz
   17   3   2   0       0.01663930  d_z2
   17   3   2   1       0.03830742  d_xz
   17   3   2   2       0.01819227  d_x2-y2
   18   1   0   0       1.34757213  s
   18   2   1  -1       0.83164835  p_y
   18   2   1   0       0.83156459  p_z
   18   2   1   1       0.82152729  p_x
   18   3   2  -2       0.04386218  d_xy
   18   3   2  -1       0.03900946  d_yz
   18   3   2   0       0.02037124  d_z2
   18   3   2   1       0.03890989  d_xz
   18   3   2   2       0.02033286  d_x2-y2
   19   1   0   0       1.36931910  s
   19   2   1  -1       0.83014138  p_y
   19   2   1   0       0.82844886  p_z
   19   2   1   1       0.82519518  p_x
   19   3   2  -2       0.03491089  d_xy
   19   3   2  -1       0.03712161  d_yz
   19   3   2   0       0.01765960  d_z2
   19   3   2   1       0.04329963  d_xz
   19   3   2   2       0.01884344  d_x2-y2
   20   1   0   0       1.34973930  s
   20   2   1  -1       0.82705407  p_y
   20   2   1   0       0.82945333  p_z
   20   2   1   1       0.82966633  p_x
   20   3   2  -2       0.04105290  d_xy
   20   3   2  -1       0.04192180  d_yz
   20   3   2   0       0.02002467  d_z2
   20   3   2   1       0.03819099  d_xz
   20   3   2   2       0.02034626  d_x2-y2
   21   1   0   0       1.37965366  s
   21   2   1  -1       0.83022805  p_y
   21   2   1   0       0.82266223  p_z
   21   2   1   1       0.82828499  p_x
   21   3   2  -2       0.03442093  d_xy
   21   3   2  -1       0.03937506  d_yz
   21   3   2   0       0.01753902  d_z2
   21   3   2   1       0.03944839  d_xz
   21   3   2   2       0.01789988  d_x2-y2
   22   1   0   0       1.33996665  s
   22   2   1  -1       0.81930981  p_y
   22   2   1   0       0.82487952  p_z
   22   2   1   1       0.81977321  p_x
   22   3   2  -2       0.04275533  d_xy
   22   3   2  -1       0.04085873  d_yz
   22   3   2   0       0.02212797  d_z2
   22   3   2   1       0.04044949  d_xz
   22   3   2   2       0.02344967  d_x2-y2
   23   1   0   0       1.38060231  s
   23   2   1  -1       0.83359921  p_y
   23   2   1   0       0.82521825  p_z
   23   2   1   1       0.83417414  p_x
   23   3   2  -2       0.03643436  d_xy
   23   3   2  -1       0.03457405  d_yz
   23   3   2   0       0.01876559  d_z2
   23   3   2   1       0.03890378  d_xz
   23   3   2   2       0.01503930  d_x2-y2
   24   1   0   0       1.31735738  s
   24   2   1  -1       0.82674521  p_y
   24   2   1   0       0.82585965  p_z
   24   2   1   1       0.81741682  p_x
   24   3   2  -2       0.04485781  d_xy
   24   3   2  -1       0.03816124  d_yz
   24   3   2   0       0.02414362  d_z2
   24   3   2   1       0.04806627  d_xz
   24   3   2   2       0.02506556  d_x2-y2
   25   1   0   0       1.36050589  s
   25   2   1  -1       0.82347343  p_y
   25   2   1   0       0.82827517  p_z
   25   2   1   1       0.82479973  p_x
   25   3   2  -2       0.04338000  d_xy
   25   3   2  -1       0.03843977  d_yz
   25   3   2   0       0.02208865  d_z2
   25   3   2   1       0.03696509  d_xz
   25   3   2   2       0.01765369  d_x2-y2
   26   1   0   0       1.37369735  s
   26   2   1  -1       0.83153842  p_y
   26   2   1   0       0.82382206  p_z
   26   2   1   1       0.82924771  p_x
   26   3   2  -2       0.03613619  d_xy
   26   3   2  -1       0.03684283  d_yz
   26   3   2   0       0.01923042  d_z2
   26   3   2   1       0.04369328  d_xz
   26   3   2   2       0.01794384  d_x2-y2
   27   1   0   0       1.34210557  s
   27   2   1  -1       0.82366791  p_y
   27   2   1   0       0.83101802  p_z
   27   2   1   1       0.82737638  p_x
   27   3   2  -2       0.04627978  d_xy
   27   3   2  -1       0.04288478  d_yz
   27   3   2   0       0.02198263  d_z2
   27   3   2   1       0.03602471  d_xz
   27   3   2   2       0.02164065  d_x2-y2
   28   1   0   0       1.36812462  s
   28   2   1  -1       0.83318942  p_y
   28   2   1   0       0.81690386  p_z
   28   2   1   1       0.82914397  p_x
   28   3   2  -2       0.03349630  d_xy
   28   3   2  -1       0.03932550  d_yz
   28   3   2   0       0.01986402  d_z2
   28   3   2   1       0.04300512  d_xz
   28   3   2   2       0.01798763  d_x2-y2
   29   1   0   0       1.35904593  s
   29   2   1  -1       0.83246175  p_y
   29   2   1   0       0.82965950  p_z
   29   2   1   1       0.83149439  p_x
   29   3   2  -2       0.03691922  d_xy
   29   3   2  -1       0.03925273  d_yz
   29   3   2   0       0.01881664  d_z2
   29   3   2   1       0.04042373  d_xz
   29   3   2   2       0.01953967  d_x2-y2
   30   1   0   0       1.36393455  s
   30   2   1  -1       0.82379709  p_y
   30   2   1   0       0.82735679  p_z
   30   2   1   1       0.82823006  p_x
   30   3   2  -2       0.03959565  d_xy
   30   3   2  -1       0.03899158  d_yz
   30   3   2   0       0.01901376  d_z2
   30   3   2   1       0.03835580  d_xz
   30   3   2   2       0.01866255  d_x2-y2
   31   1   0   0       1.35860973  s
   31   2   1  -1       0.83221869  p_y
   31   2   1   0       0.82721086  p_z
   31   2   1   1       0.83298143  p_x
   31   3   2  -2       0.03665396  d_xy
   31   3   2  -1       0.04053373  d_yz
   31   3   2   0       0.01932247  d_z2
   31   3   2   1       0.03660603  d_xz
   31   3   2   2       0.01719163  d_x2-y2
   32   1   0   0       1.37455862  s
   32   2   1  -1       0.83122417  p_y
   32   2   1   0       0.82982414  p_z
   32   2   1   1       0.83038378  p_x
   32   3   2  -2       0.03605007  d_xy
   32   3   2  -1       0.03758905  d_yz
   32   3   2   0       0.01589051  d_z2
   32   3   2   1       0.03371254  d_xz
   32   3   2   2       0.01645114  d_x2-y2
   33   1   0   0       1.35474298  s
   33   2   1  -1       0.83211692  p_y
   33   2   1   0       0.82789367  p_z
   33   2   1   1       0.83203770  p_x
   33   3   2  -2       0.03706644  d_xy
   33   3   2  -1       0.03638980  d_yz
   33   3   2   0       0.01847038  d_z2
   33   3   2   1       0.03869357  d_xz
   33   3   2   2       0.01738209  d_x2-y2
   34   1   0   0       1.37203521  s
   34   2   1  -1       0.82740474  p_y
   34   2   1   0       0.83257145  p_z
   34   2   1   1       0.83140507  p_x
   34   3   2  -2       0.03643316  d_xy
   34   3   2  -1       0.04003430  d_yz
   34   3   2   0       0.01876287  d_z2
   34   3   2   1       0.03702864  d_xz
   34   3   2   2       0.01770493  d_x2-y2
   35   1   0   0       1.35114199  s
   35   2   1  -1       0.83438225  p_y
   35   2   1   0       0.81988785  p_z
   35   2   1   1       0.83013611  p_x
   35   3   2  -2       0.03502496  d_xy
   35   3   2  -1       0.04186128  d_yz
   35   3   2   0       0.02154536  d_z2
   35   3   2   1       0.03970903  d_xz
   35   3   2   2       0.01756268  d_x2-y2
   36   1   0   0       1.34417920  s
   36   2   1  -1       0.82560665  p_y
   36   2   1   0       0.83161982  p_z
   36   2   1   1       0.83261842  p_x
   36   3   2  -2       0.04111719  d_xy
   36   3   2  -1       0.03897513  d_yz
   36   3   2   0       0.01978453  d_z2
   36   3   2   1       0.03840299  d_xz
   36   3   2   2       0.02027789  d_x2-y2
   37   1   0   0       1.35303240  s
   37   2   1  -1       0.82895188  p_y
   37   2   1   0       0.83118766  p_z
   37   2   1   1       0.82628957  p_x
   37   3   2  -2       0.03976852  d_xy
   37   3   2  -1       0.03885004  d_yz
   37   3   2   0       0.02062955  d_z2
   37   3   2   1       0.04403316  d_xz
   37   3   2   2       0.02012160  d_x2-y2
   38   1   0   0       1.34474157  s
   38   2   1  -1       0.82549446  p_y
   38   2   1   0       0.82600301  p_z
   38   2   1   1       0.82492063  p_x
   38   3   2  -2       0.04480637  d_xy
   38   3   2  -1       0.03809882  d_yz
   38   3   2   0       0.02155275  d_z2
   38   3   2   1       0.04188052  d_xz
   38   3   2   2       0.02232934  d_x2-y2
   39   1   0   0       1.36021813  s
   39   2   1  -1       0.83120991  p_y
   39   2   1   0       0.83145527  p_z
   39   2   1   1       0.83152534  p_x
   39   3   2  -2       0.03839038  d_xy
   39   3   2  -1       0.03783761  d_yz
   39   3   2   0       0.01878130  d_z2
   39   3   2   1       0.03950987  d_xz
   39   3   2   2       0.01877531  d_x2-y2
   40   1   0   0       1.36802357  s
   40   2   1  -1       0.82799031  p_y
   40   2   1   0       0.82127664  p_z
   40   2   1   1       0.82933151  p_x
   40   3   2  -2       0.03421629  d_xy
   40   3   2  -1       0.04075724  d_yz
   40   3   2   0       0.01839602  d_z2
   40   3   2   1       0.04180398  d_xz
   40   3   2   2       0.01945520  d_x2-y2
   41   1   0   0       1.36854776  s
   41   2   1  -1       0.82010517  p_y
   41   2   1   0       0.82526357  p_z
   41   2   1   1       0.82351346  p_x
   41   3   2  -2       0.04120309  d_xy
   41   3   2  -1       0.03691060  d_yz
   41   3   2   0       0.01942756  d_z2
   41   3   2   1       0.04053422  d_xz
   41   3   2   2       0.02026226  d_x2-y2
   42   1   0   0       1.37591241  s
   42   2   1  -1       0.83373952  p_y
   42   2   1   0       0.82258110  p_z
   42   2   1   1       0.82852748  p_x
   42   3   2  -2       0.03473380  d_xy
   42   3   2  -1       0.04011155  d_yz
   42   3   2   0       0.01902419  d_z2
   42   3   2   1       0.03859363  d_xz
   42   3   2   2       0.01780718  d_x2-y2
   43   1   0   0       1.35088010  s
   43   2   1  -1       0.82704916  p_y
   43   2   1   0       0.82366629  p_z
   43   2   1   1       0.82804997  p_x
   43   3   2  -2       0.03957872  d_xy
   43   3   2  -1       0.04291930  d_yz
   43   3   2   0       0.02065623  d_z2
   43   3   2   1       0.04007553  d_xz
   43   3   2   2       0.02168006  d_x2-y2
   44   1   0   0       1.38283794  s
   44   2   1  -1       0.82494195  p_y
   44   2   1   0       0.82628422  p_z
   44   2   1   1       0.83171049  p_x
   44   3   2  -2       0.03972613  d_xy
   44   3   2  -1       0.03518763  d_yz
   44   3   2   0       0.01856936  d_z2
   44   3   2   1       0.03548867  d_xz
   44   3   2   2       0.01700155  d_x2-y2
   45   1   0   0       1.37578998  s
   45   2   1  -1       0.83107636  p_y
   45   2   1   0       0.83108525  p_z
   45   2   1   1       0.83007675  p_x
   45   3   2  -2       0.03880753  d_xy
   45   3   2  -1       0.03896471  d_yz
   45   3   2   0       0.01746449  d_z2
   45   3   2   1       0.03405640  d_xz
   45   3   2   2       0.01747780  d_x2-y2
   46   1   0   0       1.33281635  s
   46   2   1  -1       0.82996187  p_y
   46   2   1   0       0.82324402  p_z
   46   2   1   1       0.82982559  p_x
   46   3   2  -2       0.04121416  d_xy
   46   3   2  -1       0.04228134  d_yz
   46   3   2   0       0.02229045  d_z2
   46   3   2   1       0.04071572  d_xz
   46   3   2   2       0.02084834  d_x2-y2
   47   1   0   0       1.36210138  s
   47   2   1  -1       0.82874884  p_y
   47   2   1   0       0.83383493  p_z
   47   2   1   1       0.82374347  p_x
   47   3   2  -2       0.04374908  d_xy
   47   3   2  -1       0.03772583  d_yz
   47   3   2   0       0.02019313  d_z2
   47   3   2   1       0.04055330  d_xz
   47   3   2   2       0.01952527  d_x2-y2
   48   1   0   0       1.37495456  s
   48   2   1  -1       0.83868464  p_y
   48   2   1   0       0.82561607  p_z
   48   2   1   1       0.82976525  p_x
   48   3   2  -2       0.02955747  d_xy
   48   3   2  -1       0.03952110  d_yz
   48   3   2   0       0.01657131  d_z2
   48   3   2   1       0.03911506  d_xz
   48   3   2   2       0.01687602  d_x2-y2
   49   1   0   0       1.34456651  s
   49   2   1  -1       0.82809006  p_y
   49   2   1   0       0.83241871  p_z
   49   2   1   1       0.82977132  p_x
   49   3   2  -2       0.04435934  d_xy
   49   3   2  -1       0.04128878  d_yz
   49   3   2   0       0.02186759  d_z2
   49   3   2   1       0.03626969  d_xz
   49   3   2   2       0.01928696  d_x2-y2
   50   1   0   0       1.34429022  s
   50   2   1  -1       0.82845447  p_y
   50   2   1   0       0.82179796  p_z
   50   2   1   1       0.83064625  p_x
   50   3   2  -2       0.04051115  d_xy
   50   3   2  -1       0.04133328  d_yz
   50   3   2   0       0.02200236  d_z2
   50   3   2   1       0.04029109  d_xz
   50   3   2   2       0.02034107  d_x2-y2
   51   1   0   0       1.36190930  s
   51   2   1  -1       0.82538902  p_y
   51   2   1   0       0.83623341  p_z
   51   2   1   1       0.82978358  p_x
   51   3   2  -2       0.04120446  d_xy
   51   3   2  -1       0.03804666  d_yz
   51   3   2   0       0.01811245  d_z2
   51   3   2   1       0.03632942  d_xz
   51   3   2   2       0.01871391  d_x2-y2
   52   1   0   0       1.36471352  s
   52   2   1  -1       0.82811253  p_y
   52   2   1   0       0.82843284  p_z
   52   2   1   1       0.83027820  p_x
   52   3   2  -2       0.03746891  d_xy
   52   3   2  -1       0.03956937  d_yz
   52   3   2   0       0.01895392  d_z2
   52   3   2   1       0.03805863  d_xz
   52   3   2   2       0.01808459  d_x2-y2
   53   1   0   0       1.36738719  s
   53   2   1  -1       0.82772095  p_y
   53   2   1   0       0.81888595  p_z
   53   2   1   1       0.83227769  p_x
   53   3   2  -2       0.03464153  d_xy
   53   3   2  -1       0.04157989  d_yz
   53   3   2   0       0.02055685  d_z2
   53   3   2   1       0.03897916  d_xz
   53   3   2   2       0.01720914  d_x2-y2
   54   1   0   0       1.33595240  s
   54   2   1  -1       0.81550056  p_y
   54   2   1   0       0.83096509  p_z
   54   2   1   1       0.82843851  p_x
   54   3   2  -2       0.04698277  d_xy
   54   3   2  -1       0.04354932  d_yz
   54   3   2   0       0.02112593  d_z2
   54   3   2   1       0.03767479  d_xz
   54   3   2   2       0.02384281  d_x2-y2
   55   1   0   0       1.33756084  s
   55   2   1  -1       0.83153082  p_y
   55   2   1   0       0.82750064  p_z
   55   2   1   1       0.83028925  p_x
   55   3   2  -2       0.04158338  d_xy
   55   3   2  -1       0.03703408  d_yz
   55   3   2   0       0.02385295  d_z2
   55   3   2   1       0.04683601  d_xz
   55   3   2   2       0.02122582  d_x2-y2
   56   1   0   0       1.34734763  s
   56   2   1  -1       0.82523571  p_y
   56   2   1   0       0.83107772  p_z
   56   2   1   1       0.82538806  p_x
   56   3   2  -2       0.04287306  d_xy
   56   3   2  -1       0.03730391  d_yz
   56   3   2   0       0.01986314  d_z2
   56   3   2   1       0.04065568  d_xz
   56   3   2   2       0.02087170  d_x2-y2
   57   1   0   0       1.37271478  s
   57   2   1  -1       0.82834750  p_y
   57   2   1   0       0.83397214  p_z
   57   2   1   1       0.82101858  p_x
   57   3   2  -2       0.04288088  d_xy
   57   3   2  -1       0.03391905  d_yz
   57   3   2   0       0.01718963  d_z2
   57   3   2   1       0.04188169  d_xz
   57   3   2   2       0.02093191  d_x2-y2
   58   1   0   0       1.36673238  s
   58   2   1  -1       0.82843598  p_y
   58   2   1   0       0.82810587  p_z
   58   2   1   1       0.82552945  p_x
   58   3   2  -2       0.03876853  d_xy
   58   3   2  -1       0.03899111  d_yz
   58   3   2   0       0.01899414  d_z2
   58   3   2   1       0.03901571  d_xz
   58   3   2   2       0.02049309  d_x2-y2
   59   1   0   0       1.37943142  s
   59   2   1  -1       0.82606315  p_y
   59   2   1   0       0.82901020  p_z
   59   2   1   1       0.82627726  p_x
   59   3   2  -2       0.03846211  d_xy
   59   3   2  -1       0.03941101  d_yz
   59   3   2   0       0.01746059  d_z2
   59   3   2   1       0.03492281  d_xz
   59   3   2   2       0.01827351  d_x2-y2
   60   1   0   0       1.37315229  s
   60   2   1  -1       0.82877635  p_y
   60   2   1   0       0.82814842  p_z
   60   2   1   1       0.82977275  p_x
   60   3   2  -2       0.03424580  d_xy
   60   3   2  -1       0.03744549  d_yz
   60   3   2   0       0.01753549  d_z2
   60   3   2   1       0.03719618  d_xz
   60   3   2   2       0.01603842  d_x2-y2
   61   1   0   0       1.34400644  s
   61   2   1  -1       0.82378580  p_y
   61   2   1   0       0.82872957  p_z
   61   2   1   1       0.82679370  p_x
   61   3   2  -2       0.04250514  d_xy
   61   3   2  -1       0.04291906  d_yz
   61   3   2   0       0.02109874  d_z2
   61   3   2   1       0.03771146  d_xz
   61   3   2   2       0.02177532  d_x2-y2
   62   1   0   0       1.38324733  s
   62   2   1  -1       0.82944984  p_y
   62   2   1   0       0.82767424  p_z
   62   2   1   1       0.82750034  p_x
   62   3   2  -2       0.03645253  d_xy
   62   3   2  -1       0.03571965  d_yz
   62   3   2   0       0.01768742  d_z2
   62   3   2   1       0.04144708  d_xz
   62   3   2   2       0.01761817  d_x2-y2
   63   1   0   0       1.34974793  s
   63   2   1  -1       0.82642756  p_y
   63   2   1   0       0.83207380  p_z
   63   2   1   1       0.82490006  p_x
   63   3   2  -2       0.04402438  d_xy
   63   3   2  -1       0.03965019  d_yz
   63   3   2   0       0.01946556  d_z2
   63   3   2   1       0.03730768  d_xz
   63   3   2   2       0.02070569  d_x2-y2
   64   1   0   0       1.33075642  s
   64   2   1  -1       0.82391717  p_y
   64   2   1   0       0.82727431  p_z
   64   2   1   1       0.82893181  p_x
   64   3   2  -2       0.04217519  d_xy
   64   3   2  -1       0.04569919  d_yz
   64   3   2   0       0.02240044  d_z2
   64   3   2   1       0.04074476  d_xz
   64   3   2   2       0.02317649  d_x2-y2

Fermi level:                        -0.1331429792 H           -3.6230 eV
Band energy:                       -88.1745105642 H        -2399.3505 eV
TS:                                  0.0000000000 H            0.0000 eV
Band free energy (E-TS):           -88.1745105642 H        -2399.3505 eV
Extrapolated E(0K):                -88.1745105642 H        -2399.3505 eV
Input / Output electrons (q):    256.0000000000    256.0000000000

Energy H0:                         -88.1661449695 H        -2399.1229 eV
Energy SCC:                          0.0003984226 H            0.0108 eV
Total Electronic energy:           -88.1657465469 H        -2399.1120 eV
Repulsive energy:                    0.0000000000 H            0.0000 eV
Total energy:                      -88.1657465469 H        -2399.1120 eV
Extrapolated to 0:                 -88.1657465469 H        -2399.1120 eV
Total Mermin free energy:          -88.1657465469 H        -2399.1120 eV
Force related energy:              -88.1657465469 H        -2399.1120 eV

Non-constrained calculation

SCC converged

Warning: dipole moment is not defined absolutely!
Dipole moment:   -0.33211414    0.09343238    0.13002177 au
Dipole moment:   -0.84415001    0.23748143    0.33048240 Debye


