 Fermi distribution function

Calculation with static geometry


********************************************************************************
 iSCC Total electronic   Diff electronic      SCC error    
    9   -0.88142530E+02   -0.12361312E-08    0.94024032E-05
********************************************************************************

 Total charge:    -0.00000000

 Atomic gross charges (e)
 Atom           Charge
    1      -0.00485043
    2      -0.00415898
    3      -0.02764910
    4      -0.01436125
    5      -0.00250171
    6      -0.01341714
    7       0.00118956
    8      -0.01148584
    9       0.00265905
   10      -0.00988590
   11       0.01973143
   12      -0.01002643
   13       0.00183198
   14       0.00138183
   15      -0.01417713
   16       0.00682876
   17       0.00343889
   18       0.01456373
   19       0.00292244
   20       0.00453583
   21       0.01538249
   22      -0.00798307
   23       0.01385596
   24       0.00153114
   25       0.00900784
   26       0.00955040
   27      -0.00358367
   28       0.00758269
   29       0.00916910
   30       0.00361365
   31       0.00639247
   32      -0.00583972
   33      -0.01069276
   34      -0.01414233
   35      -0.00918797
   36       0.01311031
   37      -0.00337488
   38      -0.00484769
   39       0.01255431
   40      -0.01114489
   41       0.01256693
   42      -0.00283129
   43      -0.00102012
   44      -0.00407010
   45      -0.00768556
   46      -0.00825410
   47      -0.00134350
   48      -0.03311346
   49       0.01740938
   50       0.00324702
   51       0.00710317
   52      -0.00074753
   53      -0.02080254
   54       0.00717089
   55       0.01151115
   56       0.01356519
   57       0.00072240
   58       0.01162215
   59      -0.00894883
   60       0.01748540
   61      -0.00265606
   62       0.00463173
   63       0.01683272
   64      -0.00991802

Nr. of electrons (up):    256.00000000
Atom populations (up)
 Atom       Population
    1       4.00485043
    2       4.00415898
    3       4.02764910
    4       4.01436125
    5       4.00250171
    6       4.01341714
    7       3.99881044
    8       4.01148584
    9       3.99734095
   10       4.00988590
   11       3.98026857
   12       4.01002643
   13       3.99816802
   14       3.99861817
   15       4.01417713
   16       3.99317124
   17       3.99656111
   18       3.98543627
   19       3.99707756
   20       3.99546417
   21       3.98461751
   22       4.00798307
   23       3.98614404
   24       3.99846886
   25       3.99099216
   26       3.99044960
   27       4.00358367
   28       3.99241731
   29       3.99083090
   30       3.99638635
   31       3.99360753
   32       4.00583972
   33       4.01069276
   34       4.01414233
   35       4.00918797
   36       3.98688969
   37       4.00337488
   38       4.00484769
   39       3.98744569
   40       4.01114489
   41       3.98743307
   42       4.00283129
   43       4.00102012
   44       4.00407010
   45       4.00768556
   46       4.00825410
   47       4.00134350
   48       4.03311346
   49       3.98259062
   50       3.99675298
   51       3.99289683
   52       4.00074753
   53       4.02080254
   54       3.99282911
   55       3.98848885
   56       3.98643481
   57       3.99927760
   58       3.98837785
   59       4.00894883
   60       3.98251460
   61       4.00265606
   62       3.99536827
   63       3.98316728
   64       4.00991802

l-shell populations (up)
 Atom Sh.   l       Population
    1   1   0       1.37731702
    1   2   1       2.48181840
    1   3   2       0.14571502
    2   1   0       1.35762008
    2   2   1       2.47912661
    2   3   2       0.16741229
    3   1   0       1.40358800
    3   2   1       2.49294219
    3   3   2       0.13111891
    4   1   0       1.37352732
    4   2   1       2.49260579
    4   3   2       0.14822814
    5   1   0       1.35391919
    5   2   1       2.48212432
    5   3   2       0.16645820
    6   1   0       1.36166710
    6   2   1       2.49976647
    6   3   2       0.15198358
    7   1   0       1.34487213
    7   2   1       2.48810490
    7   3   2       0.16583341
    8   1   0       1.37332863
    8   2   1       2.48595635
    8   3   2       0.15220086
    9   1   0       1.35362731
    9   2   1       2.48795578
    9   3   2       0.15575786
   10   1   0       1.36808009
   10   2   1       2.49794923
   10   3   2       0.14385657
   11   1   0       1.30977421
   11   2   1       2.47351795
   11   3   2       0.19697641
   12   1   0       1.38914726
   12   2   1       2.47417930
   12   3   2       0.14669988
   13   1   0       1.35799167
   13   2   1       2.47825915
   13   3   2       0.16191719
   14   1   0       1.35687948
   14   2   1       2.48163116
   14   3   2       0.16010753
   15   1   0       1.39369116
   15   2   1       2.47745950
   15   3   2       0.14302647
   16   1   0       1.35013874
   16   2   1       2.46934021
   16   3   2       0.17369229
   17   1   0       1.35755384
   17   2   1       2.48049180
   17   3   2       0.15851547
   18   1   0       1.34685356
   18   2   1       2.47101743
   18   3   2       0.16756529
   19   1   0       1.36159520
   19   2   1       2.48581620
   19   3   2       0.14966615
   20   1   0       1.35959083
   20   2   1       2.48612596
   20   3   2       0.14974737
   21   1   0       1.34872064
   21   2   1       2.46797405
   21   3   2       0.16792283
   22   1   0       1.37152045
   22   2   1       2.49122329
   22   3   2       0.14523933
   23   1   0       1.33279218
   23   2   1       2.47631531
   23   3   2       0.17703655
   24   1   0       1.35436819
   24   2   1       2.48389178
   24   3   2       0.16020889
   25   1   0       1.35783962
   25   2   1       2.47668499
   25   3   2       0.15646756
   26   1   0       1.34162812
   26   2   1       2.48601085
   26   3   2       0.16281063
   27   1   0       1.36609831
   27   2   1       2.48276686
   27   3   2       0.15471849
   28   1   0       1.35994238
   28   2   1       2.47097855
   28   3   2       0.16149637
   29   1   0       1.34725624
   29   2   1       2.48670651
   29   3   2       0.15686815
   30   1   0       1.34152769
   30   2   1       2.48633913
   30   3   2       0.16851953
   31   1   0       1.35333688
   31   2   1       2.47908728
   31   3   2       0.16118337
   32   1   0       1.36173207
   32   2   1       2.47944630
   32   3   2       0.16466134
   33   1   0       1.36428931
   33   2   1       2.48723089
   33   3   2       0.15917256
   34   1   0       1.38103436
   34   2   1       2.48617828
   34   3   2       0.14692970
   35   1   0       1.37086315
   35   2   1       2.47839246
   35   3   2       0.15993236
   36   1   0       1.33581341
   36   2   1       2.47501387
   36   3   2       0.17606241
   37   1   0       1.36185950
   37   2   1       2.48132716
   37   3   2       0.16018822
   38   1   0       1.36986881
   38   2   1       2.47976916
   38   3   2       0.15520972
   39   1   0       1.34651903
   39   2   1       2.47215999
   39   3   2       0.16876667
   40   1   0       1.36911570
   40   2   1       2.49048808
   40   3   2       0.15154112
   41   1   0       1.33063729
   41   2   1       2.47896608
   41   3   2       0.17782970
   42   1   0       1.35521617
   42   2   1       2.48799261
   42   3   2       0.15962252
   43   1   0       1.35556894
   43   2   1       2.49478408
   43   3   2       0.15066710
   44   1   0       1.37003489
   44   2   1       2.48647205
   44   3   2       0.14756317
   45   1   0       1.37245692
   45   2   1       2.49238207
   45   3   2       0.14284657
   46   1   0       1.35054457
   46   2   1       2.49504401
   46   3   2       0.16266553
   47   1   0       1.36076760
   47   2   1       2.48694872
   47   3   2       0.15362718
   48   1   0       1.38598792
   48   2   1       2.49289381
   48   3   2       0.15423172
   49   1   0       1.32449883
   49   2   1       2.47921746
   49   3   2       0.17887433
   50   1   0       1.36369456
   50   2   1       2.48027261
   50   3   2       0.15278581
   51   1   0       1.35766098
   51   2   1       2.47336507
   51   3   2       0.16187078
   52   1   0       1.36366401
   52   2   1       2.48018059
   52   3   2       0.15690294
   53   1   0       1.39171009
   53   2   1       2.48615150
   53   3   2       0.14294095
   54   1   0       1.34051232
   54   2   1       2.48254276
   54   3   2       0.16977403
   55   1   0       1.34598108
   55   2   1       2.47914423
   55   3   2       0.16336354
   56   1   0       1.34317650
   56   2   1       2.47772637
   56   3   2       0.16553194
   57   1   0       1.35151382
   57   2   1       2.48940039
   57   3   2       0.15836339
   58   1   0       1.32965147
   58   2   1       2.48340191
   58   3   2       0.17532447
   59   1   0       1.39003126
   59   2   1       2.48933939
   59   3   2       0.12957818
   60   1   0       1.35041479
   60   2   1       2.45640438
   60   3   2       0.17569543
   61   1   0       1.36386632
   61   2   1       2.48663882
   61   3   2       0.15215092
   62   1   0       1.35897814
   62   2   1       2.48565833
   62   3   2       0.15073179
   63   1   0       1.34247965
   63   2   1       2.46747043
   63   3   2       0.17321720
   64   1   0       1.39093892
   64   2   1       2.48101691
   64   3   2       0.13796219

Orbital populations (up)
 Atom Sh.   l   m       Population  Label
    1   1   0   0       1.37731702  s
    1   2   1  -1       0.82608997  p_y
    1   2   1   0       0.82861906  p_z
    1   2   1   1       0.82710937  p_x
    1   3   2  -2       0.03493720  d_xy
    1   3   2  -1       0.03832762  d_yz
    1   3   2   0       0.01679759  d_z2
    1   3   2   1       0.03796743  d_xz
    1   3   2   2       0.01768517  d_x2-y2
    2   1   0   0       1.35762008  s
    2   2   1  -1       0.82390847  p_y
    2   2   1   0       0.83052329  p_z
    2   2   1   1       0.82469485  p_x
    2   3   2  -2       0.04353614  d_xy
    2   3   2  -1       0.04046986  d_yz
    2   3   2   0       0.02204051  d_z2
    2   3   2   1       0.04022754  d_xz
    2   3   2   2       0.02113824  d_x2-y2
    3   1   0   0       1.40358800  s
    3   2   1  -1       0.83142599  p_y
    3   2   1   0       0.83289588  p_z
    3   2   1   1       0.82862032  p_x
    3   3   2  -2       0.03335470  d_xy
    3   3   2  -1       0.03230935  d_yz
    3   3   2   0       0.01488327  d_z2
    3   3   2   1       0.03590823  d_xz
    3   3   2   2       0.01466335  d_x2-y2
    4   1   0   0       1.37352732  s
    4   2   1  -1       0.82907034  p_y
    4   2   1   0       0.83545715  p_z
    4   2   1   1       0.82807831  p_x
    4   3   2  -2       0.03704285  d_xy
    4   3   2  -1       0.03540399  d_yz
    4   3   2   0       0.01606997  d_z2
    4   3   2   1       0.04005476  d_xz
    4   3   2   2       0.01965658  d_x2-y2
    5   1   0   0       1.35391919  s
    5   2   1  -1       0.82882505  p_y
    5   2   1   0       0.83118401  p_z
    5   2   1   1       0.82211526  p_x
    5   3   2  -2       0.04202420  d_xy
    5   3   2  -1       0.03680052  d_yz
    5   3   2   0       0.02203893  d_z2
    5   3   2   1       0.04434124  d_xz
    5   3   2   2       0.02125332  d_x2-y2
    6   1   0   0       1.36166710  s
    6   2   1  -1       0.83534869  p_y
    6   2   1   0       0.83348059  p_z
    6   2   1   1       0.83093719  p_x
    6   3   2  -2       0.03872401  d_xy
    6   3   2  -1       0.04122643  d_yz
    6   3   2   0       0.01899034  d_z2
    6   3   2   1       0.03475688  d_xz
    6   3   2   2       0.01828592  d_x2-y2
    7   1   0   0       1.34487213  s
    7   2   1  -1       0.82968695  p_y
    7   2   1   0       0.82666539  p_z
    7   2   1   1       0.83175256  p_x
    7   3   2  -2       0.03843703  d_xy
    7   3   2  -1       0.04495814  d_yz
    7   3   2   0       0.02146350  d_z2
    7   3   2   1       0.04001549  d_xz
    7   3   2   2       0.02095925  d_x2-y2
    8   1   0   0       1.37332863  s
    8   2   1  -1       0.82650211  p_y
    8   2   1   0       0.82866528  p_z
    8   2   1   1       0.83078896  p_x
    8   3   2  -2       0.04050021  d_xy
    8   3   2  -1       0.03907997  d_yz
    8   3   2   0       0.01805823  d_z2
    8   3   2   1       0.03536916  d_xz
    8   3   2   2       0.01919330  d_x2-y2
    9   1   0   0       1.35362731  s
    9   2   1  -1       0.82690347  p_y
    9   2   1   0       0.83046393  p_z
    9   2   1   1       0.83058838  p_x
    9   3   2  -2       0.04186541  d_xy
    9   3   2  -1       0.03868527  d_yz
    9   3   2   0       0.01968080  d_z2
    9   3   2   1       0.03713664  d_xz
    9   3   2   2       0.01838975  d_x2-y2
   10   1   0   0       1.36808009  s
   10   2   1  -1       0.83011350  p_y
   10   2   1   0       0.83344178  p_z
   10   2   1   1       0.83439395  p_x
   10   3   2  -2       0.04084235  d_xy
   10   3   2  -1       0.03334219  d_yz
   10   3   2   0       0.01869231  d_z2
   10   3   2   1       0.03540972  d_xz
   10   3   2   2       0.01557001  d_x2-y2
   11   1   0   0       1.30977421  s
   11   2   1  -1       0.82837356  p_y
   11   2   1   0       0.81982610  p_z
   11   2   1   1       0.82531828  p_x
   11   3   2  -2       0.04631519  d_xy
   11   3   2  -1       0.04963604  d_yz
   11   3   2   0       0.02896917  d_z2
   11   3   2   1       0.04662054  d_xz
   11   3   2   2       0.02543548  d_x2-y2
   12   1   0   0       1.38914726  s
   12   2   1  -1       0.82441721  p_y
   12   2   1   0       0.82760234  p_z
   12   2   1   1       0.82215975  p_x
   12   3   2  -2       0.03830998  d_xy
   12   3   2  -1       0.03791223  d_yz
   12   3   2   0       0.01729192  d_z2
   12   3   2   1       0.03469950  d_xz
   12   3   2   2       0.01848625  d_x2-y2
   13   1   0   0       1.35799167  s
   13   2   1  -1       0.82676097  p_y
   13   2   1   0       0.82758771  p_z
   13   2   1   1       0.82391047  p_x
   13   3   2  -2       0.04421270  d_xy
   13   3   2  -1       0.04056300  d_yz
   13   3   2   0       0.01940267  d_z2
   13   3   2   1       0.03662852  d_xz
   13   3   2   2       0.02111030  d_x2-y2
   14   1   0   0       1.35687948  s
   14   2   1  -1       0.82639685  p_y
   14   2   1   0       0.83029189  p_z
   14   2   1   1       0.82494243  p_x
   14   3   2  -2       0.03533725  d_xy
   14   3   2  -1       0.03932026  d_yz
   14   3   2   0       0.01762409  d_z2
   14   3   2   1       0.04515542  d_xz
   14   3   2   2       0.02267050  d_x2-y2
   15   1   0   0       1.39369116  s
   15   2   1  -1       0.82388482  p_y
   15   2   1   0       0.82599152  p_z
   15   2   1   1       0.82758316  p_x
   15   3   2  -2       0.03976278  d_xy
   15   3   2  -1       0.03460316  d_yz
   15   3   2   0       0.01777936  d_z2
   15   3   2   1       0.03524269  d_xz
   15   3   2   2       0.01563848  d_x2-y2
   16   1   0   0       1.35013874  s
   16   2   1  -1       0.82136820  p_y
   16   2   1   0       0.82301886  p_z
   16   2   1   1       0.82495315  p_x
   16   3   2  -2       0.04298371  d_xy
   16   3   2  -1       0.04143368  d_yz
   16   3   2   0       0.02400813  d_z2
   16   3   2   1       0.04400723  d_xz
   16   3   2   2       0.02125953  d_x2-y2
   17   1   0   0       1.35755384  s
   17   2   1  -1       0.82554575  p_y
   17   2   1   0       0.82664634  p_z
   17   2   1   1       0.82829971  p_x
   17   3   2  -2       0.03800270  d_xy
   17   3   2  -1       0.04284662  d_yz
   17   3   2   0       0.02126566  d_z2
   17   3   2   1       0.03771575  d_xz
   17   3   2   2       0.01868475  d_x2-y2
   18   1   0   0       1.34685356  s
   18   2   1  -1       0.82555550  p_y
   18   2   1   0       0.82510854  p_z
   18   2   1   1       0.82035339  p_x
   18   3   2  -2       0.04215075  d_xy
   18   3   2  -1       0.04145383  d_yz
   18   3   2   0       0.02013433  d_z2
   18   3   2   1       0.04097562  d_xz
   18   3   2   2       0.02285076  d_x2-y2
   19   1   0   0       1.36159520  s
   19   2   1  -1       0.83252078  p_y
   19   2   1   0       0.82536785  p_z
   19   2   1   1       0.82792757  p_x
   19   3   2  -2       0.03531109  d_xy
   19   3   2  -1       0.03414596  d_yz
   19   3   2   0       0.01946152  d_z2
   19   3   2   1       0.04299407  d_xz
   19   3   2   2       0.01775352  d_x2-y2
   20   1   0   0       1.35959083  s
   20   2   1  -1       0.82523626  p_y
   20   2   1   0       0.83046568  p_z
   20   2   1   1       0.83042402  p_x
   20   3   2  -2       0.03930240  d_xy
   20   3   2  -1       0.03886947  d_yz
   20   3   2   0       0.01723582  d_z2
   20   3   2   1       0.03553855  d_xz
   20   3   2   2       0.01880114  d_x2-y2
   21   1   0   0       1.34872064  s
   21   2   1  -1       0.82582272  p_y
   21   2   1   0       0.81488689  p_z
   21   2   1   1       0.82726444  p_x
   21   3   2  -2       0.03609090  d_xy
   21   3   2  -1       0.04218762  d_yz
   21   3   2   0       0.02216521  d_z2
   21   3   2   1       0.04479851  d_xz
   21   3   2   2       0.02268060  d_x2-y2
   22   1   0   0       1.37152045  s
   22   2   1  -1       0.82752624  p_y
   22   2   1   0       0.83197405  p_z
   22   2   1   1       0.83172300  p_x
   22   3   2  -2       0.03314925  d_xy
   22   3   2  -1       0.04037889  d_yz
   22   3   2   0       0.01769233  d_z2
   22   3   2   1       0.03678416  d_xz
   22   3   2   2       0.01723470  d_x2-y2
   23   1   0   0       1.33279218  s
   23   2   1  -1       0.82645502  p_y
   23   2   1   0       0.82378519  p_z
   23   2   1   1       0.82607509  p_x
   23   3   2  -2       0.04219441  d_xy
   23   3   2  -1       0.04376617  d_yz
   23   3   2   0       0.02279263  d_z2
   23   3   2   1       0.04428200  d_xz
   23   3   2   2       0.02400134  d_x2-y2
   24   1   0   0       1.35436819  s
   24   2   1  -1       0.83239061  p_y
   24   2   1   0       0.82778980  p_z
   24   2   1   1       0.82371137  p_x
   24   3   2  -2       0.03825104  d_xy
   24   3   2  -1       0.03485010  d_yz
   24   3   2   0       0.02148708  d_z2
   24   3   2   1       0.04537371  d_xz
   24   3   2   2       0.02024696  d_x2-y2
   25   1   0   0       1.35783962  s
   25   2   1  -1       0.82436496  p_y
   25   2   1   0       0.82637996  p_z
   25   2   1   1       0.82594006  p_x
   25   3   2  -2       0.04166790  d_xy
   25   3   2  -1       0.03777767  d_yz
   25   3   2   0       0.02123411  d_z2
   25   3   2   1       0.03754143  d_xz
   25   3   2   2       0.01824645  d_x2-y2
   26   1   0   0       1.34162812  s
   26   2   1  -1       0.83311643  p_y
   26   2   1   0       0.82371055  p_z
   26   2   1   1       0.82918386  p_x
   26   3   2  -2       0.04019027  d_xy
   26   3   2  -1       0.03577359  d_yz
   26   3   2   0       0.02126018  d_z2
   26   3   2   1       0.04565175  d_xz
   26   3   2   2       0.01993484  d_x2-y2
   27   1   0   0       1.36609831  s
   27   2   1  -1       0.82401922  p_y
   27   2   1   0       0.83224473  p_z
   27   2   1   1       0.82650291  p_x
   27   3   2  -2       0.04186368  d_xy
   27   3   2  -1       0.03923855  d_yz
   27   3   2   0       0.01885521  d_z2
   27   3   2   1       0.03544576  d_xz
   27   3   2   2       0.01931529  d_x2-y2
   28   1   0   0       1.35994238  s
   28   2   1  -1       0.82680406  p_y
   28   2   1   0       0.81449855  p_z
   28   2   1   1       0.82967595  p_x
   28   3   2  -2       0.03385835  d_xy
   28   3   2  -1       0.04486332  d_yz
   28   3   2   0       0.02096928  d_z2
   28   3   2   1       0.04250849  d_xz
   28   3   2   2       0.01929692  d_x2-y2
   29   1   0   0       1.34725624  s
   29   2   1  -1       0.83378447  p_y
   29   2   1   0       0.82792081  p_z
   29   2   1   1       0.82500123  p_x
   29   3   2  -2       0.04048029  d_xy
   29   3   2  -1       0.03889015  d_yz
   29   3   2   0       0.01908422  d_z2
   29   3   2   1       0.03890709  d_xz
   29   3   2   2       0.01950640  d_x2-y2
   30   1   0   0       1.34152769  s
   30   2   1  -1       0.82863791  p_y
   30   2   1   0       0.83415456  p_z
   30   2   1   1       0.82354666  p_x
   30   3   2  -2       0.04469585  d_xy
   30   3   2  -1       0.03953688  d_yz
   30   3   2   0       0.02075667  d_z2
   30   3   2   1       0.04043372  d_xz
   30   3   2   2       0.02309641  d_x2-y2
   31   1   0   0       1.35333688  s
   31   2   1  -1       0.83034904  p_y
   31   2   1   0       0.81961354  p_z
   31   2   1   1       0.82912469  p_x
   31   3   2  -2       0.03739977  d_xy
   31   3   2  -1       0.04089549  d_yz
   31   3   2   0       0.02154019  d_z2
   31   3   2   1       0.04206555  d_xz
   31   3   2   2       0.01928238  d_x2-y2
   32   1   0   0       1.36173207  s
   32   2   1  -1       0.82580370  p_y
   32   2   1   0       0.82566203  p_z
   32   2   1   1       0.82798057  p_x
   32   3   2  -2       0.04439100  d_xy
   32   3   2  -1       0.04172709  d_yz
   32   3   2   0       0.02284801  d_z2
   32   3   2   1       0.03670387  d_xz
   32   3   2   2       0.01899137  d_x2-y2
   33   1   0   0       1.36428931  s
   33   2   1  -1       0.82878104  p_y
   33   2   1   0       0.82708619  p_z
   33   2   1   1       0.83136367  p_x
   33   3   2  -2       0.04366138  d_xy
   33   3   2  -1       0.03787427  d_yz
   33   3   2   0       0.02123352  d_z2
   33   3   2   1       0.03833940  d_xz
   33   3   2   2       0.01806399  d_x2-y2
   34   1   0   0       1.38103436  s
   34   2   1  -1       0.83253977  p_y
   34   2   1   0       0.82248445  p_z
   34   2   1   1       0.83115405  p_x
   34   3   2  -2       0.03374937  d_xy
   34   3   2  -1       0.03879292  d_yz
   34   3   2   0       0.01836561  d_z2
   34   3   2   1       0.03985830  d_xz
   34   3   2   2       0.01616350  d_x2-y2
   35   1   0   0       1.37086315  s
   35   2   1  -1       0.83142022  p_y
   35   2   1   0       0.82036476  p_z
   35   2   1   1       0.82660748  p_x
   35   3   2  -2       0.03715357  d_xy
   35   3   2  -1       0.04013993  d_yz
   35   3   2   0       0.02074602  d_z2
   35   3   2   1       0.04291182  d_xz
   35   3   2   2       0.01898102  d_x2-y2
   36   1   0   0       1.33581341  s
   36   2   1  -1       0.82730814  p_y
   36   2   1   0       0.82479142  p_z
   36   2   1   1       0.82291431  p_x
   36   3   2  -2       0.04448934  d_xy
   36   3   2  -1       0.03953592  d_yz
   36   3   2   0       0.02305029  d_z2
   36   3   2   1       0.04622701  d_xz
   36   3   2   2       0.02275985  d_x2-y2
   37   1   0   0       1.36185950  s
   37   2   1  -1       0.82902715  p_y
   37   2   1   0       0.82744021  p_z
   37   2   1   1       0.82485980  p_x
   37   3   2  -2       0.03960653  d_xy
   37   3   2  -1       0.03884407  d_yz
   37   3   2   0       0.01966173  d_z2
   37   3   2   1       0.04171742  d_xz
   37   3   2   2       0.02035847  d_x2-y2
   38   1   0   0       1.36986881  s
   38   2   1  -1       0.82774075  p_y
   38   2   1   0       0.82907545  p_z
   38   2   1   1       0.82295296  p_x
   38   3   2  -2       0.04022387  d_xy
   38   3   2  -1       0.03658009  d_yz
   38   3   2   0       0.01895101  d_z2
   38   3   2   1       0.03925071  d_xz
   38   3   2   2       0.02020403  d_x2-y2
   39   1   0   0       1.34651903  s
   39   2   1  -1       0.82319356  p_y
   39   2   1   0       0.82402715  p_z
   39   2   1   1       0.82493928  p_x
   39   3   2  -2       0.03917755  d_xy
   39   3   2  -1       0.04180917  d_yz
   39   3   2   0       0.02073415  d_z2
   39   3   2   1       0.04387393  d_xz
   39   3   2   2       0.02317188  d_x2-y2
   40   1   0   0       1.36911570  s
   40   2   1  -1       0.83369316  p_y
   40   2   1   0       0.82561823  p_z
   40   2   1   1       0.83117668  p_x
   40   3   2  -2       0.03379252  d_xy
   40   3   2  -1       0.04141371  d_yz
   40   3   2   0       0.01899623  d_z2
   40   3   2   1       0.03893716  d_xz
   40   3   2   2       0.01840149  d_x2-y2
   41   1   0   0       1.33063729  s
   41   2   1  -1       0.82858282  p_y
   41   2   1   0       0.82130169  p_z
   41   2   1   1       0.82908157  p_x
   41   3   2  -2       0.04012372  d_xy
   41   3   2  -1       0.04201397  d_yz
   41   3   2   0       0.02471625  d_z2
   41   3   2   1       0.04770990  d_xz
   41   3   2   2       0.02326587  d_x2-y2
   42   1   0   0       1.35521617  s
   42   2   1  -1       0.82879860  p_y
   42   2   1   0       0.82849982  p_z
   42   2   1   1       0.83069418  p_x
   42   3   2  -2       0.03578484  d_xy
   42   3   2  -1       0.04475543  d_yz
   42   3   2   0       0.01861795  d_z2
   42   3   2   1       0.03920760  d_xz
   42   3   2   2       0.02125670  d_x2-y2
   43   1   0   0       1.35556894  s
   43   2   1  -1       0.83282567  p_y
   43   2   1   0       0.83473441  p_z
   43   2   1   1       0.82722400  p_x
   43   3   2  -2       0.03908610  d_xy
   43   3   2  -1       0.03857889  d_yz
   43   3   2   0       0.01942774  d_z2
   43   3   2   1       0.03630013  d_xz
   43   3   2   2       0.01727424  d_x2-y2
   44   1   0   0       1.37003489  s
   44   2   1  -1       0.81676863  p_y
   44   2   1   0       0.83815296  p_z
   44   2   1   1       0.83155045  p_x
   44   3   2  -2       0.04274074  d_xy
   44   3   2  -1       0.03451565  d_yz
   44   3   2   0       0.01688568  d_z2
   44   3   2   1       0.03441630  d_xz
   44   3   2   2       0.01900480  d_x2-y2
   45   1   0   0       1.37245692  s
   45   2   1  -1       0.83041006  p_y
   45   2   1   0       0.83167511  p_z
   45   2   1   1       0.83029690  p_x
   45   3   2  -2       0.03801246  d_xy
   45   3   2  -1       0.03593076  d_yz
   45   3   2   0       0.01677322  d_z2
   45   3   2   1       0.03460234  d_xz
   45   3   2   2       0.01752779  d_x2-y2
   46   1   0   0       1.35054457  s
   46   2   1  -1       0.83061655  p_y
   46   2   1   0       0.83217835  p_z
   46   2   1   1       0.83224911  p_x
   46   3   2  -2       0.04377790  d_xy
   46   3   2  -1       0.03834266  d_yz
   46   3   2   0       0.02042638  d_z2
   46   3   2   1       0.03889005  d_xz
   46   3   2   2       0.02122854  d_x2-y2
   47   1   0   0       1.36076760  s
   47   2   1  -1       0.82938388  p_y
   47   2   1   0       0.83440472  p_z
   47   2   1   1       0.82316012  p_x
   47   3   2  -2       0.04109600  d_xy
   47   3   2  -1       0.03946780  d_yz
   47   3   2   0       0.01933162  d_z2
   47   3   2   1       0.03505556  d_xz
   47   3   2   2       0.01867619  d_x2-y2
   48   1   0   0       1.38598792  s
   48   2   1  -1       0.83846613  p_y
   48   2   1   0       0.82042238  p_z
   48   2   1   1       0.83400530  p_x
   48   3   2  -2       0.03258332  d_xy
   48   3   2  -1       0.04177825  d_yz
   48   3   2   0       0.02054004  d_z2
   48   3   2   1       0.04189158  d_xz
   48   3   2   2       0.01743853  d_x2-y2
   49   1   0   0       1.32449883  s
   49   2   1  -1       0.82266475  p_y
   49   2   1   0       0.82813932  p_z
   49   2   1   1       0.82841339  p_x
   49   3   2  -2       0.04838064  d_xy
   49   3   2  -1       0.04206633  d_yz
   49   3   2   0       0.02440971  d_z2
   49   3   2   1       0.04112143  d_xz
   49   3   2   2       0.02289622  d_x2-y2
   50   1   0   0       1.36369456  s
   50   2   1  -1       0.82669634  p_y
   50   2   1   0       0.82602730  p_z
   50   2   1   1       0.82754896  p_x
   50   3   2  -2       0.03826423  d_xy
   50   3   2  -1       0.03861066  d_yz
   50   3   2   0       0.01988687  d_z2
   50   3   2   1       0.03833560  d_xz
   50   3   2   2       0.01768845  d_x2-y2
   51   1   0   0       1.35766098  s
   51   2   1  -1       0.82097897  p_y
   51   2   1   0       0.82876987  p_z
   51   2   1   1       0.82361623  p_x
   51   3   2  -2       0.04058198  d_xy
   51   3   2  -1       0.03855015  d_yz
   51   3   2   0       0.02000628  d_z2
   51   3   2   1       0.04174870  d_xz
   51   3   2   2       0.02098367  d_x2-y2
   52   1   0   0       1.36366401  s
   52   2   1  -1       0.82780381  p_y
   52   2   1   0       0.82821173  p_z
   52   2   1   1       0.82416505  p_x
   52   3   2  -2       0.04061318  d_xy
   52   3   2  -1       0.03811824  d_yz
   52   3   2   0       0.02034180  d_z2
   52   3   2   1       0.03883450  d_xz
   52   3   2   2       0.01899521  d_x2-y2
   53   1   0   0       1.39171009  s
   53   2   1  -1       0.83266559  p_y
   53   2   1   0       0.82360085  p_z
   53   2   1   1       0.82988507  p_x
   53   3   2  -2       0.03031964  d_xy
   53   3   2  -1       0.03609860  d_yz
   53   3   2   0       0.01761333  d_z2
   53   3   2   1       0.04192503  d_xz
   53   3   2   2       0.01698435  d_x2-y2
   54   1   0   0       1.34051232  s
   54   2   1  -1       0.82294073  p_y
   54   2   1   0       0.82811910  p_z
   54   2   1   1       0.83148293  p_x
   54   3   2  -2       0.04690619  d_xy
   54   3   2  -1       0.04436791  d_yz
   54   3   2   0       0.02272449  d_z2
   54   3   2   1       0.03363176  d_xz
   54   3   2   2       0.02214367  d_x2-y2
   55   1   0   0       1.34598108  s
   55   2   1  -1       0.82674818  p_y
   55   2   1   0       0.82293120  p_z
   55   2   1   1       0.82946485  p_x
   55   3   2  -2       0.03793587  d_xy
   55   3   2  -1       0.04062323  d_yz
   55   3   2   0       0.02059009  d_z2
   55   3   2   1       0.04342807  d_xz
   55   3   2   2       0.02078628  d_x2-y2
   56   1   0   0       1.34317650  s
   56   2   1  -1       0.82497699  p_y
   56   2   1   0       0.82809367  p_z
   56   2   1   1       0.82465570  p_x
   56   3   2  -2       0.04334848  d_xy
   56   3   2  -1       0.04003278  d_yz
   56   3   2   0       0.02144917  d_z2
   56   3   2   1       0.03891292  d_xz
   56   3   2   2       0.02178859  d_x2-y2
   57   1   0   0       1.35151382  s
   57   2   1  -1       0.83135929  p_y
   57   2   1   0       0.83523139  p_z
   57   2   1   1       0.82280971  p_x
   57   3   2  -2       0.04040431  d_xy
   57   3   2  -1       0.03564297  d_yz
   57   3   2   0       0.01778318  d_z2
   57   3   2   1       0.04245248  d_xz
   57   3   2   2       0.02208046  d_x2-y2
   58   1   0   0       1.32965147  s
   58   2   1  -1       0.82996725  p_y
   58   2   1   0       0.83102500  p_z
   58   2   1   1       0.82240966  p_x
   58   3   2  -2       0.04153036  d_xy
   58   3   2  -1       0.04208944  d_yz
   58   3   2   0       0.02110498  d_z2
   58   3   2   1       0.04549578  d_xz
   58   3   2   2       0.02510390  d_x2-y2
   59   1   0   0       1.39003126  s
   59   2   1  -1       0.82397697  p_y
   59   2   1   0       0.83265454  p_z
   59   2   1   1       0.83270788  p_x
   59   3   2  -2       0.03352951  d_xy
   59   3   2  -1       0.03780804  d_yz
   59   3   2   0       0.01450429  d_z2
   59   3   2   1       0.02885993  d_xz
   59   3   2   2       0.01487640  d_x2-y2
   60   1   0   0       1.35041479  s
   60   2   1  -1       0.81283889  p_y
   60   2   1   0       0.82643724  p_z
   60   2   1   1       0.81712825  p_x
   60   3   2  -2       0.04631661  d_xy
   60   3   2  -1       0.04237802  d_yz
   60   3   2   0       0.02443652  d_z2
   60   3   2   1       0.04170544  d_xz
   60   3   2   2       0.02085885  d_x2-y2
   61   1   0   0       1.36386632  s
   61   2   1  -1       0.82370389  p_y
   61   2   1   0       0.83296230  p_z
   61   2   1   1       0.82997264  p_x
   61   3   2  -2       0.04259366  d_xy
   61   3   2  -1       0.04010923  d_yz
   61   3   2   0       0.01764443  d_z2
   61   3   2   1       0.03248088  d_xz
   61   3   2   2       0.01932272  d_x2-y2
   62   1   0   0       1.35897814  s
   62   2   1  -1       0.82956937  p_y
   62   2   1   0       0.82960936  p_z
   62   2   1   1       0.82647961  p_x
   62   3   2  -2       0.03640714  d_xy
   62   3   2  -1       0.03174277  d_yz
   62   3   2   0       0.01822269  d_z2
   62   3   2   1       0.04579987  d_xz
   62   3   2   2       0.01855933  d_x2-y2
   63   1   0   0       1.34247965  s
   63   2   1  -1       0.82434373  p_y
   63   2   1   0       0.82631796  p_z
   63   2   1   1       0.81680874  p_x
   63   3   2  -2       0.04923527  d_xy
   63   3   2  -1       0.03779171  d_yz
   63   3   2   0       0.02256073  d_z2
   63   3   2   1       0.04134411  d_xz
   63   3   2   2       0.02228539  d_x2-y2
   64   1   0   0       1.39093892  s
   64   2   1  -1       0.82215073  p_y
   64   2   1   0       0.83309887  p_z
   64   2   1   1       0.82576731  p_x
   64   3   2  -2       0.03123453  d_xy
   64   3   2  -1       0.04036134  d_yz
   64   3   2   0       0.01373341  d_z2
   64   3   2   1       0.03395378  d_xz
   64   3   2   2       0.01867913  d_x2-y2

Fermi level:                        -0.1331788312 H           -3.6240 eV
Band energy:                       -88.1516679866 H        -2398.7289 eV
TS:                                  0.0000000000 H            0.0000 eV
Band free energy (E-TS):           -88.1516679866 H        -2398.7289 eV
Extrapolated E(0K):                -88.1516679866 H        -2398.7289 eV
Input / Output electrons (q):    256.0000000000    256.0000000000

Energy H0:                         -88.1428586917 H        -2398.4892 eV
Energy SCC:                          0.0003286761 H            0.0089 eV
Total Electronic energy:           -88.1425300156 H        -2398.4803 eV
Repulsive energy:                    0.0000000000 H            0.0000 eV
Total energy:                      -88.1425300156 H        -2398.4803 eV
Extrapolated to 0:                 -88.1425300156 H        -2398.4803 eV
Total Mermin free energy:          -88.1425300156 H        -2398.4803 eV
Force related energy:              -88.1425300156 H        -2398.4803 eV

Non-constrained calculation

SCC converged

Warning: dipole moment is not defined absolutely!
Dipole moment:   -0.31471752   -0.50467370   -0.00957022 au
Dipole moment:   -0.79993222   -1.28275270   -0.02432508 Debye


