 Fermi distribution function

Calculation with static geometry


********************************************************************************
 iSCC Total electronic   Diff electronic      SCC error    
    9   -0.88189575E+02   -0.64940764E-09    0.51528972E-05
********************************************************************************

 Total charge:    -0.00000000

 Atomic gross charges (e)
 Atom           Charge
    1      -0.00664302
    2      -0.00656285
    3      -0.00471069
    4      -0.00723170
    5       0.01142712
    6       0.00232507
    7       0.00104062
    8       0.00936907
    9       0.00547775
   10       0.00047046
   11      -0.00099682
   12      -0.00543727
   13      -0.00441868
   14       0.01387063
   15      -0.00623541
   16       0.00187359
   17       0.01573791
   18      -0.00037876
   19       0.00334247
   20      -0.00059937
   21       0.00446410
   22      -0.01551541
   23       0.02222777
   24      -0.03159704
   25      -0.00351108
   26       0.00014597
   27       0.00595809
   28      -0.00283264
   29       0.00666891
   30      -0.00846069
   31      -0.00551784
   32      -0.00240351
   33      -0.00279929
   34       0.01173480
   35      -0.01179264
   36       0.00100053
   37       0.00093126
   38      -0.00909657
   39       0.00921869
   40      -0.00076384
   41      -0.00009571
   42       0.01030178
   43      -0.00102565
   44       0.00543852
   45       0.01921899
   46      -0.00895981
   47       0.00498179
   48       0.01202497
   49      -0.00003361
   50       0.00263396
   51       0.00718251
   52       0.00214302
   53       0.01128294
   54      -0.00952433
   55      -0.00883294
   56      -0.00882599
   57       0.00036889
   58       0.00111435
   59       0.01696046
   60       0.00187979
   61      -0.00635926
   62       0.00323656
   63      -0.01266150
   64      -0.03222940

Nr. of electrons (up):    256.00000000
Atom populations (up)
 Atom       Population
    1       4.00664302
    2       4.00656285
    3       4.00471069
    4       4.00723170
    5       3.98857288
    6       3.99767493
    7       3.99895938
    8       3.99063093
    9       3.99452225
   10       3.99952954
   11       4.00099682
   12       4.00543727
   13       4.00441868
   14       3.98612937
   15       4.00623541
   16       3.99812641
   17       3.98426209
   18       4.00037876
   19       3.99665753
   20       4.00059937
   21       3.99553590
   22       4.01551541
   23       3.97777223
   24       4.03159704
   25       4.00351108
   26       3.99985403
   27       3.99404191
   28       4.00283264
   29       3.99333109
   30       4.00846069
   31       4.00551784
   32       4.00240351
   33       4.00279929
   34       3.98826520
   35       4.01179264
   36       3.99899947
   37       3.99906874
   38       4.00909657
   39       3.99078131
   40       4.00076384
   41       4.00009571
   42       3.98969822
   43       4.00102565
   44       3.99456148
   45       3.98078101
   46       4.00895981
   47       3.99501821
   48       3.98797503
   49       4.00003361
   50       3.99736604
   51       3.99281749
   52       3.99785698
   53       3.98871706
   54       4.00952433
   55       4.00883294
   56       4.00882599
   57       3.99963111
   58       3.99888565
   59       3.98303954
   60       3.99812021
   61       4.00635926
   62       3.99676344
   63       4.01266150
   64       4.03222940

l-shell populations (up)
 Atom Sh.   l       Population
    1   1   0       1.37288175
    1   2   1       2.48851558
    1   3   2       0.14524569
    2   1   0       1.36604386
    2   2   1       2.48672071
    2   3   2       0.15379828
    3   1   0       1.36946001
    3   2   1       2.48495843
    3   3   2       0.15029226
    4   1   0       1.36861779
    4   2   1       2.48916809
    4   3   2       0.14944582
    5   1   0       1.33381588
    5   2   1       2.48319600
    5   3   2       0.17156100
    6   1   0       1.35431889
    6   2   1       2.48723590
    6   3   2       0.15612014
    7   1   0       1.35071845
    7   2   1       2.48416076
    7   3   2       0.16408017
    8   1   0       1.34208253
    8   2   1       2.48301475
    8   3   2       0.16553365
    9   1   0       1.35034757
    9   2   1       2.48891775
    9   3   2       0.15525694
   10   1   0       1.35048474
   10   2   1       2.49029327
   10   3   2       0.15875153
   11   1   0       1.35768785
   11   2   1       2.49065297
   11   3   2       0.15265600
   12   1   0       1.37459064
   12   2   1       2.48873338
   12   3   2       0.14211326
   13   1   0       1.35977424
   13   2   1       2.49072154
   13   3   2       0.15392290
   14   1   0       1.33905092
   14   2   1       2.48003119
   14   3   2       0.16704726
   15   1   0       1.37219791
   15   2   1       2.48224594
   15   3   2       0.15179157
   16   1   0       1.36066702
   16   2   1       2.48517118
   16   3   2       0.15228821
   17   1   0       1.33073061
   17   2   1       2.48363172
   17   3   2       0.16989976
   18   1   0       1.35422728
   18   2   1       2.48939036
   18   3   2       0.15676112
   19   1   0       1.35838866
   19   2   1       2.47954590
   19   3   2       0.15872298
   20   1   0       1.36536148
   20   2   1       2.48427510
   20   3   2       0.15096279
   21   1   0       1.34715885
   21   2   1       2.48325178
   21   3   2       0.16512527
   22   1   0       1.36358115
   22   2   1       2.49940870
   22   3   2       0.15252556
   23   1   0       1.32626398
   23   2   1       2.47752461
   23   3   2       0.17398364
   24   1   0       1.38575666
   24   2   1       2.50771077
   24   3   2       0.13812961
   25   1   0       1.36706161
   25   2   1       2.47971298
   25   3   2       0.15673649
   26   1   0       1.34940347
   26   2   1       2.49591883
   26   3   2       0.15453173
   27   1   0       1.36404590
   27   2   1       2.47814879
   27   3   2       0.15184722
   28   1   0       1.36959857
   28   2   1       2.47950912
   28   3   2       0.15372495
   29   1   0       1.35301264
   29   2   1       2.48200021
   29   3   2       0.15831823
   30   1   0       1.35814405
   30   2   1       2.49308779
   30   3   2       0.15722885
   31   1   0       1.37283868
   31   2   1       2.47539952
   31   3   2       0.15727964
   32   1   0       1.35996740
   32   2   1       2.47447789
   32   3   2       0.16795822
   33   1   0       1.35630876
   33   2   1       2.48397896
   33   3   2       0.16251157
   34   1   0       1.34084535
   34   2   1       2.47885559
   34   3   2       0.16856426
   35   1   0       1.37225533
   35   2   1       2.48530669
   35   3   2       0.15423062
   36   1   0       1.35935271
   36   2   1       2.48219875
   36   3   2       0.15744801
   37   1   0       1.36287012
   37   2   1       2.48595520
   37   3   2       0.15024342
   38   1   0       1.37659568
   38   2   1       2.48667398
   38   3   2       0.14582692
   39   1   0       1.35010172
   39   2   1       2.47729356
   39   3   2       0.16338604
   40   1   0       1.35288540
   40   2   1       2.49079995
   40   3   2       0.15707848
   41   1   0       1.36009746
   41   2   1       2.48721604
   41   3   2       0.15278221
   42   1   0       1.33749607
   42   2   1       2.48515185
   42   3   2       0.16705030
   43   1   0       1.35718124
   43   2   1       2.49171804
   43   3   2       0.15212636
   44   1   0       1.35065854
   44   2   1       2.48464844
   44   3   2       0.15925451
   45   1   0       1.33326446
   45   2   1       2.48282117
   45   3   2       0.16469538
   46   1   0       1.36628172
   46   2   1       2.49057285
   46   3   2       0.15210524
   47   1   0       1.36701702
   47   2   1       2.47993243
   47   3   2       0.14806876
   48   1   0       1.33422935
   48   2   1       2.47638998
   48   3   2       0.17735569
   49   1   0       1.35908378
   49   2   1       2.48712309
   49   3   2       0.15382674
   50   1   0       1.35541124
   50   2   1       2.48803652
   50   3   2       0.15391828
   51   1   0       1.35400996
   51   2   1       2.47674635
   51   3   2       0.16206117
   52   1   0       1.35716707
   52   2   1       2.47895104
   52   3   2       0.16173887
   53   1   0       1.33710978
   53   2   1       2.48879604
   53   3   2       0.16281124
   54   1   0       1.36615176
   54   2   1       2.49140531
   54   3   2       0.15196725
   55   1   0       1.36837117
   55   2   1       2.49296982
   55   3   2       0.14749196
   56   1   0       1.36318961
   56   2   1       2.49344358
   56   3   2       0.15219280
   57   1   0       1.36814840
   57   2   1       2.48020163
   57   3   2       0.15128108
   58   1   0       1.35281097
   58   2   1       2.48293798
   58   3   2       0.16313670
   59   1   0       1.33007256
   59   2   1       2.48574466
   59   3   2       0.16722232
   60   1   0       1.34948126
   60   2   1       2.47750342
   60   3   2       0.17113552
   61   1   0       1.37271458
   61   2   1       2.48335302
   61   3   2       0.15029166
   62   1   0       1.35200920
   62   2   1       2.48930356
   62   3   2       0.15545068
   63   1   0       1.37810256
   63   2   1       2.48455160
   63   3   2       0.15000733
   64   1   0       1.40577721
   64   2   1       2.49002767
   64   3   2       0.13642452

Orbital populations (up)
 Atom Sh.   l   m       Population  Label
    1   1   0   0       1.37288175  s
    1   2   1  -1       0.82859777  p_y
    1   2   1   0       0.82938364  p_z
    1   2   1   1       0.83053417  p_x
    1   3   2  -2       0.03657895  d_xy
    1   3   2  -1       0.04056011  d_yz
    1   3   2   0       0.01687903  d_z2
    1   3   2   1       0.03375394  d_xz
    1   3   2   2       0.01747365  d_x2-y2
    2   1   0   0       1.36604386  s
    2   2   1  -1       0.82955165  p_y
    2   2   1   0       0.83028622  p_z
    2   2   1   1       0.82688284  p_x
    2   3   2  -2       0.04150819  d_xy
    2   3   2  -1       0.03684648  d_yz
    2   3   2   0       0.01846420  d_z2
    2   3   2   1       0.03747835  d_xz
    2   3   2   2       0.01950107  d_x2-y2
    3   1   0   0       1.36946001  s
    3   2   1  -1       0.83073094  p_y
    3   2   1   0       0.82930826  p_z
    3   2   1   1       0.82491923  p_x
    3   3   2  -2       0.03726790  d_xy
    3   3   2  -1       0.03430056  d_yz
    3   3   2   0       0.01699992  d_z2
    3   3   2   1       0.04289498  d_xz
    3   3   2   2       0.01882889  d_x2-y2
    4   1   0   0       1.36861779  s
    4   2   1  -1       0.82762463  p_y
    4   2   1   0       0.83186531  p_z
    4   2   1   1       0.82967815  p_x
    4   3   2  -2       0.04144282  d_xy
    4   3   2  -1       0.03777003  d_yz
    4   3   2   0       0.01835891  d_z2
    4   3   2   1       0.03421708  d_xz
    4   3   2   2       0.01765698  d_x2-y2
    5   1   0   0       1.33381588  s
    5   2   1  -1       0.82669919  p_y
    5   2   1   0       0.82873455  p_z
    5   2   1   1       0.82776226  p_x
    5   3   2  -2       0.04263841  d_xy
    5   3   2  -1       0.04209724  d_yz
    5   3   2   0       0.02303560  d_z2
    5   3   2   1       0.04183939  d_xz
    5   3   2   2       0.02195036  d_x2-y2
    6   1   0   0       1.35431889  s
    6   2   1  -1       0.82893103  p_y
    6   2   1   0       0.83121418  p_z
    6   2   1   1       0.82709069  p_x
    6   3   2  -2       0.04050467  d_xy
    6   3   2  -1       0.04093106  d_yz
    6   3   2   0       0.01938727  d_z2
    6   3   2   1       0.03585494  d_xz
    6   3   2   2       0.01944220  d_x2-y2
    7   1   0   0       1.35071845  s
    7   2   1  -1       0.82476871  p_y
    7   2   1   0       0.83036225  p_z
    7   2   1   1       0.82902980  p_x
    7   3   2  -2       0.03908690  d_xy
    7   3   2  -1       0.04157886  d_yz
    7   3   2   0       0.01966873  d_z2
    7   3   2   1       0.04060135  d_xz
    7   3   2   2       0.02314432  d_x2-y2
    8   1   0   0       1.34208253  s
    8   2   1  -1       0.82836296  p_y
    8   2   1   0       0.82619637  p_z
    8   2   1   1       0.82845542  p_x
    8   3   2  -2       0.03959504  d_xy
    8   3   2  -1       0.03907322  d_yz
    8   3   2   0       0.02134757  d_z2
    8   3   2   1       0.04475649  d_xz
    8   3   2   2       0.02076134  d_x2-y2
    9   1   0   0       1.35034757  s
    9   2   1  -1       0.82782744  p_y
    9   2   1   0       0.82998255  p_z
    9   2   1   1       0.83110776  p_x
    9   3   2  -2       0.03901037  d_xy
    9   3   2  -1       0.03758312  d_yz
    9   3   2   0       0.01946898  d_z2
    9   3   2   1       0.04023917  d_xz
    9   3   2   2       0.01895530  d_x2-y2
   10   1   0   0       1.35048474  s
   10   2   1  -1       0.83036935  p_y
   10   2   1   0       0.83114745  p_z
   10   2   1   1       0.82877647  p_x
   10   3   2  -2       0.03948099  d_xy
   10   3   2  -1       0.03894317  d_yz
   10   3   2   0       0.02033456  d_z2
   10   3   2   1       0.04012821  d_xz
   10   3   2   2       0.01986460  d_x2-y2
   11   1   0   0       1.35768785  s
   11   2   1  -1       0.82501271  p_y
   11   2   1   0       0.83351815  p_z
   11   2   1   1       0.83212211  p_x
   11   3   2  -2       0.03976554  d_xy
   11   3   2  -1       0.04138867  d_yz
   11   3   2   0       0.01799701  d_z2
   11   3   2   1       0.03445200  d_xz
   11   3   2   2       0.01905278  d_x2-y2
   12   1   0   0       1.37459064  s
   12   2   1  -1       0.82933946  p_y
   12   2   1   0       0.82900333  p_z
   12   2   1   1       0.83039058  p_x
   12   3   2  -2       0.03329490  d_xy
   12   3   2  -1       0.03630955  d_yz
   12   3   2   0       0.01622198  d_z2
   12   3   2   1       0.03930323  d_xz
   12   3   2   2       0.01698360  d_x2-y2
   13   1   0   0       1.35977424  s
   13   2   1  -1       0.83044211  p_y
   13   2   1   0       0.83145557  p_z
   13   2   1   1       0.82882386  p_x
   13   3   2  -2       0.04189351  d_xy
   13   3   2  -1       0.03508839  d_yz
   13   3   2   0       0.01966035  d_z2
   13   3   2   1       0.03902772  d_xz
   13   3   2   2       0.01825292  d_x2-y2
   14   1   0   0       1.33905092  s
   14   2   1  -1       0.82779442  p_y
   14   2   1   0       0.82933326  p_z
   14   2   1   1       0.82290352  p_x
   14   3   2  -2       0.04369725  d_xy
   14   3   2  -1       0.03691678  d_yz
   14   3   2   0       0.02206527  d_z2
   14   3   2   1       0.04370354  d_xz
   14   3   2   2       0.02066442  d_x2-y2
   15   1   0   0       1.37219791  s
   15   2   1  -1       0.82884623  p_y
   15   2   1   0       0.82546696  p_z
   15   2   1   1       0.82793274  p_x
   15   3   2  -2       0.03739396  d_xy
   15   3   2  -1       0.04111139  d_yz
   15   3   2   0       0.01834284  d_z2
   15   3   2   1       0.03686554  d_xz
   15   3   2   2       0.01807783  d_x2-y2
   16   1   0   0       1.36066702  s
   16   2   1  -1       0.82612550  p_y
   16   2   1   0       0.83058007  p_z
   16   2   1   1       0.82846561  p_x
   16   3   2  -2       0.03855336  d_xy
   16   3   2  -1       0.04109674  d_yz
   16   3   2   0       0.01878247  d_z2
   16   3   2   1       0.03517896  d_xz
   16   3   2   2       0.01867669  d_x2-y2
   17   1   0   0       1.33073061  s
   17   2   1  -1       0.83105417  p_y
   17   2   1   0       0.82276471  p_z
   17   2   1   1       0.82981283  p_x
   17   3   2  -2       0.04016620  d_xy
   17   3   2  -1       0.04368797  d_yz
   17   3   2   0       0.02377350  d_z2
   17   3   2   1       0.04192946  d_xz
   17   3   2   2       0.02034263  d_x2-y2
   18   1   0   0       1.35422728  s
   18   2   1  -1       0.83003442  p_y
   18   2   1   0       0.82842610  p_z
   18   2   1   1       0.83092984  p_x
   18   3   2  -2       0.04055147  d_xy
   18   3   2  -1       0.03673851  d_yz
   18   3   2   0       0.02051346  d_z2
   18   3   2   1       0.04083095  d_xz
   18   3   2   2       0.01812672  d_x2-y2
   19   1   0   0       1.35838866  s
   19   2   1  -1       0.82745674  p_y
   19   2   1   0       0.82175910  p_z
   19   2   1   1       0.83033006  p_x
   19   3   2  -2       0.03881664  d_xy
   19   3   2  -1       0.03912862  d_yz
   19   3   2   0       0.02106520  d_z2
   19   3   2   1       0.04139038  d_xz
   19   3   2   2       0.01832213  d_x2-y2
   20   1   0   0       1.36536148  s
   20   2   1  -1       0.82486603  p_y
   20   2   1   0       0.82968678  p_z
   20   2   1   1       0.82972229  p_x
   20   3   2  -2       0.03824690  d_xy
   20   3   2  -1       0.03994665  d_yz
   20   3   2   0       0.01781559  d_z2
   20   3   2   1       0.03595838  d_xz
   20   3   2   2       0.01899528  d_x2-y2
   21   1   0   0       1.34715885  s
   21   2   1  -1       0.83227875  p_y
   21   2   1   0       0.82286055  p_z
   21   2   1   1       0.82811248  p_x
   21   3   2  -2       0.03945891  d_xy
   21   3   2  -1       0.04356729  d_yz
   21   3   2   0       0.02257457  d_z2
   21   3   2   1       0.04016028  d_xz
   21   3   2   2       0.01936421  d_x2-y2
   22   1   0   0       1.36358115  s
   22   2   1  -1       0.83201851  p_y
   22   2   1   0       0.83230629  p_z
   22   2   1   1       0.83508391  p_x
   22   3   2  -2       0.03736220  d_xy
   22   3   2  -1       0.04134356  d_yz
   22   3   2   0       0.01982835  d_z2
   22   3   2   1       0.03516065  d_xz
   22   3   2   2       0.01883081  d_x2-y2
   23   1   0   0       1.32626398  s
   23   2   1  -1       0.83099645  p_y
   23   2   1   0       0.82914636  p_z
   23   2   1   1       0.81738181  p_x
   23   3   2  -2       0.04271612  d_xy
   23   3   2  -1       0.04228503  d_yz
   23   3   2   0       0.02091355  d_z2
   23   3   2   1       0.04307150  d_xz
   23   3   2   2       0.02499744  d_x2-y2
   24   1   0   0       1.38575666  s
   24   2   1  -1       0.83853066  p_y
   24   2   1   0       0.83604230  p_z
   24   2   1   1       0.83313781  p_x
   24   3   2  -2       0.03751513  d_xy
   24   3   2  -1       0.03473370  d_yz
   24   3   2   0       0.01560572  d_z2
   24   3   2   1       0.03436775  d_xz
   24   3   2   2       0.01590731  d_x2-y2
   25   1   0   0       1.36706161  s
   25   2   1  -1       0.82685660  p_y
   25   2   1   0       0.82811624  p_z
   25   2   1   1       0.82474014  p_x
   25   3   2  -2       0.03693673  d_xy
   25   3   2  -1       0.04004164  d_yz
   25   3   2   0       0.01831736  d_z2
   25   3   2   1       0.04120062  d_xz
   25   3   2   2       0.02024015  d_x2-y2
   26   1   0   0       1.34940347  s
   26   2   1  -1       0.83466190  p_y
   26   2   1   0       0.83004551  p_z
   26   2   1   1       0.83121142  p_x
   26   3   2  -2       0.03896762  d_xy
   26   3   2  -1       0.03667694  d_yz
   26   3   2   0       0.01873404  d_z2
   26   3   2   1       0.04123247  d_xz
   26   3   2   2       0.01892067  d_x2-y2
   27   1   0   0       1.36404590  s
   27   2   1  -1       0.82666529  p_y
   27   2   1   0       0.82212517  p_z
   27   2   1   1       0.82935833  p_x
   27   3   2  -2       0.03980790  d_xy
   27   3   2  -1       0.03804917  d_yz
   27   3   2   0       0.01898792  d_z2
   27   3   2   1       0.03710876  d_xz
   27   3   2   2       0.01789347  d_x2-y2
   28   1   0   0       1.36959857  s
   28   2   1  -1       0.82691570  p_y
   28   2   1   0       0.82573742  p_z
   28   2   1   1       0.82685600  p_x
   28   3   2  -2       0.03561395  d_xy
   28   3   2  -1       0.04054474  d_yz
   28   3   2   0       0.01816126  d_z2
   28   3   2   1       0.04004863  d_xz
   28   3   2   2       0.01935637  d_x2-y2
   29   1   0   0       1.35301264  s
   29   2   1  -1       0.82896003  p_y
   29   2   1   0       0.82319310  p_z
   29   2   1   1       0.82984708  p_x
   29   3   2  -2       0.03913763  d_xy
   29   3   2  -1       0.03852394  d_yz
   29   3   2   0       0.02080000  d_z2
   29   3   2   1       0.04124601  d_xz
   29   3   2   2       0.01861064  d_x2-y2
   30   1   0   0       1.35814405  s
   30   2   1  -1       0.83236463  p_y
   30   2   1   0       0.83235653  p_z
   30   2   1   1       0.82836663  p_x
   30   3   2  -2       0.03983752  d_xy
   30   3   2  -1       0.03581569  d_yz
   30   3   2   0       0.01947495  d_z2
   30   3   2   1       0.04269817  d_xz
   30   3   2   2       0.01940252  d_x2-y2
   31   1   0   0       1.37283868  s
   31   2   1  -1       0.82547576  p_y
   31   2   1   0       0.82620780  p_z
   31   2   1   1       0.82371595  p_x
   31   3   2  -2       0.03939540  d_xy
   31   3   2  -1       0.03831901  d_yz
   31   3   2   0       0.01873590  d_z2
   31   3   2   1       0.04126755  d_xz
   31   3   2   2       0.01956178  d_x2-y2
   32   1   0   0       1.35996740  s
   32   2   1  -1       0.82601881  p_y
   32   2   1   0       0.82253333  p_z
   32   2   1   1       0.82592574  p_x
   32   3   2  -2       0.04084471  d_xy
   32   3   2  -1       0.04091245  d_yz
   32   3   2   0       0.02169895  d_z2
   32   3   2   1       0.04355356  d_xz
   32   3   2   2       0.02094855  d_x2-y2
   33   1   0   0       1.35630876  s
   33   2   1  -1       0.82619552  p_y
   33   2   1   0       0.83204694  p_z
   33   2   1   1       0.82573649  p_x
   33   3   2  -2       0.04256015  d_xy
   33   3   2  -1       0.04215449  d_yz
   33   3   2   0       0.01954330  d_z2
   33   3   2   1       0.03710942  d_xz
   33   3   2   2       0.02114422  d_x2-y2
   34   1   0   0       1.34084535  s
   34   2   1  -1       0.82762758  p_y
   34   2   1   0       0.82661040  p_z
   34   2   1   1       0.82461762  p_x
   34   3   2  -2       0.04413224  d_xy
   34   3   2  -1       0.04091770  d_yz
   34   3   2   0       0.02115635  d_z2
   34   3   2   1       0.04057838  d_xz
   34   3   2   2       0.02177958  d_x2-y2
   35   1   0   0       1.37225533  s
   35   2   1  -1       0.82960905  p_y
   35   2   1   0       0.82806849  p_z
   35   2   1   1       0.82762914  p_x
   35   3   2  -2       0.03648927  d_xy
   35   3   2  -1       0.03588054  d_yz
   35   3   2   0       0.01781632  d_z2
   35   3   2   1       0.04483216  d_xz
   35   3   2   2       0.01921233  d_x2-y2
   36   1   0   0       1.35935271  s
   36   2   1  -1       0.82908545  p_y
   36   2   1   0       0.82810134  p_z
   36   2   1   1       0.82501195  p_x
   36   3   2  -2       0.03956796  d_xy
   36   3   2  -1       0.03940209  d_yz
   36   3   2   0       0.01891319  d_z2
   36   3   2   1       0.03950122  d_xz
   36   3   2   2       0.02006354  d_x2-y2
   37   1   0   0       1.36287012  s
   37   2   1  -1       0.82656933  p_y
   37   2   1   0       0.82984106  p_z
   37   2   1   1       0.82954481  p_x
   37   3   2  -2       0.03785668  d_xy
   37   3   2  -1       0.03916463  d_yz
   37   3   2   0       0.01724153  d_z2
   37   3   2   1       0.03724793  d_xz
   37   3   2   2       0.01873264  d_x2-y2
   38   1   0   0       1.37659568  s
   38   2   1  -1       0.83098387  p_y
   38   2   1   0       0.82678321  p_z
   38   2   1   1       0.82890690  p_x
   38   3   2  -2       0.03617707  d_xy
   38   3   2  -1       0.03980705  d_yz
   38   3   2   0       0.01888285  d_z2
   38   3   2   1       0.03434128  d_xz
   38   3   2   2       0.01661866  d_x2-y2
   39   1   0   0       1.35010172  s
   39   2   1  -1       0.82947762  p_y
   39   2   1   0       0.82328875  p_z
   39   2   1   1       0.82452718  p_x
   39   3   2  -2       0.04042554  d_xy
   39   3   2  -1       0.04126167  d_yz
   39   3   2   0       0.02033690  d_z2
   39   3   2   1       0.04069147  d_xz
   39   3   2   2       0.02067046  d_x2-y2
   40   1   0   0       1.35288540  s
   40   2   1  -1       0.83360405  p_y
   40   2   1   0       0.82769437  p_z
   40   2   1   1       0.82950153  p_x
   40   3   2  -2       0.03829163  d_xy
   40   3   2  -1       0.03841099  d_yz
   40   3   2   0       0.02050403  d_z2
   40   3   2   1       0.04145568  d_xz
   40   3   2   2       0.01841616  d_x2-y2
   41   1   0   0       1.36009746  s
   41   2   1  -1       0.83384878  p_y
   41   2   1   0       0.82760815  p_z
   41   2   1   1       0.82575911  p_x
   41   3   2  -2       0.03901959  d_xy
   41   3   2  -1       0.03509771  d_yz
   41   3   2   0       0.01966116  d_z2
   41   3   2   1       0.04085671  d_xz
   41   3   2   2       0.01814704  d_x2-y2
   42   1   0   0       1.33749607  s
   42   2   1  -1       0.82974673  p_y
   42   2   1   0       0.82623196  p_z
   42   2   1   1       0.82917316  p_x
   42   3   2  -2       0.03984730  d_xy
   42   3   2  -1       0.03864169  d_yz
   42   3   2   0       0.02088218  d_z2
   42   3   2   1       0.04568396  d_xz
   42   3   2   2       0.02199518  d_x2-y2
   43   1   0   0       1.35718124  s
   43   2   1  -1       0.83056322  p_y
   43   2   1   0       0.82940170  p_z
   43   2   1   1       0.83175312  p_x
   43   3   2  -2       0.03849676  d_xy
   43   3   2  -1       0.04086958  d_yz
   43   3   2   0       0.02022079  d_z2
   43   3   2   1       0.03585044  d_xz
   43   3   2   2       0.01668881  d_x2-y2
   44   1   0   0       1.35065854  s
   44   2   1  -1       0.82732952  p_y
   44   2   1   0       0.82613645  p_z
   44   2   1   1       0.83118247  p_x
   44   3   2  -2       0.03629554  d_xy
   44   3   2  -1       0.04421170  d_yz
   44   3   2   0       0.01932604  d_z2
   44   3   2   1       0.03898475  d_xz
   44   3   2   2       0.02043647  d_x2-y2
   45   1   0   0       1.33326446  s
   45   2   1  -1       0.82601058  p_y
   45   2   1   0       0.82615904  p_z
   45   2   1   1       0.83065155  p_x
   45   3   2  -2       0.03955395  d_xy
   45   3   2  -1       0.04243945  d_yz
   45   3   2   0       0.02191362  d_z2
   45   3   2   1       0.04033110  d_xz
   45   3   2   2       0.02045726  d_x2-y2
   46   1   0   0       1.36628172  s
   46   2   1  -1       0.83064353  p_y
   46   2   1   0       0.82954120  p_z
   46   2   1   1       0.83038811  p_x
   46   3   2  -2       0.03912330  d_xy
   46   3   2  -1       0.03439749  d_yz
   46   3   2   0       0.01858607  d_z2
   46   3   2   1       0.04155459  d_xz
   46   3   2   2       0.01844378  d_x2-y2
   47   1   0   0       1.36701702  s
   47   2   1  -1       0.82774113  p_y
   47   2   1   0       0.82558886  p_z
   47   2   1   1       0.82660245  p_x
   47   3   2  -2       0.03733256  d_xy
   47   3   2  -1       0.03650717  d_yz
   47   3   2   0       0.01780703  d_z2
   47   3   2   1       0.03836088  d_xz
   47   3   2   2       0.01806113  d_x2-y2
   48   1   0   0       1.33422935  s
   48   2   1  -1       0.82543143  p_y
   48   2   1   0       0.82171200  p_z
   48   2   1   1       0.82924656  p_x
   48   3   2  -2       0.04133546  d_xy
   48   3   2  -1       0.04767657  d_yz
   48   3   2   0       0.02402341  d_z2
   48   3   2   1       0.04188789  d_xz
   48   3   2   2       0.02243236  d_x2-y2
   49   1   0   0       1.35908378  s
   49   2   1  -1       0.82869331  p_y
   49   2   1   0       0.82982281  p_z
   49   2   1   1       0.82860697  p_x
   49   3   2  -2       0.03584119  d_xy
   49   3   2  -1       0.04190427  d_yz
   49   3   2   0       0.01789065  d_z2
   49   3   2   1       0.03864684  d_xz
   49   3   2   2       0.01954379  d_x2-y2
   50   1   0   0       1.35541124  s
   50   2   1  -1       0.82805509  p_y
   50   2   1   0       0.83183472  p_z
   50   2   1   1       0.82814672  p_x
   50   3   2  -2       0.04064610  d_xy
   50   3   2  -1       0.03474308  d_yz
   50   3   2   0       0.01779472  d_z2
   50   3   2   1       0.04068970  d_xz
   50   3   2   2       0.02004468  d_x2-y2
   51   1   0   0       1.35400996  s
   51   2   1  -1       0.82567526  p_y
   51   2   1   0       0.82647059  p_z
   51   2   1   1       0.82460051  p_x
   51   3   2  -2       0.04196176  d_xy
   51   3   2  -1       0.03574622  d_yz
   51   3   2   0       0.02025523  d_z2
   51   3   2   1       0.04404971  d_xz
   51   3   2   2       0.02004827  d_x2-y2
   52   1   0   0       1.35716707  s
   52   2   1  -1       0.82364857  p_y
   52   2   1   0       0.83066325  p_z
   52   2   1   1       0.82463922  p_x
   52   3   2  -2       0.04272219  d_xy
   52   3   2  -1       0.04276946  d_yz
   52   3   2   0       0.01973850  d_z2
   52   3   2   1       0.03645102  d_xz
   52   3   2   2       0.02005771  d_x2-y2
   53   1   0   0       1.33710978  s
   53   2   1  -1       0.82682381  p_y
   53   2   1   0       0.83238886  p_z
   53   2   1   1       0.82958336  p_x
   53   3   2  -2       0.03967935  d_xy
   53   3   2  -1       0.04186235  d_yz
   53   3   2   0       0.01885085  d_z2
   53   3   2   1       0.03962254  d_xz
   53   3   2   2       0.02279615  d_x2-y2
   54   1   0   0       1.36615176  s
   54   2   1  -1       0.82833830  p_y
   54   2   1   0       0.83075496  p_z
   54   2   1   1       0.83231206  p_x
   54   3   2  -2       0.03845596  d_xy
   54   3   2  -1       0.04349218  d_yz
   54   3   2   0       0.01891708  d_z2
   54   3   2   1       0.03259261  d_xz
   54   3   2   2       0.01850942  d_x2-y2
   55   1   0   0       1.36837117  s
   55   2   1  -1       0.83373605  p_y
   55   2   1   0       0.82875354  p_z
   55   2   1   1       0.83048022  p_x
   55   3   2  -2       0.03418336  d_xy
   55   3   2  -1       0.03675132  d_yz
   55   3   2   0       0.01855274  d_z2
   55   3   2   1       0.03888130  d_xz
   55   3   2   2       0.01912323  d_x2-y2
   56   1   0   0       1.36318961  s
   56   2   1  -1       0.82800337  p_y
   56   2   1   0       0.83054652  p_z
   56   2   1   1       0.83489369  p_x
   56   3   2  -2       0.03982686  d_xy
   56   3   2  -1       0.03807786  d_yz
   56   3   2   0       0.01786844  d_z2
   56   3   2   1       0.03679884  d_xz
   56   3   2   2       0.01962080  d_x2-y2
   57   1   0   0       1.36814840  s
   57   2   1  -1       0.82880754  p_y
   57   2   1   0       0.82400780  p_z
   57   2   1   1       0.82738629  p_x
   57   3   2  -2       0.03594984  d_xy
   57   3   2  -1       0.04026814  d_yz
   57   3   2   0       0.01897687  d_z2
   57   3   2   1       0.03848333  d_xz
   57   3   2   2       0.01760291  d_x2-y2
   58   1   0   0       1.35281097  s
   58   2   1  -1       0.82532655  p_y
   58   2   1   0       0.82966269  p_z
   58   2   1   1       0.82794873  p_x
   58   3   2  -2       0.04222868  d_xy
   58   3   2  -1       0.03984945  d_yz
   58   3   2   0       0.02162141  d_z2
   58   3   2   1       0.03983942  d_xz
   58   3   2   2       0.01959774  d_x2-y2
   59   1   0   0       1.33007256  s
   59   2   1  -1       0.82364265  p_y
   59   2   1   0       0.83366548  p_z
   59   2   1   1       0.82843654  p_x
   59   3   2  -2       0.04870285  d_xy
   59   3   2  -1       0.03877068  d_yz
   59   3   2   0       0.02117630  d_z2
   59   3   2   1       0.03695290  d_xz
   59   3   2   2       0.02161958  d_x2-y2
   60   1   0   0       1.34948126  s
   60   2   1  -1       0.82745260  p_y
   60   2   1   0       0.82334446  p_z
   60   2   1   1       0.82670636  p_x
   60   3   2  -2       0.04007348  d_xy
   60   3   2  -1       0.04183738  d_yz
   60   3   2   0       0.02196918  d_z2
   60   3   2   1       0.04552787  d_xz
   60   3   2   2       0.02172762  d_x2-y2
   61   1   0   0       1.37271458  s
   61   2   1  -1       0.82687248  p_y
   61   2   1   0       0.83110047  p_z
   61   2   1   1       0.82538007  p_x
   61   3   2  -2       0.04217348  d_xy
   61   3   2  -1       0.03374240  d_yz
   61   3   2   0       0.01803466  d_z2
   61   3   2   1       0.03750714  d_xz
   61   3   2   2       0.01883398  d_x2-y2
   62   1   0   0       1.35200920  s
   62   2   1  -1       0.82914601  p_y
   62   2   1   0       0.83301560  p_z
   62   2   1   1       0.82714195  p_x
   62   3   2  -2       0.03859256  d_xy
   62   3   2  -1       0.03622505  d_yz
   62   3   2   0       0.01855104  d_z2
   62   3   2   1       0.04194554  d_xz
   62   3   2   2       0.02013649  d_x2-y2
   63   1   0   0       1.37810256  s
   63   2   1  -1       0.83102113  p_y
   63   2   1   0       0.82614371  p_z
   63   2   1   1       0.82738676  p_x
   63   3   2  -2       0.03871327  d_xy
   63   3   2  -1       0.03803460  d_yz
   63   3   2   0       0.01941439  d_z2
   63   3   2   1       0.03694796  d_xz
   63   3   2   2       0.01689710  d_x2-y2
   64   1   0   0       1.40577721  s
   64   2   1  -1       0.82917399  p_y
   64   2   1   0       0.82996439  p_z
   64   2   1   1       0.83088929  p_x
   64   3   2  -2       0.03471216  d_xy
   64   3   2  -1       0.03481629  d_yz
   64   3   2   0       0.01612947  d_z2
   64   3   2   1       0.03578665  d_xz
   64   3   2   2       0.01497994  d_x2-y2

Fermi level:                        -0.1329651796 H           -3.6182 eV
Band energy:                       -88.2009588325 H        -2400.0702 eV
TS:                                  0.0000000000 H            0.0000 eV
Band free energy (E-TS):           -88.2009588325 H        -2400.0702 eV
Extrapolated E(0K):                -88.2009588325 H        -2400.0702 eV
Input / Output electrons (q):    256.0000000000    256.0000000000

Energy H0:                         -88.1899296747 H        -2399.7701 eV
Energy SCC:                          0.0003542110 H            0.0096 eV
Total Electronic energy:           -88.1895754637 H        -2399.7604 eV
Repulsive energy:                    0.0000000000 H            0.0000 eV
Total energy:                      -88.1895754637 H        -2399.7604 eV
Extrapolated to 0:                 -88.1895754637 H        -2399.7604 eV
Total Mermin free energy:          -88.1895754637 H        -2399.7604 eV
Force related energy:              -88.1895754637 H        -2399.7604 eV

Non-constrained calculation

SCC converged

Warning: dipole moment is not defined absolutely!
Dipole moment:   -0.60734331    0.39652988    0.09022692 au
Dipole moment:   -1.54371285    1.00787851    0.22933399 Debye


