 Fermi distribution function

Calculation with static geometry


********************************************************************************
 iSCC Total electronic   Diff electronic      SCC error    
    9   -0.88170815E+02   -0.15579076E-08    0.99059757E-05
********************************************************************************

 Total charge:    -0.00000000

 Atomic gross charges (e)
 Atom           Charge
    1      -0.00388137
    2      -0.00517095
    3      -0.02450685
    4      -0.01225674
    5      -0.01015156
    6       0.01111493
    7       0.00326550
    8       0.00637582
    9      -0.01252798
   10      -0.00977962
   11       0.00880570
   12      -0.00185752
   13       0.00628212
   14       0.00797176
   15      -0.00694644
   16       0.00246504
   17       0.02999038
   18       0.00499956
   19       0.01528077
   20       0.00003599
   21       0.01904548
   22      -0.00770356
   23       0.01157135
   24      -0.01838445
   25       0.00654403
   26      -0.00531146
   27      -0.00427620
   28       0.00646401
   29       0.01373797
   30      -0.01386959
   31       0.01297125
   32       0.00011812
   33      -0.00406986
   34      -0.01988332
   35      -0.01429747
   36       0.00707371
   37      -0.00795387
   38      -0.00654662
   39       0.00485864
   40      -0.00234237
   41      -0.02055838
   42       0.00623411
   43      -0.01774293
   44       0.01180669
   45      -0.00932790
   46       0.01361496
   47       0.01077874
   48       0.00497473
   49       0.02298094
   50      -0.01386264
   51       0.01386503
   52       0.00540887
   53      -0.01079196
   54      -0.01966516
   55       0.00657770
   56       0.00144514
   57       0.01386515
   58       0.00924324
   59      -0.00020058
   60       0.00036361
   61      -0.00202102
   62      -0.01552864
   63       0.01996213
   64      -0.01867617

Nr. of electrons (up):    256.00000000
Atom populations (up)
 Atom       Population
    1       4.00388137
    2       4.00517095
    3       4.02450685
    4       4.01225674
    5       4.01015156
    6       3.98888507
    7       3.99673450
    8       3.99362418
    9       4.01252798
   10       4.00977962
   11       3.99119430
   12       4.00185752
   13       3.99371788
   14       3.99202824
   15       4.00694644
   16       3.99753496
   17       3.97000962
   18       3.99500044
   19       3.98471923
   20       3.99996401
   21       3.98095452
   22       4.00770356
   23       3.98842865
   24       4.01838445
   25       3.99345597
   26       4.00531146
   27       4.00427620
   28       3.99353599
   29       3.98626203
   30       4.01386959
   31       3.98702875
   32       3.99988188
   33       4.00406986
   34       4.01988332
   35       4.01429747
   36       3.99292629
   37       4.00795387
   38       4.00654662
   39       3.99514136
   40       4.00234237
   41       4.02055838
   42       3.99376589
   43       4.01774293
   44       3.98819331
   45       4.00932790
   46       3.98638504
   47       3.98922126
   48       3.99502527
   49       3.97701906
   50       4.01386264
   51       3.98613497
   52       3.99459113
   53       4.01079196
   54       4.01966516
   55       3.99342230
   56       3.99855486
   57       3.98613485
   58       3.99075676
   59       4.00020058
   60       3.99963639
   61       4.00202102
   62       4.01552864
   63       3.98003787
   64       4.01867617

l-shell populations (up)
 Atom Sh.   l       Population
    1   1   0       1.37200483
    1   2   1       2.48058769
    1   3   2       0.15128884
    2   1   0       1.35373561
    2   2   1       2.47964814
    2   3   2       0.17178721
    3   1   0       1.39335613
    3   2   1       2.49625358
    3   3   2       0.13489714
    4   1   0       1.37638818
    4   2   1       2.48706802
    4   3   2       0.14880054
    5   1   0       1.37857253
    5   2   1       2.47687899
    5   3   2       0.15470004
    6   1   0       1.33223007
    6   2   1       2.48222734
    6   3   2       0.17442766
    7   1   0       1.34275365
    7   2   1       2.48383084
    7   3   2       0.17015001
    8   1   0       1.34275678
    8   2   1       2.49207905
    8   3   2       0.15878835
    9   1   0       1.37873037
    9   2   1       2.48678846
    9   3   2       0.14700915
   10   1   0       1.37135251
   10   2   1       2.49623427
   10   3   2       0.14219283
   11   1   0       1.34101298
   11   2   1       2.48359040
   11   3   2       0.16659093
   12   1   0       1.37040238
   12   2   1       2.48153480
   12   3   2       0.14992033
   13   1   0       1.34447068
   13   2   1       2.48401077
   13   3   2       0.16523642
   14   1   0       1.35684628
   14   2   1       2.47958092
   14   3   2       0.15560104
   15   1   0       1.36522370
   15   2   1       2.49463726
   15   3   2       0.14708548
   16   1   0       1.37002959
   16   2   1       2.47109508
   16   3   2       0.15641030
   17   1   0       1.33272815
   17   2   1       2.45900599
   17   3   2       0.17827548
   18   1   0       1.36074647
   18   2   1       2.47421040
   18   3   2       0.16004356
   19   1   0       1.34369235
   19   2   1       2.47631914
   19   3   2       0.16470774
   20   1   0       1.35851906
   20   2   1       2.49519538
   20   3   2       0.14624957
   21   1   0       1.34481335
   21   2   1       2.47119158
   21   3   2       0.16494959
   22   1   0       1.35750282
   22   2   1       2.49559290
   22   3   2       0.15460784
   23   1   0       1.33602036
   23   2   1       2.47782978
   23   3   2       0.17457851
   24   1   0       1.37706263
   24   2   1       2.50088403
   24   3   2       0.14043779
   25   1   0       1.35652771
   25   2   1       2.48496543
   25   3   2       0.15196283
   26   1   0       1.36580099
   26   2   1       2.48886206
   26   3   2       0.15064841
   27   1   0       1.36824490
   27   2   1       2.48506338
   27   3   2       0.15096792
   28   1   0       1.35129047
   28   2   1       2.47518019
   28   3   2       0.16706533
   29   1   0       1.34695197
   29   2   1       2.47657930
   29   3   2       0.16273075
   30   1   0       1.36428703
   30   2   1       2.49351593
   30   3   2       0.15606663
   31   1   0       1.34985144
   31   2   1       2.47677420
   31   3   2       0.16040311
   32   1   0       1.35013116
   32   2   1       2.48212371
   32   3   2       0.16762701
   33   1   0       1.35962964
   33   2   1       2.48181550
   33   3   2       0.16262473
   34   1   0       1.38559508
   34   2   1       2.49196843
   34   3   2       0.14231980
   35   1   0       1.36929289
   35   2   1       2.48936163
   35   3   2       0.15564296
   36   1   0       1.34247393
   36   2   1       2.47118790
   36   3   2       0.17926446
   37   1   0       1.36399208
   37   2   1       2.48834860
   37   3   2       0.15561320
   38   1   0       1.37094420
   38   2   1       2.48701036
   38   3   2       0.14859206
   39   1   0       1.35123850
   39   2   1       2.48472274
   39   3   2       0.15918012
   40   1   0       1.36219298
   40   2   1       2.48467114
   40   3   2       0.15547825
   41   1   0       1.37698081
   41   2   1       2.49084696
   41   3   2       0.15273061
   42   1   0       1.34465842
   42   2   1       2.48247740
   42   3   2       0.16663008
   43   1   0       1.37460399
   43   2   1       2.49880303
   43   3   2       0.14433591
   44   1   0       1.33424962
   44   2   1       2.48650076
   44   3   2       0.16744294
   45   1   0       1.37450626
   45   2   1       2.48998618
   45   3   2       0.14483545
   46   1   0       1.32559568
   46   2   1       2.48224797
   46   3   2       0.17854139
   47   1   0       1.33743753
   47   2   1       2.48488651
   47   3   2       0.16689722
   48   1   0       1.35518011
   48   2   1       2.47550256
   48   3   2       0.16434259
   49   1   0       1.32313468
   49   2   1       2.47787546
   49   3   2       0.17600892
   50   1   0       1.39412865
   50   2   1       2.47963449
   50   3   2       0.14009951
   51   1   0       1.34496649
   51   2   1       2.47330418
   51   3   2       0.16786431
   52   1   0       1.35493823
   52   2   1       2.48045230
   52   3   2       0.15920060
   53   1   0       1.37242682
   53   2   1       2.48595256
   53   3   2       0.15241258
   54   1   0       1.38276870
   54   2   1       2.49803324
   54   3   2       0.13886322
   55   1   0       1.35173969
   55   2   1       2.48860456
   55   3   2       0.15307804
   56   1   0       1.34623504
   56   2   1       2.49188370
   56   3   2       0.16043613
   57   1   0       1.34016024
   57   2   1       2.47972545
   57   3   2       0.16624916
   58   1   0       1.32943622
   58   2   1       2.48411286
   58   3   2       0.17720768
   59   1   0       1.37089881
   59   2   1       2.48579315
   59   3   2       0.14350862
   60   1   0       1.35993372
   60   2   1       2.47856050
   60   3   2       0.16114217
   61   1   0       1.36899751
   61   2   1       2.48854290
   61   3   2       0.14448061
   62   1   0       1.37471124
   62   2   1       2.49256281
   62   3   2       0.14825459
   63   1   0       1.33642530
   63   2   1       2.47075744
   63   3   2       0.17285512
   64   1   0       1.38435274
   64   2   1       2.49345832
   64   3   2       0.14086512

Orbital populations (up)
 Atom Sh.   l   m       Population  Label
    1   1   0   0       1.37200483  s
    1   2   1  -1       0.83134002  p_y
    1   2   1   0       0.82206503  p_z
    1   2   1   1       0.82718264  p_x
    1   3   2  -2       0.03696996  d_xy
    1   3   2  -1       0.03785906  d_yz
    1   3   2   0       0.01801552  d_z2
    1   3   2   1       0.03945316  d_xz
    1   3   2   2       0.01899115  d_x2-y2
    2   1   0   0       1.35373561  s
    2   2   1  -1       0.82858966  p_y
    2   2   1   0       0.82779771  p_z
    2   2   1   1       0.82326076  p_x
    2   3   2  -2       0.04078067  d_xy
    2   3   2  -1       0.04200038  d_yz
    2   3   2   0       0.02140220  d_z2
    2   3   2   1       0.04485363  d_xz
    2   3   2   2       0.02275033  d_x2-y2
    3   1   0   0       1.39335613  s
    3   2   1  -1       0.83243135  p_y
    3   2   1   0       0.83326800  p_z
    3   2   1   1       0.83055423  p_x
    3   3   2  -2       0.03243619  d_xy
    3   3   2  -1       0.03657164  d_yz
    3   3   2   0       0.01552686  d_z2
    3   3   2   1       0.03455900  d_xz
    3   3   2   2       0.01580344  d_x2-y2
    4   1   0   0       1.37638818  s
    4   2   1  -1       0.82526293  p_y
    4   2   1   0       0.83399811  p_z
    4   2   1   1       0.82780698  p_x
    4   3   2  -2       0.03991371  d_xy
    4   3   2  -1       0.03456180  d_yz
    4   3   2   0       0.01901444  d_z2
    4   3   2   1       0.03774273  d_xz
    4   3   2   2       0.01756786  d_x2-y2
    5   1   0   0       1.37857253  s
    5   2   1  -1       0.82514414  p_y
    5   2   1   0       0.82812293  p_z
    5   2   1   1       0.82361192  p_x
    5   3   2  -2       0.03833137  d_xy
    5   3   2  -1       0.03673476  d_yz
    5   3   2   0       0.01833013  d_z2
    5   3   2   1       0.04112010  d_xz
    5   3   2   2       0.02018368  d_x2-y2
    6   1   0   0       1.33223007  s
    6   2   1  -1       0.82833086  p_y
    6   2   1   0       0.82492707  p_z
    6   2   1   1       0.82896940  p_x
    6   3   2  -2       0.04031563  d_xy
    6   3   2  -1       0.04589321  d_yz
    6   3   2   0       0.02406849  d_z2
    6   3   2   1       0.04205440  d_xz
    6   3   2   2       0.02209593  d_x2-y2
    7   1   0   0       1.34275365  s
    7   2   1  -1       0.83061869  p_y
    7   2   1   0       0.82289789  p_z
    7   2   1   1       0.83031425  p_x
    7   3   2  -2       0.03835597  d_xy
    7   3   2  -1       0.04196596  d_yz
    7   3   2   0       0.02255317  d_z2
    7   3   2   1       0.04485782  d_xz
    7   3   2   2       0.02241709  d_x2-y2
    8   1   0   0       1.34275678  s
    8   2   1  -1       0.82901387  p_y
    8   2   1   0       0.82920305  p_z
    8   2   1   1       0.83386213  p_x
    8   3   2  -2       0.03983789  d_xy
    8   3   2  -1       0.03943820  d_yz
    8   3   2   0       0.02042865  d_z2
    8   3   2   1       0.03949854  d_xz
    8   3   2   2       0.01958506  d_x2-y2
    9   1   0   0       1.37873037  s
    9   2   1  -1       0.83326519  p_y
    9   2   1   0       0.82446131  p_z
    9   2   1   1       0.82906196  p_x
    9   3   2  -2       0.03659123  d_xy
    9   3   2  -1       0.03696381  d_yz
    9   3   2   0       0.01815717  d_z2
    9   3   2   1       0.03738934  d_xz
    9   3   2   2       0.01790759  d_x2-y2
   10   1   0   0       1.37135251  s
   10   2   1  -1       0.83585538  p_y
   10   2   1   0       0.83033240  p_z
   10   2   1   1       0.83004648  p_x
   10   3   2  -2       0.03899569  d_xy
   10   3   2  -1       0.03349654  d_yz
   10   3   2   0       0.01779165  d_z2
   10   3   2   1       0.03630341  d_xz
   10   3   2   2       0.01560554  d_x2-y2
   11   1   0   0       1.34101298  s
   11   2   1  -1       0.82855573  p_y
   11   2   1   0       0.82692655  p_z
   11   2   1   1       0.82810811  p_x
   11   3   2  -2       0.03953828  d_xy
   11   3   2  -1       0.04095273  d_yz
   11   3   2   0       0.02044281  d_z2
   11   3   2   1       0.04388383  d_xz
   11   3   2   2       0.02177328  d_x2-y2
   12   1   0   0       1.37040238  s
   12   2   1  -1       0.82860217  p_y
   12   2   1   0       0.82636182  p_z
   12   2   1   1       0.82657082  p_x
   12   3   2  -2       0.03640104  d_xy
   12   3   2  -1       0.04108116  d_yz
   12   3   2   0       0.01847448  d_z2
   12   3   2   1       0.03592515  d_xz
   12   3   2   2       0.01803852  d_x2-y2
   13   1   0   0       1.34447068  s
   13   2   1  -1       0.82489084  p_y
   13   2   1   0       0.82913789  p_z
   13   2   1   1       0.82998204  p_x
   13   3   2  -2       0.04406051  d_xy
   13   3   2  -1       0.04288369  d_yz
   13   3   2   0       0.02113077  d_z2
   13   3   2   1       0.03646141  d_xz
   13   3   2   2       0.02070004  d_x2-y2
   14   1   0   0       1.35684628  s
   14   2   1  -1       0.82959380  p_y
   14   2   1   0       0.82567495  p_z
   14   2   1   1       0.82431217  p_x
   14   3   2  -2       0.03881433  d_xy
   14   3   2  -1       0.03875464  d_yz
   14   3   2   0       0.01983081  d_z2
   14   3   2   1       0.03934417  d_xz
   14   3   2   2       0.01885709  d_x2-y2
   15   1   0   0       1.36522370  s
   15   2   1  -1       0.83340067  p_y
   15   2   1   0       0.83137038  p_z
   15   2   1   1       0.82986621  p_x
   15   3   2  -2       0.03711801  d_xy
   15   3   2  -1       0.03598682  d_yz
   15   3   2   0       0.01782118  d_z2
   15   3   2   1       0.03848855  d_xz
   15   3   2   2       0.01767092  d_x2-y2
   16   1   0   0       1.37002959  s
   16   2   1  -1       0.82264348  p_y
   16   2   1   0       0.82079262  p_z
   16   2   1   1       0.82765898  p_x
   16   3   2  -2       0.03821282  d_xy
   16   3   2  -1       0.04011956  d_yz
   16   3   2   0       0.01983243  d_z2
   16   3   2   1       0.03977140  d_xz
   16   3   2   2       0.01847410  d_x2-y2
   17   1   0   0       1.33272815  s
   17   2   1  -1       0.82123367  p_y
   17   2   1   0       0.81391834  p_z
   17   2   1   1       0.82385399  p_x
   17   3   2  -2       0.04210300  d_xy
   17   3   2  -1       0.04452191  d_yz
   17   3   2   0       0.02575026  d_z2
   17   3   2   1       0.04249168  d_xz
   17   3   2   2       0.02340863  d_x2-y2
   18   1   0   0       1.36074647  s
   18   2   1  -1       0.81625877  p_y
   18   2   1   0       0.82639379  p_z
   18   2   1   1       0.83155785  p_x
   18   3   2  -2       0.04209540  d_xy
   18   3   2  -1       0.04118408  d_yz
   18   3   2   0       0.01989004  d_z2
   18   3   2   1       0.03676990  d_xz
   18   3   2   2       0.02010414  d_x2-y2
   19   1   0   0       1.34369235  s
   19   2   1  -1       0.82712903  p_y
   19   2   1   0       0.82603940  p_z
   19   2   1   1       0.82315071  p_x
   19   3   2  -2       0.04239126  d_xy
   19   3   2  -1       0.03589684  d_yz
   19   3   2   0       0.02139988  d_z2
   19   3   2   1       0.04470526  d_xz
   19   3   2   2       0.02031450  d_x2-y2
   20   1   0   0       1.35851906  s
   20   2   1  -1       0.82997527  p_y
   20   2   1   0       0.83166848  p_z
   20   2   1   1       0.83355163  p_x
   20   3   2  -2       0.03884913  d_xy
   20   3   2  -1       0.03757995  d_yz
   20   3   2   0       0.01896504  d_z2
   20   3   2   1       0.03461168  d_xz
   20   3   2   2       0.01624376  d_x2-y2
   21   1   0   0       1.34481335  s
   21   2   1  -1       0.82655625  p_y
   21   2   1   0       0.82318475  p_z
   21   2   1   1       0.82145058  p_x
   21   3   2  -2       0.04089004  d_xy
   21   3   2  -1       0.04146777  d_yz
   21   3   2   0       0.02102779  d_z2
   21   3   2   1       0.04021854  d_xz
   21   3   2   2       0.02134545  d_x2-y2
   22   1   0   0       1.35750282  s
   22   2   1  -1       0.82877768  p_y
   22   2   1   0       0.83248939  p_z
   22   2   1   1       0.83432584  p_x
   22   3   2  -2       0.03678019  d_xy
   22   3   2  -1       0.04221346  d_yz
   22   3   2   0       0.01837366  d_z2
   22   3   2   1       0.03741462  d_xz
   22   3   2   2       0.01982592  d_x2-y2
   23   1   0   0       1.33602036  s
   23   2   1  -1       0.82592863  p_y
   23   2   1   0       0.82716979  p_z
   23   2   1   1       0.82473137  p_x
   23   3   2  -2       0.04280476  d_xy
   23   3   2  -1       0.04304026  d_yz
   23   3   2   0       0.02097103  d_z2
   23   3   2   1       0.04363718  d_xz
   23   3   2   2       0.02412528  d_x2-y2
   24   1   0   0       1.37706263  s
   24   2   1  -1       0.83358974  p_y
   24   2   1   0       0.83585986  p_z
   24   2   1   1       0.83143443  p_x
   24   3   2  -2       0.03485211  d_xy
   24   3   2  -1       0.03656203  d_yz
   24   3   2   0       0.01599303  d_z2
   24   3   2   1       0.03642269  d_xz
   24   3   2   2       0.01660793  d_x2-y2
   25   1   0   0       1.35652771  s
   25   2   1  -1       0.82897148  p_y
   25   2   1   0       0.83073935  p_z
   25   2   1   1       0.82525460  p_x
   25   3   2  -2       0.03953849  d_xy
   25   3   2  -1       0.03607108  d_yz
   25   3   2   0       0.01774498  d_z2
   25   3   2   1       0.03984970  d_xz
   25   3   2   2       0.01875858  d_x2-y2
   26   1   0   0       1.36580099  s
   26   2   1  -1       0.82893457  p_y
   26   2   1   0       0.83305286  p_z
   26   2   1   1       0.82687462  p_x
   26   3   2  -2       0.03995632  d_xy
   26   3   2  -1       0.03584529  d_yz
   26   3   2   0       0.01828466  d_z2
   26   3   2   1       0.03747304  d_xz
   26   3   2   2       0.01908910  d_x2-y2
   27   1   0   0       1.36824490  s
   27   2   1  -1       0.82803996  p_y
   27   2   1   0       0.83043706  p_z
   27   2   1   1       0.82658636  p_x
   27   3   2  -2       0.03939013  d_xy
   27   3   2  -1       0.04010073  d_yz
   27   3   2   0       0.01773063  d_z2
   27   3   2   1       0.03491121  d_xz
   27   3   2   2       0.01883523  d_x2-y2
   28   1   0   0       1.35129047  s
   28   2   1  -1       0.82781804  p_y
   28   2   1   0       0.82248270  p_z
   28   2   1   1       0.82487944  p_x
   28   3   2  -2       0.03566664  d_xy
   28   3   2  -1       0.04265871  d_yz
   28   3   2   0       0.01980997  d_z2
   28   3   2   1       0.04609329  d_xz
   28   3   2   2       0.02283672  d_x2-y2
   29   1   0   0       1.34695197  s
   29   2   1  -1       0.82776249  p_y
   29   2   1   0       0.82597283  p_z
   29   2   1   1       0.82284398  p_x
   29   3   2  -2       0.04183921  d_xy
   29   3   2  -1       0.03909078  d_yz
   29   3   2   0       0.02244711  d_z2
   29   3   2   1       0.04030455  d_xz
   29   3   2   2       0.01904911  d_x2-y2
   30   1   0   0       1.36428703  s
   30   2   1  -1       0.83123154  p_y
   30   2   1   0       0.83230681  p_z
   30   2   1   1       0.82997757  p_x
   30   3   2  -2       0.04349503  d_xy
   30   3   2  -1       0.03490617  d_yz
   30   3   2   0       0.02058999  d_z2
   30   3   2   1       0.03828796  d_xz
   30   3   2   2       0.01878747  d_x2-y2
   31   1   0   0       1.34985144  s
   31   2   1  -1       0.82814710  p_y
   31   2   1   0       0.82235128  p_z
   31   2   1   1       0.82627582  p_x
   31   3   2  -2       0.03915410  d_xy
   31   3   2  -1       0.03910682  d_yz
   31   3   2   0       0.02058532  d_z2
   31   3   2   1       0.04190571  d_xz
   31   3   2   2       0.01965116  d_x2-y2
   32   1   0   0       1.35013116  s
   32   2   1  -1       0.82142083  p_y
   32   2   1   0       0.83087626  p_z
   32   2   1   1       0.82982663  p_x
   32   3   2  -2       0.04511598  d_xy
   32   3   2  -1       0.04096543  d_yz
   32   3   2   0       0.02118853  d_z2
   32   3   2   1       0.03896582  d_xz
   32   3   2   2       0.02139125  d_x2-y2
   33   1   0   0       1.35962964  s
   33   2   1  -1       0.83171348  p_y
   33   2   1   0       0.82897205  p_z
   33   2   1   1       0.82112997  p_x
   33   3   2  -2       0.04295656  d_xy
   33   3   2  -1       0.04017540  d_yz
   33   3   2   0       0.01997036  d_z2
   33   3   2   1       0.03813014  d_xz
   33   3   2   2       0.02139227  d_x2-y2
   34   1   0   0       1.38559508  s
   34   2   1  -1       0.83053468  p_y
   34   2   1   0       0.83080264  p_z
   34   2   1   1       0.83063111  p_x
   34   3   2  -2       0.03536425  d_xy
   34   3   2  -1       0.03669460  d_yz
   34   3   2   0       0.01698906  d_z2
   34   3   2   1       0.03683260  d_xz
   34   3   2   2       0.01643930  d_x2-y2
   35   1   0   0       1.36929289  s
   35   2   1  -1       0.82668396  p_y
   35   2   1   0       0.83117747  p_z
   35   2   1   1       0.83150020  p_x
   35   3   2  -2       0.03844281  d_xy
   35   3   2  -1       0.03861593  d_yz
   35   3   2   0       0.01793178  d_z2
   35   3   2   1       0.04106413  d_xz
   35   3   2   2       0.01958831  d_x2-y2
   36   1   0   0       1.34247393  s
   36   2   1  -1       0.82764985  p_y
   36   2   1   0       0.82202688  p_z
   36   2   1   1       0.82151117  p_x
   36   3   2  -2       0.04388940  d_xy
   36   3   2  -1       0.04240133  d_yz
   36   3   2   0       0.02245520  d_z2
   36   3   2   1       0.04565058  d_xz
   36   3   2   2       0.02486794  d_x2-y2
   37   1   0   0       1.36399208  s
   37   2   1  -1       0.83171646  p_y
   37   2   1   0       0.83019723  p_z
   37   2   1   1       0.82643491  p_x
   37   3   2  -2       0.03942503  d_xy
   37   3   2  -1       0.03853641  d_yz
   37   3   2   0       0.01898629  d_z2
   37   3   2   1       0.03934586  d_xz
   37   3   2   2       0.01931961  d_x2-y2
   38   1   0   0       1.37094420  s
   38   2   1  -1       0.83139853  p_y
   38   2   1   0       0.82889102  p_z
   38   2   1   1       0.82672081  p_x
   38   3   2  -2       0.03980866  d_xy
   38   3   2  -1       0.03556604  d_yz
   38   3   2   0       0.01851806  d_z2
   38   3   2   1       0.03719996  d_xz
   38   3   2   2       0.01749934  d_x2-y2
   39   1   0   0       1.35123850  s
   39   2   1  -1       0.82510053  p_y
   39   2   1   0       0.83086034  p_z
   39   2   1   1       0.82876187  p_x
   39   3   2  -2       0.03804525  d_xy
   39   3   2  -1       0.04014395  d_yz
   39   3   2   0       0.01864916  d_z2
   39   3   2   1       0.04025600  d_xz
   39   3   2   2       0.02208576  d_x2-y2
   40   1   0   0       1.36219298  s
   40   2   1  -1       0.82875363  p_y
   40   2   1   0       0.82726370  p_z
   40   2   1   1       0.82865381  p_x
   40   3   2  -2       0.03896585  d_xy
   40   3   2  -1       0.04303744  d_yz
   40   3   2   0       0.02027598  d_z2
   40   3   2   1       0.03510893  d_xz
   40   3   2   2       0.01809006  d_x2-y2
   41   1   0   0       1.37698081  s
   41   2   1  -1       0.82633616  p_y
   41   2   1   0       0.82886401  p_z
   41   2   1   1       0.83564679  p_x
   41   3   2  -2       0.03689052  d_xy
   41   3   2  -1       0.04036276  d_yz
   41   3   2   0       0.01905657  d_z2
   41   3   2   1       0.03774709  d_xz
   41   3   2   2       0.01867366  d_x2-y2
   42   1   0   0       1.34465842  s
   42   2   1  -1       0.82514780  p_y
   42   2   1   0       0.83162139  p_z
   42   2   1   1       0.82570820  p_x
   42   3   2  -2       0.04090679  d_xy
   42   3   2  -1       0.04352692  d_yz
   42   3   2   0       0.02049519  d_z2
   42   3   2   1       0.03945375  d_xz
   42   3   2   2       0.02224743  d_x2-y2
   43   1   0   0       1.37460399  s
   43   2   1  -1       0.82697870  p_y
   43   2   1   0       0.83545872  p_z
   43   2   1   1       0.83636562  p_x
   43   3   2  -2       0.03721052  d_xy
   43   3   2  -1       0.03724006  d_yz
   43   3   2   0       0.01791607  d_z2
   43   3   2   1       0.03461279  d_xz
   43   3   2   2       0.01735647  d_x2-y2
   44   1   0   0       1.33424962  s
   44   2   1  -1       0.83102716  p_y
   44   2   1   0       0.83240321  p_z
   44   2   1   1       0.82307039  p_x
   44   3   2  -2       0.04561188  d_xy
   44   3   2  -1       0.03696470  d_yz
   44   3   2   0       0.02153559  d_z2
   44   3   2   1       0.04146678  d_xz
   44   3   2   2       0.02186399  d_x2-y2
   45   1   0   0       1.37450626  s
   45   2   1  -1       0.82494308  p_y
   45   2   1   0       0.83536587  p_z
   45   2   1   1       0.82967723  p_x
   45   3   2  -2       0.04131410  d_xy
   45   3   2  -1       0.03428558  d_yz
   45   3   2   0       0.01685627  d_z2
   45   3   2   1       0.03525337  d_xz
   45   3   2   2       0.01712612  d_x2-y2
   46   1   0   0       1.32559568  s
   46   2   1  -1       0.82522824  p_y
   46   2   1   0       0.82962504  p_z
   46   2   1   1       0.82739469  p_x
   46   3   2  -2       0.04587285  d_xy
   46   3   2  -1       0.03976591  d_yz
   46   3   2   0       0.02374609  d_z2
   46   3   2   1       0.04530827  d_xz
   46   3   2   2       0.02384828  d_x2-y2
   47   1   0   0       1.33743753  s
   47   2   1  -1       0.82439412  p_y
   47   2   1   0       0.83063034  p_z
   47   2   1   1       0.82986205  p_x
   47   3   2  -2       0.04324460  d_xy
   47   3   2  -1       0.04237207  d_yz
   47   3   2   0       0.02267183  d_z2
   47   3   2   1       0.03775860  d_xz
   47   3   2   2       0.02085013  d_x2-y2
   48   1   0   0       1.35518011  s
   48   2   1  -1       0.82846281  p_y
   48   2   1   0       0.82127239  p_z
   48   2   1   1       0.82576737  p_x
   48   3   2  -2       0.03730516  d_xy
   48   3   2  -1       0.04212224  d_yz
   48   3   2   0       0.02182750  d_z2
   48   3   2   1       0.04328400  d_xz
   48   3   2   2       0.01980369  d_x2-y2
   49   1   0   0       1.32313468  s
   49   2   1  -1       0.82151652  p_y
   49   2   1   0       0.83035513  p_z
   49   2   1   1       0.82600381  p_x
   49   3   2  -2       0.04540102  d_xy
   49   3   2  -1       0.04407335  d_yz
   49   3   2   0       0.02145746  d_z2
   49   3   2   1       0.03957392  d_xz
   49   3   2   2       0.02550318  d_x2-y2
   50   1   0   0       1.39412865  s
   50   2   1  -1       0.82681057  p_y
   50   2   1   0       0.82987021  p_z
   50   2   1   1       0.82295371  p_x
   50   3   2  -2       0.03480067  d_xy
   50   3   2  -1       0.03582073  d_yz
   50   3   2   0       0.01584539  d_z2
   50   3   2   1       0.03612324  d_xz
   50   3   2   2       0.01750947  d_x2-y2
   51   1   0   0       1.34496649  s
   51   2   1  -1       0.82752971  p_y
   51   2   1   0       0.82171977  p_z
   51   2   1   1       0.82405469  p_x
   51   3   2  -2       0.03995372  d_xy
   51   3   2  -1       0.04113137  d_yz
   51   3   2   0       0.02184490  d_z2
   51   3   2   1       0.04444582  d_xz
   51   3   2   2       0.02048851  d_x2-y2
   52   1   0   0       1.35493823  s
   52   2   1  -1       0.83045392  p_y
   52   2   1   0       0.82094294  p_z
   52   2   1   1       0.82905543  p_x
   52   3   2  -2       0.03799995  d_xy
   52   3   2  -1       0.03993162  d_yz
   52   3   2   0       0.02044466  d_z2
   52   3   2   1       0.04111729  d_xz
   52   3   2   2       0.01970708  d_x2-y2
   53   1   0   0       1.37242682  s
   53   2   1  -1       0.82911095  p_y
   53   2   1   0       0.82511866  p_z
   53   2   1   1       0.83172295  p_x
   53   3   2  -2       0.03293912  d_xy
   53   3   2  -1       0.04004885  d_yz
   53   3   2   0       0.01945355  d_z2
   53   3   2   1       0.04226976  d_xz
   53   3   2   2       0.01770130  d_x2-y2
   54   1   0   0       1.38276870  s
   54   2   1  -1       0.83816486  p_y
   54   2   1   0       0.83051586  p_z
   54   2   1   1       0.82935251  p_x
   54   3   2  -2       0.03810611  d_xy
   54   3   2  -1       0.03704880  d_yz
   54   3   2   0       0.01661264  d_z2
   54   3   2   1       0.03164493  d_xz
   54   3   2   2       0.01545072  d_x2-y2
   55   1   0   0       1.35173969  s
   55   2   1  -1       0.82976419  p_y
   55   2   1   0       0.82835431  p_z
   55   2   1   1       0.83048606  p_x
   55   3   2  -2       0.03699774  d_xy
   55   3   2  -1       0.04022892  d_yz
   55   3   2   0       0.01865223  d_z2
   55   3   2   1       0.03758572  d_xz
   55   3   2   2       0.01961343  d_x2-y2
   56   1   0   0       1.34623504  s
   56   2   1  -1       0.83088691  p_y
   56   2   1   0       0.83377312  p_z
   56   2   1   1       0.82722367  p_x
   56   3   2  -2       0.04103362  d_xy
   56   3   2  -1       0.03780833  d_yz
   56   3   2   0       0.01981138  d_z2
   56   3   2   1       0.04106562  d_xz
   56   3   2   2       0.02071717  d_x2-y2
   57   1   0   0       1.34016024  s
   57   2   1  -1       0.82805075  p_y
   57   2   1   0       0.82475284  p_z
   57   2   1   1       0.82692186  p_x
   57   3   2  -2       0.04148976  d_xy
   57   3   2  -1       0.03958203  d_yz
   57   3   2   0       0.02253223  d_z2
   57   3   2   1       0.04273845  d_xz
   57   3   2   2       0.01990669  d_x2-y2
   58   1   0   0       1.32943622  s
   58   2   1  -1       0.83047922  p_y
   58   2   1   0       0.82656134  p_z
   58   2   1   1       0.82707230  p_x
   58   3   2  -2       0.04265322  d_xy
   58   3   2  -1       0.04087163  d_yz
   58   3   2   0       0.02309614  d_z2
   58   3   2   1       0.04713551  d_xz
   58   3   2   2       0.02345119  d_x2-y2
   59   1   0   0       1.37089881  s
   59   2   1  -1       0.83068749  p_y
   59   2   1   0       0.82418106  p_z
   59   2   1   1       0.83092460  p_x
   59   3   2  -2       0.03448425  d_xy
   59   3   2  -1       0.03913302  d_yz
   59   3   2   0       0.01830565  d_z2
   59   3   2   1       0.03555770  d_xz
   59   3   2   2       0.01602800  d_x2-y2
   60   1   0   0       1.35993372  s
   60   2   1  -1       0.82354992  p_y
   60   2   1   0       0.82647710  p_z
   60   2   1   1       0.82853348  p_x
   60   3   2  -2       0.04132513  d_xy
   60   3   2  -1       0.04186263  d_yz
   60   3   2   0       0.02109184  d_z2
   60   3   2   1       0.03781527  d_xz
   60   3   2   2       0.01904729  d_x2-y2
   61   1   0   0       1.36899751  s
   61   2   1  -1       0.83259215  p_y
   61   2   1   0       0.82641504  p_z
   61   2   1   1       0.82953572  p_x
   61   3   2  -2       0.03704149  d_xy
   61   3   2  -1       0.03749232  d_yz
   61   3   2   0       0.01764653  d_z2
   61   3   2   1       0.03537124  d_xz
   61   3   2   2       0.01692904  d_x2-y2
   62   1   0   0       1.37471124  s
   62   2   1  -1       0.83368274  p_y
   62   2   1   0       0.83022539  p_z
   62   2   1   1       0.82865468  p_x
   62   3   2  -2       0.03551822  d_xy
   62   3   2  -1       0.03225175  d_yz
   62   3   2   0       0.01756499  d_z2
   62   3   2   1       0.04415832  d_xz
   62   3   2   2       0.01876132  d_x2-y2
   63   1   0   0       1.33642530  s
   63   2   1  -1       0.82129814  p_y
   63   2   1   0       0.82715853  p_z
   63   2   1   1       0.82230077  p_x
   63   3   2  -2       0.04804214  d_xy
   63   3   2  -1       0.03847221  d_yz
   63   3   2   0       0.02380824  d_z2
   63   3   2   1       0.04066648  d_xz
   63   3   2   2       0.02186606  d_x2-y2
   64   1   0   0       1.38435274  s
   64   2   1  -1       0.82893611  p_y
   64   2   1   0       0.83193817  p_z
   64   2   1   1       0.83258404  p_x
   64   3   2  -2       0.03413435  d_xy
   64   3   2  -1       0.03905116  d_yz
   64   3   2   0       0.01637337  d_z2
   64   3   2   1       0.03487770  d_xz
   64   3   2   2       0.01642855  d_x2-y2

Fermi level:                        -0.1330429067 H           -3.6203 eV
Band energy:                       -88.1801043284 H        -2399.5027 eV
TS:                                  0.0000000000 H            0.0000 eV
Band free energy (E-TS):           -88.1801043284 H        -2399.5027 eV
Extrapolated E(0K):                -88.1801043284 H        -2399.5027 eV
Input / Output electrons (q):    256.0000000000    256.0000000000

Energy H0:                         -88.1711708436 H        -2399.2596 eV
Energy SCC:                          0.0003562601 H            0.0097 eV
Total Electronic energy:           -88.1708145834 H        -2399.2499 eV
Repulsive energy:                    0.0000000000 H            0.0000 eV
Total energy:                      -88.1708145834 H        -2399.2499 eV
Extrapolated to 0:                 -88.1708145835 H        -2399.2499 eV
Total Mermin free energy:          -88.1708145835 H        -2399.2499 eV
Force related energy:              -88.1708145835 H        -2399.2499 eV

Non-constrained calculation

SCC converged

Warning: dipole moment is not defined absolutely!
Dipole moment:   -0.17277394    0.20318585    0.81715991 au
Dipole moment:   -0.43914758    0.51644697    2.07701348 Debye


