 Fermi distribution function

Calculation with static geometry


********************************************************************************
 iSCC Total electronic   Diff electronic      SCC error    
    9   -0.88181315E+02   -0.92853725E-09    0.69591306E-05
********************************************************************************

 Total charge:    -0.00000000

 Atomic gross charges (e)
 Atom           Charge
    1      -0.01399108
    2       0.01199963
    3      -0.01962310
    4      -0.00395864
    5      -0.00583296
    6       0.01151740
    7      -0.00114594
    8      -0.00738121
    9      -0.02902805
   10      -0.01195529
   11      -0.00738481
   12      -0.00612973
   13       0.00874708
   14       0.00035702
   15      -0.00457435
   16       0.01235453
   17       0.01664779
   18       0.00683536
   19       0.00577411
   20      -0.00502651
   21       0.00533270
   22       0.00480182
   23       0.01226299
   24       0.01307840
   25       0.00240584
   26      -0.00625769
   27       0.01826016
   28       0.00234404
   29       0.00016879
   30      -0.00589892
   31       0.01058985
   32      -0.00334345
   33      -0.00233686
   34      -0.00952312
   35      -0.00736994
   36       0.02327796
   37      -0.00951972
   38       0.01020600
   39       0.00578003
   40      -0.01183135
   41      -0.01276561
   42      -0.00304805
   43      -0.02613264
   44      -0.00501223
   45      -0.01134978
   46       0.02205388
   47      -0.00965628
   48       0.00898767
   49       0.02396229
   50       0.00626697
   51       0.00895305
   52      -0.00464623
   53       0.00422594
   54      -0.00116616
   55       0.01029019
   56      -0.00394499
   57      -0.00179541
   58       0.00506828
   59      -0.00862031
   60       0.01683615
   61       0.00028927
   62      -0.02670863
   63       0.01158434
   64      -0.01430049

Nr. of electrons (up):    256.00000000
Atom populations (up)
 Atom       Population
    1       4.01399108
    2       3.98800037
    3       4.01962310
    4       4.00395864
    5       4.00583296
    6       3.98848260
    7       4.00114594
    8       4.00738121
    9       4.02902805
   10       4.01195529
   11       4.00738481
   12       4.00612973
   13       3.99125292
   14       3.99964298
   15       4.00457435
   16       3.98764547
   17       3.98335221
   18       3.99316464
   19       3.99422589
   20       4.00502651
   21       3.99466730
   22       3.99519818
   23       3.98773701
   24       3.98692160
   25       3.99759416
   26       4.00625769
   27       3.98173984
   28       3.99765596
   29       3.99983121
   30       4.00589892
   31       3.98941015
   32       4.00334345
   33       4.00233686
   34       4.00952312
   35       4.00736994
   36       3.97672204
   37       4.00951972
   38       3.98979400
   39       3.99421997
   40       4.01183135
   41       4.01276561
   42       4.00304805
   43       4.02613264
   44       4.00501223
   45       4.01134978
   46       3.97794612
   47       4.00965628
   48       3.99101233
   49       3.97603771
   50       3.99373303
   51       3.99104695
   52       4.00464623
   53       3.99577406
   54       4.00116616
   55       3.98970981
   56       4.00394499
   57       4.00179541
   58       3.99493172
   59       4.00862031
   60       3.98316385
   61       3.99971073
   62       4.02670863
   63       3.98841566
   64       4.01430049

l-shell populations (up)
 Atom Sh.   l       Population
    1   1   0       1.37140887
    1   2   1       2.49740764
    1   3   2       0.14517457
    2   1   0       1.33632319
    2   2   1       2.48284112
    2   3   2       0.16883606
    3   1   0       1.38270608
    3   2   1       2.50433799
    3   3   2       0.13257902
    4   1   0       1.36781798
    4   2   1       2.48973892
    4   3   2       0.14640174
    5   1   0       1.35559139
    5   2   1       2.48859668
    5   3   2       0.16164489
    6   1   0       1.34124406
    6   2   1       2.48236517
    6   3   2       0.16487337
    7   1   0       1.35759429
    7   2   1       2.48107218
    7   3   2       0.16247947
    8   1   0       1.37319156
    8   2   1       2.48218136
    8   3   2       0.15200829
    9   1   0       1.38761957
    9   2   1       2.49310449
    9   3   2       0.14830399
   10   1   0       1.38429072
   10   2   1       2.48727006
   10   3   2       0.14039450
   11   1   0       1.35525732
   11   2   1       2.48436091
   11   3   2       0.16776658
   12   1   0       1.36743123
   12   2   1       2.48912253
   12   3   2       0.14957596
   13   1   0       1.33972644
   13   2   1       2.48487624
   13   3   2       0.16665023
   14   1   0       1.36003403
   14   2   1       2.48181141
   14   3   2       0.15779754
   15   1   0       1.37401422
   15   2   1       2.48600926
   15   3   2       0.14455087
   16   1   0       1.32948301
   16   2   1       2.48778739
   16   3   2       0.17037507
   17   1   0       1.33228903
   17   2   1       2.48181477
   17   3   2       0.16924841
   18   1   0       1.34264258
   18   2   1       2.48723619
   18   3   2       0.16328587
   19   1   0       1.35293757
   19   2   1       2.48241783
   19   3   2       0.15887049
   20   1   0       1.37925700
   20   2   1       2.48232994
   20   3   2       0.14343958
   21   1   0       1.34704491
   21   2   1       2.48356242
   21   3   2       0.16405997
   22   1   0       1.35331754
   22   2   1       2.48592125
   22   3   2       0.15595940
   23   1   0       1.34109925
   23   2   1       2.47528974
   23   3   2       0.17134802
   24   1   0       1.34217542
   24   2   1       2.48640707
   24   3   2       0.15833911
   25   1   0       1.36626561
   25   2   1       2.47422259
   25   3   2       0.15710595
   26   1   0       1.36657493
   26   2   1       2.48839111
   26   3   2       0.15129166
   27   1   0       1.34133955
   27   2   1       2.47937586
   27   3   2       0.16102443
   28   1   0       1.36065640
   28   2   1       2.47746005
   28   3   2       0.15953951
   29   1   0       1.36743530
   29   2   1       2.47790441
   29   3   2       0.15449150
   30   1   0       1.37029515
   30   2   1       2.48160753
   30   3   2       0.15399625
   31   1   0       1.34237084
   31   2   1       2.48466646
   31   3   2       0.16237285
   32   1   0       1.36100362
   32   2   1       2.48027907
   32   3   2       0.16206076
   33   1   0       1.35092002
   33   2   1       2.49190942
   33   3   2       0.15950742
   34   1   0       1.37218832
   34   2   1       2.48969079
   34   3   2       0.14764401
   35   1   0       1.35511699
   35   2   1       2.49014632
   35   3   2       0.16210662
   36   1   0       1.31808404
   36   2   1       2.47486112
   36   3   2       0.18377689
   37   1   0       1.36701024
   37   2   1       2.48884504
   37   3   2       0.15366443
   38   1   0       1.35175299
   38   2   1       2.48463918
   38   3   2       0.15340183
   39   1   0       1.34821848
   39   2   1       2.47916764
   39   3   2       0.16683386
   40   1   0       1.37699421
   40   2   1       2.48310663
   40   3   2       0.15173051
   41   1   0       1.36787564
   41   2   1       2.48945931
   41   3   2       0.15543065
   42   1   0       1.35738316
   42   2   1       2.47870339
   42   3   2       0.16696149
   43   1   0       1.38729566
   43   2   1       2.49880853
   43   3   2       0.14002846
   44   1   0       1.36508862
   44   2   1       2.48666794
   44   3   2       0.15325567
   45   1   0       1.37988112
   45   2   1       2.49183943
   45   3   2       0.13962923
   46   1   0       1.32246115
   46   2   1       2.47545833
   46   3   2       0.18002664
   47   1   0       1.36712353
   47   2   1       2.49125828
   47   3   2       0.15127447
   48   1   0       1.34356735
   48   2   1       2.48388642
   48   3   2       0.16355856
   49   1   0       1.31892827
   49   2   1       2.47382069
   49   3   2       0.18328875
   50   1   0       1.35087796
   50   2   1       2.49066801
   50   3   2       0.15218705
   51   1   0       1.34393261
   51   2   1       2.48441268
   51   3   2       0.16270166
   52   1   0       1.36453842
   52   2   1       2.48319660
   52   3   2       0.15691122
   53   1   0       1.36475921
   53   2   1       2.48452095
   53   3   2       0.14649389
   54   1   0       1.35551841
   54   2   1       2.49553483
   54   3   2       0.15011293
   55   1   0       1.34484929
   55   2   1       2.48482267
   55   3   2       0.16003785
   56   1   0       1.35862560
   56   2   1       2.48929418
   56   3   2       0.15602522
   57   1   0       1.36632798
   57   2   1       2.47848531
   57   3   2       0.15698212
   58   1   0       1.35292121
   58   2   1       2.47290539
   58   3   2       0.16910512
   59   1   0       1.37739804
   59   2   1       2.48998987
   59   3   2       0.14123240
   60   1   0       1.33913649
   60   2   1       2.47690668
   60   3   2       0.16712068
   61   1   0       1.37730598
   61   2   1       2.47541623
   61   3   2       0.14698851
   62   1   0       1.39854803
   62   2   1       2.48630743
   62   3   2       0.14185317
   63   1   0       1.33454569
   63   2   1       2.48241333
   63   3   2       0.17145664
   64   1   0       1.37617288
   64   2   1       2.49649790
   64   3   2       0.14162971

Orbital populations (up)
 Atom Sh.   l   m       Population  Label
    1   1   0   0       1.37140887  s
    1   2   1  -1       0.83148608  p_y
    1   2   1   0       0.83410096  p_z
    1   2   1   1       0.83182060  p_x
    1   3   2  -2       0.03613509  d_xy
    1   3   2  -1       0.03642311  d_yz
    1   3   2   0       0.01632930  d_z2
    1   3   2   1       0.03815074  d_xz
    1   3   2   2       0.01813633  d_x2-y2
    2   1   0   0       1.33632319  s
    2   2   1  -1       0.82954731  p_y
    2   2   1   0       0.82540635  p_z
    2   2   1   1       0.82788746  p_x
    2   3   2  -2       0.03861615  d_xy
    2   3   2  -1       0.04392185  d_yz
    2   3   2   0       0.02153381  d_z2
    2   3   2   1       0.04277117  d_xz
    2   3   2   2       0.02199308  d_x2-y2
    3   1   0   0       1.38270608  s
    3   2   1  -1       0.83330753  p_y
    3   2   1   0       0.83722309  p_z
    3   2   1   1       0.83380738  p_x
    3   3   2  -2       0.03473049  d_xy
    3   3   2  -1       0.03527353  d_yz
    3   3   2   0       0.01446050  d_z2
    3   3   2   1       0.03188597  d_xz
    3   3   2   2       0.01622853  d_x2-y2
    4   1   0   0       1.36781798  s
    4   2   1  -1       0.83002670  p_y
    4   2   1   0       0.83065261  p_z
    4   2   1   1       0.82905961  p_x
    4   3   2  -2       0.03597812  d_xy
    4   3   2  -1       0.03649769  d_yz
    4   3   2   0       0.01765009  d_z2
    4   3   2   1       0.03889232  d_xz
    4   3   2   2       0.01738352  d_x2-y2
    5   1   0   0       1.35559139  s
    5   2   1  -1       0.83011548  p_y
    5   2   1   0       0.82812205  p_z
    5   2   1   1       0.83035915  p_x
    5   3   2  -2       0.03793015  d_xy
    5   3   2  -1       0.04150631  d_yz
    5   3   2   0       0.01955210  d_z2
    5   3   2   1       0.04155282  d_xz
    5   3   2   2       0.02110351  d_x2-y2
    6   1   0   0       1.34124406  s
    6   2   1  -1       0.82856072  p_y
    6   2   1   0       0.82709611  p_z
    6   2   1   1       0.82670834  p_x
    6   3   2  -2       0.04091207  d_xy
    6   3   2  -1       0.03833631  d_yz
    6   3   2   0       0.02106069  d_z2
    6   3   2   1       0.04326677  d_xz
    6   3   2   2       0.02129754  d_x2-y2
    7   1   0   0       1.35759429  s
    7   2   1  -1       0.82782480  p_y
    7   2   1   0       0.82561396  p_z
    7   2   1   1       0.82763342  p_x
    7   3   2  -2       0.04186205  d_xy
    7   3   2  -1       0.03785716  d_yz
    7   3   2   0       0.02139546  d_z2
    7   3   2   1       0.04111404  d_xz
    7   3   2   2       0.02025076  d_x2-y2
    8   1   0   0       1.37319156  s
    8   2   1  -1       0.82728669  p_y
    8   2   1   0       0.83012438  p_z
    8   2   1   1       0.82477030  p_x
    8   3   2  -2       0.03903567  d_xy
    8   3   2  -1       0.03793491  d_yz
    8   3   2   0       0.01852243  d_z2
    8   3   2   1       0.03847512  d_xz
    8   3   2   2       0.01804016  d_x2-y2
    9   1   0   0       1.38761957  s
    9   2   1  -1       0.83048514  p_y
    9   2   1   0       0.83359747  p_z
    9   2   1   1       0.82902188  p_x
    9   3   2  -2       0.03975788  d_xy
    9   3   2  -1       0.03836573  d_yz
    9   3   2   0       0.01718236  d_z2
    9   3   2   1       0.03427642  d_xz
    9   3   2   2       0.01872160  d_x2-y2
   10   1   0   0       1.38429072  s
   10   2   1  -1       0.83216694  p_y
   10   2   1   0       0.82449782  p_z
   10   2   1   1       0.83060530  p_x
   10   3   2  -2       0.03425783  d_xy
   10   3   2  -1       0.03653857  d_yz
   10   3   2   0       0.01805940  d_z2
   10   3   2   1       0.03531521  d_xz
   10   3   2   2       0.01622350  d_x2-y2
   11   1   0   0       1.35525732  s
   11   2   1  -1       0.82663975  p_y
   11   2   1   0       0.83007683  p_z
   11   2   1   1       0.82764433  p_x
   11   3   2  -2       0.04319265  d_xy
   11   3   2  -1       0.03915935  d_yz
   11   3   2   0       0.02034900  d_z2
   11   3   2   1       0.04321652  d_xz
   11   3   2   2       0.02184906  d_x2-y2
   12   1   0   0       1.36743123  s
   12   2   1  -1       0.83455828  p_y
   12   2   1   0       0.82471274  p_z
   12   2   1   1       0.82985152  p_x
   12   3   2  -2       0.03701902  d_xy
   12   3   2  -1       0.03851205  d_yz
   12   3   2   0       0.01880804  d_z2
   12   3   2   1       0.03770630  d_xz
   12   3   2   2       0.01753056  d_x2-y2
   13   1   0   0       1.33972644  s
   13   2   1  -1       0.83234862  p_y
   13   2   1   0       0.82519679  p_z
   13   2   1   1       0.82733083  p_x
   13   3   2  -2       0.03690961  d_xy
   13   3   2  -1       0.04220469  d_yz
   13   3   2   0       0.02078794  d_z2
   13   3   2   1       0.04561677  d_xz
   13   3   2   2       0.02113122  d_x2-y2
   14   1   0   0       1.36003403  s
   14   2   1  -1       0.82853940  p_y
   14   2   1   0       0.82537250  p_z
   14   2   1   1       0.82789950  p_x
   14   3   2  -2       0.03922801  d_xy
   14   3   2  -1       0.04224741  d_yz
   14   3   2   0       0.01998611  d_z2
   14   3   2   1       0.03729461  d_xz
   14   3   2   2       0.01904141  d_x2-y2
   15   1   0   0       1.37401422  s
   15   2   1  -1       0.82869313  p_y
   15   2   1   0       0.82694059  p_z
   15   2   1   1       0.83037554  p_x
   15   3   2  -2       0.03632245  d_xy
   15   3   2  -1       0.03607353  d_yz
   15   3   2   0       0.01701133  d_z2
   15   3   2   1       0.03755923  d_xz
   15   3   2   2       0.01758433  d_x2-y2
   16   1   0   0       1.32948301  s
   16   2   1  -1       0.83100316  p_y
   16   2   1   0       0.82723786  p_z
   16   2   1   1       0.82954636  p_x
   16   3   2  -2       0.04295565  d_xy
   16   3   2  -1       0.04053547  d_yz
   16   3   2   0       0.02265271  d_z2
   16   3   2   1       0.04275374  d_xz
   16   3   2   2       0.02147750  d_x2-y2
   17   1   0   0       1.33228903  s
   17   2   1  -1       0.82964665  p_y
   17   2   1   0       0.82785639  p_z
   17   2   1   1       0.82431173  p_x
   17   3   2  -2       0.04363112  d_xy
   17   3   2  -1       0.03843447  d_yz
   17   3   2   0       0.02133711  d_z2
   17   3   2   1       0.04330600  d_xz
   17   3   2   2       0.02253971  d_x2-y2
   18   1   0   0       1.34264258  s
   18   2   1  -1       0.82717075  p_y
   18   2   1   0       0.83102502  p_z
   18   2   1   1       0.82904042  p_x
   18   3   2  -2       0.03791531  d_xy
   18   3   2  -1       0.04303326  d_yz
   18   3   2   0       0.01950257  d_z2
   18   3   2   1       0.04100357  d_xz
   18   3   2   2       0.02183116  d_x2-y2
   19   1   0   0       1.35293757  s
   19   2   1  -1       0.82544838  p_y
   19   2   1   0       0.82710804  p_z
   19   2   1   1       0.82986141  p_x
   19   3   2  -2       0.03804310  d_xy
   19   3   2  -1       0.04582283  d_yz
   19   3   2   0       0.02001503  d_z2
   19   3   2   1       0.03578226  d_xz
   19   3   2   2       0.01920727  d_x2-y2
   20   1   0   0       1.37925700  s
   20   2   1  -1       0.82491382  p_y
   20   2   1   0       0.83167338  p_z
   20   2   1   1       0.82574275  p_x
   20   3   2  -2       0.04017435  d_xy
   20   3   2  -1       0.03366397  d_yz
   20   3   2   0       0.01875403  d_z2
   20   3   2   1       0.03551825  d_xz
   20   3   2   2       0.01532897  d_x2-y2
   21   1   0   0       1.34704491  s
   21   2   1  -1       0.82782717  p_y
   21   2   1   0       0.83192528  p_z
   21   2   1   1       0.82380996  p_x
   21   3   2  -2       0.04133213  d_xy
   21   3   2  -1       0.03809564  d_yz
   21   3   2   0       0.01958432  d_z2
   21   3   2   1       0.04329979  d_xz
   21   3   2   2       0.02174807  d_x2-y2
   22   1   0   0       1.35331754  s
   22   2   1  -1       0.82913085  p_y
   22   2   1   0       0.82979380  p_z
   22   2   1   1       0.82699660  p_x
   22   3   2  -2       0.03957673  d_xy
   22   3   2  -1       0.03578016  d_yz
   22   3   2   0       0.01948029  d_z2
   22   3   2   1       0.04170443  d_xz
   22   3   2   2       0.01941778  d_x2-y2
   23   1   0   0       1.34109925  s
   23   2   1  -1       0.82391995  p_y
   23   2   1   0       0.82612655  p_z
   23   2   1   1       0.82524324  p_x
   23   3   2  -2       0.04272033  d_xy
   23   3   2  -1       0.04099245  d_yz
   23   3   2   0       0.02278805  d_z2
   23   3   2   1       0.04313815  d_xz
   23   3   2   2       0.02170904  d_x2-y2
   24   1   0   0       1.34217542  s
   24   2   1  -1       0.82618442  p_y
   24   2   1   0       0.82924495  p_z
   24   2   1   1       0.83097769  p_x
   24   3   2  -2       0.03917128  d_xy
   24   3   2  -1       0.04258109  d_yz
   24   3   2   0       0.01992608  d_z2
   24   3   2   1       0.03684746  d_xz
   24   3   2   2       0.01981320  d_x2-y2
   25   1   0   0       1.36626561  s
   25   2   1  -1       0.82456890  p_y
   25   2   1   0       0.82079760  p_z
   25   2   1   1       0.82885609  p_x
   25   3   2  -2       0.03881119  d_xy
   25   3   2  -1       0.04083874  d_yz
   25   3   2   0       0.02049588  d_z2
   25   3   2   1       0.03760175  d_xz
   25   3   2   2       0.01935840  d_x2-y2
   26   1   0   0       1.36657493  s
   26   2   1  -1       0.82701592  p_y
   26   2   1   0       0.83132622  p_z
   26   2   1   1       0.83004897  p_x
   26   3   2  -2       0.03779983  d_xy
   26   3   2  -1       0.03969122  d_yz
   26   3   2   0       0.01846981  d_z2
   26   3   2   1       0.03740594  d_xz
   26   3   2   2       0.01792486  d_x2-y2
   27   1   0   0       1.34133955  s
   27   2   1  -1       0.82975399  p_y
   27   2   1   0       0.82620190  p_z
   27   2   1   1       0.82341996  p_x
   27   3   2  -2       0.03645248  d_xy
   27   3   2  -1       0.03909951  d_yz
   27   3   2   0       0.01936959  d_z2
   27   3   2   1       0.04463598  d_xz
   27   3   2   2       0.02146687  d_x2-y2
   28   1   0   0       1.36065640  s
   28   2   1  -1       0.81995569  p_y
   28   2   1   0       0.82989863  p_z
   28   2   1   1       0.82760573  p_x
   28   3   2  -2       0.04550408  d_xy
   28   3   2  -1       0.03810226  d_yz
   28   3   2   0       0.01922909  d_z2
   28   3   2   1       0.03628789  d_xz
   28   3   2   2       0.02041619  d_x2-y2
   29   1   0   0       1.36743530  s
   29   2   1  -1       0.82458112  p_y
   29   2   1   0       0.82980544  p_z
   29   2   1   1       0.82351785  p_x
   29   3   2  -2       0.04124728  d_xy
   29   3   2  -1       0.03943413  d_yz
   29   3   2   0       0.01782476  d_z2
   29   3   2   1       0.03596554  d_xz
   29   3   2   2       0.02001980  d_x2-y2
   30   1   0   0       1.37029515  s
   30   2   1  -1       0.82694176  p_y
   30   2   1   0       0.82484581  p_z
   30   2   1   1       0.82981995  p_x
   30   3   2  -2       0.03751733  d_xy
   30   3   2  -1       0.04139849  d_yz
   30   3   2   0       0.01893995  d_z2
   30   3   2   1       0.03764986  d_xz
   30   3   2   2       0.01849062  d_x2-y2
   31   1   0   0       1.34237084  s
   31   2   1  -1       0.82486832  p_y
   31   2   1   0       0.83214009  p_z
   31   2   1   1       0.82765805  p_x
   31   3   2  -2       0.04458251  d_xy
   31   3   2  -1       0.03815772  d_yz
   31   3   2   0       0.02111031  d_z2
   31   3   2   1       0.03800401  d_xz
   31   3   2   2       0.02051830  d_x2-y2
   32   1   0   0       1.36100362  s
   32   2   1  -1       0.83177372  p_y
   32   2   1   0       0.82167951  p_z
   32   2   1   1       0.82682584  p_x
   32   3   2  -2       0.03763223  d_xy
   32   3   2  -1       0.03766068  d_yz
   32   3   2   0       0.02075191  d_z2
   32   3   2   1       0.04610693  d_xz
   32   3   2   2       0.01990900  d_x2-y2
   33   1   0   0       1.35092002  s
   33   2   1  -1       0.82967648  p_y
   33   2   1   0       0.82888328  p_z
   33   2   1   1       0.83334965  p_x
   33   3   2  -2       0.04159411  d_xy
   33   3   2  -1       0.03863700  d_yz
   33   3   2   0       0.02127584  d_z2
   33   3   2   1       0.03921771  d_xz
   33   3   2   2       0.01878276  d_x2-y2
   34   1   0   0       1.37218832  s
   34   2   1  -1       0.83379708  p_y
   34   2   1   0       0.82851835  p_z
   34   2   1   1       0.82737537  p_x
   34   3   2  -2       0.03910295  d_xy
   34   3   2  -1       0.03539491  d_yz
   34   3   2   0       0.01839893  d_z2
   34   3   2   1       0.03774906  d_xz
   34   3   2   2       0.01699815  d_x2-y2
   35   1   0   0       1.35511699  s
   35   2   1  -1       0.82801381  p_y
   35   2   1   0       0.83286322  p_z
   35   2   1   1       0.82926929  p_x
   35   3   2  -2       0.04164625  d_xy
   35   3   2  -1       0.04207839  d_yz
   35   3   2   0       0.02080123  d_z2
   35   3   2   1       0.03775216  d_xz
   35   3   2   2       0.01982860  d_x2-y2
   36   1   0   0       1.31808404  s
   36   2   1  -1       0.82558884  p_y
   36   2   1   0       0.82502757  p_z
   36   2   1   1       0.82424470  p_x
   36   3   2  -2       0.04358844  d_xy
   36   3   2  -1       0.04602873  d_yz
   36   3   2   0       0.02485623  d_z2
   36   3   2   1       0.04468797  d_xz
   36   3   2   2       0.02461552  d_x2-y2
   37   1   0   0       1.36701024  s
   37   2   1  -1       0.83084565  p_y
   37   2   1   0       0.82866539  p_z
   37   2   1   1       0.82933400  p_x
   37   3   2  -2       0.03825537  d_xy
   37   3   2  -1       0.03899966  d_yz
   37   3   2   0       0.01906849  d_z2
   37   3   2   1       0.03867108  d_xz
   37   3   2   2       0.01866983  d_x2-y2
   38   1   0   0       1.35175299  s
   38   2   1  -1       0.82568702  p_y
   38   2   1   0       0.82971113  p_z
   38   2   1   1       0.82924104  p_x
   38   3   2  -2       0.03665992  d_xy
   38   3   2  -1       0.03991242  d_yz
   38   3   2   0       0.01818420  d_z2
   38   3   2   1       0.03950828  d_xz
   38   3   2   2       0.01913700  d_x2-y2
   39   1   0   0       1.34821848  s
   39   2   1  -1       0.82212118  p_y
   39   2   1   0       0.82689686  p_z
   39   2   1   1       0.83014960  p_x
   39   3   2  -2       0.04374611  d_xy
   39   3   2  -1       0.04029838  d_yz
   39   3   2   0       0.02221904  d_z2
   39   3   2   1       0.03971343  d_xz
   39   3   2   2       0.02085690  d_x2-y2
   40   1   0   0       1.37699421  s
   40   2   1  -1       0.83011786  p_y
   40   2   1   0       0.82853352  p_z
   40   2   1   1       0.82445525  p_x
   40   3   2  -2       0.04020898  d_xy
   40   3   2  -1       0.03514007  d_yz
   40   3   2   0       0.01900010  d_z2
   40   3   2   1       0.03898925  d_xz
   40   3   2   2       0.01839210  d_x2-y2
   41   1   0   0       1.36787564  s
   41   2   1  -1       0.82360567  p_y
   41   2   1   0       0.83582136  p_z
   41   2   1   1       0.83003228  p_x
   41   3   2  -2       0.04043274  d_xy
   41   3   2  -1       0.03959969  d_yz
   41   3   2   0       0.01818923  d_z2
   41   3   2   1       0.03638136  d_xz
   41   3   2   2       0.02082763  d_x2-y2
   42   1   0   0       1.35738316  s
   42   2   1  -1       0.83283459  p_y
   42   2   1   0       0.82379452  p_z
   42   2   1   1       0.82207428  p_x
   42   3   2  -2       0.03865771  d_xy
   42   3   2  -1       0.04008670  d_yz
   42   3   2   0       0.02146251  d_z2
   42   3   2   1       0.04479292  d_xz
   42   3   2   2       0.02196166  d_x2-y2
   43   1   0   0       1.38729566  s
   43   2   1  -1       0.83209924  p_y
   43   2   1   0       0.83834891  p_z
   43   2   1   1       0.82836038  p_x
   43   3   2  -2       0.03605328  d_xy
   43   3   2  -1       0.03567031  d_yz
   43   3   2   0       0.01382844  d_z2
   43   3   2   1       0.03629054  d_xz
   43   3   2   2       0.01818589  d_x2-y2
   44   1   0   0       1.36508862  s
   44   2   1  -1       0.82708377  p_y
   44   2   1   0       0.82714902  p_z
   44   2   1   1       0.83243515  p_x
   44   3   2  -2       0.03797629  d_xy
   44   3   2  -1       0.03992520  d_yz
   44   3   2   0       0.01907261  d_z2
   44   3   2   1       0.03814542  d_xz
   44   3   2   2       0.01813615  d_x2-y2
   45   1   0   0       1.37988112  s
   45   2   1  -1       0.82891282  p_y
   45   2   1   0       0.82890225  p_z
   45   2   1   1       0.83402436  p_x
   45   3   2  -2       0.03081343  d_xy
   45   3   2  -1       0.03843875  d_yz
   45   3   2   0       0.01551599  d_z2
   45   3   2   1       0.03771571  d_xz
   45   3   2   2       0.01714535  d_x2-y2
   46   1   0   0       1.32246115  s
   46   2   1  -1       0.82134864  p_y
   46   2   1   0       0.82694934  p_z
   46   2   1   1       0.82716035  p_x
   46   3   2  -2       0.04278407  d_xy
   46   3   2  -1       0.04822844  d_yz
   46   3   2   0       0.02432563  d_z2
   46   3   2   1       0.04103866  d_xz
   46   3   2   2       0.02364982  d_x2-y2
   47   1   0   0       1.36712353  s
   47   2   1  -1       0.83267722  p_y
   47   2   1   0       0.82917876  p_z
   47   2   1   1       0.82940229  p_x
   47   3   2  -2       0.03782311  d_xy
   47   3   2  -1       0.03740595  d_yz
   47   3   2   0       0.01915801  d_z2
   47   3   2   1       0.03953931  d_xz
   47   3   2   2       0.01734809  d_x2-y2
   48   1   0   0       1.34356735  s
   48   2   1  -1       0.83023183  p_y
   48   2   1   0       0.83146798  p_z
   48   2   1   1       0.82218662  p_x
   48   3   2  -2       0.04721757  d_xy
   48   3   2  -1       0.03565007  d_yz
   48   3   2   0       0.02025747  d_z2
   48   3   2   1       0.03895460  d_xz
   48   3   2   2       0.02147885  d_x2-y2
   49   1   0   0       1.31892827  s
   49   2   1  -1       0.82924318  p_y
   49   2   1   0       0.81992755  p_z
   49   2   1   1       0.82464995  p_x
   49   3   2  -2       0.04266093  d_xy
   49   3   2  -1       0.04064897  d_yz
   49   3   2   0       0.02639324  d_z2
   49   3   2   1       0.04991849  d_xz
   49   3   2   2       0.02366712  d_x2-y2
   50   1   0   0       1.35087796  s
   50   2   1  -1       0.82905488  p_y
   50   2   1   0       0.83184439  p_z
   50   2   1   1       0.82976874  p_x
   50   3   2  -2       0.03944156  d_xy
   50   3   2  -1       0.03749237  d_yz
   50   3   2   0       0.01781584  d_z2
   50   3   2   1       0.03816405  d_xz
   50   3   2   2       0.01927322  d_x2-y2
   51   1   0   0       1.34393261  s
   51   2   1  -1       0.83054474  p_y
   51   2   1   0       0.82422404  p_z
   51   2   1   1       0.82964391  p_x
   51   3   2  -2       0.03804207  d_xy
   51   3   2  -1       0.04403530  d_yz
   51   3   2   0       0.02182210  d_z2
   51   3   2   1       0.03959977  d_xz
   51   3   2   2       0.01920243  d_x2-y2
   52   1   0   0       1.36453842  s
   52   2   1  -1       0.82614153  p_y
   52   2   1   0       0.83111601  p_z
   52   2   1   1       0.82593906  p_x
   52   3   2  -2       0.04063075  d_xy
   52   3   2  -1       0.04002823  d_yz
   52   3   2   0       0.01915206  d_z2
   52   3   2   1       0.03783574  d_xz
   52   3   2   2       0.01926444  d_x2-y2
   53   1   0   0       1.36475921  s
   53   2   1  -1       0.82970668  p_y
   53   2   1   0       0.82782114  p_z
   53   2   1   1       0.82699314  p_x
   53   3   2  -2       0.04067988  d_xy
   53   3   2  -1       0.03587045  d_yz
   53   3   2   0       0.01801176  d_z2
   53   3   2   1       0.03442892  d_xz
   53   3   2   2       0.01750288  d_x2-y2
   54   1   0   0       1.35551841  s
   54   2   1  -1       0.83544381  p_y
   54   2   1   0       0.82748748  p_z
   54   2   1   1       0.83260354  p_x
   54   3   2  -2       0.03634346  d_xy
   54   3   2  -1       0.03491718  d_yz
   54   3   2   0       0.01953293  d_z2
   54   3   2   1       0.04225743  d_xz
   54   3   2   2       0.01706193  d_x2-y2
   55   1   0   0       1.34484929  s
   55   2   1  -1       0.83125961  p_y
   55   2   1   0       0.82777484  p_z
   55   2   1   1       0.82578823  p_x
   55   3   2  -2       0.03945526  d_xy
   55   3   2  -1       0.03932773  d_yz
   55   3   2   0       0.02086877  d_z2
   55   3   2   1       0.03994407  d_xz
   55   3   2   2       0.02044202  d_x2-y2
   56   1   0   0       1.35862560  s
   56   2   1  -1       0.83014050  p_y
   56   2   1   0       0.82969967  p_z
   56   2   1   1       0.82945401  p_x
   56   3   2  -2       0.03725386  d_xy
   56   3   2  -1       0.04120122  d_yz
   56   3   2   0       0.01911176  d_z2
   56   3   2   1       0.03914126  d_xz
   56   3   2   2       0.01931712  d_x2-y2
   57   1   0   0       1.36632798  s
   57   2   1  -1       0.82869164  p_y
   57   2   1   0       0.82097502  p_z
   57   2   1   1       0.82881865  p_x
   57   3   2  -2       0.03799921  d_xy
   57   3   2  -1       0.04296911  d_yz
   57   3   2   0       0.02029944  d_z2
   57   3   2   1       0.03739895  d_xz
   57   3   2   2       0.01831542  d_x2-y2
   58   1   0   0       1.35292121  s
   58   2   1  -1       0.81981211  p_y
   58   2   1   0       0.82767476  p_z
   58   2   1   1       0.82541852  p_x
   58   3   2  -2       0.04240541  d_xy
   58   3   2  -1       0.04429189  d_yz
   58   3   2   0       0.02096496  d_z2
   58   3   2   1       0.03906328  d_xz
   58   3   2   2       0.02237959  d_x2-y2
   59   1   0   0       1.37739804  s
   59   2   1  -1       0.83181422  p_y
   59   2   1   0       0.82613847  p_z
   59   2   1   1       0.83203718  p_x
   59   3   2  -2       0.03404006  d_xy
   59   3   2  -1       0.03455845  d_yz
   59   3   2   0       0.01684156  d_z2
   59   3   2   1       0.03956642  d_xz
   59   3   2   2       0.01622591  d_x2-y2
   60   1   0   0       1.33913649  s
   60   2   1  -1       0.82348517  p_y
   60   2   1   0       0.82667969  p_z
   60   2   1   1       0.82674182  p_x
   60   3   2  -2       0.04359636  d_xy
   60   3   2  -1       0.03974091  d_yz
   60   3   2   0       0.02186475  d_z2
   60   3   2   1       0.04068381  d_xz
   60   3   2   2       0.02123486  d_x2-y2
   61   1   0   0       1.37730598  s
   61   2   1  -1       0.82210485  p_y
   61   2   1   0       0.83146333  p_z
   61   2   1   1       0.82184805  p_x
   61   3   2  -2       0.03765868  d_xy
   61   3   2  -1       0.03465533  d_yz
   61   3   2   0       0.01684891  d_z2
   61   3   2   1       0.03932186  d_xz
   61   3   2   2       0.01850374  d_x2-y2
   62   1   0   0       1.39854803  s
   62   2   1  -1       0.82709468  p_y
   62   2   1   0       0.82645411  p_z
   62   2   1   1       0.83275864  p_x
   62   3   2  -2       0.03553743  d_xy
   62   3   2  -1       0.04112314  d_yz
   62   3   2   0       0.01692938  d_z2
   62   3   2   1       0.03258464  d_xz
   62   3   2   2       0.01567859  d_x2-y2
   63   1   0   0       1.33454569  s
   63   2   1  -1       0.82460862  p_y
   63   2   1   0       0.82755354  p_z
   63   2   1   1       0.83025116  p_x
   63   3   2  -2       0.03878454  d_xy
   63   3   2  -1       0.04545545  d_yz
   63   3   2   0       0.02118769  d_z2
   63   3   2   1       0.04221477  d_xz
   63   3   2   2       0.02381420  d_x2-y2
   64   1   0   0       1.37617288  s
   64   2   1  -1       0.83458598  p_y
   64   2   1   0       0.83204900  p_z
   64   2   1   1       0.82986293  p_x
   64   3   2  -2       0.03683930  d_xy
   64   3   2  -1       0.03218547  d_yz
   64   3   2   0       0.01614537  d_z2
   64   3   2   1       0.03918667  d_xz
   64   3   2   2       0.01727290  d_x2-y2

Fermi level:                        -0.1333932199 H           -3.6298 eV
Band energy:                       -88.1919994344 H        -2399.8264 eV
TS:                                  0.0000000000 H            0.0000 eV
Band free energy (E-TS):           -88.1919994344 H        -2399.8264 eV
Extrapolated E(0K):                -88.1919994344 H        -2399.8264 eV
Input / Output electrons (q):    256.0000000000    256.0000000000

Energy H0:                         -88.1817393130 H        -2399.5472 eV
Energy SCC:                          0.0004244226 H            0.0115 eV
Total Electronic energy:           -88.1813148904 H        -2399.5357 eV
Repulsive energy:                    0.0000000000 H            0.0000 eV
Total energy:                      -88.1813148904 H        -2399.5357 eV
Extrapolated to 0:                 -88.1813148904 H        -2399.5357 eV
Total Mermin free energy:          -88.1813148904 H        -2399.5357 eV
Force related energy:              -88.1813148904 H        -2399.5357 eV

Non-constrained calculation

SCC converged

Warning: dipole moment is not defined absolutely!
Dipole moment:   -0.79563960    0.57171385   -0.42629098 au
Dipole moment:   -2.02231431    1.45315176   -1.08352367 Debye


