 Fermi distribution function

Calculation with static geometry


********************************************************************************
 iSCC Total electronic   Diff electronic      SCC error    
    9   -0.88111698E+02   -0.14520083E-08    0.65861564E-05
********************************************************************************

 Total charge:    -0.00000000

 Atomic gross charges (e)
 Atom           Charge
    1      -0.00947836
    2       0.00135500
    3      -0.01686632
    4      -0.00548714
    5      -0.00541805
    6       0.01189416
    7       0.00542043
    8      -0.00860231
    9      -0.01133683
   10      -0.00056100
   11       0.00219150
   12      -0.00110165
   13      -0.01732252
   14      -0.00777500
   15      -0.01952906
   16       0.00364041
   17       0.00648243
   18      -0.00009863
   19       0.02174155
   20       0.00031958
   21       0.00027818
   22      -0.00225476
   23       0.00052310
   24      -0.00208337
   25       0.01858697
   26      -0.00206536
   27       0.00950129
   28      -0.00375352
   29       0.00549937
   30       0.00332071
   31       0.00781201
   32       0.00588199
   33      -0.01977714
   34      -0.01219374
   35      -0.02717892
   36       0.00686867
   37       0.00438913
   38      -0.01000021
   39      -0.01084323
   40      -0.00041117
   41      -0.00397142
   42      -0.00460356
   43      -0.00536388
   44      -0.00611267
   45      -0.00460024
   46       0.01631583
   47       0.00974854
   48      -0.00850229
   49       0.02175792
   50       0.00370598
   51       0.00011820
   52      -0.00825029
   53      -0.01076472
   54       0.00108239
   55       0.01627855
   56       0.01247191
   57       0.01985661
   58       0.00146258
   59       0.00902983
   60      -0.00040254
   61       0.01374339
   62       0.00200507
   63       0.01803063
   64      -0.01460402

Nr. of electrons (up):    256.00000000
Atom populations (up)
 Atom       Population
    1       4.00947836
    2       3.99864500
    3       4.01686632
    4       4.00548714
    5       4.00541805
    6       3.98810584
    7       3.99457957
    8       4.00860231
    9       4.01133683
   10       4.00056100
   11       3.99780850
   12       4.00110165
   13       4.01732252
   14       4.00777500
   15       4.01952906
   16       3.99635959
   17       3.99351757
   18       4.00009863
   19       3.97825845
   20       3.99968042
   21       3.99972182
   22       4.00225476
   23       3.99947690
   24       4.00208337
   25       3.98141303
   26       4.00206536
   27       3.99049871
   28       4.00375352
   29       3.99450063
   30       3.99667929
   31       3.99218799
   32       3.99411801
   33       4.01977714
   34       4.01219374
   35       4.02717892
   36       3.99313133
   37       3.99561087
   38       4.01000021
   39       4.01084323
   40       4.00041117
   41       4.00397142
   42       4.00460356
   43       4.00536388
   44       4.00611267
   45       4.00460024
   46       3.98368417
   47       3.99025146
   48       4.00850229
   49       3.97824208
   50       3.99629402
   51       3.99988180
   52       4.00825029
   53       4.01076472
   54       3.99891761
   55       3.98372145
   56       3.98752809
   57       3.98014339
   58       3.99853742
   59       3.99097017
   60       4.00040254
   61       3.98625661
   62       3.99799493
   63       3.98196937
   64       4.01460402

l-shell populations (up)
 Atom Sh.   l       Population
    1   1   0       1.37379100
    1   2   1       2.48431068
    1   3   2       0.15137668
    2   1   0       1.34838489
    2   2   1       2.47822929
    2   3   2       0.17203083
    3   1   0       1.38281852
    3   2   1       2.48599374
    3   3   2       0.14805407
    4   1   0       1.35804198
    4   2   1       2.48423871
    4   3   2       0.16320645
    5   1   0       1.37209496
    5   2   1       2.47493188
    5   3   2       0.15839120
    6   1   0       1.35751143
    6   2   1       2.46561806
    6   3   2       0.16497635
    7   1   0       1.33472984
    7   2   1       2.49102868
    7   3   2       0.16882104
    8   1   0       1.37381180
    8   2   1       2.48895145
    8   3   2       0.14583906
    9   1   0       1.36374177
    9   2   1       2.49112778
    9   3   2       0.15646729
   10   1   0       1.35139654
   10   2   1       2.48877111
   10   3   2       0.16039335
   11   1   0       1.34167605
   11   2   1       2.49079233
   11   3   2       0.16534012
   12   1   0       1.36338622
   12   2   1       2.47528994
   12   3   2       0.16242548
   13   1   0       1.36541767
   13   2   1       2.50024418
   13   3   2       0.15166066
   14   1   0       1.37289873
   14   2   1       2.48925866
   14   3   2       0.14561761
   15   1   0       1.38601971
   15   2   1       2.49057147
   15   3   2       0.14293789
   16   1   0       1.35291209
   16   2   1       2.47602546
   16   3   2       0.16742205
   17   1   0       1.35089332
   17   2   1       2.48141996
   17   3   2       0.16120430
   18   1   0       1.34971025
   18   2   1       2.48515936
   18   3   2       0.16522902
   19   1   0       1.34236570
   19   2   1       2.45767241
   19   3   2       0.17822034
   20   1   0       1.35129698
   20   2   1       2.49118209
   20   3   2       0.15720135
   21   1   0       1.36602813
   21   2   1       2.48079654
   21   3   2       0.15289714
   22   1   0       1.36756900
   22   2   1       2.47849563
   22   3   2       0.15619012
   23   1   0       1.35486040
   23   2   1       2.49166717
   23   3   2       0.15294933
   24   1   0       1.37140551
   24   2   1       2.48136041
   24   3   2       0.14931746
   25   1   0       1.33608102
   25   2   1       2.47682112
   25   3   2       0.16851089
   26   1   0       1.36566043
   26   2   1       2.48434986
   26   3   2       0.15205507
   27   1   0       1.35690196
   27   2   1       2.47547551
   27   3   2       0.15812124
   28   1   0       1.37084374
   28   2   1       2.47960746
   28   3   2       0.15330232
   29   1   0       1.35370477
   29   2   1       2.48889542
   29   3   2       0.15190043
   30   1   0       1.35466268
   30   2   1       2.48273117
   30   3   2       0.15928544
   31   1   0       1.37542083
   31   2   1       2.46656398
   31   3   2       0.15020318
   32   1   0       1.37000812
   32   2   1       2.46249627
   32   3   2       0.16161362
   33   1   0       1.38995722
   33   2   1       2.48645864
   33   3   2       0.14336128
   34   1   0       1.37731361
   34   2   1       2.48475416
   34   3   2       0.15012596
   35   1   0       1.39383694
   35   2   1       2.49401278
   35   3   2       0.13932920
   36   1   0       1.34669346
   36   2   1       2.47690983
   36   3   2       0.16952804
   37   1   0       1.35720518
   37   2   1       2.46401060
   37   3   2       0.17439508
   38   1   0       1.37208723
   38   2   1       2.48383413
   38   3   2       0.15407886
   39   1   0       1.36827399
   39   2   1       2.49127254
   39   3   2       0.15129670
   40   1   0       1.35809623
   40   2   1       2.48772516
   40   3   2       0.15458977
   41   1   0       1.36840593
   41   2   1       2.47623886
   41   3   2       0.15932663
   42   1   0       1.36734946
   42   2   1       2.48293246
   42   3   2       0.15432164
   43   1   0       1.35776793
   43   2   1       2.49873218
   43   3   2       0.14886377
   44   1   0       1.36534577
   44   2   1       2.48797163
   44   3   2       0.15279526
   45   1   0       1.37275040
   45   2   1       2.47871328
   45   3   2       0.15313656
   46   1   0       1.33007964
   46   2   1       2.47340942
   46   3   2       0.18019511
   47   1   0       1.34401717
   47   2   1       2.47344728
   47   3   2       0.17278701
   48   1   0       1.37587281
   48   2   1       2.47709999
   48   3   2       0.15552949
   49   1   0       1.32672223
   49   2   1       2.47693645
   49   3   2       0.17458341
   50   1   0       1.36371972
   50   2   1       2.48179768
   50   3   2       0.15077663
   51   1   0       1.37039531
   51   2   1       2.47621922
   51   3   2       0.15326726
   52   1   0       1.38069119
   52   2   1       2.48088729
   52   3   2       0.14667182
   53   1   0       1.38846039
   53   2   1       2.47591812
   53   3   2       0.14638622
   54   1   0       1.35473687
   54   2   1       2.48101800
   54   3   2       0.16316273
   55   1   0       1.34227492
   55   2   1       2.47995194
   55   3   2       0.16149459
   56   1   0       1.33477335
   56   2   1       2.47803997
   56   3   2       0.17471476
   57   1   0       1.34070440
   57   2   1       2.47176049
   57   3   2       0.16767850
   58   1   0       1.35727670
   58   2   1       2.48426174
   58   3   2       0.15699898
   59   1   0       1.34919414
   59   2   1       2.48449557
   59   3   2       0.15728045
   60   1   0       1.36041179
   60   2   1       2.47921798
   60   3   2       0.16077277
   61   1   0       1.34670602
   61   2   1       2.47494763
   61   3   2       0.16460296
   62   1   0       1.35694410
   62   2   1       2.48177881
   62   3   2       0.15927203
   63   1   0       1.33502257
   63   2   1       2.47062752
   63   3   2       0.17631928
   64   1   0       1.38122089
   64   2   1       2.48434233
   64   3   2       0.14904081

Orbital populations (up)
 Atom Sh.   l   m       Population  Label
    1   1   0   0       1.37379100  s
    1   2   1  -1       0.82615281  p_y
    1   2   1   0       0.83030171  p_z
    1   2   1   1       0.82785616  p_x
    1   3   2  -2       0.04029552  d_xy
    1   3   2  -1       0.03626083  d_yz
    1   3   2   0       0.01929335  d_z2
    1   3   2   1       0.03776493  d_xz
    1   3   2   2       0.01776204  d_x2-y2
    2   1   0   0       1.34838489  s
    2   2   1  -1       0.83124558  p_y
    2   2   1   0       0.82055962  p_z
    2   2   1   1       0.82642408  p_x
    2   3   2  -2       0.03803953  d_xy
    2   3   2  -1       0.04385496  d_yz
    2   3   2   0       0.02281570  d_z2
    2   3   2   1       0.04616787  d_xz
    2   3   2   2       0.02115276  d_x2-y2
    3   1   0   0       1.38281852  s
    3   2   1  -1       0.82772725  p_y
    3   2   1   0       0.83049331  p_z
    3   2   1   1       0.82777318  p_x
    3   3   2  -2       0.03762929  d_xy
    3   3   2  -1       0.03677783  d_yz
    3   3   2   0       0.01767923  d_z2
    3   3   2   1       0.03798719  d_xz
    3   3   2   2       0.01798052  d_x2-y2
    4   1   0   0       1.35804198  s
    4   2   1  -1       0.83356611  p_y
    4   2   1   0       0.82133071  p_z
    4   2   1   1       0.82934189  p_x
    4   3   2  -2       0.03933077  d_xy
    4   3   2  -1       0.03896406  d_yz
    4   3   2   0       0.02168167  d_z2
    4   3   2   1       0.04427712  d_xz
    4   3   2   2       0.01895283  d_x2-y2
    5   1   0   0       1.37209496  s
    5   2   1  -1       0.83380537  p_y
    5   2   1   0       0.81423322  p_z
    5   2   1   1       0.82689329  p_x
    5   3   2  -2       0.03572651  d_xy
    5   3   2  -1       0.03742955  d_yz
    5   3   2   0       0.02074090  d_z2
    5   3   2   1       0.04639514  d_xz
    5   3   2   2       0.01809910  d_x2-y2
    6   1   0   0       1.35751143  s
    6   2   1  -1       0.82001879  p_y
    6   2   1   0       0.82207693  p_z
    6   2   1   1       0.82352233  p_x
    6   3   2  -2       0.04150178  d_xy
    6   3   2  -1       0.04118744  d_yz
    6   3   2   0       0.02351047  d_z2
    6   3   2   1       0.03915650  d_xz
    6   3   2   2       0.01962016  d_x2-y2
    7   1   0   0       1.33472984  s
    7   2   1  -1       0.83098479  p_y
    7   2   1   0       0.82622139  p_z
    7   2   1   1       0.83382251  p_x
    7   3   2  -2       0.03771921  d_xy
    7   3   2  -1       0.04564469  d_yz
    7   3   2   0       0.02233053  d_z2
    7   3   2   1       0.04153152  d_xz
    7   3   2   2       0.02159509  d_x2-y2
    8   1   0   0       1.37381180  s
    8   2   1  -1       0.82682220  p_y
    8   2   1   0       0.83227925  p_z
    8   2   1   1       0.82985000  p_x
    8   3   2  -2       0.03796747  d_xy
    8   3   2  -1       0.03738958  d_yz
    8   3   2   0       0.01720155  d_z2
    8   3   2   1       0.03531102  d_xz
    8   3   2   2       0.01796945  d_x2-y2
    9   1   0   0       1.36374177  s
    9   2   1  -1       0.82343900  p_y
    9   2   1   0       0.83931953  p_z
    9   2   1   1       0.82836925  p_x
    9   3   2  -2       0.04153372  d_xy
    9   3   2  -1       0.03842784  d_yz
    9   3   2   0       0.01774420  d_z2
    9   3   2   1       0.03755143  d_xz
    9   3   2   2       0.02121009  d_x2-y2
   10   1   0   0       1.35139654  s
   10   2   1  -1       0.83439594  p_y
   10   2   1   0       0.82578598  p_z
   10   2   1   1       0.82858920  p_x
   10   3   2  -2       0.03737897  d_xy
   10   3   2  -1       0.04115143  d_yz
   10   3   2   0       0.02062652  d_z2
   10   3   2   1       0.04084028  d_xz
   10   3   2   2       0.02039615  d_x2-y2
   11   1   0   0       1.34167605  s
   11   2   1  -1       0.82893894  p_y
   11   2   1   0       0.83145256  p_z
   11   2   1   1       0.83040083  p_x
   11   3   2  -2       0.04121748  d_xy
   11   3   2  -1       0.04221794  d_yz
   11   3   2   0       0.02163691  d_z2
   11   3   2   1       0.03954371  d_xz
   11   3   2   2       0.02072409  d_x2-y2
   12   1   0   0       1.36338622  s
   12   2   1  -1       0.83009296  p_y
   12   2   1   0       0.81450149  p_z
   12   2   1   1       0.83069550  p_x
   12   3   2  -2       0.03753102  d_xy
   12   3   2  -1       0.04270642  d_yz
   12   3   2   0       0.02204049  d_z2
   12   3   2   1       0.04094475  d_xz
   12   3   2   2       0.01920280  d_x2-y2
   13   1   0   0       1.36541767  s
   13   2   1  -1       0.83472365  p_y
   13   2   1   0       0.82949598  p_z
   13   2   1   1       0.83602455  p_x
   13   3   2  -2       0.03967407  d_xy
   13   3   2  -1       0.04001126  d_yz
   13   3   2   0       0.01852272  d_z2
   13   3   2   1       0.03538157  d_xz
   13   3   2   2       0.01807104  d_x2-y2
   14   1   0   0       1.37289873  s
   14   2   1  -1       0.83105090  p_y
   14   2   1   0       0.82609734  p_z
   14   2   1   1       0.83211041  p_x
   14   3   2  -2       0.03620069  d_xy
   14   3   2  -1       0.03654270  d_yz
   14   3   2   0       0.01848199  d_z2
   14   3   2   1       0.03828390  d_xz
   14   3   2   2       0.01610833  d_x2-y2
   15   1   0   0       1.38601971  s
   15   2   1  -1       0.83113033  p_y
   15   2   1   0       0.82899464  p_z
   15   2   1   1       0.83044650  p_x
   15   3   2  -2       0.03538965  d_xy
   15   3   2  -1       0.03636025  d_yz
   15   3   2   0       0.01692127  d_z2
   15   3   2   1       0.03759840  d_xz
   15   3   2   2       0.01666832  d_x2-y2
   16   1   0   0       1.35291209  s
   16   2   1  -1       0.82608687  p_y
   16   2   1   0       0.83008252  p_z
   16   2   1   1       0.81985607  p_x
   16   3   2  -2       0.04022994  d_xy
   16   3   2  -1       0.04119198  d_yz
   16   3   2   0       0.02179822  d_z2
   16   3   2   1       0.04282269  d_xz
   16   3   2   2       0.02137921  d_x2-y2
   17   1   0   0       1.35089332  s
   17   2   1  -1       0.82598560  p_y
   17   2   1   0       0.82868354  p_z
   17   2   1   1       0.82675083  p_x
   17   3   2  -2       0.03752308  d_xy
   17   3   2  -1       0.04343978  d_yz
   17   3   2   0       0.02045717  d_z2
   17   3   2   1       0.03952502  d_xz
   17   3   2   2       0.02025924  d_x2-y2
   18   1   0   0       1.34971025  s
   18   2   1  -1       0.82552421  p_y
   18   2   1   0       0.83321261  p_z
   18   2   1   1       0.82642254  p_x
   18   3   2  -2       0.04824117  d_xy
   18   3   2  -1       0.03749415  d_yz
   18   3   2   0       0.02132511  d_z2
   18   3   2   1       0.03720588  d_xz
   18   3   2   2       0.02096271  d_x2-y2
   19   1   0   0       1.34236570  s
   19   2   1  -1       0.81947481  p_y
   19   2   1   0       0.82505587  p_z
   19   2   1   1       0.81314173  p_x
   19   3   2  -2       0.04317142  d_xy
   19   3   2  -1       0.03935840  d_yz
   19   3   2   0       0.02441636  d_z2
   19   3   2   1       0.04847194  d_xz
   19   3   2   2       0.02280222  d_x2-y2
   20   1   0   0       1.35129698  s
   20   2   1  -1       0.82624949  p_y
   20   2   1   0       0.83240986  p_z
   20   2   1   1       0.83252274  p_x
   20   3   2  -2       0.04249567  d_xy
   20   3   2  -1       0.04235870  d_yz
   20   3   2   0       0.01941771  d_z2
   20   3   2   1       0.03277530  d_xz
   20   3   2   2       0.02015397  d_x2-y2
   21   1   0   0       1.36602813  s
   21   2   1  -1       0.82319028  p_y
   21   2   1   0       0.83103980  p_z
   21   2   1   1       0.82656646  p_x
   21   3   2  -2       0.04186967  d_xy
   21   3   2  -1       0.03827048  d_yz
   21   3   2   0       0.01996784  d_z2
   21   3   2   1       0.03427357  d_xz
   21   3   2   2       0.01851558  d_x2-y2
   22   1   0   0       1.36756900  s
   22   2   1  -1       0.82146875  p_y
   22   2   1   0       0.82986867  p_z
   22   2   1   1       0.82715822  p_x
   22   3   2  -2       0.03457736  d_xy
   22   3   2  -1       0.04389979  d_yz
   22   3   2   0       0.02007389  d_z2
   22   3   2   1       0.03714043  d_xz
   22   3   2   2       0.02049866  d_x2-y2
   23   1   0   0       1.35486040  s
   23   2   1  -1       0.82681567  p_y
   23   2   1   0       0.83527714  p_z
   23   2   1   1       0.82957437  p_x
   23   3   2  -2       0.04255218  d_xy
   23   3   2  -1       0.03707494  d_yz
   23   3   2   0       0.01877760  d_z2
   23   3   2   1       0.03557649  d_xz
   23   3   2   2       0.01896813  d_x2-y2
   24   1   0   0       1.37140551  s
   24   2   1  -1       0.83518580  p_y
   24   2   1   0       0.82214184  p_z
   24   2   1   1       0.82403276  p_x
   24   3   2  -2       0.03681575  d_xy
   24   3   2  -1       0.03264037  d_yz
   24   3   2   0       0.01976982  d_z2
   24   3   2   1       0.04287255  d_xz
   24   3   2   2       0.01721897  d_x2-y2
   25   1   0   0       1.33608102  s
   25   2   1  -1       0.82767269  p_y
   25   2   1   0       0.82623587  p_z
   25   2   1   1       0.82291256  p_x
   25   3   2  -2       0.04293261  d_xy
   25   3   2  -1       0.03957659  d_yz
   25   3   2   0       0.02166049  d_z2
   25   3   2   1       0.04277213  d_xz
   25   3   2   2       0.02156908  d_x2-y2
   26   1   0   0       1.36566043  s
   26   2   1  -1       0.82902628  p_y
   26   2   1   0       0.83143683  p_z
   26   2   1   1       0.82388675  p_x
   26   3   2  -2       0.04015569  d_xy
   26   3   2  -1       0.03335345  d_yz
   26   3   2   0       0.01710803  d_z2
   26   3   2   1       0.04186111  d_xz
   26   3   2   2       0.01957679  d_x2-y2
   27   1   0   0       1.35690196  s
   27   2   1  -1       0.82578116  p_y
   27   2   1   0       0.82828623  p_z
   27   2   1   1       0.82140812  p_x
   27   3   2  -2       0.04452709  d_xy
   27   3   2  -1       0.03987636  d_yz
   27   3   2   0       0.01989842  d_z2
   27   3   2   1       0.03452422  d_xz
   27   3   2   2       0.01929515  d_x2-y2
   28   1   0   0       1.37084374  s
   28   2   1  -1       0.82397153  p_y
   28   2   1   0       0.82994879  p_z
   28   2   1   1       0.82568713  p_x
   28   3   2  -2       0.03422564  d_xy
   28   3   2  -1       0.04143966  d_yz
   28   3   2   0       0.01762228  d_z2
   28   3   2   1       0.04058187  d_xz
   28   3   2   2       0.01943287  d_x2-y2
   29   1   0   0       1.35370477  s
   29   2   1  -1       0.82484833  p_y
   29   2   1   0       0.83708631  p_z
   29   2   1   1       0.82696078  p_x
   29   3   2  -2       0.04255298  d_xy
   29   3   2  -1       0.03374878  d_yz
   29   3   2   0       0.01723428  d_z2
   29   3   2   1       0.03877851  d_xz
   29   3   2   2       0.01958589  d_x2-y2
   30   1   0   0       1.35466268  s
   30   2   1  -1       0.82853340  p_y
   30   2   1   0       0.82685032  p_z
   30   2   1   1       0.82734745  p_x
   30   3   2  -2       0.04069838  d_xy
   30   3   2  -1       0.03646737  d_yz
   30   3   2   0       0.02117081  d_z2
   30   3   2   1       0.04165772  d_xz
   30   3   2   2       0.01929116  d_x2-y2
   31   1   0   0       1.37542083  s
   31   2   1  -1       0.82328689  p_y
   31   2   1   0       0.82185588  p_z
   31   2   1   1       0.82142122  p_x
   31   3   2  -2       0.03765333  d_xy
   31   3   2  -1       0.03922294  d_yz
   31   3   2   0       0.01756495  d_z2
   31   3   2   1       0.03710929  d_xz
   31   3   2   2       0.01865267  d_x2-y2
   32   1   0   0       1.37000812  s
   32   2   1  -1       0.81714331  p_y
   32   2   1   0       0.82720270  p_z
   32   2   1   1       0.81815026  p_x
   32   3   2  -2       0.04373805  d_xy
   32   3   2  -1       0.04093505  d_yz
   32   3   2   0       0.02111071  d_z2
   32   3   2   1       0.03561483  d_xz
   32   3   2   2       0.02021498  d_x2-y2
   33   1   0   0       1.38995722  s
   33   2   1  -1       0.82151392  p_y
   33   2   1   0       0.83463627  p_z
   33   2   1   1       0.83030845  p_x
   33   3   2  -2       0.04008157  d_xy
   33   3   2  -1       0.03447229  d_yz
   33   3   2   0       0.01489991  d_z2
   33   3   2   1       0.03506179  d_xz
   33   3   2   2       0.01884572  d_x2-y2
   34   1   0   0       1.37731361  s
   34   2   1  -1       0.83033312  p_y
   34   2   1   0       0.82834179  p_z
   34   2   1   1       0.82607925  p_x
   34   3   2  -2       0.03269551  d_xy
   34   3   2  -1       0.04028284  d_yz
   34   3   2   0       0.01693659  d_z2
   34   3   2   1       0.04150153  d_xz
   34   3   2   2       0.01870949  d_x2-y2
   35   1   0   0       1.39383694  s
   35   2   1  -1       0.82963446  p_y
   35   2   1   0       0.83235394  p_z
   35   2   1   1       0.83202437  p_x
   35   3   2  -2       0.03761817  d_xy
   35   3   2  -1       0.03504097  d_yz
   35   3   2   0       0.01655721  d_z2
   35   3   2   1       0.03471898  d_xz
   35   3   2   2       0.01539386  d_x2-y2
   36   1   0   0       1.34669346  s
   36   2   1  -1       0.82398155  p_y
   36   2   1   0       0.82825417  p_z
   36   2   1   1       0.82467410  p_x
   36   3   2  -2       0.04438578  d_xy
   36   3   2  -1       0.03764939  d_yz
   36   3   2   0       0.02139468  d_z2
   36   3   2   1       0.04381718  d_xz
   36   3   2   2       0.02228102  d_x2-y2
   37   1   0   0       1.35720518  s
   37   2   1  -1       0.82049860  p_y
   37   2   1   0       0.82657397  p_z
   37   2   1   1       0.81693803  p_x
   37   3   2  -2       0.04486112  d_xy
   37   3   2  -1       0.03973921  d_yz
   37   3   2   0       0.02634392  d_z2
   37   3   2   1       0.04326202  d_xz
   37   3   2   2       0.02018880  d_x2-y2
   38   1   0   0       1.37208723  s
   38   2   1  -1       0.82385732  p_y
   38   2   1   0       0.83537751  p_z
   38   2   1   1       0.82459930  p_x
   38   3   2  -2       0.04496423  d_xy
   38   3   2  -1       0.03436251  d_yz
   38   3   2   0       0.01836073  d_z2
   38   3   2   1       0.03633274  d_xz
   38   3   2   2       0.02005865  d_x2-y2
   39   1   0   0       1.36827399  s
   39   2   1  -1       0.83062978  p_y
   39   2   1   0       0.83124891  p_z
   39   2   1   1       0.82939385  p_x
   39   3   2  -2       0.03630992  d_xy
   39   3   2  -1       0.03817799  d_yz
   39   3   2   0       0.01887002  d_z2
   39   3   2   1       0.04005180  d_xz
   39   3   2   2       0.01788698  d_x2-y2
   40   1   0   0       1.35809623  s
   40   2   1  -1       0.82842090  p_y
   40   2   1   0       0.83206469  p_z
   40   2   1   1       0.82723957  p_x
   40   3   2  -2       0.03866179  d_xy
   40   3   2  -1       0.04174569  d_yz
   40   3   2   0       0.01816662  d_z2
   40   3   2   1       0.03646675  d_xz
   40   3   2   2       0.01954892  d_x2-y2
   41   1   0   0       1.36840593  s
   41   2   1  -1       0.82402154  p_y
   41   2   1   0       0.83406921  p_z
   41   2   1   1       0.81814811  p_x
   41   3   2  -2       0.04163368  d_xy
   41   3   2  -1       0.03892961  d_yz
   41   3   2   0       0.02105911  d_z2
   41   3   2   1       0.03698650  d_xz
   41   3   2   2       0.02071773  d_x2-y2
   42   1   0   0       1.36734946  s
   42   2   1  -1       0.83258025  p_y
   42   2   1   0       0.82144821  p_z
   42   2   1   1       0.82890400  p_x
   42   3   2  -2       0.03691547  d_xy
   42   3   2  -1       0.04273259  d_yz
   42   3   2   0       0.02113523  d_z2
   42   3   2   1       0.03573583  d_xz
   42   3   2   2       0.01780252  d_x2-y2
   43   1   0   0       1.35776793  s
   43   2   1  -1       0.83050022  p_y
   43   2   1   0       0.83664017  p_z
   43   2   1   1       0.83159178  p_x
   43   3   2  -2       0.03939206  d_xy
   43   3   2  -1       0.03756447  d_yz
   43   3   2   0       0.01686532  d_z2
   43   3   2   1       0.03595666  d_xz
   43   3   2   2       0.01908526  d_x2-y2
   44   1   0   0       1.36534577  s
   44   2   1  -1       0.82620226  p_y
   44   2   1   0       0.83214473  p_z
   44   2   1   1       0.82962465  p_x
   44   3   2  -2       0.04376630  d_xy
   44   3   2  -1       0.03601637  d_yz
   44   3   2   0       0.01912657  d_z2
   44   3   2   1       0.03472010  d_xz
   44   3   2   2       0.01916592  d_x2-y2
   45   1   0   0       1.37275040  s
   45   2   1  -1       0.82717716  p_y
   45   2   1   0       0.82441101  p_z
   45   2   1   1       0.82712510  p_x
   45   3   2  -2       0.04078207  d_xy
   45   3   2  -1       0.03774916  d_yz
   45   3   2   0       0.01914616  d_z2
   45   3   2   1       0.03748317  d_xz
   45   3   2   2       0.01797598  d_x2-y2
   46   1   0   0       1.33007964  s
   46   2   1  -1       0.82113243  p_y
   46   2   1   0       0.83291261  p_z
   46   2   1   1       0.81936438  p_x
   46   3   2  -2       0.05144151  d_xy
   46   3   2  -1       0.03970878  d_yz
   46   3   2   0       0.02266770  d_z2
   46   3   2   1       0.04073927  d_xz
   46   3   2   2       0.02563785  d_x2-y2
   47   1   0   0       1.34401717  s
   47   2   1  -1       0.82791002  p_y
   47   2   1   0       0.82230693  p_z
   47   2   1   1       0.82323032  p_x
   47   3   2  -2       0.03984197  d_xy
   47   3   2  -1       0.04281655  d_yz
   47   3   2   0       0.02163181  d_z2
   47   3   2   1       0.04479565  d_xz
   47   3   2   2       0.02370104  d_x2-y2
   48   1   0   0       1.37587281  s
   48   2   1  -1       0.82479075  p_y
   48   2   1   0       0.82669395  p_z
   48   2   1   1       0.82561529  p_x
   48   3   2  -2       0.03605613  d_xy
   48   3   2  -1       0.03990978  d_yz
   48   3   2   0       0.01942327  d_z2
   48   3   2   1       0.04037021  d_xz
   48   3   2   2       0.01977010  d_x2-y2
   49   1   0   0       1.32672223  s
   49   2   1  -1       0.82943348  p_y
   49   2   1   0       0.82081423  p_z
   49   2   1   1       0.82668874  p_x
   49   3   2  -2       0.04247009  d_xy
   49   3   2  -1       0.04523630  d_yz
   49   3   2   0       0.02276738  d_z2
   49   3   2   1       0.04112093  d_xz
   49   3   2   2       0.02298871  d_x2-y2
   50   1   0   0       1.36371972  s
   50   2   1  -1       0.82276775  p_y
   50   2   1   0       0.83093314  p_z
   50   2   1   1       0.82809679  p_x
   50   3   2  -2       0.03810844  d_xy
   50   3   2  -1       0.04055080  d_yz
   50   3   2   0       0.01853482  d_z2
   50   3   2   1       0.03522679  d_xz
   50   3   2   2       0.01835578  d_x2-y2
   51   1   0   0       1.37039531  s
   51   2   1  -1       0.82956175  p_y
   51   2   1   0       0.81821134  p_z
   51   2   1   1       0.82844613  p_x
   51   3   2  -2       0.03429203  d_xy
   51   3   2  -1       0.03883068  d_yz
   51   3   2   0       0.01938866  d_z2
   51   3   2   1       0.04315324  d_xz
   51   3   2   2       0.01760265  d_x2-y2
   52   1   0   0       1.38069119  s
   52   2   1  -1       0.82456486  p_y
   52   2   1   0       0.82983811  p_z
   52   2   1   1       0.82648432  p_x
   52   3   2  -2       0.03869047  d_xy
   52   3   2  -1       0.03698213  d_yz
   52   3   2   0       0.01693110  d_z2
   52   3   2   1       0.03523124  d_xz
   52   3   2   2       0.01883688  d_x2-y2
   53   1   0   0       1.38846039  s
   53   2   1  -1       0.82784084  p_y
   53   2   1   0       0.82545651  p_z
   53   2   1   1       0.82262077  p_x
   53   3   2  -2       0.03133203  d_xy
   53   3   2  -1       0.03717190  d_yz
   53   3   2   0       0.01771580  d_z2
   53   3   2   1       0.04314365  d_xz
   53   3   2   2       0.01702284  d_x2-y2
   54   1   0   0       1.35473687  s
   54   2   1  -1       0.82159385  p_y
   54   2   1   0       0.82665548  p_z
   54   2   1   1       0.83276868  p_x
   54   3   2  -2       0.04044485  d_xy
   54   3   2  -1       0.04441919  d_yz
   54   3   2   0       0.01933909  d_z2
   54   3   2   1       0.03731014  d_xz
   54   3   2   2       0.02164946  d_x2-y2
   55   1   0   0       1.34227492  s
   55   2   1  -1       0.83303426  p_y
   55   2   1   0       0.81842402  p_z
   55   2   1   1       0.82849366  p_x
   55   3   2  -2       0.03697744  d_xy
   55   3   2  -1       0.03960096  d_yz
   55   3   2   0       0.02228370  d_z2
   55   3   2   1       0.04283323  d_xz
   55   3   2   2       0.01979926  d_x2-y2
   56   1   0   0       1.33477335  s
   56   2   1  -1       0.82563889  p_y
   56   2   1   0       0.82613115  p_z
   56   2   1   1       0.82626994  p_x
   56   3   2  -2       0.04317611  d_xy
   56   3   2  -1       0.04003334  d_yz
   56   3   2   0       0.02221459  d_z2
   56   3   2   1       0.04537524  d_xz
   56   3   2   2       0.02391548  d_x2-y2
   57   1   0   0       1.34070440  s
   57   2   1  -1       0.82842175  p_y
   57   2   1   0       0.81625858  p_z
   57   2   1   1       0.82708016  p_x
   57   3   2  -2       0.03957331  d_xy
   57   3   2  -1       0.03752144  d_yz
   57   3   2   0       0.02274016  d_z2
   57   3   2   1       0.04807090  d_xz
   57   3   2   2       0.01977269  d_x2-y2
   58   1   0   0       1.35727670  s
   58   2   1  -1       0.82389501  p_y
   58   2   1   0       0.83012179  p_z
   58   2   1   1       0.83024495  p_x
   58   3   2  -2       0.04214158  d_xy
   58   3   2  -1       0.03588400  d_yz
   58   3   2   0       0.02044024  d_z2
   58   3   2   1       0.03962269  d_xz
   58   3   2   2       0.01891047  d_x2-y2
   59   1   0   0       1.34919414  s
   59   2   1  -1       0.83105495  p_y
   59   2   1   0       0.82185878  p_z
   59   2   1   1       0.83158185  p_x
   59   3   2  -2       0.03506059  d_xy
   59   3   2  -1       0.04526679  d_yz
   59   3   2   0       0.02052665  d_z2
   59   3   2   1       0.03737874  d_xz
   59   3   2   2       0.01904769  d_x2-y2
   60   1   0   0       1.36041179  s
   60   2   1  -1       0.82304612  p_y
   60   2   1   0       0.82957088  p_z
   60   2   1   1       0.82660098  p_x
   60   3   2  -2       0.04005417  d_xy
   60   3   2  -1       0.04302052  d_yz
   60   3   2   0       0.01990802  d_z2
   60   3   2   1       0.03736985  d_xz
   60   3   2   2       0.02042021  d_x2-y2
   61   1   0   0       1.34670602  s
   61   2   1  -1       0.82255283  p_y
   61   2   1   0       0.82661806  p_z
   61   2   1   1       0.82577674  p_x
   61   3   2  -2       0.04573850  d_xy
   61   3   2  -1       0.04309073  d_yz
   61   3   2   0       0.02121219  d_z2
   61   3   2   1       0.03419213  d_xz
   61   3   2   2       0.02036941  d_x2-y2
   62   1   0   0       1.35694410  s
   62   2   1  -1       0.83457829  p_y
   62   2   1   0       0.82470462  p_z
   62   2   1   1       0.82249590  p_x
   62   3   2  -2       0.03653618  d_xy
   62   3   2  -1       0.03377618  d_yz
   62   3   2   0       0.01963559  d_z2
   62   3   2   1       0.04960855  d_xz
   62   3   2   2       0.01971553  d_x2-y2
   63   1   0   0       1.33502257  s
   63   2   1  -1       0.82316721  p_y
   63   2   1   0       0.82917680  p_z
   63   2   1   1       0.81828351  p_x
   63   3   2  -2       0.05001698  d_xy
   63   3   2  -1       0.03853144  d_yz
   63   3   2   0       0.02282732  d_z2
   63   3   2   1       0.04192655  d_xz
   63   3   2   2       0.02301699  d_x2-y2
   64   1   0   0       1.38122089  s
   64   2   1  -1       0.83381275  p_y
   64   2   1   0       0.81780467  p_z
   64   2   1   1       0.83272491  p_x
   64   3   2  -2       0.03370092  d_xy
   64   3   2  -1       0.04306853  d_yz
   64   3   2   0       0.01992535  d_z2
   64   3   2   1       0.03677108  d_xz
   64   3   2   2       0.01557493  d_x2-y2

Fermi level:                        -0.1333940733 H           -3.6298 eV
Band energy:                       -88.1219449410 H        -2397.9201 eV
TS:                                  0.0000000000 H            0.0000 eV
Band free energy (E-TS):           -88.1219449410 H        -2397.9201 eV
Extrapolated E(0K):                -88.1219449410 H        -2397.9201 eV
Input / Output electrons (q):    256.0000000000    256.0000000000

Energy H0:                         -88.1120172752 H        -2397.6500 eV
Energy SCC:                          0.0003195902 H            0.0087 eV
Total Electronic energy:           -88.1116976851 H        -2397.6413 eV
Repulsive energy:                    0.0000000000 H            0.0000 eV
Total energy:                      -88.1116976851 H        -2397.6413 eV
Extrapolated to 0:                 -88.1116976851 H        -2397.6413 eV
Total Mermin free energy:          -88.1116976851 H        -2397.6413 eV
Force related energy:              -88.1116976851 H        -2397.6413 eV

Non-constrained calculation

SCC converged

Warning: dipole moment is not defined absolutely!
Dipole moment:   -0.34829649    0.02428393    0.98974939 au
Dipole moment:   -0.88528144    0.06172360    2.51569221 Debye


