 Fermi distribution function

Calculation with static geometry


********************************************************************************
 iSCC Total electronic   Diff electronic      SCC error    
    9   -0.88176689E+02   -0.12518058E-08    0.56407609E-05
********************************************************************************

 Total charge:    -0.00000000

 Atomic gross charges (e)
 Atom           Charge
    1      -0.00140170
    2      -0.02500705
    3       0.01039550
    4      -0.00138252
    5      -0.00864867
    6       0.00794310
    7      -0.00926416
    8       0.02356985
    9       0.00203596
   10       0.00768485
   11      -0.01489945
   12      -0.00285555
   13      -0.01099495
   14       0.02133885
   15       0.01090002
   16       0.00684947
   17      -0.00488543
   18      -0.00806229
   19       0.00858325
   20       0.00655493
   21       0.00297665
   22      -0.01494535
   23      -0.00266260
   24      -0.02199813
   25       0.01462006
   26      -0.00016305
   27       0.01019214
   28       0.00508830
   29       0.00429209
   30      -0.01838254
   31       0.01213359
   32      -0.01589224
   33      -0.01859258
   34       0.01732101
   35      -0.01060652
   36      -0.00769238
   37       0.00728133
   38       0.00790987
   39      -0.00663719
   40       0.01666506
   41      -0.01747450
   42       0.01052659
   43       0.00100567
   44       0.01253216
   45       0.00566418
   46      -0.01002591
   47      -0.00138808
   48       0.00608164
   49      -0.00349648
   50      -0.00169213
   51       0.01716059
   52       0.01105888
   53       0.00866652
   54      -0.01668768
   55      -0.01122226
   56      -0.01873552
   57       0.01448534
   58      -0.00063576
   59       0.01533850
   60      -0.01106562
   61       0.00932763
   62      -0.00575282
   63      -0.00785627
   64      -0.00517619

Nr. of electrons (up):    256.00000000
Atom populations (up)
 Atom       Population
    1       4.00140170
    2       4.02500705
    3       3.98960450
    4       4.00138252
    5       4.00864867
    6       3.99205690
    7       4.00926416
    8       3.97643015
    9       3.99796404
   10       3.99231515
   11       4.01489945
   12       4.00285555
   13       4.01099495
   14       3.97866115
   15       3.98909998
   16       3.99315053
   17       4.00488543
   18       4.00806229
   19       3.99141675
   20       3.99344507
   21       3.99702335
   22       4.01494535
   23       4.00266260
   24       4.02199813
   25       3.98537994
   26       4.00016305
   27       3.98980786
   28       3.99491170
   29       3.99570791
   30       4.01838254
   31       3.98786641
   32       4.01589224
   33       4.01859258
   34       3.98267899
   35       4.01060652
   36       4.00769238
   37       3.99271867
   38       3.99209013
   39       4.00663719
   40       3.98333494
   41       4.01747450
   42       3.98947341
   43       3.99899433
   44       3.98746784
   45       3.99433582
   46       4.01002591
   47       4.00138808
   48       3.99391836
   49       4.00349648
   50       4.00169213
   51       3.98283941
   52       3.98894112
   53       3.99133348
   54       4.01668768
   55       4.01122226
   56       4.01873552
   57       3.98551466
   58       4.00063576
   59       3.98466150
   60       4.01106562
   61       3.99067237
   62       4.00575282
   63       4.00785627
   64       4.00517619

l-shell populations (up)
 Atom Sh.   l       Population
    1   1   0       1.36808982
    1   2   1       2.48154298
    1   3   2       0.15176890
    2   1   0       1.39622627
    2   2   1       2.49574964
    2   3   2       0.13303115
    3   1   0       1.34029340
    3   2   1       2.47338702
    3   3   2       0.17592408
    4   1   0       1.35327518
    4   2   1       2.49140502
    4   3   2       0.15670233
    5   1   0       1.36607846
    5   2   1       2.49229605
    5   3   2       0.15027416
    6   1   0       1.35689107
    6   2   1       2.47649423
    6   3   2       0.15867160
    7   1   0       1.37730568
    7   2   1       2.48588531
    7   3   2       0.14607316
    8   1   0       1.33103105
    8   2   1       2.47063936
    8   3   2       0.17475974
    9   1   0       1.35648769
    9   2   1       2.48339495
    9   3   2       0.15808140
   10   1   0       1.34046069
   10   2   1       2.48224197
   10   3   2       0.16961249
   11   1   0       1.37978157
   11   2   1       2.49450546
   11   3   2       0.14061242
   12   1   0       1.35383947
   12   2   1       2.48640598
   12   3   2       0.16261009
   13   1   0       1.36909856
   13   2   1       2.48984370
   13   3   2       0.15205269
   14   1   0       1.33043330
   14   2   1       2.47333927
   14   3   2       0.17488858
   15   1   0       1.33426412
   15   2   1       2.48035095
   15   3   2       0.17448492
   16   1   0       1.35666490
   16   2   1       2.47853857
   16   3   2       0.15794706
   17   1   0       1.36995293
   17   2   1       2.48579600
   17   3   2       0.14913649
   18   1   0       1.36715352
   18   2   1       2.49009304
   18   3   2       0.15081573
   19   1   0       1.35828978
   19   2   1       2.47570005
   19   3   2       0.15742693
   20   1   0       1.35089312
   20   2   1       2.48040418
   20   3   2       0.16214777
   21   1   0       1.35311758
   21   2   1       2.48590118
   21   3   2       0.15800459
   22   1   0       1.37694439
   22   2   1       2.48682611
   22   3   2       0.15117485
   23   1   0       1.37349666
   23   2   1       2.47780615
   23   3   2       0.15135979
   24   1   0       1.37605011
   24   2   1       2.49004553
   24   3   2       0.15590248
   25   1   0       1.34331193
   25   2   1       2.47879373
   25   3   2       0.16327428
   26   1   0       1.35504158
   26   2   1       2.48397374
   26   3   2       0.16114772
   27   1   0       1.34911432
   27   2   1       2.47652813
   27   3   2       0.16416540
   28   1   0       1.35296211
   28   2   1       2.48838824
   28   3   2       0.15356135
   29   1   0       1.34600590
   29   2   1       2.48647227
   29   3   2       0.16322974
   30   1   0       1.37316328
   30   2   1       2.49808363
   30   3   2       0.14713563
   31   1   0       1.33783356
   31   2   1       2.48363210
   31   3   2       0.16640076
   32   1   0       1.36855649
   32   2   1       2.50640945
   32   3   2       0.14092631
   33   1   0       1.37515369
   33   2   1       2.49477423
   33   3   2       0.14866466
   34   1   0       1.33062403
   34   2   1       2.47686718
   34   3   2       0.17518778
   35   1   0       1.37331711
   35   2   1       2.49156971
   35   3   2       0.14571970
   36   1   0       1.38331999
   36   2   1       2.48167300
   36   3   2       0.14269939
   37   1   0       1.35366676
   37   2   1       2.48491446
   37   3   2       0.15413745
   38   1   0       1.33753618
   38   2   1       2.47823310
   38   3   2       0.17632084
   39   1   0       1.35888680
   39   2   1       2.49429121
   39   3   2       0.15345918
   40   1   0       1.33361090
   40   2   1       2.47708156
   40   3   2       0.17264248
   41   1   0       1.38252311
   41   2   1       2.49100152
   41   3   2       0.14394988
   42   1   0       1.34687485
   42   2   1       2.48322738
   42   3   2       0.15937118
   43   1   0       1.34987821
   43   2   1       2.47985227
   43   3   2       0.16926384
   44   1   0       1.35143551
   44   2   1       2.47362361
   44   3   2       0.16240871
   45   1   0       1.35668089
   45   2   1       2.47475788
   45   3   2       0.16289705
   46   1   0       1.38232143
   46   2   1       2.48730120
   46   3   2       0.14040327
   47   1   0       1.36299875
   47   2   1       2.49108714
   47   3   2       0.14730219
   48   1   0       1.34741942
   48   2   1       2.48504424
   48   3   2       0.16145470
   49   1   0       1.36889833
   49   2   1       2.48602820
   49   3   2       0.14856995
   50   1   0       1.36151909
   50   2   1       2.47377142
   50   3   2       0.16640162
   51   1   0       1.34437252
   51   2   1       2.47720026
   51   3   2       0.16126663
   52   1   0       1.33666388
   52   2   1       2.47938161
   52   3   2       0.17289563
   53   1   0       1.35039273
   53   2   1       2.47403150
   53   3   2       0.16690925
   54   1   0       1.37534832
   54   2   1       2.49036479
   54   3   2       0.15097458
   55   1   0       1.36538189
   55   2   1       2.48397416
   55   3   2       0.16186621
   56   1   0       1.39219677
   56   2   1       2.48687453
   56   3   2       0.13966422
   57   1   0       1.34106607
   57   2   1       2.48175591
   57   3   2       0.16269268
   58   1   0       1.35886066
   58   2   1       2.48833407
   58   3   2       0.15344103
   59   1   0       1.34424796
   59   2   1       2.47111769
   59   3   2       0.16929585
   60   1   0       1.37261787
   60   2   1       2.49050898
   60   3   2       0.14793877
   61   1   0       1.34035247
   61   2   1       2.48318512
   61   3   2       0.16713479
   62   1   0       1.36067572
   62   2   1       2.49356195
   62   3   2       0.15151515
   63   1   0       1.36560149
   63   2   1       2.49700706
   63   3   2       0.14524771
   64   1   0       1.35479359
   64   2   1       2.49413830
   64   3   2       0.15624430

Orbital populations (up)
 Atom Sh.   l   m       Population  Label
    1   1   0   0       1.36808982  s
    1   2   1  -1       0.82690504  p_y
    1   2   1   0       0.82829106  p_z
    1   2   1   1       0.82634688  p_x
    1   3   2  -2       0.03967318  d_xy
    1   3   2  -1       0.03873583  d_yz
    1   3   2   0       0.01836276  d_z2
    1   3   2   1       0.03638607  d_xz
    1   3   2   2       0.01861105  d_x2-y2
    2   1   0   0       1.39622627  s
    2   2   1  -1       0.83333392  p_y
    2   2   1   0       0.83092076  p_z
    2   2   1   1       0.83149496  p_x
    2   3   2  -2       0.03431949  d_xy
    2   3   2  -1       0.03565771  d_yz
    2   3   2   0       0.01536113  d_z2
    2   3   2   1       0.03284864  d_xz
    2   3   2   2       0.01484418  d_x2-y2
    3   1   0   0       1.34029340  s
    3   2   1  -1       0.82525064  p_y
    3   2   1   0       0.83069873  p_z
    3   2   1   1       0.81743765  p_x
    3   3   2  -2       0.04682762  d_xy
    3   3   2  -1       0.03824059  d_yz
    3   3   2   0       0.02484620  d_z2
    3   3   2   1       0.04347790  d_xz
    3   3   2   2       0.02253178  d_x2-y2
    4   1   0   0       1.35327518  s
    4   2   1  -1       0.83392832  p_y
    4   2   1   0       0.82443801  p_z
    4   2   1   1       0.83303869  p_x
    4   3   2  -2       0.03780773  d_xy
    4   3   2  -1       0.04098671  d_yz
    4   3   2   0       0.02028434  d_z2
    4   3   2   1       0.03912526  d_xz
    4   3   2   2       0.01849829  d_x2-y2
    5   1   0   0       1.36607846  s
    5   2   1  -1       0.83258728  p_y
    5   2   1   0       0.82598745  p_z
    5   2   1   1       0.83372133  p_x
    5   3   2  -2       0.03843506  d_xy
    5   3   2  -1       0.03896792  d_yz
    5   3   2   0       0.01950796  d_z2
    5   3   2   1       0.03648177  d_xz
    5   3   2   2       0.01688145  d_x2-y2
    6   1   0   0       1.35689107  s
    6   2   1  -1       0.82630912  p_y
    6   2   1   0       0.82367404  p_z
    6   2   1   1       0.82651107  p_x
    6   3   2  -2       0.03820769  d_xy
    6   3   2  -1       0.03754256  d_yz
    6   3   2   0       0.01993847  d_z2
    6   3   2   1       0.04231184  d_xz
    6   3   2   2       0.02067105  d_x2-y2
    7   1   0   0       1.37730568  s
    7   2   1  -1       0.83137863  p_y
    7   2   1   0       0.82579038  p_z
    7   2   1   1       0.82871630  p_x
    7   3   2  -2       0.03863354  d_xy
    7   3   2  -1       0.03666905  d_yz
    7   3   2   0       0.01846906  d_z2
    7   3   2   1       0.03507308  d_xz
    7   3   2   2       0.01722842  d_x2-y2
    8   1   0   0       1.33103105  s
    8   2   1  -1       0.82703776  p_y
    8   2   1   0       0.81857384  p_z
    8   2   1   1       0.82502776  p_x
    8   3   2  -2       0.03825577  d_xy
    8   3   2  -1       0.04580874  d_yz
    8   3   2   0       0.02284651  d_z2
    8   3   2   1       0.04447255  d_xz
    8   3   2   2       0.02337617  d_x2-y2
    9   1   0   0       1.35648769  s
    9   2   1  -1       0.82324591  p_y
    9   2   1   0       0.83461318  p_z
    9   2   1   1       0.82553587  p_x
    9   3   2  -2       0.04186551  d_xy
    9   3   2  -1       0.03723787  d_yz
    9   3   2   0       0.01919359  d_z2
    9   3   2   1       0.03971154  d_xz
    9   3   2   2       0.02007288  d_x2-y2
   10   1   0   0       1.34046069  s
   10   2   1  -1       0.83209828  p_y
   10   2   1   0       0.82542434  p_z
   10   2   1   1       0.82471935  p_x
   10   3   2  -2       0.03742514  d_xy
   10   3   2  -1       0.04186313  d_yz
   10   3   2   0       0.02151377  d_z2
   10   3   2   1       0.04643952  d_xz
   10   3   2   2       0.02237093  d_x2-y2
   11   1   0   0       1.37978157  s
   11   2   1  -1       0.83165090  p_y
   11   2   1   0       0.83287359  p_z
   11   2   1   1       0.82998098  p_x
   11   3   2  -2       0.03620491  d_xy
   11   3   2  -1       0.03600917  d_yz
   11   3   2   0       0.01646020  d_z2
   11   3   2   1       0.03492333  d_xz
   11   3   2   2       0.01701480  d_x2-y2
   12   1   0   0       1.35383947  s
   12   2   1  -1       0.83316298  p_y
   12   2   1   0       0.82375171  p_z
   12   2   1   1       0.82949129  p_x
   12   3   2  -2       0.03831642  d_xy
   12   3   2  -1       0.03988012  d_yz
   12   3   2   0       0.02133093  d_z2
   12   3   2   1       0.04370707  d_xz
   12   3   2   2       0.01937555  d_x2-y2
   13   1   0   0       1.36909856  s
   13   2   1  -1       0.83379391  p_y
   13   2   1   0       0.82545707  p_z
   13   2   1   1       0.83059273  p_x
   13   3   2  -2       0.03426500  d_xy
   13   3   2  -1       0.03694972  d_yz
   13   3   2   0       0.01917192  d_z2
   13   3   2   1       0.04365279  d_xz
   13   3   2   2       0.01801326  d_x2-y2
   14   1   0   0       1.33043330  s
   14   2   1  -1       0.82277504  p_y
   14   2   1   0       0.82495931  p_z
   14   2   1   1       0.82560492  p_x
   14   3   2  -2       0.04449719  d_xy
   14   3   2  -1       0.04298068  d_yz
   14   3   2   0       0.02323536  d_z2
   14   3   2   1       0.04159125  d_xz
   14   3   2   2       0.02258411  d_x2-y2
   15   1   0   0       1.33426412  s
   15   2   1  -1       0.82699368  p_y
   15   2   1   0       0.82434430  p_z
   15   2   1   1       0.82901297  p_x
   15   3   2  -2       0.03991593  d_xy
   15   3   2  -1       0.04292130  d_yz
   15   3   2   0       0.02274263  d_z2
   15   3   2   1       0.04586532  d_xz
   15   3   2   2       0.02303973  d_x2-y2
   16   1   0   0       1.35666490  s
   16   2   1  -1       0.82444455  p_y
   16   2   1   0       0.82849155  p_z
   16   2   1   1       0.82560246  p_x
   16   3   2  -2       0.04214772  d_xy
   16   3   2  -1       0.03946452  d_yz
   16   3   2   0       0.01925493  d_z2
   16   3   2   1       0.03735922  d_xz
   16   3   2   2       0.01972067  d_x2-y2
   17   1   0   0       1.36995293  s
   17   2   1  -1       0.82850654  p_y
   17   2   1   0       0.82893859  p_z
   17   2   1   1       0.82835088  p_x
   17   3   2  -2       0.03703475  d_xy
   17   3   2  -1       0.03626993  d_yz
   17   3   2   0       0.01803464  d_z2
   17   3   2   1       0.04031307  d_xz
   17   3   2   2       0.01748410  d_x2-y2
   18   1   0   0       1.36715352  s
   18   2   1  -1       0.83041065  p_y
   18   2   1   0       0.83344066  p_z
   18   2   1   1       0.82624173  p_x
   18   3   2  -2       0.04020303  d_xy
   18   3   2  -1       0.03564020  d_yz
   18   3   2   0       0.01747439  d_z2
   18   3   2   1       0.03865594  d_xz
   18   3   2   2       0.01884217  d_x2-y2
   19   1   0   0       1.35828978  s
   19   2   1  -1       0.82439318  p_y
   19   2   1   0       0.83039308  p_z
   19   2   1   1       0.82091379  p_x
   19   3   2  -2       0.03954481  d_xy
   19   3   2  -1       0.03995042  d_yz
   19   3   2   0       0.01922872  d_z2
   19   3   2   1       0.03918623  d_xz
   19   3   2   2       0.01951676  d_x2-y2
   20   1   0   0       1.35089312  s
   20   2   1  -1       0.81756881  p_y
   20   2   1   0       0.83189515  p_z
   20   2   1   1       0.83094022  p_x
   20   3   2  -2       0.04010139  d_xy
   20   3   2  -1       0.04318127  d_yz
   20   3   2   0       0.01888847  d_z2
   20   3   2   1       0.03730234  d_xz
   20   3   2   2       0.02267430  d_x2-y2
   21   1   0   0       1.35311758  s
   21   2   1  -1       0.82895791  p_y
   21   2   1   0       0.83027977  p_z
   21   2   1   1       0.82666350  p_x
   21   3   2  -2       0.04079560  d_xy
   21   3   2  -1       0.03906254  d_yz
   21   3   2   0       0.01902452  d_z2
   21   3   2   1       0.03932324  d_xz
   21   3   2   2       0.01979869  d_x2-y2
   22   1   0   0       1.37694439  s
   22   2   1  -1       0.82904280  p_y
   22   2   1   0       0.82580219  p_z
   22   2   1   1       0.83198112  p_x
   22   3   2  -2       0.03868989  d_xy
   22   3   2  -1       0.03879396  d_yz
   22   3   2   0       0.01891411  d_z2
   22   3   2   1       0.03595152  d_xz
   22   3   2   2       0.01882538  d_x2-y2
   23   1   0   0       1.37349666  s
   23   2   1  -1       0.82725348  p_y
   23   2   1   0       0.82931112  p_z
   23   2   1   1       0.82124154  p_x
   23   3   2  -2       0.04130024  d_xy
   23   3   2  -1       0.03565010  d_yz
   23   3   2   0       0.01897765  d_z2
   23   3   2   1       0.03742607  d_xz
   23   3   2   2       0.01800573  d_x2-y2
   24   1   0   0       1.37605011  s
   24   2   1  -1       0.83041974  p_y
   24   2   1   0       0.83116099  p_z
   24   2   1   1       0.82846480  p_x
   24   3   2  -2       0.04156917  d_xy
   24   3   2  -1       0.03674852  d_yz
   24   3   2   0       0.01845426  d_z2
   24   3   2   1       0.03954133  d_xz
   24   3   2   2       0.01958920  d_x2-y2
   25   1   0   0       1.34331193  s
   25   2   1  -1       0.82560790  p_y
   25   2   1   0       0.82521960  p_z
   25   2   1   1       0.82796623  p_x
   25   3   2  -2       0.04173261  d_xy
   25   3   2  -1       0.04007101  d_yz
   25   3   2   0       0.02281927  d_z2
   25   3   2   1       0.03920332  d_xz
   25   3   2   2       0.01944807  d_x2-y2
   26   1   0   0       1.35504158  s
   26   2   1  -1       0.82699536  p_y
   26   2   1   0       0.82823809  p_z
   26   2   1   1       0.82874029  p_x
   26   3   2  -2       0.04000434  d_xy
   26   3   2  -1       0.04077186  d_yz
   26   3   2   0       0.01958303  d_z2
   26   3   2   1       0.04026930  d_xz
   26   3   2   2       0.02051920  d_x2-y2
   27   1   0   0       1.34911432  s
   27   2   1  -1       0.82548578  p_y
   27   2   1   0       0.82585048  p_z
   27   2   1   1       0.82519187  p_x
   27   3   2  -2       0.04282748  d_xy
   27   3   2  -1       0.03955669  d_yz
   27   3   2   0       0.02282154  d_z2
   27   3   2   1       0.04015363  d_xz
   27   3   2   2       0.01880607  d_x2-y2
   28   1   0   0       1.35296211  s
   28   2   1  -1       0.82536617  p_y
   28   2   1   0       0.83109211  p_z
   28   2   1   1       0.83192996  p_x
   28   3   2  -2       0.03940523  d_xy
   28   3   2  -1       0.03910597  d_yz
   28   3   2   0       0.01876738  d_z2
   28   3   2   1       0.03755700  d_xz
   28   3   2   2       0.01872576  d_x2-y2
   29   1   0   0       1.34600590  s
   29   2   1  -1       0.82596624  p_y
   29   2   1   0       0.83357391  p_z
   29   2   1   1       0.82693212  p_x
   29   3   2  -2       0.04166923  d_xy
   29   3   2  -1       0.03966509  d_yz
   29   3   2   0       0.02019107  d_z2
   29   3   2   1       0.04047833  d_xz
   29   3   2   2       0.02122603  d_x2-y2
   30   1   0   0       1.37316328  s
   30   2   1  -1       0.83265196  p_y
   30   2   1   0       0.83068566  p_z
   30   2   1   1       0.83474601  p_x
   30   3   2  -2       0.03192286  d_xy
   30   3   2  -1       0.04035839  d_yz
   30   3   2   0       0.01685327  d_z2
   30   3   2   1       0.03955349  d_xz
   30   3   2   2       0.01844762  d_x2-y2
   31   1   0   0       1.33783356  s
   31   2   1  -1       0.82554598  p_y
   31   2   1   0       0.83232407  p_z
   31   2   1   1       0.82576205  p_x
   31   3   2  -2       0.04380852  d_xy
   31   3   2  -1       0.04144595  d_yz
   31   3   2   0       0.02010680  d_z2
   31   3   2   1       0.03857600  d_xz
   31   3   2   2       0.02246348  d_x2-y2
   32   1   0   0       1.36855649  s
   32   2   1  -1       0.83988663  p_y
   32   2   1   0       0.83158386  p_z
   32   2   1   1       0.83493896  p_x
   32   3   2  -2       0.03287097  d_xy
   32   3   2  -1       0.03789151  d_yz
   32   3   2   0       0.01602336  d_z2
   32   3   2   1       0.03734014  d_xz
   32   3   2   2       0.01680033  d_x2-y2
   33   1   0   0       1.37515369  s
   33   2   1  -1       0.82998608  p_y
   33   2   1   0       0.83229604  p_z
   33   2   1   1       0.83249210  p_x
   33   3   2  -2       0.03622360  d_xy
   33   3   2  -1       0.03731857  d_yz
   33   3   2   0       0.01781150  d_z2
   33   3   2   1       0.03959835  d_xz
   33   3   2   2       0.01771265  d_x2-y2
   34   1   0   0       1.33062403  s
   34   2   1  -1       0.82357800  p_y
   34   2   1   0       0.82681517  p_z
   34   2   1   1       0.82647401  p_x
   34   3   2  -2       0.04388818  d_xy
   34   3   2  -1       0.04487492  d_yz
   34   3   2   0       0.02243090  d_z2
   34   3   2   1       0.03999295  d_xz
   34   3   2   2       0.02400082  d_x2-y2
   35   1   0   0       1.37331711  s
   35   2   1  -1       0.82832063  p_y
   35   2   1   0       0.83086038  p_z
   35   2   1   1       0.83238870  p_x
   35   3   2  -2       0.03511945  d_xy
   35   3   2  -1       0.03939332  d_yz
   35   3   2   0       0.01704287  d_z2
   35   3   2   1       0.03559863  d_xz
   35   3   2   2       0.01856544  d_x2-y2
   36   1   0   0       1.38331999  s
   36   2   1  -1       0.82605525  p_y
   36   2   1   0       0.82726771  p_z
   36   2   1   1       0.82835003  p_x
   36   3   2  -2       0.03907539  d_xy
   36   3   2  -1       0.03634065  d_yz
   36   3   2   0       0.01568267  d_z2
   36   3   2   1       0.03375925  d_xz
   36   3   2   2       0.01784142  d_x2-y2
   37   1   0   0       1.35366676  s
   37   2   1  -1       0.82417828  p_y
   37   2   1   0       0.82974810  p_z
   37   2   1   1       0.83098808  p_x
   37   3   2  -2       0.03888965  d_xy
   37   3   2  -1       0.03965711  d_yz
   37   3   2   0       0.01895221  d_z2
   37   3   2   1       0.03764221  d_xz
   37   3   2   2       0.01899626  d_x2-y2
   38   1   0   0       1.33753618  s
   38   2   1  -1       0.82363636  p_y
   38   2   1   0       0.83083814  p_z
   38   2   1   1       0.82375861  p_x
   38   3   2  -2       0.04673683  d_xy
   38   3   2  -1       0.04069275  d_yz
   38   3   2   0       0.02336756  d_z2
   38   3   2   1       0.04184267  d_xz
   38   3   2   2       0.02368104  d_x2-y2
   39   1   0   0       1.35888680  s
   39   2   1  -1       0.83005938  p_y
   39   2   1   0       0.82882298  p_z
   39   2   1   1       0.83540886  p_x
   39   3   2  -2       0.03754893  d_xy
   39   3   2  -1       0.03851647  d_yz
   39   3   2   0       0.01964026  d_z2
   39   3   2   1       0.03886848  d_xz
   39   3   2   2       0.01888504  d_x2-y2
   40   1   0   0       1.33361090  s
   40   2   1  -1       0.82105355  p_y
   40   2   1   0       0.83198863  p_z
   40   2   1   1       0.82403938  p_x
   40   3   2  -2       0.04328554  d_xy
   40   3   2  -1       0.04050086  d_yz
   40   3   2   0       0.02169594  d_z2
   40   3   2   1       0.04350688  d_xz
   40   3   2   2       0.02365326  d_x2-y2
   41   1   0   0       1.38252311  s
   41   2   1  -1       0.82757654  p_y
   41   2   1   0       0.83303952  p_z
   41   2   1   1       0.83038546  p_x
   41   3   2  -2       0.04062224  d_xy
   41   3   2  -1       0.03618688  d_yz
   41   3   2   0       0.01675708  d_z2
   41   3   2   1       0.03303653  d_xz
   41   3   2   2       0.01734715  d_x2-y2
   42   1   0   0       1.34687485  s
   42   2   1  -1       0.83413079  p_y
   42   2   1   0       0.82416697  p_z
   42   2   1   1       0.82492961  p_x
   42   3   2  -2       0.03508692  d_xy
   42   3   2  -1       0.03841879  d_yz
   42   3   2   0       0.02035973  d_z2
   42   3   2   1       0.04558944  d_xz
   42   3   2   2       0.01991630  d_x2-y2
   43   1   0   0       1.34987821  s
   43   2   1  -1       0.82215228  p_y
   43   2   1   0       0.83054851  p_z
   43   2   1   1       0.82715148  p_x
   43   3   2  -2       0.04541688  d_xy
   43   3   2  -1       0.03940709  d_yz
   43   3   2   0       0.02248224  d_z2
   43   3   2   1       0.04050244  d_xz
   43   3   2   2       0.02145520  d_x2-y2
   44   1   0   0       1.35143551  s
   44   2   1  -1       0.82693579  p_y
   44   2   1   0       0.82322122  p_z
   44   2   1   1       0.82346660  p_x
   44   3   2  -2       0.03789155  d_xy
   44   3   2  -1       0.04048782  d_yz
   44   3   2   0       0.02096083  d_z2
   44   3   2   1       0.04241286  d_xz
   44   3   2   2       0.02065565  d_x2-y2
   45   1   0   0       1.35668089  s
   45   2   1  -1       0.82794059  p_y
   45   2   1   0       0.82078935  p_z
   45   2   1   1       0.82602794  p_x
   45   3   2  -2       0.03794529  d_xy
   45   3   2  -1       0.04325065  d_yz
   45   3   2   0       0.02121503  d_z2
   45   3   2   1       0.04090014  d_xz
   45   3   2   2       0.01958593  d_x2-y2
   46   1   0   0       1.38232143  s
   46   2   1  -1       0.82998169  p_y
   46   2   1   0       0.82977057  p_z
   46   2   1   1       0.82754894  p_x
   46   3   2  -2       0.03950867  d_xy
   46   3   2  -1       0.03554695  d_yz
   46   3   2   0       0.01669456  d_z2
   46   3   2   1       0.03264239  d_xz
   46   3   2   2       0.01601069  d_x2-y2
   47   1   0   0       1.36299875  s
   47   2   1  -1       0.83041572  p_y
   47   2   1   0       0.82934648  p_z
   47   2   1   1       0.83132495  p_x
   47   3   2  -2       0.03792013  d_xy
   47   3   2  -1       0.03544964  d_yz
   47   3   2   0       0.01721863  d_z2
   47   3   2   1       0.03865915  d_xz
   47   3   2   2       0.01805464  d_x2-y2
   48   1   0   0       1.34741942  s
   48   2   1  -1       0.82645078  p_y
   48   2   1   0       0.83029816  p_z
   48   2   1   1       0.82829530  p_x
   48   3   2  -2       0.03983669  d_xy
   48   3   2  -1       0.04230685  d_yz
   48   3   2   0       0.02005167  d_z2
   48   3   2   1       0.03882438  d_xz
   48   3   2   2       0.02043513  d_x2-y2
   49   1   0   0       1.36889833  s
   49   2   1  -1       0.83467567  p_y
   49   2   1   0       0.82035739  p_z
   49   2   1   1       0.83099515  p_x
   49   3   2  -2       0.03545797  d_xy
   49   3   2  -1       0.03987154  d_yz
   49   3   2   0       0.02030282  d_z2
   49   3   2   1       0.03765316  d_xz
   49   3   2   2       0.01528446  d_x2-y2
   50   1   0   0       1.36151909  s
   50   2   1  -1       0.82572968  p_y
   50   2   1   0       0.82498670  p_z
   50   2   1   1       0.82305504  p_x
   50   3   2  -2       0.04329487  d_xy
   50   3   2  -1       0.03891056  d_yz
   50   3   2   0       0.02198504  d_z2
   50   3   2   1       0.04197758  d_xz
   50   3   2   2       0.02023358  d_x2-y2
   51   1   0   0       1.34437252  s
   51   2   1  -1       0.82813931  p_y
   51   2   1   0       0.81815465  p_z
   51   2   1   1       0.83090630  p_x
   51   3   2  -2       0.03867084  d_xy
   51   3   2  -1       0.04115558  d_yz
   51   3   2   0       0.02158916  d_z2
   51   3   2   1       0.04057331  d_xz
   51   3   2   2       0.01927774  d_x2-y2
   52   1   0   0       1.33666388  s
   52   2   1  -1       0.82549887  p_y
   52   2   1   0       0.82600292  p_z
   52   2   1   1       0.82787982  p_x
   52   3   2  -2       0.04227799  d_xy
   52   3   2  -1       0.04225101  d_yz
   52   3   2   0       0.02157054  d_z2
   52   3   2   1       0.04305256  d_xz
   52   3   2   2       0.02374352  d_x2-y2
   53   1   0   0       1.35039273  s
   53   2   1  -1       0.82345855  p_y
   53   2   1   0       0.82558152  p_z
   53   2   1   1       0.82499142  p_x
   53   3   2  -2       0.04252280  d_xy
   53   3   2  -1       0.04241717  d_yz
   53   3   2   0       0.02197044  d_z2
   53   3   2   1       0.03923153  d_xz
   53   3   2   2       0.02076730  d_x2-y2
   54   1   0   0       1.37534832  s
   54   2   1  -1       0.82652681  p_y
   54   2   1   0       0.83144368  p_z
   54   2   1   1       0.83239430  p_x
   54   3   2  -2       0.03645472  d_xy
   54   3   2  -1       0.04010401  d_yz
   54   3   2   0       0.01616707  d_z2
   54   3   2   1       0.03817579  d_xz
   54   3   2   2       0.02007298  d_x2-y2
   55   1   0   0       1.36538189  s
   55   2   1  -1       0.82896704  p_y
   55   2   1   0       0.82801465  p_z
   55   2   1   1       0.82699247  p_x
   55   3   2  -2       0.04156884  d_xy
   55   3   2  -1       0.03757780  d_yz
   55   3   2   0       0.02082122  d_z2
   55   3   2   1       0.04186147  d_xz
   55   3   2   2       0.02003687  d_x2-y2
   56   1   0   0       1.39219677  s
   56   2   1  -1       0.83171542  p_y
   56   2   1   0       0.82756921  p_z
   56   2   1   1       0.82758990  p_x
   56   3   2  -2       0.03519797  d_xy
   56   3   2  -1       0.03506956  d_yz
   56   3   2   0       0.01515288  d_z2
   56   3   2   1       0.03635191  d_xz
   56   3   2   2       0.01789190  d_x2-y2
   57   1   0   0       1.34106607  s
   57   2   1  -1       0.83238441  p_y
   57   2   1   0       0.82309757  p_z
   57   2   1   1       0.82627392  p_x
   57   3   2  -2       0.03886111  d_xy
   57   3   2  -1       0.03676558  d_yz
   57   3   2   0       0.02140940  d_z2
   57   3   2   1       0.04586391  d_xz
   57   3   2   2       0.01979268  d_x2-y2
   58   1   0   0       1.35886066  s
   58   2   1  -1       0.82467494  p_y
   58   2   1   0       0.83433358  p_z
   58   2   1   1       0.82932555  p_x
   58   3   2  -2       0.04107608  d_xy
   58   3   2  -1       0.03940128  d_yz
   58   3   2   0       0.01782988  d_z2
   58   3   2   1       0.03499854  d_xz
   58   3   2   2       0.02013525  d_x2-y2
   59   1   0   0       1.34424796  s
   59   2   1  -1       0.82501765  p_y
   59   2   1   0       0.82164635  p_z
   59   2   1   1       0.82445369  p_x
   59   3   2  -2       0.03943002  d_xy
   59   3   2  -1       0.04430191  d_yz
   59   3   2   0       0.02234239  d_z2
   59   3   2   1       0.04207338  d_xz
   59   3   2   2       0.02114815  d_x2-y2
   60   1   0   0       1.37261787  s
   60   2   1  -1       0.82907393  p_y
   60   2   1   0       0.83488245  p_z
   60   2   1   1       0.82655260  p_x
   60   3   2  -2       0.03599844  d_xy
   60   3   2  -1       0.03694600  d_yz
   60   3   2   0       0.01622089  d_z2
   60   3   2   1       0.03963332  d_xz
   60   3   2   2       0.01914013  d_x2-y2
   61   1   0   0       1.34035247  s
   61   2   1  -1       0.82694659  p_y
   61   2   1   0       0.82998349  p_z
   61   2   1   1       0.82625504  p_x
   61   3   2  -2       0.04091967  d_xy
   61   3   2  -1       0.04325589  d_yz
   61   3   2   0       0.02061810  d_z2
   61   3   2   1       0.04031093  d_xz
   61   3   2   2       0.02203020  d_x2-y2
   62   1   0   0       1.36067572  s
   62   2   1  -1       0.83660281  p_y
   62   2   1   0       0.82719053  p_z
   62   2   1   1       0.82976861  p_x
   62   3   2  -2       0.03474778  d_xy
   62   3   2  -1       0.03993327  d_yz
   62   3   2   0       0.01883125  d_z2
   62   3   2   1       0.03956031  d_xz
   62   3   2   2       0.01844253  d_x2-y2
   63   1   0   0       1.36560149  s
   63   2   1  -1       0.83507607  p_y
   63   2   1   0       0.83059544  p_z
   63   2   1   1       0.83133555  p_x
   63   3   2  -2       0.03628375  d_xy
   63   3   2  -1       0.03727844  d_yz
   63   3   2   0       0.01753389  d_z2
   63   3   2   1       0.03712249  d_xz
   63   3   2   2       0.01702915  d_x2-y2
   64   1   0   0       1.35479359  s
   64   2   1  -1       0.83663925  p_y
   64   2   1   0       0.82865587  p_z
   64   2   1   1       0.82884318  p_x
   64   3   2  -2       0.03878419  d_xy
   64   3   2  -1       0.03773061  d_yz
   64   3   2   0       0.01957531  d_z2
   64   3   2   1       0.04115083  d_xz
   64   3   2   2       0.01900335  d_x2-y2

Fermi level:                        -0.1336076135 H           -3.6356 eV
Band energy:                       -88.1848695629 H        -2399.6324 eV
TS:                                  0.0000000000 H            0.0000 eV
Band free energy (E-TS):           -88.1848695629 H        -2399.6324 eV
Extrapolated E(0K):                -88.1848695629 H        -2399.6324 eV
Input / Output electrons (q):    256.0000000000    256.0000000000

Energy H0:                         -88.1770110751 H        -2399.4186 eV
Energy SCC:                          0.0003219723 H            0.0088 eV
Total Electronic energy:           -88.1766891027 H        -2399.4098 eV
Repulsive energy:                    0.0000000000 H            0.0000 eV
Total energy:                      -88.1766891027 H        -2399.4098 eV
Extrapolated to 0:                 -88.1766891027 H        -2399.4098 eV
Total Mermin free energy:          -88.1766891027 H        -2399.4098 eV
Force related energy:              -88.1766891027 H        -2399.4098 eV

Non-constrained calculation

SCC converged

Warning: dipole moment is not defined absolutely!
Dipole moment:   -0.25566938   -0.21500604   -0.02472507 au
Dipole moment:   -0.64984679   -0.54649088   -0.06284486 Debye


