 Fermi distribution function

Calculation with static geometry


********************************************************************************
 iSCC Total electronic   Diff electronic      SCC error    
    9   -0.88121417E+02   -0.10645778E-08    0.62519810E-05
********************************************************************************

 Total charge:    -0.00000000

 Atomic gross charges (e)
 Atom           Charge
    1       0.00995814
    2      -0.00124826
    3       0.00053718
    4      -0.01707097
    5      -0.00271611
    6      -0.01351974
    7       0.00010652
    8      -0.02965715
    9      -0.01308932
   10      -0.01961555
   11       0.01491943
   12      -0.01053668
   13       0.01257686
   14      -0.01348094
   15      -0.00827777
   16      -0.00379244
   17       0.00465935
   18       0.00793718
   19      -0.01187274
   20       0.00356144
   21       0.00660416
   22       0.01749288
   23       0.00915512
   24       0.02312958
   25      -0.00008694
   26      -0.00430662
   27       0.00884048
   28       0.00670590
   29       0.00575254
   30       0.00751833
   31       0.01251431
   32       0.01008138
   33       0.01498532
   34      -0.02889495
   35       0.01244961
   36       0.01130589
   37      -0.00299072
   38      -0.01836942
   39      -0.00908436
   40      -0.02533062
   41       0.00633366
   42      -0.00981874
   43       0.01575648
   44      -0.00593353
   45      -0.02498757
   46       0.00680812
   47      -0.00232936
   48      -0.00392085
   49       0.01822140
   50       0.00136738
   51       0.00115127
   52       0.01431446
   53      -0.01500196
   54       0.02448925
   55       0.01062536
   56       0.01798237
   57      -0.00570944
   58       0.00404729
   59      -0.03479056
   60       0.01711162
   61      -0.00080571
   62      -0.01502887
   63       0.01096180
   64       0.00230583

Nr. of electrons (up):    256.00000000
Atom populations (up)
 Atom       Population
    1       3.99004186
    2       4.00124826
    3       3.99946282
    4       4.01707097
    5       4.00271611
    6       4.01351974
    7       3.99989348
    8       4.02965715
    9       4.01308932
   10       4.01961555
   11       3.98508057
   12       4.01053668
   13       3.98742314
   14       4.01348094
   15       4.00827777
   16       4.00379244
   17       3.99534065
   18       3.99206282
   19       4.01187274
   20       3.99643856
   21       3.99339584
   22       3.98250712
   23       3.99084488
   24       3.97687042
   25       4.00008694
   26       4.00430662
   27       3.99115952
   28       3.99329410
   29       3.99424746
   30       3.99248167
   31       3.98748569
   32       3.98991862
   33       3.98501468
   34       4.02889495
   35       3.98755039
   36       3.98869411
   37       4.00299072
   38       4.01836942
   39       4.00908436
   40       4.02533062
   41       3.99366634
   42       4.00981874
   43       3.98424352
   44       4.00593353
   45       4.02498757
   46       3.99319188
   47       4.00232936
   48       4.00392085
   49       3.98177860
   50       3.99863262
   51       3.99884873
   52       3.98568554
   53       4.01500196
   54       3.97551075
   55       3.98937464
   56       3.98201763
   57       4.00570944
   58       3.99595271
   59       4.03479056
   60       3.98288838
   61       4.00080571
   62       4.01502887
   63       3.98903820
   64       3.99769417

l-shell populations (up)
 Atom Sh.   l       Population
    1   1   0       1.36013992
    1   2   1       2.47036229
    1   3   2       0.15953965
    2   1   0       1.35685923
    2   2   1       2.47934470
    2   3   2       0.16504433
    3   1   0       1.37035768
    3   2   1       2.48781799
    3   3   2       0.14128715
    4   1   0       1.37720361
    4   2   1       2.49627382
    4   3   2       0.14359354
    5   1   0       1.36654353
    5   2   1       2.47617491
    5   3   2       0.15999767
    6   1   0       1.37798771
    6   2   1       2.48335051
    6   3   2       0.15218152
    7   1   0       1.34803239
    7   2   1       2.48192704
    7   3   2       0.16993404
    8   1   0       1.39063459
    8   2   1       2.49542681
    8   3   2       0.14359574
    9   1   0       1.37645739
    9   2   1       2.48185753
    9   3   2       0.15477441
   10   1   0       1.39205782
   10   2   1       2.48935767
   10   3   2       0.13820007
   11   1   0       1.32617129
   11   2   1       2.47340390
   11   3   2       0.18550539
   12   1   0       1.37030792
   12   2   1       2.49341755
   12   3   2       0.14681121
   13   1   0       1.34244643
   13   2   1       2.47666821
   13   3   2       0.16830849
   14   1   0       1.36787419
   14   2   1       2.49074724
   14   3   2       0.15485950
   15   1   0       1.37210143
   15   2   1       2.49093961
   15   3   2       0.14523673
   16   1   0       1.35210175
   16   2   1       2.48919633
   16   3   2       0.16249436
   17   1   0       1.35600881
   17   2   1       2.47733253
   17   3   2       0.16199932
   18   1   0       1.34446378
   18   2   1       2.48263681
   18   3   2       0.16496223
   19   1   0       1.37459456
   19   2   1       2.49335114
   19   3   2       0.14392703
   20   1   0       1.35850859
   20   2   1       2.48558354
   20   3   2       0.15234642
   21   1   0       1.34997471
   21   2   1       2.47846697
   21   3   2       0.16495416
   22   1   0       1.33477473
   22   2   1       2.47819839
   22   3   2       0.16953400
   23   1   0       1.34616775
   23   2   1       2.47082352
   23   3   2       0.17385361
   24   1   0       1.33444434
   24   2   1       2.48091131
   24   3   2       0.16151478
   25   1   0       1.36816823
   25   2   1       2.48047296
   25   3   2       0.15144574
   26   1   0       1.38045064
   26   2   1       2.47601876
   26   3   2       0.14783722
   27   1   0       1.36582649
   27   2   1       2.47097534
   27   3   2       0.15435769
   28   1   0       1.35048789
   28   2   1       2.47508304
   28   3   2       0.16772317
   29   1   0       1.35470005
   29   2   1       2.47845216
   29   3   2       0.16109526
   30   1   0       1.35735460
   30   2   1       2.47009252
   30   3   2       0.16503455
   31   1   0       1.33691966
   31   2   1       2.47937518
   31   3   2       0.17119086
   32   1   0       1.34686202
   32   2   1       2.47713167
   32   3   2       0.16592493
   33   1   0       1.34585809
   33   2   1       2.46589080
   33   3   2       0.17326578
   34   1   0       1.39744000
   34   2   1       2.49316775
   34   3   2       0.13828719
   35   1   0       1.33294517
   35   2   1       2.47705677
   35   3   2       0.17754845
   36   1   0       1.32336218
   36   2   1       2.47637884
   36   3   2       0.18895309
   37   1   0       1.36436377
   37   2   1       2.47866892
   37   3   2       0.15995803
   38   1   0       1.37801455
   38   2   1       2.49196545
   38   3   2       0.14838941
   39   1   0       1.36390030
   39   2   1       2.48890751
   39   3   2       0.15627656
   40   1   0       1.39027122
   40   2   1       2.48791471
   40   3   2       0.14714468
   41   1   0       1.34687890
   41   2   1       2.47638743
   41   3   2       0.17040001
   42   1   0       1.37407191
   42   2   1       2.47251830
   42   3   2       0.16322854
   43   1   0       1.35236331
   43   2   1       2.47147173
   43   3   2       0.16040848
   44   1   0       1.36619989
   44   2   1       2.48488655
   44   3   2       0.15484709
   45   1   0       1.39534819
   45   2   1       2.49612924
   45   3   2       0.13351014
   46   1   0       1.32933591
   46   2   1       2.48841404
   46   3   2       0.17544193
   47   1   0       1.35898316
   47   2   1       2.48735741
   47   3   2       0.15598880
   48   1   0       1.36774707
   48   2   1       2.48419033
   48   3   2       0.15198345
   49   1   0       1.32995130
   49   2   1       2.47714893
   49   3   2       0.17467838
   50   1   0       1.36878294
   50   2   1       2.47713542
   50   3   2       0.15271426
   51   1   0       1.35079674
   51   2   1       2.48742656
   51   3   2       0.16062542
   52   1   0       1.34602417
   52   2   1       2.47096557
   52   3   2       0.16869581
   53   1   0       1.37982188
   53   2   1       2.49406234
   53   3   2       0.14111775
   54   1   0       1.34230609
   54   2   1       2.46775258
   54   3   2       0.16545208
   55   1   0       1.35438012
   55   2   1       2.48019981
   55   3   2       0.15479471
   56   1   0       1.33691442
   56   2   1       2.47640650
   56   3   2       0.16869671
   57   1   0       1.37158438
   57   2   1       2.48102036
   57   3   2       0.15310470
   58   1   0       1.35181190
   58   2   1       2.47515990
   58   3   2       0.16898091
   59   1   0       1.40048316
   59   2   1       2.50176059
   59   3   2       0.13254682
   60   1   0       1.33762382
   60   2   1       2.47476149
   60   3   2       0.17050307
   61   1   0       1.36414162
   61   2   1       2.48691207
   61   3   2       0.14975202
   62   1   0       1.38781938
   62   2   1       2.48290030
   62   3   2       0.14430919
   63   1   0       1.34086869
   63   2   1       2.47840399
   63   3   2       0.16976553
   64   1   0       1.36326223
   64   2   1       2.48894753
   64   3   2       0.14548442

Orbital populations (up)
 Atom Sh.   l   m       Population  Label
    1   1   0   0       1.36013992  s
    1   2   1  -1       0.82882265  p_y
    1   2   1   0       0.81964264  p_z
    1   2   1   1       0.82189699  p_x
    1   3   2  -2       0.03943086  d_xy
    1   3   2  -1       0.04023019  d_yz
    1   3   2   0       0.02138587  d_z2
    1   3   2   1       0.03858695  d_xz
    1   3   2   2       0.01990579  d_x2-y2
    2   1   0   0       1.35685923  s
    2   2   1  -1       0.82933378  p_y
    2   2   1   0       0.82454696  p_z
    2   2   1   1       0.82546397  p_x
    2   3   2  -2       0.03782070  d_xy
    2   3   2  -1       0.04204983  d_yz
    2   3   2   0       0.02043652  d_z2
    2   3   2   1       0.04272163  d_xz
    2   3   2   2       0.02201566  d_x2-y2
    3   1   0   0       1.37035768  s
    3   2   1  -1       0.82843029  p_y
    3   2   1   0       0.83056637  p_z
    3   2   1   1       0.82882133  p_x
    3   3   2  -2       0.03460880  d_xy
    3   3   2  -1       0.03602576  d_yz
    3   3   2   0       0.01796754  d_z2
    3   3   2   1       0.03598030  d_xz
    3   3   2   2       0.01670476  d_x2-y2
    4   1   0   0       1.37720361  s
    4   2   1  -1       0.83078164  p_y
    4   2   1   0       0.83033448  p_z
    4   2   1   1       0.83515769  p_x
    4   3   2  -2       0.03443993  d_xy
    4   3   2  -1       0.03596754  d_yz
    4   3   2   0       0.01730568  d_z2
    4   3   2   1       0.03849571  d_xz
    4   3   2   2       0.01738469  d_x2-y2
    5   1   0   0       1.36654353  s
    5   2   1  -1       0.83039004  p_y
    5   2   1   0       0.82495828  p_z
    5   2   1   1       0.82082658  p_x
    5   3   2  -2       0.03889596  d_xy
    5   3   2  -1       0.03733095  d_yz
    5   3   2   0       0.01917664  d_z2
    5   3   2   1       0.04391961  d_xz
    5   3   2   2       0.02067450  d_x2-y2
    6   1   0   0       1.37798771  s
    6   2   1  -1       0.82065512  p_y
    6   2   1   0       0.83265719  p_z
    6   2   1   1       0.83003820  p_x
    6   3   2  -2       0.03990857  d_xy
    6   3   2  -1       0.03839338  d_yz
    6   3   2   0       0.01908329  d_z2
    6   3   2   1       0.03710441  d_xz
    6   3   2   2       0.01769186  d_x2-y2
    7   1   0   0       1.34803239  s
    7   2   1  -1       0.83503524  p_y
    7   2   1   0       0.81951724  p_z
    7   2   1   1       0.82737457  p_x
    7   3   2  -2       0.03710904  d_xy
    7   3   2  -1       0.04258634  d_yz
    7   3   2   0       0.02252311  d_z2
    7   3   2   1       0.04622668  d_xz
    7   3   2   2       0.02148887  d_x2-y2
    8   1   0   0       1.39063459  s
    8   2   1  -1       0.82701367  p_y
    8   2   1   0       0.83821877  p_z
    8   2   1   1       0.83019438  p_x
    8   3   2  -2       0.03800265  d_xy
    8   3   2  -1       0.03538640  d_yz
    8   3   2   0       0.01605421  d_z2
    8   3   2   1       0.03629930  d_xz
    8   3   2   2       0.01785318  d_x2-y2
    9   1   0   0       1.37645739  s
    9   2   1  -1       0.83349023  p_y
    9   2   1   0       0.82640212  p_z
    9   2   1   1       0.82196517  p_x
    9   3   2  -2       0.03993405  d_xy
    9   3   2  -1       0.03585889  d_yz
    9   3   2   0       0.01948771  d_z2
    9   3   2   1       0.04006063  d_xz
    9   3   2   2       0.01943313  d_x2-y2
   10   1   0   0       1.39205782  s
   10   2   1  -1       0.83681417  p_y
   10   2   1   0       0.82055654  p_z
   10   2   1   1       0.83198696  p_x
   10   3   2  -2       0.03477531  d_xy
   10   3   2  -1       0.03316906  d_yz
   10   3   2   0       0.01794608  d_z2
   10   3   2   1       0.03773758  d_xz
   10   3   2   2       0.01457203  d_x2-y2
   11   1   0   0       1.32617129  s
   11   2   1  -1       0.81994586  p_y
   11   2   1   0       0.82973490  p_z
   11   2   1   1       0.82372314  p_x
   11   3   2  -2       0.04820334  d_xy
   11   3   2  -1       0.04297976  d_yz
   11   3   2   0       0.02475952  d_z2
   11   3   2   1       0.04449429  d_xz
   11   3   2   2       0.02506847  d_x2-y2
   12   1   0   0       1.37030792  s
   12   2   1  -1       0.83613713  p_y
   12   2   1   0       0.82492299  p_z
   12   2   1   1       0.83235742  p_x
   12   3   2  -2       0.03258887  d_xy
   12   3   2  -1       0.04146997  d_yz
   12   3   2   0       0.01825931  d_z2
   12   3   2   1       0.03691600  d_xz
   12   3   2   2       0.01757707  d_x2-y2
   13   1   0   0       1.34244643  s
   13   2   1  -1       0.82465975  p_y
   13   2   1   0       0.82592725  p_z
   13   2   1   1       0.82608121  p_x
   13   3   2  -2       0.04239915  d_xy
   13   3   2  -1       0.04389227  d_yz
   13   3   2   0       0.02180597  d_z2
   13   3   2   1       0.03878611  d_xz
   13   3   2   2       0.02142499  d_x2-y2
   14   1   0   0       1.36787419  s
   14   2   1  -1       0.83106768  p_y
   14   2   1   0       0.83283068  p_z
   14   2   1   1       0.82684889  p_x
   14   3   2  -2       0.04095474  d_xy
   14   3   2  -1       0.03806405  d_yz
   14   3   2   0       0.01942366  d_z2
   14   3   2   1       0.03816530  d_xz
   14   3   2   2       0.01825175  d_x2-y2
   15   1   0   0       1.37210143  s
   15   2   1  -1       0.83529006  p_y
   15   2   1   0       0.82652384  p_z
   15   2   1   1       0.82912571  p_x
   15   3   2  -2       0.03476211  d_xy
   15   3   2  -1       0.03525804  d_yz
   15   3   2   0       0.01685135  d_z2
   15   3   2   1       0.04108550  d_xz
   15   3   2   2       0.01727973  d_x2-y2
   16   1   0   0       1.35210175  s
   16   2   1  -1       0.82983295  p_y
   16   2   1   0       0.82757204  p_z
   16   2   1   1       0.83179135  p_x
   16   3   2  -2       0.03984881  d_xy
   16   3   2  -1       0.04148403  d_yz
   16   3   2   0       0.02068831  d_z2
   16   3   2   1       0.04085504  d_xz
   16   3   2   2       0.01961816  d_x2-y2
   17   1   0   0       1.35600881  s
   17   2   1  -1       0.82914598  p_y
   17   2   1   0       0.82176409  p_z
   17   2   1   1       0.82642245  p_x
   17   3   2  -2       0.03679970  d_xy
   17   3   2  -1       0.04175252  d_yz
   17   3   2   0       0.02169340  d_z2
   17   3   2   1       0.04023090  d_xz
   17   3   2   2       0.02152279  d_x2-y2
   18   1   0   0       1.34446378  s
   18   2   1  -1       0.82462359  p_y
   18   2   1   0       0.83470505  p_z
   18   2   1   1       0.82330817  p_x
   18   3   2  -2       0.04749158  d_xy
   18   3   2  -1       0.03977756  d_yz
   18   3   2   0       0.01986384  d_z2
   18   3   2   1       0.03551121  d_xz
   18   3   2   2       0.02231803  d_x2-y2
   19   1   0   0       1.37459456  s
   19   2   1  -1       0.83255599  p_y
   19   2   1   0       0.83311476  p_z
   19   2   1   1       0.82768040  p_x
   19   3   2  -2       0.03587558  d_xy
   19   3   2  -1       0.03436884  d_yz
   19   3   2   0       0.01654348  d_z2
   19   3   2   1       0.03995593  d_xz
   19   3   2   2       0.01718321  d_x2-y2
   20   1   0   0       1.35850859  s
   20   2   1  -1       0.82888582  p_y
   20   2   1   0       0.82756281  p_z
   20   2   1   1       0.82913491  p_x
   20   3   2  -2       0.03944977  d_xy
   20   3   2  -1       0.03989746  d_yz
   20   3   2   0       0.01957236  d_z2
   20   3   2   1       0.03582002  d_xz
   20   3   2   2       0.01760682  d_x2-y2
   21   1   0   0       1.34997471  s
   21   2   1  -1       0.82038401  p_y
   21   2   1   0       0.83213269  p_z
   21   2   1   1       0.82595028  p_x
   21   3   2  -2       0.04458436  d_xy
   21   3   2  -1       0.04076952  d_yz
   21   3   2   0       0.01952823  d_z2
   21   3   2   1       0.03805485  d_xz
   21   3   2   2       0.02201720  d_x2-y2
   22   1   0   0       1.33477473  s
   22   2   1  -1       0.82441611  p_y
   22   2   1   0       0.82821989  p_z
   22   2   1   1       0.82556239  p_x
   22   3   2  -2       0.04016231  d_xy
   22   3   2  -1       0.04542849  d_yz
   22   3   2   0       0.02401433  d_z2
   22   3   2   1       0.03873919  d_xz
   22   3   2   2       0.02118967  d_x2-y2
   23   1   0   0       1.34616775  s
   23   2   1  -1       0.82070393  p_y
   23   2   1   0       0.82711657  p_z
   23   2   1   1       0.82300302  p_x
   23   3   2  -2       0.04691967  d_xy
   23   3   2  -1       0.03969002  d_yz
   23   3   2   0       0.02301294  d_z2
   23   3   2   1       0.04201199  d_xz
   23   3   2   2       0.02221898  d_x2-y2
   24   1   0   0       1.33444434  s
   24   2   1  -1       0.82591661  p_y
   24   2   1   0       0.82390639  p_z
   24   2   1   1       0.83108831  p_x
   24   3   2  -2       0.03632127  d_xy
   24   3   2  -1       0.04069642  d_yz
   24   3   2   0       0.02082593  d_z2
   24   3   2   1       0.04384498  d_xz
   24   3   2   2       0.01982618  d_x2-y2
   25   1   0   0       1.36816823  s
   25   2   1  -1       0.82373082  p_y
   25   2   1   0       0.82548599  p_z
   25   2   1   1       0.83125614  p_x
   25   3   2  -2       0.03834882  d_xy
   25   3   2  -1       0.03630859  d_yz
   25   3   2   0       0.01838324  d_z2
   25   3   2   1       0.03870169  d_xz
   25   3   2   2       0.01970341  d_x2-y2
   26   1   0   0       1.38045064  s
   26   2   1  -1       0.82295391  p_y
   26   2   1   0       0.82434080  p_z
   26   2   1   1       0.82872404  p_x
   26   3   2  -2       0.03949559  d_xy
   26   3   2  -1       0.03553800  d_yz
   26   3   2   0       0.01894166  d_z2
   26   3   2   1       0.03662650  d_xz
   26   3   2   2       0.01723546  d_x2-y2
   27   1   0   0       1.36582649  s
   27   2   1  -1       0.82660143  p_y
   27   2   1   0       0.81931123  p_z
   27   2   1   1       0.82506268  p_x
   27   3   2  -2       0.03862507  d_xy
   27   3   2  -1       0.04049606  d_yz
   27   3   2   0       0.01912967  d_z2
   27   3   2   1       0.03530360  d_xz
   27   3   2   2       0.02080330  d_x2-y2
   28   1   0   0       1.35048789  s
   28   2   1  -1       0.82444617  p_y
   28   2   1   0       0.82261388  p_z
   28   2   1   1       0.82802299  p_x
   28   3   2  -2       0.03782569  d_xy
   28   3   2  -1       0.04271195  d_yz
   28   3   2   0       0.02071918  d_z2
   28   3   2   1       0.04462721  d_xz
   28   3   2   2       0.02183914  d_x2-y2
   29   1   0   0       1.35470005  s
   29   2   1  -1       0.82572367  p_y
   29   2   1   0       0.83164441  p_z
   29   2   1   1       0.82108408  p_x
   29   3   2  -2       0.03992554  d_xy
   29   3   2  -1       0.04087007  d_yz
   29   3   2   0       0.01866878  d_z2
   29   3   2   1       0.04027197  d_xz
   29   3   2   2       0.02135890  d_x2-y2
   30   1   0   0       1.35735460  s
   30   2   1  -1       0.82750973  p_y
   30   2   1   0       0.81922061  p_z
   30   2   1   1       0.82336217  p_x
   30   3   2  -2       0.04193298  d_xy
   30   3   2  -1       0.03825763  d_yz
   30   3   2   0       0.02258409  d_z2
   30   3   2   1       0.04303180  d_xz
   30   3   2   2       0.01922804  d_x2-y2
   31   1   0   0       1.33691966  s
   31   2   1  -1       0.82327761  p_y
   31   2   1   0       0.82929873  p_z
   31   2   1   1       0.82679884  p_x
   31   3   2  -2       0.04558955  d_xy
   31   3   2  -1       0.03929898  d_yz
   31   3   2   0       0.02228061  d_z2
   31   3   2   1       0.04181748  d_xz
   31   3   2   2       0.02220424  d_x2-y2
   32   1   0   0       1.34686202  s
   32   2   1  -1       0.82261656  p_y
   32   2   1   0       0.82626191  p_z
   32   2   1   1       0.82825320  p_x
   32   3   2  -2       0.04422899  d_xy
   32   3   2  -1       0.04257660  d_yz
   32   3   2   0       0.02191239  d_z2
   32   3   2   1       0.03727847  d_xz
   32   3   2   2       0.01992848  d_x2-y2
   33   1   0   0       1.34585809  s
   33   2   1  -1       0.82317917  p_y
   33   2   1   0       0.82433264  p_z
   33   2   1   1       0.81837900  p_x
   33   3   2  -2       0.04787821  d_xy
   33   3   2  -1       0.04138976  d_yz
   33   3   2   0       0.02649548  d_z2
   33   3   2   1       0.03625509  d_xz
   33   3   2   2       0.02124723  d_x2-y2
   34   1   0   0       1.39744000  s
   34   2   1  -1       0.82650089  p_y
   34   2   1   0       0.83223238  p_z
   34   2   1   1       0.83443448  p_x
   34   3   2  -2       0.03373655  d_xy
   34   3   2  -1       0.03665796  d_yz
   34   3   2   0       0.01557373  d_z2
   34   3   2   1       0.03603649  d_xz
   34   3   2   2       0.01628246  d_x2-y2
   35   1   0   0       1.33294517  s
   35   2   1  -1       0.82144182  p_y
   35   2   1   0       0.82983976  p_z
   35   2   1   1       0.82577519  p_x
   35   3   2  -2       0.04568312  d_xy
   35   3   2  -1       0.04268578  d_yz
   35   3   2   0       0.02365214  d_z2
   35   3   2   1       0.04192380  d_xz
   35   3   2   2       0.02360361  d_x2-y2
   36   1   0   0       1.32336218  s
   36   2   1  -1       0.82459754  p_y
   36   2   1   0       0.82799755  p_z
   36   2   1   1       0.82378375  p_x
   36   3   2  -2       0.04524415  d_xy
   36   3   2  -1       0.04507225  d_yz
   36   3   2   0       0.02458447  d_z2
   36   3   2   1       0.04738608  d_xz
   36   3   2   2       0.02666615  d_x2-y2
   37   1   0   0       1.36436377  s
   37   2   1  -1       0.83279423  p_y
   37   2   1   0       0.82317011  p_z
   37   2   1   1       0.82270458  p_x
   37   3   2  -2       0.03829089  d_xy
   37   3   2  -1       0.03790846  d_yz
   37   3   2   0       0.02245559  d_z2
   37   3   2   1       0.04186326  d_xz
   37   3   2   2       0.01943983  d_x2-y2
   38   1   0   0       1.37801455  s
   38   2   1  -1       0.82688819  p_y
   38   2   1   0       0.83513466  p_z
   38   2   1   1       0.82994261  p_x
   38   3   2  -2       0.04316947  d_xy
   38   3   2  -1       0.03299364  d_yz
   38   3   2   0       0.01567787  d_z2
   38   3   2   1       0.03713420  d_xz
   38   3   2   2       0.01941424  d_x2-y2
   39   1   0   0       1.36390030  s
   39   2   1  -1       0.83015340  p_y
   39   2   1   0       0.82719761  p_z
   39   2   1   1       0.83155650  p_x
   39   3   2  -2       0.03633883  d_xy
   39   3   2  -1       0.03851709  d_yz
   39   3   2   0       0.02009139  d_z2
   39   3   2   1       0.04223130  d_xz
   39   3   2   2       0.01909795  d_x2-y2
   40   1   0   0       1.39027122  s
   40   2   1  -1       0.82675500  p_y
   40   2   1   0       0.83290143  p_z
   40   2   1   1       0.82825827  p_x
   40   3   2  -2       0.03889663  d_xy
   40   3   2  -1       0.03919355  d_yz
   40   3   2   0       0.01848607  d_z2
   40   3   2   1       0.03311341  d_xz
   40   3   2   2       0.01745503  d_x2-y2
   41   1   0   0       1.34687890  s
   41   2   1  -1       0.82155022  p_y
   41   2   1   0       0.82811084  p_z
   41   2   1   1       0.82672636  p_x
   41   3   2  -2       0.04204980  d_xy
   41   3   2  -1       0.04198969  d_yz
   41   3   2   0       0.02108022  d_z2
   41   3   2   1       0.04215939  d_xz
   41   3   2   2       0.02312091  d_x2-y2
   42   1   0   0       1.37407191  s
   42   2   1  -1       0.82728735  p_y
   42   2   1   0       0.81875503  p_z
   42   2   1   1       0.82647592  p_x
   42   3   2  -2       0.03812085  d_xy
   42   3   2  -1       0.04526817  d_yz
   42   3   2   0       0.02095593  d_z2
   42   3   2   1       0.03751322  d_xz
   42   3   2   2       0.02137037  d_x2-y2
   43   1   0   0       1.35236331  s
   43   2   1  -1       0.81160627  p_y
   43   2   1   0       0.83091259  p_z
   43   2   1   1       0.82895287  p_x
   43   3   2  -2       0.03920786  d_xy
   43   3   2  -1       0.04186722  d_yz
   43   3   2   0       0.01827328  d_z2
   43   3   2   1       0.03834266  d_xz
   43   3   2   2       0.02271746  d_x2-y2
   44   1   0   0       1.36619989  s
   44   2   1  -1       0.82949545  p_y
   44   2   1   0       0.82717973  p_z
   44   2   1   1       0.82821137  p_x
   44   3   2  -2       0.04339063  d_xy
   44   3   2  -1       0.03360961  d_yz
   44   3   2   0       0.02041786  d_z2
   44   3   2   1       0.04011811  d_xz
   44   3   2   2       0.01731087  d_x2-y2
   45   1   0   0       1.39534819  s
   45   2   1  -1       0.83336708  p_y
   45   2   1   0       0.83234501  p_z
   45   2   1   1       0.83041715  p_x
   45   3   2  -2       0.03604573  d_xy
   45   3   2  -1       0.03268411  d_yz
   45   3   2   0       0.01450270  d_z2
   45   3   2   1       0.03475121  d_xz
   45   3   2   2       0.01552638  d_x2-y2
   46   1   0   0       1.32933591  s
   46   2   1  -1       0.82871692  p_y
   46   2   1   0       0.83620292  p_z
   46   2   1   1       0.82349421  p_x
   46   3   2  -2       0.04695499  d_xy
   46   3   2  -1       0.03800567  d_yz
   46   3   2   0       0.02113316  d_z2
   46   3   2   1       0.04411727  d_xz
   46   3   2   2       0.02523085  d_x2-y2
   47   1   0   0       1.35898316  s
   47   2   1  -1       0.83276489  p_y
   47   2   1   0       0.82355728  p_z
   47   2   1   1       0.83103523  p_x
   47   3   2  -2       0.03832410  d_xy
   47   3   2  -1       0.04333457  d_yz
   47   3   2   0       0.02064981  d_z2
   47   3   2   1       0.03624972  d_xz
   47   3   2   2       0.01743060  d_x2-y2
   48   1   0   0       1.36774707  s
   48   2   1  -1       0.82821244  p_y
   48   2   1   0       0.82890798  p_z
   48   2   1   1       0.82706990  p_x
   48   3   2  -2       0.03787880  d_xy
   48   3   2  -1       0.04019243  d_yz
   48   3   2   0       0.01779882  d_z2
   48   3   2   1       0.03712316  d_xz
   48   3   2   2       0.01899025  d_x2-y2
   49   1   0   0       1.32995130  s
   49   2   1  -1       0.82204895  p_y
   49   2   1   0       0.82663672  p_z
   49   2   1   1       0.82846325  p_x
   49   3   2  -2       0.04394022  d_xy
   49   3   2  -1       0.04589479  d_yz
   49   3   2   0       0.02306073  d_z2
   49   3   2   1       0.03847390  d_xz
   49   3   2   2       0.02330873  d_x2-y2
   50   1   0   0       1.36878294  s
   50   2   1  -1       0.82724518  p_y
   50   2   1   0       0.82599842  p_z
   50   2   1   1       0.82389183  p_x
   50   3   2  -2       0.04100630  d_xy
   50   3   2  -1       0.03815517  d_yz
   50   3   2   0       0.01937972  d_z2
   50   3   2   1       0.03570876  d_xz
   50   3   2   2       0.01846431  d_x2-y2
   51   1   0   0       1.35079674  s
   51   2   1  -1       0.83504207  p_y
   51   2   1   0       0.82537807  p_z
   51   2   1   1       0.82700642  p_x
   51   3   2  -2       0.03710723  d_xy
   51   3   2  -1       0.03800091  d_yz
   51   3   2   0       0.02052582  d_z2
   51   3   2   1       0.04535722  d_xz
   51   3   2   2       0.01963424  d_x2-y2
   52   1   0   0       1.34602417  s
   52   2   1  -1       0.82518063  p_y
   52   2   1   0       0.82490287  p_z
   52   2   1   1       0.82088207  p_x
   52   3   2  -2       0.04139647  d_xy
   52   3   2  -1       0.04082282  d_yz
   52   3   2   0       0.02246181  d_z2
   52   3   2   1       0.04277670  d_xz
   52   3   2   2       0.02123802  d_x2-y2
   53   1   0   0       1.37982188  s
   53   2   1  -1       0.83517966  p_y
   53   2   1   0       0.82740635  p_z
   53   2   1   1       0.83147633  p_x
   53   3   2  -2       0.03303328  d_xy
   53   3   2  -1       0.03640357  d_yz
   53   3   2   0       0.01728665  d_z2
   53   3   2   1       0.03899127  d_xz
   53   3   2   2       0.01540298  d_x2-y2
   54   1   0   0       1.34230609  s
   54   2   1  -1       0.83139728  p_y
   54   2   1   0       0.81607136  p_z
   54   2   1   1       0.82028394  p_x
   54   3   2  -2       0.04291637  d_xy
   54   3   2  -1       0.04166378  d_yz
   54   3   2   0       0.02377151  d_z2
   54   3   2   1       0.03759117  d_xz
   54   3   2   2       0.01950926  d_x2-y2
   55   1   0   0       1.35438012  s
   55   2   1  -1       0.82734194  p_y
   55   2   1   0       0.82570413  p_z
   55   2   1   1       0.82715374  p_x
   55   3   2  -2       0.03734383  d_xy
   55   3   2  -1       0.03989245  d_yz
   55   3   2   0       0.01885276  d_z2
   55   3   2   1       0.03868206  d_xz
   55   3   2   2       0.02002360  d_x2-y2
   56   1   0   0       1.33691442  s
   56   2   1  -1       0.82847384  p_y
   56   2   1   0       0.82529757  p_z
   56   2   1   1       0.82263509  p_x
   56   3   2  -2       0.03929634  d_xy
   56   3   2  -1       0.03841865  d_yz
   56   3   2   0       0.02171950  d_z2
   56   3   2   1       0.04730238  d_xz
   56   3   2   2       0.02195984  d_x2-y2
   57   1   0   0       1.37158438  s
   57   2   1  -1       0.82407972  p_y
   57   2   1   0       0.82598165  p_z
   57   2   1   1       0.83095899  p_x
   57   3   2  -2       0.03799120  d_xy
   57   3   2  -1       0.03838880  d_yz
   57   3   2   0       0.01901052  d_z2
   57   3   2   1       0.03924515  d_xz
   57   3   2   2       0.01846903  d_x2-y2
   58   1   0   0       1.35181190  s
   58   2   1  -1       0.82743322  p_y
   58   2   1   0       0.83121768  p_z
   58   2   1   1       0.81650899  p_x
   58   3   2  -2       0.04202456  d_xy
   58   3   2  -1       0.03930460  d_yz
   58   3   2   0       0.02088797  d_z2
   58   3   2   1       0.04480501  d_xz
   58   3   2   2       0.02195877  d_x2-y2
   59   1   0   0       1.40048316  s
   59   2   1  -1       0.83667636  p_y
   59   2   1   0       0.82588990  p_z
   59   2   1   1       0.83919433  p_x
   59   3   2  -2       0.02935515  d_xy
   59   3   2  -1       0.03863533  d_yz
   59   3   2   0       0.01494148  d_z2
   59   3   2   1       0.03409826  d_xz
   59   3   2   2       0.01551659  d_x2-y2
   60   1   0   0       1.33762382  s
   60   2   1  -1       0.82385644  p_y
   60   2   1   0       0.83179672  p_z
   60   2   1   1       0.81910832  p_x
   60   3   2  -2       0.04581228  d_xy
   60   3   2  -1       0.04163942  d_yz
   60   3   2   0       0.02329777  d_z2
   60   3   2   1       0.03850874  d_xz
   60   3   2   2       0.02124486  d_x2-y2
   61   1   0   0       1.36414162  s
   61   2   1  -1       0.82667262  p_y
   61   2   1   0       0.82767368  p_z
   61   2   1   1       0.83256578  p_x
   61   3   2  -2       0.03607898  d_xy
   61   3   2  -1       0.04002611  d_yz
   61   3   2   0       0.01830880  d_z2
   61   3   2   1       0.03704732  d_xz
   61   3   2   2       0.01829081  d_x2-y2
   62   1   0   0       1.38781938  s
   62   2   1  -1       0.83143627  p_y
   62   2   1   0       0.82303367  p_z
   62   2   1   1       0.82843036  p_x
   62   3   2  -2       0.03522248  d_xy
   62   3   2  -1       0.03176532  d_yz
   62   3   2   0       0.01816650  d_z2
   62   3   2   1       0.04353149  d_xz
   62   3   2   2       0.01562340  d_x2-y2
   63   1   0   0       1.34086869  s
   63   2   1  -1       0.81900799  p_y
   63   2   1   0       0.83286579  p_z
   63   2   1   1       0.82653020  p_x
   63   3   2  -2       0.04842750  d_xy
   63   3   2  -1       0.03839997  d_yz
   63   3   2   0       0.02138226  d_z2
   63   3   2   1       0.03865289  d_xz
   63   3   2   2       0.02290291  d_x2-y2
   64   1   0   0       1.36326223  s
   64   2   1  -1       0.83202092  p_y
   64   2   1   0       0.82480694  p_z
   64   2   1   1       0.83211967  p_x
   64   3   2  -2       0.03277166  d_xy
   64   3   2  -1       0.04226238  d_yz
   64   3   2   0       0.01738684  d_z2
   64   3   2   1       0.03605908  d_xz
   64   3   2   2       0.01700444  d_x2-y2

Fermi level:                        -0.1332043072 H           -3.6247 eV
Band energy:                       -88.1339698783 H        -2398.2473 eV
TS:                                  0.0000000000 H            0.0000 eV
Band free energy (E-TS):           -88.1339698783 H        -2398.2473 eV
Extrapolated E(0K):                -88.1339698783 H        -2398.2473 eV
Input / Output electrons (q):    256.0000000000    256.0000000000

Energy H0:                         -88.1219089053 H        -2397.9191 eV
Energy SCC:                          0.0004922732 H            0.0134 eV
Total Electronic energy:           -88.1214166321 H        -2397.9058 eV
Repulsive energy:                    0.0000000000 H            0.0000 eV
Total energy:                      -88.1214166321 H        -2397.9058 eV
Extrapolated to 0:                 -88.1214166322 H        -2397.9058 eV
Total Mermin free energy:          -88.1214166322 H        -2397.9058 eV
Force related energy:              -88.1214166322 H        -2397.9058 eV

Non-constrained calculation

SCC converged

Warning: dipole moment is not defined absolutely!
Dipole moment:   -0.33099656   -0.14524953    0.19776904 au
Dipole moment:   -0.84130941   -0.36918750    0.50267879 Debye


