 Fermi distribution function

Calculation with static geometry


********************************************************************************
 iSCC Total electronic   Diff electronic      SCC error    
    9   -0.88183554E+02   -0.84992280E-09    0.88521099E-05
********************************************************************************

 Total charge:    -0.00000000

 Atomic gross charges (e)
 Atom           Charge
    1       0.01136347
    2       0.00431134
    3      -0.00424620
    4      -0.01084023
    5      -0.01935461
    6       0.00020951
    7       0.00194014
    8       0.00138554
    9      -0.00307978
   10      -0.00192919
   11       0.00336648
   12       0.01037344
   13       0.01337548
   14      -0.01165775
   15       0.00083102
   16       0.00199942
   17       0.01029125
   18       0.00487136
   19      -0.00114827
   20      -0.00196141
   21       0.00150951
   22       0.00065617
   23       0.01220186
   24      -0.00128446
   25      -0.00845412
   26       0.01124856
   27       0.00384757
   28       0.01432540
   29      -0.02265216
   30      -0.01192093
   31      -0.00057020
   32       0.00375169
   33       0.00842950
   34      -0.01376356
   35       0.00879626
   36      -0.01229096
   37       0.00905487
   38      -0.01052499
   39       0.01559191
   40      -0.01401847
   41      -0.02169943
   42      -0.00313718
   43      -0.01243924
   44       0.00395419
   45       0.00093914
   46       0.00124516
   47       0.01157043
   48      -0.01309401
   49       0.01206432
   50      -0.00426228
   51       0.01250437
   52       0.00856259
   53       0.01068042
   54      -0.00056235
   55       0.00557257
   56       0.00221136
   57      -0.00711623
   58       0.01672669
   59      -0.03025829
   60      -0.00349222
   61      -0.01143508
   62      -0.00157422
   63       0.00842817
   64       0.01057663

Nr. of electrons (up):    256.00000000
Atom populations (up)
 Atom       Population
    1       3.98863653
    2       3.99568866
    3       4.00424620
    4       4.01084023
    5       4.01935461
    6       3.99979049
    7       3.99805986
    8       3.99861446
    9       4.00307978
   10       4.00192919
   11       3.99663352
   12       3.98962656
   13       3.98662452
   14       4.01165775
   15       3.99916898
   16       3.99800058
   17       3.98970875
   18       3.99512864
   19       4.00114827
   20       4.00196141
   21       3.99849049
   22       3.99934383
   23       3.98779814
   24       4.00128446
   25       4.00845412
   26       3.98875144
   27       3.99615243
   28       3.98567460
   29       4.02265216
   30       4.01192093
   31       4.00057020
   32       3.99624831
   33       3.99157050
   34       4.01376356
   35       3.99120374
   36       4.01229096
   37       3.99094513
   38       4.01052499
   39       3.98440809
   40       4.01401847
   41       4.02169943
   42       4.00313718
   43       4.01243924
   44       3.99604581
   45       3.99906086
   46       3.99875484
   47       3.98842957
   48       4.01309401
   49       3.98793568
   50       4.00426228
   51       3.98749563
   52       3.99143741
   53       3.98931958
   54       4.00056235
   55       3.99442743
   56       3.99778864
   57       4.00711623
   58       3.98327331
   59       4.03025829
   60       4.00349222
   61       4.01143508
   62       4.00157422
   63       3.99157183
   64       3.98942337

l-shell populations (up)
 Atom Sh.   l       Population
    1   1   0       1.34125084
    1   2   1       2.47817675
    1   3   2       0.16920895
    2   1   0       1.34742980
    2   2   1       2.47768499
    2   3   2       0.17057387
    3   1   0       1.36063131
    3   2   1       2.49393463
    3   3   2       0.14968025
    4   1   0       1.36667604
    4   2   1       2.49092548
    4   3   2       0.15323871
    5   1   0       1.40021789
    5   2   1       2.48259752
    5   3   2       0.13653920
    6   1   0       1.35607844
    6   2   1       2.48492129
    6   3   2       0.15879076
    7   1   0       1.35775085
    7   2   1       2.48178553
    7   3   2       0.15852348
    8   1   0       1.35155173
    8   2   1       2.48847237
    8   3   2       0.15859036
    9   1   0       1.36182190
    9   2   1       2.47901970
    9   3   2       0.16223818
   10   1   0       1.36493948
   10   2   1       2.48528733
   10   3   2       0.15170238
   11   1   0       1.34484251
   11   2   1       2.48321691
   11   3   2       0.16857410
   12   1   0       1.33734253
   12   2   1       2.47905110
   12   3   2       0.17323292
   13   1   0       1.33324568
   13   2   1       2.48011104
   13   3   2       0.17326780
   14   1   0       1.37651475
   14   2   1       2.48997760
   14   3   2       0.14516540
   15   1   0       1.34927220
   15   2   1       2.49243822
   15   3   2       0.15745855
   16   1   0       1.35715863
   16   2   1       2.48195941
   16   3   2       0.15888253
   17   1   0       1.34247861
   17   2   1       2.48270622
   17   3   2       0.16452391
   18   1   0       1.35146505
   18   2   1       2.48696445
   18   3   2       0.15669915
   19   1   0       1.35927689
   19   2   1       2.48904741
   19   3   2       0.15282396
   20   1   0       1.36310434
   20   2   1       2.48834493
   20   3   2       0.15051214
   21   1   0       1.35911215
   21   2   1       2.48469173
   21   3   2       0.15468660
   22   1   0       1.35662508
   22   2   1       2.48720760
   22   3   2       0.15551115
   23   1   0       1.34641872
   23   2   1       2.47228372
   23   3   2       0.16909570
   24   1   0       1.36291707
   24   2   1       2.49177500
   24   3   2       0.14659239
   25   1   0       1.37689648
   25   2   1       2.48271528
   25   3   2       0.14884236
   26   1   0       1.34670144
   26   2   1       2.47429935
   26   3   2       0.16775064
   27   1   0       1.35372197
   27   2   1       2.48070107
   27   3   2       0.16172939
   28   1   0       1.33486761
   28   2   1       2.47586593
   28   3   2       0.17494106
   29   1   0       1.39255432
   29   2   1       2.49318189
   29   3   2       0.13691595
   30   1   0       1.37786262
   30   2   1       2.48625457
   30   3   2       0.14780374
   31   1   0       1.36195508
   31   2   1       2.49197198
   31   3   2       0.14664314
   32   1   0       1.35241679
   32   2   1       2.48069527
   32   3   2       0.16313624
   33   1   0       1.34468456
   33   2   1       2.48690573
   33   3   2       0.15998020
   34   1   0       1.38713527
   34   2   1       2.49020279
   34   3   2       0.13642550
   35   1   0       1.34603882
   35   2   1       2.48027570
   35   3   2       0.16488922
   36   1   0       1.37552523
   36   2   1       2.48902964
   36   3   2       0.14773609
   37   1   0       1.35333898
   37   2   1       2.47393712
   37   3   2       0.16366903
   38   1   0       1.36655348
   38   2   1       2.48998716
   38   3   2       0.15398436
   39   1   0       1.33942397
   39   2   1       2.47195984
   39   3   2       0.17302427
   40   1   0       1.37438896
   40   2   1       2.48983925
   40   3   2       0.14979026
   41   1   0       1.37511473
   41   2   1       2.49605894
   41   3   2       0.15052577
   42   1   0       1.36209944
   42   2   1       2.48220305
   42   3   2       0.15883469
   43   1   0       1.37508850
   43   2   1       2.49370258
   43   3   2       0.14364817
   44   1   0       1.34412541
   44   2   1       2.49256564
   44   3   2       0.15935476
   45   1   0       1.35908364
   45   2   1       2.48827015
   45   3   2       0.15170708
   46   1   0       1.34576573
   46   2   1       2.48662016
   46   3   2       0.16636896
   47   1   0       1.34440646
   47   2   1       2.47898429
   47   3   2       0.16503882
   48   1   0       1.36929225
   48   2   1       2.49753511
   48   3   2       0.14626666
   49   1   0       1.33936479
   49   2   1       2.47885569
   49   3   2       0.16971520
   50   1   0       1.37199160
   50   2   1       2.48657067
   50   3   2       0.14570001
   51   1   0       1.33480473
   51   2   1       2.48033194
   51   3   2       0.17235895
   52   1   0       1.35271149
   52   2   1       2.47619979
   52   3   2       0.16252613
   53   1   0       1.33279075
   53   2   1       2.47897468
   53   3   2       0.17755414
   54   1   0       1.36096895
   54   2   1       2.48678906
   54   3   2       0.15280434
   55   1   0       1.35122410
   55   2   1       2.48213355
   55   3   2       0.16106977
   56   1   0       1.34191875
   56   2   1       2.49037661
   56   3   2       0.16549328
   57   1   0       1.37222188
   57   2   1       2.48499126
   57   3   2       0.14990309
   58   1   0       1.33684102
   58   2   1       2.47040081
   58   3   2       0.17603148
   59   1   0       1.40594783
   59   2   1       2.49626773
   59   3   2       0.12804274
   60   1   0       1.35923008
   60   2   1       2.49466328
   60   3   2       0.14959887
   61   1   0       1.38067807
   61   2   1       2.48250445
   61   3   2       0.14825257
   62   1   0       1.35593516
   62   2   1       2.48029971
   62   3   2       0.16533935
   63   1   0       1.34602154
   63   2   1       2.47927281
   63   3   2       0.16627748
   64   1   0       1.34448838
   64   2   1       2.48282099
   64   3   2       0.16211399

Orbital populations (up)
 Atom Sh.   l   m       Population  Label
    1   1   0   0       1.34125084  s
    1   2   1  -1       0.82531047  p_y
    1   2   1   0       0.82671214  p_z
    1   2   1   1       0.82615414  p_x
    1   3   2  -2       0.04126129  d_xy
    1   3   2  -1       0.04391712  d_yz
    1   3   2   0       0.02218757  d_z2
    1   3   2   1       0.03979182  d_xz
    1   3   2   2       0.02205115  d_x2-y2
    2   1   0   0       1.34742980  s
    2   2   1  -1       0.82337746  p_y
    2   2   1   0       0.82849132  p_z
    2   2   1   1       0.82581621  p_x
    2   3   2  -2       0.04545588  d_xy
    2   3   2  -1       0.04091960  d_yz
    2   3   2   0       0.02218165  d_z2
    2   3   2   1       0.04001509  d_xz
    2   3   2   2       0.02200165  d_x2-y2
    3   1   0   0       1.36063131  s
    3   2   1  -1       0.83334449  p_y
    3   2   1   0       0.82902681  p_z
    3   2   1   1       0.83156333  p_x
    3   3   2  -2       0.03787464  d_xy
    3   3   2  -1       0.03775692  d_yz
    3   3   2   0       0.01917544  d_z2
    3   3   2   1       0.03761044  d_xz
    3   3   2   2       0.01726282  d_x2-y2
    4   1   0   0       1.36667604  s
    4   2   1  -1       0.82737779  p_y
    4   2   1   0       0.83459504  p_z
    4   2   1   1       0.82895265  p_x
    4   3   2  -2       0.04240531  d_xy
    4   3   2  -1       0.03810849  d_yz
    4   3   2   0       0.01773249  d_z2
    4   3   2   1       0.03561797  d_xz
    4   3   2   2       0.01937444  d_x2-y2
    5   1   0   0       1.40021789  s
    5   2   1  -1       0.82629026  p_y
    5   2   1   0       0.82652580  p_z
    5   2   1   1       0.82978146  p_x
    5   3   2  -2       0.03828850  d_xy
    5   3   2  -1       0.03489615  d_yz
    5   3   2   0       0.01717478  d_z2
    5   3   2   1       0.03101473  d_xz
    5   3   2   2       0.01516505  d_x2-y2
    6   1   0   0       1.35607844  s
    6   2   1  -1       0.82854058  p_y
    6   2   1   0       0.82652498  p_z
    6   2   1   1       0.82985573  p_x
    6   3   2  -2       0.03827476  d_xy
    6   3   2  -1       0.03896710  d_yz
    6   3   2   0       0.01946645  d_z2
    6   3   2   1       0.04252828  d_xz
    6   3   2   2       0.01955417  d_x2-y2
    7   1   0   0       1.35775085  s
    7   2   1  -1       0.83058895  p_y
    7   2   1   0       0.82699875  p_z
    7   2   1   1       0.82419783  p_x
    7   3   2  -2       0.04201153  d_xy
    7   3   2  -1       0.03755394  d_yz
    7   3   2   0       0.02057465  d_z2
    7   3   2   1       0.04007181  d_xz
    7   3   2   2       0.01831155  d_x2-y2
    8   1   0   0       1.35155173  s
    8   2   1  -1       0.83305497  p_y
    8   2   1   0       0.83047713  p_z
    8   2   1   1       0.82494028  p_x
    8   3   2  -2       0.03879383  d_xy
    8   3   2  -1       0.04288813  d_yz
    8   3   2   0       0.01861415  d_z2
    8   3   2   1       0.03720712  d_xz
    8   3   2   2       0.02108714  d_x2-y2
    9   1   0   0       1.36182190  s
    9   2   1  -1       0.82969759  p_y
    9   2   1   0       0.82301664  p_z
    9   2   1   1       0.82630547  p_x
    9   3   2  -2       0.03810342  d_xy
    9   3   2  -1       0.03885864  d_yz
    9   3   2   0       0.02158327  d_z2
    9   3   2   1       0.04433851  d_xz
    9   3   2   2       0.01935433  d_x2-y2
   10   1   0   0       1.36493948  s
   10   2   1  -1       0.82219525  p_y
   10   2   1   0       0.83406739  p_z
   10   2   1   1       0.82902470  p_x
   10   3   2  -2       0.03930738  d_xy
   10   3   2  -1       0.03731611  d_yz
   10   3   2   0       0.01841256  d_z2
   10   3   2   1       0.03701673  d_xz
   10   3   2   2       0.01964960  d_x2-y2
   11   1   0   0       1.34484251  s
   11   2   1  -1       0.82642497  p_y
   11   2   1   0       0.82653907  p_z
   11   2   1   1       0.83025287  p_x
   11   3   2  -2       0.04149231  d_xy
   11   3   2  -1       0.04153644  d_yz
   11   3   2   0       0.02265913  d_z2
   11   3   2   1       0.04153701  d_xz
   11   3   2   2       0.02134922  d_x2-y2
   12   1   0   0       1.33734253  s
   12   2   1  -1       0.82299164  p_y
   12   2   1   0       0.83178160  p_z
   12   2   1   1       0.82427786  p_x
   12   3   2  -2       0.04220120  d_xy
   12   3   2  -1       0.04133110  d_yz
   12   3   2   0       0.02224504  d_z2
   12   3   2   1       0.04427352  d_xz
   12   3   2   2       0.02318206  d_x2-y2
   13   1   0   0       1.33324568  s
   13   2   1  -1       0.82607054  p_y
   13   2   1   0       0.82789957  p_z
   13   2   1   1       0.82614094  p_x
   13   3   2  -2       0.04146433  d_xy
   13   3   2  -1       0.04191046  d_yz
   13   3   2   0       0.02376754  d_z2
   13   3   2   1       0.04384442  d_xz
   13   3   2   2       0.02228105  d_x2-y2
   14   1   0   0       1.37651475  s
   14   2   1  -1       0.82896384  p_y
   14   2   1   0       0.83249504  p_z
   14   2   1   1       0.82851871  p_x
   14   3   2  -2       0.03932323  d_xy
   14   3   2  -1       0.03706191  d_yz
   14   3   2   0       0.01600915  d_z2
   14   3   2   1       0.03474948  d_xz
   14   3   2   2       0.01802163  d_x2-y2
   15   1   0   0       1.34927220  s
   15   2   1  -1       0.82912142  p_y
   15   2   1   0       0.83281121  p_z
   15   2   1   1       0.83050559  p_x
   15   3   2  -2       0.03866207  d_xy
   15   3   2  -1       0.03906483  d_yz
   15   3   2   0       0.01947989  d_z2
   15   3   2   1       0.04023511  d_xz
   15   3   2   2       0.02001665  d_x2-y2
   16   1   0   0       1.35715863  s
   16   2   1  -1       0.82351792  p_y
   16   2   1   0       0.82771122  p_z
   16   2   1   1       0.83073027  p_x
   16   3   2  -2       0.04048332  d_xy
   16   3   2  -1       0.03898281  d_yz
   16   3   2   0       0.01985661  d_z2
   16   3   2   1       0.03984377  d_xz
   16   3   2   2       0.01971604  d_x2-y2
   17   1   0   0       1.34247861  s
   17   2   1  -1       0.82724712  p_y
   17   2   1   0       0.82889526  p_z
   17   2   1   1       0.82656384  p_x
   17   3   2  -2       0.04164997  d_xy
   17   3   2  -1       0.03833721  d_yz
   17   3   2   0       0.02068384  d_z2
   17   3   2   1       0.04269579  d_xz
   17   3   2   2       0.02115710  d_x2-y2
   18   1   0   0       1.35146505  s
   18   2   1  -1       0.82810764  p_y
   18   2   1   0       0.82842356  p_z
   18   2   1   1       0.83043325  p_x
   18   3   2  -2       0.03532028  d_xy
   18   3   2  -1       0.04195273  d_yz
   18   3   2   0       0.01941103  d_z2
   18   3   2   1       0.03973026  d_xz
   18   3   2   2       0.02028485  d_x2-y2
   19   1   0   0       1.35927689  s
   19   2   1  -1       0.83001747  p_y
   19   2   1   0       0.83139260  p_z
   19   2   1   1       0.82763734  p_x
   19   3   2  -2       0.03919812  d_xy
   19   3   2  -1       0.03944876  d_yz
   19   3   2   0       0.01854899  d_z2
   19   3   2   1       0.03646725  d_xz
   19   3   2   2       0.01916084  d_x2-y2
   20   1   0   0       1.36310434  s
   20   2   1  -1       0.83242588  p_y
   20   2   1   0       0.82766032  p_z
   20   2   1   1       0.82825874  p_x
   20   3   2  -2       0.03482714  d_xy
   20   3   2  -1       0.03680237  d_yz
   20   3   2   0       0.01887157  d_z2
   20   3   2   1       0.04156557  d_xz
   20   3   2   2       0.01844550  d_x2-y2
   21   1   0   0       1.35911215  s
   21   2   1  -1       0.83370124  p_y
   21   2   1   0       0.82415427  p_z
   21   2   1   1       0.82683623  p_x
   21   3   2  -2       0.03765943  d_xy
   21   3   2  -1       0.03716471  d_yz
   21   3   2   0       0.01903240  d_z2
   21   3   2   1       0.04189163  d_xz
   21   3   2   2       0.01893843  d_x2-y2
   22   1   0   0       1.35662508  s
   22   2   1  -1       0.82890824  p_y
   22   2   1   0       0.83229441  p_z
   22   2   1   1       0.82600495  p_x
   22   3   2  -2       0.04121153  d_xy
   22   3   2  -1       0.04038311  d_yz
   22   3   2   0       0.01902300  d_z2
   22   3   2   1       0.03575125  d_xz
   22   3   2   2       0.01914227  d_x2-y2
   23   1   0   0       1.34641872  s
   23   2   1  -1       0.83010492  p_y
   23   2   1   0       0.82117445  p_z
   23   2   1   1       0.82100436  p_x
   23   3   2  -2       0.04273066  d_xy
   23   3   2  -1       0.04139467  d_yz
   23   3   2   0       0.02462373  d_z2
   23   3   2   1       0.04037822  d_xz
   23   3   2   2       0.01996841  d_x2-y2
   24   1   0   0       1.36291707  s
   24   2   1  -1       0.82677259  p_y
   24   2   1   0       0.83341469  p_z
   24   2   1   1       0.83158771  p_x
   24   3   2  -2       0.03905846  d_xy
   24   3   2  -1       0.03657799  d_yz
   24   3   2   0       0.01696236  d_z2
   24   3   2   1       0.03553917  d_xz
   24   3   2   2       0.01845441  d_x2-y2
   25   1   0   0       1.37689648  s
   25   2   1  -1       0.82255052  p_y
   25   2   1   0       0.82744288  p_z
   25   2   1   1       0.83272188  p_x
   25   3   2  -2       0.03646226  d_xy
   25   3   2  -1       0.03972519  d_yz
   25   3   2   0       0.01827623  d_z2
   25   3   2   1       0.03637883  d_xz
   25   3   2   2       0.01799985  d_x2-y2
   26   1   0   0       1.34670144  s
   26   2   1  -1       0.82120528  p_y
   26   2   1   0       0.82541622  p_z
   26   2   1   1       0.82767785  p_x
   26   3   2  -2       0.04381502  d_xy
   26   3   2  -1       0.04210400  d_yz
   26   3   2   0       0.02228834  d_z2
   26   3   2   1       0.03845883  d_xz
   26   3   2   2       0.02108446  d_x2-y2
   27   1   0   0       1.35372197  s
   27   2   1  -1       0.83150919  p_y
   27   2   1   0       0.82231466  p_z
   27   2   1   1       0.82687722  p_x
   27   3   2  -2       0.03770070  d_xy
   27   3   2  -1       0.03794786  d_yz
   27   3   2   0       0.02195132  d_z2
   27   3   2   1       0.04527874  d_xz
   27   3   2   2       0.01885076  d_x2-y2
   28   1   0   0       1.33486761  s
   28   2   1  -1       0.82810025  p_y
   28   2   1   0       0.82418166  p_z
   28   2   1   1       0.82358401  p_x
   28   3   2  -2       0.04542903  d_xy
   28   3   2  -1       0.04047050  d_yz
   28   3   2   0       0.02273796  d_z2
   28   3   2   1       0.04358987  d_xz
   28   3   2   2       0.02271370  d_x2-y2
   29   1   0   0       1.39255432  s
   29   2   1  -1       0.82951543  p_y
   29   2   1   0       0.83143729  p_z
   29   2   1   1       0.83222917  p_x
   29   3   2  -2       0.03088978  d_xy
   29   3   2  -1       0.03842160  d_yz
   29   3   2   0       0.01522733  d_z2
   29   3   2   1       0.03607968  d_xz
   29   3   2   2       0.01629756  d_x2-y2
   30   1   0   0       1.37786262  s
   30   2   1  -1       0.82925628  p_y
   30   2   1   0       0.82801442  p_z
   30   2   1   1       0.82898387  p_x
   30   3   2  -2       0.03583211  d_xy
   30   3   2  -1       0.03655304  d_yz
   30   3   2   0       0.01715738  d_z2
   30   3   2   1       0.04002888  d_xz
   30   3   2   2       0.01823234  d_x2-y2
   31   1   0   0       1.36195508  s
   31   2   1  -1       0.83493881  p_y
   31   2   1   0       0.82684148  p_z
   31   2   1   1       0.83019168  p_x
   31   3   2  -2       0.03585701  d_xy
   31   3   2  -1       0.03607038  d_yz
   31   3   2   0       0.01775393  d_z2
   31   3   2   1       0.03944279  d_xz
   31   3   2   2       0.01751903  d_x2-y2
   32   1   0   0       1.35241679  s
   32   2   1  -1       0.83043022  p_y
   32   2   1   0       0.82861300  p_z
   32   2   1   1       0.82165206  p_x
   32   3   2  -2       0.04012231  d_xy
   32   3   2  -1       0.03886182  d_yz
   32   3   2   0       0.01979575  d_z2
   32   3   2   1       0.04283909  d_xz
   32   3   2   2       0.02151728  d_x2-y2
   33   1   0   0       1.34468456  s
   33   2   1  -1       0.83328907  p_y
   33   2   1   0       0.82483436  p_z
   33   2   1   1       0.82878230  p_x
   33   3   2  -2       0.03905172  d_xy
   33   3   2  -1       0.03875076  d_yz
   33   3   2   0       0.02039102  d_z2
   33   3   2   1       0.04223764  d_xz
   33   3   2   2       0.01954907  d_x2-y2
   34   1   0   0       1.38713527  s
   34   2   1  -1       0.82384847  p_y
   34   2   1   0       0.83288476  p_z
   34   2   1   1       0.83346957  p_x
   34   3   2  -2       0.03910371  d_xy
   34   3   2  -1       0.03473205  d_yz
   34   3   2   0       0.01508427  d_z2
   34   3   2   1       0.03154977  d_xz
   34   3   2   2       0.01595569  d_x2-y2
   35   1   0   0       1.34603882  s
   35   2   1  -1       0.82911429  p_y
   35   2   1   0       0.82839146  p_z
   35   2   1   1       0.82276995  p_x
   35   3   2  -2       0.04063358  d_xy
   35   3   2  -1       0.04073597  d_yz
   35   3   2   0       0.02200894  d_z2
   35   3   2   1       0.04103642  d_xz
   35   3   2   2       0.02047430  d_x2-y2
   36   1   0   0       1.37552523  s
   36   2   1  -1       0.83004154  p_y
   36   2   1   0       0.83123960  p_z
   36   2   1   1       0.82774850  p_x
   36   3   2  -2       0.03551439  d_xy
   36   3   2  -1       0.03801274  d_yz
   36   3   2   0       0.01600742  d_z2
   36   3   2   1       0.03913362  d_xz
   36   3   2   2       0.01906791  d_x2-y2
   37   1   0   0       1.35333898  s
   37   2   1  -1       0.81904032  p_y
   37   2   1   0       0.82852315  p_z
   37   2   1   1       0.82637364  p_x
   37   3   2  -2       0.04210170  d_xy
   37   3   2  -1       0.04169091  d_yz
   37   3   2   0       0.02168036  d_z2
   37   3   2   1       0.03809720  d_xz
   37   3   2   2       0.02009885  d_x2-y2
   38   1   0   0       1.36655348  s
   38   2   1  -1       0.83177505  p_y
   38   2   1   0       0.82458270  p_z
   38   2   1   1       0.83362940  p_x
   38   3   2  -2       0.03434849  d_xy
   38   3   2  -1       0.04230209  d_yz
   38   3   2   0       0.01947121  d_z2
   38   3   2   1       0.03961176  d_xz
   38   3   2   2       0.01825081  d_x2-y2
   39   1   0   0       1.33942397  s
   39   2   1  -1       0.81987772  p_y
   39   2   1   0       0.82806407  p_z
   39   2   1   1       0.82401805  p_x
   39   3   2  -2       0.04759951  d_xy
   39   3   2  -1       0.04073748  d_yz
   39   3   2   0       0.02266609  d_z2
   39   3   2   1       0.03945930  d_xz
   39   3   2   2       0.02256189  d_x2-y2
   40   1   0   0       1.37438896  s
   40   2   1  -1       0.83091977  p_y
   40   2   1   0       0.82646323  p_z
   40   2   1   1       0.83245625  p_x
   40   3   2  -2       0.03523740  d_xy
   40   3   2  -1       0.03616076  d_yz
   40   3   2   0       0.01756991  d_z2
   40   3   2   1       0.04255669  d_xz
   40   3   2   2       0.01826551  d_x2-y2
   41   1   0   0       1.37511473  s
   41   2   1  -1       0.83103659  p_y
   41   2   1   0       0.82963646  p_z
   41   2   1   1       0.83538589  p_x
   41   3   2  -2       0.03614553  d_xy
   41   3   2  -1       0.03777423  d_yz
   41   3   2   0       0.01849968  d_z2
   41   3   2   1       0.03895704  d_xz
   41   3   2   2       0.01914929  d_x2-y2
   42   1   0   0       1.36209944  s
   42   2   1  -1       0.83042332  p_y
   42   2   1   0       0.82981481  p_z
   42   2   1   1       0.82196492  p_x
   42   3   2  -2       0.03914944  d_xy
   42   3   2  -1       0.03843919  d_yz
   42   3   2   0       0.01941195  d_z2
   42   3   2   1       0.04141150  d_xz
   42   3   2   2       0.02042261  d_x2-y2
   43   1   0   0       1.37508850  s
   43   2   1  -1       0.83013016  p_y
   43   2   1   0       0.82963031  p_z
   43   2   1   1       0.83394211  p_x
   43   3   2  -2       0.03765192  d_xy
   43   3   2  -1       0.03549169  d_yz
   43   3   2   0       0.01904472  d_z2
   43   3   2   1       0.03545754  d_xz
   43   3   2   2       0.01600230  d_x2-y2
   44   1   0   0       1.34412541  s
   44   2   1  -1       0.83420727  p_y
   44   2   1   0       0.82462146  p_z
   44   2   1   1       0.83373691  p_x
   44   3   2  -2       0.03511115  d_xy
   44   3   2  -1       0.04043136  d_yz
   44   3   2   0       0.02040877  d_z2
   44   3   2   1       0.04363123  d_xz
   44   3   2   2       0.01977225  d_x2-y2
   45   1   0   0       1.35908364  s
   45   2   1  -1       0.83079483  p_y
   45   2   1   0       0.82897394  p_z
   45   2   1   1       0.82850137  p_x
   45   3   2  -2       0.03578466  d_xy
   45   3   2  -1       0.03949085  d_yz
   45   3   2   0       0.01816158  d_z2
   45   3   2   1       0.03971564  d_xz
   45   3   2   2       0.01855433  d_x2-y2
   46   1   0   0       1.34576573  s
   46   2   1  -1       0.83440486  p_y
   46   2   1   0       0.82193825  p_z
   46   2   1   1       0.83027704  p_x
   46   3   2  -2       0.03838201  d_xy
   46   3   2  -1       0.04263146  d_yz
   46   3   2   0       0.02237591  d_z2
   46   3   2   1       0.04288468  d_xz
   46   3   2   2       0.02009490  d_x2-y2
   47   1   0   0       1.34440646  s
   47   2   1  -1       0.82524832  p_y
   47   2   1   0       0.82720946  p_z
   47   2   1   1       0.82652651  p_x
   47   3   2  -2       0.04047841  d_xy
   47   3   2  -1       0.04229978  d_yz
   47   3   2   0       0.02071750  d_z2
   47   3   2   1       0.04017922  d_xz
   47   3   2   2       0.02136391  d_x2-y2
   48   1   0   0       1.36929225  s
   48   2   1  -1       0.83469851  p_y
   48   2   1   0       0.83009315  p_z
   48   2   1   1       0.83274345  p_x
   48   3   2  -2       0.03869425  d_xy
   48   3   2  -1       0.03851762  d_yz
   48   3   2   0       0.01807243  d_z2
   48   3   2   1       0.03413100  d_xz
   48   3   2   2       0.01685135  d_x2-y2
   49   1   0   0       1.33936479  s
   49   2   1  -1       0.82531586  p_y
   49   2   1   0       0.82617965  p_z
   49   2   1   1       0.82736018  p_x
   49   3   2  -2       0.04416916  d_xy
   49   3   2  -1       0.04079085  d_yz
   49   3   2   0       0.02302172  d_z2
   49   3   2   1       0.04100574  d_xz
   49   3   2   2       0.02072772  d_x2-y2
   50   1   0   0       1.37199160  s
   50   2   1  -1       0.83046101  p_y
   50   2   1   0       0.83087009  p_z
   50   2   1   1       0.82523957  p_x
   50   3   2  -2       0.03927649  d_xy
   50   3   2  -1       0.03415499  d_yz
   50   3   2   0       0.01785293  d_z2
   50   3   2   1       0.03772284  d_xz
   50   3   2   2       0.01669276  d_x2-y2
   51   1   0   0       1.33480473  s
   51   2   1  -1       0.82744622  p_y
   51   2   1   0       0.82982618  p_z
   51   2   1   1       0.82305954  p_x
   51   3   2  -2       0.04531696  d_xy
   51   3   2  -1       0.03926956  d_yz
   51   3   2   0       0.02276748  d_z2
   51   3   2   1       0.04193872  d_xz
   51   3   2   2       0.02306623  d_x2-y2
   52   1   0   0       1.35271149  s
   52   2   1  -1       0.82333009  p_y
   52   2   1   0       0.82444972  p_z
   52   2   1   1       0.82841998  p_x
   52   3   2  -2       0.03892634  d_xy
   52   3   2  -1       0.04249040  d_yz
   52   3   2   0       0.02134227  d_z2
   52   3   2   1       0.04017643  d_xz
   52   3   2   2       0.01959068  d_x2-y2
   53   1   0   0       1.33279075  s
   53   2   1  -1       0.82470234  p_y
   53   2   1   0       0.83169014  p_z
   53   2   1   1       0.82258220  p_x
   53   3   2  -2       0.04795381  d_xy
   53   3   2  -1       0.04252227  d_yz
   53   3   2   0       0.02332850  d_z2
   53   3   2   1       0.04025558  d_xz
   53   3   2   2       0.02349399  d_x2-y2
   54   1   0   0       1.36096895  s
   54   2   1  -1       0.82885530  p_y
   54   2   1   0       0.82846121  p_z
   54   2   1   1       0.82947255  p_x
   54   3   2  -2       0.03629712  d_xy
   54   3   2  -1       0.03760321  d_yz
   54   3   2   0       0.01784013  d_z2
   54   3   2   1       0.04188189  d_xz
   54   3   2   2       0.01918199  d_x2-y2
   55   1   0   0       1.35122410  s
   55   2   1  -1       0.82200940  p_y
   55   2   1   0       0.82898988  p_z
   55   2   1   1       0.83113427  p_x
   55   3   2  -2       0.04234024  d_xy
   55   3   2  -1       0.04269144  d_yz
   55   3   2   0       0.01963737  d_z2
   55   3   2   1       0.03568509  d_xz
   55   3   2   2       0.02071563  d_x2-y2
   56   1   0   0       1.34191875  s
   56   2   1  -1       0.82725757  p_y
   56   2   1   0       0.83250023  p_z
   56   2   1   1       0.83061881  p_x
   56   3   2  -2       0.04091821  d_xy
   56   3   2  -1       0.04239469  d_yz
   56   3   2   0       0.02194311  d_z2
   56   3   2   1       0.03784171  d_xz
   56   3   2   2       0.02239556  d_x2-y2
   57   1   0   0       1.37222188  s
   57   2   1  -1       0.82044899  p_y
   57   2   1   0       0.83329280  p_z
   57   2   1   1       0.83124947  p_x
   57   3   2  -2       0.03741302  d_xy
   57   3   2  -1       0.04078563  d_yz
   57   3   2   0       0.01635674  d_z2
   57   3   2   1       0.03581533  d_xz
   57   3   2   2       0.01953237  d_x2-y2
   58   1   0   0       1.33684102  s
   58   2   1  -1       0.82567958  p_y
   58   2   1   0       0.82019908  p_z
   58   2   1   1       0.82452215  p_x
   58   3   2  -2       0.04073395  d_xy
   58   3   2  -1       0.04492280  d_yz
   58   3   2   0       0.02396863  d_z2
   58   3   2   1       0.04319489  d_xz
   58   3   2   2       0.02321121  d_x2-y2
   59   1   0   0       1.40594783  s
   59   2   1  -1       0.82815384  p_y
   59   2   1   0       0.83797725  p_z
   59   2   1   1       0.83013664  p_x
   59   3   2  -2       0.03554659  d_xy
   59   3   2  -1       0.03127243  d_yz
   59   3   2   0       0.01287952  d_z2
   59   3   2   1       0.03251687  d_xz
   59   3   2   2       0.01582733  d_x2-y2
   60   1   0   0       1.35923008  s
   60   2   1  -1       0.83384104  p_y
   60   2   1   0       0.83337299  p_z
   60   2   1   1       0.82744925  p_x
   60   3   2  -2       0.03768687  d_xy
   60   3   2  -1       0.03573798  d_yz
   60   3   2   0       0.01767611  d_z2
   60   3   2   1       0.04006856  d_xz
   60   3   2   2       0.01842934  d_x2-y2
   61   1   0   0       1.38067807  s
   61   2   1  -1       0.82944526  p_y
   61   2   1   0       0.82791305  p_z
   61   2   1   1       0.82514614  p_x
   61   3   2  -2       0.03562240  d_xy
   61   3   2  -1       0.03445153  d_yz
   61   3   2   0       0.01767688  d_z2
   61   3   2   1       0.04105763  d_xz
   61   3   2   2       0.01944413  d_x2-y2
   62   1   0   0       1.35593516  s
   62   2   1  -1       0.82800637  p_y
   62   2   1   0       0.82514309  p_z
   62   2   1   1       0.82715025  p_x
   62   3   2  -2       0.04031550  d_xy
   62   3   2  -1       0.04595668  d_yz
   62   3   2   0       0.02106717  d_z2
   62   3   2   1       0.03758744  d_xz
   62   3   2   2       0.02041256  d_x2-y2
   63   1   0   0       1.34602154  s
   63   2   1  -1       0.82369966  p_y
   63   2   1   0       0.82699742  p_z
   63   2   1   1       0.82857573  p_x
   63   3   2  -2       0.03864808  d_xy
   63   3   2  -1       0.04312701  d_yz
   63   3   2   0       0.02118716  d_z2
   63   3   2   1       0.04164909  d_xz
   63   3   2   2       0.02166613  d_x2-y2
   64   1   0   0       1.34448838  s
   64   2   1  -1       0.82791725  p_y
   64   2   1   0       0.82786041  p_z
   64   2   1   1       0.82704333  p_x
   64   3   2  -2       0.04364414  d_xy
   64   3   2  -1       0.03682466  d_yz
   64   3   2   0       0.02044492  d_z2
   64   3   2   1       0.04102584  d_xz
   64   3   2   2       0.02017444  d_x2-y2

Fermi level:                        -0.1333363492 H           -3.6283 eV
Band energy:                       -88.1906142041 H        -2399.7887 eV
TS:                                  0.0000000000 H            0.0000 eV
Band free energy (E-TS):           -88.1906142041 H        -2399.7887 eV
Extrapolated E(0K):                -88.1906142041 H        -2399.7887 eV
Input / Output electrons (q):    256.0000000000    256.0000000000

Energy H0:                         -88.1837824505 H        -2399.6028 eV
Energy SCC:                          0.0002284824 H            0.0062 eV
Total Electronic energy:           -88.1835539681 H        -2399.5966 eV
Repulsive energy:                    0.0000000000 H            0.0000 eV
Total energy:                      -88.1835539681 H        -2399.5966 eV
Extrapolated to 0:                 -88.1835539681 H        -2399.5966 eV
Total Mermin free energy:          -88.1835539681 H        -2399.5966 eV
Force related energy:              -88.1835539681 H        -2399.5966 eV

Non-constrained calculation

SCC converged

Warning: dipole moment is not defined absolutely!
Dipole moment:    0.06054068    0.02884690   -0.11385288 au
Dipole moment:    0.15387906    0.07332152   -0.28938519 Debye


