 Fermi distribution function

Calculation with static geometry


********************************************************************************
 iSCC Total electronic   Diff electronic      SCC error    
    8   -0.88193263E+02   -0.73143269E-09    0.92295960E-05
********************************************************************************

 Total charge:    -0.00000000

 Atomic gross charges (e)
 Atom           Charge
    1      -0.02339025
    2       0.00231317
    3      -0.03081409
    4       0.01478294
    5       0.01094622
    6      -0.00752495
    7       0.00786576
    8       0.00904090
    9      -0.01487416
   10       0.01010361
   11      -0.01111925
   12       0.00944915
   13      -0.00553597
   14       0.02172112
   15       0.00440203
   16       0.00250256
   17       0.00101548
   18      -0.00627436
   19       0.00582144
   20       0.00694601
   21      -0.00901193
   22       0.00275086
   23      -0.01398687
   24      -0.00422956
   25       0.02463255
   26      -0.01817716
   27       0.01215035
   28      -0.01174859
   29       0.00218809
   30      -0.00201816
   31       0.00729328
   32      -0.00379989
   33      -0.02265339
   34      -0.00583770
   35      -0.01085898
   36      -0.00310536
   37       0.00082549
   38       0.01528646
   39       0.00695242
   40       0.01530753
   41      -0.00459285
   42      -0.00568375
   43      -0.01197355
   44      -0.00579463
   45      -0.00849209
   46       0.01130212
   47      -0.00116421
   48       0.01576793
   49      -0.00404210
   50       0.00673256
   51      -0.01266985
   52       0.01245693
   53      -0.00525713
   54      -0.00552717
   55       0.01357204
   56      -0.01194657
   57       0.00803696
   58      -0.00449877
   59       0.00565398
   60       0.00251871
   61       0.02299208
   62      -0.01041807
   63       0.01172013
   64      -0.00802952

Nr. of electrons (up):    256.00000000
Atom populations (up)
 Atom       Population
    1       4.02339025
    2       3.99768683
    3       4.03081409
    4       3.98521706
    5       3.98905378
    6       4.00752495
    7       3.99213424
    8       3.99095910
    9       4.01487416
   10       3.98989639
   11       4.01111925
   12       3.99055085
   13       4.00553597
   14       3.97827888
   15       3.99559797
   16       3.99749744
   17       3.99898452
   18       4.00627436
   19       3.99417856
   20       3.99305399
   21       4.00901193
   22       3.99724914
   23       4.01398687
   24       4.00422956
   25       3.97536745
   26       4.01817716
   27       3.98784965
   28       4.01174859
   29       3.99781191
   30       4.00201816
   31       3.99270672
   32       4.00379989
   33       4.02265339
   34       4.00583770
   35       4.01085898
   36       4.00310536
   37       3.99917451
   38       3.98471354
   39       3.99304758
   40       3.98469247
   41       4.00459285
   42       4.00568375
   43       4.01197355
   44       4.00579463
   45       4.00849209
   46       3.98869788
   47       4.00116421
   48       3.98423207
   49       4.00404210
   50       3.99326744
   51       4.01266985
   52       3.98754307
   53       4.00525713
   54       4.00552717
   55       3.98642796
   56       4.01194657
   57       3.99196304
   58       4.00449877
   59       3.99434602
   60       3.99748129
   61       3.97700792
   62       4.01041807
   63       3.98827987
   64       4.00802952

l-shell populations (up)
 Atom Sh.   l       Population
    1   1   0       1.38656251
    1   2   1       2.49418619
    1   3   2       0.14264155
    2   1   0       1.35407580
    2   2   1       2.48308279
    2   3   2       0.16052824
    3   1   0       1.38209483
    3   2   1       2.50190853
    3   3   2       0.14681074
    4   1   0       1.33559198
    4   2   1       2.48048621
    4   3   2       0.16913887
    5   1   0       1.33900290
    5   2   1       2.48155244
    5   3   2       0.16849844
    6   1   0       1.37600634
    6   2   1       2.48481862
    6   3   2       0.14669998
    7   1   0       1.35008885
    7   2   1       2.48472288
    7   3   2       0.15732251
    8   1   0       1.34635748
    8   2   1       2.47897529
    8   3   2       0.16562632
    9   1   0       1.36554487
    9   2   1       2.49469103
    9   3   2       0.15463826
   10   1   0       1.33690918
   10   2   1       2.47998717
   10   3   2       0.17300003
   11   1   0       1.35381704
   11   2   1       2.49465727
   11   3   2       0.16264495
   12   1   0       1.35683271
   12   2   1       2.47403628
   12   3   2       0.15968186
   13   1   0       1.37335514
   13   2   1       2.48635580
   13   3   2       0.14582502
   14   1   0       1.32666841
   14   2   1       2.47504598
   14   3   2       0.17656449
   15   1   0       1.35151119
   15   2   1       2.48595843
   15   3   2       0.15812836
   16   1   0       1.35828012
   16   2   1       2.48458276
   16   3   2       0.15463456
   17   1   0       1.36256692
   17   2   1       2.48010422
   17   3   2       0.15631338
   18   1   0       1.36191638
   18   2   1       2.48639136
   18   3   2       0.15796662
   19   1   0       1.35440976
   19   2   1       2.48295865
   19   3   2       0.15681015
   20   1   0       1.34475111
   20   2   1       2.47802331
   20   3   2       0.17027957
   21   1   0       1.37791158
   21   2   1       2.48564230
   21   3   2       0.14545805
   22   1   0       1.36424696
   22   2   1       2.48313247
   22   3   2       0.14986972
   23   1   0       1.38469621
   23   2   1       2.48705091
   23   3   2       0.14223974
   24   1   0       1.36282725
   24   2   1       2.48413368
   24   3   2       0.15726863
   25   1   0       1.32327739
   25   2   1       2.47741170
   25   3   2       0.17467836
   26   1   0       1.37632357
   26   2   1       2.49516818
   26   3   2       0.14668541
   27   1   0       1.34295134
   27   2   1       2.47885474
   27   3   2       0.16604357
   28   1   0       1.36756926
   28   2   1       2.49560803
   28   3   2       0.14857131
   29   1   0       1.36074071
   29   2   1       2.48619829
   29   3   2       0.15087291
   30   1   0       1.36219319
   30   2   1       2.49111892
   30   3   2       0.14870605
   31   1   0       1.34157811
   31   2   1       2.48642041
   31   3   2       0.16470820
   32   1   0       1.36199121
   32   2   1       2.49317098
   32   3   2       0.14863769
   33   1   0       1.38237123
   33   2   1       2.49794317
   33   3   2       0.14233899
   34   1   0       1.35607695
   34   2   1       2.49414053
   34   3   2       0.15562022
   35   1   0       1.37283750
   35   2   1       2.49422063
   35   3   2       0.14380086
   36   1   0       1.35761062
   36   2   1       2.48778601
   36   3   2       0.15770873
   37   1   0       1.34822725
   37   2   1       2.49223566
   37   3   2       0.15871160
   38   1   0       1.35396620
   38   2   1       2.47141124
   38   3   2       0.15933609
   39   1   0       1.35266072
   39   2   1       2.47083099
   39   3   2       0.16955588
   40   1   0       1.33843596
   40   2   1       2.48394405
   40   3   2       0.16231247
   41   1   0       1.36472306
   41   2   1       2.48865230
   41   3   2       0.15121749
   42   1   0       1.36826439
   42   2   1       2.48666839
   42   3   2       0.15075097
   43   1   0       1.36737310
   43   2   1       2.49711065
   43   3   2       0.14748980
   44   1   0       1.37161745
   44   2   1       2.48513977
   44   3   2       0.14903740
   45   1   0       1.36541480
   45   2   1       2.48321263
   45   3   2       0.15986466
   46   1   0       1.35224718
   46   2   1       2.48102962
   46   3   2       0.15542108
   47   1   0       1.35399538
   47   2   1       2.49197490
   47   3   2       0.15519393
   48   1   0       1.34278748
   48   2   1       2.47620853
   48   3   2       0.16523606
   49   1   0       1.35398251
   49   2   1       2.48754602
   49   3   2       0.16251357
   50   1   0       1.35200822
   50   2   1       2.47925432
   50   3   2       0.16200490
   51   1   0       1.37298106
   51   2   1       2.49082621
   51   3   2       0.14886259
   52   1   0       1.34631896
   52   2   1       2.48397644
   52   3   2       0.15724766
   53   1   0       1.37522898
   53   2   1       2.48192597
   53   3   2       0.14810217
   54   1   0       1.35503867
   54   2   1       2.48539964
   54   3   2       0.16508885
   55   1   0       1.33780650
   55   2   1       2.47613333
   55   3   2       0.17248813
   56   1   0       1.37600438
   56   2   1       2.48766218
   56   3   2       0.14828001
   57   1   0       1.34699251
   57   2   1       2.48249095
   57   3   2       0.16247959
   58   1   0       1.36799641
   58   2   1       2.49207655
   58   3   2       0.14442580
   59   1   0       1.35236795
   59   2   1       2.47623723
   59   3   2       0.16574084
   60   1   0       1.35917973
   60   2   1       2.48208358
   60   3   2       0.15621797
   61   1   0       1.32096141
   61   2   1       2.47740760
   61   3   2       0.17863891
   62   1   0       1.36576037
   62   2   1       2.49338865
   62   3   2       0.15126905
   63   1   0       1.34671425
   63   2   1       2.48337142
   63   3   2       0.15819419
   64   1   0       1.36164392
   64   2   1       2.49270082
   64   3   2       0.15368477

Orbital populations (up)
 Atom Sh.   l   m       Population  Label
    1   1   0   0       1.38656251  s
    1   2   1  -1       0.82863397  p_y
    1   2   1   0       0.83437523  p_z
    1   2   1   1       0.83117699  p_x
    1   3   2  -2       0.03506481  d_xy
    1   3   2  -1       0.03741457  d_yz
    1   3   2   0       0.01562614  d_z2
    1   3   2   1       0.03655940  d_xz
    1   3   2   2       0.01797662  d_x2-y2
    2   1   0   0       1.35407580  s
    2   2   1  -1       0.82906250  p_y
    2   2   1   0       0.82934272  p_z
    2   2   1   1       0.82467757  p_x
    2   3   2  -2       0.03845599  d_xy
    2   3   2  -1       0.04056736  d_yz
    2   3   2   0       0.01843324  d_z2
    2   3   2   1       0.04161580  d_xz
    2   3   2   2       0.02145585  d_x2-y2
    3   1   0   0       1.38209483  s
    3   2   1  -1       0.83486786  p_y
    3   2   1   0       0.83610497  p_z
    3   2   1   1       0.83093569  p_x
    3   3   2  -2       0.03743093  d_xy
    3   3   2  -1       0.03595006  d_yz
    3   3   2   0       0.01695454  d_z2
    3   3   2   1       0.03855806  d_xz
    3   3   2   2       0.01791715  d_x2-y2
    4   1   0   0       1.33559198  s
    4   2   1  -1       0.82674165  p_y
    4   2   1   0       0.82697482  p_z
    4   2   1   1       0.82676974  p_x
    4   3   2  -2       0.04122005  d_xy
    4   3   2  -1       0.04195924  d_yz
    4   3   2   0       0.02236337  d_z2
    4   3   2   1       0.04195944  d_xz
    4   3   2   2       0.02163677  d_x2-y2
    5   1   0   0       1.33900290  s
    5   2   1  -1       0.82747112  p_y
    5   2   1   0       0.82756612  p_z
    5   2   1   1       0.82651519  p_x
    5   3   2  -2       0.04168969  d_xy
    5   3   2  -1       0.04095063  d_yz
    5   3   2   0       0.02068733  d_z2
    5   3   2   1       0.04267839  d_xz
    5   3   2   2       0.02249240  d_x2-y2
    6   1   0   0       1.37600634  s
    6   2   1  -1       0.82669688  p_y
    6   2   1   0       0.82992267  p_z
    6   2   1   1       0.82819907  p_x
    6   3   2  -2       0.03793224  d_xy
    6   3   2  -1       0.03642269  d_yz
    6   3   2   0       0.01847085  d_z2
    6   3   2   1       0.03714009  d_xz
    6   3   2   2       0.01673412  d_x2-y2
    7   1   0   0       1.35008885  s
    7   2   1  -1       0.82620526  p_y
    7   2   1   0       0.82906093  p_z
    7   2   1   1       0.82945670  p_x
    7   3   2  -2       0.03919910  d_xy
    7   3   2  -1       0.04031072  d_yz
    7   3   2   0       0.02028338  d_z2
    7   3   2   1       0.03787802  d_xz
    7   3   2   2       0.01965129  d_x2-y2
    8   1   0   0       1.34635748  s
    8   2   1  -1       0.82772007  p_y
    8   2   1   0       0.82671758  p_z
    8   2   1   1       0.82453765  p_x
    8   3   2  -2       0.03919028  d_xy
    8   3   2  -1       0.04051195  d_yz
    8   3   2   0       0.02093526  d_z2
    8   3   2   1       0.04316033  d_xz
    8   3   2   2       0.02182850  d_x2-y2
    9   1   0   0       1.36554487  s
    9   2   1  -1       0.82917880  p_y
    9   2   1   0       0.83470362  p_z
    9   2   1   1       0.83080861  p_x
    9   3   2  -2       0.04260343  d_xy
    9   3   2  -1       0.03971293  d_yz
    9   3   2   0       0.01818590  d_z2
    9   3   2   1       0.03418911  d_xz
    9   3   2   2       0.01994689  d_x2-y2
   10   1   0   0       1.33690918  s
   10   2   1  -1       0.82907731  p_y
   10   2   1   0       0.82226418  p_z
   10   2   1   1       0.82864568  p_x
   10   3   2  -2       0.04112005  d_xy
   10   3   2  -1       0.04189376  d_yz
   10   3   2   0       0.02449163  d_z2
   10   3   2   1       0.04476473  d_xz
   10   3   2   2       0.02072986  d_x2-y2
   11   1   0   0       1.35381704  s
   11   2   1  -1       0.82763841  p_y
   11   2   1   0       0.83390302  p_z
   11   2   1   1       0.83311584  p_x
   11   3   2  -2       0.04180519  d_xy
   11   3   2  -1       0.03985170  d_yz
   11   3   2   0       0.01925286  d_z2
   11   3   2   1       0.03987915  d_xz
   11   3   2   2       0.02185605  d_x2-y2
   12   1   0   0       1.35683271  s
   12   2   1  -1       0.82973731  p_y
   12   2   1   0       0.82095366  p_z
   12   2   1   1       0.82334531  p_x
   12   3   2  -2       0.03901769  d_xy
   12   3   2  -1       0.04022749  d_yz
   12   3   2   0       0.02012424  d_z2
   12   3   2   1       0.04037709  d_xz
   12   3   2   2       0.01993536  d_x2-y2
   13   1   0   0       1.37335514  s
   13   2   1  -1       0.82641026  p_y
   13   2   1   0       0.83003119  p_z
   13   2   1   1       0.82991435  p_x
   13   3   2  -2       0.03767658  d_xy
   13   3   2  -1       0.03775944  d_yz
   13   3   2   0       0.01749744  d_z2
   13   3   2   1       0.03514527  d_xz
   13   3   2   2       0.01774629  d_x2-y2
   14   1   0   0       1.32666841  s
   14   2   1  -1       0.82964281  p_y
   14   2   1   0       0.82417486  p_z
   14   2   1   1       0.82122831  p_x
   14   3   2  -2       0.04444996  d_xy
   14   3   2  -1       0.04061737  d_yz
   14   3   2   0       0.02471163  d_z2
   14   3   2   1       0.04470718  d_xz
   14   3   2   2       0.02207835  d_x2-y2
   15   1   0   0       1.35151119  s
   15   2   1  -1       0.82503389  p_y
   15   2   1   0       0.82883715  p_z
   15   2   1   1       0.83208739  p_x
   15   3   2  -2       0.03799281  d_xy
   15   3   2  -1       0.03974908  d_yz
   15   3   2   0       0.01916433  d_z2
   15   3   2   1       0.04117696  d_xz
   15   3   2   2       0.02004517  d_x2-y2
   16   1   0   0       1.35828012  s
   16   2   1  -1       0.82901280  p_y
   16   2   1   0       0.82983209  p_z
   16   2   1   1       0.82573787  p_x
   16   3   2  -2       0.04119606  d_xy
   16   3   2  -1       0.03754560  d_yz
   16   3   2   0       0.01968054  d_z2
   16   3   2   1       0.03808798  d_xz
   16   3   2   2       0.01812439  d_x2-y2
   17   1   0   0       1.36256692  s
   17   2   1  -1       0.82769170  p_y
   17   2   1   0       0.82448444  p_z
   17   2   1   1       0.82792808  p_x
   17   3   2  -2       0.03771098  d_xy
   17   3   2  -1       0.03891063  d_yz
   17   3   2   0       0.01977209  d_z2
   17   3   2   1       0.04088345  d_xz
   17   3   2   2       0.01903624  d_x2-y2
   18   1   0   0       1.36191638  s
   18   2   1  -1       0.82805513  p_y
   18   2   1   0       0.83043120  p_z
   18   2   1   1       0.82790504  p_x
   18   3   2  -2       0.04255886  d_xy
   18   3   2  -1       0.03993400  d_yz
   18   3   2   0       0.01897445  d_z2
   18   3   2   1       0.03587773  d_xz
   18   3   2   2       0.02062157  d_x2-y2
   19   1   0   0       1.35440976  s
   19   2   1  -1       0.82909547  p_y
   19   2   1   0       0.82396045  p_z
   19   2   1   1       0.82990273  p_x
   19   3   2  -2       0.03626576  d_xy
   19   3   2  -1       0.04016361  d_yz
   19   3   2   0       0.01964266  d_z2
   19   3   2   1       0.04169187  d_xz
   19   3   2   2       0.01904626  d_x2-y2
   20   1   0   0       1.34475111  s
   20   2   1  -1       0.82373043  p_y
   20   2   1   0       0.82818397  p_z
   20   2   1   1       0.82610891  p_x
   20   3   2  -2       0.04630860  d_xy
   20   3   2  -1       0.04008472  d_yz
   20   3   2   0       0.02316679  d_z2
   20   3   2   1       0.03994001  d_xz
   20   3   2   2       0.02077944  d_x2-y2
   21   1   0   0       1.37791158  s
   21   2   1  -1       0.82633009  p_y
   21   2   1   0       0.83114908  p_z
   21   2   1   1       0.82816313  p_x
   21   3   2  -2       0.03597020  d_xy
   21   3   2  -1       0.03726354  d_yz
   21   3   2   0       0.01648548  d_z2
   21   3   2   1       0.03785953  d_xz
   21   3   2   2       0.01787929  d_x2-y2
   22   1   0   0       1.36424696  s
   22   2   1  -1       0.82733987  p_y
   22   2   1   0       0.82618978  p_z
   22   2   1   1       0.82960281  p_x
   22   3   2  -2       0.03661468  d_xy
   22   3   2  -1       0.03800052  d_yz
   22   3   2   0       0.01826601  d_z2
   22   3   2   1       0.03815208  d_xz
   22   3   2   2       0.01883643  d_x2-y2
   23   1   0   0       1.38469621  s
   23   2   1  -1       0.82812662  p_y
   23   2   1   0       0.83015968  p_z
   23   2   1   1       0.82876462  p_x
   23   3   2  -2       0.03795260  d_xy
   23   3   2  -1       0.03397395  d_yz
   23   3   2   0       0.01740214  d_z2
   23   3   2   1       0.03667778  d_xz
   23   3   2   2       0.01623327  d_x2-y2
   24   1   0   0       1.36282725  s
   24   2   1  -1       0.82993102  p_y
   24   2   1   0       0.82924355  p_z
   24   2   1   1       0.82495910  p_x
   24   3   2  -2       0.03814870  d_xy
   24   3   2  -1       0.03742180  d_yz
   24   3   2   0       0.01854067  d_z2
   24   3   2   1       0.04273983  d_xz
   24   3   2   2       0.02041763  d_x2-y2
   25   1   0   0       1.32327739  s
   25   2   1  -1       0.82607994  p_y
   25   2   1   0       0.82215837  p_z
   25   2   1   1       0.82917340  p_x
   25   3   2  -2       0.04513479  d_xy
   25   3   2  -1       0.04330300  d_yz
   25   3   2   0       0.02449997  d_z2
   25   3   2   1       0.04061277  d_xz
   25   3   2   2       0.02112783  d_x2-y2
   26   1   0   0       1.37632357  s
   26   2   1  -1       0.83178020  p_y
   26   2   1   0       0.83259272  p_z
   26   2   1   1       0.83079526  p_x
   26   3   2  -2       0.03553344  d_xy
   26   3   2  -1       0.03619441  d_yz
   26   3   2   0       0.01684895  d_z2
   26   3   2   1       0.04032635  d_xz
   26   3   2   2       0.01778225  d_x2-y2
   27   1   0   0       1.34295134  s
   27   2   1  -1       0.82628273  p_y
   27   2   1   0       0.82738409  p_z
   27   2   1   1       0.82518793  p_x
   27   3   2  -2       0.04099434  d_xy
   27   3   2  -1       0.04426006  d_yz
   27   3   2   0       0.02037663  d_z2
   27   3   2   1       0.03842081  d_xz
   27   3   2   2       0.02199173  d_x2-y2
   28   1   0   0       1.36756926  s
   28   2   1  -1       0.83308365  p_y
   28   2   1   0       0.82916656  p_z
   28   2   1   1       0.83335781  p_x
   28   3   2  -2       0.03508281  d_xy
   28   3   2  -1       0.03932644  d_yz
   28   3   2   0       0.01867200  d_z2
   28   3   2   1       0.03861555  d_xz
   28   3   2   2       0.01687450  d_x2-y2
   29   1   0   0       1.36074071  s
   29   2   1  -1       0.83216126  p_y
   29   2   1   0       0.83085118  p_z
   29   2   1   1       0.82318585  p_x
   29   3   2  -2       0.03963504  d_xy
   29   3   2  -1       0.03836712  d_yz
   29   3   2   0       0.01884417  d_z2
   29   3   2   1       0.03481581  d_xz
   29   3   2   2       0.01921076  d_x2-y2
   30   1   0   0       1.36219319  s
   30   2   1  -1       0.82996452  p_y
   30   2   1   0       0.82974492  p_z
   30   2   1   1       0.83140949  p_x
   30   3   2  -2       0.03760671  d_xy
   30   3   2  -1       0.03899835  d_yz
   30   3   2   0       0.01849649  d_z2
   30   3   2   1       0.03620343  d_xz
   30   3   2   2       0.01740106  d_x2-y2
   31   1   0   0       1.34157811  s
   31   2   1  -1       0.82860155  p_y
   31   2   1   0       0.82870818  p_z
   31   2   1   1       0.82911068  p_x
   31   3   2  -2       0.04246120  d_xy
   31   3   2  -1       0.03916473  d_yz
   31   3   2   0       0.02203815  d_z2
   31   3   2   1       0.04086161  d_xz
   31   3   2   2       0.02018251  d_x2-y2
   32   1   0   0       1.36199121  s
   32   2   1  -1       0.83347319  p_y
   32   2   1   0       0.82634226  p_z
   32   2   1   1       0.83335553  p_x
   32   3   2  -2       0.03652333  d_xy
   32   3   2  -1       0.03812917  d_yz
   32   3   2   0       0.01940453  d_z2
   32   3   2   1       0.03819264  d_xz
   32   3   2   2       0.01638802  d_x2-y2
   33   1   0   0       1.38237123  s
   33   2   1  -1       0.83584160  p_y
   33   2   1   0       0.83109067  p_z
   33   2   1   1       0.83101089  p_x
   33   3   2  -2       0.03901658  d_xy
   33   3   2  -1       0.03586546  d_yz
   33   3   2   0       0.01825629  d_z2
   33   3   2   1       0.03369095  d_xz
   33   3   2   2       0.01550971  d_x2-y2
   34   1   0   0       1.35607695  s
   34   2   1  -1       0.82953655  p_y
   34   2   1   0       0.83181066  p_z
   34   2   1   1       0.83279332  p_x
   34   3   2  -2       0.03717213  d_xy
   34   3   2  -1       0.04133749  d_yz
   34   3   2   0       0.01816908  d_z2
   34   3   2   1       0.03897565  d_xz
   34   3   2   2       0.01996587  d_x2-y2
   35   1   0   0       1.37283750  s
   35   2   1  -1       0.83165986  p_y
   35   2   1   0       0.83164526  p_z
   35   2   1   1       0.83091551  p_x
   35   3   2  -2       0.03552518  d_xy
   35   3   2  -1       0.03610651  d_yz
   35   3   2   0       0.01714158  d_z2
   35   3   2   1       0.03765371  d_xz
   35   3   2   2       0.01737388  d_x2-y2
   36   1   0   0       1.35761062  s
   36   2   1  -1       0.83009270  p_y
   36   2   1   0       0.82878439  p_z
   36   2   1   1       0.82890892  p_x
   36   3   2  -2       0.03813785  d_xy
   36   3   2  -1       0.03969311  d_yz
   36   3   2   0       0.01884411  d_z2
   36   3   2   1       0.04130131  d_xz
   36   3   2   2       0.01973235  d_x2-y2
   37   1   0   0       1.34822725  s
   37   2   1  -1       0.83364500  p_y
   37   2   1   0       0.82756868  p_z
   37   2   1   1       0.83102198  p_x
   37   3   2  -2       0.03839909  d_xy
   37   3   2  -1       0.03954663  d_yz
   37   3   2   0       0.01966780  d_z2
   37   3   2   1       0.04132481  d_xz
   37   3   2   2       0.01977327  d_x2-y2
   38   1   0   0       1.35396620  s
   38   2   1  -1       0.81994875  p_y
   38   2   1   0       0.82533825  p_z
   38   2   1   1       0.82612424  p_x
   38   3   2  -2       0.03947884  d_xy
   38   3   2  -1       0.04018691  d_yz
   38   3   2   0       0.02008032  d_z2
   38   3   2   1       0.03932120  d_xz
   38   3   2   2       0.02026883  d_x2-y2
   39   1   0   0       1.35266072  s
   39   2   1  -1       0.82276129  p_y
   39   2   1   0       0.82434878  p_z
   39   2   1   1       0.82372092  p_x
   39   3   2  -2       0.04054430  d_xy
   39   3   2  -1       0.04276418  d_yz
   39   3   2   0       0.02230952  d_z2
   39   3   2   1       0.04200936  d_xz
   39   3   2   2       0.02192853  d_x2-y2
   40   1   0   0       1.33843596  s
   40   2   1  -1       0.82952437  p_y
   40   2   1   0       0.82697786  p_z
   40   2   1   1       0.82744182  p_x
   40   3   2  -2       0.04207125  d_xy
   40   3   2  -1       0.03888767  d_yz
   40   3   2   0       0.02242894  d_z2
   40   3   2   1       0.04005718  d_xz
   40   3   2   2       0.01886743  d_x2-y2
   41   1   0   0       1.36472306  s
   41   2   1  -1       0.83009181  p_y
   41   2   1   0       0.83145676  p_z
   41   2   1   1       0.82710374  p_x
   41   3   2  -2       0.03954238  d_xy
   41   3   2  -1       0.03456044  d_yz
   41   3   2   0       0.01811013  d_z2
   41   3   2   1       0.03983998  d_xz
   41   3   2   2       0.01916456  d_x2-y2
   42   1   0   0       1.36826439  s
   42   2   1  -1       0.83269831  p_y
   42   2   1   0       0.82804688  p_z
   42   2   1   1       0.82592320  p_x
   42   3   2  -2       0.03771180  d_xy
   42   3   2  -1       0.03763020  d_yz
   42   3   2   0       0.01857821  d_z2
   42   3   2   1       0.03881507  d_xz
   42   3   2   2       0.01801569  d_x2-y2
   43   1   0   0       1.36737310  s
   43   2   1  -1       0.82958391  p_y
   43   2   1   0       0.83713669  p_z
   43   2   1   1       0.83039005  p_x
   43   3   2  -2       0.03543112  d_xy
   43   3   2  -1       0.03959025  d_yz
   43   3   2   0       0.01531208  d_z2
   43   3   2   1       0.03662077  d_xz
   43   3   2   2       0.02053558  d_x2-y2
   44   1   0   0       1.37161745  s
   44   2   1  -1       0.82543742  p_y
   44   2   1   0       0.83019194  p_z
   44   2   1   1       0.82951041  p_x
   44   3   2  -2       0.04031853  d_xy
   44   3   2  -1       0.03695778  d_yz
   44   3   2   0       0.01951508  d_z2
   44   3   2   1       0.03512662  d_xz
   44   3   2   2       0.01711940  d_x2-y2
   45   1   0   0       1.36541480  s
   45   2   1  -1       0.82536448  p_y
   45   2   1   0       0.82704508  p_z
   45   2   1   1       0.83080307  p_x
   45   3   2  -2       0.03747970  d_xy
   45   3   2  -1       0.04221837  d_yz
   45   3   2   0       0.01894644  d_z2
   45   3   2   1       0.04086603  d_xz
   45   3   2   2       0.02035412  d_x2-y2
   46   1   0   0       1.35224718  s
   46   2   1  -1       0.82422341  p_y
   46   2   1   0       0.82654585  p_z
   46   2   1   1       0.83026037  p_x
   46   3   2  -2       0.03943414  d_xy
   46   3   2  -1       0.03875819  d_yz
   46   3   2   0       0.01941601  d_z2
   46   3   2   1       0.03825216  d_xz
   46   3   2   2       0.01956058  d_x2-y2
   47   1   0   0       1.35399538  s
   47   2   1  -1       0.83157364  p_y
   47   2   1   0       0.82826807  p_z
   47   2   1   1       0.83213319  p_x
   47   3   2  -2       0.04047219  d_xy
   47   3   2  -1       0.03759811  d_yz
   47   3   2   0       0.01971047  d_z2
   47   3   2   1       0.03877602  d_xz
   47   3   2   2       0.01863716  d_x2-y2
   48   1   0   0       1.34278748  s
   48   2   1  -1       0.82552542  p_y
   48   2   1   0       0.82744781  p_z
   48   2   1   1       0.82323530  p_x
   48   3   2  -2       0.04053458  d_xy
   48   3   2  -1       0.04072957  d_yz
   48   3   2   0       0.02086980  d_z2
   48   3   2   1       0.04143439  d_xz
   48   3   2   2       0.02166772  d_x2-y2
   49   1   0   0       1.35398251  s
   49   2   1  -1       0.82945416  p_y
   49   2   1   0       0.82496313  p_z
   49   2   1   1       0.83312873  p_x
   49   3   2  -2       0.03768961  d_xy
   49   3   2  -1       0.04212934  d_yz
   49   3   2   0       0.02171744  d_z2
   49   3   2   1       0.04135248  d_xz
   49   3   2   2       0.01962469  d_x2-y2
   50   1   0   0       1.35200822  s
   50   2   1  -1       0.82426065  p_y
   50   2   1   0       0.82828483  p_z
   50   2   1   1       0.82670884  p_x
   50   3   2  -2       0.04215413  d_xy
   50   3   2  -1       0.03901470  d_yz
   50   3   2   0       0.02086149  d_z2
   50   3   2   1       0.03977777  d_xz
   50   3   2   2       0.02019682  d_x2-y2
   51   1   0   0       1.37298106  s
   51   2   1  -1       0.82885076  p_y
   51   2   1   0       0.82967136  p_z
   51   2   1   1       0.83230409  p_x
   51   3   2  -2       0.03724548  d_xy
   51   3   2  -1       0.03845958  d_yz
   51   3   2   0       0.01815161  d_z2
   51   3   2   1       0.03765509  d_xz
   51   3   2   2       0.01735083  d_x2-y2
   52   1   0   0       1.34631896  s
   52   2   1  -1       0.82455541  p_y
   52   2   1   0       0.83156260  p_z
   52   2   1   1       0.82785843  p_x
   52   3   2  -2       0.04175009  d_xy
   52   3   2  -1       0.03947999  d_yz
   52   3   2   0       0.01929728  d_z2
   52   3   2   1       0.03592123  d_xz
   52   3   2   2       0.02079908  d_x2-y2
   53   1   0   0       1.37522898  s
   53   2   1  -1       0.83038100  p_y
   53   2   1   0       0.82436880  p_z
   53   2   1   1       0.82717617  p_x
   53   3   2  -2       0.03643559  d_xy
   53   3   2  -1       0.03773591  d_yz
   53   3   2   0       0.01785236  d_z2
   53   3   2   1       0.03922862  d_xz
   53   3   2   2       0.01684970  d_x2-y2
   54   1   0   0       1.35503867  s
   54   2   1  -1       0.82870019  p_y
   54   2   1   0       0.82919980  p_z
   54   2   1   1       0.82749965  p_x
   54   3   2  -2       0.04378151  d_xy
   54   3   2  -1       0.04185360  d_yz
   54   3   2   0       0.02237191  d_z2
   54   3   2   1       0.03739946  d_xz
   54   3   2   2       0.01968238  d_x2-y2
   55   1   0   0       1.33780650  s
   55   2   1  -1       0.82870807  p_y
   55   2   1   0       0.82309130  p_z
   55   2   1   1       0.82433396  p_x
   55   3   2  -2       0.03889147  d_xy
   55   3   2  -1       0.04209367  d_yz
   55   3   2   0       0.02218096  d_z2
   55   3   2   1       0.04653847  d_xz
   55   3   2   2       0.02278356  d_x2-y2
   56   1   0   0       1.37600438  s
   56   2   1  -1       0.82582688  p_y
   56   2   1   0       0.83377342  p_z
   56   2   1   1       0.82806187  p_x
   56   3   2  -2       0.03899664  d_xy
   56   3   2  -1       0.03585692  d_yz
   56   3   2   0       0.01750316  d_z2
   56   3   2   1       0.03730048  d_xz
   56   3   2   2       0.01862283  d_x2-y2
   57   1   0   0       1.34699251  s
   57   2   1  -1       0.83073386  p_y
   57   2   1   0       0.82668213  p_z
   57   2   1   1       0.82507495  p_x
   57   3   2  -2       0.04078562  d_xy
   57   3   2  -1       0.04047975  d_yz
   57   3   2   0       0.02113154  d_z2
   57   3   2   1       0.04063553  d_xz
   57   3   2   2       0.01944716  d_x2-y2
   58   1   0   0       1.36799641  s
   58   2   1  -1       0.82986038  p_y
   58   2   1   0       0.83389223  p_z
   58   2   1   1       0.82832395  p_x
   58   3   2  -2       0.03927323  d_xy
   58   3   2  -1       0.03592412  d_yz
   58   3   2   0       0.01601558  d_z2
   58   3   2   1       0.03535864  d_xz
   58   3   2   2       0.01785423  d_x2-y2
   59   1   0   0       1.35236795  s
   59   2   1  -1       0.82920898  p_y
   59   2   1   0       0.82314762  p_z
   59   2   1   1       0.82388062  p_x
   59   3   2  -2       0.03993561  d_xy
   59   3   2  -1       0.04129661  d_yz
   59   3   2   0       0.02074926  d_z2
   59   3   2   1       0.04299267  d_xz
   59   3   2   2       0.02076670  d_x2-y2
   60   1   0   0       1.35917973  s
   60   2   1  -1       0.82559697  p_y
   60   2   1   0       0.82808678  p_z
   60   2   1   1       0.82839982  p_x
   60   3   2  -2       0.03755251  d_xy
   60   3   2  -1       0.04054471  d_yz
   60   3   2   0       0.01991816  d_z2
   60   3   2   1       0.03951172  d_xz
   60   3   2   2       0.01869086  d_x2-y2
   61   1   0   0       1.32096141  s
   61   2   1  -1       0.82526137  p_y
   61   2   1   0       0.83082667  p_z
   61   2   1   1       0.82131955  p_x
   61   3   2  -2       0.04869040  d_xy
   61   3   2  -1       0.03978736  d_yz
   61   3   2   0       0.02212417  d_z2
   61   3   2   1       0.04273167  d_xz
   61   3   2   2       0.02530530  d_x2-y2
   62   1   0   0       1.36576037  s
   62   2   1  -1       0.83279506  p_y
   62   2   1   0       0.82649106  p_z
   62   2   1   1       0.83410253  p_x
   62   3   2  -2       0.03733736  d_xy
   62   3   2  -1       0.03681552  d_yz
   62   3   2   0       0.02038274  d_z2
   62   3   2   1       0.04028639  d_xz
   62   3   2   2       0.01644704  d_x2-y2
   63   1   0   0       1.34671425  s
   63   2   1  -1       0.82641647  p_y
   63   2   1   0       0.83054209  p_z
   63   2   1   1       0.82641286  p_x
   63   3   2  -2       0.04143105  d_xy
   63   3   2  -1       0.04033204  d_yz
   63   3   2   0       0.01902982  d_z2
   63   3   2   1       0.03684509  d_xz
   63   3   2   2       0.02055619  d_x2-y2
   64   1   0   0       1.36164392  s
   64   2   1  -1       0.83040710  p_y
   64   2   1   0       0.83177470  p_z
   64   2   1   1       0.83051902  p_x
   64   3   2  -2       0.03714336  d_xy
   64   3   2  -1       0.04064109  d_yz
   64   3   2   0       0.01834188  d_z2
   64   3   2   1       0.03870711  d_xz
   64   3   2   2       0.01885132  d_x2-y2

Fermi level:                        -0.1331666497 H           -3.6236 eV
Band energy:                       -88.2000264189 H        -2400.0448 eV
TS:                                  0.0000000000 H            0.0000 eV
Band free energy (E-TS):           -88.2000264189 H        -2400.0448 eV
Extrapolated E(0K):                -88.2000264189 H        -2400.0448 eV
Input / Output electrons (q):    256.0000000000    256.0000000000

Energy H0:                         -88.1936224560 H        -2399.8706 eV
Energy SCC:                          0.0003592771 H            0.0098 eV
Total Electronic energy:           -88.1932631789 H        -2399.8608 eV
Repulsive energy:                    0.0000000000 H            0.0000 eV
Total energy:                      -88.1932631789 H        -2399.8608 eV
Extrapolated to 0:                 -88.1932631789 H        -2399.8608 eV
Total Mermin free energy:          -88.1932631789 H        -2399.8608 eV
Force related energy:              -88.1932631789 H        -2399.8608 eV

Non-constrained calculation

SCC converged

Warning: dipole moment is not defined absolutely!
Dipole moment:   -0.20364925    0.32419893   -0.37601936 au
Dipole moment:   -0.51762479    0.82403156   -0.95574595 Debye


