 Fermi distribution function

Calculation with static geometry


********************************************************************************
 iSCC Total electronic   Diff electronic      SCC error    
    9   -0.88131894E+02   -0.20270079E-08    0.83533074E-05
********************************************************************************

 Total charge:    -0.00000000

 Atomic gross charges (e)
 Atom           Charge
    1       0.00765936
    2      -0.01714185
    3       0.02008404
    4      -0.01633110
    5       0.00278766
    6      -0.00237266
    7       0.00331426
    8      -0.02463541
    9      -0.00210289
   10      -0.00397086
   11       0.01044015
   12      -0.01078462
   13      -0.00793780
   14      -0.02580679
   15      -0.00963594
   16      -0.00169581
   17      -0.00850217
   18       0.01259631
   19      -0.00420345
   20       0.02131151
   21       0.01039468
   22       0.01313126
   23       0.00521028
   24       0.02575186
   25      -0.00159041
   26       0.02225855
   27      -0.01531468
   28      -0.00352510
   29       0.01571489
   30       0.01242134
   31       0.01298579
   32      -0.00670363
   33       0.00633702
   34      -0.00206790
   35      -0.00029445
   36       0.01503099
   37      -0.01371401
   38      -0.01213028
   39      -0.02039504
   40      -0.02211204
   41       0.01394462
   42      -0.03130514
   43       0.02340892
   44      -0.01641916
   45      -0.00050942
   46      -0.00806152
   47       0.00510715
   48      -0.05067761
   49       0.00869386
   50       0.02095739
   51      -0.01565472
   52       0.00548483
   53      -0.02566956
   54       0.01715369
   55       0.00895717
   56       0.02575139
   57       0.00813141
   58       0.00361898
   59       0.00182089
   60       0.01794888
   61      -0.00455319
   62      -0.00347791
   63       0.00247828
   64       0.00840974

Nr. of electrons (up):    256.00000000
Atom populations (up)
 Atom       Population
    1       3.99234064
    2       4.01714185
    3       3.97991596
    4       4.01633110
    5       3.99721234
    6       4.00237266
    7       3.99668574
    8       4.02463541
    9       4.00210289
   10       4.00397086
   11       3.98955985
   12       4.01078462
   13       4.00793780
   14       4.02580679
   15       4.00963594
   16       4.00169581
   17       4.00850217
   18       3.98740369
   19       4.00420345
   20       3.97868849
   21       3.98960532
   22       3.98686874
   23       3.99478972
   24       3.97424814
   25       4.00159041
   26       3.97774145
   27       4.01531468
   28       4.00352510
   29       3.98428511
   30       3.98757866
   31       3.98701421
   32       4.00670363
   33       3.99366298
   34       4.00206790
   35       4.00029445
   36       3.98496901
   37       4.01371401
   38       4.01213028
   39       4.02039504
   40       4.02211204
   41       3.98605538
   42       4.03130514
   43       3.97659108
   44       4.01641916
   45       4.00050942
   46       4.00806152
   47       3.99489285
   48       4.05067761
   49       3.99130614
   50       3.97904261
   51       4.01565472
   52       3.99451517
   53       4.02566956
   54       3.98284631
   55       3.99104283
   56       3.97424861
   57       3.99186859
   58       3.99638102
   59       3.99817911
   60       3.98205112
   61       4.00455319
   62       4.00347791
   63       3.99752172
   64       3.99159026

l-shell populations (up)
 Atom Sh.   l       Population
    1   1   0       1.34243427
    1   2   1       2.47969399
    1   3   2       0.17021237
    2   1   0       1.38276685
    2   2   1       2.49339875
    2   3   2       0.14097625
    3   1   0       1.33904617
    3   2   1       2.46564634
    3   3   2       0.17522346
    4   1   0       1.36909859
    4   2   1       2.49902025
    4   3   2       0.14821226
    5   1   0       1.35785953
    5   2   1       2.47590633
    5   3   2       0.16344648
    6   1   0       1.34817390
    6   2   1       2.48606383
    6   3   2       0.16813493
    7   1   0       1.35345576
    7   2   1       2.48863124
    7   3   2       0.15459874
    8   1   0       1.38247557
    8   2   1       2.49482479
    8   3   2       0.14733505
    9   1   0       1.36837184
    9   2   1       2.48354823
    9   3   2       0.15018282
   10   1   0       1.36865730
   10   2   1       2.48617873
   10   3   2       0.14913483
   11   1   0       1.35606710
   11   2   1       2.48299314
   11   3   2       0.15049961
   12   1   0       1.37171129
   12   2   1       2.48510580
   12   3   2       0.15396754
   13   1   0       1.36615975
   13   2   1       2.48961301
   13   3   2       0.15216504
   14   1   0       1.38294782
   14   2   1       2.49151490
   14   3   2       0.15134407
   15   1   0       1.37013883
   15   2   1       2.48021014
   15   3   2       0.15928697
   16   1   0       1.36448116
   16   2   1       2.48021701
   16   3   2       0.15699764
   17   1   0       1.37457213
   17   2   1       2.49491022
   17   3   2       0.13901982
   18   1   0       1.35259293
   18   2   1       2.47642916
   18   3   2       0.15838160
   19   1   0       1.36033348
   19   2   1       2.48825089
   19   3   2       0.15561908
   20   1   0       1.32826695
   20   2   1       2.47196958
   20   3   2       0.17845196
   21   1   0       1.34344443
   21   2   1       2.47907602
   21   3   2       0.16708487
   22   1   0       1.33747999
   22   2   1       2.47696970
   22   3   2       0.17241905
   23   1   0       1.35791958
   23   2   1       2.49083778
   23   3   2       0.14603237
   24   1   0       1.31546070
   24   2   1       2.47690515
   24   3   2       0.18188229
   25   1   0       1.35945824
   25   2   1       2.48211839
   25   3   2       0.16001377
   26   1   0       1.34908578
   26   2   1       2.46917049
   26   3   2       0.15948518
   27   1   0       1.38526635
   27   2   1       2.49389201
   27   3   2       0.13615632
   28   1   0       1.37584446
   28   2   1       2.48049530
   28   3   2       0.14718534
   29   1   0       1.34748742
   29   2   1       2.46201109
   29   3   2       0.17478660
   30   1   0       1.34981378
   30   2   1       2.47639639
   30   3   2       0.16136850
   31   1   0       1.34520965
   31   2   1       2.46941847
   31   3   2       0.17238609
   32   1   0       1.38912131
   32   2   1       2.47433871
   32   3   2       0.14324360
   33   1   0       1.35237687
   33   2   1       2.47745301
   33   3   2       0.16383310
   34   1   0       1.37342293
   34   2   1       2.47161883
   34   3   2       0.15702614
   35   1   0       1.37448924
   35   2   1       2.47259913
   35   3   2       0.15320608
   36   1   0       1.32031888
   36   2   1       2.48416172
   36   3   2       0.18048840
   37   1   0       1.38017433
   37   2   1       2.49062955
   37   3   2       0.14291013
   38   1   0       1.34852637
   38   2   1       2.49409251
   38   3   2       0.16951140
   39   1   0       1.38400271
   39   2   1       2.49725672
   39   3   2       0.13913562
   40   1   0       1.38011097
   40   2   1       2.49062990
   40   3   2       0.15137117
   41   1   0       1.33728797
   41   2   1       2.47375094
   41   3   2       0.17501646
   42   1   0       1.39244615
   42   2   1       2.50425488
   42   3   2       0.13460411
   43   1   0       1.30866625
   43   2   1       2.47275083
   43   3   2       0.19517400
   44   1   0       1.37300212
   44   2   1       2.49106177
   44   3   2       0.15235527
   45   1   0       1.34597025
   45   2   1       2.48549538
   45   3   2       0.16904379
   46   1   0       1.35920581
   46   2   1       2.49319211
   46   3   2       0.15566360
   47   1   0       1.35553225
   47   2   1       2.47561305
   47   3   2       0.16374755
   48   1   0       1.41567002
   48   2   1       2.50550596
   48   3   2       0.12950163
   49   1   0       1.35159502
   49   2   1       2.48414393
   49   3   2       0.15556720
   50   1   0       1.32155965
   50   2   1       2.47157813
   50   3   2       0.18590484
   51   1   0       1.39813474
   51   2   1       2.48365393
   51   3   2       0.13386605
   52   1   0       1.36844561
   52   2   1       2.46928178
   52   3   2       0.15678777
   53   1   0       1.39790828
   53   2   1       2.49763648
   53   3   2       0.13012480
   54   1   0       1.34227938
   54   2   1       2.48189949
   54   3   2       0.15866744
   55   1   0       1.34058724
   55   2   1       2.48589665
   55   3   2       0.16455894
   56   1   0       1.32765436
   56   2   1       2.48122840
   56   3   2       0.16536586
   57   1   0       1.35770922
   57   2   1       2.47226111
   57   3   2       0.16189825
   58   1   0       1.36000055
   58   2   1       2.47881725
   58   3   2       0.15756322
   59   1   0       1.34329872
   59   2   1       2.48788961
   59   3   2       0.16699077
   60   1   0       1.34162227
   60   2   1       2.47262554
   60   3   2       0.16780331
   61   1   0       1.36382470
   61   2   1       2.48260998
   61   3   2       0.15811851
   62   1   0       1.37867898
   62   2   1       2.47728705
   62   3   2       0.14751188
   63   1   0       1.35183072
   63   2   1       2.48279186
   63   3   2       0.16289914
   64   1   0       1.36296960
   64   2   1       2.46820734
   64   3   2       0.16041332

Orbital populations (up)
 Atom Sh.   l   m       Population  Label
    1   1   0   0       1.34243427  s
    1   2   1  -1       0.82359134  p_y
    1   2   1   0       0.82929222  p_z
    1   2   1   1       0.82681043  p_x
    1   3   2  -2       0.04617556  d_xy
    1   3   2  -1       0.03694290  d_yz
    1   3   2   0       0.02366596  d_z2
    1   3   2   1       0.04311687  d_xz
    1   3   2   2       0.02031107  d_x2-y2
    2   1   0   0       1.38276685  s
    2   2   1  -1       0.83302885  p_y
    2   2   1   0       0.82977487  p_z
    2   2   1   1       0.83059503  p_x
    2   3   2  -2       0.03381935  d_xy
    2   3   2  -1       0.03729661  d_yz
    2   3   2   0       0.01735741  d_z2
    2   3   2   1       0.03674772  d_xz
    2   3   2   2       0.01575517  d_x2-y2
    3   1   0   0       1.33904617  s
    3   2   1  -1       0.82245649  p_y
    3   2   1   0       0.81953632  p_z
    3   2   1   1       0.82365353  p_x
    3   3   2  -2       0.04113236  d_xy
    3   3   2  -1       0.04549320  d_yz
    3   3   2   0       0.02405389  d_z2
    3   3   2   1       0.04179993  d_xz
    3   3   2   2       0.02274407  d_x2-y2
    4   1   0   0       1.36909859  s
    4   2   1  -1       0.83270179  p_y
    4   2   1   0       0.83187014  p_z
    4   2   1   1       0.83444832  p_x
    4   3   2  -2       0.03852407  d_xy
    4   3   2  -1       0.03553799  d_yz
    4   3   2   0       0.01891644  d_z2
    4   3   2   1       0.03779990  d_xz
    4   3   2   2       0.01743386  d_x2-y2
    5   1   0   0       1.35785953  s
    5   2   1  -1       0.82780343  p_y
    5   2   1   0       0.82145774  p_z
    5   2   1   1       0.82664516  p_x
    5   3   2  -2       0.03878516  d_xy
    5   3   2  -1       0.04232974  d_yz
    5   3   2   0       0.02148893  d_z2
    5   3   2   1       0.04160138  d_xz
    5   3   2   2       0.01924127  d_x2-y2
    6   1   0   0       1.34817390  s
    6   2   1  -1       0.82982590  p_y
    6   2   1   0       0.82590090  p_z
    6   2   1   1       0.83033702  p_x
    6   3   2  -2       0.03834131  d_xy
    6   3   2  -1       0.04096403  d_yz
    6   3   2   0       0.02221861  d_z2
    6   3   2   1       0.04531724  d_xz
    6   3   2   2       0.02129373  d_x2-y2
    7   1   0   0       1.35345576  s
    7   2   1  -1       0.83361877  p_y
    7   2   1   0       0.83344119  p_z
    7   2   1   1       0.82157128  p_x
    7   3   2  -2       0.04303719  d_xy
    7   3   2  -1       0.03573105  d_yz
    7   3   2   0       0.01977739  d_z2
    7   3   2   1       0.03662231  d_xz
    7   3   2   2       0.01943080  d_x2-y2
    8   1   0   0       1.38247557  s
    8   2   1  -1       0.82964358  p_y
    8   2   1   0       0.83295911  p_z
    8   2   1   1       0.83222209  p_x
    8   3   2  -2       0.03687357  d_xy
    8   3   2  -1       0.03776316  d_yz
    8   3   2   0       0.01660805  d_z2
    8   3   2   1       0.03794537  d_xz
    8   3   2   2       0.01814490  d_x2-y2
    9   1   0   0       1.36837184  s
    9   2   1  -1       0.82995079  p_y
    9   2   1   0       0.82748706  p_z
    9   2   1   1       0.82611039  p_x
    9   3   2  -2       0.03646006  d_xy
    9   3   2  -1       0.04024433  d_yz
    9   3   2   0       0.01819339  d_z2
    9   3   2   1       0.03644155  d_xz
    9   3   2   2       0.01884350  d_x2-y2
   10   1   0   0       1.36865730  s
   10   2   1  -1       0.82949870  p_y
   10   2   1   0       0.82827330  p_z
   10   2   1   1       0.82840673  p_x
   10   3   2  -2       0.03737395  d_xy
   10   3   2  -1       0.03708047  d_yz
   10   3   2   0       0.01757833  d_z2
   10   3   2   1       0.03878602  d_xz
   10   3   2   2       0.01831606  d_x2-y2
   11   1   0   0       1.35606710  s
   11   2   1  -1       0.82935141  p_y
   11   2   1   0       0.82367021  p_z
   11   2   1   1       0.82997153  p_x
   11   3   2  -2       0.03904009  d_xy
   11   3   2  -1       0.03739037  d_yz
   11   3   2   0       0.01974847  d_z2
   11   3   2   1       0.03745263  d_xz
   11   3   2   2       0.01686805  d_x2-y2
   12   1   0   0       1.37171129  s
   12   2   1  -1       0.82824271  p_y
   12   2   1   0       0.82348115  p_z
   12   2   1   1       0.83338194  p_x
   12   3   2  -2       0.03715012  d_xy
   12   3   2  -1       0.04049803  d_yz
   12   3   2   0       0.01903484  d_z2
   12   3   2   1       0.03943296  d_xz
   12   3   2   2       0.01785159  d_x2-y2
   13   1   0   0       1.36615975  s
   13   2   1  -1       0.83080647  p_y
   13   2   1   0       0.82807366  p_z
   13   2   1   1       0.83073287  p_x
   13   3   2  -2       0.03654832  d_xy
   13   3   2  -1       0.03928973  d_yz
   13   3   2   0       0.01844420  d_z2
   13   3   2   1       0.03988954  d_xz
   13   3   2   2       0.01799325  d_x2-y2
   14   1   0   0       1.38294782  s
   14   2   1  -1       0.82935901  p_y
   14   2   1   0       0.83353054  p_z
   14   2   1   1       0.82862534  p_x
   14   3   2  -2       0.04031447  d_xy
   14   3   2  -1       0.04020455  d_yz
   14   3   2   0       0.01756219  d_z2
   14   3   2   1       0.03464979  d_xz
   14   3   2   2       0.01861306  d_x2-y2
   15   1   0   0       1.37013883  s
   15   2   1  -1       0.83231352  p_y
   15   2   1   0       0.82128499  p_z
   15   2   1   1       0.82661163  p_x
   15   3   2  -2       0.03589148  d_xy
   15   3   2  -1       0.03947065  d_yz
   15   3   2   0       0.02089580  d_z2
   15   3   2   1       0.04360861  d_xz
   15   3   2   2       0.01942044  d_x2-y2
   16   1   0   0       1.36448116  s
   16   2   1  -1       0.82473763  p_y
   16   2   1   0       0.83047753  p_z
   16   2   1   1       0.82500185  p_x
   16   3   2  -2       0.04305157  d_xy
   16   3   2  -1       0.03763025  d_yz
   16   3   2   0       0.02081307  d_z2
   16   3   2   1       0.03690340  d_xz
   16   3   2   2       0.01859935  d_x2-y2
   17   1   0   0       1.37457213  s
   17   2   1  -1       0.83102692  p_y
   17   2   1   0       0.83213391  p_z
   17   2   1   1       0.83174939  p_x
   17   3   2  -2       0.03497134  d_xy
   17   3   2  -1       0.03507018  d_yz
   17   3   2   0       0.01658893  d_z2
   17   3   2   1       0.03502777  d_xz
   17   3   2   2       0.01736159  d_x2-y2
   18   1   0   0       1.35259293  s
   18   2   1  -1       0.82797868  p_y
   18   2   1   0       0.82387955  p_z
   18   2   1   1       0.82457093  p_x
   18   3   2  -2       0.04020221  d_xy
   18   3   2  -1       0.03789112  d_yz
   18   3   2   0       0.01991201  d_z2
   18   3   2   1       0.04049342  d_xz
   18   3   2   2       0.01988284  d_x2-y2
   19   1   0   0       1.36033348  s
   19   2   1  -1       0.82132660  p_y
   19   2   1   0       0.83418910  p_z
   19   2   1   1       0.83273519  p_x
   19   3   2  -2       0.03792463  d_xy
   19   3   2  -1       0.04043564  d_yz
   19   3   2   0       0.01862903  d_z2
   19   3   2   1       0.03860937  d_xz
   19   3   2   2       0.02002042  d_x2-y2
   20   1   0   0       1.32826695  s
   20   2   1  -1       0.82370443  p_y
   20   2   1   0       0.82359458  p_z
   20   2   1   1       0.82467057  p_x
   20   3   2  -2       0.04559857  d_xy
   20   3   2  -1       0.04512605  d_yz
   20   3   2   0       0.02449564  d_z2
   20   3   2   1       0.04026509  d_xz
   20   3   2   2       0.02296662  d_x2-y2
   21   1   0   0       1.34344443  s
   21   2   1  -1       0.82028341  p_y
   21   2   1   0       0.82986183  p_z
   21   2   1   1       0.82893078  p_x
   21   3   2  -2       0.04251313  d_xy
   21   3   2  -1       0.04228389  d_yz
   21   3   2   0       0.02041000  d_z2
   21   3   2   1       0.03969126  d_xz
   21   3   2   2       0.02218659  d_x2-y2
   22   1   0   0       1.33747999  s
   22   2   1  -1       0.82570059  p_y
   22   2   1   0       0.82700829  p_z
   22   2   1   1       0.82426082  p_x
   22   3   2  -2       0.04102644  d_xy
   22   3   2  -1       0.04186683  d_yz
   22   3   2   0       0.02170320  d_z2
   22   3   2   1       0.04455933  d_xz
   22   3   2   2       0.02326325  d_x2-y2
   23   1   0   0       1.35791958  s
   23   2   1  -1       0.82772699  p_y
   23   2   1   0       0.83170453  p_z
   23   2   1   1       0.83140626  p_x
   23   3   2  -2       0.03692529  d_xy
   23   3   2  -1       0.03930109  d_yz
   23   3   2   0       0.01729728  d_z2
   23   3   2   1       0.03517680  d_xz
   23   3   2   2       0.01733190  d_x2-y2
   24   1   0   0       1.31546070  s
   24   2   1  -1       0.82640737  p_y
   24   2   1   0       0.82220021  p_z
   24   2   1   1       0.82829757  p_x
   24   3   2  -2       0.04422759  d_xy
   24   3   2  -1       0.04637814  d_yz
   24   3   2   0       0.02625551  d_z2
   24   3   2   1       0.04208266  d_xz
   24   3   2   2       0.02293839  d_x2-y2
   25   1   0   0       1.35945824  s
   25   2   1  -1       0.82807023  p_y
   25   2   1   0       0.83013209  p_z
   25   2   1   1       0.82391607  p_x
   25   3   2  -2       0.04030120  d_xy
   25   3   2  -1       0.03951337  d_yz
   25   3   2   0       0.02039999  d_z2
   25   3   2   1       0.03983850  d_xz
   25   3   2   2       0.01996070  d_x2-y2
   26   1   0   0       1.34908578  s
   26   2   1  -1       0.81975162  p_y
   26   2   1   0       0.82685840  p_z
   26   2   1   1       0.82256047  p_x
   26   3   2  -2       0.04123342  d_xy
   26   3   2  -1       0.03858353  d_yz
   26   3   2   0       0.02003283  d_z2
   26   3   2   1       0.03962403  d_xz
   26   3   2   2       0.02001137  d_x2-y2
   27   1   0   0       1.38526635  s
   27   2   1  -1       0.83303544  p_y
   27   2   1   0       0.83303034  p_z
   27   2   1   1       0.82782623  p_x
   27   3   2  -2       0.03662576  d_xy
   27   3   2  -1       0.03359360  d_yz
   27   3   2   0       0.01541441  d_z2
   27   3   2   1       0.03480943  d_xz
   27   3   2   2       0.01571311  d_x2-y2
   28   1   0   0       1.37584446  s
   28   2   1  -1       0.82682512  p_y
   28   2   1   0       0.83025281  p_z
   28   2   1   1       0.82341736  p_x
   28   3   2  -2       0.03779712  d_xy
   28   3   2  -1       0.03644799  d_yz
   28   3   2   0       0.01589176  d_z2
   28   3   2   1       0.03811403  d_xz
   28   3   2   2       0.01893444  d_x2-y2
   29   1   0   0       1.34748742  s
   29   2   1  -1       0.81728563  p_y
   29   2   1   0       0.82192685  p_z
   29   2   1   1       0.82279862  p_x
   29   3   2  -2       0.04684228  d_xy
   29   3   2  -1       0.03808501  d_yz
   29   3   2   0       0.02326400  d_z2
   29   3   2   1       0.04345402  d_xz
   29   3   2   2       0.02314129  d_x2-y2
   30   1   0   0       1.34981378  s
   30   2   1  -1       0.82924528  p_y
   30   2   1   0       0.82166711  p_z
   30   2   1   1       0.82548400  p_x
   30   3   2  -2       0.03759357  d_xy
   30   3   2  -1       0.04102128  d_yz
   30   3   2   0       0.02152659  d_z2
   30   3   2   1       0.04180791  d_xz
   30   3   2   2       0.01941914  d_x2-y2
   31   1   0   0       1.34520965  s
   31   2   1  -1       0.81829199  p_y
   31   2   1   0       0.82562287  p_z
   31   2   1   1       0.82550361  p_x
   31   3   2  -2       0.04223321  d_xy
   31   3   2  -1       0.04423419  d_yz
   31   3   2   0       0.02114323  d_z2
   31   3   2   1       0.04140480  d_xz
   31   3   2   2       0.02337067  d_x2-y2
   32   1   0   0       1.38912131  s
   32   2   1  -1       0.82252955  p_y
   32   2   1   0       0.83013091  p_z
   32   2   1   1       0.82167826  p_x
   32   3   2  -2       0.03802257  d_xy
   32   3   2  -1       0.03498633  d_yz
   32   3   2   0       0.01686127  d_z2
   32   3   2   1       0.03546324  d_xz
   32   3   2   2       0.01791020  d_x2-y2
   33   1   0   0       1.35237687  s
   33   2   1  -1       0.82554036  p_y
   33   2   1   0       0.82616275  p_z
   33   2   1   1       0.82574989  p_x
   33   3   2  -2       0.03804438  d_xy
   33   3   2  -1       0.03853901  d_yz
   33   3   2   0       0.01972663  d_z2
   33   3   2   1       0.04553710  d_xz
   33   3   2   2       0.02198598  d_x2-y2
   34   1   0   0       1.37342293  s
   34   2   1  -1       0.82731575  p_y
   34   2   1   0       0.82138473  p_z
   34   2   1   1       0.82291834  p_x
   34   3   2  -2       0.03980373  d_xy
   34   3   2  -1       0.03937754  d_yz
   34   3   2   0       0.02023885  d_z2
   34   3   2   1       0.03873861  d_xz
   34   3   2   2       0.01886742  d_x2-y2
   35   1   0   0       1.37448924  s
   35   2   1  -1       0.82187927  p_y
   35   2   1   0       0.82431100  p_z
   35   2   1   1       0.82640886  p_x
   35   3   2  -2       0.03996573  d_xy
   35   3   2  -1       0.03872872  d_yz
   35   3   2   0       0.02128041  d_z2
   35   3   2   1       0.03674133  d_xz
   35   3   2   2       0.01648989  d_x2-y2
   36   1   0   0       1.32031888  s
   36   2   1  -1       0.82560843  p_y
   36   2   1   0       0.83222798  p_z
   36   2   1   1       0.82632531  p_x
   36   3   2  -2       0.04988457  d_xy
   36   3   2  -1       0.04026925  d_yz
   36   3   2   0       0.02334026  d_z2
   36   3   2   1       0.04211870  d_xz
   36   3   2   2       0.02487563  d_x2-y2
   37   1   0   0       1.38017433  s
   37   2   1  -1       0.83307428  p_y
   37   2   1   0       0.82695827  p_z
   37   2   1   1       0.83059700  p_x
   37   3   2  -2       0.03496680  d_xy
   37   3   2  -1       0.03812896  d_yz
   37   3   2   0       0.01756247  d_z2
   37   3   2   1       0.03652318  d_xz
   37   3   2   2       0.01572872  d_x2-y2
   38   1   0   0       1.34852637  s
   38   2   1  -1       0.82930673  p_y
   38   2   1   0       0.83335803  p_z
   38   2   1   1       0.83142776  p_x
   38   3   2  -2       0.04268781  d_xy
   38   3   2  -1       0.04026878  d_yz
   38   3   2   0       0.02100318  d_z2
   38   3   2   1       0.04263286  d_xz
   38   3   2   2       0.02291877  d_x2-y2
   39   1   0   0       1.38400271  s
   39   2   1  -1       0.83422363  p_y
   39   2   1   0       0.83615920  p_z
   39   2   1   1       0.82687389  p_x
   39   3   2  -2       0.03634028  d_xy
   39   3   2  -1       0.03412769  d_yz
   39   3   2   0       0.01622567  d_z2
   39   3   2   1       0.03579383  d_xz
   39   3   2   2       0.01664815  d_x2-y2
   40   1   0   0       1.38011097  s
   40   2   1  -1       0.82477017  p_y
   40   2   1   0       0.83614295  p_z
   40   2   1   1       0.82971677  p_x
   40   3   2  -2       0.03944370  d_xy
   40   3   2  -1       0.04051283  d_yz
   40   3   2   0       0.01664805  d_z2
   40   3   2   1       0.03478715  d_xz
   40   3   2   2       0.01997944  d_x2-y2
   41   1   0   0       1.33728797  s
   41   2   1  -1       0.82407075  p_y
   41   2   1   0       0.82684628  p_z
   41   2   1   1       0.82283391  p_x
   41   3   2  -2       0.04558029  d_xy
   41   3   2  -1       0.04522673  d_yz
   41   3   2   0       0.02293888  d_z2
   41   3   2   1       0.03836438  d_xz
   41   3   2   2       0.02290618  d_x2-y2
   42   1   0   0       1.39244615  s
   42   2   1  -1       0.83537462  p_y
   42   2   1   0       0.83078299  p_z
   42   2   1   1       0.83809727  p_x
   42   3   2  -2       0.03253965  d_xy
   42   3   2  -1       0.03683788  d_yz
   42   3   2   0       0.01607425  d_z2
   42   3   2   1       0.03445656  d_xz
   42   3   2   2       0.01469577  d_x2-y2
   43   1   0   0       1.30866625  s
   43   2   1  -1       0.82435418  p_y
   43   2   1   0       0.82762951  p_z
   43   2   1   1       0.82076714  p_x
   43   3   2  -2       0.05063946  d_xy
   43   3   2  -1       0.04437084  d_yz
   43   3   2   0       0.02843942  d_z2
   43   3   2   1       0.04537917  d_xz
   43   3   2   2       0.02634511  d_x2-y2
   44   1   0   0       1.37300212  s
   44   2   1  -1       0.82807687  p_y
   44   2   1   0       0.82987949  p_z
   44   2   1   1       0.83310542  p_x
   44   3   2  -2       0.03559230  d_xy
   44   3   2  -1       0.03951204  d_yz
   44   3   2   0       0.01790119  d_z2
   44   3   2   1       0.04047020  d_xz
   44   3   2   2       0.01887954  d_x2-y2
   45   1   0   0       1.34597025  s
   45   2   1  -1       0.82978477  p_y
   45   2   1   0       0.83031067  p_z
   45   2   1   1       0.82539994  p_x
   45   3   2  -2       0.04337700  d_xy
   45   3   2  -1       0.04121471  d_yz
   45   3   2   0       0.02155350  d_z2
   45   3   2   1       0.04134019  d_xz
   45   3   2   2       0.02155838  d_x2-y2
   46   1   0   0       1.35920581  s
   46   2   1  -1       0.82325783  p_y
   46   2   1   0       0.83792253  p_z
   46   2   1   1       0.83201175  p_x
   46   3   2  -2       0.04121027  d_xy
   46   3   2  -1       0.04001355  d_yz
   46   3   2   0       0.01778790  d_z2
   46   3   2   1       0.03588440  d_xz
   46   3   2   2       0.02076747  d_x2-y2
   47   1   0   0       1.35553225  s
   47   2   1  -1       0.82834128  p_y
   47   2   1   0       0.82417410  p_z
   47   2   1   1       0.82309766  p_x
   47   3   2  -2       0.03994933  d_xy
   47   3   2  -1       0.03945222  d_yz
   47   3   2   0       0.02135387  d_z2
   47   3   2   1       0.04280581  d_xz
   47   3   2   2       0.02018632  d_x2-y2
   48   1   0   0       1.41567002  s
   48   2   1  -1       0.83392393  p_y
   48   2   1   0       0.83518933  p_z
   48   2   1   1       0.83639269  p_x
   48   3   2  -2       0.03334451  d_xy
   48   3   2  -1       0.03138338  d_yz
   48   3   2   0       0.01464379  d_z2
   48   3   2   1       0.03443148  d_xz
   48   3   2   2       0.01569847  d_x2-y2
   49   1   0   0       1.35159502  s
   49   2   1  -1       0.82605840  p_y
   49   2   1   0       0.83076982  p_z
   49   2   1   1       0.82731571  p_x
   49   3   2  -2       0.04107190  d_xy
   49   3   2  -1       0.03772533  d_yz
   49   3   2   0       0.01862227  d_z2
   49   3   2   1       0.03706866  d_xz
   49   3   2   2       0.02107903  d_x2-y2
   50   1   0   0       1.32155965  s
   50   2   1  -1       0.82213995  p_y
   50   2   1   0       0.82528158  p_z
   50   2   1   1       0.82415659  p_x
   50   3   2  -2       0.04501630  d_xy
   50   3   2  -1       0.04583033  d_yz
   50   3   2   0       0.02459948  d_z2
   50   3   2   1       0.04534022  d_xz
   50   3   2   2       0.02511850  d_x2-y2
   51   1   0   0       1.39813474  s
   51   2   1  -1       0.83367768  p_y
   51   2   1   0       0.82575005  p_z
   51   2   1   1       0.82422619  p_x
   51   3   2  -2       0.03121467  d_xy
   51   3   2  -1       0.03592071  d_yz
   51   3   2   0       0.01573566  d_z2
   51   3   2   1       0.03599952  d_xz
   51   3   2   2       0.01499549  d_x2-y2
   52   1   0   0       1.36844561  s
   52   2   1  -1       0.82856471  p_y
   52   2   1   0       0.82376940  p_z
   52   2   1   1       0.81694768  p_x
   52   3   2  -2       0.03843171  d_xy
   52   3   2  -1       0.03822421  d_yz
   52   3   2   0       0.01839065  d_z2
   52   3   2   1       0.04063116  d_xz
   52   3   2   2       0.02111003  d_x2-y2
   53   1   0   0       1.39790828  s
   53   2   1  -1       0.83262398  p_y
   53   2   1   0       0.83266815  p_z
   53   2   1   1       0.83234435  p_x
   53   3   2  -2       0.03297716  d_xy
   53   3   2  -1       0.03401240  d_yz
   53   3   2   0       0.01499406  d_z2
   53   3   2   1       0.03370902  d_xz
   53   3   2   2       0.01443216  d_x2-y2
   54   1   0   0       1.34227938  s
   54   2   1  -1       0.82988401  p_y
   54   2   1   0       0.82551965  p_z
   54   2   1   1       0.82649583  p_x
   54   3   2  -2       0.03474343  d_xy
   54   3   2  -1       0.04090818  d_yz
   54   3   2   0       0.01936247  d_z2
   54   3   2   1       0.04330563  d_xz
   54   3   2   2       0.02034773  d_x2-y2
   55   1   0   0       1.34058724  s
   55   2   1  -1       0.82850210  p_y
   55   2   1   0       0.82683294  p_z
   55   2   1   1       0.83056161  p_x
   55   3   2  -2       0.04135317  d_xy
   55   3   2  -1       0.04147765  d_yz
   55   3   2   0       0.02201825  d_z2
   55   3   2   1       0.03978459  d_xz
   55   3   2   2       0.01992528  d_x2-y2
   56   1   0   0       1.32765436  s
   56   2   1  -1       0.82896805  p_y
   56   2   1   0       0.82918008  p_z
   56   2   1   1       0.82308026  p_x
   56   3   2  -2       0.04306505  d_xy
   56   3   2  -1       0.04055936  d_yz
   56   3   2   0       0.02113573  d_z2
   56   3   2   1       0.03851649  d_xz
   56   3   2   2       0.02208923  d_x2-y2
   57   1   0   0       1.35770922  s
   57   2   1  -1       0.82392892  p_y
   57   2   1   0       0.81968536  p_z
   57   2   1   1       0.82864683  p_x
   57   3   2  -2       0.03926047  d_xy
   57   3   2  -1       0.03910599  d_yz
   57   3   2   0       0.02040072  d_z2
   57   3   2   1       0.04260922  d_xz
   57   3   2   2       0.02052186  d_x2-y2
   58   1   0   0       1.36000055  s
   58   2   1  -1       0.82592495  p_y
   58   2   1   0       0.82527342  p_z
   58   2   1   1       0.82761888  p_x
   58   3   2  -2       0.03934227  d_xy
   58   3   2  -1       0.03831747  d_yz
   58   3   2   0       0.02136046  d_z2
   58   3   2   1       0.03921976  d_xz
   58   3   2   2       0.01932326  d_x2-y2
   59   1   0   0       1.34329872  s
   59   2   1  -1       0.83065622  p_y
   59   2   1   0       0.82622697  p_z
   59   2   1   1       0.83100642  p_x
   59   3   2  -2       0.03887676  d_xy
   59   3   2  -1       0.04277206  d_yz
   59   3   2   0       0.02210093  d_z2
   59   3   2   1       0.04233773  d_xz
   59   3   2   2       0.02090329  d_x2-y2
   60   1   0   0       1.34162227  s
   60   2   1  -1       0.82352071  p_y
   60   2   1   0       0.82596450  p_z
   60   2   1   1       0.82314032  p_x
   60   3   2  -2       0.04329685  d_xy
   60   3   2  -1       0.04220511  d_yz
   60   3   2   0       0.02180331  d_z2
   60   3   2   1       0.03964596  d_xz
   60   3   2   2       0.02085209  d_x2-y2
   61   1   0   0       1.36382470  s
   61   2   1  -1       0.82767129  p_y
   61   2   1   0       0.82567920  p_z
   61   2   1   1       0.82925949  p_x
   61   3   2  -2       0.03816869  d_xy
   61   3   2  -1       0.03997648  d_yz
   61   3   2   0       0.01946812  d_z2
   61   3   2   1       0.04071105  d_xz
   61   3   2   2       0.01979418  d_x2-y2
   62   1   0   0       1.37867898  s
   62   2   1  -1       0.82538916  p_y
   62   2   1   0       0.82733206  p_z
   62   2   1   1       0.82456583  p_x
   62   3   2  -2       0.03708667  d_xy
   62   3   2  -1       0.03449161  d_yz
   62   3   2   0       0.01762779  d_z2
   62   3   2   1       0.03917920  d_xz
   62   3   2   2       0.01912661  d_x2-y2
   63   1   0   0       1.35183072  s
   63   2   1  -1       0.82444197  p_y
   63   2   1   0       0.83134696  p_z
   63   2   1   1       0.82700293  p_x
   63   3   2  -2       0.04317948  d_xy
   63   3   2  -1       0.03893726  d_yz
   63   3   2   0       0.01904834  d_z2
   63   3   2   1       0.03995158  d_xz
   63   3   2   2       0.02178248  d_x2-y2
   64   1   0   0       1.36296960  s
   64   2   1  -1       0.82882415  p_y
   64   2   1   0       0.81325578  p_z
   64   2   1   1       0.82612741  p_x
   64   3   2  -2       0.03819034  d_xy
   64   3   2  -1       0.03995556  d_yz
   64   3   2   0       0.02229251  d_z2
   64   3   2   1       0.04209307  d_xz
   64   3   2   2       0.01788183  d_x2-y2

Fermi level:                        -0.1335763596 H           -3.6348 eV
Band energy:                       -88.1452796418 H        -2398.5551 eV
TS:                                  0.0000000000 H            0.0000 eV
Band free energy (E-TS):           -88.1452796418 H        -2398.5551 eV
Extrapolated E(0K):                -88.1452796418 H        -2398.5551 eV
Input / Output electrons (q):    256.0000000000    256.0000000000

Energy H0:                         -88.1324496704 H        -2398.2060 eV
Energy SCC:                          0.0005561119 H            0.0151 eV
Total Electronic energy:           -88.1318935586 H        -2398.1908 eV
Repulsive energy:                    0.0000000000 H            0.0000 eV
Total energy:                      -88.1318935586 H        -2398.1908 eV
Extrapolated to 0:                 -88.1318935586 H        -2398.1908 eV
Total Mermin free energy:          -88.1318935586 H        -2398.1908 eV
Force related energy:              -88.1318935586 H        -2398.1908 eV

Non-constrained calculation

SCC converged

Warning: dipole moment is not defined absolutely!
Dipole moment:    0.40720222   -1.26432384   -0.23029031 au
Dipole moment:    1.03500489   -3.21359092   -0.58533964 Debye


