 Fermi distribution function

Calculation with static geometry


********************************************************************************
 iSCC Total electronic   Diff electronic      SCC error    
    9   -0.88180182E+02   -0.10853682E-08    0.88680934E-05
********************************************************************************

 Total charge:    -0.00000000

 Atomic gross charges (e)
 Atom           Charge
    1       0.02870379
    2      -0.00917645
    3       0.02157463
    4      -0.00303738
    5      -0.02793133
    6       0.00190109
    7      -0.01016120
    8      -0.00987272
    9       0.00138539
   10      -0.00292717
   11       0.00277713
   12       0.00152774
   13       0.00473384
   14      -0.01945520
   15       0.00014120
   16       0.00121466
   17      -0.00118331
   18      -0.00055359
   19      -0.00389771
   20       0.00529567
   21       0.01221963
   22       0.00920323
   23       0.00956106
   24       0.01427805
   25      -0.01903135
   26       0.01532616
   27      -0.00145946
   28       0.00494082
   29       0.00244383
   30      -0.00699958
   31      -0.00308764
   32      -0.01548543
   33       0.01192046
   34      -0.00169710
   35       0.00290556
   36       0.00752675
   37      -0.00559837
   38       0.00067888
   39       0.00434233
   40      -0.01941558
   41      -0.00068131
   42       0.00082978
   43       0.01437808
   44       0.01008575
   45       0.00869897
   46      -0.00710858
   47      -0.00348669
   48      -0.02559371
   49       0.00752128
   50       0.00453988
   51       0.01257094
   52      -0.01928535
   53       0.00660264
   54       0.01701219
   55      -0.00248238
   56       0.01458766
   57      -0.00401519
   58      -0.00465264
   59       0.00216988
   60      -0.00783440
   61      -0.02094691
   62      -0.00001494
   63      -0.01424225
   64       0.00771597

Nr. of electrons (up):    256.00000000
Atom populations (up)
 Atom       Population
    1       3.97129621
    2       4.00917645
    3       3.97842537
    4       4.00303738
    5       4.02793133
    6       3.99809891
    7       4.01016120
    8       4.00987272
    9       3.99861461
   10       4.00292717
   11       3.99722287
   12       3.99847226
   13       3.99526616
   14       4.01945520
   15       3.99985880
   16       3.99878534
   17       4.00118331
   18       4.00055359
   19       4.00389771
   20       3.99470433
   21       3.98778037
   22       3.99079677
   23       3.99043894
   24       3.98572195
   25       4.01903135
   26       3.98467384
   27       4.00145946
   28       3.99505918
   29       3.99755617
   30       4.00699958
   31       4.00308764
   32       4.01548543
   33       3.98807954
   34       4.00169710
   35       3.99709444
   36       3.99247325
   37       4.00559837
   38       3.99932112
   39       3.99565767
   40       4.01941558
   41       4.00068131
   42       3.99917022
   43       3.98562192
   44       3.98991425
   45       3.99130103
   46       4.00710858
   47       4.00348669
   48       4.02559371
   49       3.99247872
   50       3.99546012
   51       3.98742906
   52       4.01928535
   53       3.99339736
   54       3.98298781
   55       4.00248238
   56       3.98541234
   57       4.00401519
   58       4.00465264
   59       3.99783012
   60       4.00783440
   61       4.02094691
   62       4.00001494
   63       4.01424225
   64       3.99228403

l-shell populations (up)
 Atom Sh.   l       Population
    1   1   0       1.32987609
    1   2   1       2.46691256
    1   3   2       0.17450756
    2   1   0       1.37166498
    2   2   1       2.48961969
    2   3   2       0.14789178
    3   1   0       1.33212315
    3   2   1       2.47495268
    3   3   2       0.17134955
    4   1   0       1.36762579
    4   2   1       2.47726414
    4   3   2       0.15814745
    5   1   0       1.38893433
    5   2   1       2.49949337
    5   3   2       0.13950362
    6   1   0       1.34626557
    6   2   1       2.49092813
    6   3   2       0.16090522
    7   1   0       1.36868261
    7   2   1       2.49382772
    7   3   2       0.14765087
    8   1   0       1.37287066
    8   2   1       2.48751510
    8   3   2       0.14948696
    9   1   0       1.36439712
    9   2   1       2.48105571
    9   3   2       0.15316178
   10   1   0       1.35585922
   10   2   1       2.49258418
   10   3   2       0.15448376
   11   1   0       1.36198511
   11   2   1       2.49012138
   11   3   2       0.14511638
   12   1   0       1.34869763
   12   2   1       2.48510651
   12   3   2       0.16466812
   13   1   0       1.34339135
   13   2   1       2.48630642
   13   3   2       0.16556840
   14   1   0       1.38547199
   14   2   1       2.49154657
   14   3   2       0.14243664
   15   1   0       1.35459249
   15   2   1       2.47820577
   15   3   2       0.16706054
   16   1   0       1.36253404
   16   2   1       2.48200022
   16   3   2       0.15425108
   17   1   0       1.34843035
   17   2   1       2.49993708
   17   3   2       0.15281588
   18   1   0       1.35695954
   18   2   1       2.49435732
   18   3   2       0.14923673
   19   1   0       1.35781941
   19   2   1       2.48779287
   19   3   2       0.15828544
   20   1   0       1.35272417
   20   2   1       2.47988708
   20   3   2       0.16209308
   21   1   0       1.34023500
   21   2   1       2.48283507
   21   3   2       0.16471030
   22   1   0       1.34414374
   22   2   1       2.48297075
   22   3   2       0.16368229
   23   1   0       1.34707927
   23   2   1       2.48660251
   23   3   2       0.15675717
   24   1   0       1.32769069
   24   2   1       2.48489806
   24   3   2       0.17313320
   25   1   0       1.38672749
   25   2   1       2.48418232
   25   3   2       0.14812155
   26   1   0       1.34153340
   26   2   1       2.47484207
   26   3   2       0.16829836
   27   1   0       1.35925616
   27   2   1       2.48259216
   27   3   2       0.15961113
   28   1   0       1.36045304
   28   2   1       2.47714975
   28   3   2       0.15745638
   29   1   0       1.36249347
   29   2   1       2.47677628
   29   3   2       0.15828642
   30   1   0       1.35861633
   30   2   1       2.48795910
   30   3   2       0.16042416
   31   1   0       1.37591245
   31   2   1       2.47724259
   31   3   2       0.14993260
   32   1   0       1.38519916
   32   2   1       2.48187441
   32   3   2       0.14841187
   33   1   0       1.34992604
   33   2   1       2.47949458
   33   3   2       0.15865893
   34   1   0       1.35918661
   34   2   1       2.48673070
   34   3   2       0.15577979
   35   1   0       1.36371211
   35   2   1       2.47863429
   35   3   2       0.15474804
   36   1   0       1.36007135
   36   2   1       2.47868285
   36   3   2       0.15371904
   37   1   0       1.37563547
   37   2   1       2.47679011
   37   3   2       0.15317279
   38   1   0       1.35164569
   38   2   1       2.47899855
   38   3   2       0.16867688
   39   1   0       1.35846900
   39   2   1       2.48278027
   39   3   2       0.15440840
   40   1   0       1.37614580
   40   2   1       2.49236859
   40   3   2       0.15090119
   41   1   0       1.36226244
   41   2   1       2.48050253
   41   3   2       0.15791634
   42   1   0       1.35550078
   42   2   1       2.48818129
   42   3   2       0.15548815
   43   1   0       1.33051819
   43   2   1       2.48300651
   43   3   2       0.17209722
   44   1   0       1.33882383
   44   2   1       2.48210052
   44   3   2       0.16898990
   45   1   0       1.34122177
   45   2   1       2.48443026
   45   3   2       0.16564900
   46   1   0       1.36225655
   46   2   1       2.49460502
   46   3   2       0.15024701
   47   1   0       1.35959980
   47   2   1       2.48757931
   47   3   2       0.15630758
   48   1   0       1.38480152
   48   2   1       2.50271239
   48   3   2       0.13807980
   49   1   0       1.34270745
   49   2   1       2.49052718
   49   3   2       0.15924409
   50   1   0       1.35089349
   50   2   1       2.48138257
   50   3   2       0.16318406
   51   1   0       1.34405387
   51   2   1       2.48046650
   51   3   2       0.16290869
   52   1   0       1.37880640
   52   2   1       2.49157509
   52   3   2       0.14890386
   53   1   0       1.34368669
   53   2   1       2.48982763
   53   3   2       0.15988304
   54   1   0       1.34152492
   54   2   1       2.48180899
   54   3   2       0.15965390
   55   1   0       1.35043950
   55   2   1       2.49375372
   55   3   2       0.15828917
   56   1   0       1.34480063
   56   2   1       2.48183335
   56   3   2       0.15877836
   57   1   0       1.37071139
   57   2   1       2.48166264
   57   3   2       0.15164116
   58   1   0       1.35755184
   58   2   1       2.49203191
   58   3   2       0.15506889
   59   1   0       1.35549395
   59   2   1       2.48707747
   59   3   2       0.15525869
   60   1   0       1.36868544
   60   2   1       2.49399464
   60   3   2       0.14515432
   61   1   0       1.38952194
   61   2   1       2.48523088
   61   3   2       0.14619409
   62   1   0       1.35897648
   62   2   1       2.48338706
   62   3   2       0.15765140
   63   1   0       1.37738087
   63   2   1       2.48799004
   63   3   2       0.14887134
   64   1   0       1.35312302
   64   2   1       2.46932732
   64   3   2       0.16983369

Orbital populations (up)
 Atom Sh.   l   m       Population  Label
    1   1   0   0       1.32987609  s
    1   2   1  -1       0.81990624  p_y
    1   2   1   0       0.82599914  p_z
    1   2   1   1       0.82100718  p_x
    1   3   2  -2       0.04463631  d_xy
    1   3   2  -1       0.04334750  d_yz
    1   3   2   0       0.02354082  d_z2
    1   3   2   1       0.04004100  d_xz
    1   3   2   2       0.02294192  d_x2-y2
    2   1   0   0       1.37166498  s
    2   2   1  -1       0.83206014  p_y
    2   2   1   0       0.82521865  p_z
    2   2   1   1       0.83234090  p_x
    2   3   2  -2       0.03800129  d_xy
    2   3   2  -1       0.03573073  d_yz
    2   3   2   0       0.01942046  d_z2
    2   3   2   1       0.03852929  d_xz
    2   3   2   2       0.01621001  d_x2-y2
    3   1   0   0       1.33212315  s
    3   2   1  -1       0.82718354  p_y
    3   2   1   0       0.82725115  p_z
    3   2   1   1       0.82051799  p_x
    3   3   2  -2       0.04382074  d_xy
    3   3   2  -1       0.03575477  d_yz
    3   3   2   0       0.02301349  d_z2
    3   3   2   1       0.04699393  d_xz
    3   3   2   2       0.02176661  d_x2-y2
    4   1   0   0       1.36762579  s
    4   2   1  -1       0.83156387  p_y
    4   2   1   0       0.82152118  p_z
    4   2   1   1       0.82417909  p_x
    4   3   2  -2       0.03770815  d_xy
    4   3   2  -1       0.04137644  d_yz
    4   3   2   0       0.01930167  d_z2
    4   3   2   1       0.03984139  d_xz
    4   3   2   2       0.01991980  d_x2-y2
    5   1   0   0       1.38893433  s
    5   2   1  -1       0.83646736  p_y
    5   2   1   0       0.83032510  p_z
    5   2   1   1       0.83270091  p_x
    5   3   2  -2       0.03372282  d_xy
    5   3   2  -1       0.03510449  d_yz
    5   3   2   0       0.01676433  d_z2
    5   3   2   1       0.03857308  d_xz
    5   3   2   2       0.01533890  d_x2-y2
    6   1   0   0       1.34626557  s
    6   2   1  -1       0.82886450  p_y
    6   2   1   0       0.83175562  p_z
    6   2   1   1       0.83030801  p_x
    6   3   2  -2       0.04328857  d_xy
    6   3   2  -1       0.04012366  d_yz
    6   3   2   0       0.02076591  d_z2
    6   3   2   1       0.03676166  d_xz
    6   3   2   2       0.01996541  d_x2-y2
    7   1   0   0       1.36868261  s
    7   2   1  -1       0.83314612  p_y
    7   2   1   0       0.82826561  p_z
    7   2   1   1       0.83241600  p_x
    7   3   2  -2       0.03465229  d_xy
    7   3   2  -1       0.03947621  d_yz
    7   3   2   0       0.01832020  d_z2
    7   3   2   1       0.03800135  d_xz
    7   3   2   2       0.01720081  d_x2-y2
    8   1   0   0       1.37287066  s
    8   2   1  -1       0.82984490  p_y
    8   2   1   0       0.83329637  p_z
    8   2   1   1       0.82437383  p_x
    8   3   2  -2       0.03917113  d_xy
    8   3   2  -1       0.03685372  d_yz
    8   3   2   0       0.01791386  d_z2
    8   3   2   1       0.03750211  d_xz
    8   3   2   2       0.01804613  d_x2-y2
    9   1   0   0       1.36439712  s
    9   2   1  -1       0.82552705  p_y
    9   2   1   0       0.83009848  p_z
    9   2   1   1       0.82543017  p_x
    9   3   2  -2       0.03855724  d_xy
    9   3   2  -1       0.03806261  d_yz
    9   3   2   0       0.01913441  d_z2
    9   3   2   1       0.03827900  d_xz
    9   3   2   2       0.01912852  d_x2-y2
   10   1   0   0       1.35585922  s
   10   2   1  -1       0.83083055  p_y
   10   2   1   0       0.82905420  p_z
   10   2   1   1       0.83269944  p_x
   10   3   2  -2       0.03703803  d_xy
   10   3   2  -1       0.04046301  d_yz
   10   3   2   0       0.01896375  d_z2
   10   3   2   1       0.03897826  d_xz
   10   3   2   2       0.01904072  d_x2-y2
   11   1   0   0       1.36198511  s
   11   2   1  -1       0.83070187  p_y
   11   2   1   0       0.82883337  p_z
   11   2   1   1       0.83058614  p_x
   11   3   2  -2       0.03704204  d_xy
   11   3   2  -1       0.03928765  d_yz
   11   3   2   0       0.01749019  d_z2
   11   3   2   1       0.03421022  d_xz
   11   3   2   2       0.01708628  d_x2-y2
   12   1   0   0       1.34869763  s
   12   2   1  -1       0.83064890  p_y
   12   2   1   0       0.82300161  p_z
   12   2   1   1       0.83145599  p_x
   12   3   2  -2       0.03665072  d_xy
   12   3   2  -1       0.04264202  d_yz
   12   3   2   0       0.02096687  d_z2
   12   3   2   1       0.04404896  d_xz
   12   3   2   2       0.02035956  d_x2-y2
   13   1   0   0       1.34339135  s
   13   2   1  -1       0.83167204  p_y
   13   2   1   0       0.82920095  p_z
   13   2   1   1       0.82543343  p_x
   13   3   2  -2       0.04443838  d_xy
   13   3   2  -1       0.03802887  d_yz
   13   3   2   0       0.02050271  d_z2
   13   3   2   1       0.04146665  d_xz
   13   3   2   2       0.02113178  d_x2-y2
   14   1   0   0       1.38547199  s
   14   2   1  -1       0.82990527  p_y
   14   2   1   0       0.83102366  p_z
   14   2   1   1       0.83061765  p_x
   14   3   2  -2       0.03599314  d_xy
   14   3   2  -1       0.03279888  d_yz
   14   3   2   0       0.01644340  d_z2
   14   3   2   1       0.04037027  d_xz
   14   3   2   2       0.01683095  d_x2-y2
   15   1   0   0       1.35459249  s
   15   2   1  -1       0.82587866  p_y
   15   2   1   0       0.82495665  p_z
   15   2   1   1       0.82737047  p_x
   15   3   2  -2       0.04132225  d_xy
   15   3   2  -1       0.04275586  d_yz
   15   3   2   0       0.02138175  d_z2
   15   3   2   1       0.04066383  d_xz
   15   3   2   2       0.02093685  d_x2-y2
   16   1   0   0       1.36253404  s
   16   2   1  -1       0.82526146  p_y
   16   2   1   0       0.82905293  p_z
   16   2   1   1       0.82768583  p_x
   16   3   2  -2       0.03632444  d_xy
   16   3   2  -1       0.03972768  d_yz
   16   3   2   0       0.01917728  d_z2
   16   3   2   1       0.03913097  d_xz
   16   3   2   2       0.01989071  d_x2-y2
   17   1   0   0       1.34843035  s
   17   2   1  -1       0.83249583  p_y
   17   2   1   0       0.83639562  p_z
   17   2   1   1       0.83104564  p_x
   17   3   2  -2       0.03818982  d_xy
   17   3   2  -1       0.04134389  d_yz
   17   3   2   0       0.01642777  d_z2
   17   3   2   1       0.03587426  d_xz
   17   3   2   2       0.02098014  d_x2-y2
   18   1   0   0       1.35695954  s
   18   2   1  -1       0.83438703  p_y
   18   2   1   0       0.83150856  p_z
   18   2   1   1       0.82846173  p_x
   18   3   2  -2       0.03622724  d_xy
   18   3   2  -1       0.03704857  d_yz
   18   3   2   0       0.01746333  d_z2
   18   3   2   1       0.03917417  d_xz
   18   3   2   2       0.01932341  d_x2-y2
   19   1   0   0       1.35781941  s
   19   2   1  -1       0.83048955  p_y
   19   2   1   0       0.83049996  p_z
   19   2   1   1       0.82680335  p_x
   19   3   2  -2       0.03969454  d_xy
   19   3   2  -1       0.04029192  d_yz
   19   3   2   0       0.01914432  d_z2
   19   3   2   1       0.03905229  d_xz
   19   3   2   2       0.02010238  d_x2-y2
   20   1   0   0       1.35272417  s
   20   2   1  -1       0.82596394  p_y
   20   2   1   0       0.82845115  p_z
   20   2   1   1       0.82547200  p_x
   20   3   2  -2       0.03983454  d_xy
   20   3   2  -1       0.03961525  d_yz
   20   3   2   0       0.02048336  d_z2
   20   3   2   1       0.04092738  d_xz
   20   3   2   2       0.02123256  d_x2-y2
   21   1   0   0       1.34023500  s
   21   2   1  -1       0.82457329  p_y
   21   2   1   0       0.83034140  p_z
   21   2   1   1       0.82792038  p_x
   21   3   2  -2       0.04181628  d_xy
   21   3   2  -1       0.04288901  d_yz
   21   3   2   0       0.02064948  d_z2
   21   3   2   1       0.03835666  d_xz
   21   3   2   2       0.02099888  d_x2-y2
   22   1   0   0       1.34414374  s
   22   2   1  -1       0.82781670  p_y
   22   2   1   0       0.82514144  p_z
   22   2   1   1       0.83001261  p_x
   22   3   2  -2       0.03975202  d_xy
   22   3   2  -1       0.04261923  d_yz
   22   3   2   0       0.02174869  d_z2
   22   3   2   1       0.04000114  d_xz
   22   3   2   2       0.01956121  d_x2-y2
   23   1   0   0       1.34707927  s
   23   2   1  -1       0.82513469  p_y
   23   2   1   0       0.83379831  p_z
   23   2   1   1       0.82766951  p_x
   23   3   2  -2       0.04399486  d_xy
   23   3   2  -1       0.03679032  d_yz
   23   3   2   0       0.01905776  d_z2
   23   3   2   1       0.03694824  d_xz
   23   3   2   2       0.01996600  d_x2-y2
   24   1   0   0       1.32769069  s
   24   2   1  -1       0.82909699  p_y
   24   2   1   0       0.82562452  p_z
   24   2   1   1       0.83017655  p_x
   24   3   2  -2       0.04246897  d_xy
   24   3   2  -1       0.04189378  d_yz
   24   3   2   0       0.02451652  d_z2
   24   3   2   1       0.04321819  d_xz
   24   3   2   2       0.02103574  d_x2-y2
   25   1   0   0       1.38672749  s
   25   2   1  -1       0.82910999  p_y
   25   2   1   0       0.82650847  p_z
   25   2   1   1       0.82856386  p_x
   25   3   2  -2       0.03542346  d_xy
   25   3   2  -1       0.03784749  d_yz
   25   3   2   0       0.01804741  d_z2
   25   3   2   1       0.03980073  d_xz
   25   3   2   2       0.01700246  d_x2-y2
   26   1   0   0       1.34153340  s
   26   2   1  -1       0.82577193  p_y
   26   2   1   0       0.82520181  p_z
   26   2   1   1       0.82386833  p_x
   26   3   2  -2       0.04401646  d_xy
   26   3   2  -1       0.03799288  d_yz
   26   3   2   0       0.02295323  d_z2
   26   3   2   1       0.04253524  d_xz
   26   3   2   2       0.02080056  d_x2-y2
   27   1   0   0       1.35925616  s
   27   2   1  -1       0.82743875  p_y
   27   2   1   0       0.82494200  p_z
   27   2   1   1       0.83021141  p_x
   27   3   2  -2       0.04192007  d_xy
   27   3   2  -1       0.03789496  d_yz
   27   3   2   0       0.02109429  d_z2
   27   3   2   1       0.03960907  d_xz
   27   3   2   2       0.01909274  d_x2-y2
   28   1   0   0       1.36045304  s
   28   2   1  -1       0.82416719  p_y
   28   2   1   0       0.82733277  p_z
   28   2   1   1       0.82564979  p_x
   28   3   2  -2       0.04168123  d_xy
   28   3   2  -1       0.04090110  d_yz
   28   3   2   0       0.01959739  d_z2
   28   3   2   1       0.03602509  d_xz
   28   3   2   2       0.01925157  d_x2-y2
   29   1   0   0       1.36249347  s
   29   2   1  -1       0.82249168  p_y
   29   2   1   0       0.83321901  p_z
   29   2   1   1       0.82106559  p_x
   29   3   2  -2       0.04166781  d_xy
   29   3   2  -1       0.03707592  d_yz
   29   3   2   0       0.01903578  d_z2
   29   3   2   1       0.03994657  d_xz
   29   3   2   2       0.02056034  d_x2-y2
   30   1   0   0       1.35861633  s
   30   2   1  -1       0.82975950  p_y
   30   2   1   0       0.82912033  p_z
   30   2   1   1       0.82907927  p_x
   30   3   2  -2       0.04011895  d_xy
   30   3   2  -1       0.03941099  d_yz
   30   3   2   0       0.01923818  d_z2
   30   3   2   1       0.04082427  d_xz
   30   3   2   2       0.02083177  d_x2-y2
   31   1   0   0       1.37591245  s
   31   2   1  -1       0.82586426  p_y
   31   2   1   0       0.82911893  p_z
   31   2   1   1       0.82225941  p_x
   31   3   2  -2       0.03956183  d_xy
   31   3   2  -1       0.03544664  d_yz
   31   3   2   0       0.01818856  d_z2
   31   3   2   1       0.03813084  d_xz
   31   3   2   2       0.01860472  d_x2-y2
   32   1   0   0       1.38519916  s
   32   2   1  -1       0.82568064  p_y
   32   2   1   0       0.82731342  p_z
   32   2   1   1       0.82888035  p_x
   32   3   2  -2       0.03605891  d_xy
   32   3   2  -1       0.04007461  d_yz
   32   3   2   0       0.01787542  d_z2
   32   3   2   1       0.03672124  d_xz
   32   3   2   2       0.01768170  d_x2-y2
   33   1   0   0       1.34992604  s
   33   2   1  -1       0.81763615  p_y
   33   2   1   0       0.83120273  p_z
   33   2   1   1       0.83065570  p_x
   33   3   2  -2       0.04340203  d_xy
   33   3   2  -1       0.04145577  d_yz
   33   3   2   0       0.01833415  d_z2
   33   3   2   1       0.03435181  d_xz
   33   3   2   2       0.02111516  d_x2-y2
   34   1   0   0       1.35918661  s
   34   2   1  -1       0.83104556  p_y
   34   2   1   0       0.82895111  p_z
   34   2   1   1       0.82673403  p_x
   34   3   2  -2       0.03937843  d_xy
   34   3   2  -1       0.03680178  d_yz
   34   3   2   0       0.01965874  d_z2
   34   3   2   1       0.04090995  d_xz
   34   3   2   2       0.01903090  d_x2-y2
   35   1   0   0       1.36371211  s
   35   2   1  -1       0.82574472  p_y
   35   2   1   0       0.83113699  p_z
   35   2   1   1       0.82175258  p_x
   35   3   2  -2       0.04124742  d_xy
   35   3   2  -1       0.03653268  d_yz
   35   3   2   0       0.01896877  d_z2
   35   3   2   1       0.03887555  d_xz
   35   3   2   2       0.01912362  d_x2-y2
   36   1   0   0       1.36007135  s
   36   2   1  -1       0.82448013  p_y
   36   2   1   0       0.82369435  p_z
   36   2   1   1       0.83050837  p_x
   36   3   2  -2       0.03598705  d_xy
   36   3   2  -1       0.04014173  d_yz
   36   3   2   0       0.01893824  d_z2
   36   3   2   1       0.03955534  d_xz
   36   3   2   2       0.01909668  d_x2-y2
   37   1   0   0       1.37563547  s
   37   2   1  -1       0.82576049  p_y
   37   2   1   0       0.82256380  p_z
   37   2   1   1       0.82846582  p_x
   37   3   2  -2       0.03796778  d_xy
   37   3   2  -1       0.03850175  d_yz
   37   3   2   0       0.01932753  d_z2
   37   3   2   1       0.03942886  d_xz
   37   3   2   2       0.01794687  d_x2-y2
   38   1   0   0       1.35164569  s
   38   2   1  -1       0.82259814  p_y
   38   2   1   0       0.83028091  p_z
   38   2   1   1       0.82611950  p_x
   38   3   2  -2       0.04379095  d_xy
   38   3   2  -1       0.04319791  d_yz
   38   3   2   0       0.01980343  d_z2
   38   3   2   1       0.03876584  d_xz
   38   3   2   2       0.02311875  d_x2-y2
   39   1   0   0       1.35846900  s
   39   2   1  -1       0.82751797  p_y
   39   2   1   0       0.82334574  p_z
   39   2   1   1       0.83191656  p_x
   39   3   2  -2       0.03581203  d_xy
   39   3   2  -1       0.03930335  d_yz
   39   3   2   0       0.01942115  d_z2
   39   3   2   1       0.04103975  d_xz
   39   3   2   2       0.01883211  d_x2-y2
   40   1   0   0       1.37614580  s
   40   2   1  -1       0.82971604  p_y
   40   2   1   0       0.83442920  p_z
   40   2   1   1       0.82822334  p_x
   40   3   2  -2       0.04052423  d_xy
   40   3   2  -1       0.03312529  d_yz
   40   3   2   0       0.01710846  d_z2
   40   3   2   1       0.04105184  d_xz
   40   3   2   2       0.01909138  d_x2-y2
   41   1   0   0       1.36226244  s
   41   2   1  -1       0.82693684  p_y
   41   2   1   0       0.82765089  p_z
   41   2   1   1       0.82591480  p_x
   41   3   2  -2       0.03881108  d_xy
   41   3   2  -1       0.03827618  d_yz
   41   3   2   0       0.01974905  d_z2
   41   3   2   1       0.04194259  d_xz
   41   3   2   2       0.01913744  d_x2-y2
   42   1   0   0       1.35550078  s
   42   2   1  -1       0.82932117  p_y
   42   2   1   0       0.83101526  p_z
   42   2   1   1       0.82784486  p_x
   42   3   2  -2       0.04192535  d_xy
   42   3   2  -1       0.03726325  d_yz
   42   3   2   0       0.02057123  d_z2
   42   3   2   1       0.03644085  d_xz
   42   3   2   2       0.01928747  d_x2-y2
   43   1   0   0       1.33051819  s
   43   2   1  -1       0.82718706  p_y
   43   2   1   0       0.82600153  p_z
   43   2   1   1       0.82981793  p_x
   43   3   2  -2       0.04167216  d_xy
   43   3   2  -1       0.04560979  d_yz
   43   3   2   0       0.02289898  d_z2
   43   3   2   1       0.04014470  d_xz
   43   3   2   2       0.02177158  d_x2-y2
   44   1   0   0       1.33882383  s
   44   2   1  -1       0.82313498  p_y
   44   2   1   0       0.82765687  p_z
   44   2   1   1       0.83130867  p_x
   44   3   2  -2       0.04147055  d_xy
   44   3   2  -1       0.04473650  d_yz
   44   3   2   0       0.02239398  d_z2
   44   3   2   1       0.03920165  d_xz
   44   3   2   2       0.02118721  d_x2-y2
   45   1   0   0       1.34122177  s
   45   2   1  -1       0.83195440  p_y
   45   2   1   0       0.82518765  p_z
   45   2   1   1       0.82728822  p_x
   45   3   2  -2       0.04182966  d_xy
   45   3   2  -1       0.04119152  d_yz
   45   3   2   0       0.02223056  d_z2
   45   3   2   1       0.04041298  d_xz
   45   3   2   2       0.01998428  d_x2-y2
   46   1   0   0       1.36225655  s
   46   2   1  -1       0.82913147  p_y
   46   2   1   0       0.83870174  p_z
   46   2   1   1       0.82677181  p_x
   46   3   2  -2       0.04104454  d_xy
   46   3   2  -1       0.03630677  d_yz
   46   3   2   0       0.01706411  d_z2
   46   3   2   1       0.03717753  d_xz
   46   3   2   2       0.01865406  d_x2-y2
   47   1   0   0       1.35959980  s
   47   2   1  -1       0.83086834  p_y
   47   2   1   0       0.82834804  p_z
   47   2   1   1       0.82836293  p_x
   47   3   2  -2       0.03788655  d_xy
   47   3   2  -1       0.04042714  d_yz
   47   3   2   0       0.01965475  d_z2
   47   3   2   1       0.03951206  d_xz
   47   3   2   2       0.01882707  d_x2-y2
   48   1   0   0       1.38480152  s
   48   2   1  -1       0.83344025  p_y
   48   2   1   0       0.83731537  p_z
   48   2   1   1       0.83195677  p_x
   48   3   2  -2       0.03593397  d_xy
   48   3   2  -1       0.03733664  d_yz
   48   3   2   0       0.01547961  d_z2
   48   3   2   1       0.03321589  d_xz
   48   3   2   2       0.01611368  d_x2-y2
   49   1   0   0       1.34270745  s
   49   2   1  -1       0.83371675  p_y
   49   2   1   0       0.82288343  p_z
   49   2   1   1       0.83392700  p_x
   49   3   2  -2       0.03499204  d_xy
   49   3   2  -1       0.04330291  d_yz
   49   3   2   0       0.02104957  d_z2
   49   3   2   1       0.04006913  d_xz
   49   3   2   2       0.01983044  d_x2-y2
   50   1   0   0       1.35089349  s
   50   2   1  -1       0.82771584  p_y
   50   2   1   0       0.82730479  p_z
   50   2   1   1       0.82636195  p_x
   50   3   2  -2       0.04377660  d_xy
   50   3   2  -1       0.03917911  d_yz
   50   3   2   0       0.02209896  d_z2
   50   3   2   1       0.03819955  d_xz
   50   3   2   2       0.01992984  d_x2-y2
   51   1   0   0       1.34405387  s
   51   2   1  -1       0.82677066  p_y
   51   2   1   0       0.82442512  p_z
   51   2   1   1       0.82927072  p_x
   51   3   2  -2       0.03984880  d_xy
   51   3   2  -1       0.03938510  d_yz
   51   3   2   0       0.02102488  d_z2
   51   3   2   1       0.04217205  d_xz
   51   3   2   2       0.02047786  d_x2-y2
   52   1   0   0       1.37880640  s
   52   2   1  -1       0.82850888  p_y
   52   2   1   0       0.83305471  p_z
   52   2   1   1       0.83001151  p_x
   52   3   2  -2       0.04018167  d_xy
   52   3   2  -1       0.03759566  d_yz
   52   3   2   0       0.01782566  d_z2
   52   3   2   1       0.03555686  d_xz
   52   3   2   2       0.01774401  d_x2-y2
   53   1   0   0       1.34368669  s
   53   2   1  -1       0.82837866  p_y
   53   2   1   0       0.83113354  p_z
   53   2   1   1       0.83031543  p_x
   53   3   2  -2       0.04157464  d_xy
   53   3   2  -1       0.04011503  d_yz
   53   3   2   0       0.01974112  d_z2
   53   3   2   1       0.03822158  d_xz
   53   3   2   2       0.02023067  d_x2-y2
   54   1   0   0       1.34152492  s
   54   2   1  -1       0.82884623  p_y
   54   2   1   0       0.82492430  p_z
   54   2   1   1       0.82803846  p_x
   54   3   2  -2       0.03782533  d_xy
   54   3   2  -1       0.04080503  d_yz
   54   3   2   0       0.02094760  d_z2
   54   3   2   1       0.04090727  d_xz
   54   3   2   2       0.01916867  d_x2-y2
   55   1   0   0       1.35043950  s
   55   2   1  -1       0.82850410  p_y
   55   2   1   0       0.83284058  p_z
   55   2   1   1       0.83240904  p_x
   55   3   2  -2       0.03855757  d_xy
   55   3   2  -1       0.04126712  d_yz
   55   3   2   0       0.01925146  d_z2
   55   3   2   1       0.03944406  d_xz
   55   3   2   2       0.01976895  d_x2-y2
   56   1   0   0       1.34480063  s
   56   2   1  -1       0.82768506  p_y
   56   2   1   0       0.82471080  p_z
   56   2   1   1       0.82943748  p_x
   56   3   2  -2       0.03764354  d_xy
   56   3   2  -1       0.04006972  d_yz
   56   3   2   0       0.02118245  d_z2
   56   3   2   1       0.04086320  d_xz
   56   3   2   2       0.01901945  d_x2-y2
   57   1   0   0       1.37071139  s
   57   2   1  -1       0.82857822  p_y
   57   2   1   0       0.82288064  p_z
   57   2   1   1       0.83020378  p_x
   57   3   2  -2       0.03424251  d_xy
   57   3   2  -1       0.04122111  d_yz
   57   3   2   0       0.01834184  d_z2
   57   3   2   1       0.03961202  d_xz
   57   3   2   2       0.01822368  d_x2-y2
   58   1   0   0       1.35755184  s
   58   2   1  -1       0.83097082  p_y
   58   2   1   0       0.83284596  p_z
   58   2   1   1       0.82821513  p_x
   58   3   2  -2       0.03906969  d_xy
   58   3   2  -1       0.03821380  d_yz
   58   3   2   0       0.01896560  d_z2
   58   3   2   1       0.03983335  d_xz
   58   3   2   2       0.01898646  d_x2-y2
   59   1   0   0       1.35549395  s
   59   2   1  -1       0.82962509  p_y
   59   2   1   0       0.83005154  p_z
   59   2   1   1       0.82740084  p_x
   59   3   2  -2       0.04239874  d_xy
   59   3   2  -1       0.03750887  d_yz
   59   3   2   0       0.01821056  d_z2
   59   3   2   1       0.03752678  d_xz
   59   3   2   2       0.01961374  d_x2-y2
   60   1   0   0       1.36868544  s
   60   2   1  -1       0.83289223  p_y
   60   2   1   0       0.83234028  p_z
   60   2   1   1       0.82876214  p_x
   60   3   2  -2       0.03473667  d_xy
   60   3   2  -1       0.03681313  d_yz
   60   3   2   0       0.01599581  d_z2
   60   3   2   1       0.03935757  d_xz
   60   3   2   2       0.01825113  d_x2-y2
   61   1   0   0       1.38952194  s
   61   2   1  -1       0.82851438  p_y
   61   2   1   0       0.82609433  p_z
   61   2   1   1       0.83062217  p_x
   61   3   2  -2       0.03738080  d_xy
   61   3   2  -1       0.03633196  d_yz
   61   3   2   0       0.01832463  d_z2
   61   3   2   1       0.03711758  d_xz
   61   3   2   2       0.01703912  d_x2-y2
   62   1   0   0       1.35897648  s
   62   2   1  -1       0.82964692  p_y
   62   2   1   0       0.82800747  p_z
   62   2   1   1       0.82573267  p_x
   62   3   2  -2       0.04093222  d_xy
   62   3   2  -1       0.03720844  d_yz
   62   3   2   0       0.01912523  d_z2
   62   3   2   1       0.04071157  d_xz
   62   3   2   2       0.01967394  d_x2-y2
   63   1   0   0       1.37738087  s
   63   2   1  -1       0.83206752  p_y
   63   2   1   0       0.82736822  p_z
   63   2   1   1       0.82855430  p_x
   63   3   2  -2       0.03523297  d_xy
   63   3   2  -1       0.03841908  d_yz
   63   3   2   0       0.01861403  d_z2
   63   3   2   1       0.03869248  d_xz
   63   3   2   2       0.01791278  d_x2-y2
   64   1   0   0       1.35312302  s
   64   2   1  -1       0.82445478  p_y
   64   2   1   0       0.82031844  p_z
   64   2   1   1       0.82455409  p_x
   64   3   2  -2       0.04060588  d_xy
   64   3   2  -1       0.04317130  d_yz
   64   3   2   0       0.02112772  d_z2
   64   3   2   1       0.04276596  d_xz
   64   3   2   2       0.02216282  d_x2-y2

Fermi level:                        -0.1326374894 H           -3.6092 eV
Band energy:                       -88.1918322753 H        -2399.8219 eV
TS:                                  0.0000000000 H            0.0000 eV
Band free energy (E-TS):           -88.1918322753 H        -2399.8219 eV
Extrapolated E(0K):                -88.1918322753 H        -2399.8219 eV
Input / Output electrons (q):    256.0000000000    256.0000000000

Energy H0:                         -88.1806448784 H        -2399.5174 eV
Energy SCC:                          0.0004624917 H            0.0126 eV
Total Electronic energy:           -88.1801823868 H        -2399.5048 eV
Repulsive energy:                    0.0000000000 H            0.0000 eV
Total energy:                      -88.1801823868 H        -2399.5048 eV
Extrapolated to 0:                 -88.1801823868 H        -2399.5048 eV
Total Mermin free energy:          -88.1801823868 H        -2399.5048 eV
Force related energy:              -88.1801823868 H        -2399.5048 eV

Non-constrained calculation

SCC converged

Warning: dipole moment is not defined absolutely!
Dipole moment:    0.47467725   -0.57534819    0.32137534 au
Dipole moment:    1.20650931   -1.46238936    0.81685470 Debye


