 Fermi distribution function

Calculation with static geometry


********************************************************************************
 iSCC Total electronic   Diff electronic      SCC error    
    9   -0.88128591E+02   -0.15988064E-08    0.98179565E-05
********************************************************************************

 Total charge:    -0.00000000

 Atomic gross charges (e)
 Atom           Charge
    1       0.01714714
    2      -0.00100929
    3       0.01714786
    4       0.00711317
    5      -0.01632001
    6       0.00375535
    7       0.01348523
    8       0.00559840
    9       0.00779571
   10       0.01209677
   11       0.01899074
   12      -0.01025551
   13       0.01346917
   14      -0.01061791
   15       0.00560511
   16      -0.00788323
   17       0.00129315
   18       0.00695132
   19      -0.01205858
   20       0.00516408
   21      -0.01048533
   22       0.00959812
   23      -0.00122971
   24      -0.00287586
   25      -0.01012800
   26      -0.00209779
   27      -0.01957343
   28      -0.00367164
   29      -0.00666085
   30      -0.00978912
   31      -0.00422194
   32       0.01557763
   33       0.02119366
   34      -0.00129315
   35       0.01819478
   36      -0.01328677
   37       0.00835606
   38      -0.03252522
   39       0.00272597
   40      -0.00926543
   41      -0.00840559
   42       0.01322155
   43       0.00970430
   44       0.02600353
   45      -0.00832837
   46       0.00823195
   47       0.00998064
   48       0.00755542
   49      -0.00271220
   50      -0.02975272
   51       0.00041076
   52      -0.00344992
   53       0.00676138
   54       0.00638593
   55      -0.00888213
   56       0.01560242
   57      -0.02240182
   58       0.00697988
   59      -0.02705646
   60       0.00272636
   61      -0.01344544
   62      -0.00132065
   63      -0.01313541
   64      -0.00068409

Nr. of electrons (up):    256.00000000
Atom populations (up)
 Atom       Population
    1       3.98285286
    2       4.00100929
    3       3.98285214
    4       3.99288683
    5       4.01632001
    6       3.99624465
    7       3.98651477
    8       3.99440160
    9       3.99220429
   10       3.98790323
   11       3.98100926
   12       4.01025551
   13       3.98653083
   14       4.01061791
   15       3.99439489
   16       4.00788323
   17       3.99870685
   18       3.99304868
   19       4.01205858
   20       3.99483592
   21       4.01048533
   22       3.99040188
   23       4.00122971
   24       4.00287586
   25       4.01012800
   26       4.00209779
   27       4.01957343
   28       4.00367164
   29       4.00666085
   30       4.00978912
   31       4.00422194
   32       3.98442237
   33       3.97880634
   34       4.00129315
   35       3.98180522
   36       4.01328677
   37       3.99164394
   38       4.03252522
   39       3.99727403
   40       4.00926543
   41       4.00840559
   42       3.98677845
   43       3.99029570
   44       3.97399647
   45       4.00832837
   46       3.99176805
   47       3.99001936
   48       3.99244458
   49       4.00271220
   50       4.02975272
   51       3.99958924
   52       4.00344992
   53       3.99323862
   54       3.99361407
   55       4.00888213
   56       3.98439758
   57       4.02240182
   58       3.99302012
   59       4.02705646
   60       3.99727364
   61       4.01344544
   62       4.00132065
   63       4.01313541
   64       4.00068409

l-shell populations (up)
 Atom Sh.   l       Population
    1   1   0       1.35587021
    1   2   1       2.47330850
    1   3   2       0.15367416
    2   1   0       1.36631949
    2   2   1       2.47122727
    2   3   2       0.16346253
    3   1   0       1.35017343
    3   2   1       2.47281694
    3   3   2       0.15986178
    4   1   0       1.35427057
    4   2   1       2.47963052
    4   3   2       0.15898574
    5   1   0       1.38638603
    5   2   1       2.48105932
    5   3   2       0.14887466
    6   1   0       1.35745202
    6   2   1       2.47989726
    6   3   2       0.15889536
    7   1   0       1.34372516
    7   2   1       2.47543837
    7   3   2       0.16735123
    8   1   0       1.34912437
    8   2   1       2.48755674
    8   3   2       0.15772049
    9   1   0       1.36919950
    9   2   1       2.46131634
    9   3   2       0.16168845
   10   1   0       1.33529368
   10   2   1       2.49322755
   10   3   2       0.15938200
   11   1   0       1.32583276
   11   2   1       2.47413634
   11   3   2       0.18104015
   12   1   0       1.38438354
   12   2   1       2.48064777
   12   3   2       0.14522420
   13   1   0       1.33488216
   13   2   1       2.48401171
   13   3   2       0.16763697
   14   1   0       1.37884093
   14   2   1       2.48850360
   14   3   2       0.14327338
   15   1   0       1.36005428
   15   2   1       2.48142339
   15   3   2       0.15291722
   16   1   0       1.37103046
   16   2   1       2.48172255
   16   3   2       0.15513022
   17   1   0       1.35482063
   17   2   1       2.48042669
   17   3   2       0.16345952
   18   1   0       1.35165500
   18   2   1       2.47815895
   18   3   2       0.16323473
   19   1   0       1.36535073
   19   2   1       2.49096100
   19   3   2       0.15574685
   20   1   0       1.35132639
   20   2   1       2.49167081
   20   3   2       0.15183872
   21   1   0       1.36406697
   21   2   1       2.49417976
   21   3   2       0.15223859
   22   1   0       1.34293802
   22   2   1       2.48762927
   22   3   2       0.15983459
   23   1   0       1.34744302
   23   2   1       2.48724711
   23   3   2       0.16653959
   24   1   0       1.36219882
   24   2   1       2.49299530
   24   3   2       0.14768173
   25   1   0       1.37687282
   25   2   1       2.48552056
   25   3   2       0.14773462
   26   1   0       1.36641147
   26   2   1       2.47745565
   26   3   2       0.15823067
   27   1   0       1.38650261
   27   2   1       2.49002664
   27   3   2       0.14304418
   28   1   0       1.36542561
   28   2   1       2.47816871
   28   3   2       0.16007733
   29   1   0       1.37059660
   29   2   1       2.48716906
   29   3   2       0.14889520
   30   1   0       1.37649068
   30   2   1       2.47592064
   30   3   2       0.15737780
   31   1   0       1.36714046
   31   2   1       2.48348827
   31   3   2       0.15359321
   32   1   0       1.33091973
   32   2   1       2.46821452
   32   3   2       0.18528812
   33   1   0       1.32580468
   33   2   1       2.47782130
   33   3   2       0.17518035
   34   1   0       1.36413836
   34   2   1       2.47961177
   34   3   2       0.15754303
   35   1   0       1.33794082
   35   2   1       2.47070073
   35   3   2       0.17316366
   36   1   0       1.38483537
   36   2   1       2.48295974
   36   3   2       0.14549167
   37   1   0       1.34907069
   37   2   1       2.47488543
   37   3   2       0.16768781
   38   1   0       1.41472112
   38   2   1       2.48697672
   38   3   2       0.13082739
   39   1   0       1.34740591
   39   2   1       2.48732871
   39   3   2       0.16253941
   40   1   0       1.37029132
   40   2   1       2.49023286
   40   3   2       0.14874125
   41   1   0       1.38590308
   41   2   1       2.46898496
   41   3   2       0.15351755
   42   1   0       1.33708044
   42   2   1       2.48104214
   42   3   2       0.16865587
   43   1   0       1.35110002
   43   2   1       2.48866913
   43   3   2       0.15052655
   44   1   0       1.34457710
   44   2   1       2.45893311
   44   3   2       0.17048625
   45   1   0       1.38029895
   45   2   1       2.48344091
   45   3   2       0.14458850
   46   1   0       1.33337844
   46   2   1       2.49062778
   46   3   2       0.16776183
   47   1   0       1.34958156
   47   2   1       2.47731797
   47   3   2       0.16311983
   48   1   0       1.33895543
   48   2   1       2.48257398
   48   3   2       0.17091517
   49   1   0       1.34772541
   49   2   1       2.49192165
   49   3   2       0.16306513
   50   1   0       1.40449470
   50   2   1       2.48633939
   50   3   2       0.13891863
   51   1   0       1.35381610
   51   2   1       2.48069781
   51   3   2       0.16507532
   52   1   0       1.35907824
   52   2   1       2.49138790
   52   3   2       0.15298379
   53   1   0       1.34898374
   53   2   1       2.47526022
   53   3   2       0.16899466
   54   1   0       1.34336667
   54   2   1       2.48618550
   54   3   2       0.16406189
   55   1   0       1.36553778
   55   2   1       2.48893958
   55   3   2       0.15440478
   56   1   0       1.32891430
   56   2   1       2.48345416
   56   3   2       0.17202912
   57   1   0       1.38869233
   57   2   1       2.48627627
   57   3   2       0.14743321
   58   1   0       1.33866926
   58   2   1       2.48583911
   58   3   2       0.16851176
   59   1   0       1.38648769
   59   2   1       2.50313414
   59   3   2       0.13743463
   60   1   0       1.35739919
   60   2   1       2.47186574
   60   3   2       0.16800870
   61   1   0       1.37379540
   61   2   1       2.49548730
   61   3   2       0.14416274
   62   1   0       1.36018427
   62   2   1       2.47692616
   62   3   2       0.16421022
   63   1   0       1.37420066
   63   2   1       2.48360858
   63   3   2       0.15532616
   64   1   0       1.36998981
   64   2   1       2.48150131
   64   3   2       0.14919296

Orbital populations (up)
 Atom Sh.   l   m       Population  Label
    1   1   0   0       1.35587021  s
    1   2   1  -1       0.82517491  p_y
    1   2   1   0       0.82510072  p_z
    1   2   1   1       0.82303287  p_x
    1   3   2  -2       0.04301094  d_xy
    1   3   2  -1       0.03585098  d_yz
    1   3   2   0       0.02022933  d_z2
    1   3   2   1       0.03745879  d_xz
    1   3   2   2       0.01712411  d_x2-y2
    2   1   0   0       1.36631949  s
    2   2   1  -1       0.81915374  p_y
    2   2   1   0       0.82917855  p_z
    2   2   1   1       0.82289497  p_x
    2   3   2  -2       0.04369055  d_xy
    2   3   2  -1       0.03926116  d_yz
    2   3   2   0       0.01941955  d_z2
    2   3   2   1       0.03927424  d_xz
    2   3   2   2       0.02181703  d_x2-y2
    3   1   0   0       1.35017343  s
    3   2   1  -1       0.82240706  p_y
    3   2   1   0       0.82751129  p_z
    3   2   1   1       0.82289860  p_x
    3   3   2  -2       0.04149556  d_xy
    3   3   2  -1       0.04209547  d_yz
    3   3   2   0       0.02115862  d_z2
    3   3   2   1       0.03588421  d_xz
    3   3   2   2       0.01922791  d_x2-y2
    4   1   0   0       1.35427057  s
    4   2   1  -1       0.82255356  p_y
    4   2   1   0       0.82963277  p_z
    4   2   1   1       0.82744419  p_x
    4   3   2  -2       0.04440742  d_xy
    4   3   2  -1       0.03773234  d_yz
    4   3   2   0       0.01916913  d_z2
    4   3   2   1       0.03742656  d_xz
    4   3   2   2       0.02025029  d_x2-y2
    5   1   0   0       1.38638603  s
    5   2   1  -1       0.82704446  p_y
    5   2   1   0       0.82659270  p_z
    5   2   1   1       0.82742215  p_x
    5   3   2  -2       0.03921749  d_xy
    5   3   2  -1       0.03944325  d_yz
    5   3   2   0       0.01802689  d_z2
    5   3   2   1       0.03498084  d_xz
    5   3   2   2       0.01720619  d_x2-y2
    6   1   0   0       1.35745202  s
    6   2   1  -1       0.82865169  p_y
    6   2   1   0       0.82631262  p_z
    6   2   1   1       0.82493295  p_x
    6   3   2  -2       0.03558965  d_xy
    6   3   2  -1       0.03631893  d_yz
    6   3   2   0       0.01952310  d_z2
    6   3   2   1       0.04683143  d_xz
    6   3   2   2       0.02063224  d_x2-y2
    7   1   0   0       1.34372516  s
    7   2   1  -1       0.82270314  p_y
    7   2   1   0       0.82930957  p_z
    7   2   1   1       0.82342566  p_x
    7   3   2  -2       0.04878427  d_xy
    7   3   2  -1       0.03741592  d_yz
    7   3   2   0       0.01970729  d_z2
    7   3   2   1       0.03831607  d_xz
    7   3   2   2       0.02312769  d_x2-y2
    8   1   0   0       1.34912437  s
    8   2   1  -1       0.82949305  p_y
    8   2   1   0       0.82927707  p_z
    8   2   1   1       0.82878663  p_x
    8   3   2  -2       0.03799808  d_xy
    8   3   2  -1       0.04003361  d_yz
    8   3   2   0       0.02076289  d_z2
    8   3   2   1       0.03888406  d_xz
    8   3   2   2       0.02004185  d_x2-y2
    9   1   0   0       1.36919950  s
    9   2   1  -1       0.81545442  p_y
    9   2   1   0       0.82559440  p_z
    9   2   1   1       0.82026752  p_x
    9   3   2  -2       0.03993123  d_xy
    9   3   2  -1       0.04321650  d_yz
    9   3   2   0       0.01994710  d_z2
    9   3   2   1       0.03825678  d_xz
    9   3   2   2       0.02033684  d_x2-y2
   10   1   0   0       1.33529368  s
   10   2   1  -1       0.82777797  p_y
   10   2   1   0       0.83704785  p_z
   10   2   1   1       0.82840174  p_x
   10   3   2  -2       0.04188185  d_xy
   10   3   2  -1       0.03978535  d_yz
   10   3   2   0       0.01786396  d_z2
   10   3   2   1       0.03693392  d_xz
   10   3   2   2       0.02291693  d_x2-y2
   11   1   0   0       1.32583276  s
   11   2   1  -1       0.83280483  p_y
   11   2   1   0       0.81733119  p_z
   11   2   1   1       0.82400032  p_x
   11   3   2  -2       0.03655902  d_xy
   11   3   2  -1       0.04130298  d_yz
   11   3   2   0       0.02382947  d_z2
   11   3   2   1       0.05451039  d_xz
   11   3   2   2       0.02483830  d_x2-y2
   12   1   0   0       1.38438354  s
   12   2   1  -1       0.81766028  p_y
   12   2   1   0       0.83524159  p_z
   12   2   1   1       0.82774589  p_x
   12   3   2  -2       0.03874554  d_xy
   12   3   2  -1       0.03900605  d_yz
   12   3   2   0       0.01667981  d_z2
   12   3   2   1       0.03335509  d_xz
   12   3   2   2       0.01743772  d_x2-y2
   13   1   0   0       1.33488216  s
   13   2   1  -1       0.82894899  p_y
   13   2   1   0       0.82918485  p_z
   13   2   1   1       0.82587787  p_x
   13   3   2  -2       0.03835570  d_xy
   13   3   2  -1       0.04199873  d_yz
   13   3   2   0       0.02051806  d_z2
   13   3   2   1       0.04397490  d_xz
   13   3   2   2       0.02278958  d_x2-y2
   14   1   0   0       1.37884093  s
   14   2   1  -1       0.83003330  p_y
   14   2   1   0       0.82924134  p_z
   14   2   1   1       0.82922896  p_x
   14   3   2  -2       0.04009618  d_xy
   14   3   2  -1       0.03821856  d_yz
   14   3   2   0       0.01831600  d_z2
   14   3   2   1       0.03106809  d_xz
   14   3   2   2       0.01557455  d_x2-y2
   15   1   0   0       1.36005428  s
   15   2   1  -1       0.82702193  p_y
   15   2   1   0       0.83418817  p_z
   15   2   1   1       0.82021328  p_x
   15   3   2  -2       0.03928704  d_xy
   15   3   2  -1       0.03566607  d_yz
   15   3   2   0       0.01751518  d_z2
   15   3   2   1       0.04087995  d_xz
   15   3   2   2       0.01956898  d_x2-y2
   16   1   0   0       1.37103046  s
   16   2   1  -1       0.82617503  p_y
   16   2   1   0       0.83407503  p_z
   16   2   1   1       0.82147249  p_x
   16   3   2  -2       0.04262812  d_xy
   16   3   2  -1       0.03525545  d_yz
   16   3   2   0       0.01780402  d_z2
   16   3   2   1       0.03943867  d_xz
   16   3   2   2       0.02000397  d_x2-y2
   17   1   0   0       1.35482063  s
   17   2   1  -1       0.82550468  p_y
   17   2   1   0       0.82798073  p_z
   17   2   1   1       0.82694127  p_x
   17   3   2  -2       0.04306721  d_xy
   17   3   2  -1       0.04096030  d_yz
   17   3   2   0       0.02073236  d_z2
   17   3   2   1       0.03841787  d_xz
   17   3   2   2       0.02028178  d_x2-y2
   18   1   0   0       1.35165500  s
   18   2   1  -1       0.83524970  p_y
   18   2   1   0       0.81124504  p_z
   18   2   1   1       0.83166420  p_x
   18   3   2  -2       0.03496945  d_xy
   18   3   2  -1       0.03986402  d_yz
   18   3   2   0       0.02406522  d_z2
   18   3   2   1       0.04645952  d_xz
   18   3   2   2       0.01787652  d_x2-y2
   19   1   0   0       1.36535073  s
   19   2   1  -1       0.82735224  p_y
   19   2   1   0       0.83058422  p_z
   19   2   1   1       0.83302453  p_x
   19   3   2  -2       0.04042742  d_xy
   19   3   2  -1       0.03941372  d_yz
   19   3   2   0       0.01920899  d_z2
   19   3   2   1       0.03679522  d_xz
   19   3   2   2       0.01990149  d_x2-y2
   20   1   0   0       1.35132639  s
   20   2   1  -1       0.83442711  p_y
   20   2   1   0       0.82540285  p_z
   20   2   1   1       0.83184085  p_x
   20   3   2  -2       0.03460920  d_xy
   20   3   2  -1       0.04036105  d_yz
   20   3   2   0       0.01872182  d_z2
   20   3   2   1       0.03885512  d_xz
   20   3   2   2       0.01929153  d_x2-y2
   21   1   0   0       1.36406697  s
   21   2   1  -1       0.83677695  p_y
   21   2   1   0       0.82388342  p_z
   21   2   1   1       0.83351939  p_x
   21   3   2  -2       0.03644050  d_xy
   21   3   2  -1       0.04025946  d_yz
   21   3   2   0       0.02055509  d_z2
   21   3   2   1       0.03805504  d_xz
   21   3   2   2       0.01692850  d_x2-y2
   22   1   0   0       1.34293802  s
   22   2   1  -1       0.83107103  p_y
   22   2   1   0       0.83104891  p_z
   22   2   1   1       0.82550933  p_x
   22   3   2  -2       0.03927656  d_xy
   22   3   2  -1       0.04235307  d_yz
   22   3   2   0       0.02123392  d_z2
   22   3   2   1       0.03705464  d_xz
   22   3   2   2       0.01991639  d_x2-y2
   23   1   0   0       1.34744302  s
   23   2   1  -1       0.83038925  p_y
   23   2   1   0       0.82648423  p_z
   23   2   1   1       0.83037363  p_x
   23   3   2  -2       0.04123924  d_xy
   23   3   2  -1       0.04095002  d_yz
   23   3   2   0       0.02222321  d_z2
   23   3   2   1       0.04215384  d_xz
   23   3   2   2       0.01997327  d_x2-y2
   24   1   0   0       1.36219882  s
   24   2   1  -1       0.83214489  p_y
   24   2   1   0       0.83158104  p_z
   24   2   1   1       0.82926937  p_x
   24   3   2  -2       0.03844244  d_xy
   24   3   2  -1       0.03589838  d_yz
   24   3   2   0       0.01841842  d_z2
   24   3   2   1       0.03666819  d_xz
   24   3   2   2       0.01825431  d_x2-y2
   25   1   0   0       1.37687282  s
   25   2   1  -1       0.82550071  p_y
   25   2   1   0       0.83133535  p_z
   25   2   1   1       0.82868451  p_x
   25   3   2  -2       0.03520875  d_xy
   25   3   2  -1       0.03818321  d_yz
   25   3   2   0       0.01694522  d_z2
   25   3   2   1       0.03906862  d_xz
   25   3   2   2       0.01832882  d_x2-y2
   26   1   0   0       1.36641147  s
   26   2   1  -1       0.82761368  p_y
   26   2   1   0       0.82236902  p_z
   26   2   1   1       0.82747295  p_x
   26   3   2  -2       0.04033950  d_xy
   26   3   2  -1       0.04158551  d_yz
   26   3   2   0       0.01980502  d_z2
   26   3   2   1       0.03675233  d_xz
   26   3   2   2       0.01974831  d_x2-y2
   27   1   0   0       1.38650261  s
   27   2   1  -1       0.82991226  p_y
   27   2   1   0       0.82961958  p_z
   27   2   1   1       0.83049480  p_x
   27   3   2  -2       0.03605031  d_xy
   27   3   2  -1       0.03564443  d_yz
   27   3   2   0       0.01686481  d_z2
   27   3   2   1       0.03813628  d_xz
   27   3   2   2       0.01634835  d_x2-y2
   28   1   0   0       1.36542561  s
   28   2   1  -1       0.82752455  p_y
   28   2   1   0       0.82486763  p_z
   28   2   1   1       0.82577652  p_x
   28   3   2  -2       0.04073265  d_xy
   28   3   2  -1       0.03802601  d_yz
   28   3   2   0       0.02024781  d_z2
   28   3   2   1       0.04163052  d_xz
   28   3   2   2       0.01944034  d_x2-y2
   29   1   0   0       1.37059660  s
   29   2   1  -1       0.83188613  p_y
   29   2   1   0       0.82550003  p_z
   29   2   1   1       0.82978289  p_x
   29   3   2  -2       0.03529190  d_xy
   29   3   2  -1       0.03488019  d_yz
   29   3   2   0       0.01768568  d_z2
   29   3   2   1       0.04343859  d_xz
   29   3   2   2       0.01759884  d_x2-y2
   30   1   0   0       1.37649068  s
   30   2   1  -1       0.82209654  p_y
   30   2   1   0       0.82847388  p_z
   30   2   1   1       0.82535021  p_x
   30   3   2  -2       0.04181330  d_xy
   30   3   2  -1       0.03748307  d_yz
   30   3   2   0       0.01994259  d_z2
   30   3   2   1       0.03942197  d_xz
   30   3   2   2       0.01871687  d_x2-y2
   31   1   0   0       1.36714046  s
   31   2   1  -1       0.83449739  p_y
   31   2   1   0       0.82011951  p_z
   31   2   1   1       0.82887137  p_x
   31   3   2  -2       0.03328377  d_xy
   31   3   2  -1       0.04127752  d_yz
   31   3   2   0       0.01903582  d_z2
   31   3   2   1       0.04190830  d_xz
   31   3   2   2       0.01808780  d_x2-y2
   32   1   0   0       1.33091973  s
   32   2   1  -1       0.82510962  p_y
   32   2   1   0       0.82226369  p_z
   32   2   1   1       0.82084121  p_x
   32   3   2  -2       0.04320706  d_xy
   32   3   2  -1       0.04294193  d_yz
   32   3   2   0       0.02390266  d_z2
   32   3   2   1       0.04932576  d_xz
   32   3   2   2       0.02591071  d_x2-y2
   33   1   0   0       1.32580468  s
   33   2   1  -1       0.83365751  p_y
   33   2   1   0       0.82245397  p_z
   33   2   1   1       0.82170983  p_x
   33   3   2  -2       0.03749419  d_xy
   33   3   2  -1       0.03955494  d_yz
   33   3   2   0       0.02206484  d_z2
   33   3   2   1       0.05256501  d_xz
   33   3   2   2       0.02350138  d_x2-y2
   34   1   0   0       1.36413836  s
   34   2   1  -1       0.82354479  p_y
   34   2   1   0       0.82958296  p_z
   34   2   1   1       0.82648402  p_x
   34   3   2  -2       0.04209264  d_xy
   34   3   2  -1       0.03846733  d_yz
   34   3   2   0       0.01897241  d_z2
   34   3   2   1       0.03791302  d_xz
   34   3   2   2       0.02009763  d_x2-y2
   35   1   0   0       1.33794082  s
   35   2   1  -1       0.82882755  p_y
   35   2   1   0       0.81601633  p_z
   35   2   1   1       0.82585686  p_x
   35   3   2  -2       0.03739224  d_xy
   35   3   2  -1       0.04390730  d_yz
   35   3   2   0       0.02394789  d_z2
   35   3   2   1       0.04671572  d_xz
   35   3   2   2       0.02120050  d_x2-y2
   36   1   0   0       1.38483537  s
   36   2   1  -1       0.82319369  p_y
   36   2   1   0       0.83026629  p_z
   36   2   1   1       0.82949976  p_x
   36   3   2  -2       0.04222224  d_xy
   36   3   2  -1       0.03644418  d_yz
   36   3   2   0       0.01642692  d_z2
   36   3   2   1       0.03256464  d_xz
   36   3   2   2       0.01783369  d_x2-y2
   37   1   0   0       1.34907069  s
   37   2   1  -1       0.82426219  p_y
   37   2   1   0       0.82599528  p_z
   37   2   1   1       0.82462796  p_x
   37   3   2  -2       0.04236868  d_xy
   37   3   2  -1       0.04137845  d_yz
   37   3   2   0       0.02081439  d_z2
   37   3   2   1       0.04060477  d_xz
   37   3   2   2       0.02252153  d_x2-y2
   38   1   0   0       1.41472112  s
   38   2   1  -1       0.83346299  p_y
   38   2   1   0       0.82477805  p_z
   38   2   1   1       0.82873568  p_x
   38   3   2  -2       0.03155177  d_xy
   38   3   2  -1       0.03198887  d_yz
   38   3   2   0       0.01483204  d_z2
   38   3   2   1       0.03809683  d_xz
   38   3   2   2       0.01435788  d_x2-y2
   39   1   0   0       1.34740591  s
   39   2   1  -1       0.83026022  p_y
   39   2   1   0       0.83115287  p_z
   39   2   1   1       0.82591562  p_x
   39   3   2  -2       0.04185159  d_xy
   39   3   2  -1       0.03904266  d_yz
   39   3   2   0       0.02159043  d_z2
   39   3   2   1       0.04063307  d_xz
   39   3   2   2       0.01942165  d_x2-y2
   40   1   0   0       1.37029132  s
   40   2   1  -1       0.83345861  p_y
   40   2   1   0       0.82383230  p_z
   40   2   1   1       0.83294196  p_x
   40   3   2  -2       0.03505070  d_xy
   40   3   2  -1       0.04038380  d_yz
   40   3   2   0       0.01824376  d_z2
   40   3   2   1       0.03687245  d_xz
   40   3   2   2       0.01819055  d_x2-y2
   41   1   0   0       1.38590308  s
   41   2   1  -1       0.82643061  p_y
   41   2   1   0       0.81621521  p_z
   41   2   1   1       0.82633913  p_x
   41   3   2  -2       0.03458762  d_xy
   41   3   2  -1       0.04845308  d_yz
   41   3   2   0       0.01878454  d_z2
   41   3   2   1       0.03323590  d_xz
   41   3   2   2       0.01845642  d_x2-y2
   42   1   0   0       1.33708044  s
   42   2   1  -1       0.83046127  p_y
   42   2   1   0       0.81775344  p_z
   42   2   1   1       0.83282743  p_x
   42   3   2  -2       0.03595194  d_xy
   42   3   2  -1       0.04643533  d_yz
   42   3   2   0       0.02373684  d_z2
   42   3   2   1       0.04267489  d_xz
   42   3   2   2       0.01985688  d_x2-y2
   43   1   0   0       1.35110002  s
   43   2   1  -1       0.82797654  p_y
   43   2   1   0       0.82995552  p_z
   43   2   1   1       0.83073708  p_x
   43   3   2  -2       0.04247089  d_xy
   43   3   2  -1       0.03195497  d_yz
   43   3   2   0       0.01864523  d_z2
   43   3   2   1       0.03938654  d_xz
   43   3   2   2       0.01806891  d_x2-y2
   44   1   0   0       1.34457710  s
   44   2   1  -1       0.81802645  p_y
   44   2   1   0       0.82407567  p_z
   44   2   1   1       0.81683099  p_x
   44   3   2  -2       0.04268996  d_xy
   44   3   2  -1       0.03788053  d_yz
   44   3   2   0       0.02500911  d_z2
   44   3   2   1       0.04479742  d_xz
   44   3   2   2       0.02010924  d_x2-y2
   45   1   0   0       1.38029895  s
   45   2   1  -1       0.82978823  p_y
   45   2   1   0       0.82623196  p_z
   45   2   1   1       0.82742072  p_x
   45   3   2  -2       0.03697455  d_xy
   45   3   2  -1       0.03554277  d_yz
   45   3   2   0       0.01746090  d_z2
   45   3   2   1       0.03786614  d_xz
   45   3   2   2       0.01674414  d_x2-y2
   46   1   0   0       1.33337844  s
   46   2   1  -1       0.83027932  p_y
   46   2   1   0       0.82849696  p_z
   46   2   1   1       0.83185151  p_x
   46   3   2  -2       0.04056050  d_xy
   46   3   2  -1       0.04376111  d_yz
   46   3   2   0       0.02302386  d_z2
   46   3   2   1       0.03899007  d_xz
   46   3   2   2       0.02142629  d_x2-y2
   47   1   0   0       1.34958156  s
   47   2   1  -1       0.81981242  p_y
   47   2   1   0       0.83006871  p_z
   47   2   1   1       0.82743684  p_x
   47   3   2  -2       0.03976268  d_xy
   47   3   2  -1       0.04223984  d_yz
   47   3   2   0       0.01977826  d_z2
   47   3   2   1       0.03964578  d_xz
   47   3   2   2       0.02169326  d_x2-y2
   48   1   0   0       1.33895543  s
   48   2   1  -1       0.83380388  p_y
   48   2   1   0       0.81817339  p_z
   48   2   1   1       0.83059671  p_x
   48   3   2  -2       0.03623982  d_xy
   48   3   2  -1       0.04115024  d_yz
   48   3   2   0       0.02366310  d_z2
   48   3   2   1       0.04870198  d_xz
   48   3   2   2       0.02116003  d_x2-y2
   49   1   0   0       1.34772541  s
   49   2   1  -1       0.82951072  p_y
   49   2   1   0       0.83935519  p_z
   49   2   1   1       0.82305575  p_x
   49   3   2  -2       0.05026140  d_xy
   49   3   2  -1       0.03605499  d_yz
   49   3   2   0       0.01846511  d_z2
   49   3   2   1       0.03604276  d_xz
   49   3   2   2       0.02224087  d_x2-y2
   50   1   0   0       1.40449470  s
   50   2   1  -1       0.82888532  p_y
   50   2   1   0       0.83166480  p_z
   50   2   1   1       0.82578927  p_x
   50   3   2  -2       0.03170658  d_xy
   50   3   2  -1       0.03769161  d_yz
   50   3   2   0       0.01687209  d_z2
   50   3   2   1       0.03680396  d_xz
   50   3   2   2       0.01584439  d_x2-y2
   51   1   0   0       1.35381610  s
   51   2   1  -1       0.82610304  p_y
   51   2   1   0       0.83123634  p_z
   51   2   1   1       0.82335843  p_x
   51   3   2  -2       0.03944642  d_xy
   51   3   2  -1       0.04327163  d_yz
   51   3   2   0       0.01873089  d_z2
   51   3   2   1       0.04067360  d_xz
   51   3   2   2       0.02295278  d_x2-y2
   52   1   0   0       1.35907824  s
   52   2   1  -1       0.83124939  p_y
   52   2   1   0       0.83150422  p_z
   52   2   1   1       0.82863429  p_x
   52   3   2  -2       0.03857892  d_xy
   52   3   2  -1       0.03693510  d_yz
   52   3   2   0       0.01882318  d_z2
   52   3   2   1       0.03994520  d_xz
   52   3   2   2       0.01870140  d_x2-y2
   53   1   0   0       1.34898374  s
   53   2   1  -1       0.82097084  p_y
   53   2   1   0       0.82725249  p_z
   53   2   1   1       0.82703689  p_x
   53   3   2  -2       0.03907432  d_xy
   53   3   2  -1       0.04654123  d_yz
   53   3   2   0       0.02223705  d_z2
   53   3   2   1       0.04008219  d_xz
   53   3   2   2       0.02105988  d_x2-y2
   54   1   0   0       1.34336667  s
   54   2   1  -1       0.82366368  p_y
   54   2   1   0       0.83133821  p_z
   54   2   1   1       0.83118361  p_x
   54   3   2  -2       0.03899828  d_xy
   54   3   2  -1       0.04253987  d_yz
   54   3   2   0       0.01938370  d_z2
   54   3   2   1       0.03987033  d_xz
   54   3   2   2       0.02326972  d_x2-y2
   55   1   0   0       1.36553778  s
   55   2   1  -1       0.82937169  p_y
   55   2   1   0       0.83121105  p_z
   55   2   1   1       0.82835683  p_x
   55   3   2  -2       0.04507576  d_xy
   55   3   2  -1       0.03581087  d_yz
   55   3   2   0       0.01847404  d_z2
   55   3   2   1       0.03604692  d_xz
   55   3   2   2       0.01899718  d_x2-y2
   56   1   0   0       1.32891430  s
   56   2   1  -1       0.82083498  p_y
   56   2   1   0       0.83400785  p_z
   56   2   1   1       0.82861133  p_x
   56   3   2  -2       0.04414868  d_xy
   56   3   2  -1       0.04319860  d_yz
   56   3   2   0       0.02306948  d_z2
   56   3   2   1       0.04016018  d_xz
   56   3   2   2       0.02145219  d_x2-y2
   57   1   0   0       1.38869233  s
   57   2   1  -1       0.82961544  p_y
   57   2   1   0       0.83178759  p_z
   57   2   1   1       0.82487325  p_x
   57   3   2  -2       0.04191843  d_xy
   57   3   2  -1       0.03219837  d_yz
   57   3   2   0       0.01750139  d_z2
   57   3   2   1       0.03813956  d_xz
   57   3   2   2       0.01767546  d_x2-y2
   58   1   0   0       1.33866926  s
   58   2   1  -1       0.83306515  p_y
   58   2   1   0       0.82559389  p_z
   58   2   1   1       0.82718006  p_x
   58   3   2  -2       0.04229447  d_xy
   58   3   2  -1       0.03929264  d_yz
   58   3   2   0       0.02284636  d_z2
   58   3   2   1       0.04326577  d_xz
   58   3   2   2       0.02081251  d_x2-y2
   59   1   0   0       1.38648769  s
   59   2   1  -1       0.82691476  p_y
   59   2   1   0       0.83956354  p_z
   59   2   1   1       0.83665584  p_x
   59   3   2  -2       0.03418290  d_xy
   59   3   2  -1       0.03801313  d_yz
   59   3   2   0       0.01429688  d_z2
   59   3   2   1       0.03334977  d_xz
   59   3   2   2       0.01759194  d_x2-y2
   60   1   0   0       1.35739919  s
   60   2   1  -1       0.82689924  p_y
   60   2   1   0       0.82342601  p_z
   60   2   1   1       0.82154049  p_x
   60   3   2  -2       0.04243033  d_xy
   60   3   2  -1       0.04133924  d_yz
   60   3   2   0       0.02164337  d_z2
   60   3   2   1       0.04102450  d_xz
   60   3   2   2       0.02157127  d_x2-y2
   61   1   0   0       1.37379540  s
   61   2   1  -1       0.83162449  p_y
   61   2   1   0       0.82862106  p_z
   61   2   1   1       0.83524176  p_x
   61   3   2  -2       0.03425628  d_xy
   61   3   2  -1       0.03878478  d_yz
   61   3   2   0       0.01769066  d_z2
   61   3   2   1       0.03644900  d_xz
   61   3   2   2       0.01698203  d_x2-y2
   62   1   0   0       1.36018427  s
   62   2   1  -1       0.82413301  p_y
   62   2   1   0       0.83032373  p_z
   62   2   1   1       0.82246941  p_x
   62   3   2  -2       0.04424053  d_xy
   62   3   2  -1       0.04053842  d_yz
   62   3   2   0       0.02097243  d_z2
   62   3   2   1       0.03793570  d_xz
   62   3   2   2       0.02052314  d_x2-y2
   63   1   0   0       1.37420066  s
   63   2   1  -1       0.82827547  p_y
   63   2   1   0       0.83033297  p_z
   63   2   1   1       0.82500014  p_x
   63   3   2  -2       0.03951594  d_xy
   63   3   2  -1       0.03533006  d_yz
   63   3   2   0       0.01919072  d_z2
   63   3   2   1       0.04257387  d_xz
   63   3   2   2       0.01871557  d_x2-y2
   64   1   0   0       1.36998981  s
   64   2   1  -1       0.82485346  p_y
   64   2   1   0       0.82927068  p_z
   64   2   1   1       0.82737717  p_x
   64   3   2  -2       0.04225276  d_xy
   64   3   2  -1       0.03439001  d_yz
   64   3   2   0       0.01901209  d_z2
   64   3   2   1       0.03658157  d_xz
   64   3   2   2       0.01695654  d_x2-y2

Fermi level:                        -0.1336567878 H           -3.6370 eV
Band energy:                       -88.1502969727 H        -2398.6916 eV
TS:                                  0.0000000000 H            0.0000 eV
Band free energy (E-TS):           -88.1502969727 H        -2398.6916 eV
Extrapolated E(0K):                -88.1502969727 H        -2398.6916 eV
Input / Output electrons (q):    256.0000000000    256.0000000000

Energy H0:                         -88.1291987217 H        -2398.1175 eV
Energy SCC:                          0.0006074335 H            0.0165 eV
Total Electronic energy:           -88.1285912882 H        -2398.1010 eV
Repulsive energy:                    0.0000000000 H            0.0000 eV
Total energy:                      -88.1285912882 H        -2398.1010 eV
Extrapolated to 0:                 -88.1285912882 H        -2398.1010 eV
Total Mermin free energy:          -88.1285912882 H        -2398.1010 eV
Force related energy:              -88.1285912882 H        -2398.1010 eV

Non-constrained calculation

SCC converged

Warning: dipole moment is not defined absolutely!
Dipole moment:    0.13111182   -0.36723150    0.76138631 au
Dipole moment:    0.33325302   -0.93340945    1.93525111 Debye


