 Fermi distribution function

Calculation with static geometry


********************************************************************************
 iSCC Total electronic   Diff electronic      SCC error    
    9   -0.88163578E+02   -0.76917672E-09    0.75361023E-05
********************************************************************************

 Total charge:    -0.00000000

 Atomic gross charges (e)
 Atom           Charge
    1      -0.01874488
    2       0.00938252
    3      -0.00873953
    4       0.00548413
    5       0.01174384
    6       0.00402192
    7       0.01116928
    8       0.01730248
    9       0.01364637
   10      -0.00598408
   11      -0.00406682
   12      -0.00750034
   13       0.00447362
   14       0.00982434
   15       0.00445192
   16       0.00809395
   17      -0.01516379
   18      -0.00458646
   19      -0.01439734
   20      -0.01626858
   21      -0.00988728
   22      -0.00119713
   23       0.00995592
   24      -0.02150965
   25       0.00443792
   26      -0.00528077
   27      -0.00909406
   28       0.00584955
   29       0.00086926
   30       0.00962776
   31       0.00069322
   32       0.01910381
   33      -0.00407344
   34       0.00866327
   35       0.01296717
   36      -0.01753165
   37       0.02449231
   38      -0.00611760
   39       0.00185766
   40       0.01476804
   41       0.00817383
   42      -0.00083332
   43       0.00033655
   44      -0.00644650
   45      -0.01880062
   46       0.00463957
   47       0.00635398
   48       0.01594186
   49      -0.03028263
   50      -0.01221868
   51      -0.01156471
   52       0.02052253
   53       0.01106539
   54      -0.01697957
   55      -0.01677630
   56       0.00412321
   57      -0.01013268
   58       0.01115102
   59      -0.01084820
   60       0.00256016
   61      -0.00155632
   62       0.00748299
   63       0.00045300
   64       0.00089860

Nr. of electrons (up):    256.00000000
Atom populations (up)
 Atom       Population
    1       4.01874488
    2       3.99061748
    3       4.00873953
    4       3.99451587
    5       3.98825616
    6       3.99597808
    7       3.98883072
    8       3.98269752
    9       3.98635363
   10       4.00598408
   11       4.00406682
   12       4.00750034
   13       3.99552638
   14       3.99017566
   15       3.99554808
   16       3.99190605
   17       4.01516379
   18       4.00458646
   19       4.01439734
   20       4.01626858
   21       4.00988728
   22       4.00119713
   23       3.99004408
   24       4.02150965
   25       3.99556208
   26       4.00528077
   27       4.00909406
   28       3.99415045
   29       3.99913074
   30       3.99037224
   31       3.99930678
   32       3.98089619
   33       4.00407344
   34       3.99133673
   35       3.98703283
   36       4.01753165
   37       3.97550769
   38       4.00611760
   39       3.99814234
   40       3.98523196
   41       3.99182617
   42       4.00083332
   43       3.99966345
   44       4.00644650
   45       4.01880062
   46       3.99536043
   47       3.99364602
   48       3.98405814
   49       4.03028263
   50       4.01221868
   51       4.01156471
   52       3.97947747
   53       3.98893461
   54       4.01697957
   55       4.01677630
   56       3.99587679
   57       4.01013268
   58       3.98884898
   59       4.01084820
   60       3.99743984
   61       4.00155632
   62       3.99251701
   63       3.99954700
   64       3.99910140

l-shell populations (up)
 Atom Sh.   l       Population
    1   1   0       1.37585958
    1   2   1       2.49782968
    1   3   2       0.14505563
    2   1   0       1.34690070
    2   2   1       2.48297372
    2   3   2       0.16074306
    3   1   0       1.37558600
    3   2   1       2.48716447
    3   3   2       0.14598905
    4   1   0       1.36438633
    4   2   1       2.47697487
    4   3   2       0.15315466
    5   1   0       1.33921079
    5   2   1       2.48640908
    5   3   2       0.16263630
    6   1   0       1.36510401
    6   2   1       2.47319096
    6   3   2       0.15768312
    7   1   0       1.34533968
    7   2   1       2.47248000
    7   3   2       0.17101104
    8   1   0       1.34911247
    8   2   1       2.47235867
    8   3   2       0.16122638
    9   1   0       1.33754950
    9   2   1       2.47878700
    9   3   2       0.17001713
   10   1   0       1.37346425
   10   2   1       2.48722053
   10   3   2       0.14529930
   11   1   0       1.35480547
   11   2   1       2.48385832
   11   3   2       0.16540302
   12   1   0       1.37166331
   12   2   1       2.49310561
   12   3   2       0.14273142
   13   1   0       1.36650634
   13   2   1       2.47021068
   13   3   2       0.15880936
   14   1   0       1.33995140
   14   2   1       2.48679853
   14   3   2       0.16342573
   15   1   0       1.35540454
   15   2   1       2.49326369
   15   3   2       0.14687985
   16   1   0       1.34842380
   16   2   1       2.47728637
   16   3   2       0.16619588
   17   1   0       1.37621407
   17   2   1       2.48496508
   17   3   2       0.15398464
   18   1   0       1.36211283
   18   2   1       2.47734085
   18   3   2       0.16513278
   19   1   0       1.37023885
   19   2   1       2.49567153
   19   3   2       0.14848697
   20   1   0       1.39092806
   20   2   1       2.47932222
   20   3   2       0.14601830
   21   1   0       1.36802864
   21   2   1       2.48676829
   21   3   2       0.15509035
   22   1   0       1.35792137
   22   2   1       2.48590219
   22   3   2       0.15737358
   23   1   0       1.34612638
   23   2   1       2.46297940
   23   3   2       0.18093830
   24   1   0       1.40350341
   24   2   1       2.48489055
   24   3   2       0.13311570
   25   1   0       1.35391158
   25   2   1       2.48769067
   25   3   2       0.15395983
   26   1   0       1.36632269
   26   2   1       2.48591043
   26   3   2       0.15304765
   27   1   0       1.36897601
   27   2   1       2.48885696
   27   3   2       0.15126109
   28   1   0       1.33400787
   28   2   1       2.49234808
   28   3   2       0.16779451
   29   1   0       1.35006063
   29   2   1       2.48130890
   29   3   2       0.16776121
   30   1   0       1.34437897
   30   2   1       2.48570141
   30   3   2       0.16029186
   31   1   0       1.35107187
   31   2   1       2.49241855
   31   3   2       0.15581635
   32   1   0       1.31410786
   32   2   1       2.48254715
   32   3   2       0.18424118
   33   1   0       1.36110484
   33   2   1       2.48076286
   33   3   2       0.16220574
   34   1   0       1.34640630
   34   2   1       2.48665133
   34   3   2       0.15827909
   35   1   0       1.32745475
   35   2   1       2.48383411
   35   3   2       0.17574397
   36   1   0       1.38276985
   36   2   1       2.48701053
   36   3   2       0.14775127
   37   1   0       1.32834707
   37   2   1       2.47351910
   37   3   2       0.17364151
   38   1   0       1.37538627
   38   2   1       2.49301371
   38   3   2       0.13771761
   39   1   0       1.36026668
   39   2   1       2.47881797
   39   3   2       0.15905769
   40   1   0       1.33724771
   40   2   1       2.48181162
   40   3   2       0.16617262
   41   1   0       1.33523714
   41   2   1       2.49013152
   41   3   2       0.16645751
   42   1   0       1.34562212
   42   2   1       2.48602184
   42   3   2       0.16918936
   43   1   0       1.37142064
   43   2   1       2.47397553
   43   3   2       0.15426729
   44   1   0       1.36623992
   44   2   1       2.48433470
   44   3   2       0.15587189
   45   1   0       1.38852569
   45   2   1       2.49436273
   45   3   2       0.13591220
   46   1   0       1.35610006
   46   2   1       2.47420168
   46   3   2       0.16505869
   47   1   0       1.35492883
   47   2   1       2.48113693
   47   3   2       0.15758026
   48   1   0       1.33524362
   48   2   1       2.47603788
   48   3   2       0.17277664
   49   1   0       1.38914835
   49   2   1       2.49301609
   49   3   2       0.14811818
   50   1   0       1.36964483
   50   2   1       2.49452516
   50   3   2       0.14804869
   51   1   0       1.36226903
   51   2   1       2.48983618
   51   3   2       0.15945949
   52   1   0       1.33488293
   52   2   1       2.46946384
   52   3   2       0.17513070
   53   1   0       1.35193027
   53   2   1       2.46894365
   53   3   2       0.16806069
   54   1   0       1.38819209
   54   2   1       2.48439419
   54   3   2       0.14439329
   55   1   0       1.39738413
   55   2   1       2.48312469
   55   3   2       0.13626748
   56   1   0       1.36981267
   56   2   1       2.46315122
   56   3   2       0.16291290
   57   1   0       1.36320904
   57   2   1       2.49876732
   57   3   2       0.14815632
   58   1   0       1.34225115
   58   2   1       2.47545344
   58   3   2       0.17114439
   59   1   0       1.37226534
   59   2   1       2.48707464
   59   3   2       0.15150822
   60   1   0       1.34574757
   60   2   1       2.48455736
   60   3   2       0.16713492
   61   1   0       1.35715381
   61   2   1       2.49200200
   61   3   2       0.15240051
   62   1   0       1.34424388
   62   2   1       2.48822993
   62   3   2       0.16004320
   63   1   0       1.34946238
   63   2   1       2.48996448
   63   3   2       0.16012015
   64   1   0       1.35948158
   64   2   1       2.49692274
   64   3   2       0.14269708

Orbital populations (up)
 Atom Sh.   l   m       Population  Label
    1   1   0   0       1.37585958  s
    1   2   1  -1       0.83504605  p_y
    1   2   1   0       0.82903870  p_z
    1   2   1   1       0.83374492  p_x
    1   3   2  -2       0.03805388  d_xy
    1   3   2  -1       0.03635171  d_yz
    1   3   2   0       0.01808886  d_z2
    1   3   2   1       0.03655516  d_xz
    1   3   2   2       0.01600601  d_x2-y2
    2   1   0   0       1.34690070  s
    2   2   1  -1       0.82875520  p_y
    2   2   1   0       0.82506275  p_z
    2   2   1   1       0.82915577  p_x
    2   3   2  -2       0.04189756  d_xy
    2   3   2  -1       0.04019868  d_yz
    2   3   2   0       0.02115749  d_z2
    2   3   2   1       0.03830839  d_xz
    2   3   2   2       0.01918093  d_x2-y2
    3   1   0   0       1.37558600  s
    3   2   1  -1       0.82805394  p_y
    3   2   1   0       0.82631296  p_z
    3   2   1   1       0.83279758  p_x
    3   3   2  -2       0.03622292  d_xy
    3   3   2  -1       0.03989698  d_yz
    3   3   2   0       0.01840627  d_z2
    3   3   2   1       0.03443235  d_xz
    3   3   2   2       0.01703053  d_x2-y2
    4   1   0   0       1.36438633  s
    4   2   1  -1       0.82953491  p_y
    4   2   1   0       0.82841377  p_z
    4   2   1   1       0.81902619  p_x
    4   3   2  -2       0.03725210  d_xy
    4   3   2  -1       0.03804804  d_yz
    4   3   2   0       0.01925235  d_z2
    4   3   2   1       0.03963652  d_xz
    4   3   2   2       0.01896565  d_x2-y2
    5   1   0   0       1.33921079  s
    5   2   1  -1       0.82702511  p_y
    5   2   1   0       0.83009354  p_z
    5   2   1   1       0.82929042  p_x
    5   3   2  -2       0.04322125  d_xy
    5   3   2  -1       0.03955182  d_yz
    5   3   2   0       0.02108038  d_z2
    5   3   2   1       0.03792553  d_xz
    5   3   2   2       0.02085732  d_x2-y2
    6   1   0   0       1.36510401  s
    6   2   1  -1       0.82547016  p_y
    6   2   1   0       0.82564058  p_z
    6   2   1   1       0.82208021  p_x
    6   3   2  -2       0.03758849  d_xy
    6   3   2  -1       0.04028011  d_yz
    6   3   2   0       0.01922159  d_z2
    6   3   2   1       0.04077228  d_xz
    6   3   2   2       0.01982065  d_x2-y2
    7   1   0   0       1.34533968  s
    7   2   1  -1       0.82399479  p_y
    7   2   1   0       0.82874831  p_z
    7   2   1   1       0.81973690  p_x
    7   3   2  -2       0.04379412  d_xy
    7   3   2  -1       0.03956774  d_yz
    7   3   2   0       0.02194642  d_z2
    7   3   2   1       0.04351164  d_xz
    7   3   2   2       0.02219113  d_x2-y2
    8   1   0   0       1.34911247  s
    8   2   1  -1       0.82991628  p_y
    8   2   1   0       0.82146965  p_z
    8   2   1   1       0.82097274  p_x
    8   3   2  -2       0.03985409  d_xy
    8   3   2  -1       0.03936973  d_yz
    8   3   2   0       0.02100324  d_z2
    8   3   2   1       0.03989037  d_xz
    8   3   2   2       0.02110895  d_x2-y2
    9   1   0   0       1.33754950  s
    9   2   1  -1       0.83156807  p_y
    9   2   1   0       0.82489399  p_z
    9   2   1   1       0.82232494  p_x
    9   3   2  -2       0.03915202  d_xy
    9   3   2  -1       0.03832480  d_yz
    9   3   2   0       0.02200692  d_z2
    9   3   2   1       0.04779128  d_xz
    9   3   2   2       0.02274212  d_x2-y2
   10   1   0   0       1.37346425  s
   10   2   1  -1       0.82957875  p_y
   10   2   1   0       0.83313404  p_z
   10   2   1   1       0.82450774  p_x
   10   3   2  -2       0.03822261  d_xy
   10   3   2  -1       0.03558904  d_yz
   10   3   2   0       0.01764812  d_z2
   10   3   2   1       0.03624765  d_xz
   10   3   2   2       0.01759188  d_x2-y2
   11   1   0   0       1.35480547  s
   11   2   1  -1       0.83198854  p_y
   11   2   1   0       0.83173407  p_z
   11   2   1   1       0.82013572  p_x
   11   3   2  -2       0.04081352  d_xy
   11   3   2  -1       0.03915356  d_yz
   11   3   2   0       0.02160574  d_z2
   11   3   2   1       0.04272767  d_xz
   11   3   2   2       0.02110252  d_x2-y2
   12   1   0   0       1.37166331  s
   12   2   1  -1       0.82971476  p_y
   12   2   1   0       0.83041588  p_z
   12   2   1   1       0.83297497  p_x
   12   3   2  -2       0.03462967  d_xy
   12   3   2  -1       0.03720201  d_yz
   12   3   2   0       0.01624772  d_z2
   12   3   2   1       0.03752837  d_xz
   12   3   2   2       0.01712365  d_x2-y2
   13   1   0   0       1.36650634  s
   13   2   1  -1       0.82590722  p_y
   13   2   1   0       0.82124912  p_z
   13   2   1   1       0.82305435  p_x
   13   3   2  -2       0.03677222  d_xy
   13   3   2  -1       0.04038790  d_yz
   13   3   2   0       0.02087196  d_z2
   13   3   2   1       0.04097723  d_xz
   13   3   2   2       0.01980004  d_x2-y2
   14   1   0   0       1.33995140  s
   14   2   1  -1       0.82371884  p_y
   14   2   1   0       0.82982085  p_z
   14   2   1   1       0.83325884  p_x
   14   3   2  -2       0.04155927  d_xy
   14   3   2  -1       0.04241604  d_yz
   14   3   2   0       0.02004218  d_z2
   14   3   2   1       0.03813304  d_xz
   14   3   2   2       0.02127518  d_x2-y2
   15   1   0   0       1.35540454  s
   15   2   1  -1       0.83508581  p_y
   15   2   1   0       0.82691811  p_z
   15   2   1   1       0.83125978  p_x
   15   3   2  -2       0.03695873  d_xy
   15   3   2  -1       0.03650484  d_yz
   15   3   2   0       0.01828021  d_z2
   15   3   2   1       0.03819334  d_xz
   15   3   2   2       0.01694273  d_x2-y2
   16   1   0   0       1.34842380  s
   16   2   1  -1       0.82356226  p_y
   16   2   1   0       0.82557717  p_z
   16   2   1   1       0.82814693  p_x
   16   3   2  -2       0.04011881  d_xy
   16   3   2  -1       0.04269876  d_yz
   16   3   2   0       0.02042898  d_z2
   16   3   2   1       0.04093605  d_xz
   16   3   2   2       0.02201328  d_x2-y2
   17   1   0   0       1.37621407  s
   17   2   1  -1       0.82960398  p_y
   17   2   1   0       0.82802426  p_z
   17   2   1   1       0.82733683  p_x
   17   3   2  -2       0.03733444  d_xy
   17   3   2  -1       0.04039085  d_yz
   17   3   2   0       0.01897044  d_z2
   17   3   2   1       0.03861713  d_xz
   17   3   2   2       0.01867178  d_x2-y2
   18   1   0   0       1.36211283  s
   18   2   1  -1       0.82355308  p_y
   18   2   1   0       0.82441522  p_z
   18   2   1   1       0.82937256  p_x
   18   3   2  -2       0.04048732  d_xy
   18   3   2  -1       0.04012996  d_yz
   18   3   2   0       0.02019254  d_z2
   18   3   2   1       0.04251384  d_xz
   18   3   2   2       0.02180913  d_x2-y2
   19   1   0   0       1.37023885  s
   19   2   1  -1       0.83033148  p_y
   19   2   1   0       0.83316942  p_z
   19   2   1   1       0.83217062  p_x
   19   3   2  -2       0.04218666  d_xy
   19   3   2  -1       0.03336928  d_yz
   19   3   2   0       0.01766122  d_z2
   19   3   2   1       0.03748555  d_xz
   19   3   2   2       0.01778425  d_x2-y2
   20   1   0   0       1.39092806  s
   20   2   1  -1       0.82101420  p_y
   20   2   1   0       0.83389117  p_z
   20   2   1   1       0.82441685  p_x
   20   3   2  -2       0.03785345  d_xy
   20   3   2  -1       0.03704052  d_yz
   20   3   2   0       0.01841589  d_z2
   20   3   2   1       0.03572896  d_xz
   20   3   2   2       0.01697948  d_x2-y2
   21   1   0   0       1.36802864  s
   21   2   1  -1       0.82892807  p_y
   21   2   1   0       0.82970256  p_z
   21   2   1   1       0.82813766  p_x
   21   3   2  -2       0.04331257  d_xy
   21   3   2  -1       0.03761555  d_yz
   21   3   2   0       0.01843532  d_z2
   21   3   2   1       0.03681249  d_xz
   21   3   2   2       0.01891442  d_x2-y2
   22   1   0   0       1.35792137  s
   22   2   1  -1       0.82768553  p_y
   22   2   1   0       0.82844961  p_z
   22   2   1   1       0.82976705  p_x
   22   3   2  -2       0.03907123  d_xy
   22   3   2  -1       0.03996560  d_yz
   22   3   2   0       0.01884542  d_z2
   22   3   2   1       0.03822544  d_xz
   22   3   2   2       0.02126589  d_x2-y2
   23   1   0   0       1.34612638  s
   23   2   1  -1       0.82097947  p_y
   23   2   1   0       0.82276951  p_z
   23   2   1   1       0.81923042  p_x
   23   3   2  -2       0.04568794  d_xy
   23   3   2  -1       0.04256180  d_yz
   23   3   2   0       0.02443057  d_z2
   23   3   2   1       0.04503102  d_xz
   23   3   2   2       0.02322696  d_x2-y2
   24   1   0   0       1.40350341  s
   24   2   1  -1       0.82578194  p_y
   24   2   1   0       0.82766933  p_z
   24   2   1   1       0.83143928  p_x
   24   3   2  -2       0.03515675  d_xy
   24   3   2  -1       0.03456404  d_yz
   24   3   2   0       0.01542808  d_z2
   24   3   2   1       0.03295034  d_xz
   24   3   2   2       0.01501649  d_x2-y2
   25   1   0   0       1.35391158  s
   25   2   1  -1       0.83260467  p_y
   25   2   1   0       0.83186100  p_z
   25   2   1   1       0.82322500  p_x
   25   3   2  -2       0.03855383  d_xy
   25   3   2  -1       0.03849017  d_yz
   25   3   2   0       0.01840310  d_z2
   25   3   2   1       0.03893738  d_xz
   25   3   2   2       0.01957535  d_x2-y2
   26   1   0   0       1.36632269  s
   26   2   1  -1       0.82496203  p_y
   26   2   1   0       0.83000532  p_z
   26   2   1   1       0.83094308  p_x
   26   3   2  -2       0.04068945  d_xy
   26   3   2  -1       0.04137358  d_yz
   26   3   2   0       0.01878384  d_z2
   26   3   2   1       0.03389645  d_xz
   26   3   2   2       0.01830432  d_x2-y2
   27   1   0   0       1.36897601  s
   27   2   1  -1       0.83188106  p_y
   27   2   1   0       0.82690800  p_z
   27   2   1   1       0.83006790  p_x
   27   3   2  -2       0.03876141  d_xy
   27   3   2  -1       0.03648548  d_yz
   27   3   2   0       0.02030237  d_z2
   27   3   2   1       0.03960334  d_xz
   27   3   2   2       0.01610849  d_x2-y2
   28   1   0   0       1.33400787  s
   28   2   1  -1       0.83227954  p_y
   28   2   1   0       0.83125538  p_z
   28   2   1   1       0.82881316  p_x
   28   3   2  -2       0.04141658  d_xy
   28   3   2  -1       0.03923214  d_yz
   28   3   2   0       0.02109236  d_z2
   28   3   2   1       0.04406956  d_xz
   28   3   2   2       0.02198387  d_x2-y2
   29   1   0   0       1.35006063  s
   29   2   1  -1       0.82735951  p_y
   29   2   1   0       0.82291711  p_z
   29   2   1   1       0.83103227  p_x
   29   3   2  -2       0.03923375  d_xy
   29   3   2  -1       0.04021849  d_yz
   29   3   2   0       0.02266030  d_z2
   29   3   2   1       0.04493221  d_xz
   29   3   2   2       0.02071646  d_x2-y2
   30   1   0   0       1.34437897  s
   30   2   1  -1       0.82936498  p_y
   30   2   1   0       0.82742576  p_z
   30   2   1   1       0.82891066  p_x
   30   3   2  -2       0.03712220  d_xy
   30   3   2  -1       0.04057178  d_yz
   30   3   2   0       0.01921779  d_z2
   30   3   2   1       0.04251670  d_xz
   30   3   2   2       0.02086340  d_x2-y2
   31   1   0   0       1.35107187  s
   31   2   1  -1       0.83030279  p_y
   31   2   1   0       0.83281066  p_z
   31   2   1   1       0.82930511  p_x
   31   3   2  -2       0.03766402  d_xy
   31   3   2  -1       0.04288917  d_yz
   31   3   2   0       0.01748377  d_z2
   31   3   2   1       0.03648444  d_xz
   31   3   2   2       0.02129495  d_x2-y2
   32   1   0   0       1.31410786  s
   32   2   1  -1       0.82302716  p_y
   32   2   1   0       0.83337073  p_z
   32   2   1   1       0.82614926  p_x
   32   3   2  -2       0.04641440  d_xy
   32   3   2  -1       0.04504542  d_yz
   32   3   2   0       0.02357301  d_z2
   32   3   2   1       0.04169490  d_xz
   32   3   2   2       0.02751346  d_x2-y2
   33   1   0   0       1.36110484  s
   33   2   1  -1       0.82490448  p_y
   33   2   1   0       0.82783429  p_z
   33   2   1   1       0.82802409  p_x
   33   3   2  -2       0.03556839  d_xy
   33   3   2  -1       0.04056398  d_yz
   33   3   2   0       0.01934948  d_z2
   33   3   2   1       0.04497232  d_xz
   33   3   2   2       0.02175157  d_x2-y2
   34   1   0   0       1.34640630  s
   34   2   1  -1       0.82687136  p_y
   34   2   1   0       0.83013608  p_z
   34   2   1   1       0.82964389  p_x
   34   3   2  -2       0.04265921  d_xy
   34   3   2  -1       0.03930102  d_yz
   34   3   2   0       0.01999935  d_z2
   34   3   2   1       0.03672113  d_xz
   34   3   2   2       0.01959838  d_x2-y2
   35   1   0   0       1.32745475  s
   35   2   1  -1       0.82338629  p_y
   35   2   1   0       0.83018532  p_z
   35   2   1   1       0.83026250  p_x
   35   3   2  -2       0.04657071  d_xy
   35   3   2  -1       0.04338423  d_yz
   35   3   2   0       0.02459061  d_z2
   35   3   2   1       0.03928668  d_xz
   35   3   2   2       0.02191173  d_x2-y2
   36   1   0   0       1.38276985  s
   36   2   1  -1       0.82569181  p_y
   36   2   1   0       0.83227010  p_z
   36   2   1   1       0.82904862  p_x
   36   3   2  -2       0.04104927  d_xy
   36   3   2  -1       0.03698131  d_yz
   36   3   2   0       0.01785350  d_z2
   36   3   2   1       0.03444398  d_xz
   36   3   2   2       0.01742321  d_x2-y2
   37   1   0   0       1.32834707  s
   37   2   1  -1       0.82349793  p_y
   37   2   1   0       0.82478818  p_z
   37   2   1   1       0.82523299  p_x
   37   3   2  -2       0.04194951  d_xy
   37   3   2  -1       0.04317304  d_yz
   37   3   2   0       0.02415712  d_z2
   37   3   2   1       0.04103322  d_xz
   37   3   2   2       0.02332862  d_x2-y2
   38   1   0   0       1.37538627  s
   38   2   1  -1       0.83539695  p_y
   38   2   1   0       0.82954725  p_z
   38   2   1   1       0.82806951  p_x
   38   3   2  -2       0.03750601  d_xy
   38   3   2  -1       0.03362284  d_yz
   38   3   2   0       0.01630941  d_z2
   38   3   2   1       0.03511676  d_xz
   38   3   2   2       0.01516259  d_x2-y2
   39   1   0   0       1.36026668  s
   39   2   1  -1       0.82425188  p_y
   39   2   1   0       0.83143846  p_z
   39   2   1   1       0.82312763  p_x
   39   3   2  -2       0.04304610  d_xy
   39   3   2  -1       0.03754960  d_yz
   39   3   2   0       0.02050850  d_z2
   39   3   2   1       0.03922409  d_xz
   39   3   2   2       0.01872941  d_x2-y2
   40   1   0   0       1.33724771  s
   40   2   1  -1       0.82093413  p_y
   40   2   1   0       0.82764591  p_z
   40   2   1   1       0.83323159  p_x
   40   3   2  -2       0.03708147  d_xy
   40   3   2  -1       0.04868572  d_yz
   40   3   2   0       0.02041217  d_z2
   40   3   2   1       0.03789880  d_xz
   40   3   2   2       0.02209447  d_x2-y2
   41   1   0   0       1.33523714  s
   41   2   1  -1       0.82983616  p_y
   41   2   1   0       0.83045764  p_z
   41   2   1   1       0.82983772  p_x
   41   3   2  -2       0.04343883  d_xy
   41   3   2  -1       0.04384014  d_yz
   41   3   2   0       0.02233244  d_z2
   41   3   2   1       0.03616659  d_xz
   41   3   2   2       0.02067951  d_x2-y2
   42   1   0   0       1.34562212  s
   42   2   1  -1       0.82545521  p_y
   42   2   1   0       0.83019257  p_z
   42   2   1   1       0.83037406  p_x
   42   3   2  -2       0.03948618  d_xy
   42   3   2  -1       0.04327369  d_yz
   42   3   2   0       0.02065685  d_z2
   42   3   2   1       0.04272201  d_xz
   42   3   2   2       0.02305062  d_x2-y2
   43   1   0   0       1.37142064  s
   43   2   1  -1       0.82359640  p_y
   43   2   1   0       0.82164625  p_z
   43   2   1   1       0.82873287  p_x
   43   3   2  -2       0.04113003  d_xy
   43   3   2  -1       0.03642879  d_yz
   43   3   2   0       0.02128448  d_z2
   43   3   2   1       0.03849413  d_xz
   43   3   2   2       0.01692985  d_x2-y2
   44   1   0   0       1.36623992  s
   44   2   1  -1       0.82952535  p_y
   44   2   1   0       0.82963598  p_z
   44   2   1   1       0.82517337  p_x
   44   3   2  -2       0.03741047  d_xy
   44   3   2  -1       0.03726503  d_yz
   44   3   2   0       0.01841183  d_z2
   44   3   2   1       0.04283647  d_xz
   44   3   2   2       0.01994808  d_x2-y2
   45   1   0   0       1.38852569  s
   45   2   1  -1       0.83296409  p_y
   45   2   1   0       0.83217015  p_z
   45   2   1   1       0.82922849  p_x
   45   3   2  -2       0.03687279  d_xy
   45   3   2  -1       0.03317172  d_yz
   45   3   2   0       0.01645918  d_z2
   45   3   2   1       0.03493756  d_xz
   45   3   2   2       0.01447095  d_x2-y2
   46   1   0   0       1.35610006  s
   46   2   1  -1       0.82933427  p_y
   46   2   1   0       0.82385602  p_z
   46   2   1   1       0.82101139  p_x
   46   3   2  -2       0.04038043  d_xy
   46   3   2  -1       0.03893059  d_yz
   46   3   2   0       0.02024995  d_z2
   46   3   2   1       0.04353937  d_xz
   46   3   2   2       0.02195835  d_x2-y2
   47   1   0   0       1.35492883  s
   47   2   1  -1       0.82394547  p_y
   47   2   1   0       0.82731276  p_z
   47   2   1   1       0.82987869  p_x
   47   3   2  -2       0.03778295  d_xy
   47   3   2  -1       0.04267749  d_yz
   47   3   2   0       0.01911775  d_z2
   47   3   2   1       0.03706406  d_xz
   47   3   2   2       0.02093801  d_x2-y2
   48   1   0   0       1.33524362  s
   48   2   1  -1       0.82529738  p_y
   48   2   1   0       0.82612623  p_z
   48   2   1   1       0.82461427  p_x
   48   3   2  -2       0.04253643  d_xy
   48   3   2  -1       0.04035038  d_yz
   48   3   2   0       0.02266441  d_z2
   48   3   2   1       0.04426227  d_xz
   48   3   2   2       0.02296315  d_x2-y2
   49   1   0   0       1.38914835  s
   49   2   1  -1       0.82704089  p_y
   49   2   1   0       0.83203825  p_z
   49   2   1   1       0.83393695  p_x
   49   3   2  -2       0.03944035  d_xy
   49   3   2  -1       0.03685132  d_yz
   49   3   2   0       0.01866535  d_z2
   49   3   2   1       0.03554302  d_xz
   49   3   2   2       0.01761814  d_x2-y2
   50   1   0   0       1.36964483  s
   50   2   1  -1       0.83250684  p_y
   50   2   1   0       0.83289731  p_z
   50   2   1   1       0.82912102  p_x
   50   3   2  -2       0.03605447  d_xy
   50   3   2  -1       0.03931331  d_yz
   50   3   2   0       0.01729000  d_z2
   50   3   2   1       0.03687491  d_xz
   50   3   2   2       0.01851599  d_x2-y2
   51   1   0   0       1.36226903  s
   51   2   1  -1       0.83194575  p_y
   51   2   1   0       0.82979012  p_z
   51   2   1   1       0.82810032  p_x
   51   3   2  -2       0.03991473  d_xy
   51   3   2  -1       0.03789400  d_yz
   51   3   2   0       0.01993030  d_z2
   51   3   2   1       0.04171741  d_xz
   51   3   2   2       0.02000304  d_x2-y2
   52   1   0   0       1.33488293  s
   52   2   1  -1       0.82988602  p_y
   52   2   1   0       0.81226958  p_z
   52   2   1   1       0.82730824  p_x
   52   3   2  -2       0.03932254  d_xy
   52   3   2  -1       0.04315104  d_yz
   52   3   2   0       0.02433374  d_z2
   52   3   2   1       0.04563711  d_xz
   52   3   2   2       0.02268627  d_x2-y2
   53   1   0   0       1.35193027  s
   53   2   1  -1       0.82238820  p_y
   53   2   1   0       0.82150932  p_z
   53   2   1   1       0.82504612  p_x
   53   3   2  -2       0.04063457  d_xy
   53   3   2  -1       0.04240986  d_yz
   53   3   2   0       0.02047024  d_z2
   53   3   2   1       0.04233674  d_xz
   53   3   2   2       0.02220929  d_x2-y2
   54   1   0   0       1.38819209  s
   54   2   1  -1       0.82866588  p_y
   54   2   1   0       0.82913819  p_z
   54   2   1   1       0.82659012  p_x
   54   3   2  -2       0.03687390  d_xy
   54   3   2  -1       0.03450823  d_yz
   54   3   2   0       0.01602771  d_z2
   54   3   2   1       0.03872914  d_xz
   54   3   2   2       0.01825431  d_x2-y2
   55   1   0   0       1.39738413  s
   55   2   1  -1       0.82926908  p_y
   55   2   1   0       0.82503683  p_z
   55   2   1   1       0.82881878  p_x
   55   3   2  -2       0.03920551  d_xy
   55   3   2  -1       0.03140732  d_yz
   55   3   2   0       0.01645558  d_z2
   55   3   2   1       0.03380868  d_xz
   55   3   2   2       0.01539040  d_x2-y2
   56   1   0   0       1.36981267  s
   56   2   1  -1       0.82261173  p_y
   56   2   1   0       0.82143216  p_z
   56   2   1   1       0.81910733  p_x
   56   3   2  -2       0.03820782  d_xy
   56   3   2  -1       0.03902418  d_yz
   56   3   2   0       0.02006133  d_z2
   56   3   2   1       0.04418685  d_xz
   56   3   2   2       0.02143273  d_x2-y2
   57   1   0   0       1.36320904  s
   57   2   1  -1       0.83149530  p_y
   57   2   1   0       0.83449670  p_z
   57   2   1   1       0.83277532  p_x
   57   3   2  -2       0.03843559  d_xy
   57   3   2  -1       0.03642087  d_yz
   57   3   2   0       0.01713353  d_z2
   57   3   2   1       0.03775024  d_xz
   57   3   2   2       0.01841610  d_x2-y2
   58   1   0   0       1.34225115  s
   58   2   1  -1       0.82633265  p_y
   58   2   1   0       0.82051429  p_z
   58   2   1   1       0.82860650  p_x
   58   3   2  -2       0.04044353  d_xy
   58   3   2  -1       0.04338203  d_yz
   58   3   2   0       0.02261064  d_z2
   58   3   2   1       0.04354802  d_xz
   58   3   2   2       0.02116017  d_x2-y2
   59   1   0   0       1.37226534  s
   59   2   1  -1       0.83162907  p_y
   59   2   1   0       0.82555694  p_z
   59   2   1   1       0.82988863  p_x
   59   3   2  -2       0.03488321  d_xy
   59   3   2  -1       0.04176034  d_yz
   59   3   2   0       0.01845269  d_z2
   59   3   2   1       0.03868250  d_xz
   59   3   2   2       0.01772949  d_x2-y2
   60   1   0   0       1.34574757  s
   60   2   1  -1       0.82738053  p_y
   60   2   1   0       0.83102918  p_z
   60   2   1   1       0.82614764  p_x
   60   3   2  -2       0.04451773  d_xy
   60   3   2  -1       0.03952825  d_yz
   60   3   2   0       0.02107739  d_z2
   60   3   2   1       0.04057264  d_xz
   60   3   2   2       0.02143891  d_x2-y2
   61   1   0   0       1.35715381  s
   61   2   1  -1       0.83795425  p_y
   61   2   1   0       0.81889595  p_z
   61   2   1   1       0.83515179  p_x
   61   3   2  -2       0.03224867  d_xy
   61   3   2  -1       0.04310638  d_yz
   61   3   2   0       0.02018764  d_z2
   61   3   2   1       0.03854538  d_xz
   61   3   2   2       0.01831243  d_x2-y2
   62   1   0   0       1.34424388  s
   62   2   1  -1       0.83141065  p_y
   62   2   1   0       0.83051127  p_z
   62   2   1   1       0.82630800  p_x
   62   3   2  -2       0.03794122  d_xy
   62   3   2  -1       0.04158456  d_yz
   62   3   2   0       0.01885460  d_z2
   62   3   2   1       0.04036575  d_xz
   62   3   2   2       0.02129707  d_x2-y2
   63   1   0   0       1.34946238  s
   63   2   1  -1       0.82866634  p_y
   63   2   1   0       0.83102428  p_z
   63   2   1   1       0.83027386  p_x
   63   3   2  -2       0.04058483  d_xy
   63   3   2  -1       0.03919058  d_yz
   63   3   2   0       0.02054189  d_z2
   63   3   2   1       0.04016177  d_xz
   63   3   2   2       0.01964108  d_x2-y2
   64   1   0   0       1.35948158  s
   64   2   1  -1       0.83433336  p_y
   64   2   1   0       0.82878366  p_z
   64   2   1   1       0.83380572  p_x
   64   3   2  -2       0.03524084  d_xy
   64   3   2  -1       0.03762710  d_yz
   64   3   2   0       0.01775252  d_z2
   64   3   2   1       0.03596383  d_xz
   64   3   2   2       0.01611280  d_x2-y2

Fermi level:                        -0.1328394862 H           -3.6147 eV
Band energy:                       -88.1783429375 H        -2399.4548 eV
TS:                                  0.0000000000 H            0.0000 eV
Band free energy (E-TS):           -88.1783429375 H        -2399.4548 eV
Extrapolated E(0K):                -88.1783429375 H        -2399.4548 eV
Input / Output electrons (q):    256.0000000000    256.0000000000

Energy H0:                         -88.1640422839 H        -2399.0657 eV
Energy SCC:                          0.0004640244 H            0.0126 eV
Total Electronic energy:           -88.1635782595 H        -2399.0530 eV
Repulsive energy:                    0.0000000000 H            0.0000 eV
Total energy:                      -88.1635782595 H        -2399.0530 eV
Extrapolated to 0:                 -88.1635782595 H        -2399.0530 eV
Total Mermin free energy:          -88.1635782595 H        -2399.0530 eV
Force related energy:              -88.1635782595 H        -2399.0530 eV

Non-constrained calculation

SCC converged

Warning: dipole moment is not defined absolutely!
Dipole moment:   -0.54403920    0.18481680   -0.46293350 au
Dipole moment:   -1.38280983    0.46975750   -1.17665968 Debye


