 Fermi distribution function

Calculation with static geometry


********************************************************************************
 iSCC Total electronic   Diff electronic      SCC error    
    9   -0.88164039E+02   -0.17706299E-08    0.81652640E-05
********************************************************************************

 Total charge:    -0.00000000

 Atomic gross charges (e)
 Atom           Charge
    1       0.01863703
    2      -0.02516235
    3       0.02579422
    4      -0.00221727
    5      -0.00446095
    6      -0.02097498
    7      -0.00913296
    8       0.01818857
    9       0.02639891
   10       0.00870531
   11       0.01054809
   12       0.00171055
   13      -0.00383411
   14       0.00365607
   15       0.00639837
   16      -0.01671730
   17      -0.02448736
   18      -0.01813956
   19      -0.00628604
   20       0.00341849
   21       0.00298724
   22      -0.01740464
   23       0.00821622
   24      -0.01907389
   25      -0.00298608
   26       0.02175648
   27      -0.01520433
   28       0.00964271
   29      -0.00426262
   30       0.00715313
   31       0.00470919
   32       0.00043072
   33       0.00577422
   34       0.01802368
   35       0.01667013
   36      -0.02479685
   37       0.00533265
   38       0.00597891
   39       0.01509981
   40       0.00267127
   41       0.00379482
   42       0.00565881
   43       0.01576637
   44       0.00812127
   45       0.00891098
   46      -0.04401747
   47       0.00188013
   48      -0.01096013
   49      -0.00987342
   50      -0.01127517
   51       0.00635618
   52       0.00020415
   53       0.00354830
   54       0.00641399
   55      -0.01723441
   56       0.00063485
   57       0.01789893
   58      -0.00256111
   59       0.00035222
   60      -0.01942733
   61      -0.00523952
   62       0.01800485
   63      -0.01950436
   64       0.00978637

Nr. of electrons (up):    256.00000000
Atom populations (up)
 Atom       Population
    1       3.98136297
    2       4.02516235
    3       3.97420578
    4       4.00221727
    5       4.00446095
    6       4.02097498
    7       4.00913296
    8       3.98181143
    9       3.97360109
   10       3.99129469
   11       3.98945191
   12       3.99828945
   13       4.00383411
   14       3.99634393
   15       3.99360163
   16       4.01671730
   17       4.02448736
   18       4.01813956
   19       4.00628604
   20       3.99658151
   21       3.99701276
   22       4.01740464
   23       3.99178378
   24       4.01907389
   25       4.00298608
   26       3.97824352
   27       4.01520433
   28       3.99035729
   29       4.00426262
   30       3.99284687
   31       3.99529081
   32       3.99956928
   33       3.99422578
   34       3.98197632
   35       3.98332987
   36       4.02479685
   37       3.99466735
   38       3.99402109
   39       3.98490019
   40       3.99732873
   41       3.99620518
   42       3.99434119
   43       3.98423363
   44       3.99187873
   45       3.99108902
   46       4.04401747
   47       3.99811987
   48       4.01096013
   49       4.00987342
   50       4.01127517
   51       3.99364382
   52       3.99979585
   53       3.99645170
   54       3.99358601
   55       4.01723441
   56       3.99936515
   57       3.98210107
   58       4.00256111
   59       3.99964778
   60       4.01942733
   61       4.00523952
   62       3.98199515
   63       4.01950436
   64       3.99021363

l-shell populations (up)
 Atom Sh.   l       Population
    1   1   0       1.34088500
    1   2   1       2.47551780
    1   3   2       0.16496018
    2   1   0       1.39202868
    2   2   1       2.50210802
    2   3   2       0.13102565
    3   1   0       1.33014826
    3   2   1       2.46491943
    3   3   2       0.17913809
    4   1   0       1.36006935
    4   2   1       2.48579125
    4   3   2       0.15635668
    5   1   0       1.36345562
    5   2   1       2.48602110
    5   3   2       0.15498423
    6   1   0       1.38035754
    6   2   1       2.49738204
    6   3   2       0.14323541
    7   1   0       1.37337897
    7   2   1       2.49074429
    7   3   2       0.14500970
    8   1   0       1.32492352
    8   2   1       2.48035880
    8   3   2       0.17652910
    9   1   0       1.32152379
    9   2   1       2.48092167
    9   3   2       0.17115563
   10   1   0       1.34863995
   10   2   1       2.46886669
   10   3   2       0.17378805
   11   1   0       1.36068592
   11   2   1       2.47650437
   11   3   2       0.15226163
   12   1   0       1.35436776
   12   2   1       2.48201282
   12   3   2       0.16190886
   13   1   0       1.36711708
   13   2   1       2.48388834
   13   3   2       0.15282870
   14   1   0       1.34782874
   14   2   1       2.48348059
   14   3   2       0.16503460
   15   1   0       1.33948096
   15   2   1       2.47908963
   15   3   2       0.17503104
   16   1   0       1.38484525
   16   2   1       2.48924374
   16   3   2       0.14262832
   17   1   0       1.38961961
   17   2   1       2.49365843
   17   3   2       0.14120931
   18   1   0       1.38816637
   18   2   1       2.48908187
   18   3   2       0.14089132
   19   1   0       1.35759743
   19   2   1       2.49020178
   19   3   2       0.15848683
   20   1   0       1.35672638
   20   2   1       2.47559904
   20   3   2       0.16425610
   21   1   0       1.34824638
   21   2   1       2.48513611
   21   3   2       0.16363027
   22   1   0       1.37015423
   22   2   1       2.49243686
   22   3   2       0.15481355
   23   1   0       1.36046121
   23   2   1       2.47427110
   23   3   2       0.15705146
   24   1   0       1.38401960
   24   2   1       2.48127788
   24   3   2       0.15377640
   25   1   0       1.35438197
   25   2   1       2.49256067
   25   3   2       0.15604343
   26   1   0       1.32811878
   26   2   1       2.47589435
   26   3   2       0.17423040
   27   1   0       1.38448668
   27   2   1       2.48492871
   27   3   2       0.14578894
   28   1   0       1.34561288
   28   2   1       2.48548718
   28   3   2       0.15925723
   29   1   0       1.36052629
   29   2   1       2.49166943
   29   3   2       0.15206690
   30   1   0       1.34517196
   30   2   1       2.48518323
   30   3   2       0.16249168
   31   1   0       1.34830505
   31   2   1       2.48136401
   31   3   2       0.16562175
   32   1   0       1.34977316
   32   2   1       2.49427631
   32   3   2       0.15551981
   33   1   0       1.34812880
   33   2   1       2.47957430
   33   3   2       0.16652268
   34   1   0       1.32916318
   34   2   1       2.47902934
   34   3   2       0.17378380
   35   1   0       1.34680509
   35   2   1       2.47411708
   35   3   2       0.16240771
   36   1   0       1.39892598
   36   2   1       2.49475413
   36   3   2       0.13111673
   37   1   0       1.36725306
   37   2   1       2.48399564
   37   3   2       0.14341864
   38   1   0       1.33985573
   38   2   1       2.47610443
   38   3   2       0.17806093
   39   1   0       1.34986630
   39   2   1       2.46552012
   39   3   2       0.16951377
   40   1   0       1.33753194
   40   2   1       2.49544053
   40   3   2       0.16435626
   41   1   0       1.35486844
   41   2   1       2.48986883
   41   3   2       0.15146791
   42   1   0       1.35451990
   42   2   1       2.48500512
   42   3   2       0.15481618
   43   1   0       1.34312576
   43   2   1       2.46629352
   43   3   2       0.17481435
   44   1   0       1.34681866
   44   2   1       2.48417919
   44   3   2       0.16088089
   45   1   0       1.33855157
   45   2   1       2.48353877
   45   3   2       0.16899868
   46   1   0       1.41990967
   46   2   1       2.49501719
   46   3   2       0.12909061
   47   1   0       1.37234856
   47   2   1       2.47751049
   47   3   2       0.14826082
   48   1   0       1.36637175
   48   2   1       2.48893721
   48   3   2       0.15565117
   49   1   0       1.38608876
   49   2   1       2.47864319
   49   3   2       0.14514147
   50   1   0       1.36154599
   50   2   1       2.48531533
   50   3   2       0.16441385
   51   1   0       1.36015915
   51   2   1       2.47959326
   51   3   2       0.15389141
   52   1   0       1.35138718
   52   2   1       2.48705374
   52   3   2       0.16135493
   53   1   0       1.35049960
   53   2   1       2.47379746
   53   3   2       0.17215464
   54   1   0       1.36393337
   54   2   1       2.46783350
   54   3   2       0.16181913
   55   1   0       1.36698390
   55   2   1       2.49263340
   55   3   2       0.15761710
   56   1   0       1.37046273
   56   2   1       2.47900519
   56   3   2       0.14989723
   57   1   0       1.34112016
   57   2   1       2.48301784
   57   3   2       0.15796307
   58   1   0       1.36383998
   58   2   1       2.48748097
   58   3   2       0.15124016
   59   1   0       1.35046330
   59   2   1       2.48829335
   59   3   2       0.16089113
   60   1   0       1.38059674
   60   2   1       2.49051269
   60   3   2       0.14831790
   61   1   0       1.34967185
   61   2   1       2.49056139
   61   3   2       0.16500629
   62   1   0       1.31898371
   62   2   1       2.48649126
   62   3   2       0.17652018
   63   1   0       1.38323635
   63   2   1       2.49478814
   63   3   2       0.14147987
   64   1   0       1.34479037
   64   2   1       2.48297244
   64   3   2       0.16245082

Orbital populations (up)
 Atom Sh.   l   m       Population  Label
    1   1   0   0       1.34088500  s
    1   2   1  -1       0.82632166  p_y
    1   2   1   0       0.82692904  p_z
    1   2   1   1       0.82226709  p_x
    1   3   2  -2       0.04122012  d_xy
    1   3   2  -1       0.03742082  d_yz
    1   3   2   0       0.02149168  d_z2
    1   3   2   1       0.04343942  d_xz
    1   3   2   2       0.02138813  d_x2-y2
    2   1   0   0       1.39202868  s
    2   2   1  -1       0.83681367  p_y
    2   2   1   0       0.82696462  p_z
    2   2   1   1       0.83832973  p_x
    2   3   2  -2       0.03172348  d_xy
    2   3   2  -1       0.03414440  d_yz
    2   3   2   0       0.01679460  d_z2
    2   3   2   1       0.03478390  d_xz
    2   3   2   2       0.01357926  d_x2-y2
    3   1   0   0       1.33014826  s
    3   2   1  -1       0.82119737  p_y
    3   2   1   0       0.81814101  p_z
    3   2   1   1       0.82558104  p_x
    3   3   2  -2       0.04369084  d_xy
    3   3   2  -1       0.04611193  d_yz
    3   3   2   0       0.02527211  d_z2
    3   3   2   1       0.04172353  d_xz
    3   3   2   2       0.02233968  d_x2-y2
    4   1   0   0       1.36006935  s
    4   2   1  -1       0.82866887  p_y
    4   2   1   0       0.82770511  p_z
    4   2   1   1       0.82941727  p_x
    4   3   2  -2       0.03556664  d_xy
    4   3   2  -1       0.04103649  d_yz
    4   3   2   0       0.02006500  d_z2
    4   3   2   1       0.04056117  d_xz
    4   3   2   2       0.01912738  d_x2-y2
    5   1   0   0       1.36345562  s
    5   2   1  -1       0.83289936  p_y
    5   2   1   0       0.82666713  p_z
    5   2   1   1       0.82645461  p_x
    5   3   2  -2       0.03837870  d_xy
    5   3   2  -1       0.03622561  d_yz
    5   3   2   0       0.02164920  d_z2
    5   3   2   1       0.04134859  d_xz
    5   3   2   2       0.01738213  d_x2-y2
    6   1   0   0       1.38035754  s
    6   2   1  -1       0.83289003  p_y
    6   2   1   0       0.83239138  p_z
    6   2   1   1       0.83210063  p_x
    6   3   2  -2       0.03712182  d_xy
    6   3   2  -1       0.03506826  d_yz
    6   3   2   0       0.01719381  d_z2
    6   3   2   1       0.03665373  d_xz
    6   3   2   2       0.01719780  d_x2-y2
    7   1   0   0       1.37337897  s
    7   2   1  -1       0.83746230  p_y
    7   2   1   0       0.82603411  p_z
    7   2   1   1       0.82724788  p_x
    7   3   2  -2       0.03245977  d_xy
    7   3   2  -1       0.03555564  d_yz
    7   3   2   0       0.01867452  d_z2
    7   3   2   1       0.03997605  d_xz
    7   3   2   2       0.01834372  d_x2-y2
    8   1   0   0       1.32492352  s
    8   2   1  -1       0.82666287  p_y
    8   2   1   0       0.82860880  p_z
    8   2   1   1       0.82508714  p_x
    8   3   2  -2       0.04653304  d_xy
    8   3   2  -1       0.04323559  d_yz
    8   3   2   0       0.02297566  d_z2
    8   3   2   1       0.03997513  d_xz
    8   3   2   2       0.02380969  d_x2-y2
    9   1   0   0       1.32152379  s
    9   2   1  -1       0.83016215  p_y
    9   2   1   0       0.82505046  p_z
    9   2   1   1       0.82570906  p_x
    9   3   2  -2       0.03983637  d_xy
    9   3   2  -1       0.04303736  d_yz
    9   3   2   0       0.02305641  d_z2
    9   3   2   1       0.04332820  d_xz
    9   3   2   2       0.02189729  d_x2-y2
   10   1   0   0       1.34863995  s
   10   2   1  -1       0.82401028  p_y
   10   2   1   0       0.82365869  p_z
   10   2   1   1       0.82119772  p_x
   10   3   2  -2       0.04311705  d_xy
   10   3   2  -1       0.04448147  d_yz
   10   3   2   0       0.02184192  d_z2
   10   3   2   1       0.04143079  d_xz
   10   3   2   2       0.02291682  d_x2-y2
   11   1   0   0       1.36068592  s
   11   2   1  -1       0.82770496  p_y
   11   2   1   0       0.82724498  p_z
   11   2   1   1       0.82155442  p_x
   11   3   2  -2       0.03999454  d_xy
   11   3   2  -1       0.03658622  d_yz
   11   3   2   0       0.01900835  d_z2
   11   3   2   1       0.03889683  d_xz
   11   3   2   2       0.01777569  d_x2-y2
   12   1   0   0       1.35436776  s
   12   2   1  -1       0.82686256  p_y
   12   2   1   0       0.82738555  p_z
   12   2   1   1       0.82776471  p_x
   12   3   2  -2       0.04234455  d_xy
   12   3   2  -1       0.03977653  d_yz
   12   3   2   0       0.02063160  d_z2
   12   3   2   1       0.03907120  d_xz
   12   3   2   2       0.02008498  d_x2-y2
   13   1   0   0       1.36711708  s
   13   2   1  -1       0.82585313  p_y
   13   2   1   0       0.83059506  p_z
   13   2   1   1       0.82744015  p_x
   13   3   2  -2       0.03989679  d_xy
   13   3   2  -1       0.03890813  d_yz
   13   3   2   0       0.01885043  d_z2
   13   3   2   1       0.03526634  d_xz
   13   3   2   2       0.01990701  d_x2-y2
   14   1   0   0       1.34782874  s
   14   2   1  -1       0.82638807  p_y
   14   2   1   0       0.82360262  p_z
   14   2   1   1       0.83348990  p_x
   14   3   2  -2       0.03519386  d_xy
   14   3   2  -1       0.04405371  d_yz
   14   3   2   0       0.02014353  d_z2
   14   3   2   1       0.04336030  d_xz
   14   3   2   2       0.02228318  d_x2-y2
   15   1   0   0       1.33948096  s
   15   2   1  -1       0.82951835  p_y
   15   2   1   0       0.82210585  p_z
   15   2   1   1       0.82746542  p_x
   15   3   2  -2       0.04334103  d_xy
   15   3   2  -1       0.04143874  d_yz
   15   3   2   0       0.02374598  d_z2
   15   3   2   1       0.04396203  d_xz
   15   3   2   2       0.02254326  d_x2-y2
   16   1   0   0       1.38484525  s
   16   2   1  -1       0.82988216  p_y
   16   2   1   0       0.82766965  p_z
   16   2   1   1       0.83169192  p_x
   16   3   2  -2       0.03391125  d_xy
   16   3   2  -1       0.03578875  d_yz
   16   3   2   0       0.01636674  d_z2
   16   3   2   1       0.03951130  d_xz
   16   3   2   2       0.01705027  d_x2-y2
   17   1   0   0       1.38961961  s
   17   2   1  -1       0.83014888  p_y
   17   2   1   0       0.83393792  p_z
   17   2   1   1       0.82957163  p_x
   17   3   2  -2       0.03647992  d_xy
   17   3   2  -1       0.03614018  d_yz
   17   3   2   0       0.01557407  d_z2
   17   3   2   1       0.03603743  d_xz
   17   3   2   2       0.01697771  d_x2-y2
   18   1   0   0       1.38816637  s
   18   2   1  -1       0.82698878  p_y
   18   2   1   0       0.83155571  p_z
   18   2   1   1       0.83053738  p_x
   18   3   2  -2       0.03589510  d_xy
   18   3   2  -1       0.03867982  d_yz
   18   3   2   0       0.01552131  d_z2
   18   3   2   1       0.03350880  d_xz
   18   3   2   2       0.01728629  d_x2-y2
   19   1   0   0       1.35759743  s
   19   2   1  -1       0.83031661  p_y
   19   2   1   0       0.83371160  p_z
   19   2   1   1       0.82617357  p_x
   19   3   2  -2       0.04211630  d_xy
   19   3   2  -1       0.03941567  d_yz
   19   3   2   0       0.01707012  d_z2
   19   3   2   1       0.03814564  d_xz
   19   3   2   2       0.02173910  d_x2-y2
   20   1   0   0       1.35672638  s
   20   2   1  -1       0.82393863  p_y
   20   2   1   0       0.82722387  p_z
   20   2   1   1       0.82443654  p_x
   20   3   2  -2       0.04152424  d_xy
   20   3   2  -1       0.03916487  d_yz
   20   3   2   0       0.02096313  d_z2
   20   3   2   1       0.04253810  d_xz
   20   3   2   2       0.02006575  d_x2-y2
   21   1   0   0       1.34824638  s
   21   2   1  -1       0.82587670  p_y
   21   2   1   0       0.83345189  p_z
   21   2   1   1       0.82580752  p_x
   21   3   2  -2       0.04314568  d_xy
   21   3   2  -1       0.03770685  d_yz
   21   3   2   0       0.01998814  d_z2
   21   3   2   1       0.04080224  d_xz
   21   3   2   2       0.02198737  d_x2-y2
   22   1   0   0       1.37015423  s
   22   2   1  -1       0.83137369  p_y
   22   2   1   0       0.82811733  p_z
   22   2   1   1       0.83294584  p_x
   22   3   2  -2       0.03880095  d_xy
   22   3   2  -1       0.03532552  d_yz
   22   3   2   0       0.01952881  d_z2
   22   3   2   1       0.04177476  d_xz
   22   3   2   2       0.01938351  d_x2-y2
   23   1   0   0       1.36046121  s
   23   2   1  -1       0.82411376  p_y
   23   2   1   0       0.82529321  p_z
   23   2   1   1       0.82486413  p_x
   23   3   2  -2       0.04272517  d_xy
   23   3   2  -1       0.03809983  d_yz
   23   3   2   0       0.02147519  d_z2
   23   3   2   1       0.03741160  d_xz
   23   3   2   2       0.01733966  d_x2-y2
   24   1   0   0       1.38401960  s
   24   2   1  -1       0.82342076  p_y
   24   2   1   0       0.82373942  p_z
   24   2   1   1       0.83411770  p_x
   24   3   2  -2       0.03572498  d_xy
   24   3   2  -1       0.04060479  d_yz
   24   3   2   0       0.01968309  d_z2
   24   3   2   1       0.03995811  d_xz
   24   3   2   2       0.01780543  d_x2-y2
   25   1   0   0       1.35438197  s
   25   2   1  -1       0.83096895  p_y
   25   2   1   0       0.82953142  p_z
   25   2   1   1       0.83206030  p_x
   25   3   2  -2       0.04031140  d_xy
   25   3   2  -1       0.03721726  d_yz
   25   3   2   0       0.02002700  d_z2
   25   3   2   1       0.03956872  d_xz
   25   3   2   2       0.01891904  d_x2-y2
   26   1   0   0       1.32811878  s
   26   2   1  -1       0.82334100  p_y
   26   2   1   0       0.82726135  p_z
   26   2   1   1       0.82529200  p_x
   26   3   2  -2       0.04401734  d_xy
   26   3   2  -1       0.04207576  d_yz
   26   3   2   0       0.02446280  d_z2
   26   3   2   1       0.04098875  d_xz
   26   3   2   2       0.02268574  d_x2-y2
   27   1   0   0       1.38448668  s
   27   2   1  -1       0.82897828  p_y
   27   2   1   0       0.82756333  p_z
   27   2   1   1       0.82838709  p_x
   27   3   2  -2       0.03606802  d_xy
   27   3   2  -1       0.03783881  d_yz
   27   3   2   0       0.01801141  d_z2
   27   3   2   1       0.03729286  d_xz
   27   3   2   2       0.01657784  d_x2-y2
   28   1   0   0       1.34561288  s
   28   2   1  -1       0.82756054  p_y
   28   2   1   0       0.82940047  p_z
   28   2   1   1       0.82852617  p_x
   28   3   2  -2       0.04281517  d_xy
   28   3   2  -1       0.03917781  d_yz
   28   3   2   0       0.02056685  d_z2
   28   3   2   1       0.03745754  d_xz
   28   3   2   2       0.01923986  d_x2-y2
   29   1   0   0       1.36052629  s
   29   2   1  -1       0.82601896  p_y
   29   2   1   0       0.83559149  p_z
   29   2   1   1       0.83005898  p_x
   29   3   2  -2       0.03858667  d_xy
   29   3   2  -1       0.03777946  d_yz
   29   3   2   0       0.01672723  d_z2
   29   3   2   1       0.03889995  d_xz
   29   3   2   2       0.02007358  d_x2-y2
   30   1   0   0       1.34517196  s
   30   2   1  -1       0.82994689  p_y
   30   2   1   0       0.82798483  p_z
   30   2   1   1       0.82725152  p_x
   30   3   2  -2       0.03997870  d_xy
   30   3   2  -1       0.04158083  d_yz
   30   3   2   0       0.01999973  d_z2
   30   3   2   1       0.03949031  d_xz
   30   3   2   2       0.02144211  d_x2-y2
   31   1   0   0       1.34830505  s
   31   2   1  -1       0.82453432  p_y
   31   2   1   0       0.82916010  p_z
   31   2   1   1       0.82766959  p_x
   31   3   2  -2       0.04212751  d_xy
   31   3   2  -1       0.04242739  d_yz
   31   3   2   0       0.02132526  d_z2
   31   3   2   1       0.03911278  d_xz
   31   3   2   2       0.02062881  d_x2-y2
   32   1   0   0       1.34977316  s
   32   2   1  -1       0.83386734  p_y
   32   2   1   0       0.83528084  p_z
   32   2   1   1       0.82512814  p_x
   32   3   2  -2       0.04205495  d_xy
   32   3   2  -1       0.04120116  d_yz
   32   3   2   0       0.01886571  d_z2
   32   3   2   1       0.03400159  d_xz
   32   3   2   2       0.01939640  d_x2-y2
   33   1   0   0       1.34812880  s
   33   2   1  -1       0.82483859  p_y
   33   2   1   0       0.82593484  p_z
   33   2   1   1       0.82880087  p_x
   33   3   2  -2       0.04103138  d_xy
   33   3   2  -1       0.04142977  d_yz
   33   3   2   0       0.02197651  d_z2
   33   3   2   1       0.04150400  d_xz
   33   3   2   2       0.02058103  d_x2-y2
   34   1   0   0       1.32916318  s
   34   2   1  -1       0.82595187  p_y
   34   2   1   0       0.82538238  p_z
   34   2   1   1       0.82769509  p_x
   34   3   2  -2       0.03919922  d_xy
   34   3   2  -1       0.04142583  d_yz
   34   3   2   0       0.02316338  d_z2
   34   3   2   1       0.04721632  d_xz
   34   3   2   2       0.02277905  d_x2-y2
   35   1   0   0       1.34680509  s
   35   2   1  -1       0.82306255  p_y
   35   2   1   0       0.82927229  p_z
   35   2   1   1       0.82178224  p_x
   35   3   2  -2       0.04717727  d_xy
   35   3   2  -1       0.03936885  d_yz
   35   3   2   0       0.02112662  d_z2
   35   3   2   1       0.03434783  d_xz
   35   3   2   2       0.02038714  d_x2-y2
   36   1   0   0       1.39892598  s
   36   2   1  -1       0.82956886  p_y
   36   2   1   0       0.83309503  p_z
   36   2   1   1       0.83209024  p_x
   36   3   2  -2       0.03253178  d_xy
   36   3   2  -1       0.03386589  d_yz
   36   3   2   0       0.01522142  d_z2
   36   3   2   1       0.03478708  d_xz
   36   3   2   2       0.01471056  d_x2-y2
   37   1   0   0       1.36725306  s
   37   2   1  -1       0.82768796  p_y
   37   2   1   0       0.82594604  p_z
   37   2   1   1       0.83036164  p_x
   37   3   2  -2       0.03735194  d_xy
   37   3   2  -1       0.03539705  d_yz
   37   3   2   0       0.01775960  d_z2
   37   3   2   1       0.03654440  d_xz
   37   3   2   2       0.01636566  d_x2-y2
   38   1   0   0       1.33985573  s
   38   2   1  -1       0.82460259  p_y
   38   2   1   0       0.82420727  p_z
   38   2   1   1       0.82729457  p_x
   38   3   2  -2       0.04118864  d_xy
   38   3   2  -1       0.04364745  d_yz
   38   3   2   0       0.02375419  d_z2
   38   3   2   1       0.04415987  d_xz
   38   3   2   2       0.02531078  d_x2-y2
   39   1   0   0       1.34986630  s
   39   2   1  -1       0.82341896  p_y
   39   2   1   0       0.82192509  p_z
   39   2   1   1       0.82017607  p_x
   39   3   2  -2       0.04148861  d_xy
   39   3   2  -1       0.04103549  d_yz
   39   3   2   0       0.02296249  d_z2
   39   3   2   1       0.04312741  d_xz
   39   3   2   2       0.02089977  d_x2-y2
   40   1   0   0       1.33753194  s
   40   2   1  -1       0.82137570  p_y
   40   2   1   0       0.83812891  p_z
   40   2   1   1       0.83593591  p_x
   40   3   2  -2       0.04317946  d_xy
   40   3   2  -1       0.04012490  d_yz
   40   3   2   0       0.01965328  d_z2
   40   3   2   1       0.03884017  d_xz
   40   3   2   2       0.02255845  d_x2-y2
   41   1   0   0       1.35486844  s
   41   2   1  -1       0.82603547  p_y
   41   2   1   0       0.83404020  p_z
   41   2   1   1       0.82979316  p_x
   41   3   2  -2       0.03690929  d_xy
   41   3   2  -1       0.04056964  d_yz
   41   3   2   0       0.01707741  d_z2
   41   3   2   1       0.03751164  d_xz
   41   3   2   2       0.01939993  d_x2-y2
   42   1   0   0       1.35451990  s
   42   2   1  -1       0.82511488  p_y
   42   2   1   0       0.83288176  p_z
   42   2   1   1       0.82700848  p_x
   42   3   2  -2       0.04400569  d_xy
   42   3   2  -1       0.04102559  d_yz
   42   3   2   0       0.01813725  d_z2
   42   3   2   1       0.03149891  d_xz
   42   3   2   2       0.02014874  d_x2-y2
   43   1   0   0       1.34312576  s
   43   2   1  -1       0.81955762  p_y
   43   2   1   0       0.82433185  p_z
   43   2   1   1       0.82240404  p_x
   43   3   2  -2       0.04035699  d_xy
   43   3   2  -1       0.04423561  d_yz
   43   3   2   0       0.02244505  d_z2
   43   3   2   1       0.04386155  d_xz
   43   3   2   2       0.02391516  d_x2-y2
   44   1   0   0       1.34681866  s
   44   2   1  -1       0.82945873  p_y
   44   2   1   0       0.82613349  p_z
   44   2   1   1       0.82858696  p_x
   44   3   2  -2       0.04260562  d_xy
   44   3   2  -1       0.03819404  d_yz
   44   3   2   0       0.02186369  d_z2
   44   3   2   1       0.03949624  d_xz
   44   3   2   2       0.01872129  d_x2-y2
   45   1   0   0       1.33855157  s
   45   2   1  -1       0.82809750  p_y
   45   2   1   0       0.83200855  p_z
   45   2   1   1       0.82343272  p_x
   45   3   2  -2       0.04367279  d_xy
   45   3   2  -1       0.04044120  d_yz
   45   3   2   0       0.02120401  d_z2
   45   3   2   1       0.04155661  d_xz
   45   3   2   2       0.02212408  d_x2-y2
   46   1   0   0       1.41990967  s
   46   2   1  -1       0.83612740  p_y
   46   2   1   0       0.83018462  p_z
   46   2   1   1       0.82870517  p_x
   46   3   2  -2       0.03312759  d_xy
   46   3   2  -1       0.03378470  d_yz
   46   3   2   0       0.01442567  d_z2
   46   3   2   1       0.03236214  d_xz
   46   3   2   2       0.01539051  d_x2-y2
   47   1   0   0       1.37234856  s
   47   2   1  -1       0.82557744  p_y
   47   2   1   0       0.82943656  p_z
   47   2   1   1       0.82249649  p_x
   47   3   2  -2       0.03814059  d_xy
   47   3   2  -1       0.03823027  d_yz
   47   3   2   0       0.01892738  d_z2
   47   3   2   1       0.03579724  d_xz
   47   3   2   2       0.01716535  d_x2-y2
   48   1   0   0       1.36637175  s
   48   2   1  -1       0.82712882  p_y
   48   2   1   0       0.83439785  p_z
   48   2   1   1       0.82741054  p_x
   48   3   2  -2       0.04376503  d_xy
   48   3   2  -1       0.03590244  d_yz
   48   3   2   0       0.01776982  d_z2
   48   3   2   1       0.03795856  d_xz
   48   3   2   2       0.02025532  d_x2-y2
   49   1   0   0       1.38608876  s
   49   2   1  -1       0.82902815  p_y
   49   2   1   0       0.82455482  p_z
   49   2   1   1       0.82506021  p_x
   49   3   2  -2       0.03851526  d_xy
   49   3   2  -1       0.03469930  d_yz
   49   3   2   0       0.01839500  d_z2
   49   3   2   1       0.03728125  d_xz
   49   3   2   2       0.01625065  d_x2-y2
   50   1   0   0       1.36154599  s
   50   2   1  -1       0.82841243  p_y
   50   2   1   0       0.82723189  p_z
   50   2   1   1       0.82967100  p_x
   50   3   2  -2       0.04027254  d_xy
   50   3   2  -1       0.04482926  d_yz
   50   3   2   0       0.02111038  d_z2
   50   3   2   1       0.03811072  d_xz
   50   3   2   2       0.02009095  d_x2-y2
   51   1   0   0       1.36015915  s
   51   2   1  -1       0.82855869  p_y
   51   2   1   0       0.82444763  p_z
   51   2   1   1       0.82658694  p_x
   51   3   2  -2       0.03867437  d_xy
   51   3   2  -1       0.03949531  d_yz
   51   3   2   0       0.01857146  d_z2
   51   3   2   1       0.03816750  d_xz
   51   3   2   2       0.01898277  d_x2-y2
   52   1   0   0       1.35138718  s
   52   2   1  -1       0.83288999  p_y
   52   2   1   0       0.82307867  p_z
   52   2   1   1       0.83108508  p_x
   52   3   2  -2       0.03998111  d_xy
   52   3   2  -1       0.03753759  d_yz
   52   3   2   0       0.02076306  d_z2
   52   3   2   1       0.04367681  d_xz
   52   3   2   2       0.01939636  d_x2-y2
   53   1   0   0       1.35049960  s
   53   2   1  -1       0.82834090  p_y
   53   2   1   0       0.82043075  p_z
   53   2   1   1       0.82502580  p_x
   53   3   2  -2       0.04288320  d_xy
   53   3   2  -1       0.03812884  d_yz
   53   3   2   0       0.02264598  d_z2
   53   3   2   1       0.04610562  d_xz
   53   3   2   2       0.02239099  d_x2-y2
   54   1   0   0       1.36393337  s
   54   2   1  -1       0.82388564  p_y
   54   2   1   0       0.82013726  p_z
   54   2   1   1       0.82381060  p_x
   54   3   2  -2       0.03936883  d_xy
   54   3   2  -1       0.03604428  d_yz
   54   3   2   0       0.02065523  d_z2
   54   3   2   1       0.04538601  d_xz
   54   3   2   2       0.02036477  d_x2-y2
   55   1   0   0       1.36698390  s
   55   2   1  -1       0.82871715  p_y
   55   2   1   0       0.82878559  p_z
   55   2   1   1       0.83513066  p_x
   55   3   2  -2       0.03885018  d_xy
   55   3   2  -1       0.03893065  d_yz
   55   3   2   0       0.02129499  d_z2
   55   3   2   1       0.03866664  d_xz
   55   3   2   2       0.01987464  d_x2-y2
   56   1   0   0       1.37046273  s
   56   2   1  -1       0.83004224  p_y
   56   2   1   0       0.82198306  p_z
   56   2   1   1       0.82697990  p_x
   56   3   2  -2       0.03604680  d_xy
   56   3   2  -1       0.03739586  d_yz
   56   3   2   0       0.01871200  d_z2
   56   3   2   1       0.04066255  d_xz
   56   3   2   2       0.01708002  d_x2-y2
   57   1   0   0       1.34112016  s
   57   2   1  -1       0.82566602  p_y
   57   2   1   0       0.82773445  p_z
   57   2   1   1       0.82961737  p_x
   57   3   2  -2       0.03876217  d_xy
   57   3   2  -1       0.04007129  d_yz
   57   3   2   0       0.02001258  d_z2
   57   3   2   1       0.03879300  d_xz
   57   3   2   2       0.02032404  d_x2-y2
   58   1   0   0       1.36383998  s
   58   2   1  -1       0.83465970  p_y
   58   2   1   0       0.82700983  p_z
   58   2   1   1       0.82581145  p_x
   58   3   2  -2       0.03725901  d_xy
   58   3   2  -1       0.03630317  d_yz
   58   3   2   0       0.02003186  d_z2
   58   3   2   1       0.03968583  d_xz
   58   3   2   2       0.01796029  d_x2-y2
   59   1   0   0       1.35046330  s
   59   2   1  -1       0.83144754  p_y
   59   2   1   0       0.82770168  p_z
   59   2   1   1       0.82914412  p_x
   59   3   2  -2       0.03603763  d_xy
   59   3   2  -1       0.04223390  d_yz
   59   3   2   0       0.01909902  d_z2
   59   3   2   1       0.04265233  d_xz
   59   3   2   2       0.02086826  d_x2-y2
   60   1   0   0       1.38059674  s
   60   2   1  -1       0.82936832  p_y
   60   2   1   0       0.83307559  p_z
   60   2   1   1       0.82806879  p_x
   60   3   2  -2       0.03830507  d_xy
   60   3   2  -1       0.03882432  d_yz
   60   3   2   0       0.01680945  d_z2
   60   3   2   1       0.03621045  d_xz
   60   3   2   2       0.01816861  d_x2-y2
   61   1   0   0       1.34967185  s
   61   2   1  -1       0.82764950  p_y
   61   2   1   0       0.82888260  p_z
   61   2   1   1       0.83402929  p_x
   61   3   2  -2       0.03826247  d_xy
   61   3   2  -1       0.04376520  d_yz
   61   3   2   0       0.02013587  d_z2
   61   3   2   1       0.04123451  d_xz
   61   3   2   2       0.02160823  d_x2-y2
   62   1   0   0       1.31898371  s
   62   2   1  -1       0.83330932  p_y
   62   2   1   0       0.82682210  p_z
   62   2   1   1       0.82635984  p_x
   62   3   2  -2       0.04416040  d_xy
   62   3   2  -1       0.04365863  d_yz
   62   3   2   0       0.02350396  d_z2
   62   3   2   1       0.04073263  d_xz
   62   3   2   2       0.02446455  d_x2-y2
   63   1   0   0       1.38323635  s
   63   2   1  -1       0.83273076  p_y
   63   2   1   0       0.83297172  p_z
   63   2   1   1       0.82908565  p_x
   63   3   2  -2       0.03431877  d_xy
   63   3   2  -1       0.03688024  d_yz
   63   3   2   0       0.01668308  d_z2
   63   3   2   1       0.03662678  d_xz
   63   3   2   2       0.01697100  d_x2-y2
   64   1   0   0       1.34479037  s
   64   2   1  -1       0.82878384  p_y
   64   2   1   0       0.82723043  p_z
   64   2   1   1       0.82695818  p_x
   64   3   2  -2       0.03883693  d_xy
   64   3   2  -1       0.04328705  d_yz
   64   3   2   0       0.02024750  d_z2
   64   3   2   1       0.03954108  d_xz
   64   3   2   2       0.02053825  d_x2-y2

Fermi level:                        -0.1319147685 H           -3.5896 eV
Band energy:                       -88.1788940526 H        -2399.4698 eV
TS:                                  0.0000000000 H            0.0000 eV
Band free energy (E-TS):           -88.1788940526 H        -2399.4698 eV
Extrapolated E(0K):                -88.1788940526 H        -2399.4698 eV
Input / Output electrons (q):    256.0000000002    256.0000000002

Energy H0:                         -88.1646195898 H        -2399.0814 eV
Energy SCC:                          0.0005802979 H            0.0158 eV
Total Electronic energy:           -88.1640392919 H        -2399.0656 eV
Repulsive energy:                    0.0000000000 H            0.0000 eV
Total energy:                      -88.1640392919 H        -2399.0656 eV
Extrapolated to 0:                 -88.1640392919 H        -2399.0656 eV
Total Mermin free energy:          -88.1640392919 H        -2399.0656 eV
Force related energy:              -88.1640392919 H        -2399.0656 eV

Non-constrained calculation

SCC converged

Warning: dipole moment is not defined absolutely!
Dipole moment:   -0.16170830   -0.52860239   -0.79169570 au
Dipole moment:   -0.41102154   -1.34357336   -2.01228992 Debye


