 Fermi distribution function

Calculation with static geometry


********************************************************************************
 iSCC Total electronic   Diff electronic      SCC error    
    9   -0.88186082E+02   -0.75273476E-09    0.82884714E-05
********************************************************************************

 Total charge:    -0.00000000

 Atomic gross charges (e)
 Atom           Charge
    1       0.00838494
    2      -0.00029892
    3       0.01009795
    4      -0.00342399
    5      -0.01181669
    6       0.02500997
    7      -0.00710977
    8       0.00854367
    9      -0.02062667
   10      -0.01390545
   11      -0.01656917
   12      -0.00378314
   13       0.00862973
   14       0.00283090
   15      -0.00506858
   16       0.01682563
   17       0.00174701
   18       0.00692469
   19       0.00839961
   20      -0.00755011
   21       0.01656502
   22      -0.01380316
   23       0.00614273
   24      -0.01506401
   25      -0.01071365
   26      -0.00168235
   27      -0.00253453
   28       0.01239595
   29       0.00086248
   30      -0.01844848
   31       0.00955800
   32      -0.01977642
   33       0.00183904
   34       0.00749711
   35      -0.01033130
   36       0.01956692
   37       0.00388532
   38       0.00386797
   39       0.00238237
   40      -0.00900920
   41      -0.01714093
   42       0.01130744
   43      -0.00524470
   44       0.01024134
   45       0.01633838
   46       0.00805524
   47       0.00490337
   48      -0.00807113
   49       0.00672591
   50      -0.00263830
   51       0.01915718
   52      -0.01148726
   53       0.00735284
   54      -0.01200209
   55      -0.01006512
   56      -0.01152741
   57       0.00645521
   58       0.00481591
   59       0.00496266
   60       0.00730951
   61      -0.00976271
   62      -0.01267212
   63      -0.00349532
   64       0.00604065

Nr. of electrons (up):    256.00000000
Atom populations (up)
 Atom       Population
    1       3.99161506
    2       4.00029892
    3       3.98990205
    4       4.00342399
    5       4.01181669
    6       3.97499003
    7       4.00710977
    8       3.99145633
    9       4.02062667
   10       4.01390545
   11       4.01656917
   12       4.00378314
   13       3.99137027
   14       3.99716910
   15       4.00506858
   16       3.98317437
   17       3.99825299
   18       3.99307531
   19       3.99160039
   20       4.00755011
   21       3.98343498
   22       4.01380316
   23       3.99385727
   24       4.01506401
   25       4.01071365
   26       4.00168235
   27       4.00253453
   28       3.98760405
   29       3.99913752
   30       4.01844848
   31       3.99044200
   32       4.01977642
   33       3.99816096
   34       3.99250289
   35       4.01033130
   36       3.98043308
   37       3.99611468
   38       3.99613203
   39       3.99761763
   40       4.00900920
   41       4.01714093
   42       3.98869256
   43       4.00524470
   44       3.98975866
   45       3.98366162
   46       3.99194476
   47       3.99509663
   48       4.00807113
   49       3.99327409
   50       4.00263830
   51       3.98084282
   52       4.01148726
   53       3.99264716
   54       4.01200209
   55       4.01006512
   56       4.01152741
   57       3.99354479
   58       3.99518409
   59       3.99503734
   60       3.99269049
   61       4.00976271
   62       4.01267212
   63       4.00349532
   64       3.99395935

l-shell populations (up)
 Atom Sh.   l       Population
    1   1   0       1.34955337
    1   2   1       2.48311067
    1   3   2       0.15895102
    2   1   0       1.35135138
    2   2   1       2.49314153
    2   3   2       0.15580601
    3   1   0       1.33791272
    3   2   1       2.48993496
    3   3   2       0.16205437
    4   1   0       1.37182102
    4   2   1       2.48495715
    4   3   2       0.14664582
    5   1   0       1.37243828
    5   2   1       2.49242117
    5   3   2       0.14695724
    6   1   0       1.31788195
    6   2   1       2.47138428
    6   3   2       0.18572381
    7   1   0       1.37053193
    7   2   1       2.47973039
    7   3   2       0.15684745
    8   1   0       1.35691558
    8   2   1       2.47422998
    8   3   2       0.16031076
    9   1   0       1.38333161
    9   2   1       2.49230646
    9   3   2       0.14498860
   10   1   0       1.38240270
   10   2   1       2.48748848
   10   3   2       0.14401427
   11   1   0       1.38311152
   11   2   1       2.49058674
   11   3   2       0.14287091
   12   1   0       1.36352066
   12   2   1       2.48695981
   12   3   2       0.15330266
   13   1   0       1.33843841
   13   2   1       2.48805932
   13   3   2       0.16487253
   14   1   0       1.36572395
   14   2   1       2.48095726
   14   3   2       0.15048789
   15   1   0       1.35915260
   15   2   1       2.49035742
   15   3   2       0.15555856
   16   1   0       1.33098305
   16   2   1       2.48552668
   16   3   2       0.16666464
   17   1   0       1.35176982
   17   2   1       2.48626787
   17   3   2       0.16021530
   18   1   0       1.34611186
   18   2   1       2.48816672
   18   3   2       0.15879673
   19   1   0       1.34941298
   19   2   1       2.48045642
   19   3   2       0.16173099
   20   1   0       1.37885542
   20   2   1       2.47809560
   20   3   2       0.15059910
   21   1   0       1.32838361
   21   2   1       2.48153405
   21   3   2       0.17351733
   22   1   0       1.37146357
   22   2   1       2.48868774
   22   3   2       0.15365184
   23   1   0       1.34807754
   23   2   1       2.47916877
   23   3   2       0.16661095
   24   1   0       1.36767692
   24   2   1       2.49936264
   24   3   2       0.14802445
   25   1   0       1.38079183
   25   2   1       2.48334581
   25   3   2       0.14657601
   26   1   0       1.35883100
   26   2   1       2.48790546
   26   3   2       0.15494589
   27   1   0       1.35696109
   27   2   1       2.49183036
   27   3   2       0.15374308
   28   1   0       1.33617372
   28   2   1       2.48459248
   28   3   2       0.16683784
   29   1   0       1.35869529
   29   2   1       2.47751893
   29   3   2       0.16292330
   30   1   0       1.37230150
   30   2   1       2.49164156
   30   3   2       0.15450542
   31   1   0       1.34981182
   31   2   1       2.48432469
   31   3   2       0.15630549
   32   1   0       1.36895333
   32   2   1       2.50021904
   32   3   2       0.15060405
   33   1   0       1.34130937
   33   2   1       2.49284530
   33   3   2       0.16400629
   34   1   0       1.34609892
   34   2   1       2.48814870
   34   3   2       0.15825527
   35   1   0       1.36239901
   35   2   1       2.49501735
   35   3   2       0.15291494
   36   1   0       1.33650528
   36   2   1       2.48002065
   36   3   2       0.16390715
   37   1   0       1.35693156
   37   2   1       2.48316907
   37   3   2       0.15601405
   38   1   0       1.34731607
   38   2   1       2.48995727
   38   3   2       0.15885870
   39   1   0       1.36879294
   39   2   1       2.48467931
   39   3   2       0.14414537
   40   1   0       1.36997113
   40   2   1       2.48433595
   40   3   2       0.15470212
   41   1   0       1.37524751
   41   2   1       2.48956111
   41   3   2       0.15233231
   42   1   0       1.36461723
   42   2   1       2.46538663
   42   3   2       0.15868871
   43   1   0       1.36477232
   43   2   1       2.47978839
   43   3   2       0.16068399
   44   1   0       1.35049088
   44   2   1       2.47434777
   44   3   2       0.16492001
   45   1   0       1.34873574
   45   2   1       2.47729296
   45   3   2       0.15763291
   46   1   0       1.34366456
   46   2   1       2.48162109
   46   3   2       0.16665911
   47   1   0       1.35511346
   47   2   1       2.48243316
   47   3   2       0.15755002
   48   1   0       1.35667272
   48   2   1       2.49543254
   48   3   2       0.15596587
   49   1   0       1.35587178
   49   2   1       2.47600205
   49   3   2       0.16140026
   50   1   0       1.36028231
   50   2   1       2.48951163
   50   3   2       0.15284436
   51   1   0       1.33313270
   51   2   1       2.48329625
   51   3   2       0.16441386
   52   1   0       1.36395240
   52   2   1       2.48907520
   52   3   2       0.15845966
   53   1   0       1.34819655
   53   2   1       2.48526424
   53   3   2       0.15918637
   54   1   0       1.37223623
   54   2   1       2.50084428
   54   3   2       0.13892158
   55   1   0       1.37027219
   55   2   1       2.48920736
   55   3   2       0.15058558
   56   1   0       1.37899584
   56   2   1       2.48487763
   56   3   2       0.14765394
   57   1   0       1.35462173
   57   2   1       2.48266579
   57   3   2       0.15625726
   58   1   0       1.34867068
   58   2   1       2.47507326
   58   3   2       0.17144015
   59   1   0       1.36409695
   59   2   1       2.47631502
   59   3   2       0.15462536
   60   1   0       1.34650405
   60   2   1       2.48355067
   60   3   2       0.16263578
   61   1   0       1.37467993
   61   2   1       2.48432603
   61   3   2       0.15075675
   62   1   0       1.38220888
   62   2   1       2.48246340
   62   3   2       0.14799983
   63   1   0       1.36012787
   63   2   1       2.48736022
   63   3   2       0.15600724
   64   1   0       1.34746349
   64   2   1       2.49071037
   64   3   2       0.15578549

Orbital populations (up)
 Atom Sh.   l   m       Population  Label
    1   1   0   0       1.34955337  s
    1   2   1  -1       0.82606151  p_y
    1   2   1   0       0.82798898  p_z
    1   2   1   1       0.82906018  p_x
    1   3   2  -2       0.03982986  d_xy
    1   3   2  -1       0.04279311  d_yz
    1   3   2   0       0.02132901  d_z2
    1   3   2   1       0.03668179  d_xz
    1   3   2   2       0.01831725  d_x2-y2
    2   1   0   0       1.35135138  s
    2   2   1  -1       0.83266604  p_y
    2   2   1   0       0.83199762  p_z
    2   2   1   1       0.82847787  p_x
    2   3   2  -2       0.04116157  d_xy
    2   3   2  -1       0.03728611  d_yz
    2   3   2   0       0.01956433  d_z2
    2   3   2   1       0.03871224  d_xz
    2   3   2   2       0.01908174  d_x2-y2
    3   1   0   0       1.33791272  s
    3   2   1  -1       0.83073542  p_y
    3   2   1   0       0.83475149  p_z
    3   2   1   1       0.82444805  p_x
    3   3   2  -2       0.04283731  d_xy
    3   3   2  -1       0.03637305  d_yz
    3   3   2   0       0.01994323  d_z2
    3   3   2   1       0.04171050  d_xz
    3   3   2   2       0.02119029  d_x2-y2
    4   1   0   0       1.37182102  s
    4   2   1  -1       0.83108898  p_y
    4   2   1   0       0.82678528  p_z
    4   2   1   1       0.82708289  p_x
    4   3   2  -2       0.03611687  d_xy
    4   3   2  -1       0.03906136  d_yz
    4   3   2   0       0.01755411  d_z2
    4   3   2   1       0.03645301  d_xz
    4   3   2   2       0.01746048  d_x2-y2
    5   1   0   0       1.37243828  s
    5   2   1  -1       0.82858569  p_y
    5   2   1   0       0.83086720  p_z
    5   2   1   1       0.83296828  p_x
    5   3   2  -2       0.03845926  d_xy
    5   3   2  -1       0.03631911  d_yz
    5   3   2   0       0.01807219  d_z2
    5   3   2   1       0.03736147  d_xz
    5   3   2   2       0.01674521  d_x2-y2
    6   1   0   0       1.31788195  s
    6   2   1  -1       0.82379095  p_y
    6   2   1   0       0.82680377  p_z
    6   2   1   1       0.82078955  p_x
    6   3   2  -2       0.04862318  d_xy
    6   3   2  -1       0.04548400  d_yz
    6   3   2   0       0.02406473  d_z2
    6   3   2   1       0.04174127  d_xz
    6   3   2   2       0.02581063  d_x2-y2
    7   1   0   0       1.37053193  s
    7   2   1  -1       0.82457937  p_y
    7   2   1   0       0.82385829  p_z
    7   2   1   1       0.83129273  p_x
    7   3   2  -2       0.03661730  d_xy
    7   3   2  -1       0.04091068  d_yz
    7   3   2   0       0.01980751  d_z2
    7   3   2   1       0.04044875  d_xz
    7   3   2   2       0.01906322  d_x2-y2
    8   1   0   0       1.35691558  s
    8   2   1  -1       0.82532866  p_y
    8   2   1   0       0.82509983  p_z
    8   2   1   1       0.82380149  p_x
    8   3   2  -2       0.03958730  d_xy
    8   3   2  -1       0.03957847  d_yz
    8   3   2   0       0.01948395  d_z2
    8   3   2   1       0.04133734  d_xz
    8   3   2   2       0.02032370  d_x2-y2
    9   1   0   0       1.38333161  s
    9   2   1  -1       0.82384986  p_y
    9   2   1   0       0.83436254  p_z
    9   2   1   1       0.83409407  p_x
    9   3   2  -2       0.03881256  d_xy
    9   3   2  -1       0.03523393  d_yz
    9   3   2   0       0.01604045  d_z2
    9   3   2   1       0.03634764  d_xz
    9   3   2   2       0.01855402  d_x2-y2
   10   1   0   0       1.38240270  s
   10   2   1  -1       0.83212644  p_y
   10   2   1   0       0.82812948  p_z
   10   2   1   1       0.82723255  p_x
   10   3   2  -2       0.03524751  d_xy
   10   3   2  -1       0.03666114  d_yz
   10   3   2   0       0.01763136  d_z2
   10   3   2   1       0.03759577  d_xz
   10   3   2   2       0.01687849  d_x2-y2
   11   1   0   0       1.38311152  s
   11   2   1  -1       0.82972868  p_y
   11   2   1   0       0.82892388  p_z
   11   2   1   1       0.83193418  p_x
   11   3   2  -2       0.03614725  d_xy
   11   3   2  -1       0.03835131  d_yz
   11   3   2   0       0.01783958  d_z2
   11   3   2   1       0.03451653  d_xz
   11   3   2   2       0.01601624  d_x2-y2
   12   1   0   0       1.36352066  s
   12   2   1  -1       0.83030949  p_y
   12   2   1   0       0.82860601  p_z
   12   2   1   1       0.82804431  p_x
   12   3   2  -2       0.03771339  d_xy
   12   3   2  -1       0.03659957  d_yz
   12   3   2   0       0.01855432  d_z2
   12   3   2   1       0.04120967  d_xz
   12   3   2   2       0.01922572  d_x2-y2
   13   1   0   0       1.33843841  s
   13   2   1  -1       0.83026256  p_y
   13   2   1   0       0.82900817  p_z
   13   2   1   1       0.82878859  p_x
   13   3   2  -2       0.04148089  d_xy
   13   3   2  -1       0.03951548  d_yz
   13   3   2   0       0.02187070  d_z2
   13   3   2   1       0.04190042  d_xz
   13   3   2   2       0.02010503  d_x2-y2
   14   1   0   0       1.36572395  s
   14   2   1  -1       0.82843552  p_y
   14   2   1   0       0.82735349  p_z
   14   2   1   1       0.82516825  p_x
   14   3   2  -2       0.03673273  d_xy
   14   3   2  -1       0.03667937  d_yz
   14   3   2   0       0.01810374  d_z2
   14   3   2   1       0.04057662  d_xz
   14   3   2   2       0.01839543  d_x2-y2
   15   1   0   0       1.35915260  s
   15   2   1  -1       0.82887104  p_y
   15   2   1   0       0.83170534  p_z
   15   2   1   1       0.82978104  p_x
   15   3   2  -2       0.04058420  d_xy
   15   3   2  -1       0.04266191  d_yz
   15   3   2   0       0.01906852  d_z2
   15   3   2   1       0.03408491  d_xz
   15   3   2   2       0.01915902  d_x2-y2
   16   1   0   0       1.33098305  s
   16   2   1  -1       0.82913498  p_y
   16   2   1   0       0.82707139  p_z
   16   2   1   1       0.82932032  p_x
   16   3   2  -2       0.04010623  d_xy
   16   3   2  -1       0.04258772  d_yz
   16   3   2   0       0.02187090  d_z2
   16   3   2   1       0.04070066  d_xz
   16   3   2   2       0.02139914  d_x2-y2
   17   1   0   0       1.35176982  s
   17   2   1  -1       0.83067693  p_y
   17   2   1   0       0.82733376  p_z
   17   2   1   1       0.82825718  p_x
   17   3   2  -2       0.04172095  d_xy
   17   3   2  -1       0.03933730  d_yz
   17   3   2   0       0.02181456  d_z2
   17   3   2   1       0.03901791  d_xz
   17   3   2   2       0.01832459  d_x2-y2
   18   1   0   0       1.34611186  s
   18   2   1  -1       0.82915657  p_y
   18   2   1   0       0.82811787  p_z
   18   2   1   1       0.83089228  p_x
   18   3   2  -2       0.04008075  d_xy
   18   3   2  -1       0.03885837  d_yz
   18   3   2   0       0.01980607  d_z2
   18   3   2   1       0.04012223  d_xz
   18   3   2   2       0.01992931  d_x2-y2
   19   1   0   0       1.34941298  s
   19   2   1  -1       0.82885192  p_y
   19   2   1   0       0.82602446  p_z
   19   2   1   1       0.82558004  p_x
   19   3   2  -2       0.04038418  d_xy
   19   3   2  -1       0.03807862  d_yz
   19   3   2   0       0.02086790  d_z2
   19   3   2   1       0.04273157  d_xz
   19   3   2   2       0.01966873  d_x2-y2
   20   1   0   0       1.37885542  s
   20   2   1  -1       0.82901306  p_y
   20   2   1   0       0.82528437  p_z
   20   2   1   1       0.82379817  p_x
   20   3   2  -2       0.03743622  d_xy
   20   3   2  -1       0.03650939  d_yz
   20   3   2   0       0.01784311  d_z2
   20   3   2   1       0.04024447  d_xz
   20   3   2   2       0.01856591  d_x2-y2
   21   1   0   0       1.32838361  s
   21   2   1  -1       0.82838280  p_y
   21   2   1   0       0.82719319  p_z
   21   2   1   1       0.82595806  p_x
   21   3   2  -2       0.04407572  d_xy
   21   3   2  -1       0.04277337  d_yz
   21   3   2   0       0.02211420  d_z2
   21   3   2   1       0.04143319  d_xz
   21   3   2   2       0.02312086  d_x2-y2
   22   1   0   0       1.37146357  s
   22   2   1  -1       0.83026781  p_y
   22   2   1   0       0.82985149  p_z
   22   2   1   1       0.82856844  p_x
   22   3   2  -2       0.03952475  d_xy
   22   3   2  -1       0.03839268  d_yz
   22   3   2   0       0.01890859  d_z2
   22   3   2   1       0.03746082  d_xz
   22   3   2   2       0.01936500  d_x2-y2
   23   1   0   0       1.34807754  s
   23   2   1  -1       0.82588424  p_y
   23   2   1   0       0.82891208  p_z
   23   2   1   1       0.82437246  p_x
   23   3   2  -2       0.04299583  d_xy
   23   3   2  -1       0.04096998  d_yz
   23   3   2   0       0.02064823  d_z2
   23   3   2   1       0.04056907  d_xz
   23   3   2   2       0.02142784  d_x2-y2
   24   1   0   0       1.36767692  s
   24   2   1  -1       0.83767150  p_y
   24   2   1   0       0.83267692  p_z
   24   2   1   1       0.82901422  p_x
   24   3   2  -2       0.03667656  d_xy
   24   3   2  -1       0.03498100  d_yz
   24   3   2   0       0.01729069  d_z2
   24   3   2   1       0.04121090  d_xz
   24   3   2   2       0.01786530  d_x2-y2
   25   1   0   0       1.38079183  s
   25   2   1  -1       0.82973630  p_y
   25   2   1   0       0.82582650  p_z
   25   2   1   1       0.82778300  p_x
   25   3   2  -2       0.03574585  d_xy
   25   3   2  -1       0.03795406  d_yz
   25   3   2   0       0.01808796  d_z2
   25   3   2   1       0.03812729  d_xz
   25   3   2   2       0.01666084  d_x2-y2
   26   1   0   0       1.35883100  s
   26   2   1  -1       0.82947901  p_y
   26   2   1   0       0.83080744  p_z
   26   2   1   1       0.82761901  p_x
   26   3   2  -2       0.03868573  d_xy
   26   3   2  -1       0.03776856  d_yz
   26   3   2   0       0.01876673  d_z2
   26   3   2   1       0.04052552  d_xz
   26   3   2   2       0.01919935  d_x2-y2
   27   1   0   0       1.35696109  s
   27   2   1  -1       0.83085812  p_y
   27   2   1   0       0.82682179  p_z
   27   2   1   1       0.83415045  p_x
   27   3   2  -2       0.03858995  d_xy
   27   3   2  -1       0.04021620  d_yz
   27   3   2   0       0.01995212  d_z2
   27   3   2   1       0.03763810  d_xz
   27   3   2   2       0.01734670  d_x2-y2
   28   1   0   0       1.33617372  s
   28   2   1  -1       0.82402078  p_y
   28   2   1   0       0.83078314  p_z
   28   2   1   1       0.82978856  p_x
   28   3   2  -2       0.04121187  d_xy
   28   3   2  -1       0.04206137  d_yz
   28   3   2   0       0.01925411  d_z2
   28   3   2   1       0.04061497  d_xz
   28   3   2   2       0.02369552  d_x2-y2
   29   1   0   0       1.35869529  s
   29   2   1  -1       0.82088626  p_y
   29   2   1   0       0.82644593  p_z
   29   2   1   1       0.83018673  p_x
   29   3   2  -2       0.03940326  d_xy
   29   3   2  -1       0.04268092  d_yz
   29   3   2   0       0.02109316  d_z2
   29   3   2   1       0.03991915  d_xz
   29   3   2   2       0.01982680  d_x2-y2
   30   1   0   0       1.37230150  s
   30   2   1  -1       0.82688934  p_y
   30   2   1   0       0.83232986  p_z
   30   2   1   1       0.83242237  p_x
   30   3   2  -2       0.04035726  d_xy
   30   3   2  -1       0.03827613  d_yz
   30   3   2   0       0.01814819  d_z2
   30   3   2   1       0.03831293  d_xz
   30   3   2   2       0.01941092  d_x2-y2
   31   1   0   0       1.34981182  s
   31   2   1  -1       0.83104518  p_y
   31   2   1   0       0.82858442  p_z
   31   2   1   1       0.82469509  p_x
   31   3   2  -2       0.03866840  d_xy
   31   3   2  -1       0.03844693  d_yz
   31   3   2   0       0.01888817  d_z2
   31   3   2   1       0.04010908  d_xz
   31   3   2   2       0.02019291  d_x2-y2
   32   1   0   0       1.36895333  s
   32   2   1  -1       0.83704935  p_y
   32   2   1   0       0.82868633  p_z
   32   2   1   1       0.83448337  p_x
   32   3   2  -2       0.03402939  d_xy
   32   3   2  -1       0.04071179  d_yz
   32   3   2   0       0.01818381  d_z2
   32   3   2   1       0.03875674  d_xz
   32   3   2   2       0.01892232  d_x2-y2
   33   1   0   0       1.34130937  s
   33   2   1  -1       0.82702034  p_y
   33   2   1   0       0.83403993  p_z
   33   2   1   1       0.83178503  p_x
   33   3   2  -2       0.04035310  d_xy
   33   3   2  -1       0.04504904  d_yz
   33   3   2   0       0.01944575  d_z2
   33   3   2   1       0.03755199  d_xz
   33   3   2   2       0.02160641  d_x2-y2
   34   1   0   0       1.34609892  s
   34   2   1  -1       0.83216831  p_y
   34   2   1   0       0.82698545  p_z
   34   2   1   1       0.82899495  p_x
   34   3   2  -2       0.03921136  d_xy
   34   3   2  -1       0.03924920  d_yz
   34   3   2   0       0.01975662  d_z2
   34   3   2   1       0.04022411  d_xz
   34   3   2   2       0.01981398  d_x2-y2
   35   1   0   0       1.36239901  s
   35   2   1  -1       0.83137926  p_y
   35   2   1   0       0.83316673  p_z
   35   2   1   1       0.83047137  p_x
   35   3   2  -2       0.04128469  d_xy
   35   3   2  -1       0.03652264  d_yz
   35   3   2   0       0.01952525  d_z2
   35   3   2   1       0.03811924  d_xz
   35   3   2   2       0.01746313  d_x2-y2
   36   1   0   0       1.33650528  s
   36   2   1  -1       0.82719294  p_y
   36   2   1   0       0.82159524  p_z
   36   2   1   1       0.83123247  p_x
   36   3   2  -2       0.03546956  d_xy
   36   3   2  -1       0.04494971  d_yz
   36   3   2   0       0.02118199  d_z2
   36   3   2   1       0.04172032  d_xz
   36   3   2   2       0.02058557  d_x2-y2
   37   1   0   0       1.35693156  s
   37   2   1  -1       0.82860925  p_y
   37   2   1   0       0.82867414  p_z
   37   2   1   1       0.82588568  p_x
   37   3   2  -2       0.04052208  d_xy
   37   3   2  -1       0.03825376  d_yz
   37   3   2   0       0.01957404  d_z2
   37   3   2   1       0.03864611  d_xz
   37   3   2   2       0.01901806  d_x2-y2
   38   1   0   0       1.34731607  s
   38   2   1  -1       0.82879657  p_y
   38   2   1   0       0.83100245  p_z
   38   2   1   1       0.83015825  p_x
   38   3   2  -2       0.04204904  d_xy
   38   3   2  -1       0.04206339  d_yz
   38   3   2   0       0.02039461  d_z2
   38   3   2   1       0.03512550  d_xz
   38   3   2   2       0.01922617  d_x2-y2
   39   1   0   0       1.36879294  s
   39   2   1  -1       0.83109695  p_y
   39   2   1   0       0.82253512  p_z
   39   2   1   1       0.83104725  p_x
   39   3   2  -2       0.03482860  d_xy
   39   3   2  -1       0.03833518  d_yz
   39   3   2   0       0.01774582  d_z2
   39   3   2   1       0.03698603  d_xz
   39   3   2   2       0.01624973  d_x2-y2
   40   1   0   0       1.36997113  s
   40   2   1  -1       0.83083156  p_y
   40   2   1   0       0.82890484  p_z
   40   2   1   1       0.82459955  p_x
   40   3   2  -2       0.03785329  d_xy
   40   3   2  -1       0.03683829  d_yz
   40   3   2   0       0.01789121  d_z2
   40   3   2   1       0.04241261  d_xz
   40   3   2   2       0.01970672  d_x2-y2
   41   1   0   0       1.37524751  s
   41   2   1  -1       0.83398372  p_y
   41   2   1   0       0.82863452  p_z
   41   2   1   1       0.82694287  p_x
   41   3   2  -2       0.03747552  d_xy
   41   3   2  -1       0.03352350  d_yz
   41   3   2   0       0.01939726  d_z2
   41   3   2   1       0.04452709  d_xz
   41   3   2   2       0.01740894  d_x2-y2
   42   1   0   0       1.36461723  s
   42   2   1  -1       0.82512051  p_y
   42   2   1   0       0.81958969  p_z
   42   2   1   1       0.82067643  p_x
   42   3   2  -2       0.04151906  d_xy
   42   3   2  -1       0.03530311  d_yz
   42   3   2   0       0.02042764  d_z2
   42   3   2   1       0.04197603  d_xz
   42   3   2   2       0.01946287  d_x2-y2
   43   1   0   0       1.36477232  s
   43   2   1  -1       0.82719540  p_y
   43   2   1   0       0.82518476  p_z
   43   2   1   1       0.82740823  p_x
   43   3   2  -2       0.04133899  d_xy
   43   3   2  -1       0.04049444  d_yz
   43   3   2   0       0.02108999  d_z2
   43   3   2   1       0.03852977  d_xz
   43   3   2   2       0.01923081  d_x2-y2
   44   1   0   0       1.35049088  s
   44   2   1  -1       0.82361485  p_y
   44   2   1   0       0.82604951  p_z
   44   2   1   1       0.82468342  p_x
   44   3   2  -2       0.04140274  d_xy
   44   3   2  -1       0.04333602  d_yz
   44   3   2   0       0.01916096  d_z2
   44   3   2   1       0.03864864  d_xz
   44   3   2   2       0.02237165  d_x2-y2
   45   1   0   0       1.34873574  s
   45   2   1  -1       0.82755157  p_y
   45   2   1   0       0.82270969  p_z
   45   2   1   1       0.82703170  p_x
   45   3   2  -2       0.03839591  d_xy
   45   3   2  -1       0.03923667  d_yz
   45   3   2   0       0.01990645  d_z2
   45   3   2   1       0.04064061  d_xz
   45   3   2   2       0.01945327  d_x2-y2
   46   1   0   0       1.34366456  s
   46   2   1  -1       0.82504947  p_y
   46   2   1   0       0.82673343  p_z
   46   2   1   1       0.82983819  p_x
   46   3   2  -2       0.03935111  d_xy
   46   3   2  -1       0.04208941  d_yz
   46   3   2   0       0.02099599  d_z2
   46   3   2   1       0.04258633  d_xz
   46   3   2   2       0.02163627  d_x2-y2
   47   1   0   0       1.35511346  s
   47   2   1  -1       0.82551830  p_y
   47   2   1   0       0.82886138  p_z
   47   2   1   1       0.82805348  p_x
   47   3   2  -2       0.03916395  d_xy
   47   3   2  -1       0.03920823  d_yz
   47   3   2   0       0.01853709  d_z2
   47   3   2   1       0.04034054  d_xz
   47   3   2   2       0.02030019  d_x2-y2
   48   1   0   0       1.35667272  s
   48   2   1  -1       0.83122726  p_y
   48   2   1   0       0.83077858  p_z
   48   2   1   1       0.83342670  p_x
   48   3   2  -2       0.03935554  d_xy
   48   3   2  -1       0.04031703  d_yz
   48   3   2   0       0.02062945  d_z2
   48   3   2   1       0.03703172  d_xz
   48   3   2   2       0.01863213  d_x2-y2
   49   1   0   0       1.35587178  s
   49   2   1  -1       0.83152100  p_y
   49   2   1   0       0.82109306  p_z
   49   2   1   1       0.82338799  p_x
   49   3   2  -2       0.03354215  d_xy
   49   3   2  -1       0.04173685  d_yz
   49   3   2   0       0.01950667  d_z2
   49   3   2   1       0.04592206  d_xz
   49   3   2   2       0.02069252  d_x2-y2
   50   1   0   0       1.36028231  s
   50   2   1  -1       0.82931514  p_y
   50   2   1   0       0.83014331  p_z
   50   2   1   1       0.83005319  p_x
   50   3   2  -2       0.03986484  d_xy
   50   3   2  -1       0.03944262  d_yz
   50   3   2   0       0.01762766  d_z2
   50   3   2   1       0.03644164  d_xz
   50   3   2   2       0.01946760  d_x2-y2
   51   1   0   0       1.33313270  s
   51   2   1  -1       0.82604037  p_y
   51   2   1   0       0.82888502  p_z
   51   2   1   1       0.82837086  p_x
   51   3   2  -2       0.04262783  d_xy
   51   3   2  -1       0.04022847  d_yz
   51   3   2   0       0.02173586  d_z2
   51   3   2   1       0.03922288  d_xz
   51   3   2   2       0.02059882  d_x2-y2
   52   1   0   0       1.36395240  s
   52   2   1  -1       0.82446295  p_y
   52   2   1   0       0.83420500  p_z
   52   2   1   1       0.83040725  p_x
   52   3   2  -2       0.04042064  d_xy
   52   3   2  -1       0.04020879  d_yz
   52   3   2   0       0.01909513  d_z2
   52   3   2   1       0.03894529  d_xz
   52   3   2   2       0.01978982  d_x2-y2
   53   1   0   0       1.34819655  s
   53   2   1  -1       0.82647019  p_y
   53   2   1   0       0.83115196  p_z
   53   2   1   1       0.82764209  p_x
   53   3   2  -2       0.04271191  d_xy
   53   3   2  -1       0.03794713  d_yz
   53   3   2   0       0.01962266  d_z2
   53   3   2   1       0.03890762  d_xz
   53   3   2   2       0.01999705  d_x2-y2
   54   1   0   0       1.37223623  s
   54   2   1  -1       0.83280997  p_y
   54   2   1   0       0.83262409  p_z
   54   2   1   1       0.83541023  p_x
   54   3   2  -2       0.03558640  d_xy
   54   3   2  -1       0.03542337  d_yz
   54   3   2   0       0.01398504  d_z2
   54   3   2   1       0.03605232  d_xz
   54   3   2   2       0.01787445  d_x2-y2
   55   1   0   0       1.37027219  s
   55   2   1  -1       0.83011666  p_y
   55   2   1   0       0.83182968  p_z
   55   2   1   1       0.82726101  p_x
   55   3   2  -2       0.03919739  d_xy
   55   3   2  -1       0.03838676  d_yz
   55   3   2   0       0.01809493  d_z2
   55   3   2   1       0.03665392  d_xz
   55   3   2   2       0.01825257  d_x2-y2
   56   1   0   0       1.37899584  s
   56   2   1  -1       0.82984168  p_y
   56   2   1   0       0.82614820  p_z
   56   2   1   1       0.82888774  p_x
   56   3   2  -2       0.03467875  d_xy
   56   3   2  -1       0.03958439  d_yz
   56   3   2   0       0.01742358  d_z2
   56   3   2   1       0.03820171  d_xz
   56   3   2   2       0.01776551  d_x2-y2
   57   1   0   0       1.35462173  s
   57   2   1  -1       0.83085968  p_y
   57   2   1   0       0.82382647  p_z
   57   2   1   1       0.82797964  p_x
   57   3   2  -2       0.03807370  d_xy
   57   3   2  -1       0.04034051  d_yz
   57   3   2   0       0.02056349  d_z2
   57   3   2   1       0.03839574  d_xz
   57   3   2   2       0.01888382  d_x2-y2
   58   1   0   0       1.34867068  s
   58   2   1  -1       0.81946705  p_y
   58   2   1   0       0.82749375  p_z
   58   2   1   1       0.82811246  p_x
   58   3   2  -2       0.04320878  d_xy
   58   3   2  -1       0.04224032  d_yz
   58   3   2   0       0.02123103  d_z2
   58   3   2   1       0.04239976  d_xz
   58   3   2   2       0.02236026  d_x2-y2
   59   1   0   0       1.36409695  s
   59   2   1  -1       0.82523016  p_y
   59   2   1   0       0.82480420  p_z
   59   2   1   1       0.82628066  p_x
   59   3   2  -2       0.04301207  d_xy
   59   3   2  -1       0.03510210  d_yz
   59   3   2   0       0.02056284  d_z2
   59   3   2   1       0.03856280  d_xz
   59   3   2   2       0.01738555  d_x2-y2
   60   1   0   0       1.34650405  s
   60   2   1  -1       0.83104133  p_y
   60   2   1   0       0.82700475  p_z
   60   2   1   1       0.82550459  p_x
   60   3   2  -2       0.04002904  d_xy
   60   3   2  -1       0.04040914  d_yz
   60   3   2   0       0.02035827  d_z2
   60   3   2   1       0.04116757  d_xz
   60   3   2   2       0.02067176  d_x2-y2
   61   1   0   0       1.37467993  s
   61   2   1  -1       0.82820609  p_y
   61   2   1   0       0.83123678  p_z
   61   2   1   1       0.82488315  p_x
   61   3   2  -2       0.03960835  d_xy
   61   3   2  -1       0.03687735  d_yz
   61   3   2   0       0.01884954  d_z2
   61   3   2   1       0.03682767  d_xz
   61   3   2   2       0.01859384  d_x2-y2
   62   1   0   0       1.38220888  s
   62   2   1  -1       0.82604866  p_y
   62   2   1   0       0.82852669  p_z
   62   2   1   1       0.82788804  p_x
   62   3   2  -2       0.03493047  d_xy
   62   3   2  -1       0.03911589  d_yz
   62   3   2   0       0.01720699  d_z2
   62   3   2   1       0.03797737  d_xz
   62   3   2   2       0.01876913  d_x2-y2
   63   1   0   0       1.36012787  s
   63   2   1  -1       0.83023787  p_y
   63   2   1   0       0.82663519  p_z
   63   2   1   1       0.83048715  p_x
   63   3   2  -2       0.03713004  d_xy
   63   3   2  -1       0.03897565  d_yz
   63   3   2   0       0.01950939  d_z2
   63   3   2   1       0.04168079  d_xz
   63   3   2   2       0.01871136  d_x2-y2
   64   1   0   0       1.34746349  s
   64   2   1  -1       0.82818816  p_y
   64   2   1   0       0.82989709  p_z
   64   2   1   1       0.83262512  p_x
   64   3   2  -2       0.04139182  d_xy
   64   3   2  -1       0.03834127  d_yz
   64   3   2   0       0.02027813  d_z2
   64   3   2   1       0.03575048  d_xz
   64   3   2   2       0.02002379  d_x2-y2

Fermi level:                        -0.1333862183 H           -3.6296 eV
Band energy:                       -88.1983053564 H        -2399.9980 eV
TS:                                  0.0000000000 H            0.0000 eV
Band free energy (E-TS):           -88.1983053564 H        -2399.9980 eV
Extrapolated E(0K):                -88.1983053564 H        -2399.9980 eV
Input / Output electrons (q):    256.0000000000    256.0000000000

Energy H0:                         -88.1865090812 H        -2399.6770 eV
Energy SCC:                          0.0004275429 H            0.0116 eV
Total Electronic energy:           -88.1860815383 H        -2399.6654 eV
Repulsive energy:                    0.0000000000 H            0.0000 eV
Total energy:                      -88.1860815383 H        -2399.6654 eV
Extrapolated to 0:                 -88.1860815383 H        -2399.6654 eV
Total Mermin free energy:          -88.1860815383 H        -2399.6654 eV
Force related energy:              -88.1860815383 H        -2399.6654 eV

Non-constrained calculation

SCC converged

Warning: dipole moment is not defined absolutely!
Dipole moment:   -0.51073729    0.77350506    0.12117099 au
Dipole moment:   -1.29816482    1.96605391    0.30798596 Debye


