 Fermi distribution function

Calculation with static geometry


********************************************************************************
 iSCC Total electronic   Diff electronic      SCC error    
    9   -0.88181061E+02   -0.13965149E-08    0.76800616E-05
********************************************************************************

 Total charge:    -0.00000000

 Atomic gross charges (e)
 Atom           Charge
    1      -0.00826961
    2       0.00191224
    3      -0.03850556
    4      -0.00905363
    5      -0.01272491
    6       0.01106126
    7      -0.00252079
    8       0.01932703
    9       0.00168633
   10      -0.00031833
   11       0.00804045
   12       0.00319823
   13      -0.00191006
   14       0.00791541
   15      -0.01596864
   16       0.01025419
   17       0.00729598
   18      -0.01151200
   19       0.01279153
   20       0.00779082
   21       0.00880353
   22      -0.02583032
   23       0.01151118
   24      -0.02999579
   25       0.01659807
   26       0.02154688
   27      -0.00013113
   28       0.01782176
   29       0.00380650
   30       0.00188461
   31      -0.00236760
   32      -0.01100430
   33      -0.03139362
   34      -0.00655053
   35      -0.01323097
   36       0.00884088
   37       0.00231800
   38       0.01168348
   39       0.00028200
   40       0.00836034
   41       0.00047888
   42       0.00662161
   43      -0.02142726
   44       0.01391664
   45      -0.01332645
   46      -0.00357365
   47       0.00652518
   48      -0.00735617
   49       0.02418128
   50      -0.00823473
   51       0.01080087
   52      -0.00563088
   53      -0.00465931
   54      -0.01064673
   55       0.01074717
   56       0.00853851
   57       0.02157449
   58       0.00943289
   59       0.00270949
   60       0.00027589
   61      -0.00738568
   62      -0.00142884
   63       0.01408217
   64      -0.02965825

Nr. of electrons (up):    256.00000000
Atom populations (up)
 Atom       Population
    1       4.00826961
    2       3.99808776
    3       4.03850556
    4       4.00905363
    5       4.01272491
    6       3.98893874
    7       4.00252079
    8       3.98067297
    9       3.99831367
   10       4.00031833
   11       3.99195955
   12       3.99680177
   13       4.00191006
   14       3.99208459
   15       4.01596864
   16       3.98974581
   17       3.99270402
   18       4.01151200
   19       3.98720847
   20       3.99220918
   21       3.99119647
   22       4.02583032
   23       3.98848882
   24       4.02999579
   25       3.98340193
   26       3.97845312
   27       4.00013113
   28       3.98217824
   29       3.99619350
   30       3.99811539
   31       4.00236760
   32       4.01100430
   33       4.03139362
   34       4.00655053
   35       4.01323097
   36       3.99115912
   37       3.99768200
   38       3.98831652
   39       3.99971800
   40       3.99163966
   41       3.99952112
   42       3.99337839
   43       4.02142726
   44       3.98608336
   45       4.01332645
   46       4.00357365
   47       3.99347482
   48       4.00735617
   49       3.97581872
   50       4.00823473
   51       3.98919913
   52       4.00563088
   53       4.00465931
   54       4.01064673
   55       3.98925283
   56       3.99146149
   57       3.97842551
   58       3.99056711
   59       3.99729051
   60       3.99972411
   61       4.00738568
   62       4.00142884
   63       3.98591783
   64       4.02965825

l-shell populations (up)
 Atom Sh.   l       Population
    1   1   0       1.38154805
    1   2   1       2.48320355
    1   3   2       0.14351801
    2   1   0       1.35171076
    2   2   1       2.47446985
    2   3   2       0.17190716
    3   1   0       1.40863203
    3   2   1       2.49785758
    3   3   2       0.13201595
    4   1   0       1.37820221
    4   2   1       2.48338693
    4   3   2       0.14746450
    5   1   0       1.36904302
    5   2   1       2.49095129
    5   3   2       0.15273060
    6   1   0       1.35009616
    6   2   1       2.47552749
    6   3   2       0.16331509
    7   1   0       1.34661215
    7   2   1       2.49377242
    7   3   2       0.16213623
    8   1   0       1.32845755
    8   2   1       2.48471898
    8   3   2       0.16749644
    9   1   0       1.34547677
    9   2   1       2.49239143
    9   3   2       0.16044546
   10   1   0       1.35428484
   10   2   1       2.49088511
   10   3   2       0.15514838
   11   1   0       1.32508927
   11   2   1       2.48845030
   11   3   2       0.17841998
   12   1   0       1.35332056
   12   2   1       2.48774100
   12   3   2       0.15574021
   13   1   0       1.35907312
   13   2   1       2.47762087
   13   3   2       0.16521607
   14   1   0       1.35293159
   14   2   1       2.48293032
   14   3   2       0.15622268
   15   1   0       1.38369208
   15   2   1       2.49154574
   15   3   2       0.14073082
   16   1   0       1.34912837
   16   2   1       2.46948209
   16   3   2       0.17113536
   17   1   0       1.35607021
   17   2   1       2.47708147
   17   3   2       0.15955234
   18   1   0       1.37379291
   18   2   1       2.48969319
   18   3   2       0.14802590
   19   1   0       1.34130916
   19   2   1       2.48344391
   19   3   2       0.16245540
   20   1   0       1.36268843
   20   2   1       2.48382026
   20   3   2       0.14570049
   21   1   0       1.35130906
   21   2   1       2.48273398
   21   3   2       0.15715342
   22   1   0       1.39647681
   22   2   1       2.49720298
   22   3   2       0.13215053
   23   1   0       1.32563210
   23   2   1       2.48624624
   23   3   2       0.17661048
   24   1   0       1.39597199
   24   2   1       2.49914612
   24   3   2       0.13487767
   25   1   0       1.34373406
   25   2   1       2.47886247
   25   3   2       0.16080540
   26   1   0       1.32950427
   26   2   1       2.47601070
   26   3   2       0.17293815
   27   1   0       1.36268217
   27   2   1       2.47978268
   27   3   2       0.15766628
   28   1   0       1.34547649
   28   2   1       2.46798817
   28   3   2       0.16871358
   29   1   0       1.35972143
   29   2   1       2.48518312
   29   3   2       0.15128896
   30   1   0       1.33647654
   30   2   1       2.49467289
   30   3   2       0.16696596
   31   1   0       1.36787297
   31   2   1       2.48212738
   31   3   2       0.15236725
   32   1   0       1.36699901
   32   2   1       2.48207559
   32   3   2       0.16192971
   33   1   0       1.38940898
   33   2   1       2.49582395
   33   3   2       0.14616069
   34   1   0       1.37303598
   34   2   1       2.48326585
   34   3   2       0.15024870
   35   1   0       1.37470153
   35   2   1       2.48299035
   35   3   2       0.15553910
   36   1   0       1.35459818
   36   2   1       2.47406606
   36   3   2       0.16249488
   37   1   0       1.35575134
   37   2   1       2.48367989
   37   3   2       0.15825076
   38   1   0       1.35587754
   38   2   1       2.47217195
   38   3   2       0.16026703
   39   1   0       1.36429749
   39   2   1       2.47894275
   39   3   2       0.15647776
   40   1   0       1.34515698
   40   2   1       2.49037310
   40   3   2       0.15610958
   41   1   0       1.34952569
   41   2   1       2.49103637
   41   3   2       0.15895906
   42   1   0       1.34295808
   42   2   1       2.48634746
   42   3   2       0.16407285
   43   1   0       1.37566228
   43   2   1       2.50771966
   43   3   2       0.13804532
   44   1   0       1.34112506
   44   2   1       2.48729240
   44   3   2       0.15766590
   45   1   0       1.38464612
   45   2   1       2.49257394
   45   3   2       0.13610639
   46   1   0       1.35385273
   46   2   1       2.48719322
   46   3   2       0.16252769
   47   1   0       1.34327814
   47   2   1       2.48892661
   47   3   2       0.16127007
   48   1   0       1.35858880
   48   2   1       2.48608818
   48   3   2       0.16267919
   49   1   0       1.31312916
   49   2   1       2.47084004
   49   3   2       0.19184951
   50   1   0       1.37761985
   50   2   1       2.48605506
   50   3   2       0.14455982
   51   1   0       1.35174661
   51   2   1       2.46897056
   51   3   2       0.16848196
   52   1   0       1.36023206
   52   2   1       2.48742611
   52   3   2       0.15797272
   53   1   0       1.36523633
   53   2   1       2.48117474
   53   3   2       0.15824824
   54   1   0       1.37306899
   54   2   1       2.48415867
   54   3   2       0.15341907
   55   1   0       1.33860708
   55   2   1       2.48576835
   55   3   2       0.16487741
   56   1   0       1.34269850
   56   2   1       2.48439402
   56   3   2       0.16436898
   57   1   0       1.32903412
   57   2   1       2.48143072
   57   3   2       0.16796068
   58   1   0       1.33404242
   58   2   1       2.48768248
   58   3   2       0.16884220
   59   1   0       1.37915097
   59   2   1       2.48598129
   59   3   2       0.13215824
   60   1   0       1.35886206
   60   2   1       2.47942630
   60   3   2       0.16143574
   61   1   0       1.37164661
   61   2   1       2.48763563
   61   3   2       0.14810344
   62   1   0       1.35068951
   62   2   1       2.49835698
   62   3   2       0.15238235
   63   1   0       1.34013373
   63   2   1       2.47502418
   63   3   2       0.17075993
   64   1   0       1.40342581
   64   2   1       2.49190108
   64   3   2       0.13433135

Orbital populations (up)
 Atom Sh.   l   m       Population  Label
    1   1   0   0       1.38154805  s
    1   2   1  -1       0.82935046  p_y
    1   2   1   0       0.83175000  p_z
    1   2   1   1       0.82210308  p_x
    1   3   2  -2       0.03604080  d_xy
    1   3   2  -1       0.03519612  d_yz
    1   3   2   0       0.01645251  d_z2
    1   3   2   1       0.03766248  d_xz
    1   3   2   2       0.01816610  d_x2-y2
    2   1   0   0       1.35171076  s
    2   2   1  -1       0.82526821  p_y
    2   2   1   0       0.82435245  p_z
    2   2   1   1       0.82484919  p_x
    2   3   2  -2       0.04425600  d_xy
    2   3   2  -1       0.04064542  d_yz
    2   3   2   0       0.02376071  d_z2
    2   3   2   1       0.04215718  d_xz
    2   3   2   2       0.02108785  d_x2-y2
    3   1   0   0       1.40863203  s
    3   2   1  -1       0.83612049  p_y
    3   2   1   0       0.83365575  p_z
    3   2   1   1       0.82808134  p_x
    3   3   2  -2       0.03640450  d_xy
    3   3   2  -1       0.03022976  d_yz
    3   3   2   0       0.01441655  d_z2
    3   3   2   1       0.03573111  d_xz
    3   3   2   2       0.01523404  d_x2-y2
    4   1   0   0       1.37820221  s
    4   2   1  -1       0.82844406  p_y
    4   2   1   0       0.82728398  p_z
    4   2   1   1       0.82765888  p_x
    4   3   2  -2       0.03802289  d_xy
    4   3   2  -1       0.03810118  d_yz
    4   3   2   0       0.01755031  d_z2
    4   3   2   1       0.03629618  d_xz
    4   3   2   2       0.01749394  d_x2-y2
    5   1   0   0       1.36904302  s
    5   2   1  -1       0.82807620  p_y
    5   2   1   0       0.83249339  p_z
    5   2   1   1       0.83038170  p_x
    5   3   2  -2       0.03934804  d_xy
    5   3   2  -1       0.04053775  d_yz
    5   3   2   0       0.01824202  d_z2
    5   3   2   1       0.03590572  d_xz
    5   3   2   2       0.01869708  d_x2-y2
    6   1   0   0       1.35009616  s
    6   2   1  -1       0.82736165  p_y
    6   2   1   0       0.82239554  p_z
    6   2   1   1       0.82577029  p_x
    6   3   2  -2       0.03958413  d_xy
    6   3   2  -1       0.03999699  d_yz
    6   3   2   0       0.02186439  d_z2
    6   3   2   1       0.04247958  d_xz
    6   3   2   2       0.01939000  d_x2-y2
    7   1   0   0       1.34661215  s
    7   2   1  -1       0.83078423  p_y
    7   2   1   0       0.83055480  p_z
    7   2   1   1       0.83243339  p_x
    7   3   2  -2       0.04129964  d_xy
    7   3   2  -1       0.04010450  d_yz
    7   3   2   0       0.02050192  d_z2
    7   3   2   1       0.03965166  d_xz
    7   3   2   2       0.02057850  d_x2-y2
    8   1   0   0       1.32845755  s
    8   2   1  -1       0.83032291  p_y
    8   2   1   0       0.82395899  p_z
    8   2   1   1       0.83043708  p_x
    8   3   2  -2       0.03897587  d_xy
    8   3   2  -1       0.04355449  d_yz
    8   3   2   0       0.02240136  d_z2
    8   3   2   1       0.04183146  d_xz
    8   3   2   2       0.02073326  d_x2-y2
    9   1   0   0       1.34547677  s
    9   2   1  -1       0.82740340  p_y
    9   2   1   0       0.83487669  p_z
    9   2   1   1       0.83011134  p_x
    9   3   2  -2       0.04164004  d_xy
    9   3   2  -1       0.04043257  d_yz
    9   3   2   0       0.02040576  d_z2
    9   3   2   1       0.03712520  d_xz
    9   3   2   2       0.02084189  d_x2-y2
   10   1   0   0       1.35428484  s
   10   2   1  -1       0.83374703  p_y
   10   2   1   0       0.82568540  p_z
   10   2   1   1       0.83145268  p_x
   10   3   2  -2       0.03516398  d_xy
   10   3   2  -1       0.04133529  d_yz
   10   3   2   0       0.01919375  d_z2
   10   3   2   1       0.04058296  d_xz
   10   3   2   2       0.01887240  d_x2-y2
   11   1   0   0       1.32508927  s
   11   2   1  -1       0.83086452  p_y
   11   2   1   0       0.82780139  p_z
   11   2   1   1       0.82978439  p_x
   11   3   2  -2       0.04202442  d_xy
   11   3   2  -1       0.04465762  d_yz
   11   3   2   0       0.02358094  d_z2
   11   3   2   1       0.04474739  d_xz
   11   3   2   2       0.02340961  d_x2-y2
   12   1   0   0       1.35332056  s
   12   2   1  -1       0.82992158  p_y
   12   2   1   0       0.82824570  p_z
   12   2   1   1       0.82957372  p_x
   12   3   2  -2       0.03580326  d_xy
   12   3   2  -1       0.04101957  d_yz
   12   3   2   0       0.01929622  d_z2
   12   3   2   1       0.04029994  d_xz
   12   3   2   2       0.01932123  d_x2-y2
   13   1   0   0       1.35907312  s
   13   2   1  -1       0.82921023  p_y
   13   2   1   0       0.82420194  p_z
   13   2   1   1       0.82420870  p_x
   13   3   2  -2       0.03765685  d_xy
   13   3   2  -1       0.03967121  d_yz
   13   3   2   0       0.01976039  d_z2
   13   3   2   1       0.04680522  d_xz
   13   3   2   2       0.02132241  d_x2-y2
   14   1   0   0       1.35293159  s
   14   2   1  -1       0.82724364  p_y
   14   2   1   0       0.82796942  p_z
   14   2   1   1       0.82771726  p_x
   14   3   2  -2       0.04241941  d_xy
   14   3   2  -1       0.03564009  d_yz
   14   3   2   0       0.01969803  d_z2
   14   3   2   1       0.03967483  d_xz
   14   3   2   2       0.01879031  d_x2-y2
   15   1   0   0       1.38369208  s
   15   2   1  -1       0.82791782  p_y
   15   2   1   0       0.82828767  p_z
   15   2   1   1       0.83534025  p_x
   15   3   2  -2       0.03401700  d_xy
   15   3   2  -1       0.03513964  d_yz
   15   3   2   0       0.01623125  d_z2
   15   3   2   1       0.03801357  d_xz
   15   3   2   2       0.01732937  d_x2-y2
   16   1   0   0       1.34912837  s
   16   2   1  -1       0.82160877  p_y
   16   2   1   0       0.82360196  p_z
   16   2   1   1       0.82427136  p_x
   16   3   2  -2       0.04297119  d_xy
   16   3   2  -1       0.04277440  d_yz
   16   3   2   0       0.02271858  d_z2
   16   3   2   1       0.04172923  d_xz
   16   3   2   2       0.02094196  d_x2-y2
   17   1   0   0       1.35607021  s
   17   2   1  -1       0.82393475  p_y
   17   2   1   0       0.83276677  p_z
   17   2   1   1       0.82037995  p_x
   17   3   2  -2       0.04076748  d_xy
   17   3   2  -1       0.03963033  d_yz
   17   3   2   0       0.01879608  d_z2
   17   3   2   1       0.03949531  d_xz
   17   3   2   2       0.02086314  d_x2-y2
   18   1   0   0       1.37379291  s
   18   2   1  -1       0.82999603  p_y
   18   2   1   0       0.83071526  p_z
   18   2   1   1       0.82898190  p_x
   18   3   2  -2       0.03455858  d_xy
   18   3   2  -1       0.03954740  d_yz
   18   3   2   0       0.01732114  d_z2
   18   3   2   1       0.03835583  d_xz
   18   3   2   2       0.01824294  d_x2-y2
   19   1   0   0       1.34130916  s
   19   2   1  -1       0.83026202  p_y
   19   2   1   0       0.82536842  p_z
   19   2   1   1       0.82781347  p_x
   19   3   2  -2       0.04061168  d_xy
   19   3   2  -1       0.04283651  d_yz
   19   3   2   0       0.02076664  d_z2
   19   3   2   1       0.03807128  d_xz
   19   3   2   2       0.02016930  d_x2-y2
   20   1   0   0       1.36268843  s
   20   2   1  -1       0.81997416  p_y
   20   2   1   0       0.83195594  p_z
   20   2   1   1       0.83189015  p_x
   20   3   2  -2       0.03786099  d_xy
   20   3   2  -1       0.03636676  d_yz
   20   3   2   0       0.01732758  d_z2
   20   3   2   1       0.03509975  d_xz
   20   3   2   2       0.01904541  d_x2-y2
   21   1   0   0       1.35130906  s
   21   2   1  -1       0.82709892  p_y
   21   2   1   0       0.82861331  p_z
   21   2   1   1       0.82702175  p_x
   21   3   2  -2       0.03810294  d_xy
   21   3   2  -1       0.03981748  d_yz
   21   3   2   0       0.01982810  d_z2
   21   3   2   1       0.04024479  d_xz
   21   3   2   2       0.01916012  d_x2-y2
   22   1   0   0       1.39647681  s
   22   2   1  -1       0.82998496  p_y
   22   2   1   0       0.83246528  p_z
   22   2   1   1       0.83475274  p_x
   22   3   2  -2       0.03395554  d_xy
   22   3   2  -1       0.03495927  d_yz
   22   3   2   0       0.01538634  d_z2
   22   3   2   1       0.03294593  d_xz
   22   3   2   2       0.01490346  d_x2-y2
   23   1   0   0       1.32563210  s
   23   2   1  -1       0.82605265  p_y
   23   2   1   0       0.83372144  p_z
   23   2   1   1       0.82647215  p_x
   23   3   2  -2       0.04775871  d_xy
   23   3   2  -1       0.04023096  d_yz
   23   3   2   0       0.02326099  d_z2
   23   3   2   1       0.04159315  d_xz
   23   3   2   2       0.02376666  d_x2-y2
   24   1   0   0       1.39597199  s
   24   2   1  -1       0.83083295  p_y
   24   2   1   0       0.83465388  p_z
   24   2   1   1       0.83365929  p_x
   24   3   2  -2       0.03775709  d_xy
   24   3   2  -1       0.03466924  d_yz
   24   3   2   0       0.01550508  d_z2
   24   3   2   1       0.03201111  d_xz
   24   3   2   2       0.01493515  d_x2-y2
   25   1   0   0       1.34373406  s
   25   2   1  -1       0.82660242  p_y
   25   2   1   0       0.82304508  p_z
   25   2   1   1       0.82921497  p_x
   25   3   2  -2       0.03884952  d_xy
   25   3   2  -1       0.04193222  d_yz
   25   3   2   0       0.02104394  d_z2
   25   3   2   1       0.03962782  d_xz
   25   3   2   2       0.01935191  d_x2-y2
   26   1   0   0       1.32950427  s
   26   2   1  -1       0.82360096  p_y
   26   2   1   0       0.82805071  p_z
   26   2   1   1       0.82435903  p_x
   26   3   2  -2       0.04543556  d_xy
   26   3   2  -1       0.04213355  d_yz
   26   3   2   0       0.02284875  d_z2
   26   3   2   1       0.03984628  d_xz
   26   3   2   2       0.02267401  d_x2-y2
   27   1   0   0       1.36268217  s
   27   2   1  -1       0.82605220  p_y
   27   2   1   0       0.82740193  p_z
   27   2   1   1       0.82632854  p_x
   27   3   2  -2       0.03952247  d_xy
   27   3   2  -1       0.03854795  d_yz
   27   3   2   0       0.01939800  d_z2
   27   3   2   1       0.04067156  d_xz
   27   3   2   2       0.01952630  d_x2-y2
   28   1   0   0       1.34547649  s
   28   2   1  -1       0.82236970  p_y
   28   2   1   0       0.82457043  p_z
   28   2   1   1       0.82104804  p_x
   28   3   2  -2       0.04427530  d_xy
   28   3   2  -1       0.04008302  d_yz
   28   3   2   0       0.02248683  d_z2
   28   3   2   1       0.04009092  d_xz
   28   3   2   2       0.02177751  d_x2-y2
   29   1   0   0       1.35972143  s
   29   2   1  -1       0.82690540  p_y
   29   2   1   0       0.83417514  p_z
   29   2   1   1       0.82410257  p_x
   29   3   2  -2       0.04109267  d_xy
   29   3   2  -1       0.03717800  d_yz
   29   3   2   0       0.01755384  d_z2
   29   3   2   1       0.03612789  d_xz
   29   3   2   2       0.01933656  d_x2-y2
   30   1   0   0       1.33647654  s
   30   2   1  -1       0.82748228  p_y
   30   2   1   0       0.83528759  p_z
   30   2   1   1       0.83190302  p_x
   30   3   2  -2       0.04174085  d_xy
   30   3   2  -1       0.04225922  d_yz
   30   3   2   0       0.02006961  d_z2
   30   3   2   1       0.03994295  d_xz
   30   3   2   2       0.02295332  d_x2-y2
   31   1   0   0       1.36787297  s
   31   2   1  -1       0.82948666  p_y
   31   2   1   0       0.82841386  p_z
   31   2   1   1       0.82422686  p_x
   31   3   2  -2       0.04056205  d_xy
   31   3   2  -1       0.03591523  d_yz
   31   3   2   0       0.01952559  d_z2
   31   3   2   1       0.03864952  d_xz
   31   3   2   2       0.01771486  d_x2-y2
   32   1   0   0       1.36699901  s
   32   2   1  -1       0.83121478  p_y
   32   2   1   0       0.82386241  p_z
   32   2   1   1       0.82699840  p_x
   32   3   2  -2       0.03616129  d_xy
   32   3   2  -1       0.04051681  d_yz
   32   3   2   0       0.01967694  d_z2
   32   3   2   1       0.04504825  d_xz
   32   3   2   2       0.02052642  d_x2-y2
   33   1   0   0       1.38940898  s
   33   2   1  -1       0.82740071  p_y
   33   2   1   0       0.83473563  p_z
   33   2   1   1       0.83368760  p_x
   33   3   2  -2       0.03991873  d_xy
   33   3   2  -1       0.03575843  d_yz
   33   3   2   0       0.01633211  d_z2
   33   3   2   1       0.03633576  d_xz
   33   3   2   2       0.01781566  d_x2-y2
   34   1   0   0       1.37303598  s
   34   2   1  -1       0.82778764  p_y
   34   2   1   0       0.83106364  p_z
   34   2   1   1       0.82441458  p_x
   34   3   2  -2       0.04234901  d_xy
   34   3   2  -1       0.03612965  d_yz
   34   3   2   0       0.01771119  d_z2
   34   3   2   1       0.03515037  d_xz
   34   3   2   2       0.01890848  d_x2-y2
   35   1   0   0       1.37470153  s
   35   2   1  -1       0.82749225  p_y
   35   2   1   0       0.82833768  p_z
   35   2   1   1       0.82716041  p_x
   35   3   2  -2       0.03724683  d_xy
   35   3   2  -1       0.03968318  d_yz
   35   3   2   0       0.01768349  d_z2
   35   3   2   1       0.03969352  d_xz
   35   3   2   2       0.02123207  d_x2-y2
   36   1   0   0       1.35459818  s
   36   2   1  -1       0.82296014  p_y
   36   2   1   0       0.82526481  p_z
   36   2   1   1       0.82584111  p_x
   36   3   2  -2       0.04057133  d_xy
   36   3   2  -1       0.04205802  d_yz
   36   3   2   0       0.02018763  d_z2
   36   3   2   1       0.03907934  d_xz
   36   3   2   2       0.02059856  d_x2-y2
   37   1   0   0       1.35575134  s
   37   2   1  -1       0.82137599  p_y
   37   2   1   0       0.83096451  p_z
   37   2   1   1       0.83133940  p_x
   37   3   2  -2       0.04034388  d_xy
   37   3   2  -1       0.03901849  d_yz
   37   3   2   0       0.01957971  d_z2
   37   3   2   1       0.03964532  d_xz
   37   3   2   2       0.01966336  d_x2-y2
   38   1   0   0       1.35587754  s
   38   2   1  -1       0.82350219  p_y
   38   2   1   0       0.82541659  p_z
   38   2   1   1       0.82325316  p_x
   38   3   2  -2       0.03888562  d_xy
   38   3   2  -1       0.04268718  d_yz
   38   3   2   0       0.01953747  d_z2
   38   3   2   1       0.03858471  d_xz
   38   3   2   2       0.02057206  d_x2-y2
   39   1   0   0       1.36429749  s
   39   2   1  -1       0.82394885  p_y
   39   2   1   0       0.82601949  p_z
   39   2   1   1       0.82897441  p_x
   39   3   2  -2       0.03928006  d_xy
   39   3   2  -1       0.03891703  d_yz
   39   3   2   0       0.01942788  d_z2
   39   3   2   1       0.03911566  d_xz
   39   3   2   2       0.01973712  d_x2-y2
   40   1   0   0       1.34515698  s
   40   2   1  -1       0.83334958  p_y
   40   2   1   0       0.83181537  p_z
   40   2   1   1       0.82520815  p_x
   40   3   2  -2       0.04288504  d_xy
   40   3   2  -1       0.03275678  d_yz
   40   3   2   0       0.02051703  d_z2
   40   3   2   1       0.04185068  d_xz
   40   3   2   2       0.01810005  d_x2-y2
   41   1   0   0       1.34952569  s
   41   2   1  -1       0.83046604  p_y
   41   2   1   0       0.82829511  p_z
   41   2   1   1       0.83227522  p_x
   41   3   2  -2       0.03944942  d_xy
   41   3   2  -1       0.04157733  d_yz
   41   3   2   0       0.01979951  d_z2
   41   3   2   1       0.03768350  d_xz
   41   3   2   2       0.02044931  d_x2-y2
   42   1   0   0       1.34295808  s
   42   2   1  -1       0.83168734  p_y
   42   2   1   0       0.82799964  p_z
   42   2   1   1       0.82666048  p_x
   42   3   2  -2       0.03940469  d_xy
   42   3   2  -1       0.03837304  d_yz
   42   3   2   0       0.02170023  d_z2
   42   3   2   1       0.04389912  d_xz
   42   3   2   2       0.02069576  d_x2-y2
   43   1   0   0       1.37566228  s
   43   2   1  -1       0.83252308  p_y
   43   2   1   0       0.84022850  p_z
   43   2   1   1       0.83496808  p_x
   43   3   2  -2       0.03759814  d_xy
   43   3   2  -1       0.03697898  d_yz
   43   3   2   0       0.01514917  d_z2
   43   3   2   1       0.03149982  d_xz
   43   3   2   2       0.01681922  d_x2-y2
   44   1   0   0       1.34112506  s
   44   2   1  -1       0.82749598  p_y
   44   2   1   0       0.82929795  p_z
   44   2   1   1       0.83049846  p_x
   44   3   2  -2       0.03640827  d_xy
   44   3   2  -1       0.04230528  d_yz
   44   3   2   0       0.01976413  d_z2
   44   3   2   1       0.03953694  d_xz
   44   3   2   2       0.01965128  d_x2-y2
   45   1   0   0       1.38464612  s
   45   2   1  -1       0.83256895  p_y
   45   2   1   0       0.82832883  p_z
   45   2   1   1       0.83167616  p_x
   45   3   2  -2       0.03170501  d_xy
   45   3   2  -1       0.03795064  d_yz
   45   3   2   0       0.01565514  d_z2
   45   3   2   1       0.03547894  d_xz
   45   3   2   2       0.01531666  d_x2-y2
   46   1   0   0       1.35385273  s
   46   2   1  -1       0.82684609  p_y
   46   2   1   0       0.83086876  p_z
   46   2   1   1       0.82947837  p_x
   46   3   2  -2       0.04214753  d_xy
   46   3   2  -1       0.03913860  d_yz
   46   3   2   0       0.02015773  d_z2
   46   3   2   1       0.04080570  d_xz
   46   3   2   2       0.02027813  d_x2-y2
   47   1   0   0       1.34327814  s
   47   2   1  -1       0.82889874  p_y
   47   2   1   0       0.83073865  p_z
   47   2   1   1       0.82928922  p_x
   47   3   2  -2       0.04093222  d_xy
   47   3   2  -1       0.04035417  d_yz
   47   3   2   0       0.01983379  d_z2
   47   3   2   1       0.03991217  d_xz
   47   3   2   2       0.02023773  d_x2-y2
   48   1   0   0       1.35858880  s
   48   2   1  -1       0.82894805  p_y
   48   2   1   0       0.82686606  p_z
   48   2   1   1       0.83027407  p_x
   48   3   2  -2       0.04118100  d_xy
   48   3   2  -1       0.04080614  d_yz
   48   3   2   0       0.02125681  d_z2
   48   3   2   1       0.03948867  d_xz
   48   3   2   2       0.01994657  d_x2-y2
   49   1   0   0       1.31312916  s
   49   2   1  -1       0.82760231  p_y
   49   2   1   0       0.81685667  p_z
   49   2   1   1       0.82638106  p_x
   49   3   2  -2       0.04360670  d_xy
   49   3   2  -1       0.04613097  d_yz
   49   3   2   0       0.02850828  d_z2
   49   3   2   1       0.04890906  d_xz
   49   3   2   2       0.02469450  d_x2-y2
   50   1   0   0       1.37761985  s
   50   2   1  -1       0.83064525  p_y
   50   2   1   0       0.82550220  p_z
   50   2   1   1       0.82990761  p_x
   50   3   2  -2       0.03596950  d_xy
   50   3   2  -1       0.03407868  d_yz
   50   3   2   0       0.01872058  d_z2
   50   3   2   1       0.03932905  d_xz
   50   3   2   2       0.01646200  d_x2-y2
   51   1   0   0       1.35174661  s
   51   2   1  -1       0.82233248  p_y
   51   2   1   0       0.82020806  p_z
   51   2   1   1       0.82643002  p_x
   51   3   2  -2       0.04113536  d_xy
   51   3   2  -1       0.04259202  d_yz
   51   3   2   0       0.02217556  d_z2
   51   3   2   1       0.04217520  d_xz
   51   3   2   2       0.02040381  d_x2-y2
   52   1   0   0       1.36023206  s
   52   2   1  -1       0.82821414  p_y
   52   2   1   0       0.83090577  p_z
   52   2   1   1       0.82830621  p_x
   52   3   2  -2       0.04155228  d_xy
   52   3   2  -1       0.04134939  d_yz
   52   3   2   0       0.01923033  d_z2
   52   3   2   1       0.03589765  d_xz
   52   3   2   2       0.01994306  d_x2-y2
   53   1   0   0       1.36523633  s
   53   2   1  -1       0.82577230  p_y
   53   2   1   0       0.82459134  p_z
   53   2   1   1       0.83081111  p_x
   53   3   2  -2       0.03873593  d_xy
   53   3   2  -1       0.04342441  d_yz
   53   3   2   0       0.01932345  d_z2
   53   3   2   1       0.03652380  d_xz
   53   3   2   2       0.02024065  d_x2-y2
   54   1   0   0       1.37306899  s
   54   2   1  -1       0.83024652  p_y
   54   2   1   0       0.82399818  p_z
   54   2   1   1       0.82991398  p_x
   54   3   2  -2       0.03696448  d_xy
   54   3   2  -1       0.03661921  d_yz
   54   3   2   0       0.01935916  d_z2
   54   3   2   1       0.04278951  d_xz
   54   3   2   2       0.01768671  d_x2-y2
   55   1   0   0       1.33860708  s
   55   2   1  -1       0.82716080  p_y
   55   2   1   0       0.82878961  p_z
   55   2   1   1       0.82981794  p_x
   55   3   2  -2       0.04148233  d_xy
   55   3   2  -1       0.03928357  d_yz
   55   3   2   0       0.02050296  d_z2
   55   3   2   1       0.04211739  d_xz
   55   3   2   2       0.02149117  d_x2-y2
   56   1   0   0       1.34269850  s
   56   2   1  -1       0.82790337  p_y
   56   2   1   0       0.82428257  p_z
   56   2   1   1       0.83220808  p_x
   56   3   2  -2       0.04013993  d_xy
   56   3   2  -1       0.04178401  d_yz
   56   3   2   0       0.02182908  d_z2
   56   3   2   1       0.04024305  d_xz
   56   3   2   2       0.02037291  d_x2-y2
   57   1   0   0       1.32903412  s
   57   2   1  -1       0.82966194  p_y
   57   2   1   0       0.82217628  p_z
   57   2   1   1       0.82959250  p_x
   57   3   2  -2       0.03811878  d_xy
   57   3   2  -1       0.04569229  d_yz
   57   3   2   0       0.02327076  d_z2
   57   3   2   1       0.04018912  d_xz
   57   3   2   2       0.02068972  d_x2-y2
   58   1   0   0       1.33404242  s
   58   2   1  -1       0.82784760  p_y
   58   2   1   0       0.83219761  p_z
   58   2   1   1       0.82763728  p_x
   58   3   2  -2       0.04389167  d_xy
   58   3   2  -1       0.04249852  d_yz
   58   3   2   0       0.02120501  d_z2
   58   3   2   1       0.03909973  d_xz
   58   3   2   2       0.02214728  d_x2-y2
   59   1   0   0       1.37915097  s
   59   2   1  -1       0.83177390  p_y
   59   2   1   0       0.82853848  p_z
   59   2   1   1       0.82566892  p_x
   59   3   2  -2       0.03468691  d_xy
   59   3   2  -1       0.03330734  d_yz
   59   3   2   0       0.01472962  d_z2
   59   3   2   1       0.03401238  d_xz
   59   3   2   2       0.01542199  d_x2-y2
   60   1   0   0       1.35886206  s
   60   2   1  -1       0.82608061  p_y
   60   2   1   0       0.82793338  p_z
   60   2   1   1       0.82541231  p_x
   60   3   2  -2       0.03880874  d_xy
   60   3   2  -1       0.03899952  d_yz
   60   3   2   0       0.01947758  d_z2
   60   3   2   1       0.04290396  d_xz
   60   3   2   2       0.02124594  d_x2-y2
   61   1   0   0       1.37164661  s
   61   2   1  -1       0.83239009  p_y
   61   2   1   0       0.83019619  p_z
   61   2   1   1       0.82504935  p_x
   61   3   2  -2       0.03786208  d_xy
   61   3   2  -1       0.03356246  d_yz
   61   3   2   0       0.01756857  d_z2
   61   3   2   1       0.04179633  d_xz
   61   3   2   2       0.01731401  d_x2-y2
   62   1   0   0       1.35068951  s
   62   2   1  -1       0.83708567  p_y
   62   2   1   0       0.82908277  p_z
   62   2   1   1       0.83218854  p_x
   62   3   2  -2       0.03785627  d_xy
   62   3   2  -1       0.04004134  d_yz
   62   3   2   0       0.02011480  d_z2
   62   3   2   1       0.03668058  d_xz
   62   3   2   2       0.01768936  d_x2-y2
   63   1   0   0       1.34013373  s
   63   2   1  -1       0.82956391  p_y
   63   2   1   0       0.82359225  p_z
   63   2   1   1       0.82186802  p_x
   63   3   2  -2       0.03809640  d_xy
   63   3   2  -1       0.04361988  d_yz
   63   3   2   0       0.02135245  d_z2
   63   3   2   1       0.04501565  d_xz
   63   3   2   2       0.02267555  d_x2-y2
   64   1   0   0       1.40342581  s
   64   2   1  -1       0.82911742  p_y
   64   2   1   0       0.83567256  p_z
   64   2   1   1       0.82711111  p_x
   64   3   2  -2       0.03536412  d_xy
   64   3   2  -1       0.03188211  d_yz
   64   3   2   0       0.01448666  d_z2
   64   3   2   1       0.03639180  d_xz
   64   3   2   2       0.01620667  d_x2-y2

Fermi level:                        -0.1338008084 H           -3.6409 eV
Band energy:                       -88.1982359823 H        -2399.9961 eV
TS:                                  0.0000000000 H            0.0000 eV
Band free energy (E-TS):           -88.1982359823 H        -2399.9961 eV
Extrapolated E(0K):                -88.1982359823 H        -2399.9961 eV
Input / Output electrons (q):    256.0000000000    256.0000000000

Energy H0:                         -88.1815984196 H        -2399.5434 eV
Energy SCC:                          0.0005373595 H            0.0146 eV
Total Electronic energy:           -88.1810610602 H        -2399.5288 eV
Repulsive energy:                    0.0000000000 H            0.0000 eV
Total energy:                      -88.1810610602 H        -2399.5288 eV
Extrapolated to 0:                 -88.1810610602 H        -2399.5288 eV
Total Mermin free energy:          -88.1810610602 H        -2399.5288 eV
Force related energy:              -88.1810610602 H        -2399.5288 eV

Non-constrained calculation

SCC converged

Warning: dipole moment is not defined absolutely!
Dipole moment:   -0.44661055    1.25651595    0.94327552 au
Dipole moment:   -1.13517088    3.19374523    2.39756741 Debye


