 Fermi distribution function

Calculation with static geometry


********************************************************************************
 iSCC Total electronic   Diff electronic      SCC error    
    9   -0.88195889E+02   -0.96706287E-09    0.51891082E-05
********************************************************************************

 Total charge:    -0.00000000

 Atomic gross charges (e)
 Atom           Charge
    1       0.00992766
    2      -0.00093056
    3       0.01625540
    4      -0.00692916
    5      -0.01276652
    6       0.00565987
    7      -0.02273902
    8       0.02151176
    9       0.00669972
   10       0.01337486
   11       0.00455547
   12       0.01216473
   13      -0.00904015
   14       0.00104559
   15       0.00902325
   16      -0.00911728
   17      -0.00580635
   18      -0.00966544
   19       0.00549412
   20       0.00621111
   21       0.00575036
   22      -0.01843184
   23      -0.01789812
   24      -0.01192746
   25      -0.00283363
   26       0.01009159
   27      -0.02560308
   28       0.01119522
   29      -0.00282567
   30       0.00111480
   31       0.00145137
   32       0.00801883
   33      -0.00005190
   34       0.01195166
   35      -0.00902340
   36      -0.00718659
   37       0.00312371
   38       0.00073072
   39       0.00358850
   40       0.00873097
   41      -0.00771838
   42      -0.00064138
   43      -0.00760069
   44       0.02122262
   45       0.01469276
   46      -0.01453159
   47       0.00940927
   48      -0.00081468
   49      -0.00387968
   50      -0.02627917
   51       0.01101220
   52      -0.01139601
   53      -0.00526282
   54      -0.00845324
   55       0.00048958
   56       0.00425471
   57       0.01215685
   58      -0.00804979
   59       0.00751597
   60      -0.01817209
   61      -0.00475914
   62       0.01732207
   63      -0.00507808
   64       0.01966562

Nr. of electrons (up):    256.00000000
Atom populations (up)
 Atom       Population
    1       3.99007234
    2       4.00093056
    3       3.98374460
    4       4.00692916
    5       4.01276652
    6       3.99434013
    7       4.02273902
    8       3.97848824
    9       3.99330028
   10       3.98662514
   11       3.99544453
   12       3.98783527
   13       4.00904015
   14       3.99895441
   15       3.99097675
   16       4.00911728
   17       4.00580635
   18       4.00966544
   19       3.99450588
   20       3.99378889
   21       3.99424964
   22       4.01843184
   23       4.01789812
   24       4.01192746
   25       4.00283363
   26       3.98990841
   27       4.02560308
   28       3.98880478
   29       4.00282567
   30       3.99888520
   31       3.99854863
   32       3.99198117
   33       4.00005190
   34       3.98804834
   35       4.00902340
   36       4.00718659
   37       3.99687629
   38       3.99926928
   39       3.99641150
   40       3.99126903
   41       4.00771838
   42       4.00064138
   43       4.00760069
   44       3.97877738
   45       3.98530724
   46       4.01453159
   47       3.99059073
   48       4.00081468
   49       4.00387968
   50       4.02627917
   51       3.98898780
   52       4.01139601
   53       4.00526282
   54       4.00845324
   55       3.99951042
   56       3.99574529
   57       3.98784315
   58       4.00804979
   59       3.99248403
   60       4.01817209
   61       4.00475914
   62       3.98267793
   63       4.00507808
   64       3.98033438

l-shell populations (up)
 Atom Sh.   l       Population
    1   1   0       1.34186997
    1   2   1       2.48508979
    1   3   2       0.16311258
    2   1   0       1.36355840
    2   2   1       2.48354809
    2   3   2       0.15382408
    3   1   0       1.33299358
    3   2   1       2.47503226
    3   3   2       0.17571877
    4   1   0       1.36236196
    4   2   1       2.48599805
    4   3   2       0.15856915
    5   1   0       1.37070934
    5   2   1       2.49036509
    5   3   2       0.15169209
    6   1   0       1.35687697
    6   2   1       2.47881931
    6   3   2       0.15864385
    7   1   0       1.38721668
    7   2   1       2.49384403
    7   3   2       0.14167830
    8   1   0       1.32725317
    8   2   1       2.47781340
    8   3   2       0.17342168
    9   1   0       1.35725491
    9   2   1       2.48324800
    9   3   2       0.15279738
   10   1   0       1.33623264
   10   2   1       2.47059500
   10   3   2       0.17979750
   11   1   0       1.36721073
   11   2   1       2.48222105
   11   3   2       0.14601274
   12   1   0       1.33250985
   12   2   1       2.48289269
   12   3   2       0.17243272
   13   1   0       1.36927453
   13   2   1       2.49085359
   13   3   2       0.14891202
   14   1   0       1.36523372
   14   2   1       2.48692353
   14   3   2       0.14679715
   15   1   0       1.33119817
   15   2   1       2.48690905
   15   3   2       0.17286954
   16   1   0       1.37999327
   16   2   1       2.49209084
   16   3   2       0.13703318
   17   1   0       1.36333660
   17   2   1       2.48158233
   17   3   2       0.16088742
   18   1   0       1.37829703
   18   2   1       2.48449675
   18   3   2       0.14687166
   19   1   0       1.33050794
   19   2   1       2.48860250
   19   3   2       0.17539543
   20   1   0       1.34489623
   20   2   1       2.47996092
   20   3   2       0.16893174
   21   1   0       1.35023613
   21   2   1       2.48774306
   21   3   2       0.15627045
   22   1   0       1.37841039
   22   2   1       2.49057727
   22   3   2       0.14944418
   23   1   0       1.38849424
   23   2   1       2.49513816
   23   3   2       0.13426572
   24   1   0       1.37058462
   24   2   1       2.48338034
   24   3   2       0.15796250
   25   1   0       1.35050180
   25   2   1       2.49333220
   25   3   2       0.15899963
   26   1   0       1.34709063
   26   2   1       2.47925759
   26   3   2       0.16356019
   27   1   0       1.38529851
   27   2   1       2.49749462
   27   3   2       0.14280995
   28   1   0       1.34744706
   28   2   1       2.48656941
   28   3   2       0.15478831
   29   1   0       1.36952631
   29   2   1       2.48622416
   29   3   2       0.14707520
   30   1   0       1.35627901
   30   2   1       2.48493559
   30   3   2       0.15767060
   31   1   0       1.35008213
   31   2   1       2.49237195
   31   3   2       0.15609455
   32   1   0       1.34686388
   32   2   1       2.48737657
   32   3   2       0.15774073
   33   1   0       1.35608014
   33   2   1       2.48315385
   33   3   2       0.16081791
   34   1   0       1.33306521
   34   2   1       2.48408563
   34   3   2       0.17089750
   35   1   0       1.36173719
   35   2   1       2.50224486
   35   3   2       0.14504135
   36   1   0       1.38457916
   36   2   1       2.48244563
   36   3   2       0.14016181
   37   1   0       1.36303960
   37   2   1       2.48603915
   37   3   2       0.14779753
   38   1   0       1.35146044
   38   2   1       2.48471581
   38   3   2       0.16309303
   39   1   0       1.35734933
   39   2   1       2.48054186
   39   3   2       0.15852031
   40   1   0       1.34993022
   40   2   1       2.47914570
   40   3   2       0.16219311
   41   1   0       1.37193241
   41   2   1       2.49225145
   41   3   2       0.14353452
   42   1   0       1.36039606
   42   2   1       2.49022542
   42   3   2       0.15001989
   43   1   0       1.37144603
   43   2   1       2.48354858
   43   3   2       0.15260607
   44   1   0       1.33285005
   44   2   1       2.47899040
   44   3   2       0.16693693
   45   1   0       1.33384604
   45   2   1       2.47028738
   45   3   2       0.18117382
   46   1   0       1.38945373
   46   2   1       2.48436065
   46   3   2       0.14071722
   47   1   0       1.34598461
   47   2   1       2.48359009
   47   3   2       0.16101604
   48   1   0       1.35364784
   48   2   1       2.48986911
   48   3   2       0.15729774
   49   1   0       1.36718817
   49   2   1       2.48601091
   49   3   2       0.15068060
   50   1   0       1.38457359
   50   2   1       2.49458511
   50   3   2       0.14712048
   51   1   0       1.35078115
   51   2   1       2.48312056
   51   3   2       0.15508609
   52   1   0       1.36772958
   52   2   1       2.49864770
   52   3   2       0.14501873
   53   1   0       1.36348176
   53   2   1       2.48447831
   53   3   2       0.15730275
   54   1   0       1.37518980
   54   2   1       2.48201629
   54   3   2       0.15124715
   55   1   0       1.35644609
   55   2   1       2.47854073
   55   3   2       0.16452360
   56   1   0       1.35484107
   56   2   1       2.48435957
   56   3   2       0.15654466
   57   1   0       1.33546794
   57   2   1       2.48592882
   57   3   2       0.16644639
   58   1   0       1.37036278
   58   2   1       2.48953425
   58   3   2       0.14815276
   59   1   0       1.34788514
   59   2   1       2.47399565
   59   3   2       0.17060324
   60   1   0       1.37929422
   60   2   1       2.49484584
   60   3   2       0.14403203
   61   1   0       1.35240699
   61   2   1       2.49260975
   61   3   2       0.15974239
   62   1   0       1.33235194
   62   2   1       2.47667191
   62   3   2       0.17365407
   63   1   0       1.36182382
   63   2   1       2.49134912
   63   3   2       0.15190514
   64   1   0       1.32022705
   64   2   1       2.48099321
   64   3   2       0.17911412

Orbital populations (up)
 Atom Sh.   l   m       Population  Label
    1   1   0   0       1.34186997  s
    1   2   1  -1       0.82535479  p_y
    1   2   1   0       0.83032617  p_z
    1   2   1   1       0.82940883  p_x
    1   3   2  -2       0.04159915  d_xy
    1   3   2  -1       0.04039659  d_yz
    1   3   2   0       0.02087914  d_z2
    1   3   2   1       0.03972455  d_xz
    1   3   2   2       0.02051314  d_x2-y2
    2   1   0   0       1.36355840  s
    2   2   1  -1       0.82433677  p_y
    2   2   1   0       0.83022714  p_z
    2   2   1   1       0.82898418  p_x
    2   3   2  -2       0.03916090  d_xy
    2   3   2  -1       0.03873168  d_yz
    2   3   2   0       0.01964693  d_z2
    2   3   2   1       0.03732474  d_xz
    2   3   2   2       0.01895983  d_x2-y2
    3   1   0   0       1.33299358  s
    3   2   1  -1       0.82404450  p_y
    3   2   1   0       0.82571791  p_z
    3   2   1   1       0.82526984  p_x
    3   3   2  -2       0.04371422  d_xy
    3   3   2  -1       0.04356330  d_yz
    3   3   2   0       0.02232471  d_z2
    3   3   2   1       0.04232606  d_xz
    3   3   2   2       0.02379047  d_x2-y2
    4   1   0   0       1.36236196  s
    4   2   1  -1       0.82627816  p_y
    4   2   1   0       0.82888171  p_z
    4   2   1   1       0.83083818  p_x
    4   3   2  -2       0.03816855  d_xy
    4   3   2  -1       0.04012066  d_yz
    4   3   2   0       0.01981363  d_z2
    4   3   2   1       0.04124858  d_xz
    4   3   2   2       0.01921774  d_x2-y2
    5   1   0   0       1.37070934  s
    5   2   1  -1       0.82967241  p_y
    5   2   1   0       0.83054101  p_z
    5   2   1   1       0.83015167  p_x
    5   3   2  -2       0.03710041  d_xy
    5   3   2  -1       0.03703123  d_yz
    5   3   2   0       0.01886470  d_z2
    5   3   2   1       0.04089607  d_xz
    5   3   2   2       0.01779967  d_x2-y2
    6   1   0   0       1.35687697  s
    6   2   1  -1       0.82512598  p_y
    6   2   1   0       0.83046297  p_z
    6   2   1   1       0.82323037  p_x
    6   3   2  -2       0.04260602  d_xy
    6   3   2  -1       0.04083723  d_yz
    6   3   2   0       0.01842056  d_z2
    6   3   2   1       0.03581955  d_xz
    6   3   2   2       0.02096050  d_x2-y2
    7   1   0   0       1.38721668  s
    7   2   1  -1       0.82888598  p_y
    7   2   1   0       0.82955433  p_z
    7   2   1   1       0.83540372  p_x
    7   3   2  -2       0.03262197  d_xy
    7   3   2  -1       0.03847952  d_yz
    7   3   2   0       0.01705136  d_z2
    7   3   2   1       0.03728721  d_xz
    7   3   2   2       0.01623824  d_x2-y2
    8   1   0   0       1.32725317  s
    8   2   1  -1       0.82749462  p_y
    8   2   1   0       0.82962628  p_z
    8   2   1   1       0.82069249  p_x
    8   3   2  -2       0.04595644  d_xy
    8   3   2  -1       0.03938708  d_yz
    8   3   2   0       0.02161279  d_z2
    8   3   2   1       0.04231984  d_xz
    8   3   2   2       0.02414553  d_x2-y2
    9   1   0   0       1.35725491  s
    9   2   1  -1       0.82688258  p_y
    9   2   1   0       0.82883165  p_z
    9   2   1   1       0.82753377  p_x
    9   3   2  -2       0.03844980  d_xy
    9   3   2  -1       0.03690597  d_yz
    9   3   2   0       0.01909181  d_z2
    9   3   2   1       0.03959352  d_xz
    9   3   2   2       0.01875628  d_x2-y2
   10   1   0   0       1.33623264  s
   10   2   1  -1       0.82353509  p_y
   10   2   1   0       0.82722287  p_z
   10   2   1   1       0.81983703  p_x
   10   3   2  -2       0.04695050  d_xy
   10   3   2  -1       0.04253335  d_yz
   10   3   2   0       0.02443971  d_z2
   10   3   2   1       0.04236970  d_xz
   10   3   2   2       0.02350424  d_x2-y2
   11   1   0   0       1.36721073  s
   11   2   1  -1       0.82536095  p_y
   11   2   1   0       0.82740054  p_z
   11   2   1   1       0.82945957  p_x
   11   3   2  -2       0.03849871  d_xy
   11   3   2  -1       0.03713401  d_yz
   11   3   2   0       0.01805225  d_z2
   11   3   2   1       0.03512249  d_xz
   11   3   2   2       0.01720528  d_x2-y2
   12   1   0   0       1.33250985  s
   12   2   1  -1       0.82567092  p_y
   12   2   1   0       0.83046629  p_z
   12   2   1   1       0.82675548  p_x
   12   3   2  -2       0.04657753  d_xy
   12   3   2  -1       0.03869657  d_yz
   12   3   2   0       0.02371878  d_z2
   12   3   2   1       0.04162142  d_xz
   12   3   2   2       0.02181843  d_x2-y2
   13   1   0   0       1.36927453  s
   13   2   1  -1       0.82857310  p_y
   13   2   1   0       0.83187770  p_z
   13   2   1   1       0.83040280  p_x
   13   3   2  -2       0.04181594  d_xy
   13   3   2  -1       0.03773187  d_yz
   13   3   2   0       0.01828034  d_z2
   13   3   2   1       0.03384992  d_xz
   13   3   2   2       0.01723394  d_x2-y2
   14   1   0   0       1.36523372  s
   14   2   1  -1       0.83051572  p_y
   14   2   1   0       0.82724639  p_z
   14   2   1   1       0.82916141  p_x
   14   3   2  -2       0.03408402  d_xy
   14   3   2  -1       0.03843880  d_yz
   14   3   2   0       0.01686299  d_z2
   14   3   2   1       0.03939225  d_xz
   14   3   2   2       0.01801910  d_x2-y2
   15   1   0   0       1.33119817  s
   15   2   1  -1       0.82584552  p_y
   15   2   1   0       0.83308347  p_z
   15   2   1   1       0.82798006  p_x
   15   3   2  -2       0.04630858  d_xy
   15   3   2  -1       0.04387760  d_yz
   15   3   2   0       0.02270778  d_z2
   15   3   2   1       0.03742135  d_xz
   15   3   2   2       0.02255421  d_x2-y2
   16   1   0   0       1.37999327  s
   16   2   1  -1       0.82917608  p_y
   16   2   1   0       0.83009298  p_z
   16   2   1   1       0.83282178  p_x
   16   3   2  -2       0.03350156  d_xy
   16   3   2  -1       0.03577246  d_yz
   16   3   2   0       0.01574663  d_z2
   16   3   2   1       0.03614859  d_xz
   16   3   2   2       0.01586393  d_x2-y2
   17   1   0   0       1.36333660  s
   17   2   1  -1       0.82846739  p_y
   17   2   1   0       0.82601738  p_z
   17   2   1   1       0.82709756  p_x
   17   3   2  -2       0.04204842  d_xy
   17   3   2  -1       0.03972251  d_yz
   17   3   2   0       0.02119366  d_z2
   17   3   2   1       0.03979201  d_xz
   17   3   2   2       0.01813082  d_x2-y2
   18   1   0   0       1.37829703  s
   18   2   1  -1       0.82817535  p_y
   18   2   1   0       0.82907922  p_z
   18   2   1   1       0.82724218  p_x
   18   3   2  -2       0.03974979  d_xy
   18   3   2  -1       0.03536837  d_yz
   18   3   2   0       0.01782817  d_z2
   18   3   2   1       0.03684756  d_xz
   18   3   2   2       0.01707777  d_x2-y2
   19   1   0   0       1.33050794  s
   19   2   1  -1       0.82929207  p_y
   19   2   1   0       0.82938606  p_z
   19   2   1   1       0.82992437  p_x
   19   3   2  -2       0.04357437  d_xy
   19   3   2  -1       0.04096270  d_yz
   19   3   2   0       0.02329930  d_z2
   19   3   2   1       0.04442775  d_xz
   19   3   2   2       0.02313131  d_x2-y2
   20   1   0   0       1.34489623  s
   20   2   1  -1       0.82960883  p_y
   20   2   1   0       0.82547318  p_z
   20   2   1   1       0.82487890  p_x
   20   3   2  -2       0.04040202  d_xy
   20   3   2  -1       0.03931237  d_yz
   20   3   2   0       0.02290125  d_z2
   20   3   2   1       0.04425985  d_xz
   20   3   2   2       0.02205624  d_x2-y2
   21   1   0   0       1.35023613  s
   21   2   1  -1       0.82827397  p_y
   21   2   1   0       0.83031150  p_z
   21   2   1   1       0.82915760  p_x
   21   3   2  -2       0.04059051  d_xy
   21   3   2  -1       0.03869220  d_yz
   21   3   2   0       0.01909729  d_z2
   21   3   2   1       0.03819189  d_xz
   21   3   2   2       0.01969856  d_x2-y2
   22   1   0   0       1.37841039  s
   22   2   1  -1       0.83220116  p_y
   22   2   1   0       0.82844316  p_z
   22   2   1   1       0.82993296  p_x
   22   3   2  -2       0.03657658  d_xy
   22   3   2  -1       0.03722535  d_yz
   22   3   2   0       0.01761872  d_z2
   22   3   2   1       0.03964931  d_xz
   22   3   2   2       0.01837422  d_x2-y2
   23   1   0   0       1.38849424  s
   23   2   1  -1       0.83265883  p_y
   23   2   1   0       0.82988485  p_z
   23   2   1   1       0.83259447  p_x
   23   3   2  -2       0.03300996  d_xy
   23   3   2  -1       0.03609749  d_yz
   23   3   2   0       0.01520604  d_z2
   23   3   2   1       0.03416125  d_xz
   23   3   2   2       0.01579097  d_x2-y2
   24   1   0   0       1.37058462  s
   24   2   1  -1       0.82967242  p_y
   24   2   1   0       0.82583315  p_z
   24   2   1   1       0.82787478  p_x
   24   3   2  -2       0.03635499  d_xy
   24   3   2  -1       0.03972091  d_yz
   24   3   2   0       0.01920059  d_z2
   24   3   2   1       0.04366904  d_xz
   24   3   2   2       0.01901696  d_x2-y2
   25   1   0   0       1.35050180  s
   25   2   1  -1       0.83092129  p_y
   25   2   1   0       0.83016638  p_z
   25   2   1   1       0.83224454  p_x
   25   3   2  -2       0.03955735  d_xy
   25   3   2  -1       0.03940089  d_yz
   25   3   2   0       0.01986180  d_z2
   25   3   2   1       0.04045702  d_xz
   25   3   2   2       0.01972258  d_x2-y2
   26   1   0   0       1.34709063  s
   26   2   1  -1       0.83191781  p_y
   26   2   1   0       0.82394640  p_z
   26   2   1   1       0.82339337  p_x
   26   3   2  -2       0.03917391  d_xy
   26   3   2  -1       0.03940379  d_yz
   26   3   2   0       0.02058140  d_z2
   26   3   2   1       0.04386353  d_xz
   26   3   2   2       0.02053755  d_x2-y2
   27   1   0   0       1.38529851  s
   27   2   1  -1       0.83259294  p_y
   27   2   1   0       0.83289431  p_z
   27   2   1   1       0.83200736  p_x
   27   3   2  -2       0.03487247  d_xy
   27   3   2  -1       0.03878601  d_yz
   27   3   2   0       0.01669519  d_z2
   27   3   2   1       0.03593023  d_xz
   27   3   2   2       0.01652605  d_x2-y2
   28   1   0   0       1.34744706  s
   28   2   1  -1       0.82972852  p_y
   28   2   1   0       0.82993407  p_z
   28   2   1   1       0.82690682  p_x
   28   3   2  -2       0.03713182  d_xy
   28   3   2  -1       0.03962605  d_yz
   28   3   2   0       0.01746652  d_z2
   28   3   2   1       0.03954932  d_xz
   28   3   2   2       0.02101459  d_x2-y2
   29   1   0   0       1.36952631  s
   29   2   1  -1       0.82945866  p_y
   29   2   1   0       0.82610164  p_z
   29   2   1   1       0.83066386  p_x
   29   3   2  -2       0.03696072  d_xy
   29   3   2  -1       0.03779192  d_yz
   29   3   2   0       0.01929890  d_z2
   29   3   2   1       0.03671866  d_xz
   29   3   2   2       0.01630500  d_x2-y2
   30   1   0   0       1.35627901  s
   30   2   1  -1       0.82974931  p_y
   30   2   1   0       0.82651746  p_z
   30   2   1   1       0.82866883  p_x
   30   3   2  -2       0.04028414  d_xy
   30   3   2  -1       0.03751077  d_yz
   30   3   2   0       0.02086029  d_z2
   30   3   2   1       0.03967701  d_xz
   30   3   2   2       0.01933839  d_x2-y2
   31   1   0   0       1.35008213  s
   31   2   1  -1       0.82993396  p_y
   31   2   1   0       0.83066183  p_z
   31   2   1   1       0.83177616  p_x
   31   3   2  -2       0.03765957  d_xy
   31   3   2  -1       0.03867706  d_yz
   31   3   2   0       0.01963652  d_z2
   31   3   2   1       0.03988380  d_xz
   31   3   2   2       0.02023760  d_x2-y2
   32   1   0   0       1.34686388  s
   32   2   1  -1       0.83245033  p_y
   32   2   1   0       0.82915414  p_z
   32   2   1   1       0.82577210  p_x
   32   3   2  -2       0.04064174  d_xy
   32   3   2  -1       0.04050728  d_yz
   32   3   2   0       0.01946394  d_z2
   32   3   2   1       0.03678784  d_xz
   32   3   2   2       0.02033992  d_x2-y2
   33   1   0   0       1.35608014  s
   33   2   1  -1       0.82946400  p_y
   33   2   1   0       0.82710675  p_z
   33   2   1   1       0.82658310  p_x
   33   3   2  -2       0.03998130  d_xy
   33   3   2  -1       0.04213282  d_yz
   33   3   2   0       0.02046700  d_z2
   33   3   2   1       0.03853153  d_xz
   33   3   2   2       0.01970526  d_x2-y2
   34   1   0   0       1.33306521  s
   34   2   1  -1       0.83056148  p_y
   34   2   1   0       0.82180751  p_z
   34   2   1   1       0.83171665  p_x
   34   3   2  -2       0.03693193  d_xy
   34   3   2  -1       0.04277021  d_yz
   34   3   2   0       0.02287401  d_z2
   34   3   2   1       0.04618444  d_xz
   34   3   2   2       0.02213691  d_x2-y2
   35   1   0   0       1.36173719  s
   35   2   1  -1       0.83576121  p_y
   35   2   1   0       0.83423560  p_z
   35   2   1   1       0.83224804  p_x
   35   3   2  -2       0.04050303  d_xy
   35   3   2  -1       0.03369421  d_yz
   35   3   2   0       0.01808656  d_z2
   35   3   2   1       0.03564321  d_xz
   35   3   2   2       0.01711434  d_x2-y2
   36   1   0   0       1.38457916  s
   36   2   1  -1       0.82622821  p_y
   36   2   1   0       0.82635903  p_z
   36   2   1   1       0.82985838  p_x
   36   3   2  -2       0.03268070  d_xy
   36   3   2  -1       0.03595962  d_yz
   36   3   2   0       0.01659271  d_z2
   36   3   2   1       0.03873358  d_xz
   36   3   2   2       0.01619519  d_x2-y2
   37   1   0   0       1.36303960  s
   37   2   1  -1       0.83206936  p_y
   37   2   1   0       0.82637624  p_z
   37   2   1   1       0.82759355  p_x
   37   3   2  -2       0.03789161  d_xy
   37   3   2  -1       0.03824866  d_yz
   37   3   2   0       0.01746971  d_z2
   37   3   2   1       0.03618036  d_xz
   37   3   2   2       0.01800719  d_x2-y2
   38   1   0   0       1.35146044  s
   38   2   1  -1       0.82979875  p_y
   38   2   1   0       0.82474520  p_z
   38   2   1   1       0.83017185  p_x
   38   3   2  -2       0.04127400  d_xy
   38   3   2  -1       0.04083338  d_yz
   38   3   2   0       0.02172795  d_z2
   38   3   2   1       0.03971298  d_xz
   38   3   2   2       0.01954472  d_x2-y2
   39   1   0   0       1.35734933  s
   39   2   1  -1       0.82844833  p_y
   39   2   1   0       0.82505368  p_z
   39   2   1   1       0.82703985  p_x
   39   3   2  -2       0.03738315  d_xy
   39   3   2  -1       0.04168362  d_yz
   39   3   2   0       0.02033845  d_z2
   39   3   2   1       0.04038879  d_xz
   39   3   2   2       0.01872630  d_x2-y2
   40   1   0   0       1.34993022  s
   40   2   1  -1       0.82577749  p_y
   40   2   1   0       0.82541090  p_z
   40   2   1   1       0.82795732  p_x
   40   3   2  -2       0.03851150  d_xy
   40   3   2  -1       0.04273550  d_yz
   40   3   2   0       0.01938476  d_z2
   40   3   2   1       0.04003456  d_xz
   40   3   2   2       0.02152680  d_x2-y2
   41   1   0   0       1.37193241  s
   41   2   1  -1       0.83284893  p_y
   41   2   1   0       0.83039377  p_z
   41   2   1   1       0.82900875  p_x
   41   3   2  -2       0.03602201  d_xy
   41   3   2  -1       0.03325689  d_yz
   41   3   2   0       0.01712570  d_z2
   41   3   2   1       0.04025655  d_xz
   41   3   2   2       0.01687337  d_x2-y2
   42   1   0   0       1.36039606  s
   42   2   1  -1       0.82947396  p_y
   42   2   1   0       0.82932762  p_z
   42   2   1   1       0.83142384  p_x
   42   3   2  -2       0.03941015  d_xy
   42   3   2  -1       0.03765800  d_yz
   42   3   2   0       0.01892267  d_z2
   42   3   2   1       0.03531067  d_xz
   42   3   2   2       0.01871840  d_x2-y2
   43   1   0   0       1.37144603  s
   43   2   1  -1       0.83131339  p_y
   43   2   1   0       0.82567159  p_z
   43   2   1   1       0.82656360  p_x
   43   3   2  -2       0.03570049  d_xy
   43   3   2  -1       0.03821356  d_yz
   43   3   2   0       0.01943826  d_z2
   43   3   2   1       0.04161173  d_xz
   43   3   2   2       0.01764203  d_x2-y2
   44   1   0   0       1.33285005  s
   44   2   1  -1       0.82671601  p_y
   44   2   1   0       0.82683623  p_z
   44   2   1   1       0.82543815  p_x
   44   3   2  -2       0.04428276  d_xy
   44   3   2  -1       0.04051139  d_yz
   44   3   2   0       0.02210644  d_z2
   44   3   2   1       0.03801467  d_xz
   44   3   2   2       0.02202167  d_x2-y2
   45   1   0   0       1.33384604  s
   45   2   1  -1       0.82492814  p_y
   45   2   1   0       0.82438224  p_z
   45   2   1   1       0.82097701  p_x
   45   3   2  -2       0.04481754  d_xy
   45   3   2  -1       0.04260327  d_yz
   45   3   2   0       0.02392231  d_z2
   45   3   2   1       0.04603400  d_xz
   45   3   2   2       0.02379670  d_x2-y2
   46   1   0   0       1.38945373  s
   46   2   1  -1       0.82783784  p_y
   46   2   1   0       0.82695716  p_z
   46   2   1   1       0.82956565  p_x
   46   3   2  -2       0.03506332  d_xy
   46   3   2  -1       0.03737214  d_yz
   46   3   2   0       0.01630374  d_z2
   46   3   2   1       0.03552042  d_xz
   46   3   2   2       0.01645759  d_x2-y2
   47   1   0   0       1.34598461  s
   47   2   1  -1       0.82768987  p_y
   47   2   1   0       0.82848010  p_z
   47   2   1   1       0.82742012  p_x
   47   3   2  -2       0.04002116  d_xy
   47   3   2  -1       0.04019368  d_yz
   47   3   2   0       0.01994878  d_z2
   47   3   2   1       0.04049002  d_xz
   47   3   2   2       0.02036240  d_x2-y2
   48   1   0   0       1.35364784  s
   48   2   1  -1       0.82800602  p_y
   48   2   1   0       0.82976906  p_z
   48   2   1   1       0.83209403  p_x
   48   3   2  -2       0.04007975  d_xy
   48   3   2  -1       0.03907110  d_yz
   48   3   2   0       0.02041619  d_z2
   48   3   2   1       0.03875302  d_xz
   48   3   2   2       0.01897768  d_x2-y2
   49   1   0   0       1.36718817  s
   49   2   1  -1       0.82768254  p_y
   49   2   1   0       0.83218291  p_z
   49   2   1   1       0.82614546  p_x
   49   3   2  -2       0.03576640  d_xy
   49   3   2  -1       0.03754016  d_yz
   49   3   2   0       0.01723748  d_z2
   49   3   2   1       0.04035336  d_xz
   49   3   2   2       0.01978320  d_x2-y2
   50   1   0   0       1.38457359  s
   50   2   1  -1       0.82662440  p_y
   50   2   1   0       0.83587362  p_z
   50   2   1   1       0.83208709  p_x
   50   3   2  -2       0.03843676  d_xy
   50   3   2  -1       0.03912705  d_yz
   50   3   2   0       0.01687134  d_z2
   50   3   2   1       0.03459730  d_xz
   50   3   2   2       0.01808802  d_x2-y2
   51   1   0   0       1.35078115  s
   51   2   1  -1       0.83008478  p_y
   51   2   1   0       0.82791413  p_z
   51   2   1   1       0.82512165  p_x
   51   3   2  -2       0.04025057  d_xy
   51   3   2  -1       0.03829273  d_yz
   51   3   2   0       0.01924565  d_z2
   51   3   2   1       0.03820143  d_xz
   51   3   2   2       0.01909572  d_x2-y2
   52   1   0   0       1.36772958  s
   52   2   1  -1       0.83257082  p_y
   52   2   1   0       0.83119162  p_z
   52   2   1   1       0.83488526  p_x
   52   3   2  -2       0.03748827  d_xy
   52   3   2  -1       0.03458913  d_yz
   52   3   2   0       0.01806539  d_z2
   52   3   2   1       0.03810626  d_xz
   52   3   2   2       0.01676968  d_x2-y2
   53   1   0   0       1.36348176  s
   53   2   1  -1       0.82848566  p_y
   53   2   1   0       0.83017860  p_z
   53   2   1   1       0.82581405  p_x
   53   3   2  -2       0.04142572  d_xy
   53   3   2  -1       0.03582238  d_yz
   53   3   2   0       0.01897795  d_z2
   53   3   2   1       0.04185298  d_xz
   53   3   2   2       0.01922373  d_x2-y2
   54   1   0   0       1.37518980  s
   54   2   1  -1       0.82545732  p_y
   54   2   1   0       0.82839480  p_z
   54   2   1   1       0.82816417  p_x
   54   3   2  -2       0.03906952  d_xy
   54   3   2  -1       0.04015158  d_yz
   54   3   2   0       0.01665712  d_z2
   54   3   2   1       0.03603563  d_xz
   54   3   2   2       0.01933331  d_x2-y2
   55   1   0   0       1.35644609  s
   55   2   1  -1       0.83083142  p_y
   55   2   1   0       0.82637192  p_z
   55   2   1   1       0.82133739  p_x
   55   3   2  -2       0.04073658  d_xy
   55   3   2  -1       0.04105913  d_yz
   55   3   2   0       0.02116701  d_z2
   55   3   2   1       0.04054624  d_xz
   55   3   2   2       0.02101463  d_x2-y2
   56   1   0   0       1.35484107  s
   56   2   1  -1       0.82668745  p_y
   56   2   1   0       0.82850642  p_z
   56   2   1   1       0.82916570  p_x
   56   3   2  -2       0.03674942  d_xy
   56   3   2  -1       0.03999744  d_yz
   56   3   2   0       0.01868261  d_z2
   56   3   2   1       0.04050828  d_xz
   56   3   2   2       0.02060691  d_x2-y2
   57   1   0   0       1.33546794  s
   57   2   1  -1       0.83092986  p_y
   57   2   1   0       0.82829563  p_z
   57   2   1   1       0.82670333  p_x
   57   3   2  -2       0.04223857  d_xy
   57   3   2  -1       0.04000489  d_yz
   57   3   2   0       0.02171707  d_z2
   57   3   2   1       0.04097469  d_xz
   57   3   2   2       0.02151118  d_x2-y2
   58   1   0   0       1.37036278  s
   58   2   1  -1       0.82882558  p_y
   58   2   1   0       0.82986021  p_z
   58   2   1   1       0.83084846  p_x
   58   3   2  -2       0.03775188  d_xy
   58   3   2  -1       0.03648641  d_yz
   58   3   2   0       0.01875759  d_z2
   58   3   2   1       0.03785451  d_xz
   58   3   2   2       0.01730238  d_x2-y2
   59   1   0   0       1.34788514  s
   59   2   1  -1       0.82667090  p_y
   59   2   1   0       0.82361293  p_z
   59   2   1   1       0.82371182  p_x
   59   3   2  -2       0.04399487  d_xy
   59   3   2  -1       0.04038127  d_yz
   59   3   2   0       0.02250288  d_z2
   59   3   2   1       0.04290792  d_xz
   59   3   2   2       0.02081630  d_x2-y2
   60   1   0   0       1.37929422  s
   60   2   1  -1       0.83138620  p_y
   60   2   1   0       0.83138107  p_z
   60   2   1   1       0.83207857  p_x
   60   3   2  -2       0.03687951  d_xy
   60   3   2  -1       0.03739012  d_yz
   60   3   2   0       0.01756859  d_z2
   60   3   2   1       0.03610271  d_xz
   60   3   2   2       0.01609110  d_x2-y2
   61   1   0   0       1.35240699  s
   61   2   1  -1       0.82788342  p_y
   61   2   1   0       0.83370004  p_z
   61   2   1   1       0.83102629  p_x
   61   3   2  -2       0.04109405  d_xy
   61   3   2  -1       0.04262973  d_yz
   61   3   2   0       0.01969674  d_z2
   61   3   2   1       0.03649837  d_xz
   61   3   2   2       0.01982349  d_x2-y2
   62   1   0   0       1.33235194  s
   62   2   1  -1       0.82273826  p_y
   62   2   1   0       0.82707840  p_z
   62   2   1   1       0.82685524  p_x
   62   3   2  -2       0.04487142  d_xy
   62   3   2  -1       0.04183143  d_yz
   62   3   2   0       0.02222974  d_z2
   62   3   2   1       0.04118106  d_xz
   62   3   2   2       0.02354041  d_x2-y2
   63   1   0   0       1.36182382  s
   63   2   1  -1       0.83061393  p_y
   63   2   1   0       0.82739692  p_z
   63   2   1   1       0.83333827  p_x
   63   3   2  -2       0.03832934  d_xy
   63   3   2  -1       0.03643838  d_yz
   63   3   2   0       0.01987359  d_z2
   63   3   2   1       0.03967375  d_xz
   63   3   2   2       0.01759008  d_x2-y2
   64   1   0   0       1.32022705  s
   64   2   1  -1       0.82358296  p_y
   64   2   1   0       0.82776711  p_z
   64   2   1   1       0.82964314  p_x
   64   3   2  -2       0.04353086  d_xy
   64   3   2  -1       0.04669991  d_yz
   64   3   2   0       0.02397827  d_z2
   64   3   2   1       0.04084360  d_xz
   64   3   2   2       0.02406149  d_x2-y2

Fermi level:                        -0.1321576429 H           -3.5962 eV
Band energy:                       -88.2067700637 H        -2400.2283 eV
TS:                                  0.0000000000 H            0.0000 eV
Band free energy (E-TS):           -88.2067700637 H        -2400.2283 eV
Extrapolated E(0K):                -88.2067700637 H        -2400.2283 eV
Input / Output electrons (q):    256.0000000001    256.0000000001

Energy H0:                         -88.1962971069 H        -2399.9434 eV
Energy SCC:                          0.0004082553 H            0.0111 eV
Total Electronic energy:           -88.1958888516 H        -2399.9322 eV
Repulsive energy:                    0.0000000000 H            0.0000 eV
Total energy:                      -88.1958888516 H        -2399.9322 eV
Extrapolated to 0:                 -88.1958888516 H        -2399.9322 eV
Total Mermin free energy:          -88.1958888516 H        -2399.9322 eV
Force related energy:              -88.1958888516 H        -2399.9322 eV

Non-constrained calculation

SCC converged

Warning: dipole moment is not defined absolutely!
Dipole moment:    0.65119172    0.66544702   -0.87771376 au
Dipole moment:    1.65516440    1.69139774   -2.23092603 Debye


