 Fermi distribution function

Calculation with static geometry


********************************************************************************
 iSCC Total electronic   Diff electronic      SCC error    
    9   -0.88157477E+02   -0.12257999E-08    0.92917187E-05
********************************************************************************

 Total charge:    -0.00000000

 Atomic gross charges (e)
 Atom           Charge
    1       0.00072638
    2       0.01150187
    3       0.01084716
    4       0.00674901
    5       0.01506889
    6      -0.00079914
    7      -0.00750043
    8      -0.01593182
    9      -0.00753880
   10      -0.00455246
   11      -0.01071765
   12      -0.00592524
   13      -0.00567756
   14       0.00392105
   15      -0.00390410
   16       0.00829371
   17       0.00252837
   18       0.00633879
   19       0.00941836
   20       0.00154093
   21      -0.00061577
   22       0.01119662
   23      -0.00635903
   24       0.01919669
   25       0.00709732
   26      -0.00539146
   27       0.00156815
   28      -0.01646113
   29       0.01459498
   30       0.01021582
   31      -0.00053941
   32       0.00226571
   33      -0.00253346
   34       0.00761921
   35      -0.00050492
   36       0.01275933
   37      -0.01447947
   38       0.00925961
   39      -0.01587559
   40      -0.00426168
   41       0.01076063
   42      -0.01352283
   43      -0.00267883
   44      -0.01255242
   45      -0.00575381
   46       0.00084653
   47      -0.01846669
   48       0.02093279
   49      -0.00285365
   50       0.01483369
   51      -0.01726550
   52      -0.00756891
   53      -0.01740473
   54       0.00819034
   55       0.00093243
   56       0.00252897
   57       0.00003006
   58      -0.02436308
   59       0.01782697
   60       0.00562166
   61       0.01087877
   62      -0.00865466
   63      -0.00395981
   64      -0.00147676

Nr. of electrons (up):    256.00000000
Atom populations (up)
 Atom       Population
    1       3.99927362
    2       3.98849813
    3       3.98915284
    4       3.99325099
    5       3.98493111
    6       4.00079914
    7       4.00750043
    8       4.01593182
    9       4.00753880
   10       4.00455246
   11       4.01071765
   12       4.00592524
   13       4.00567756
   14       3.99607895
   15       4.00390410
   16       3.99170629
   17       3.99747163
   18       3.99366121
   19       3.99058164
   20       3.99845907
   21       4.00061577
   22       3.98880338
   23       4.00635903
   24       3.98080331
   25       3.99290268
   26       4.00539146
   27       3.99843185
   28       4.01646113
   29       3.98540502
   30       3.98978418
   31       4.00053941
   32       3.99773429
   33       4.00253346
   34       3.99238079
   35       4.00050492
   36       3.98724067
   37       4.01447947
   38       3.99074039
   39       4.01587559
   40       4.00426168
   41       3.98923937
   42       4.01352283
   43       4.00267883
   44       4.01255242
   45       4.00575381
   46       3.99915347
   47       4.01846669
   48       3.97906721
   49       4.00285365
   50       3.98516631
   51       4.01726550
   52       4.00756891
   53       4.01740473
   54       3.99180966
   55       3.99906757
   56       3.99747103
   57       3.99996994
   58       4.02436308
   59       3.98217303
   60       3.99437834
   61       3.98912123
   62       4.00865466
   63       4.00395981
   64       4.00147676

l-shell populations (up)
 Atom Sh.   l       Population
    1   1   0       1.36382975
    1   2   1       2.48260002
    1   3   2       0.15284385
    2   1   0       1.34786055
    2   2   1       2.49036441
    2   3   2       0.15027317
    3   1   0       1.34089393
    3   2   1       2.47927299
    3   3   2       0.16898592
    4   1   0       1.35664052
    4   2   1       2.47965777
    4   3   2       0.15695270
    5   1   0       1.32838043
    5   2   1       2.48311363
    5   3   2       0.17343704
    6   1   0       1.35930492
    6   2   1       2.48604765
    6   3   2       0.15544656
    7   1   0       1.37120275
    7   2   1       2.48122726
    7   3   2       0.15507043
    8   1   0       1.38235452
    8   2   1       2.47938129
    8   3   2       0.15419601
    9   1   0       1.36739101
    9   2   1       2.48740313
    9   3   2       0.15274466
   10   1   0       1.37035914
   10   2   1       2.47633653
   10   3   2       0.15785679
   11   1   0       1.38505925
   11   2   1       2.47924421
   11   3   2       0.14641418
   12   1   0       1.36954979
   12   2   1       2.48914893
   12   3   2       0.14722651
   13   1   0       1.36805316
   13   2   1       2.48816030
   13   3   2       0.14946410
   14   1   0       1.35058710
   14   2   1       2.48107911
   14   3   2       0.16441274
   15   1   0       1.35826081
   15   2   1       2.48733869
   15   3   2       0.15830460
   16   1   0       1.34276052
   16   2   1       2.49070677
   16   3   2       0.15823900
   17   1   0       1.36965143
   17   2   1       2.47937606
   17   3   2       0.14844415
   18   1   0       1.36374433
   18   2   1       2.47572564
   18   3   2       0.15419124
   19   1   0       1.36158729
   19   2   1       2.46575125
   19   3   2       0.16324309
   20   1   0       1.34703083
   20   2   1       2.47858406
   20   3   2       0.17284419
   21   1   0       1.36042177
   21   2   1       2.48207212
   21   3   2       0.15812187
   22   1   0       1.34758667
   22   2   1       2.47927980
   22   3   2       0.16193692
   23   1   0       1.36586516
   23   2   1       2.48987992
   23   3   2       0.15061395
   24   1   0       1.33928656
   24   2   1       2.46671853
   24   3   2       0.17479822
   25   1   0       1.34825154
   25   2   1       2.48016384
   25   3   2       0.16448730
   26   1   0       1.37418401
   26   2   1       2.48648560
   26   3   2       0.14472184
   27   1   0       1.35711014
   27   2   1       2.48856442
   27   3   2       0.15275729
   28   1   0       1.38476936
   28   2   1       2.49275772
   28   3   2       0.13893404
   29   1   0       1.33110826
   29   2   1       2.47943117
   29   3   2       0.17486559
   30   1   0       1.34439249
   30   2   1       2.48093744
   30   3   2       0.16445424
   31   1   0       1.35215564
   31   2   1       2.48039994
   31   3   2       0.16798383
   32   1   0       1.36346451
   32   2   1       2.48159586
   32   3   2       0.15267392
   33   1   0       1.35911391
   33   2   1       2.48495216
   33   3   2       0.15846739
   34   1   0       1.33184148
   34   2   1       2.48658810
   34   3   2       0.17395121
   35   1   0       1.35581457
   35   2   1       2.48977276
   35   3   2       0.15491759
   36   1   0       1.32443536
   36   2   1       2.48715045
   36   3   2       0.17565486
   37   1   0       1.36825959
   37   2   1       2.49692352
   37   3   2       0.14929637
   38   1   0       1.34086805
   38   2   1       2.48716862
   38   3   2       0.16270372
   39   1   0       1.37922485
   39   2   1       2.49585439
   39   3   2       0.14079635
   40   1   0       1.37270816
   40   2   1       2.48041110
   40   3   2       0.15114243
   41   1   0       1.33978627
   41   2   1       2.48241775
   41   3   2       0.16703535
   42   1   0       1.37578470
   42   2   1       2.48944723
   42   3   2       0.14829090
   43   1   0       1.35731767
   43   2   1       2.47909671
   43   3   2       0.16626445
   44   1   0       1.38603244
   44   2   1       2.47139310
   44   3   2       0.15512688
   45   1   0       1.35425660
   45   2   1       2.49055562
   45   3   2       0.16094158
   46   1   0       1.36194399
   46   2   1       2.48279975
   46   3   2       0.15440973
   47   1   0       1.38130121
   47   2   1       2.49048140
   47   3   2       0.14668409
   48   1   0       1.33630782
   48   2   1       2.47446596
   48   3   2       0.16829343
   49   1   0       1.36355237
   49   2   1       2.48704134
   49   3   2       0.15225995
   50   1   0       1.32330261
   50   2   1       2.48040725
   50   3   2       0.18145644
   51   1   0       1.38440236
   51   2   1       2.48880702
   51   3   2       0.14405611
   52   1   0       1.37166480
   52   2   1       2.48281347
   52   3   2       0.15309064
   53   1   0       1.38098818
   53   2   1       2.49817500
   53   3   2       0.13824156
   54   1   0       1.33845656
   54   2   1       2.48512169
   54   3   2       0.16823140
   55   1   0       1.36409388
   55   2   1       2.47711099
   55   3   2       0.15786270
   56   1   0       1.37131760
   56   2   1       2.47207993
   56   3   2       0.15407350
   57   1   0       1.35904155
   57   2   1       2.48147742
   57   3   2       0.15945097
   58   1   0       1.39099147
   58   2   1       2.49406379
   58   3   2       0.13930782
   59   1   0       1.32761064
   59   2   1       2.46981918
   59   3   2       0.18474321
   60   1   0       1.34497192
   60   2   1       2.48183797
   60   3   2       0.16756846
   61   1   0       1.33599799
   61   2   1       2.48587720
   61   3   2       0.16724604
   62   1   0       1.37632852
   62   2   1       2.49011952
   62   3   2       0.14220662
   63   1   0       1.36597680
   63   2   1       2.49028853
   63   3   2       0.14769449
   64   1   0       1.36577532
   64   2   1       2.48046180
   64   3   2       0.15523964

Orbital populations (up)
 Atom Sh.   l   m       Population  Label
    1   1   0   0       1.36382975  s
    1   2   1  -1       0.82352565  p_y
    1   2   1   0       0.82964495  p_z
    1   2   1   1       0.82942941  p_x
    1   3   2  -2       0.03942190  d_xy
    1   3   2  -1       0.03802072  d_yz
    1   3   2   0       0.01863906  d_z2
    1   3   2   1       0.03738135  d_xz
    1   3   2   2       0.01938083  d_x2-y2
    2   1   0   0       1.34786055  s
    2   2   1  -1       0.82599092  p_y
    2   2   1   0       0.83401389  p_z
    2   2   1   1       0.83035960  p_x
    2   3   2  -2       0.03651830  d_xy
    2   3   2  -1       0.03948971  d_yz
    2   3   2   0       0.01646653  d_z2
    2   3   2   1       0.03788530  d_xz
    2   3   2   2       0.01991333  d_x2-y2
    3   1   0   0       1.34089393  s
    3   2   1  -1       0.82235216  p_y
    3   2   1   0       0.83214568  p_z
    3   2   1   1       0.82477514  p_x
    3   3   2  -2       0.04415565  d_xy
    3   3   2  -1       0.04347724  d_yz
    3   3   2   0       0.02217149  d_z2
    3   3   2   1       0.03684159  d_xz
    3   3   2   2       0.02233995  d_x2-y2
    4   1   0   0       1.35664052  s
    4   2   1  -1       0.82544202  p_y
    4   2   1   0       0.82669314  p_z
    4   2   1   1       0.82752262  p_x
    4   3   2  -2       0.03714820  d_xy
    4   3   2  -1       0.04020328  d_yz
    4   3   2   0       0.01956837  d_z2
    4   3   2   1       0.04102357  d_xz
    4   3   2   2       0.01900929  d_x2-y2
    5   1   0   0       1.32838043  s
    5   2   1  -1       0.82646608  p_y
    5   2   1   0       0.83142116  p_z
    5   2   1   1       0.82522639  p_x
    5   3   2  -2       0.04179791  d_xy
    5   3   2  -1       0.04163910  d_yz
    5   3   2   0       0.02262867  d_z2
    5   3   2   1       0.04391528  d_xz
    5   3   2   2       0.02345609  d_x2-y2
    6   1   0   0       1.35930492  s
    6   2   1  -1       0.82763116  p_y
    6   2   1   0       0.82994078  p_z
    6   2   1   1       0.82847570  p_x
    6   3   2  -2       0.04149900  d_xy
    6   3   2  -1       0.03734256  d_yz
    6   3   2   0       0.01929946  d_z2
    6   3   2   1       0.03825694  d_xz
    6   3   2   2       0.01904860  d_x2-y2
    7   1   0   0       1.37120275  s
    7   2   1  -1       0.82781816  p_y
    7   2   1   0       0.82664011  p_z
    7   2   1   1       0.82676898  p_x
    7   3   2  -2       0.03876943  d_xy
    7   3   2  -1       0.03694242  d_yz
    7   3   2   0       0.01792963  d_z2
    7   3   2   1       0.04188961  d_xz
    7   3   2   2       0.01953933  d_x2-y2
    8   1   0   0       1.38235452  s
    8   2   1  -1       0.81946522  p_y
    8   2   1   0       0.83366627  p_z
    8   2   1   1       0.82624980  p_x
    8   3   2  -2       0.04221124  d_xy
    8   3   2  -1       0.03764735  d_yz
    8   3   2   0       0.01867832  d_z2
    8   3   2   1       0.03649282  d_xz
    8   3   2   2       0.01916627  d_x2-y2
    9   1   0   0       1.36739101  s
    9   2   1  -1       0.82694046  p_y
    9   2   1   0       0.83132494  p_z
    9   2   1   1       0.82913772  p_x
    9   3   2  -2       0.03769274  d_xy
    9   3   2  -1       0.04016413  d_yz
    9   3   2   0       0.01878395  d_z2
    9   3   2   1       0.03738087  d_xz
    9   3   2   2       0.01872298  d_x2-y2
   10   1   0   0       1.37035914  s
   10   2   1  -1       0.82257930  p_y
   10   2   1   0       0.82716802  p_z
   10   2   1   1       0.82658922  p_x
   10   3   2  -2       0.04076907  d_xy
   10   3   2  -1       0.04019194  d_yz
   10   3   2   0       0.01931704  d_z2
   10   3   2   1       0.03786458  d_xz
   10   3   2   2       0.01971415  d_x2-y2
   11   1   0   0       1.38505925  s
   11   2   1  -1       0.82753988  p_y
   11   2   1   0       0.82436679  p_z
   11   2   1   1       0.82733754  p_x
   11   3   2  -2       0.03394417  d_xy
   11   3   2  -1       0.03644316  d_yz
   11   3   2   0       0.01711722  d_z2
   11   3   2   1       0.04033390  d_xz
   11   3   2   2       0.01857572  d_x2-y2
   12   1   0   0       1.36954979  s
   12   2   1  -1       0.82634728  p_y
   12   2   1   0       0.83337839  p_z
   12   2   1   1       0.82942326  p_x
   12   3   2  -2       0.04501329  d_xy
   12   3   2  -1       0.03470081  d_yz
   12   3   2   0       0.01975412  d_z2
   12   3   2   1       0.03092346  d_xz
   12   3   2   2       0.01683484  d_x2-y2
   13   1   0   0       1.36805316  s
   13   2   1  -1       0.82628858  p_y
   13   2   1   0       0.82968648  p_z
   13   2   1   1       0.83218524  p_x
   13   3   2  -2       0.03728925  d_xy
   13   3   2  -1       0.03862233  d_yz
   13   3   2   0       0.01814539  d_z2
   13   3   2   1       0.03691756  d_xz
   13   3   2   2       0.01848956  d_x2-y2
   14   1   0   0       1.35058710  s
   14   2   1  -1       0.82633464  p_y
   14   2   1   0       0.82996646  p_z
   14   2   1   1       0.82477800  p_x
   14   3   2  -2       0.04105879  d_xy
   14   3   2  -1       0.04274067  d_yz
   14   3   2   0       0.02093315  d_z2
   14   3   2   1       0.03970751  d_xz
   14   3   2   2       0.01997263  d_x2-y2
   15   1   0   0       1.35826081  s
   15   2   1  -1       0.83170936  p_y
   15   2   1   0       0.82978400  p_z
   15   2   1   1       0.82584532  p_x
   15   3   2  -2       0.04304191  d_xy
   15   3   2  -1       0.03831512  d_yz
   15   3   2   0       0.01967923  d_z2
   15   3   2   1       0.03788430  d_xz
   15   3   2   2       0.01938404  d_x2-y2
   16   1   0   0       1.34276052  s
   16   2   1  -1       0.83307640  p_y
   16   2   1   0       0.83339913  p_z
   16   2   1   1       0.82423124  p_x
   16   3   2  -2       0.04085755  d_xy
   16   3   2  -1       0.03721084  d_yz
   16   3   2   0       0.01856322  d_z2
   16   3   2   1       0.04091354  d_xz
   16   3   2   2       0.02069386  d_x2-y2
   17   1   0   0       1.36965143  s
   17   2   1  -1       0.82697315  p_y
   17   2   1   0       0.82299470  p_z
   17   2   1   1       0.82940821  p_x
   17   3   2  -2       0.03848297  d_xy
   17   3   2  -1       0.03687190  d_yz
   17   3   2   0       0.01808903  d_z2
   17   3   2   1       0.03747187  d_xz
   17   3   2   2       0.01752838  d_x2-y2
   18   1   0   0       1.36374433  s
   18   2   1  -1       0.82410705  p_y
   18   2   1   0       0.82287636  p_z
   18   2   1   1       0.82874222  p_x
   18   3   2  -2       0.03521853  d_xy
   18   3   2  -1       0.04093052  d_yz
   18   3   2   0       0.01899190  d_z2
   18   3   2   1       0.04006710  d_xz
   18   3   2   2       0.01898319  d_x2-y2
   19   1   0   0       1.36158729  s
   19   2   1  -1       0.81796295  p_y
   19   2   1   0       0.82905086  p_z
   19   2   1   1       0.81873745  p_x
   19   3   2  -2       0.04495932  d_xy
   19   3   2  -1       0.03949679  d_yz
   19   3   2   0       0.02204282  d_z2
   19   3   2   1       0.03655912  d_xz
   19   3   2   2       0.02018504  d_x2-y2
   20   1   0   0       1.34703083  s
   20   2   1  -1       0.82917354  p_y
   20   2   1   0       0.82510030  p_z
   20   2   1   1       0.82431021  p_x
   20   3   2  -2       0.04209645  d_xy
   20   3   2  -1       0.03985961  d_yz
   20   3   2   0       0.02372226  d_z2
   20   3   2   1       0.04555490  d_xz
   20   3   2   2       0.02161098  d_x2-y2
   21   1   0   0       1.36042177  s
   21   2   1  -1       0.82862320  p_y
   21   2   1   0       0.82746245  p_z
   21   2   1   1       0.82598647  p_x
   21   3   2  -2       0.04075306  d_xy
   21   3   2  -1       0.03813030  d_yz
   21   3   2   0       0.02007299  d_z2
   21   3   2   1       0.04077413  d_xz
   21   3   2   2       0.01839139  d_x2-y2
   22   1   0   0       1.34758667  s
   22   2   1  -1       0.82648967  p_y
   22   2   1   0       0.82772919  p_z
   22   2   1   1       0.82506093  p_x
   22   3   2  -2       0.04206761  d_xy
   22   3   2  -1       0.03581260  d_yz
   22   3   2   0       0.01982453  d_z2
   22   3   2   1       0.04334060  d_xz
   22   3   2   2       0.02089157  d_x2-y2
   23   1   0   0       1.36586516  s
   23   2   1  -1       0.83129562  p_y
   23   2   1   0       0.82914719  p_z
   23   2   1   1       0.82943711  p_x
   23   3   2  -2       0.03494172  d_xy
   23   3   2  -1       0.03924558  d_yz
   23   3   2   0       0.01693988  d_z2
   23   3   2   1       0.03984187  d_xz
   23   3   2   2       0.01964491  d_x2-y2
   24   1   0   0       1.33928656  s
   24   2   1  -1       0.82928159  p_y
   24   2   1   0       0.81720999  p_z
   24   2   1   1       0.82022696  p_x
   24   3   2  -2       0.03987519  d_xy
   24   3   2  -1       0.04263473  d_yz
   24   3   2   0       0.02370014  d_z2
   24   3   2   1       0.04609279  d_xz
   24   3   2   2       0.02249537  d_x2-y2
   25   1   0   0       1.34825154  s
   25   2   1  -1       0.82550548  p_y
   25   2   1   0       0.82490916  p_z
   25   2   1   1       0.82974920  p_x
   25   3   2  -2       0.03655129  d_xy
   25   3   2  -1       0.04547317  d_yz
   25   3   2   0       0.02006468  d_z2
   25   3   2   1       0.04059931  d_xz
   25   3   2   2       0.02179885  d_x2-y2
   26   1   0   0       1.37418401  s
   26   2   1  -1       0.82548224  p_y
   26   2   1   0       0.82888889  p_z
   26   2   1   1       0.83211448  p_x
   26   3   2  -2       0.03554378  d_xy
   26   3   2  -1       0.04053627  d_yz
   26   3   2   0       0.01693124  d_z2
   26   3   2   1       0.03382058  d_xz
   26   3   2   2       0.01788996  d_x2-y2
   27   1   0   0       1.35711014  s
   27   2   1  -1       0.83237650  p_y
   27   2   1   0       0.82505818  p_z
   27   2   1   1       0.83112974  p_x
   27   3   2  -2       0.03343430  d_xy
   27   3   2  -1       0.03863124  d_yz
   27   3   2   0       0.01836058  d_z2
   27   3   2   1       0.04355875  d_xz
   27   3   2   2       0.01877243  d_x2-y2
   28   1   0   0       1.38476936  s
   28   2   1  -1       0.83097290  p_y
   28   2   1   0       0.83094272  p_z
   28   2   1   1       0.83084210  p_x
   28   3   2  -2       0.03896729  d_xy
   28   3   2  -1       0.03432521  d_yz
   28   3   2   0       0.01648075  d_z2
   28   3   2   1       0.03304130  d_xz
   28   3   2   2       0.01611949  d_x2-y2
   29   1   0   0       1.33110826  s
   29   2   1  -1       0.82883216  p_y
   29   2   1   0       0.82089843  p_z
   29   2   1   1       0.82970059  p_x
   29   3   2  -2       0.04422302  d_xy
   29   3   2  -1       0.04291233  d_yz
   29   3   2   0       0.02454570  d_z2
   29   3   2   1       0.04196247  d_xz
   29   3   2   2       0.02122207  d_x2-y2
   30   1   0   0       1.34439249  s
   30   2   1  -1       0.82495490  p_y
   30   2   1   0       0.82754238  p_z
   30   2   1   1       0.82844016  p_x
   30   3   2  -2       0.04214533  d_xy
   30   3   2  -1       0.04312662  d_yz
   30   3   2   0       0.02152059  d_z2
   30   3   2   1       0.03740839  d_xz
   30   3   2   2       0.02025331  d_x2-y2
   31   1   0   0       1.35215564  s
   31   2   1  -1       0.83061510  p_y
   31   2   1   0       0.82143537  p_z
   31   2   1   1       0.82834947  p_x
   31   3   2  -2       0.03745790  d_xy
   31   3   2  -1       0.04228415  d_yz
   31   3   2   0       0.02246778  d_z2
   31   3   2   1       0.04573588  d_xz
   31   3   2   2       0.02003812  d_x2-y2
   32   1   0   0       1.36346451  s
   32   2   1  -1       0.82663084  p_y
   32   2   1   0       0.82769474  p_z
   32   2   1   1       0.82727028  p_x
   32   3   2  -2       0.03679083  d_xy
   32   3   2  -1       0.03697258  d_yz
   32   3   2   0       0.01796466  d_z2
   32   3   2   1       0.04118028  d_xz
   32   3   2   2       0.01976557  d_x2-y2
   33   1   0   0       1.35911391  s
   33   2   1  -1       0.82726051  p_y
   33   2   1   0       0.83036207  p_z
   33   2   1   1       0.82732957  p_x
   33   3   2  -2       0.03802413  d_xy
   33   3   2  -1       0.04115900  d_yz
   33   3   2   0       0.02005536  d_z2
   33   3   2   1       0.03949931  d_xz
   33   3   2   2       0.01972959  d_x2-y2
   34   1   0   0       1.33184148  s
   34   2   1  -1       0.83421778  p_y
   34   2   1   0       0.82352461  p_z
   34   2   1   1       0.82884571  p_x
   34   3   2  -2       0.03970192  d_xy
   34   3   2  -1       0.04353600  d_yz
   34   3   2   0       0.02401347  d_z2
   34   3   2   1       0.04503260  d_xz
   34   3   2   2       0.02166723  d_x2-y2
   35   1   0   0       1.35581457  s
   35   2   1  -1       0.82481097  p_y
   35   2   1   0       0.82976984  p_z
   35   2   1   1       0.83519195  p_x
   35   3   2  -2       0.04207934  d_xy
   35   3   2  -1       0.04019899  d_yz
   35   3   2   0       0.01882156  d_z2
   35   3   2   1       0.03474978  d_xz
   35   3   2   2       0.01906793  d_x2-y2
   36   1   0   0       1.32443536  s
   36   2   1  -1       0.83391523  p_y
   36   2   1   0       0.82134674  p_z
   36   2   1   1       0.83188848  p_x
   36   3   2  -2       0.04066852  d_xy
   36   3   2  -1       0.04437364  d_yz
   36   3   2   0       0.02580623  d_z2
   36   3   2   1       0.04407156  d_xz
   36   3   2   2       0.02073491  d_x2-y2
   37   1   0   0       1.36825959  s
   37   2   1  -1       0.83232028  p_y
   37   2   1   0       0.83142526  p_z
   37   2   1   1       0.83317798  p_x
   37   3   2  -2       0.03782673  d_xy
   37   3   2  -1       0.03897378  d_yz
   37   3   2   0       0.01780564  d_z2
   37   3   2   1       0.03701432  d_xz
   37   3   2   2       0.01767590  d_x2-y2
   38   1   0   0       1.34086805  s
   38   2   1  -1       0.83219454  p_y
   38   2   1   0       0.82495002  p_z
   38   2   1   1       0.83002406  p_x
   38   3   2  -2       0.03618413  d_xy
   38   3   2  -1       0.04042350  d_yz
   38   3   2   0       0.02042058  d_z2
   38   3   2   1       0.04440510  d_xz
   38   3   2   2       0.02127041  d_x2-y2
   39   1   0   0       1.37922485  s
   39   2   1  -1       0.83368905  p_y
   39   2   1   0       0.83239412  p_z
   39   2   1   1       0.82977121  p_x
   39   3   2  -2       0.03546213  d_xy
   39   3   2  -1       0.03662457  d_yz
   39   3   2   0       0.01632688  d_z2
   39   3   2   1       0.03579920  d_xz
   39   3   2   2       0.01658357  d_x2-y2
   40   1   0   0       1.37270816  s
   40   2   1  -1       0.83078322  p_y
   40   2   1   0       0.82323714  p_z
   40   2   1   1       0.82639074  p_x
   40   3   2  -2       0.03905225  d_xy
   40   3   2  -1       0.03873894  d_yz
   40   3   2   0       0.01985528  d_z2
   40   3   2   1       0.03676043  d_xz
   40   3   2   2       0.01673552  d_x2-y2
   41   1   0   0       1.33978627  s
   41   2   1  -1       0.83064776  p_y
   41   2   1   0       0.82052204  p_z
   41   2   1   1       0.83124795  p_x
   41   3   2  -2       0.03719046  d_xy
   41   3   2  -1       0.04421574  d_yz
   41   3   2   0       0.02182999  d_z2
   41   3   2   1       0.04155771  d_xz
   41   3   2   2       0.02224145  d_x2-y2
   42   1   0   0       1.37578470  s
   42   2   1  -1       0.82845925  p_y
   42   2   1   0       0.82850140  p_z
   42   2   1   1       0.83248658  p_x
   42   3   2  -2       0.03977818  d_xy
   42   3   2  -1       0.03597305  d_yz
   42   3   2   0       0.01841513  d_z2
   42   3   2   1       0.03714749  d_xz
   42   3   2   2       0.01697705  d_x2-y2
   43   1   0   0       1.35731767  s
   43   2   1  -1       0.82808498  p_y
   43   2   1   0       0.82843393  p_z
   43   2   1   1       0.82257779  p_x
   43   3   2  -2       0.04222224  d_xy
   43   3   2  -1       0.03760399  d_yz
   43   3   2   0       0.02015001  d_z2
   43   3   2   1       0.04430262  d_xz
   43   3   2   2       0.02198559  d_x2-y2
   44   1   0   0       1.38603244  s
   44   2   1  -1       0.82749550  p_y
   44   2   1   0       0.82291789  p_z
   44   2   1   1       0.82097971  p_x
   44   3   2  -2       0.03706765  d_xy
   44   3   2  -1       0.03833905  d_yz
   44   3   2   0       0.01849281  d_z2
   44   3   2   1       0.04132093  d_xz
   44   3   2   2       0.01990645  d_x2-y2
   45   1   0   0       1.35425660  s
   45   2   1  -1       0.83030034  p_y
   45   2   1   0       0.82844122  p_z
   45   2   1   1       0.83181406  p_x
   45   3   2  -2       0.03988814  d_xy
   45   3   2  -1       0.03746495  d_yz
   45   3   2   0       0.01994640  d_z2
   45   3   2   1       0.04360701  d_xz
   45   3   2   2       0.02003509  d_x2-y2
   46   1   0   0       1.36194399  s
   46   2   1  -1       0.82774928  p_y
   46   2   1   0       0.82478495  p_z
   46   2   1   1       0.83026552  p_x
   46   3   2  -2       0.03483610  d_xy
   46   3   2  -1       0.04251914  d_yz
   46   3   2   0       0.01923821  d_z2
   46   3   2   1       0.03948971  d_xz
   46   3   2   2       0.01832658  d_x2-y2
   47   1   0   0       1.38130121  s
   47   2   1  -1       0.82762181  p_y
   47   2   1   0       0.82959495  p_z
   47   2   1   1       0.83326463  p_x
   47   3   2  -2       0.03592388  d_xy
   47   3   2  -1       0.04050966  d_yz
   47   3   2   0       0.01799302  d_z2
   47   3   2   1       0.03509009  d_xz
   47   3   2   2       0.01716744  d_x2-y2
   48   1   0   0       1.33630782  s
   48   2   1  -1       0.82777324  p_y
   48   2   1   0       0.82267468  p_z
   48   2   1   1       0.82401804  p_x
   48   3   2  -2       0.04277225  d_xy
   48   3   2  -1       0.03771520  d_yz
   48   3   2   0       0.02252277  d_z2
   48   3   2   1       0.04369835  d_xz
   48   3   2   2       0.02158485  d_x2-y2
   49   1   0   0       1.36355237  s
   49   2   1  -1       0.82760541  p_y
   49   2   1   0       0.83312306  p_z
   49   2   1   1       0.82631287  p_x
   49   3   2  -2       0.03966419  d_xy
   49   3   2  -1       0.03670302  d_yz
   49   3   2   0       0.01743804  d_z2
   49   3   2   1       0.03866852  d_xz
   49   3   2   2       0.01978617  d_x2-y2
   50   1   0   0       1.32330261  s
   50   2   1  -1       0.83054876  p_y
   50   2   1   0       0.82114683  p_z
   50   2   1   1       0.82871166  p_x
   50   3   2  -2       0.03887202  d_xy
   50   3   2  -1       0.04751088  d_yz
   50   3   2   0       0.02416966  d_z2
   50   3   2   1       0.04629141  d_xz
   50   3   2   2       0.02461247  d_x2-y2
   51   1   0   0       1.38440236  s
   51   2   1  -1       0.82240498  p_y
   51   2   1   0       0.83108149  p_z
   51   2   1   1       0.83532055  p_x
   51   3   2  -2       0.03571351  d_xy
   51   3   2  -1       0.04190219  d_yz
   51   3   2   0       0.01632262  d_z2
   51   3   2   1       0.03126061  d_xz
   51   3   2   2       0.01885718  d_x2-y2
   52   1   0   0       1.37166480  s
   52   2   1  -1       0.83318664  p_y
   52   2   1   0       0.82881630  p_z
   52   2   1   1       0.82081053  p_x
   52   3   2  -2       0.03889894  d_xy
   52   3   2  -1       0.03574858  d_yz
   52   3   2   0       0.01775720  d_z2
   52   3   2   1       0.04072209  d_xz
   52   3   2   2       0.01996383  d_x2-y2
   53   1   0   0       1.38098818  s
   53   2   1  -1       0.82952287  p_y
   53   2   1   0       0.83504142  p_z
   53   2   1   1       0.83361070  p_x
   53   3   2  -2       0.03895279  d_xy
   53   3   2  -1       0.03274405  d_yz
   53   3   2   0       0.01555389  d_z2
   53   3   2   1       0.03412257  d_xz
   53   3   2   2       0.01686826  d_x2-y2
   54   1   0   0       1.33845656  s
   54   2   1  -1       0.83198535  p_y
   54   2   1   0       0.83135930  p_z
   54   2   1   1       0.82177704  p_x
   54   3   2  -2       0.04172810  d_xy
   54   3   2  -1       0.03770901  d_yz
   54   3   2   0       0.02098730  d_z2
   54   3   2   1       0.04625382  d_xz
   54   3   2   2       0.02155318  d_x2-y2
   55   1   0   0       1.36409388  s
   55   2   1  -1       0.81996948  p_y
   55   2   1   0       0.82655082  p_z
   55   2   1   1       0.83059069  p_x
   55   3   2  -2       0.04209382  d_xy
   55   3   2  -1       0.04344341  d_yz
   55   3   2   0       0.01913281  d_z2
   55   3   2   1       0.03320943  d_xz
   55   3   2   2       0.01998323  d_x2-y2
   56   1   0   0       1.37131760  s
   56   2   1  -1       0.82042849  p_y
   56   2   1   0       0.82285940  p_z
   56   2   1   1       0.82879205  p_x
   56   3   2  -2       0.03561654  d_xy
   56   3   2  -1       0.04087952  d_yz
   56   3   2   0       0.01948288  d_z2
   56   3   2   1       0.03843530  d_xz
   56   3   2   2       0.01965926  d_x2-y2
   57   1   0   0       1.35904155  s
   57   2   1  -1       0.82731191  p_y
   57   2   1   0       0.83286959  p_z
   57   2   1   1       0.82129592  p_x
   57   3   2  -2       0.04538171  d_xy
   57   3   2  -1       0.03753802  d_yz
   57   3   2   0       0.01956949  d_z2
   57   3   2   1       0.03716471  d_xz
   57   3   2   2       0.01979704  d_x2-y2
   58   1   0   0       1.39099147  s
   58   2   1  -1       0.83130553  p_y
   58   2   1   0       0.83157641  p_z
   58   2   1   1       0.83118184  p_x
   58   3   2  -2       0.03530254  d_xy
   58   3   2  -1       0.03453181  d_yz
   58   3   2   0       0.01656908  d_z2
   58   3   2   1       0.03727604  d_xz
   58   3   2   2       0.01562835  d_x2-y2
   59   1   0   0       1.32761064  s
   59   2   1  -1       0.82358711  p_y
   59   2   1   0       0.82618714  p_z
   59   2   1   1       0.82004493  p_x
   59   3   2  -2       0.04460953  d_xy
   59   3   2  -1       0.04292578  d_yz
   59   3   2   0       0.02485586  d_z2
   59   3   2   1       0.04770124  d_xz
   59   3   2   2       0.02465080  d_x2-y2
   60   1   0   0       1.34497192  s
   60   2   1  -1       0.82425976  p_y
   60   2   1   0       0.83016572  p_z
   60   2   1   1       0.82741249  p_x
   60   3   2  -2       0.04409652  d_xy
   60   3   2  -1       0.04023495  d_yz
   60   3   2   0       0.02155146  d_z2
   60   3   2   1       0.03950093  d_xz
   60   3   2   2       0.02218459  d_x2-y2
   61   1   0   0       1.33599799  s
   61   2   1  -1       0.82852130  p_y
   61   2   1   0       0.82734618  p_z
   61   2   1   1       0.83000972  p_x
   61   3   2  -2       0.03810128  d_xy
   61   3   2  -1       0.04412412  d_yz
   61   3   2   0       0.02212759  d_z2
   61   3   2   1       0.04148163  d_xz
   61   3   2   2       0.02141142  d_x2-y2
   62   1   0   0       1.37632852  s
   62   2   1  -1       0.82377785  p_y
   62   2   1   0       0.83322470  p_z
   62   2   1   1       0.83311697  p_x
   62   3   2  -2       0.03842345  d_xy
   62   3   2  -1       0.03708868  d_yz
   62   3   2   0       0.01680525  d_z2
   62   3   2   1       0.03271162  d_xz
   62   3   2   2       0.01717762  d_x2-y2
   63   1   0   0       1.36597680  s
   63   2   1  -1       0.82937996  p_y
   63   2   1   0       0.83077947  p_z
   63   2   1   1       0.83012910  p_x
   63   3   2  -2       0.03645914  d_xy
   63   3   2  -1       0.03450531  d_yz
   63   3   2   0       0.01708240  d_z2
   63   3   2   1       0.04078911  d_xz
   63   3   2   2       0.01885854  d_x2-y2
   64   1   0   0       1.36577532  s
   64   2   1  -1       0.81764782  p_y
   64   2   1   0       0.83285407  p_z
   64   2   1   1       0.82995991  p_x
   64   3   2  -2       0.04233674  d_xy
   64   3   2  -1       0.03856835  d_yz
   64   3   2   0       0.01881061  d_z2
   64   3   2   1       0.03599281  d_xz
   64   3   2   2       0.01953113  d_x2-y2

Fermi level:                        -0.1329230555 H           -3.6170 eV
Band energy:                       -88.1686828677 H        -2399.1919 eV
TS:                                  0.0000000000 H            0.0000 eV
Band free energy (E-TS):           -88.1686828677 H        -2399.1919 eV
Extrapolated E(0K):                -88.1686828677 H        -2399.1919 eV
Input / Output electrons (q):    256.0000000000    256.0000000000

Energy H0:                         -88.1578017372 H        -2398.8958 eV
Energy SCC:                          0.0003242646 H            0.0088 eV
Total Electronic energy:           -88.1574774726 H        -2398.8870 eV
Repulsive energy:                    0.0000000000 H            0.0000 eV
Total energy:                      -88.1574774726 H        -2398.8870 eV
Extrapolated to 0:                 -88.1574774726 H        -2398.8870 eV
Total Mermin free energy:          -88.1574774726 H        -2398.8870 eV
Force related energy:              -88.1574774726 H        -2398.8870 eV

Non-constrained calculation

SCC converged

Warning: dipole moment is not defined absolutely!
Dipole moment:   -0.05085892   -0.11504219    0.12728591 au
Dipole moment:   -0.12927048   -0.29240811    0.32352853 Debye


