 Fermi distribution function

Calculation with static geometry


********************************************************************************
 iSCC Total electronic   Diff electronic      SCC error    
   10   -0.88155601E+02   -0.67771566E-10    0.37521188E-05
********************************************************************************

 Total charge:    -0.00000000

 Atomic gross charges (e)
 Atom           Charge
    1       0.00348913
    2      -0.00271765
    3       0.01315300
    4      -0.01791207
    5      -0.02491570
    6       0.01787363
    7      -0.00892062
    8       0.01036698
    9      -0.00056660
   10      -0.00898652
   11       0.00096993
   12       0.00252981
   13       0.01196747
   14       0.00077973
   15      -0.02237127
   16       0.01194474
   17       0.02003355
   18       0.00354938
   19       0.00502150
   20      -0.01836271
   21       0.01367116
   22      -0.01865250
   23       0.02372930
   24      -0.02499378
   25      -0.01656151
   26       0.01675524
   27       0.00797028
   28       0.00462388
   29       0.00313798
   30      -0.01417949
   31      -0.00936428
   32      -0.01312036
   33      -0.00815898
   34       0.01509640
   35      -0.00361828
   36       0.00608522
   37       0.00978490
   38      -0.00178398
   39       0.00950676
   40      -0.00317590
   41      -0.01690703
   42       0.02488910
   43      -0.01103613
   44       0.01615751
   45       0.00998415
   46      -0.00147838
   47      -0.00455614
   48       0.00136192
   49       0.02138945
   50      -0.01363068
   51       0.02741683
   52      -0.00483814
   53       0.02728880
   54      -0.01645215
   55      -0.01503805
   56      -0.00054112
   57       0.01375517
   58       0.00308197
   59       0.02036007
   60      -0.01042167
   61      -0.03256762
   62      -0.00129067
   63      -0.01131698
   64      -0.01928793

Nr. of electrons (up):    256.00000000
Atom populations (up)
 Atom       Population
    1       3.99651087
    2       4.00271765
    3       3.98684700
    4       4.01791207
    5       4.02491570
    6       3.98212637
    7       4.00892062
    8       3.98963302
    9       4.00056660
   10       4.00898652
   11       3.99903007
   12       3.99747019
   13       3.98803253
   14       3.99922027
   15       4.02237127
   16       3.98805526
   17       3.97996645
   18       3.99645062
   19       3.99497850
   20       4.01836271
   21       3.98632884
   22       4.01865250
   23       3.97627070
   24       4.02499378
   25       4.01656151
   26       3.98324476
   27       3.99202972
   28       3.99537612
   29       3.99686202
   30       4.01417949
   31       4.00936428
   32       4.01312036
   33       4.00815898
   34       3.98490360
   35       4.00361828
   36       3.99391478
   37       3.99021510
   38       4.00178398
   39       3.99049324
   40       4.00317590
   41       4.01690703
   42       3.97511090
   43       4.01103613
   44       3.98384249
   45       3.99001585
   46       4.00147838
   47       4.00455614
   48       3.99863808
   49       3.97861055
   50       4.01363068
   51       3.97258317
   52       4.00483814
   53       3.97271120
   54       4.01645215
   55       4.01503805
   56       4.00054112
   57       3.98624483
   58       3.99691803
   59       3.97963993
   60       4.01042167
   61       4.03256762
   62       4.00129067
   63       4.01131698
   64       4.01928793

l-shell populations (up)
 Atom Sh.   l       Population
    1   1   0       1.35914033
    1   2   1       2.48378356
    1   3   2       0.15358698
    2   1   0       1.35961359
    2   2   1       2.47872664
    2   3   2       0.16437742
    3   1   0       1.35665836
    3   2   1       2.47723727
    3   3   2       0.15295137
    4   1   0       1.37980611
    4   2   1       2.49083702
    4   3   2       0.14726894
    5   1   0       1.38072549
    5   2   1       2.50319451
    5   3   2       0.14099570
    6   1   0       1.33043220
    6   2   1       2.47971672
    6   3   2       0.17197745
    7   1   0       1.35688441
    7   2   1       2.49140426
    7   3   2       0.16063194
    8   1   0       1.34691387
    8   2   1       2.47839033
    8   3   2       0.16432881
    9   1   0       1.36344883
    9   2   1       2.48154081
    9   3   2       0.15557696
   10   1   0       1.36299047
   10   2   1       2.50021086
   10   3   2       0.14578519
   11   1   0       1.36319532
   11   2   1       2.48225764
   11   3   2       0.15357711
   12   1   0       1.35839626
   12   2   1       2.47905210
   12   3   2       0.16002183
   13   1   0       1.34366991
   13   2   1       2.47291663
   13   3   2       0.17144599
   14   1   0       1.36431810
   14   2   1       2.48400505
   14   3   2       0.15089712
   15   1   0       1.38024330
   15   2   1       2.49395759
   15   3   2       0.14817038
   16   1   0       1.34816063
   16   2   1       2.47667970
   16   3   2       0.16321494
   17   1   0       1.32149458
   17   2   1       2.48342514
   17   3   2       0.17504673
   18   1   0       1.36183169
   18   2   1       2.48281646
   18   3   2       0.15180248
   19   1   0       1.35173238
   19   2   1       2.48055727
   19   3   2       0.16268886
   20   1   0       1.38070765
   20   2   1       2.49623272
   20   3   2       0.14142234
   21   1   0       1.34240305
   21   2   1       2.48230482
   21   3   2       0.16162097
   22   1   0       1.36570374
   22   2   1       2.49789042
   22   3   2       0.15505834
   23   1   0       1.30921861
   23   2   1       2.47244913
   23   3   2       0.19460296
   24   1   0       1.38811722
   24   2   1       2.50019026
   24   3   2       0.13668630
   25   1   0       1.39223769
   25   2   1       2.48082416
   25   3   2       0.14349966
   26   1   0       1.33317002
   26   2   1       2.48371105
   26   3   2       0.16636370
   27   1   0       1.35463069
   27   2   1       2.47256907
   27   3   2       0.16482996
   28   1   0       1.34992692
   28   2   1       2.48015220
   28   3   2       0.16529700
   29   1   0       1.35392749
   29   2   1       2.48356090
   29   3   2       0.15937363
   30   1   0       1.36575464
   30   2   1       2.48755599
   30   3   2       0.16086885
   31   1   0       1.38629214
   31   2   1       2.48277108
   31   3   2       0.14030106
   32   1   0       1.36412324
   32   2   1       2.47952985
   32   3   2       0.16946727
   33   1   0       1.36316509
   33   2   1       2.48726927
   33   3   2       0.15772463
   34   1   0       1.35243588
   34   2   1       2.47046738
   34   3   2       0.16200034
   35   1   0       1.36890305
   35   2   1       2.47336432
   35   3   2       0.16135091
   36   1   0       1.35667937
   36   2   1       2.48225459
   36   3   2       0.15498083
   37   1   0       1.35530997
   37   2   1       2.46922525
   37   3   2       0.16567987
   38   1   0       1.36816386
   38   2   1       2.48195280
   38   3   2       0.15166732
   39   1   0       1.35005115
   39   2   1       2.48315027
   39   3   2       0.15729182
   40   1   0       1.35887715
   40   2   1       2.48593935
   40   3   2       0.15835941
   41   1   0       1.37530099
   41   2   1       2.48833416
   41   3   2       0.15327188
   42   1   0       1.32885978
   42   2   1       2.46826123
   42   3   2       0.17798989
   43   1   0       1.36416476
   43   2   1       2.49734632
   43   3   2       0.14952506
   44   1   0       1.33301327
   44   2   1       2.47689009
   44   3   2       0.17393913
   45   1   0       1.34998313
   45   2   1       2.48820744
   45   3   2       0.15182527
   46   1   0       1.35061788
   46   2   1       2.48440311
   46   3   2       0.16645739
   47   1   0       1.36644323
   47   2   1       2.48568834
   47   3   2       0.15242457
   48   1   0       1.35516728
   48   2   1       2.48094873
   48   3   2       0.16252206
   49   1   0       1.33834159
   49   2   1       2.47170176
   49   3   2       0.16856720
   50   1   0       1.38187491
   50   2   1       2.48814245
   50   3   2       0.14361332
   51   1   0       1.31872298
   51   2   1       2.46829409
   51   3   2       0.18556610
   52   1   0       1.36904411
   52   2   1       2.47574230
   52   3   2       0.16005174
   53   1   0       1.31107097
   53   2   1       2.47446008
   53   3   2       0.18718016
   54   1   0       1.37526536
   54   2   1       2.49756639
   54   3   2       0.14362041
   55   1   0       1.38097119
   55   2   1       2.49705529
   55   3   2       0.13701158
   56   1   0       1.36055017
   56   2   1       2.48484420
   56   3   2       0.15514674
   57   1   0       1.35641899
   57   2   1       2.47044590
   57   3   2       0.15937994
   58   1   0       1.34431882
   58   2   1       2.48510012
   58   3   2       0.16749909
   59   1   0       1.34961359
   59   2   1       2.47757346
   59   3   2       0.15245288
   60   1   0       1.36367365
   60   2   1       2.48937382
   60   3   2       0.15737420
   61   1   0       1.41002229
   61   2   1       2.48972298
   61   3   2       0.13282234
   62   1   0       1.35234825
   62   2   1       2.49059022
   62   3   2       0.15835220
   63   1   0       1.36878703
   63   2   1       2.48294898
   63   3   2       0.15958097
   64   1   0       1.39025745
   64   2   1       2.48765590
   64   3   2       0.14137458

Orbital populations (up)
 Atom Sh.   l   m       Population  Label
    1   1   0   0       1.35914033  s
    1   2   1  -1       0.82925885  p_y
    1   2   1   0       0.83153801  p_z
    1   2   1   1       0.82298671  p_x
    1   3   2  -2       0.04253641  d_xy
    1   3   2  -1       0.03355062  d_yz
    1   3   2   0       0.01927971  d_z2
    1   3   2   1       0.03969300  d_xz
    1   3   2   2       0.01852724  d_x2-y2
    2   1   0   0       1.35961359  s
    2   2   1  -1       0.83255199  p_y
    2   2   1   0       0.81809910  p_z
    2   2   1   1       0.82807555  p_x
    2   3   2  -2       0.03750058  d_xy
    2   3   2  -1       0.04107799  d_yz
    2   3   2   0       0.02242745  d_z2
    2   3   2   1       0.04389045  d_xz
    2   3   2   2       0.01948095  d_x2-y2
    3   1   0   0       1.35665836  s
    3   2   1  -1       0.82098939  p_y
    3   2   1   0       0.82889262  p_z
    3   2   1   1       0.82735527  p_x
    3   3   2  -2       0.03934571  d_xy
    3   3   2  -1       0.04118378  d_yz
    3   3   2   0       0.01852950  d_z2
    3   3   2   1       0.03495053  d_xz
    3   3   2   2       0.01894184  d_x2-y2
    4   1   0   0       1.37980611  s
    4   2   1  -1       0.83398493  p_y
    4   2   1   0       0.82553572  p_z
    4   2   1   1       0.83131637  p_x
    4   3   2  -2       0.03638887  d_xy
    4   3   2  -1       0.03533723  d_yz
    4   3   2   0       0.01832002  d_z2
    4   3   2   1       0.04005077  d_xz
    4   3   2   2       0.01717205  d_x2-y2
    5   1   0   0       1.38072549  s
    5   2   1  -1       0.83280776  p_y
    5   2   1   0       0.83380580  p_z
    5   2   1   1       0.83658094  p_x
    5   3   2  -2       0.03597799  d_xy
    5   3   2  -1       0.03776571  d_yz
    5   3   2   0       0.01757317  d_z2
    5   3   2   1       0.03373076  d_xz
    5   3   2   2       0.01594808  d_x2-y2
    6   1   0   0       1.33043220  s
    6   2   1  -1       0.82998951  p_y
    6   2   1   0       0.82666141  p_z
    6   2   1   1       0.82306580  p_x
    6   3   2  -2       0.03957409  d_xy
    6   3   2  -1       0.04154752  d_yz
    6   3   2   0       0.02257611  d_z2
    6   3   2   1       0.04612130  d_xz
    6   3   2   2       0.02215842  d_x2-y2
    7   1   0   0       1.35688441  s
    7   2   1  -1       0.83032589  p_y
    7   2   1   0       0.83198912  p_z
    7   2   1   1       0.82908925  p_x
    7   3   2  -2       0.04243170  d_xy
    7   3   2  -1       0.03828362  d_yz
    7   3   2   0       0.02050516  d_z2
    7   3   2   1       0.03967256  d_xz
    7   3   2   2       0.01973891  d_x2-y2
    8   1   0   0       1.34691387  s
    8   2   1  -1       0.82681890  p_y
    8   2   1   0       0.82706270  p_z
    8   2   1   1       0.82450874  p_x
    8   3   2  -2       0.04196922  d_xy
    8   3   2  -1       0.04049338  d_yz
    8   3   2   0       0.02124525  d_z2
    8   3   2   1       0.03872867  d_xz
    8   3   2   2       0.02189230  d_x2-y2
    9   1   0   0       1.36344883  s
    9   2   1  -1       0.82252729  p_y
    9   2   1   0       0.83125354  p_z
    9   2   1   1       0.82775998  p_x
    9   3   2  -2       0.03917887  d_xy
    9   3   2  -1       0.04055640  d_yz
    9   3   2   0       0.01799590  d_z2
    9   3   2   1       0.03720990  d_xz
    9   3   2   2       0.02063589  d_x2-y2
   10   1   0   0       1.36299047  s
   10   2   1  -1       0.83476257  p_y
   10   2   1   0       0.83447458  p_z
   10   2   1   1       0.83097371  p_x
   10   3   2  -2       0.03513342  d_xy
   10   3   2  -1       0.03913186  d_yz
   10   3   2   0       0.01668083  d_z2
   10   3   2   1       0.03601890  d_xz
   10   3   2   2       0.01882019  d_x2-y2
   11   1   0   0       1.36319532  s
   11   2   1  -1       0.82647103  p_y
   11   2   1   0       0.83409860  p_z
   11   2   1   1       0.82168801  p_x
   11   3   2  -2       0.04049608  d_xy
   11   3   2  -1       0.03532476  d_yz
   11   3   2   0       0.01921353  d_z2
   11   3   2   1       0.03982793  d_xz
   11   3   2   2       0.01871481  d_x2-y2
   12   1   0   0       1.35839626  s
   12   2   1  -1       0.82540628  p_y
   12   2   1   0       0.82303839  p_z
   12   2   1   1       0.83060743  p_x
   12   3   2  -2       0.03963762  d_xy
   12   3   2  -1       0.04184982  d_yz
   12   3   2   0       0.02054521  d_z2
   12   3   2   1       0.03919544  d_xz
   12   3   2   2       0.01879373  d_x2-y2
   13   1   0   0       1.34366991  s
   13   2   1  -1       0.82042457  p_y
   13   2   1   0       0.82921830  p_z
   13   2   1   1       0.82327376  p_x
   13   3   2  -2       0.03947785  d_xy
   13   3   2  -1       0.04438698  d_yz
   13   3   2   0       0.02304036  d_z2
   13   3   2   1       0.04263796  d_xz
   13   3   2   2       0.02190284  d_x2-y2
   14   1   0   0       1.36431810  s
   14   2   1  -1       0.82406930  p_y
   14   2   1   0       0.83095622  p_z
   14   2   1   1       0.82897953  p_x
   14   3   2  -2       0.03938463  d_xy
   14   3   2  -1       0.04018400  d_yz
   14   3   2   0       0.01775534  d_z2
   14   3   2   1       0.03509149  d_xz
   14   3   2   2       0.01848166  d_x2-y2
   15   1   0   0       1.38024330  s
   15   2   1  -1       0.83469293  p_y
   15   2   1   0       0.82877101  p_z
   15   2   1   1       0.83049365  p_x
   15   3   2  -2       0.03684721  d_xy
   15   3   2  -1       0.03506584  d_yz
   15   3   2   0       0.01744688  d_z2
   15   3   2   1       0.04142323  d_xz
   15   3   2   2       0.01738721  d_x2-y2
   16   1   0   0       1.34816063  s
   16   2   1  -1       0.82599514  p_y
   16   2   1   0       0.82928232  p_z
   16   2   1   1       0.82140224  p_x
   16   3   2  -2       0.04324583  d_xy
   16   3   2  -1       0.03633574  d_yz
   16   3   2   0       0.01998323  d_z2
   16   3   2   1       0.04253758  d_xz
   16   3   2   2       0.02111256  d_x2-y2
   17   1   0   0       1.32149458  s
   17   2   1  -1       0.82850687  p_y
   17   2   1   0       0.82733618  p_z
   17   2   1   1       0.82758209  p_x
   17   3   2  -2       0.04227869  d_xy
   17   3   2  -1       0.04149296  d_yz
   17   3   2   0       0.02332271  d_z2
   17   3   2   1       0.04513596  d_xz
   17   3   2   2       0.02281641  d_x2-y2
   18   1   0   0       1.36183169  s
   18   2   1  -1       0.82227951  p_y
   18   2   1   0       0.83062601  p_z
   18   2   1   1       0.82991093  p_x
   18   3   2  -2       0.03718510  d_xy
   18   3   2  -1       0.03933180  d_yz
   18   3   2   0       0.01921210  d_z2
   18   3   2   1       0.03609779  d_xz
   18   3   2   2       0.01997569  d_x2-y2
   19   1   0   0       1.35173238  s
   19   2   1  -1       0.82683994  p_y
   19   2   1   0       0.82748276  p_z
   19   2   1   1       0.82623457  p_x
   19   3   2  -2       0.03876349  d_xy
   19   3   2  -1       0.04113201  d_yz
   19   3   2   0       0.02079955  d_z2
   19   3   2   1       0.04135198  d_xz
   19   3   2   2       0.02064182  d_x2-y2
   20   1   0   0       1.38070765  s
   20   2   1  -1       0.83083419  p_y
   20   2   1   0       0.83295529  p_z
   20   2   1   1       0.83244324  p_x
   20   3   2  -2       0.03605263  d_xy
   20   3   2  -1       0.03671808  d_yz
   20   3   2   0       0.01584361  d_z2
   20   3   2   1       0.03536811  d_xz
   20   3   2   2       0.01743990  d_x2-y2
   21   1   0   0       1.34240305  s
   21   2   1  -1       0.82729834  p_y
   21   2   1   0       0.82884724  p_z
   21   2   1   1       0.82615924  p_x
   21   3   2  -2       0.04249838  d_xy
   21   3   2  -1       0.03872070  d_yz
   21   3   2   0       0.02084218  d_z2
   21   3   2   1       0.03978827  d_xz
   21   3   2   2       0.01977144  d_x2-y2
   22   1   0   0       1.36570374  s
   22   2   1  -1       0.83319163  p_y
   22   2   1   0       0.82905901  p_z
   22   2   1   1       0.83563978  p_x
   22   3   2  -2       0.03536578  d_xy
   22   3   2  -1       0.04093466  d_yz
   22   3   2   0       0.01948200  d_z2
   22   3   2   1       0.04072494  d_xz
   22   3   2   2       0.01855096  d_x2-y2
   23   1   0   0       1.30921861  s
   23   2   1  -1       0.82289772  p_y
   23   2   1   0       0.83052617  p_z
   23   2   1   1       0.81902523  p_x
   23   3   2  -2       0.04721158  d_xy
   23   3   2  -1       0.04632214  d_yz
   23   3   2   0       0.02844221  d_z2
   23   3   2   1       0.04589569  d_xz
   23   3   2   2       0.02673134  d_x2-y2
   24   1   0   0       1.38811722  s
   24   2   1  -1       0.83529540  p_y
   24   2   1   0       0.83138537  p_z
   24   2   1   1       0.83350949  p_x
   24   3   2  -2       0.03398284  d_xy
   24   3   2  -1       0.03714082  d_yz
   24   3   2   0       0.01600338  d_z2
   24   3   2   1       0.03380224  d_xz
   24   3   2   2       0.01575701  d_x2-y2
   25   1   0   0       1.39223769  s
   25   2   1  -1       0.82725314  p_y
   25   2   1   0       0.82546051  p_z
   25   2   1   1       0.82811051  p_x
   25   3   2  -2       0.03631966  d_xy
   25   3   2  -1       0.03825902  d_yz
   25   3   2   0       0.01744581  d_z2
   25   3   2   1       0.03447150  d_xz
   25   3   2   2       0.01700367  d_x2-y2
   26   1   0   0       1.33317002  s
   26   2   1  -1       0.82437689  p_y
   26   2   1   0       0.83050234  p_z
   26   2   1   1       0.82883182  p_x
   26   3   2  -2       0.04344283  d_xy
   26   3   2  -1       0.04082732  d_yz
   26   3   2   0       0.02096558  d_z2
   26   3   2   1       0.03916159  d_xz
   26   3   2   2       0.02196638  d_x2-y2
   27   1   0   0       1.35463069  s
   27   2   1  -1       0.82406915  p_y
   27   2   1   0       0.82066230  p_z
   27   2   1   1       0.82783762  p_x
   27   3   2  -2       0.04268826  d_xy
   27   3   2  -1       0.03867585  d_yz
   27   3   2   0       0.02424095  d_z2
   27   3   2   1       0.04042341  d_xz
   27   3   2   2       0.01880148  d_x2-y2
   28   1   0   0       1.34992692  s
   28   2   1  -1       0.82946001  p_y
   28   2   1   0       0.82728540  p_z
   28   2   1   1       0.82340679  p_x
   28   3   2  -2       0.04110227  d_xy
   28   3   2  -1       0.03777995  d_yz
   28   3   2   0       0.02094169  d_z2
   28   3   2   1       0.04452760  d_xz
   28   3   2   2       0.02094549  d_x2-y2
   29   1   0   0       1.35392749  s
   29   2   1  -1       0.82392146  p_y
   29   2   1   0       0.83242456  p_z
   29   2   1   1       0.82721488  p_x
   29   3   2  -2       0.04498398  d_xy
   29   3   2  -1       0.03472576  d_yz
   29   3   2   0       0.02081030  d_z2
   29   3   2   1       0.03927793  d_xz
   29   3   2   2       0.01957566  d_x2-y2
   30   1   0   0       1.36575464  s
   30   2   1  -1       0.82989842  p_y
   30   2   1   0       0.82680708  p_z
   30   2   1   1       0.83085049  p_x
   30   3   2  -2       0.03871433  d_xy
   30   3   2  -1       0.04059654  d_yz
   30   3   2   0       0.01843960  d_z2
   30   3   2   1       0.04146258  d_xz
   30   3   2   2       0.02165580  d_x2-y2
   31   1   0   0       1.38629214  s
   31   2   1  -1       0.82816852  p_y
   31   2   1   0       0.83129011  p_z
   31   2   1   1       0.82331245  p_x
   31   3   2  -2       0.03521399  d_xy
   31   3   2  -1       0.03819826  d_yz
   31   3   2   0       0.01512907  d_z2
   31   3   2   1       0.03454908  d_xz
   31   3   2   2       0.01721066  d_x2-y2
   32   1   0   0       1.36412324  s
   32   2   1  -1       0.82792758  p_y
   32   2   1   0       0.82671106  p_z
   32   2   1   1       0.82489120  p_x
   32   3   2  -2       0.04144101  d_xy
   32   3   2  -1       0.04044382  d_yz
   32   3   2   0       0.02056588  d_z2
   32   3   2   1       0.04463185  d_xz
   32   3   2   2       0.02238471  d_x2-y2
   33   1   0   0       1.36316509  s
   33   2   1  -1       0.83178689  p_y
   33   2   1   0       0.83690950  p_z
   33   2   1   1       0.81857288  p_x
   33   3   2  -2       0.03762528  d_xy
   33   3   2  -1       0.03342362  d_yz
   33   3   2   0       0.01713299  d_z2
   33   3   2   1       0.04753149  d_xz
   33   3   2   2       0.02201125  d_x2-y2
   34   1   0   0       1.35243588  s
   34   2   1  -1       0.82359783  p_y
   34   2   1   0       0.82038363  p_z
   34   2   1   1       0.82648592  p_x
   34   3   2  -2       0.03904561  d_xy
   34   3   2  -1       0.04340126  d_yz
   34   3   2   0       0.02095146  d_z2
   34   3   2   1       0.03918307  d_xz
   34   3   2   2       0.01941894  d_x2-y2
   35   1   0   0       1.36890305  s
   35   2   1  -1       0.82336212  p_y
   35   2   1   0       0.83015868  p_z
   35   2   1   1       0.81984352  p_x
   35   3   2  -2       0.04094739  d_xy
   35   3   2  -1       0.04101335  d_yz
   35   3   2   0       0.02046987  d_z2
   35   3   2   1       0.03834965  d_xz
   35   3   2   2       0.02057065  d_x2-y2
   36   1   0   0       1.35667937  s
   36   2   1  -1       0.82886275  p_y
   36   2   1   0       0.82848253  p_z
   36   2   1   1       0.82490930  p_x
   36   3   2  -2       0.04233959  d_xy
   36   3   2  -1       0.03649231  d_yz
   36   3   2   0       0.01962787  d_z2
   36   3   2   1       0.03803200  d_xz
   36   3   2   2       0.01848906  d_x2-y2
   37   1   0   0       1.35530997  s
   37   2   1  -1       0.82268603  p_y
   37   2   1   0       0.82145385  p_z
   37   2   1   1       0.82508537  p_x
   37   3   2  -2       0.03714848  d_xy
   37   3   2  -1       0.04138331  d_yz
   37   3   2   0       0.02086162  d_z2
   37   3   2   1       0.04412345  d_xz
   37   3   2   2       0.02216302  d_x2-y2
   38   1   0   0       1.36816386  s
   38   2   1  -1       0.82707922  p_y
   38   2   1   0       0.82902015  p_z
   38   2   1   1       0.82585343  p_x
   38   3   2  -2       0.03887426  d_xy
   38   3   2  -1       0.03541487  d_yz
   38   3   2   0       0.01867917  d_z2
   38   3   2   1       0.04105653  d_xz
   38   3   2   2       0.01764248  d_x2-y2
   39   1   0   0       1.35005115  s
   39   2   1  -1       0.82891732  p_y
   39   2   1   0       0.82416923  p_z
   39   2   1   1       0.83006372  p_x
   39   3   2  -2       0.03923539  d_xy
   39   3   2  -1       0.03884040  d_yz
   39   3   2   0       0.01997982  d_z2
   39   3   2   1       0.04011071  d_xz
   39   3   2   2       0.01912550  d_x2-y2
   40   1   0   0       1.35887715  s
   40   2   1  -1       0.82201345  p_y
   40   2   1   0       0.83324911  p_z
   40   2   1   1       0.83067679  p_x
   40   3   2  -2       0.04058994  d_xy
   40   3   2  -1       0.04351775  d_yz
   40   3   2   0       0.01811134  d_z2
   40   3   2   1       0.03526941  d_xz
   40   3   2   2       0.02087096  d_x2-y2
   41   1   0   0       1.37530099  s
   41   2   1  -1       0.82714575  p_y
   41   2   1   0       0.83075565  p_z
   41   2   1   1       0.83043275  p_x
   41   3   2  -2       0.03742331  d_xy
   41   3   2  -1       0.04506200  d_yz
   41   3   2   0       0.01878112  d_z2
   41   3   2   1       0.03291082  d_xz
   41   3   2   2       0.01909464  d_x2-y2
   42   1   0   0       1.32885978  s
   42   2   1  -1       0.81947877  p_y
   42   2   1   0       0.81982140  p_z
   42   2   1   1       0.82896106  p_x
   42   3   2  -2       0.03890082  d_xy
   42   3   2  -1       0.04998484  d_yz
   42   3   2   0       0.02313884  d_z2
   42   3   2   1       0.04154552  d_xz
   42   3   2   2       0.02441987  d_x2-y2
   43   1   0   0       1.36416476  s
   43   2   1  -1       0.83098040  p_y
   43   2   1   0       0.83133884  p_z
   43   2   1   1       0.83502707  p_x
   43   3   2  -2       0.04342410  d_xy
   43   3   2  -1       0.03320741  d_yz
   43   3   2   0       0.01962888  d_z2
   43   3   2   1       0.03588217  d_xz
   43   3   2   2       0.01738250  d_x2-y2
   44   1   0   0       1.33301327  s
   44   2   1  -1       0.82954522  p_y
   44   2   1   0       0.82541371  p_z
   44   2   1   1       0.82193116  p_x
   44   3   2  -2       0.04253550  d_xy
   44   3   2  -1       0.04003532  d_yz
   44   3   2   0       0.02261018  d_z2
   44   3   2   1       0.04631387  d_xz
   44   3   2   2       0.02244426  d_x2-y2
   45   1   0   0       1.34998313  s
   45   2   1  -1       0.83658930  p_y
   45   2   1   0       0.81955248  p_z
   45   2   1   1       0.83206567  p_x
   45   3   2  -2       0.03704756  d_xy
   45   3   2  -1       0.04017629  d_yz
   45   3   2   0       0.01950249  d_z2
   45   3   2   1       0.03752926  d_xz
   45   3   2   2       0.01756967  d_x2-y2
   46   1   0   0       1.35061788  s
   46   2   1  -1       0.82740438  p_y
   46   2   1   0       0.83004931  p_z
   46   2   1   1       0.82694942  p_x
   46   3   2  -2       0.04110129  d_xy
   46   3   2  -1       0.04287585  d_yz
   46   3   2   0       0.02064720  d_z2
   46   3   2   1       0.03888866  d_xz
   46   3   2   2       0.02294440  d_x2-y2
   47   1   0   0       1.36644323  s
   47   2   1  -1       0.82538894  p_y
   47   2   1   0       0.82856521  p_z
   47   2   1   1       0.83173419  p_x
   47   3   2  -2       0.03565750  d_xy
   47   3   2  -1       0.04086707  d_yz
   47   3   2   0       0.01765050  d_z2
   47   3   2   1       0.03848126  d_xz
   47   3   2   2       0.01976824  d_x2-y2
   48   1   0   0       1.35516728  s
   48   2   1  -1       0.82633307  p_y
   48   2   1   0       0.82943803  p_z
   48   2   1   1       0.82517763  p_x
   48   3   2  -2       0.04141000  d_xy
   48   3   2  -1       0.03737329  d_yz
   48   3   2   0       0.02056442  d_z2
   48   3   2   1       0.04341697  d_xz
   48   3   2   2       0.01975738  d_x2-y2
   49   1   0   0       1.33834159  s
   49   2   1  -1       0.82716740  p_y
   49   2   1   0       0.82369931  p_z
   49   2   1   1       0.82083504  p_x
   49   3   2  -2       0.04700832  d_xy
   49   3   2  -1       0.03592123  d_yz
   49   3   2   0       0.02245014  d_z2
   49   3   2   1       0.04162297  d_xz
   49   3   2   2       0.02156454  d_x2-y2
   50   1   0   0       1.38187491  s
   50   2   1  -1       0.82616024  p_y
   50   2   1   0       0.83299128  p_z
   50   2   1   1       0.82899093  p_x
   50   3   2  -2       0.03413849  d_xy
   50   3   2  -1       0.03910405  d_yz
   50   3   2   0       0.01559413  d_z2
   50   3   2   1       0.03599927  d_xz
   50   3   2   2       0.01877738  d_x2-y2
   51   1   0   0       1.31872298  s
   51   2   1  -1       0.82578060  p_y
   51   2   1   0       0.81505634  p_z
   51   2   1   1       0.82745715  p_x
   51   3   2  -2       0.03936364  d_xy
   51   3   2  -1       0.05023979  d_yz
   51   3   2   0       0.02650349  d_z2
   51   3   2   1       0.04559144  d_xz
   51   3   2   2       0.02386774  d_x2-y2
   52   1   0   0       1.36904411  s
   52   2   1  -1       0.82563788  p_y
   52   2   1   0       0.82481137  p_z
   52   2   1   1       0.82529304  p_x
   52   3   2  -2       0.03893077  d_xy
   52   3   2  -1       0.03786293  d_yz
   52   3   2   0       0.01933767  d_z2
   52   3   2   1       0.04264195  d_xz
   52   3   2   2       0.02127843  d_x2-y2
   53   1   0   0       1.31107097  s
   53   2   1  -1       0.82313100  p_y
   53   2   1   0       0.82516204  p_z
   53   2   1   1       0.82616704  p_x
   53   3   2  -2       0.03956054  d_xy
   53   3   2  -1       0.04824901  d_yz
   53   3   2   0       0.02451086  d_z2
   53   3   2   1       0.04787960  d_xz
   53   3   2   2       0.02698015  d_x2-y2
   54   1   0   0       1.37526536  s
   54   2   1  -1       0.83150375  p_y
   54   2   1   0       0.83092760  p_z
   54   2   1   1       0.83513503  p_x
   54   3   2  -2       0.03388912  d_xy
   54   3   2  -1       0.03622080  d_yz
   54   3   2   0       0.01623034  d_z2
   54   3   2   1       0.03948345  d_xz
   54   3   2   2       0.01779670  d_x2-y2
   55   1   0   0       1.38097119  s
   55   2   1  -1       0.83122367  p_y
   55   2   1   0       0.83278793  p_z
   55   2   1   1       0.83304369  p_x
   55   3   2  -2       0.03569449  d_xy
   55   3   2  -1       0.03384997  d_yz
   55   3   2   0       0.01589411  d_z2
   55   3   2   1       0.03551291  d_xz
   55   3   2   2       0.01606009  d_x2-y2
   56   1   0   0       1.36055017  s
   56   2   1  -1       0.82310811  p_y
   56   2   1   0       0.82739803  p_z
   56   2   1   1       0.83433807  p_x
   56   3   2  -2       0.03886980  d_xy
   56   3   2  -1       0.04145239  d_yz
   56   3   2   0       0.02060448  d_z2
   56   3   2   1       0.03430883  d_xz
   56   3   2   2       0.01991124  d_x2-y2
   57   1   0   0       1.35641899  s
   57   2   1  -1       0.82411314  p_y
   57   2   1   0       0.82225912  p_z
   57   2   1   1       0.82407363  p_x
   57   3   2  -2       0.03916549  d_xy
   57   3   2  -1       0.03808684  d_yz
   57   3   2   0       0.02014335  d_z2
   57   3   2   1       0.04267235  d_xz
   57   3   2   2       0.01931191  d_x2-y2
   58   1   0   0       1.34431882  s
   58   2   1  -1       0.82833159  p_y
   58   2   1   0       0.82906376  p_z
   58   2   1   1       0.82770477  p_x
   58   3   2  -2       0.04277604  d_xy
   58   3   2  -1       0.03945316  d_yz
   58   3   2   0       0.02210721  d_z2
   58   3   2   1       0.04272662  d_xz
   58   3   2   2       0.02043606  d_x2-y2
   59   1   0   0       1.34961359  s
   59   2   1  -1       0.83079251  p_y
   59   2   1   0       0.81725895  p_z
   59   2   1   1       0.82952200  p_x
   59   3   2  -2       0.03307083  d_xy
   59   3   2  -1       0.04082317  d_yz
   59   3   2   0       0.02073614  d_z2
   59   3   2   1       0.04047816  d_xz
   59   3   2   2       0.01734458  d_x2-y2
   60   1   0   0       1.36367365  s
   60   2   1  -1       0.82173755  p_y
   60   2   1   0       0.83651313  p_z
   60   2   1   1       0.83112313  p_x
   60   3   2  -2       0.04421828  d_xy
   60   3   2  -1       0.03865302  d_yz
   60   3   2   0       0.01739023  d_z2
   60   3   2   1       0.03516738  d_xz
   60   3   2   2       0.02194529  d_x2-y2
   61   1   0   0       1.41002229  s
   61   2   1  -1       0.83438269  p_y
   61   2   1   0       0.82719694  p_z
   61   2   1   1       0.82814335  p_x
   61   3   2  -2       0.03607084  d_xy
   61   3   2  -1       0.03445772  d_yz
   61   3   2   0       0.01564405  d_z2
   61   3   2   1       0.03245599  d_xz
   61   3   2   2       0.01419375  d_x2-y2
   62   1   0   0       1.35234825  s
   62   2   1  -1       0.83183369  p_y
   62   2   1   0       0.83095321  p_z
   62   2   1   1       0.82780332  p_x
   62   3   2  -2       0.03790328  d_xy
   62   3   2  -1       0.04110848  d_yz
   62   3   2   0       0.01890905  d_z2
   62   3   2   1       0.03999649  d_xz
   62   3   2   2       0.02043490  d_x2-y2
   63   1   0   0       1.36878703  s
   63   2   1  -1       0.82800091  p_y
   63   2   1   0       0.83068901  p_z
   63   2   1   1       0.82425905  p_x
   63   3   2  -2       0.04377704  d_xy
   63   3   2  -1       0.03681320  d_yz
   63   3   2   0       0.02045717  d_z2
   63   3   2   1       0.03883864  d_xz
   63   3   2   2       0.01969492  d_x2-y2
   64   1   0   0       1.39025745  s
   64   2   1  -1       0.82939380  p_y
   64   2   1   0       0.82773095  p_z
   64   2   1   1       0.83053115  p_x
   64   3   2  -2       0.03610927  d_xy
   64   3   2  -1       0.03605693  d_yz
   64   3   2   0       0.01629182  d_z2
   64   3   2   1       0.03641008  d_xz
   64   3   2   2       0.01650648  d_x2-y2

Fermi level:                        -0.1336548083 H           -3.6369 eV
Band energy:                       -88.1704276440 H        -2399.2394 eV
TS:                                  0.0000000000 H            0.0000 eV
Band free energy (E-TS):           -88.1704276440 H        -2399.2394 eV
Extrapolated E(0K):                -88.1704276440 H        -2399.2394 eV
Input / Output electrons (q):    256.0000000000    256.0000000000

Energy H0:                         -88.1562182060 H        -2398.8527 eV
Energy SCC:                          0.0006173052 H            0.0168 eV
Total Electronic energy:           -88.1556009009 H        -2398.8360 eV
Repulsive energy:                    0.0000000000 H            0.0000 eV
Total energy:                      -88.1556009009 H        -2398.8360 eV
Extrapolated to 0:                 -88.1556009009 H        -2398.8360 eV
Total Mermin free energy:          -88.1556009009 H        -2398.8360 eV
Force related energy:              -88.1556009009 H        -2398.8360 eV

Non-constrained calculation

SCC converged

Warning: dipole moment is not defined absolutely!
Dipole moment:    0.10384648    0.18128659    0.51701277 au
Dipole moment:    0.26395143    0.46078459    1.31411549 Debye


