 Fermi distribution function

Calculation with static geometry


********************************************************************************
 iSCC Total electronic   Diff electronic      SCC error    
    9   -0.88098202E+02   -0.15943584E-08    0.82575287E-05
********************************************************************************

 Total charge:    -0.00000000

 Atomic gross charges (e)
 Atom           Charge
    1       0.00215881
    2       0.01173467
    3       0.00893335
    4       0.01193027
    5       0.01682829
    6      -0.00528609
    7       0.00601805
    8      -0.00304493
    9       0.02098412
   10       0.00032390
   11       0.00055813
   12       0.01019095
   13       0.00421537
   14      -0.00218165
   15       0.00851616
   16      -0.00653931
   17      -0.00179918
   18      -0.00822069
   19      -0.02214974
   20      -0.03063718
   21      -0.01668642
   22       0.00475797
   23      -0.00581501
   24      -0.02225974
   25      -0.02327866
   26       0.00123957
   27      -0.00581611
   28       0.00261903
   29      -0.01153269
   30       0.01612313
   31      -0.01337154
   32       0.02615327
   33       0.02937996
   34       0.01451304
   35       0.02338178
   36      -0.02230483
   37       0.00917613
   38      -0.01134800
   39       0.01187108
   40       0.00001178
   41       0.02316746
   42       0.01564901
   43      -0.00029586
   44       0.00175075
   45      -0.00085632
   46      -0.00623886
   47      -0.00441776
   48       0.02000546
   49      -0.03413216
   50      -0.00475176
   51      -0.01312863
   52       0.00653489
   53       0.01436958
   54      -0.00422010
   55      -0.02115793
   56      -0.00305291
   57      -0.01459762
   58       0.00581044
   59      -0.01981757
   60      -0.00014479
   61      -0.00990942
   62       0.01876086
   63      -0.00698066
   64       0.00830686

Nr. of electrons (up):    256.00000000
Atom populations (up)
 Atom       Population
    1       3.99784119
    2       3.98826533
    3       3.99106665
    4       3.98806973
    5       3.98317171
    6       4.00528609
    7       3.99398195
    8       4.00304493
    9       3.97901588
   10       3.99967610
   11       3.99944187
   12       3.98980905
   13       3.99578463
   14       4.00218165
   15       3.99148384
   16       4.00653931
   17       4.00179918
   18       4.00822069
   19       4.02214974
   20       4.03063718
   21       4.01668642
   22       3.99524203
   23       4.00581501
   24       4.02225974
   25       4.02327866
   26       3.99876043
   27       4.00581611
   28       3.99738097
   29       4.01153269
   30       3.98387687
   31       4.01337154
   32       3.97384673
   33       3.97062004
   34       3.98548696
   35       3.97661822
   36       4.02230483
   37       3.99082387
   38       4.01134800
   39       3.98812892
   40       3.99998822
   41       3.97683254
   42       3.98435099
   43       4.00029586
   44       3.99824925
   45       4.00085632
   46       4.00623886
   47       4.00441776
   48       3.97999454
   49       4.03413216
   50       4.00475176
   51       4.01312863
   52       3.99346511
   53       3.98563042
   54       4.00422010
   55       4.02115793
   56       4.00305291
   57       4.01459762
   58       3.99418956
   59       4.01981757
   60       4.00014479
   61       4.00990942
   62       3.98123914
   63       4.00698066
   64       3.99169314

l-shell populations (up)
 Atom Sh.   l       Population
    1   1   0       1.36383064
    1   2   1       2.48291905
    1   3   2       0.15109150
    2   1   0       1.33557291
    2   2   1       2.48856977
    2   3   2       0.16412265
    3   1   0       1.35239397
    3   2   1       2.48325445
    3   3   2       0.15541823
    4   1   0       1.35710287
    4   2   1       2.46740340
    4   3   2       0.16356346
    5   1   0       1.34310125
    5   2   1       2.47702537
    5   3   2       0.16304509
    6   1   0       1.37774975
    6   2   1       2.47713811
    6   3   2       0.15039824
    7   1   0       1.36024984
    7   2   1       2.46733929
    7   3   2       0.16639281
    8   1   0       1.36091007
    8   2   1       2.48612845
    8   3   2       0.15600640
    9   1   0       1.32682848
    9   2   1       2.47895444
    9   3   2       0.17323296
   10   1   0       1.37623083
   10   2   1       2.46474619
   10   3   2       0.15869908
   11   1   0       1.36733535
   11   2   1       2.46941475
   11   3   2       0.16269177
   12   1   0       1.35853158
   12   2   1       2.47984465
   12   3   2       0.15143282
   13   1   0       1.35178732
   13   2   1       2.47935389
   13   3   2       0.16464341
   14   1   0       1.36339599
   14   2   1       2.48597711
   14   3   2       0.15280854
   15   1   0       1.35682739
   15   2   1       2.48362087
   15   3   2       0.15103559
   16   1   0       1.36262287
   16   2   1       2.48937418
   16   3   2       0.15454226
   17   1   0       1.36156504
   17   2   1       2.47508366
   17   3   2       0.16515048
   18   1   0       1.36373554
   18   2   1       2.48456111
   18   3   2       0.15992404
   19   1   0       1.37658468
   19   2   1       2.49562470
   19   3   2       0.14994036
   20   1   0       1.39906085
   20   2   1       2.49210612
   20   3   2       0.13947020
   21   1   0       1.37412445
   21   2   1       2.48821404
   21   3   2       0.15434793
   22   1   0       1.36611740
   22   2   1       2.47093347
   22   3   2       0.15819116
   23   1   0       1.35797956
   23   2   1       2.47889994
   23   3   2       0.16893552
   24   1   0       1.40291793
   24   2   1       2.48266295
   24   3   2       0.13667886
   25   1   0       1.38084610
   25   2   1       2.49803782
   25   3   2       0.14439474
   26   1   0       1.35790522
   26   2   1       2.48000014
   26   3   2       0.16085507
   27   1   0       1.37062471
   27   2   1       2.48174204
   27   3   2       0.15344935
   28   1   0       1.33501953
   28   2   1       2.49348237
   28   3   2       0.16887907
   29   1   0       1.37590139
   29   2   1       2.48553127
   29   3   2       0.15010004
   30   1   0       1.33495618
   30   2   1       2.47900085
   30   3   2       0.16991984
   31   1   0       1.36425124
   31   2   1       2.49769261
   31   3   2       0.15142770
   32   1   0       1.30509627
   32   2   1       2.47318472
   32   3   2       0.19556573
   33   1   0       1.33961000
   33   2   1       2.45658741
   33   3   2       0.17442262
   34   1   0       1.33523467
   34   2   1       2.48397850
   34   3   2       0.16627379
   35   1   0       1.31753058
   35   2   1       2.47836954
   35   3   2       0.18071810
   36   1   0       1.38817686
   36   2   1       2.49262308
   36   3   2       0.14150489
   37   1   0       1.33758696
   37   2   1       2.48528265
   37   3   2       0.16795426
   38   1   0       1.38043767
   38   2   1       2.49687377
   38   3   2       0.13403657
   39   1   0       1.34806295
   39   2   1       2.46979061
   39   3   2       0.17027536
   40   1   0       1.36365055
   40   2   1       2.48454388
   40   3   2       0.15179378
   41   1   0       1.33819517
   41   2   1       2.47240830
   41   3   2       0.16622907
   42   1   0       1.34311509
   42   2   1       2.46763796
   42   3   2       0.17359795
   43   1   0       1.38778508
   43   2   1       2.46358694
   43   3   2       0.14892383
   44   1   0       1.36216205
   44   2   1       2.47714819
   44   3   2       0.15893901
   45   1   0       1.36897648
   45   2   1       2.48492515
   45   3   2       0.14695469
   46   1   0       1.37613007
   46   2   1       2.47142818
   46   3   2       0.15868061
   47   1   0       1.37889526
   47   2   1       2.47192100
   47   3   2       0.15360149
   48   1   0       1.32517168
   48   2   1       2.47370017
   48   3   2       0.18112269
   49   1   0       1.40205665
   49   2   1       2.48756486
   49   3   2       0.14451065
   50   1   0       1.36362582
   50   2   1       2.49236351
   50   3   2       0.14876243
   51   1   0       1.35900061
   51   2   1       2.49443010
   51   3   2       0.15969792
   52   1   0       1.35357878
   52   2   1       2.47739602
   52   3   2       0.16249031
   53   1   0       1.33922062
   53   2   1       2.46636045
   53   3   2       0.18004935
   54   1   0       1.37638887
   54   2   1       2.47024138
   54   3   2       0.15758985
   55   1   0       1.39346869
   55   2   1       2.48489729
   55   3   2       0.14279196
   56   1   0       1.37353198
   56   2   1       2.46702738
   56   3   2       0.16249356
   57   1   0       1.36675190
   57   2   1       2.49984702
   57   3   2       0.14799870
   58   1   0       1.36969404
   58   2   1       2.45927631
   58   3   2       0.16521922
   59   1   0       1.37801217
   59   2   1       2.49166203
   59   3   2       0.15014337
   60   1   0       1.35163940
   60   2   1       2.48425977
   60   3   2       0.16424562
   61   1   0       1.37687578
   61   2   1       2.48839314
   61   3   2       0.14464050
   62   1   0       1.32454912
   62   2   1       2.47941727
   62   3   2       0.17727276
   63   1   0       1.36472746
   63   2   1       2.48676891
   63   3   2       0.15548428
   64   1   0       1.35099564
   64   2   1       2.48914112
   64   3   2       0.15155638

Orbital populations (up)
 Atom Sh.   l   m       Population  Label
    1   1   0   0       1.36383064  s
    1   2   1  -1       0.83110588  p_y
    1   2   1   0       0.82451148  p_z
    1   2   1   1       0.82730169  p_x
    1   3   2  -2       0.03534040  d_xy
    1   3   2  -1       0.04304921  d_yz
    1   3   2   0       0.01895826  d_z2
    1   3   2   1       0.03614445  d_xz
    1   3   2   2       0.01759918  d_x2-y2
    2   1   0   0       1.33557291  s
    2   2   1  -1       0.82868766  p_y
    2   2   1   0       0.82620434  p_z
    2   2   1   1       0.83367777  p_x
    2   3   2  -2       0.04002309  d_xy
    2   3   2  -1       0.04054226  d_yz
    2   3   2   0       0.02100357  d_z2
    2   3   2   1       0.04184957  d_xz
    2   3   2   2       0.02070416  d_x2-y2
    3   1   0   0       1.35239397  s
    3   2   1  -1       0.83221283  p_y
    3   2   1   0       0.82377825  p_z
    3   2   1   1       0.82726337  p_x
    3   3   2  -2       0.03679417  d_xy
    3   3   2  -1       0.03700881  d_yz
    3   3   2   0       0.01998797  d_z2
    3   3   2   1       0.04308312  d_xz
    3   3   2   2       0.01854415  d_x2-y2
    4   1   0   0       1.35710287  s
    4   2   1  -1       0.82206141  p_y
    4   2   1   0       0.82152773  p_z
    4   2   1   1       0.82381426  p_x
    4   3   2  -2       0.03952111  d_xy
    4   3   2  -1       0.04114790  d_yz
    4   3   2   0       0.02231377  d_z2
    4   3   2   1       0.04042115  d_xz
    4   3   2   2       0.02015954  d_x2-y2
    5   1   0   0       1.34310125  s
    5   2   1  -1       0.82895079  p_y
    5   2   1   0       0.82747220  p_z
    5   2   1   1       0.82060238  p_x
    5   3   2  -2       0.04110602  d_xy
    5   3   2  -1       0.03565551  d_yz
    5   3   2   0       0.02112124  d_z2
    5   3   2   1       0.04430913  d_xz
    5   3   2   2       0.02085319  d_x2-y2
    6   1   0   0       1.37774975  s
    6   2   1  -1       0.82466366  p_y
    6   2   1   0       0.82517298  p_z
    6   2   1   1       0.82730147  p_x
    6   3   2  -2       0.04150523  d_xy
    6   3   2  -1       0.03777945  d_yz
    6   3   2   0       0.01848372  d_z2
    6   3   2   1       0.03434033  d_xz
    6   3   2   2       0.01828950  d_x2-y2
    7   1   0   0       1.36024984  s
    7   2   1  -1       0.82715190  p_y
    7   2   1   0       0.81881969  p_z
    7   2   1   1       0.82136770  p_x
    7   3   2  -2       0.03435393  d_xy
    7   3   2  -1       0.04314032  d_yz
    7   3   2   0       0.02073302  d_z2
    7   3   2   1       0.04669764  d_xz
    7   3   2   2       0.02146791  d_x2-y2
    8   1   0   0       1.36091007  s
    8   2   1  -1       0.82953292  p_y
    8   2   1   0       0.83008082  p_z
    8   2   1   1       0.82651471  p_x
    8   3   2  -2       0.04051876  d_xy
    8   3   2  -1       0.03577867  d_yz
    8   3   2   0       0.01985966  d_z2
    8   3   2   1       0.04057609  d_xz
    8   3   2   2       0.01927324  d_x2-y2
    9   1   0   0       1.32682848  s
    9   2   1  -1       0.82896234  p_y
    9   2   1   0       0.82479333  p_z
    9   2   1   1       0.82519878  p_x
    9   3   2  -2       0.04306719  d_xy
    9   3   2  -1       0.03818686  d_yz
    9   3   2   0       0.02296268  d_z2
    9   3   2   1       0.04664519  d_xz
    9   3   2   2       0.02237104  d_x2-y2
   10   1   0   0       1.37623083  s
   10   2   1  -1       0.82858723  p_y
   10   2   1   0       0.81802800  p_z
   10   2   1   1       0.81813096  p_x
   10   3   2  -2       0.03729138  d_xy
   10   3   2  -1       0.04051316  d_yz
   10   3   2   0       0.01932510  d_z2
   10   3   2   1       0.04072087  d_xz
   10   3   2   2       0.02084856  d_x2-y2
   11   1   0   0       1.36733535  s
   11   2   1  -1       0.81744130  p_y
   11   2   1   0       0.83109146  p_z
   11   2   1   1       0.82088199  p_x
   11   3   2  -2       0.04557710  d_xy
   11   3   2  -1       0.04086699  d_yz
   11   3   2   0       0.01879326  d_z2
   11   3   2   1       0.03566921  d_xz
   11   3   2   2       0.02178521  d_x2-y2
   12   1   0   0       1.35853158  s
   12   2   1  -1       0.82617377  p_y
   12   2   1   0       0.82821789  p_z
   12   2   1   1       0.82545299  p_x
   12   3   2  -2       0.03928317  d_xy
   12   3   2  -1       0.03480989  d_yz
   12   3   2   0       0.01925089  d_z2
   12   3   2   1       0.03977886  d_xz
   12   3   2   2       0.01831001  d_x2-y2
   13   1   0   0       1.35178732  s
   13   2   1  -1       0.82695349  p_y
   13   2   1   0       0.82498786  p_z
   13   2   1   1       0.82741254  p_x
   13   3   2  -2       0.04434393  d_xy
   13   3   2  -1       0.04017454  d_yz
   13   3   2   0       0.02128381  d_z2
   13   3   2   1       0.03731575  d_xz
   13   3   2   2       0.02152538  d_x2-y2
   14   1   0   0       1.36339599  s
   14   2   1  -1       0.82823771  p_y
   14   2   1   0       0.82807395  p_z
   14   2   1   1       0.82966545  p_x
   14   3   2  -2       0.03743697  d_xy
   14   3   2  -1       0.03638286  d_yz
   14   3   2   0       0.01968797  d_z2
   14   3   2   1       0.04200887  d_xz
   14   3   2   2       0.01729188  d_x2-y2
   15   1   0   0       1.35682739  s
   15   2   1  -1       0.83165909  p_y
   15   2   1   0       0.82174564  p_z
   15   2   1   1       0.83021614  p_x
   15   3   2  -2       0.03794028  d_xy
   15   3   2  -1       0.04097211  d_yz
   15   3   2   0       0.01906095  d_z2
   15   3   2   1       0.03513979  d_xz
   15   3   2   2       0.01792246  d_x2-y2
   16   1   0   0       1.36262287  s
   16   2   1  -1       0.82794559  p_y
   16   2   1   0       0.82880612  p_z
   16   2   1   1       0.83262247  p_x
   16   3   2  -2       0.03402023  d_xy
   16   3   2  -1       0.04331098  d_yz
   16   3   2   0       0.01826107  d_z2
   16   3   2   1       0.03890236  d_xz
   16   3   2   2       0.02004762  d_x2-y2
   17   1   0   0       1.36156504  s
   17   2   1  -1       0.82864276  p_y
   17   2   1   0       0.82533290  p_z
   17   2   1   1       0.82110800  p_x
   17   3   2  -2       0.03888206  d_xy
   17   3   2  -1       0.04123486  d_yz
   17   3   2   0       0.02139404  d_z2
   17   3   2   1       0.04303309  d_xz
   17   3   2   2       0.02060643  d_x2-y2
   18   1   0   0       1.36373554  s
   18   2   1  -1       0.82313217  p_y
   18   2   1   0       0.83150616  p_z
   18   2   1   1       0.82992277  p_x
   18   3   2  -2       0.04816914  d_xy
   18   3   2  -1       0.03932860  d_yz
   18   3   2   0       0.02031810  d_z2
   18   3   2   1       0.03310820  d_xz
   18   3   2   2       0.01900001  d_x2-y2
   19   1   0   0       1.37658468  s
   19   2   1  -1       0.83194432  p_y
   19   2   1   0       0.83239552  p_z
   19   2   1   1       0.83128486  p_x
   19   3   2  -2       0.03671040  d_xy
   19   3   2  -1       0.03664519  d_yz
   19   3   2   0       0.01735130  d_z2
   19   3   2   1       0.04051937  d_xz
   19   3   2   2       0.01871410  d_x2-y2
   20   1   0   0       1.39906085  s
   20   2   1  -1       0.83105458  p_y
   20   2   1   0       0.83140162  p_z
   20   2   1   1       0.82964993  p_x
   20   3   2  -2       0.03588078  d_xy
   20   3   2  -1       0.03510025  d_yz
   20   3   2   0       0.01621381  d_z2
   20   3   2   1       0.03657362  d_xz
   20   3   2   2       0.01570175  d_x2-y2
   21   1   0   0       1.37412445  s
   21   2   1  -1       0.83077534  p_y
   21   2   1   0       0.83193453  p_z
   21   2   1   1       0.82550416  p_x
   21   3   2  -2       0.04282046  d_xy
   21   3   2  -1       0.03593442  d_yz
   21   3   2   0       0.02005396  d_z2
   21   3   2   1       0.03777018  d_xz
   21   3   2   2       0.01776891  d_x2-y2
   22   1   0   0       1.36611740  s
   22   2   1  -1       0.83266174  p_y
   22   2   1   0       0.81577107  p_z
   22   2   1   1       0.82250066  p_x
   22   3   2  -2       0.03763767  d_xy
   22   3   2  -1       0.04004911  d_yz
   22   3   2   0       0.02098642  d_z2
   22   3   2   1       0.04052982  d_xz
   22   3   2   2       0.01898813  d_x2-y2
   23   1   0   0       1.35797956  s
   23   2   1  -1       0.82600268  p_y
   23   2   1   0       0.82393545  p_z
   23   2   1   1       0.82896181  p_x
   23   3   2  -2       0.03999711  d_xy
   23   3   2  -1       0.04311964  d_yz
   23   3   2   0       0.02108448  d_z2
   23   3   2   1       0.04294035  d_xz
   23   3   2   2       0.02179395  d_x2-y2
   24   1   0   0       1.40291793  s
   24   2   1  -1       0.82420615  p_y
   24   2   1   0       0.82566448  p_z
   24   2   1   1       0.83279232  p_x
   24   3   2  -2       0.03382011  d_xy
   24   3   2  -1       0.03530485  d_yz
   24   3   2   0       0.01686979  d_z2
   24   3   2   1       0.03522651  d_xz
   24   3   2   2       0.01545760  d_x2-y2
   25   1   0   0       1.38084610  s
   25   2   1  -1       0.83033397  p_y
   25   2   1   0       0.83770770  p_z
   25   2   1   1       0.82999614  p_x
   25   3   2  -2       0.04007973  d_xy
   25   3   2  -1       0.03659465  d_yz
   25   3   2   0       0.01558201  d_z2
   25   3   2   1       0.03390955  d_xz
   25   3   2   2       0.01822880  d_x2-y2
   26   1   0   0       1.35790522  s
   26   2   1  -1       0.82950435  p_y
   26   2   1   0       0.82415591  p_z
   26   2   1   1       0.82633989  p_x
   26   3   2  -2       0.03737660  d_xy
   26   3   2  -1       0.03876473  d_yz
   26   3   2   0       0.02041113  d_z2
   26   3   2   1       0.04401156  d_xz
   26   3   2   2       0.02029105  d_x2-y2
   27   1   0   0       1.37062471  s
   27   2   1  -1       0.82260781  p_y
   27   2   1   0       0.83042749  p_z
   27   2   1   1       0.82870674  p_x
   27   3   2  -2       0.04058518  d_xy
   27   3   2  -1       0.03909667  d_yz
   27   3   2   0       0.01929500  d_z2
   27   3   2   1       0.03585324  d_xz
   27   3   2   2       0.01861927  d_x2-y2
   28   1   0   0       1.33501953  s
   28   2   1  -1       0.83414936  p_y
   28   2   1   0       0.83085207  p_z
   28   2   1   1       0.82848094  p_x
   28   3   2  -2       0.03806845  d_xy
   28   3   2  -1       0.04320186  d_yz
   28   3   2   0       0.02158666  d_z2
   28   3   2   1       0.04375218  d_xz
   28   3   2   2       0.02226993  d_x2-y2
   29   1   0   0       1.37590139  s
   29   2   1  -1       0.82651911  p_y
   29   2   1   0       0.82798783  p_z
   29   2   1   1       0.83102432  p_x
   29   3   2  -2       0.03619572  d_xy
   29   3   2  -1       0.04239158  d_yz
   29   3   2   0       0.01743004  d_z2
   29   3   2   1       0.03642788  d_xz
   29   3   2   2       0.01765482  d_x2-y2
   30   1   0   0       1.33495618  s
   30   2   1  -1       0.82775065  p_y
   30   2   1   0       0.82764541  p_z
   30   2   1   1       0.82360479  p_x
   30   3   2  -2       0.04363214  d_xy
   30   3   2  -1       0.03927379  d_yz
   30   3   2   0       0.02527084  d_z2
   30   3   2   1       0.04156898  d_xz
   30   3   2   2       0.02017409  d_x2-y2
   31   1   0   0       1.36425124  s
   31   2   1  -1       0.83098577  p_y
   31   2   1   0       0.83673560  p_z
   31   2   1   1       0.82997124  p_x
   31   3   2  -2       0.04106834  d_xy
   31   3   2  -1       0.03681956  d_yz
   31   3   2   0       0.01694993  d_z2
   31   3   2   1       0.03708258  d_xz
   31   3   2   2       0.01950730  d_x2-y2
   32   1   0   0       1.30509627  s
   32   2   1  -1       0.82019783  p_y
   32   2   1   0       0.82740568  p_z
   32   2   1   1       0.82558121  p_x
   32   3   2  -2       0.04826013  d_xy
   32   3   2  -1       0.04733831  d_yz
   32   3   2   0       0.02683450  d_z2
   32   3   2   1       0.04490514  d_xz
   32   3   2   2       0.02822766  d_x2-y2
   33   1   0   0       1.33961000  s
   33   2   1  -1       0.81667381  p_y
   33   2   1   0       0.81776575  p_z
   33   2   1   1       0.82214786  p_x
   33   3   2  -2       0.04396606  d_xy
   33   3   2  -1       0.04689809  d_yz
   33   3   2   0       0.02303738  d_z2
   33   3   2   1       0.03697890  d_xz
   33   3   2   2       0.02354219  d_x2-y2
   34   1   0   0       1.33523467  s
   34   2   1  -1       0.82530847  p_y
   34   2   1   0       0.82533897  p_z
   34   2   1   1       0.83333105  p_x
   34   3   2  -2       0.03641167  d_xy
   34   3   2  -1       0.04508696  d_yz
   34   3   2   0       0.02079461  d_z2
   34   3   2   1       0.04225827  d_xz
   34   3   2   2       0.02172227  d_x2-y2
   35   1   0   0       1.31753058  s
   35   2   1  -1       0.82443515  p_y
   35   2   1   0       0.83039173  p_z
   35   2   1   1       0.82354266  p_x
   35   3   2  -2       0.04799369  d_xy
   35   3   2  -1       0.04038628  d_yz
   35   3   2   0       0.02285305  d_z2
   35   3   2   1       0.04370881  d_xz
   35   3   2   2       0.02577626  d_x2-y2
   36   1   0   0       1.38817686  s
   36   2   1  -1       0.83282901  p_y
   36   2   1   0       0.82825615  p_z
   36   2   1   1       0.83153792  p_x
   36   3   2  -2       0.02936443  d_xy
   36   3   2  -1       0.03672546  d_yz
   36   3   2   0       0.01681767  d_z2
   36   3   2   1       0.04234956  d_xz
   36   3   2   2       0.01624776  d_x2-y2
   37   1   0   0       1.33758696  s
   37   2   1  -1       0.83262086  p_y
   37   2   1   0       0.82738116  p_z
   37   2   1   1       0.82528063  p_x
   37   3   2  -2       0.04042026  d_xy
   37   3   2  -1       0.03836241  d_yz
   37   3   2   0       0.02188153  d_z2
   37   3   2   1       0.04503997  d_xz
   37   3   2   2       0.02225009  d_x2-y2
   38   1   0   0       1.38043767  s
   38   2   1  -1       0.83272218  p_y
   38   2   1   0       0.83459059  p_z
   38   2   1   1       0.82956100  p_x
   38   3   2  -2       0.03344982  d_xy
   38   3   2  -1       0.03812901  d_yz
   38   3   2   0       0.01419556  d_z2
   38   3   2   1       0.03290874  d_xz
   38   3   2   2       0.01535344  d_x2-y2
   39   1   0   0       1.34806295  s
   39   2   1  -1       0.82097940  p_y
   39   2   1   0       0.82668162  p_z
   39   2   1   1       0.82212959  p_x
   39   3   2  -2       0.04412707  d_xy
   39   3   2  -1       0.04171457  d_yz
   39   3   2   0       0.02284880  d_z2
   39   3   2   1       0.04011934  d_xz
   39   3   2   2       0.02146559  d_x2-y2
   40   1   0   0       1.36365055  s
   40   2   1  -1       0.82585297  p_y
   40   2   1   0       0.83031784  p_z
   40   2   1   1       0.82837307  p_x
   40   3   2  -2       0.03871753  d_xy
   40   3   2  -1       0.03641162  d_yz
   40   3   2   0       0.01856783  d_z2
   40   3   2   1       0.03924994  d_xz
   40   3   2   2       0.01884687  d_x2-y2
   41   1   0   0       1.33819517  s
   41   2   1  -1       0.82544215  p_y
   41   2   1   0       0.82819083  p_z
   41   2   1   1       0.81877532  p_x
   41   3   2  -2       0.04156425  d_xy
   41   3   2  -1       0.03517985  d_yz
   41   3   2   0       0.02127266  d_z2
   41   3   2   1       0.04592972  d_xz
   41   3   2   2       0.02228258  d_x2-y2
   42   1   0   0       1.34311509  s
   42   2   1  -1       0.81529471  p_y
   42   2   1   0       0.82974280  p_z
   42   2   1   1       0.82260044  p_x
   42   3   2  -2       0.05305620  d_xy
   42   3   2  -1       0.03793986  d_yz
   42   3   2   0       0.02245568  d_z2
   42   3   2   1       0.03799074  d_xz
   42   3   2   2       0.02215547  d_x2-y2
   43   1   0   0       1.38778508  s
   43   2   1  -1       0.82292404  p_y
   43   2   1   0       0.81691896  p_z
   43   2   1   1       0.82374395  p_x
   43   3   2  -2       0.03258065  d_xy
   43   3   2  -1       0.04167055  d_yz
   43   3   2   0       0.01852596  d_z2
   43   3   2   1       0.03849315  d_xz
   43   3   2   2       0.01765352  d_x2-y2
   44   1   0   0       1.36216205  s
   44   2   1  -1       0.82346373  p_y
   44   2   1   0       0.82554952  p_z
   44   2   1   1       0.82813495  p_x
   44   3   2  -2       0.04383209  d_xy
   44   3   2  -1       0.04249782  d_yz
   44   3   2   0       0.01985211  d_z2
   44   3   2   1       0.03362285  d_xz
   44   3   2   2       0.01913414  d_x2-y2
   45   1   0   0       1.36897648  s
   45   2   1  -1       0.82980010  p_y
   45   2   1   0       0.82903411  p_z
   45   2   1   1       0.82609094  p_x
   45   3   2  -2       0.03763304  d_xy
   45   3   2  -1       0.03827685  d_yz
   45   3   2   0       0.01832436  d_z2
   45   3   2   1       0.03616070  d_xz
   45   3   2   2       0.01655974  d_x2-y2
   46   1   0   0       1.37613007  s
   46   2   1  -1       0.82535903  p_y
   46   2   1   0       0.82604856  p_z
   46   2   1   1       0.82002059  p_x
   46   3   2  -2       0.03942064  d_xy
   46   3   2  -1       0.03500665  d_yz
   46   3   2   0       0.02026774  d_z2
   46   3   2   1       0.04434756  d_xz
   46   3   2   2       0.01963802  d_x2-y2
   47   1   0   0       1.37889526  s
   47   2   1  -1       0.82545428  p_y
   47   2   1   0       0.82241140  p_z
   47   2   1   1       0.82405532  p_x
   47   3   2  -2       0.03893441  d_xy
   47   3   2  -1       0.03681023  d_yz
   47   3   2   0       0.01941052  d_z2
   47   3   2   1       0.03961767  d_xz
   47   3   2   2       0.01882867  d_x2-y2
   48   1   0   0       1.32517168  s
   48   2   1  -1       0.81786839  p_y
   48   2   1   0       0.83138246  p_z
   48   2   1   1       0.82444932  p_x
   48   3   2  -2       0.05089984  d_xy
   48   3   2  -1       0.04295592  d_yz
   48   3   2   0       0.02229171  d_z2
   48   3   2   1       0.03869558  d_xz
   48   3   2   2       0.02627964  d_x2-y2
   49   1   0   0       1.40205665  s
   49   2   1  -1       0.82719219  p_y
   49   2   1   0       0.82666737  p_z
   49   2   1   1       0.83370530  p_x
   49   3   2  -2       0.03160757  d_xy
   49   3   2  -1       0.04095758  d_yz
   49   3   2   0       0.01632520  d_z2
   49   3   2   1       0.03824839  d_xz
   49   3   2   2       0.01737192  d_x2-y2
   50   1   0   0       1.36362582  s
   50   2   1  -1       0.83072176  p_y
   50   2   1   0       0.83528278  p_z
   50   2   1   1       0.82635897  p_x
   50   3   2  -2       0.04286117  d_xy
   50   3   2  -1       0.03738501  d_yz
   50   3   2   0       0.01796129  d_z2
   50   3   2   1       0.03162551  d_xz
   50   3   2   2       0.01892944  d_x2-y2
   51   1   0   0       1.35900061  s
   51   2   1  -1       0.83357203  p_y
   51   2   1   0       0.83118940  p_z
   51   2   1   1       0.82966866  p_x
   51   3   2  -2       0.04310109  d_xy
   51   3   2  -1       0.03627898  d_yz
   51   3   2   0       0.01855985  d_z2
   51   3   2   1       0.04170189  d_xz
   51   3   2   2       0.02005610  d_x2-y2
   52   1   0   0       1.35357878  s
   52   2   1  -1       0.82581789  p_y
   52   2   1   0       0.82547661  p_z
   52   2   1   1       0.82610152  p_x
   52   3   2  -2       0.04045627  d_xy
   52   3   2  -1       0.04156376  d_yz
   52   3   2   0       0.02231347  d_z2
   52   3   2   1       0.03880745  d_xz
   52   3   2   2       0.01934936  d_x2-y2
   53   1   0   0       1.33922062  s
   53   2   1  -1       0.82446154  p_y
   53   2   1   0       0.82079732  p_z
   53   2   1   1       0.82110158  p_x
   53   3   2  -2       0.04542362  d_xy
   53   3   2  -1       0.03913819  d_yz
   53   3   2   0       0.02178920  d_z2
   53   3   2   1       0.04836666  d_xz
   53   3   2   2       0.02533169  d_x2-y2
   54   1   0   0       1.37638887  s
   54   2   1  -1       0.82422195  p_y
   54   2   1   0       0.82437372  p_z
   54   2   1   1       0.82164571  p_x
   54   3   2  -2       0.04136229  d_xy
   54   3   2  -1       0.03716994  d_yz
   54   3   2   0       0.02074399  d_z2
   54   3   2   1       0.03908335  d_xz
   54   3   2   2       0.01923028  d_x2-y2
   55   1   0   0       1.39346869  s
   55   2   1  -1       0.83000573  p_y
   55   2   1   0       0.82679597  p_z
   55   2   1   1       0.82809559  p_x
   55   3   2  -2       0.03136015  d_xy
   55   3   2  -1       0.03935618  d_yz
   55   3   2   0       0.01669270  d_z2
   55   3   2   1       0.03822596  d_xz
   55   3   2   2       0.01715696  d_x2-y2
   56   1   0   0       1.37353198  s
   56   2   1  -1       0.82575806  p_y
   56   2   1   0       0.82172772  p_z
   56   2   1   1       0.81954160  p_x
   56   3   2  -2       0.03951102  d_xy
   56   3   2  -1       0.03756876  d_yz
   56   3   2   0       0.02103706  d_z2
   56   3   2   1       0.04416061  d_xz
   56   3   2   2       0.02021611  d_x2-y2
   57   1   0   0       1.36675190  s
   57   2   1  -1       0.83404322  p_y
   57   2   1   0       0.83042617  p_z
   57   2   1   1       0.83537763  p_x
   57   3   2  -2       0.03535920  d_xy
   57   3   2  -1       0.04298047  d_yz
   57   3   2   0       0.01843706  d_z2
   57   3   2   1       0.03415903  d_xz
   57   3   2   2       0.01706294  d_x2-y2
   58   1   0   0       1.36969404  s
   58   2   1  -1       0.81395448  p_y
   58   2   1   0       0.82466870  p_z
   58   2   1   1       0.82065313  p_x
   58   3   2  -2       0.04346506  d_xy
   58   3   2  -1       0.03771275  d_yz
   58   3   2   0       0.02403003  d_z2
   58   3   2   1       0.04184984  d_xz
   58   3   2   2       0.01816154  d_x2-y2
   59   1   0   0       1.37801217  s
   59   2   1  -1       0.82958836  p_y
   59   2   1   0       0.83318101  p_z
   59   2   1   1       0.82889266  p_x
   59   3   2  -2       0.04073532  d_xy
   59   3   2  -1       0.03495196  d_yz
   59   3   2   0       0.01817998  d_z2
   59   3   2   1       0.03792026  d_xz
   59   3   2   2       0.01835586  d_x2-y2
   60   1   0   0       1.35163940  s
   60   2   1  -1       0.82849747  p_y
   60   2   1   0       0.82951071  p_z
   60   2   1   1       0.82625159  p_x
   60   3   2  -2       0.03906307  d_xy
   60   3   2  -1       0.04097010  d_yz
   60   3   2   0       0.02033550  d_z2
   60   3   2   1       0.04240080  d_xz
   60   3   2   2       0.02147615  d_x2-y2
   61   1   0   0       1.37687578  s
   61   2   1  -1       0.83042830  p_y
   61   2   1   0       0.82767611  p_z
   61   2   1   1       0.83028872  p_x
   61   3   2  -2       0.04139300  d_xy
   61   3   2  -1       0.03406744  d_yz
   61   3   2   0       0.01850294  d_z2
   61   3   2   1       0.03422459  d_xz
   61   3   2   2       0.01645253  d_x2-y2
   62   1   0   0       1.32454912  s
   62   2   1  -1       0.83014437  p_y
   62   2   1   0       0.82529962  p_z
   62   2   1   1       0.82397327  p_x
   62   3   2  -2       0.04309030  d_xy
   62   3   2  -1       0.04618523  d_yz
   62   3   2   0       0.02446951  d_z2
   62   3   2   1       0.04110774  d_xz
   62   3   2   2       0.02241997  d_x2-y2
   63   1   0   0       1.36472746  s
   63   2   1  -1       0.82284200  p_y
   63   2   1   0       0.83101368  p_z
   63   2   1   1       0.83291323  p_x
   63   3   2  -2       0.03781346  d_xy
   63   3   2  -1       0.04498585  d_yz
   63   3   2   0       0.01941098  d_z2
   63   3   2   1       0.03470070  d_xz
   63   3   2   2       0.01857330  d_x2-y2
   64   1   0   0       1.35099564  s
   64   2   1  -1       0.82590938  p_y
   64   2   1   0       0.82984411  p_z
   64   2   1   1       0.83338763  p_x
   64   3   2  -2       0.03776306  d_xy
   64   3   2  -1       0.03828898  d_yz
   64   3   2   0       0.02097030  d_z2
   64   3   2   1       0.03696905  d_xz
   64   3   2   2       0.01756500  d_x2-y2

Fermi level:                        -0.1331221779 H           -3.6224 eV
Band energy:                       -88.1165468146 H        -2397.7732 eV
TS:                                  0.0000000000 H            0.0000 eV
Band free energy (E-TS):           -88.1165468146 H        -2397.7732 eV
Extrapolated E(0K):                -88.1165468146 H        -2397.7732 eV
Input / Output electrons (q):    256.0000000001    256.0000000001

Energy H0:                         -88.0988417925 H        -2397.2915 eV
Energy SCC:                          0.0006395085 H            0.0174 eV
Total Electronic energy:           -88.0982022840 H        -2397.2741 eV
Repulsive energy:                    0.0000000000 H            0.0000 eV
Total energy:                      -88.0982022840 H        -2397.2741 eV
Extrapolated to 0:                 -88.0982022841 H        -2397.2741 eV
Total Mermin free energy:          -88.0982022841 H        -2397.2741 eV
Force related energy:              -88.0982022841 H        -2397.2741 eV

Non-constrained calculation

SCC converged

Warning: dipole moment is not defined absolutely!
Dipole moment:    1.24300264   -1.02877558    0.75718266 au
Dipole moment:    3.15939784   -2.61488692    1.92456651 Debye


