 Fermi distribution function

Calculation with static geometry


********************************************************************************
 iSCC Total electronic   Diff electronic      SCC error    
    9   -0.88163067E+02   -0.65786310E-09    0.68793599E-05
********************************************************************************

 Total charge:    -0.00000000

 Atomic gross charges (e)
 Atom           Charge
    1      -0.00586713
    2       0.01611757
    3      -0.00588740
    4       0.01472799
    5       0.01868823
    6      -0.00612603
    7      -0.00068124
    8      -0.01811699
    9       0.00593562
   10       0.00720520
   11      -0.00808266
   12       0.01089448
   13      -0.00889787
   14      -0.00191825
   15      -0.00269779
   16       0.00787087
   17      -0.01337196
   18       0.00466482
   19      -0.00232644
   20       0.00348511
   21      -0.01521675
   22       0.00672771
   23      -0.02242217
   24       0.00450088
   25       0.00724340
   26      -0.00429323
   27       0.00503763
   28      -0.00626563
   29       0.00262517
   30       0.01736397
   31      -0.02339505
   32       0.01276037
   33      -0.00471923
   34       0.00323019
   35       0.00846362
   36      -0.00081805
   37       0.01497669
   38      -0.00540497
   39      -0.01394425
   40       0.01122819
   41       0.02107779
   42      -0.00809257
   43       0.00581742
   44      -0.01423882
   45       0.00767451
   46      -0.00945854
   47       0.00062628
   48      -0.00113054
   49      -0.03303699
   50       0.01380055
   51      -0.01451376
   52       0.00276336
   53      -0.00042752
   54       0.00655446
   55      -0.00662268
   56      -0.00225424
   57      -0.01444651
   58      -0.00355259
   59      -0.00269087
   60       0.00582746
   61       0.01058719
   62       0.01460002
   63      -0.00224372
   64       0.01008572

Nr. of electrons (up):    256.00000000
Atom populations (up)
 Atom       Population
    1       4.00586713
    2       3.98388243
    3       4.00588740
    4       3.98527201
    5       3.98131177
    6       4.00612603
    7       4.00068124
    8       4.01811699
    9       3.99406438
   10       3.99279480
   11       4.00808266
   12       3.98910552
   13       4.00889787
   14       4.00191825
   15       4.00269779
   16       3.99212913
   17       4.01337196
   18       3.99533518
   19       4.00232644
   20       3.99651489
   21       4.01521675
   22       3.99327229
   23       4.02242217
   24       3.99549912
   25       3.99275660
   26       4.00429323
   27       3.99496237
   28       4.00626563
   29       3.99737483
   30       3.98263603
   31       4.02339505
   32       3.98723963
   33       4.00471923
   34       3.99676981
   35       3.99153638
   36       4.00081805
   37       3.98502331
   38       4.00540497
   39       4.01394425
   40       3.98877181
   41       3.97892221
   42       4.00809257
   43       3.99418258
   44       4.01423882
   45       3.99232549
   46       4.00945854
   47       3.99937372
   48       4.00113054
   49       4.03303699
   50       3.98619945
   51       4.01451376
   52       3.99723664
   53       4.00042752
   54       3.99344554
   55       4.00662268
   56       4.00225424
   57       4.01444651
   58       4.00355259
   59       4.00269087
   60       3.99417254
   61       3.98941281
   62       3.98539998
   63       4.00224372
   64       3.98991428

l-shell populations (up)
 Atom Sh.   l       Population
    1   1   0       1.35563716
    1   2   1       2.48882058
    1   3   2       0.16140939
    2   1   0       1.33957507
    2   2   1       2.47734874
    2   3   2       0.16695862
    3   1   0       1.35753168
    3   2   1       2.48310717
    3   3   2       0.16524855
    4   1   0       1.33236271
    4   2   1       2.48097296
    4   3   2       0.17193634
    5   1   0       1.32903769
    5   2   1       2.48366973
    5   3   2       0.16860434
    6   1   0       1.36904317
    6   2   1       2.48476888
    6   3   2       0.15231398
    7   1   0       1.35673592
    7   2   1       2.48015431
    7   3   2       0.16379101
    8   1   0       1.38854488
    8   2   1       2.48928356
    8   3   2       0.14028855
    9   1   0       1.34798236
    9   2   1       2.48778194
    9   3   2       0.15830008
   10   1   0       1.35832315
   10   2   1       2.47076981
   10   3   2       0.16370184
   11   1   0       1.37820542
   11   2   1       2.48213282
   11   3   2       0.14774442
   12   1   0       1.34523309
   12   2   1       2.47770889
   12   3   2       0.16616354
   13   1   0       1.37265602
   13   2   1       2.48923602
   13   3   2       0.14700584
   14   1   0       1.35727971
   14   2   1       2.48827366
   14   3   2       0.15636488
   15   1   0       1.37108897
   15   2   1       2.47622662
   15   3   2       0.15538220
   16   1   0       1.34258296
   16   2   1       2.48767286
   16   3   2       0.16187332
   17   1   0       1.37969902
   17   2   1       2.48663822
   17   3   2       0.14703472
   18   1   0       1.34830640
   18   2   1       2.48237788
   18   3   2       0.16465090
   19   1   0       1.36379418
   19   2   1       2.48008344
   19   3   2       0.15844882
   20   1   0       1.35626310
   20   2   1       2.47287578
   20   3   2       0.16737601
   21   1   0       1.38265115
   21   2   1       2.48750082
   21   3   2       0.14506478
   22   1   0       1.35281795
   22   2   1       2.47364783
   22   3   2       0.16680651
   23   1   0       1.38661011
   23   2   1       2.49312182
   23   3   2       0.14269023
   24   1   0       1.36159174
   24   2   1       2.47277601
   24   3   2       0.16113137
   25   1   0       1.34137545
   25   2   1       2.48594330
   25   3   2       0.16543785
   26   1   0       1.36779966
   26   2   1       2.48836669
   26   3   2       0.14812688
   27   1   0       1.34818222
   27   2   1       2.48071021
   27   3   2       0.16606995
   28   1   0       1.36143793
   28   2   1       2.49512976
   28   3   2       0.14969794
   29   1   0       1.34857480
   29   2   1       2.48639526
   29   3   2       0.16240477
   30   1   0       1.33866469
   30   2   1       2.48088077
   30   3   2       0.16309057
   31   1   0       1.37933863
   31   2   1       2.50541003
   31   3   2       0.13864638
   32   1   0       1.35245513
   32   2   1       2.48357959
   32   3   2       0.15120491
   33   1   0       1.37552982
   33   2   1       2.48628785
   33   3   2       0.14290156
   34   1   0       1.35222045
   34   2   1       2.48742971
   34   3   2       0.15711965
   35   1   0       1.36102482
   35   2   1       2.47687033
   35   3   2       0.15364124
   36   1   0       1.35791736
   36   2   1       2.49088992
   36   3   2       0.15201077
   37   1   0       1.33434548
   37   2   1       2.47765561
   37   3   2       0.17302222
   38   1   0       1.35636740
   38   2   1       2.49754675
   38   3   2       0.15149082
   39   1   0       1.37922124
   39   2   1       2.48796631
   39   3   2       0.14675671
   40   1   0       1.34279970
   40   2   1       2.48287574
   40   3   2       0.16309637
   41   1   0       1.33324183
   41   2   1       2.47969905
   41   3   2       0.16598132
   42   1   0       1.36549119
   42   2   1       2.48890522
   42   3   2       0.15369616
   43   1   0       1.36021114
   43   2   1       2.46960462
   43   3   2       0.16436682
   44   1   0       1.38328969
   44   2   1       2.48501626
   44   3   2       0.14593287
   45   1   0       1.34492612
   45   2   1       2.47864118
   45   3   2       0.16875819
   46   1   0       1.37637658
   46   2   1       2.48231128
   46   3   2       0.15077068
   47   1   0       1.36151200
   47   2   1       2.47280020
   47   3   2       0.16506152
   48   1   0       1.36334125
   48   2   1       2.48643980
   48   3   2       0.15134949
   49   1   0       1.39868555
   49   2   1       2.49852960
   49   3   2       0.13582184
   50   1   0       1.34239473
   50   2   1       2.48026209
   50   3   2       0.16354263
   51   1   0       1.37515946
   51   2   1       2.48837627
   51   3   2       0.15097803
   52   1   0       1.35930541
   52   2   1       2.48546035
   52   3   2       0.15247089
   53   1   0       1.35454079
   53   2   1       2.48474045
   53   3   2       0.16114628
   54   1   0       1.35000480
   54   2   1       2.47611425
   54   3   2       0.16732650
   55   1   0       1.37502563
   55   2   1       2.47597288
   55   3   2       0.15562416
   56   1   0       1.36888134
   56   2   1       2.47522482
   56   3   2       0.15814808
   57   1   0       1.36000364
   57   2   1       2.49968829
   57   3   2       0.15475457
   58   1   0       1.37108549
   58   2   1       2.48312148
   58   3   2       0.14934562
   59   1   0       1.34440063
   59   2   1       2.48850991
   59   3   2       0.16978033
   60   1   0       1.35908583
   60   2   1       2.48241612
   60   3   2       0.15267059
   61   1   0       1.33196450
   61   2   1       2.48640593
   61   3   2       0.17104238
   62   1   0       1.33742285
   62   2   1       2.48214343
   62   3   2       0.16583370
   63   1   0       1.35954299
   63   2   1       2.48083881
   63   3   2       0.16186192
   64   1   0       1.33514988
   64   2   1       2.48318103
   64   3   2       0.17158338

Orbital populations (up)
 Atom Sh.   l   m       Population  Label
    1   1   0   0       1.35563716  s
    1   2   1  -1       0.83188597  p_y
    1   2   1   0       0.82928886  p_z
    1   2   1   1       0.82764574  p_x
    1   3   2  -2       0.04082526  d_xy
    1   3   2  -1       0.03849383  d_yz
    1   3   2   0       0.02111274  d_z2
    1   3   2   1       0.04189520  d_xz
    1   3   2   2       0.01908237  d_x2-y2
    2   1   0   0       1.33957507  s
    2   2   1  -1       0.82997758  p_y
    2   2   1   0       0.81888965  p_z
    2   2   1   1       0.82848151  p_x
    2   3   2  -2       0.03655977  d_xy
    2   3   2  -1       0.04412560  d_yz
    2   3   2   0       0.02159746  d_z2
    2   3   2   1       0.04297963  d_xz
    2   3   2   2       0.02169616  d_x2-y2
    3   1   0   0       1.35753168  s
    3   2   1  -1       0.82588331  p_y
    3   2   1   0       0.82819327  p_z
    3   2   1   1       0.82903059  p_x
    3   3   2  -2       0.04033191  d_xy
    3   3   2  -1       0.04336756  d_yz
    3   3   2   0       0.02029906  d_z2
    3   3   2   1       0.03933345  d_xz
    3   3   2   2       0.02191657  d_x2-y2
    4   1   0   0       1.33236271  s
    4   2   1  -1       0.83179926  p_y
    4   2   1   0       0.82110307  p_z
    4   2   1   1       0.82807063  p_x
    4   3   2  -2       0.03951771  d_xy
    4   3   2  -1       0.04306220  d_yz
    4   3   2   0       0.02358327  d_z2
    4   3   2   1       0.04462884  d_xz
    4   3   2   2       0.02114432  d_x2-y2
    5   1   0   0       1.32903769  s
    5   2   1  -1       0.83117057  p_y
    5   2   1   0       0.82722341  p_z
    5   2   1   1       0.82527575  p_x
    5   3   2  -2       0.03909423  d_xy
    5   3   2  -1       0.03990104  d_yz
    5   3   2   0       0.02353040  d_z2
    5   3   2   1       0.04552209  d_xz
    5   3   2   2       0.02055658  d_x2-y2
    6   1   0   0       1.36904317  s
    6   2   1  -1       0.82855533  p_y
    6   2   1   0       0.82910105  p_z
    6   2   1   1       0.82711250  p_x
    6   3   2  -2       0.03952030  d_xy
    6   3   2  -1       0.03828721  d_yz
    6   3   2   0       0.01882185  d_z2
    6   3   2   1       0.03687704  d_xz
    6   3   2   2       0.01880758  d_x2-y2
    7   1   0   0       1.35673592  s
    7   2   1  -1       0.83176555  p_y
    7   2   1   0       0.82549426  p_z
    7   2   1   1       0.82289451  p_x
    7   3   2  -2       0.03829701  d_xy
    7   3   2  -1       0.03865732  d_yz
    7   3   2   0       0.02126886  d_z2
    7   3   2   1       0.04451728  d_xz
    7   3   2   2       0.02105054  d_x2-y2
    8   1   0   0       1.38854488  s
    8   2   1  -1       0.82726213  p_y
    8   2   1   0       0.83173671  p_z
    8   2   1   1       0.83028472  p_x
    8   3   2  -2       0.03903859  d_xy
    8   3   2  -1       0.03486094  d_yz
    8   3   2   0       0.01626676  d_z2
    8   3   2   1       0.03376428  d_xz
    8   3   2   2       0.01635799  d_x2-y2
    9   1   0   0       1.34798236  s
    9   2   1  -1       0.82908932  p_y
    9   2   1   0       0.83058010  p_z
    9   2   1   1       0.82811253  p_x
    9   3   2  -2       0.03950377  d_xy
    9   3   2  -1       0.03859249  d_yz
    9   3   2   0       0.02000570  d_z2
    9   3   2   1       0.03999994  d_xz
    9   3   2   2       0.02019817  d_x2-y2
   10   1   0   0       1.35832315  s
   10   2   1  -1       0.82244454  p_y
   10   2   1   0       0.82185951  p_z
   10   2   1   1       0.82646576  p_x
   10   3   2  -2       0.03842502  d_xy
   10   3   2  -1       0.04244548  d_yz
   10   3   2   0       0.02077022  d_z2
   10   3   2   1       0.04037194  d_xz
   10   3   2   2       0.02168917  d_x2-y2
   11   1   0   0       1.37820542  s
   11   2   1  -1       0.82837269  p_y
   11   2   1   0       0.83178231  p_z
   11   2   1   1       0.82197783  p_x
   11   3   2  -2       0.03832824  d_xy
   11   3   2  -1       0.03448665  d_yz
   11   3   2   0       0.01665752  d_z2
   11   3   2   1       0.03989903  d_xz
   11   3   2   2       0.01837297  d_x2-y2
   12   1   0   0       1.34523309  s
   12   2   1  -1       0.82915465  p_y
   12   2   1   0       0.82222402  p_z
   12   2   1   1       0.82633022  p_x
   12   3   2  -2       0.04267974  d_xy
   12   3   2  -1       0.03736657  d_yz
   12   3   2   0       0.02172802  d_z2
   12   3   2   1       0.04365366  d_xz
   12   3   2   2       0.02073554  d_x2-y2
   13   1   0   0       1.37265602  s
   13   2   1  -1       0.83042036  p_y
   13   2   1   0       0.82730970  p_z
   13   2   1   1       0.83150596  p_x
   13   3   2  -2       0.03761591  d_xy
   13   3   2  -1       0.03726694  d_yz
   13   3   2   0       0.01897300  d_z2
   13   3   2   1       0.03698473  d_xz
   13   3   2   2       0.01616526  d_x2-y2
   14   1   0   0       1.35727971  s
   14   2   1  -1       0.82847339  p_y
   14   2   1   0       0.82726809  p_z
   14   2   1   1       0.83253217  p_x
   14   3   2  -2       0.03511170  d_xy
   14   3   2  -1       0.04387447  d_yz
   14   3   2   0       0.01851136  d_z2
   14   3   2   1       0.03861294  d_xz
   14   3   2   2       0.02025441  d_x2-y2
   15   1   0   0       1.37108897  s
   15   2   1  -1       0.83250696  p_y
   15   2   1   0       0.81822788  p_z
   15   2   1   1       0.82549177  p_x
   15   3   2  -2       0.03946279  d_xy
   15   3   2  -1       0.04018158  d_yz
   15   3   2   0       0.02014770  d_z2
   15   3   2   1       0.03703699  d_xz
   15   3   2   2       0.01855314  d_x2-y2
   16   1   0   0       1.34258296  s
   16   2   1  -1       0.82920549  p_y
   16   2   1   0       0.82972402  p_z
   16   2   1   1       0.82874335  p_x
   16   3   2  -2       0.03911909  d_xy
   16   3   2  -1       0.03938000  d_yz
   16   3   2   0       0.02082834  d_z2
   16   3   2   1       0.04250898  d_xz
   16   3   2   2       0.02003690  d_x2-y2
   17   1   0   0       1.37969902  s
   17   2   1  -1       0.82993991  p_y
   17   2   1   0       0.82696119  p_z
   17   2   1   1       0.82973712  p_x
   17   3   2  -2       0.03881947  d_xy
   17   3   2  -1       0.03428490  d_yz
   17   3   2   0       0.01886641  d_z2
   17   3   2   1       0.03827838  d_xz
   17   3   2   2       0.01678555  d_x2-y2
   18   1   0   0       1.34830640  s
   18   2   1  -1       0.82418945  p_y
   18   2   1   0       0.82631627  p_z
   18   2   1   1       0.83187217  p_x
   18   3   2  -2       0.04054903  d_xy
   18   3   2  -1       0.04193430  d_yz
   18   3   2   0       0.02088141  d_z2
   18   3   2   1       0.04076256  d_xz
   18   3   2   2       0.02052360  d_x2-y2
   19   1   0   0       1.36379418  s
   19   2   1  -1       0.82083946  p_y
   19   2   1   0       0.82814742  p_z
   19   2   1   1       0.83109656  p_x
   19   3   2  -2       0.04102373  d_xy
   19   3   2  -1       0.04259095  d_yz
   19   3   2   0       0.01994275  d_z2
   19   3   2   1       0.03524174  d_xz
   19   3   2   2       0.01964965  d_x2-y2
   20   1   0   0       1.35626310  s
   20   2   1  -1       0.82569744  p_y
   20   2   1   0       0.82614265  p_z
   20   2   1   1       0.82103570  p_x
   20   3   2  -2       0.04130509  d_xy
   20   3   2  -1       0.03925185  d_yz
   20   3   2   0       0.01916937  d_z2
   20   3   2   1       0.04495549  d_xz
   20   3   2   2       0.02269422  d_x2-y2
   21   1   0   0       1.38265115  s
   21   2   1  -1       0.82846036  p_y
   21   2   1   0       0.83235984  p_z
   21   2   1   1       0.82668062  p_x
   21   3   2  -2       0.04202670  d_xy
   21   3   2  -1       0.03368025  d_yz
   21   3   2   0       0.01756539  d_z2
   21   3   2   1       0.03505377  d_xz
   21   3   2   2       0.01673866  d_x2-y2
   22   1   0   0       1.35281795  s
   22   2   1  -1       0.82743749  p_y
   22   2   1   0       0.82513164  p_z
   22   2   1   1       0.82107870  p_x
   22   3   2  -2       0.04203969  d_xy
   22   3   2  -1       0.03722658  d_yz
   22   3   2   0       0.02128952  d_z2
   22   3   2   1       0.04465726  d_xz
   22   3   2   2       0.02159347  d_x2-y2
   23   1   0   0       1.38661011  s
   23   2   1  -1       0.83075579  p_y
   23   2   1   0       0.83300677  p_z
   23   2   1   1       0.82935927  p_x
   23   3   2  -2       0.03463511  d_xy
   23   3   2  -1       0.03810367  d_yz
   23   3   2   0       0.01589122  d_z2
   23   3   2   1       0.03625664  d_xz
   23   3   2   2       0.01780360  d_x2-y2
   24   1   0   0       1.36159174  s
   24   2   1  -1       0.82747740  p_y
   24   2   1   0       0.81726606  p_z
   24   2   1   1       0.82803256  p_x
   24   3   2  -2       0.03684237  d_xy
   24   3   2  -1       0.04581283  d_yz
   24   3   2   0       0.02027708  d_z2
   24   3   2   1       0.03831403  d_xz
   24   3   2   2       0.01988506  d_x2-y2
   25   1   0   0       1.34137545  s
   25   2   1  -1       0.82936793  p_y
   25   2   1   0       0.83378979  p_z
   25   2   1   1       0.82278557  p_x
   25   3   2  -2       0.04093341  d_xy
   25   3   2  -1       0.04157707  d_yz
   25   3   2   0       0.01996402  d_z2
   25   3   2   1       0.04043451  d_xz
   25   3   2   2       0.02252885  d_x2-y2
   26   1   0   0       1.36779966  s
   26   2   1  -1       0.82746814  p_y
   26   2   1   0       0.83004364  p_z
   26   2   1   1       0.83085491  p_x
   26   3   2  -2       0.03729868  d_xy
   26   3   2  -1       0.04003395  d_yz
   26   3   2   0       0.01776297  d_z2
   26   3   2   1       0.03532438  d_xz
   26   3   2   2       0.01770690  d_x2-y2
   27   1   0   0       1.34818222  s
   27   2   1  -1       0.82931269  p_y
   27   2   1   0       0.82673391  p_z
   27   2   1   1       0.82466360  p_x
   27   3   2  -2       0.03884958  d_xy
   27   3   2  -1       0.03902690  d_yz
   27   3   2   0       0.02110119  d_z2
   27   3   2   1       0.04650267  d_xz
   27   3   2   2       0.02058961  d_x2-y2
   28   1   0   0       1.36143793  s
   28   2   1  -1       0.82647041  p_y
   28   2   1   0       0.83619295  p_z
   28   2   1   1       0.83246640  p_x
   28   3   2  -2       0.04328543  d_xy
   28   3   2  -1       0.03683384  d_yz
   28   3   2   0       0.01690728  d_z2
   28   3   2   1       0.03381012  d_xz
   28   3   2   2       0.01886127  d_x2-y2
   29   1   0   0       1.34857480  s
   29   2   1  -1       0.82557207  p_y
   29   2   1   0       0.83036893  p_z
   29   2   1   1       0.83045427  p_x
   29   3   2  -2       0.04433418  d_xy
   29   3   2  -1       0.03962044  d_yz
   29   3   2   0       0.02148262  d_z2
   29   3   2   1       0.03732635  d_xz
   29   3   2   2       0.01964118  d_x2-y2
   30   1   0   0       1.33866469  s
   30   2   1  -1       0.82737450  p_y
   30   2   1   0       0.82546085  p_z
   30   2   1   1       0.82804543  p_x
   30   3   2  -2       0.03897653  d_xy
   30   3   2  -1       0.04259744  d_yz
   30   3   2   0       0.02197780  d_z2
   30   3   2   1       0.03915993  d_xz
   30   3   2   2       0.02037887  d_x2-y2
   31   1   0   0       1.37933863  s
   31   2   1  -1       0.83164547  p_y
   31   2   1   0       0.84164680  p_z
   31   2   1   1       0.83211777  p_x
   31   3   2  -2       0.03732921  d_xy
   31   3   2  -1       0.03535694  d_yz
   31   3   2   0       0.01484693  d_z2
   31   3   2   1       0.03342317  d_xz
   31   3   2   2       0.01769013  d_x2-y2
   32   1   0   0       1.35245513  s
   32   2   1  -1       0.82546677  p_y
   32   2   1   0       0.83228051  p_z
   32   2   1   1       0.82583231  p_x
   32   3   2  -2       0.03694819  d_xy
   32   3   2  -1       0.03671444  d_yz
   32   3   2   0       0.01815442  d_z2
   32   3   2   1       0.04003038  d_xz
   32   3   2   2       0.01935749  d_x2-y2
   33   1   0   0       1.37552982  s
   33   2   1  -1       0.82407241  p_y
   33   2   1   0       0.83397911  p_z
   33   2   1   1       0.82823632  p_x
   33   3   2  -2       0.03375989  d_xy
   33   3   2  -1       0.03943710  d_yz
   33   3   2   0       0.01567485  d_z2
   33   3   2   1       0.03600227  d_xz
   33   3   2   2       0.01802744  d_x2-y2
   34   1   0   0       1.35222045  s
   34   2   1  -1       0.83230910  p_y
   34   2   1   0       0.82768628  p_z
   34   2   1   1       0.82743433  p_x
   34   3   2  -2       0.03807908  d_xy
   34   3   2  -1       0.03768690  d_yz
   34   3   2   0       0.01951726  d_z2
   34   3   2   1       0.04191125  d_xz
   34   3   2   2       0.01992516  d_x2-y2
   35   1   0   0       1.36102482  s
   35   2   1  -1       0.81552045  p_y
   35   2   1   0       0.83358411  p_z
   35   2   1   1       0.82776577  p_x
   35   3   2  -2       0.04238622  d_xy
   35   3   2  -1       0.03738380  d_yz
   35   3   2   0       0.01821523  d_z2
   35   3   2   1       0.03565594  d_xz
   35   3   2   2       0.02000004  d_x2-y2
   36   1   0   0       1.35791736  s
   36   2   1  -1       0.83224460  p_y
   36   2   1   0       0.82805362  p_z
   36   2   1   1       0.83059170  p_x
   36   3   2  -2       0.03393662  d_xy
   36   3   2  -1       0.04219528  d_yz
   36   3   2   0       0.01784262  d_z2
   36   3   2   1       0.03920725  d_xz
   36   3   2   2       0.01882900  d_x2-y2
   37   1   0   0       1.33434548  s
   37   2   1  -1       0.82378576  p_y
   37   2   1   0       0.82555203  p_z
   37   2   1   1       0.82831781  p_x
   37   3   2  -2       0.04232830  d_xy
   37   3   2  -1       0.04503168  d_yz
   37   3   2   0       0.02246722  d_z2
   37   3   2   1       0.04076927  d_xz
   37   3   2   2       0.02242575  d_x2-y2
   38   1   0   0       1.35636740  s
   38   2   1  -1       0.83151051  p_y
   38   2   1   0       0.83307697  p_z
   38   2   1   1       0.83295926  p_x
   38   3   2  -2       0.03631779  d_xy
   38   3   2  -1       0.04104197  d_yz
   38   3   2   0       0.01828977  d_z2
   38   3   2   1       0.03755495  d_xz
   38   3   2   2       0.01828635  d_x2-y2
   39   1   0   0       1.37922124  s
   39   2   1  -1       0.83427150  p_y
   39   2   1   0       0.82830200  p_z
   39   2   1   1       0.82539281  p_x
   39   3   2  -2       0.03785405  d_xy
   39   3   2  -1       0.03898535  d_yz
   39   3   2   0       0.01685960  d_z2
   39   3   2   1       0.03560361  d_xz
   39   3   2   2       0.01745408  d_x2-y2
   40   1   0   0       1.34279970  s
   40   2   1  -1       0.82402598  p_y
   40   2   1   0       0.83327323  p_z
   40   2   1   1       0.82557653  p_x
   40   3   2  -2       0.04378459  d_xy
   40   3   2  -1       0.03830695  d_yz
   40   3   2   0       0.02055667  d_z2
   40   3   2   1       0.03883818  d_xz
   40   3   2   2       0.02160997  d_x2-y2
   41   1   0   0       1.33324183  s
   41   2   1  -1       0.82385738  p_y
   41   2   1   0       0.82755758  p_z
   41   2   1   1       0.82828409  p_x
   41   3   2  -2       0.04216217  d_xy
   41   3   2  -1       0.04039933  d_yz
   41   3   2   0       0.02236690  d_z2
   41   3   2   1       0.03969544  d_xz
   41   3   2   2       0.02135748  d_x2-y2
   42   1   0   0       1.36549119  s
   42   2   1  -1       0.82426631  p_y
   42   2   1   0       0.83185087  p_z
   42   2   1   1       0.83278804  p_x
   42   3   2  -2       0.04397572  d_xy
   42   3   2  -1       0.03491220  d_yz
   42   3   2   0       0.01897432  d_z2
   42   3   2   1       0.03714775  d_xz
   42   3   2   2       0.01868616  d_x2-y2
   43   1   0   0       1.36021114  s
   43   2   1  -1       0.82498247  p_y
   43   2   1   0       0.82205336  p_z
   43   2   1   1       0.82256879  p_x
   43   3   2  -2       0.04355913  d_xy
   43   3   2  -1       0.03663306  d_yz
   43   3   2   0       0.02357513  d_z2
   43   3   2   1       0.04255406  d_xz
   43   3   2   2       0.01804545  d_x2-y2
   44   1   0   0       1.38328969  s
   44   2   1  -1       0.82774480  p_y
   44   2   1   0       0.82955588  p_z
   44   2   1   1       0.82771558  p_x
   44   3   2  -2       0.03735355  d_xy
   44   3   2  -1       0.03832167  d_yz
   44   3   2   0       0.01682099  d_z2
   44   3   2   1       0.03546001  d_xz
   44   3   2   2       0.01797666  d_x2-y2
   45   1   0   0       1.34492612  s
   45   2   1  -1       0.82583309  p_y
   45   2   1   0       0.82560304  p_z
   45   2   1   1       0.82720505  p_x
   45   3   2  -2       0.04177765  d_xy
   45   3   2  -1       0.04180334  d_yz
   45   3   2   0       0.02222179  d_z2
   45   3   2   1       0.04219303  d_xz
   45   3   2   2       0.02076238  d_x2-y2
   46   1   0   0       1.37637658  s
   46   2   1  -1       0.82599100  p_y
   46   2   1   0       0.83090320  p_z
   46   2   1   1       0.82541707  p_x
   46   3   2  -2       0.03702073  d_xy
   46   3   2  -1       0.03989880  d_yz
   46   3   2   0       0.01855114  d_z2
   46   3   2   1       0.03676838  d_xz
   46   3   2   2       0.01853163  d_x2-y2
   47   1   0   0       1.36151200  s
   47   2   1  -1       0.82423416  p_y
   47   2   1   0       0.82683396  p_z
   47   2   1   1       0.82173209  p_x
   47   3   2  -2       0.03891615  d_xy
   47   3   2  -1       0.04056265  d_yz
   47   3   2   0       0.02159292  d_z2
   47   3   2   1       0.04371905  d_xz
   47   3   2   2       0.02027076  d_x2-y2
   48   1   0   0       1.36334125  s
   48   2   1  -1       0.82715607  p_y
   48   2   1   0       0.83619656  p_z
   48   2   1   1       0.82308717  p_x
   48   3   2  -2       0.04788440  d_xy
   48   3   2  -1       0.03100659  d_yz
   48   3   2   0       0.01698991  d_z2
   48   3   2   1       0.03543366  d_xz
   48   3   2   2       0.02003492  d_x2-y2
   49   1   0   0       1.39868555  s
   49   2   1  -1       0.83617483  p_y
   49   2   1   0       0.82966114  p_z
   49   2   1   1       0.83269364  p_x
   49   3   2  -2       0.03191988  d_xy
   49   3   2  -1       0.03306911  d_yz
   49   3   2   0       0.01552274  d_z2
   49   3   2   1       0.03979577  d_xz
   49   3   2   2       0.01551435  d_x2-y2
   50   1   0   0       1.34239473  s
   50   2   1  -1       0.82596296  p_y
   50   2   1   0       0.83000216  p_z
   50   2   1   1       0.82429697  p_x
   50   3   2  -2       0.04173304  d_xy
   50   3   2  -1       0.04179258  d_yz
   50   3   2   0       0.02041285  d_z2
   50   3   2   1       0.03851511  d_xz
   50   3   2   2       0.02108906  d_x2-y2
   51   1   0   0       1.37515946  s
   51   2   1  -1       0.83179956  p_y
   51   2   1   0       0.82759305  p_z
   51   2   1   1       0.82898366  p_x
   51   3   2  -2       0.03718740  d_xy
   51   3   2  -1       0.04018338  d_yz
   51   3   2   0       0.01789787  d_z2
   51   3   2   1       0.03694547  d_xz
   51   3   2   2       0.01876391  d_x2-y2
   52   1   0   0       1.35930541  s
   52   2   1  -1       0.83044718  p_y
   52   2   1   0       0.83118769  p_z
   52   2   1   1       0.82382548  p_x
   52   3   2  -2       0.03876925  d_xy
   52   3   2  -1       0.03486391  d_yz
   52   3   2   0       0.01853692  d_z2
   52   3   2   1       0.04143466  d_xz
   52   3   2   2       0.01886615  d_x2-y2
   53   1   0   0       1.35454079  s
   53   2   1  -1       0.82352636  p_y
   53   2   1   0       0.83343017  p_z
   53   2   1   1       0.82778392  p_x
   53   3   2  -2       0.04440628  d_xy
   53   3   2  -1       0.03695561  d_yz
   53   3   2   0       0.01853448  d_z2
   53   3   2   1       0.03916264  d_xz
   53   3   2   2       0.02208727  d_x2-y2
   54   1   0   0       1.35000480  s
   54   2   1  -1       0.82920858  p_y
   54   2   1   0       0.82602199  p_z
   54   2   1   1       0.82088368  p_x
   54   3   2  -2       0.03727845  d_xy
   54   3   2  -1       0.03931381  d_yz
   54   3   2   0       0.02045158  d_z2
   54   3   2   1       0.04871127  d_xz
   54   3   2   2       0.02157140  d_x2-y2
   55   1   0   0       1.37502563  s
   55   2   1  -1       0.82488162  p_y
   55   2   1   0       0.82726047  p_z
   55   2   1   1       0.82383080  p_x
   55   3   2  -2       0.03797254  d_xy
   55   3   2  -1       0.03900376  d_yz
   55   3   2   0       0.02042437  d_z2
   55   3   2   1       0.03793477  d_xz
   55   3   2   2       0.02028873  d_x2-y2
   56   1   0   0       1.36888134  s
   56   2   1  -1       0.82759683  p_y
   56   2   1   0       0.82259459  p_z
   56   2   1   1       0.82503339  p_x
   56   3   2  -2       0.03627173  d_xy
   56   3   2  -1       0.04187105  d_yz
   56   3   2   0       0.01950620  d_z2
   56   3   2   1       0.04151691  d_xz
   56   3   2   2       0.01898218  d_x2-y2
   57   1   0   0       1.36000364  s
   57   2   1  -1       0.83272755  p_y
   57   2   1   0       0.83067514  p_z
   57   2   1   1       0.83628560  p_x
   57   3   2  -2       0.03724512  d_xy
   57   3   2  -1       0.04338644  d_yz
   57   3   2   0       0.01920570  d_z2
   57   3   2   1       0.03587898  d_xz
   57   3   2   2       0.01903833  d_x2-y2
   58   1   0   0       1.37108549  s
   58   2   1  -1       0.82932225  p_y
   58   2   1   0       0.82760263  p_z
   58   2   1   1       0.82619660  p_x
   58   3   2  -2       0.03718427  d_xy
   58   3   2  -1       0.03629442  d_yz
   58   3   2   0       0.01892167  d_z2
   58   3   2   1       0.03933736  d_xz
   58   3   2   2       0.01760790  d_x2-y2
   59   1   0   0       1.34440063  s
   59   2   1  -1       0.83214666  p_y
   59   2   1   0       0.82385032  p_z
   59   2   1   1       0.83251293  p_x
   59   3   2  -2       0.04056595  d_xy
   59   3   2  -1       0.03970456  d_yz
   59   3   2   0       0.02209225  d_z2
   59   3   2   1       0.04659757  d_xz
   59   3   2   2       0.02082000  d_x2-y2
   60   1   0   0       1.35908583  s
   60   2   1  -1       0.82531127  p_y
   60   2   1   0       0.83089360  p_z
   60   2   1   1       0.82621125  p_x
   60   3   2  -2       0.04062183  d_xy
   60   3   2  -1       0.03735799  d_yz
   60   3   2   0       0.01829486  d_z2
   60   3   2   1       0.03760094  d_xz
   60   3   2   2       0.01879497  d_x2-y2
   61   1   0   0       1.33196450  s
   61   2   1  -1       0.82857386  p_y
   61   2   1   0       0.82653772  p_z
   61   2   1   1       0.83129435  p_x
   61   3   2  -2       0.04256898  d_xy
   61   3   2  -1       0.04348163  d_yz
   61   3   2   0       0.02352166  d_z2
   61   3   2   1       0.04096330  d_xz
   61   3   2   2       0.02050681  d_x2-y2
   62   1   0   0       1.33742285  s
   62   2   1  -1       0.82490555  p_y
   62   2   1   0       0.82900282  p_z
   62   2   1   1       0.82823505  p_x
   62   3   2  -2       0.04184025  d_xy
   62   3   2  -1       0.04612063  d_yz
   62   3   2   0       0.02127162  d_z2
   62   3   2   1       0.03507510  d_xz
   62   3   2   2       0.02152610  d_x2-y2
   63   1   0   0       1.35954299  s
   63   2   1  -1       0.82660161  p_y
   63   2   1   0       0.82483223  p_z
   63   2   1   1       0.82940497  p_x
   63   3   2  -2       0.03912569  d_xy
   63   3   2  -1       0.04188828  d_yz
   63   3   2   0       0.02338992  d_z2
   63   3   2   1       0.03885889  d_xz
   63   3   2   2       0.01859914  d_x2-y2
   64   1   0   0       1.33514988  s
   64   2   1  -1       0.82958097  p_y
   64   2   1   0       0.82379886  p_z
   64   2   1   1       0.82980120  p_x
   64   3   2  -2       0.04289904  d_xy
   64   3   2  -1       0.04012386  d_yz
   64   3   2   0       0.02363819  d_z2
   64   3   2   1       0.04374325  d_xz
   64   3   2   2       0.02117903  d_x2-y2

Fermi level:                        -0.1329439837 H           -3.6176 eV
Band energy:                       -88.1752867354 H        -2399.3716 eV
TS:                                  0.0000000000 H            0.0000 eV
Band free energy (E-TS):           -88.1752867354 H        -2399.3716 eV
Extrapolated E(0K):                -88.1752867354 H        -2399.3716 eV
Input / Output electrons (q):    256.0000000000    256.0000000000

Energy H0:                         -88.1634925837 H        -2399.0507 eV
Energy SCC:                          0.0004251256 H            0.0116 eV
Total Electronic energy:           -88.1630674581 H        -2399.0391 eV
Repulsive energy:                    0.0000000000 H            0.0000 eV
Total energy:                      -88.1630674581 H        -2399.0391 eV
Extrapolated to 0:                 -88.1630674581 H        -2399.0391 eV
Total Mermin free energy:          -88.1630674581 H        -2399.0391 eV
Force related energy:              -88.1630674581 H        -2399.0391 eV

Non-constrained calculation

SCC converged

Warning: dipole moment is not defined absolutely!
Dipole moment:    0.39649482   -0.37960624   -0.23878777 au
Dipole moment:    1.00778939   -0.96486289   -0.60693802 Debye


