 Fermi distribution function

Calculation with static geometry


********************************************************************************
 iSCC Total electronic   Diff electronic      SCC error    
    9   -0.88188976E+02   -0.90426511E-09    0.49595119E-05
********************************************************************************

 Total charge:    -0.00000000

 Atomic gross charges (e)
 Atom           Charge
    1       0.01888644
    2       0.00113544
    3       0.01929106
    4      -0.00035535
    5       0.00611065
    6      -0.00723715
    7      -0.01090017
    8      -0.00364759
    9       0.00954278
   10       0.00852891
   11       0.00541552
   12       0.00990179
   13      -0.00583968
   14       0.00615216
   15      -0.00024846
   16       0.00096735
   17      -0.01241107
   18       0.00662518
   19      -0.01904094
   20      -0.00038524
   21       0.00844966
   22       0.00543508
   23      -0.00239293
   24       0.00969291
   25      -0.01357967
   26      -0.00001858
   27       0.00132179
   28      -0.00326763
   29      -0.00924377
   30       0.00308084
   31      -0.00769935
   32      -0.00343595
   33       0.01606227
   34       0.01015642
   35       0.01721458
   36      -0.00039963
   37      -0.00725039
   38       0.00090950
   39       0.00898577
   40      -0.00010182
   41       0.00981112
   42       0.00377229
   43       0.01365824
   44      -0.01217178
   45       0.01330829
   46      -0.01914154
   47      -0.02376198
   48       0.00519276
   49      -0.01892585
   50       0.00735858
   51      -0.00618738
   52      -0.00397389
   53       0.00626745
   54       0.01352013
   55      -0.00971432
   56       0.00344396
   57      -0.03120184
   58      -0.01386960
   59       0.00611850
   60       0.00372698
   61      -0.00601872
   62       0.01038895
   63      -0.02449738
   64       0.00648636

Nr. of electrons (up):    256.00000000
Atom populations (up)
 Atom       Population
    1       3.98111356
    2       3.99886456
    3       3.98070894
    4       4.00035535
    5       3.99388935
    6       4.00723715
    7       4.01090017
    8       4.00364759
    9       3.99045722
   10       3.99147109
   11       3.99458448
   12       3.99009821
   13       4.00583968
   14       3.99384784
   15       4.00024846
   16       3.99903265
   17       4.01241107
   18       3.99337482
   19       4.01904094
   20       4.00038524
   21       3.99155034
   22       3.99456492
   23       4.00239293
   24       3.99030709
   25       4.01357967
   26       4.00001858
   27       3.99867821
   28       4.00326763
   29       4.00924377
   30       3.99691916
   31       4.00769935
   32       4.00343595
   33       3.98393773
   34       3.98984358
   35       3.98278542
   36       4.00039963
   37       4.00725039
   38       3.99909050
   39       3.99101423
   40       4.00010182
   41       3.99018888
   42       3.99622771
   43       3.98634176
   44       4.01217178
   45       3.98669171
   46       4.01914154
   47       4.02376198
   48       3.99480724
   49       4.01892585
   50       3.99264142
   51       4.00618738
   52       4.00397389
   53       3.99373255
   54       3.98647987
   55       4.00971432
   56       3.99655604
   57       4.03120184
   58       4.01386960
   59       3.99388150
   60       3.99627302
   61       4.00601872
   62       3.98961105
   63       4.02449738
   64       3.99351364

l-shell populations (up)
 Atom Sh.   l       Population
    1   1   0       1.34310958
    1   2   1       2.47463970
    1   3   2       0.16336427
    2   1   0       1.36457591
    2   2   1       2.48843011
    2   3   2       0.14585853
    3   1   0       1.32851344
    3   2   1       2.47651303
    3   3   2       0.17568246
    4   1   0       1.36139509
    4   2   1       2.48472566
    4   3   2       0.15423460
    5   1   0       1.33876446
    5   2   1       2.48964912
    5   3   2       0.16547577
    6   1   0       1.37052418
    6   2   1       2.49060900
    6   3   2       0.14610396
    7   1   0       1.36991607
    7   2   1       2.49463595
    7   3   2       0.14634815
    8   1   0       1.36222991
    8   2   1       2.48197857
    8   3   2       0.15943911
    9   1   0       1.34303438
    9   2   1       2.48339291
    9   3   2       0.16402993
   10   1   0       1.34366494
   10   2   1       2.47643127
   10   3   2       0.17137488
   11   1   0       1.36115458
   11   2   1       2.47678617
   11   3   2       0.15664374
   12   1   0       1.35381778
   12   2   1       2.47901070
   12   3   2       0.15726974
   13   1   0       1.36419339
   13   2   1       2.49354815
   13   3   2       0.14809814
   14   1   0       1.35318777
   14   2   1       2.47797690
   14   3   2       0.16268317
   15   1   0       1.35506087
   15   2   1       2.47959726
   15   3   2       0.16559034
   16   1   0       1.35524170
   16   2   1       2.48937264
   16   3   2       0.15441831
   17   1   0       1.36995852
   17   2   1       2.49801561
   17   3   2       0.14443694
   18   1   0       1.34803984
   18   2   1       2.48442825
   18   3   2       0.16090673
   19   1   0       1.37962897
   19   2   1       2.49194437
   19   3   2       0.14746759
   20   1   0       1.35756686
   20   2   1       2.48222195
   20   3   2       0.16059643
   21   1   0       1.35712103
   21   2   1       2.47233170
   21   3   2       0.16209761
   22   1   0       1.36090983
   22   2   1       2.47676244
   22   3   2       0.15689265
   23   1   0       1.35986184
   23   2   1       2.48886585
   23   3   2       0.15366523
   24   1   0       1.33949677
   24   2   1       2.48395510
   24   3   2       0.16685523
   25   1   0       1.37756867
   25   2   1       2.48456577
   25   3   2       0.15144523
   26   1   0       1.34951881
   26   2   1       2.48988536
   26   3   2       0.16061441
   27   1   0       1.35716360
   27   2   1       2.48568101
   27   3   2       0.15583360
   28   1   0       1.36767130
   28   2   1       2.48692314
   28   3   2       0.14867319
   29   1   0       1.36915322
   29   2   1       2.49025779
   29   3   2       0.14983276
   30   1   0       1.35287343
   30   2   1       2.48579731
   30   3   2       0.15824842
   31   1   0       1.36213666
   31   2   1       2.48499791
   31   3   2       0.16056478
   32   1   0       1.36619529
   32   2   1       2.48473510
   32   3   2       0.15250556
   33   1   0       1.33922064
   33   2   1       2.47578283
   33   3   2       0.16893426
   34   1   0       1.33444626
   34   2   1       2.48556004
   34   3   2       0.16983727
   35   1   0       1.34821382
   35   2   1       2.47259168
   35   3   2       0.16197992
   36   1   0       1.37253599
   36   2   1       2.48432263
   36   3   2       0.14354102
   37   1   0       1.36854260
   37   2   1       2.49312216
   37   3   2       0.14558563
   38   1   0       1.36048758
   38   2   1       2.48136641
   38   3   2       0.15723652
   39   1   0       1.34957293
   39   2   1       2.47918306
   39   3   2       0.16225824
   40   1   0       1.35292760
   40   2   1       2.48576939
   40   3   2       0.16140482
   41   1   0       1.34953297
   41   2   1       2.48074956
   41   3   2       0.15990635
   42   1   0       1.35782774
   42   2   1       2.48452876
   42   3   2       0.15387120
   43   1   0       1.34367491
   43   2   1       2.47479120
   43   3   2       0.16787565
   44   1   0       1.38052848
   44   2   1       2.48663878
   44   3   2       0.14500452
   45   1   0       1.33658268
   45   2   1       2.47978904
   45   3   2       0.17031998
   46   1   0       1.38192090
   46   2   1       2.49785236
   46   3   2       0.13936827
   47   1   0       1.38874096
   47   2   1       2.49361532
   47   3   2       0.14140569
   48   1   0       1.34241348
   48   2   1       2.48677288
   48   3   2       0.16562088
   49   1   0       1.37801472
   49   2   1       2.49581423
   49   3   2       0.14509690
   50   1   0       1.34112709
   50   2   1       2.48369985
   50   3   2       0.16781449
   51   1   0       1.36396079
   51   2   1       2.49156956
   51   3   2       0.15065703
   52   1   0       1.36264135
   52   2   1       2.48398696
   52   3   2       0.15734558
   53   1   0       1.34162832
   53   2   1       2.48812498
   53   3   2       0.16397924
   54   1   0       1.33491102
   54   2   1       2.47879801
   54   3   2       0.17277084
   55   1   0       1.35904948
   55   2   1       2.48813865
   55   3   2       0.16252619
   56   1   0       1.36199196
   56   2   1       2.48294633
   56   3   2       0.15161775
   57   1   0       1.38982976
   57   2   1       2.50109529
   57   3   2       0.14027679
   58   1   0       1.37737094
   58   2   1       2.49062295
   58   3   2       0.14587571
   59   1   0       1.34308395
   59   2   1       2.48390424
   59   3   2       0.16689331
   60   1   0       1.34676634
   60   2   1       2.48881164
   60   3   2       0.16069504
   61   1   0       1.35565045
   61   2   1       2.48477919
   61   3   2       0.16558907
   62   1   0       1.34335507
   62   2   1       2.48244947
   62   3   2       0.16380650
   63   1   0       1.39109853
   63   2   1       2.49441378
   63   3   2       0.13898507
   64   1   0       1.35290034
   64   2   1       2.47942693
   64   3   2       0.16118636

Orbital populations (up)
 Atom Sh.   l   m       Population  Label
    1   1   0   0       1.34310958  s
    1   2   1  -1       0.82442109  p_y
    1   2   1   0       0.82325766  p_z
    1   2   1   1       0.82696096  p_x
    1   3   2  -2       0.03841572  d_xy
    1   3   2  -1       0.04342698  d_yz
    1   3   2   0       0.02089475  d_z2
    1   3   2   1       0.03995980  d_xz
    1   3   2   2       0.02066704  d_x2-y2
    2   1   0   0       1.36457591  s
    2   2   1  -1       0.82588860  p_y
    2   2   1   0       0.83358817  p_z
    2   2   1   1       0.82895334  p_x
    2   3   2  -2       0.04181111  d_xy
    2   3   2  -1       0.03609960  d_yz
    2   3   2   0       0.01635086  d_z2
    2   3   2   1       0.03335066  d_xz
    2   3   2   2       0.01824631  d_x2-y2
    3   1   0   0       1.32851344  s
    3   2   1  -1       0.83043358  p_y
    3   2   1   0       0.82310908  p_z
    3   2   1   1       0.82297037  p_x
    3   3   2  -2       0.04171338  d_xy
    3   3   2  -1       0.03904814  d_yz
    3   3   2   0       0.02391942  d_z2
    3   3   2   1       0.04889002  d_xz
    3   3   2   2       0.02211151  d_x2-y2
    4   1   0   0       1.36139509  s
    4   2   1  -1       0.82545855  p_y
    4   2   1   0       0.83245896  p_z
    4   2   1   1       0.82680815  p_x
    4   3   2  -2       0.03950292  d_xy
    4   3   2  -1       0.03991535  d_yz
    4   3   2   0       0.01819211  d_z2
    4   3   2   1       0.03700133  d_xz
    4   3   2   2       0.01962289  d_x2-y2
    5   1   0   0       1.33876446  s
    5   2   1  -1       0.82893099  p_y
    5   2   1   0       0.83477839  p_z
    5   2   1   1       0.82593974  p_x
    5   3   2  -2       0.04297682  d_xy
    5   3   2  -1       0.03933429  d_yz
    5   3   2   0       0.02117912  d_z2
    5   3   2   1       0.04070098  d_xz
    5   3   2   2       0.02128456  d_x2-y2
    6   1   0   0       1.37052418  s
    6   2   1  -1       0.82801634  p_y
    6   2   1   0       0.83028165  p_z
    6   2   1   1       0.83231101  p_x
    6   3   2  -2       0.03833356  d_xy
    6   3   2  -1       0.03609086  d_yz
    6   3   2   0       0.01776655  d_z2
    6   3   2   1       0.03674443  d_xz
    6   3   2   2       0.01716855  d_x2-y2
    7   1   0   0       1.36991607  s
    7   2   1  -1       0.83227889  p_y
    7   2   1   0       0.83107303  p_z
    7   2   1   1       0.83128404  p_x
    7   3   2  -2       0.03833670  d_xy
    7   3   2  -1       0.03814195  d_yz
    7   3   2   0       0.01833805  d_z2
    7   3   2   1       0.03386023  d_xz
    7   3   2   2       0.01767122  d_x2-y2
    8   1   0   0       1.36222991  s
    8   2   1  -1       0.82745581  p_y
    8   2   1   0       0.82722668  p_z
    8   2   1   1       0.82729609  p_x
    8   3   2  -2       0.03641160  d_xy
    8   3   2  -1       0.03961488  d_yz
    8   3   2   0       0.01991423  d_z2
    8   3   2   1       0.04366596  d_xz
    8   3   2   2       0.01983243  d_x2-y2
    9   1   0   0       1.34303438  s
    9   2   1  -1       0.82766298  p_y
    9   2   1   0       0.82699798  p_z
    9   2   1   1       0.82873194  p_x
    9   3   2  -2       0.04079221  d_xy
    9   3   2  -1       0.04094420  d_yz
    9   3   2   0       0.02139759  d_z2
    9   3   2   1       0.04064498  d_xz
    9   3   2   2       0.02025095  d_x2-y2
   10   1   0   0       1.34366494  s
   10   2   1  -1       0.82396361  p_y
   10   2   1   0       0.82605362  p_z
   10   2   1   1       0.82641404  p_x
   10   3   2  -2       0.04316357  d_xy
   10   3   2  -1       0.04116747  d_yz
   10   3   2   0       0.02383141  d_z2
   10   3   2   1       0.04234411  d_xz
   10   3   2   2       0.02086832  d_x2-y2
   11   1   0   0       1.36115458  s
   11   2   1  -1       0.82501326  p_y
   11   2   1   0       0.82276705  p_z
   11   2   1   1       0.82900586  p_x
   11   3   2  -2       0.03823231  d_xy
   11   3   2  -1       0.04355195  d_yz
   11   3   2   0       0.02099454  d_z2
   11   3   2   1       0.03564219  d_xz
   11   3   2   2       0.01822276  d_x2-y2
   12   1   0   0       1.35381778  s
   12   2   1  -1       0.82452917  p_y
   12   2   1   0       0.83088031  p_z
   12   2   1   1       0.82360122  p_x
   12   3   2  -2       0.04015325  d_xy
   12   3   2  -1       0.03939296  d_yz
   12   3   2   0       0.01876736  d_z2
   12   3   2   1       0.03879380  d_xz
   12   3   2   2       0.02016237  d_x2-y2
   13   1   0   0       1.36419339  s
   13   2   1  -1       0.83139200  p_y
   13   2   1   0       0.83265667  p_z
   13   2   1   1       0.82949948  p_x
   13   3   2  -2       0.03766352  d_xy
   13   3   2  -1       0.03516716  d_yz
   13   3   2   0       0.01779053  d_z2
   13   3   2   1       0.03870012  d_xz
   13   3   2   2       0.01877680  d_x2-y2
   14   1   0   0       1.35318777  s
   14   2   1  -1       0.83067146  p_y
   14   2   1   0       0.82569975  p_z
   14   2   1   1       0.82160569  p_x
   14   3   2  -2       0.04166735  d_xy
   14   3   2  -1       0.03687925  d_yz
   14   3   2   0       0.02031600  d_z2
   14   3   2   1       0.04287770  d_xz
   14   3   2   2       0.02094288  d_x2-y2
   15   1   0   0       1.35506087  s
   15   2   1  -1       0.82366343  p_y
   15   2   1   0       0.82860098  p_z
   15   2   1   1       0.82733285  p_x
   15   3   2  -2       0.03931717  d_xy
   15   3   2  -1       0.04182921  d_yz
   15   3   2   0       0.01971493  d_z2
   15   3   2   1       0.04162379  d_xz
   15   3   2   2       0.02310524  d_x2-y2
   16   1   0   0       1.35524170  s
   16   2   1  -1       0.82657175  p_y
   16   2   1   0       0.83110697  p_z
   16   2   1   1       0.83169392  p_x
   16   3   2  -2       0.03937356  d_xy
   16   3   2  -1       0.04192131  d_yz
   16   3   2   0       0.01866674  d_z2
   16   3   2   1       0.03547266  d_xz
   16   3   2   2       0.01898405  d_x2-y2
   17   1   0   0       1.36995852  s
   17   2   1  -1       0.83208938  p_y
   17   2   1   0       0.83364847  p_z
   17   2   1   1       0.83227776  p_x
   17   3   2  -2       0.03632802  d_xy
   17   3   2  -1       0.03773296  d_yz
   17   3   2   0       0.01609992  d_z2
   17   3   2   1       0.03612835  d_xz
   17   3   2   2       0.01814769  d_x2-y2
   18   1   0   0       1.34803984  s
   18   2   1  -1       0.83016453  p_y
   18   2   1   0       0.83116722  p_z
   18   2   1   1       0.82309650  p_x
   18   3   2  -2       0.04256471  d_xy
   18   3   2  -1       0.03758287  d_yz
   18   3   2   0       0.02049530  d_z2
   18   3   2   1       0.04001947  d_xz
   18   3   2   2       0.02024438  d_x2-y2
   19   1   0   0       1.37962897  s
   19   2   1  -1       0.83273846  p_y
   19   2   1   0       0.83290791  p_z
   19   2   1   1       0.82629800  p_x
   19   3   2  -2       0.03525556  d_xy
   19   3   2  -1       0.03593931  d_yz
   19   3   2   0       0.01735863  d_z2
   19   3   2   1       0.04093775  d_xz
   19   3   2   2       0.01797634  d_x2-y2
   20   1   0   0       1.35756686  s
   20   2   1  -1       0.82770766  p_y
   20   2   1   0       0.82610682  p_z
   20   2   1   1       0.82840747  p_x
   20   3   2  -2       0.04109404  d_xy
   20   3   2  -1       0.04117281  d_yz
   20   3   2   0       0.02095556  d_z2
   20   3   2   1       0.03834929  d_xz
   20   3   2   2       0.01902472  d_x2-y2
   21   1   0   0       1.35712103  s
   21   2   1  -1       0.82602695  p_y
   21   2   1   0       0.82520959  p_z
   21   2   1   1       0.82109516  p_x
   21   3   2  -2       0.03609603  d_xy
   21   3   2  -1       0.04292174  d_yz
   21   3   2   0       0.01942916  d_z2
   21   3   2   1       0.04237910  d_xz
   21   3   2   2       0.02127158  d_x2-y2
   22   1   0   0       1.36090983  s
   22   2   1  -1       0.82213455  p_y
   22   2   1   0       0.82902568  p_z
   22   2   1   1       0.82560222  p_x
   22   3   2  -2       0.03994604  d_xy
   22   3   2  -1       0.03947397  d_yz
   22   3   2   0       0.01981461  d_z2
   22   3   2   1       0.03763764  d_xz
   22   3   2   2       0.02002038  d_x2-y2
   23   1   0   0       1.35986184  s
   23   2   1  -1       0.83415109  p_y
   23   2   1   0       0.82379566  p_z
   23   2   1   1       0.83091910  p_x
   23   3   2  -2       0.03987899  d_xy
   23   3   2  -1       0.03612551  d_yz
   23   3   2   0       0.02059292  d_z2
   23   3   2   1       0.03986383  d_xz
   23   3   2   2       0.01720399  d_x2-y2
   24   1   0   0       1.33949677  s
   24   2   1  -1       0.82639669  p_y
   24   2   1   0       0.83276161  p_z
   24   2   1   1       0.82479680  p_x
   24   3   2  -2       0.04395121  d_xy
   24   3   2  -1       0.03689548  d_yz
   24   3   2   0       0.02046360  d_z2
   24   3   2   1       0.04329213  d_xz
   24   3   2   2       0.02225280  d_x2-y2
   25   1   0   0       1.37756867  s
   25   2   1  -1       0.82742365  p_y
   25   2   1   0       0.82960641  p_z
   25   2   1   1       0.82753572  p_x
   25   3   2  -2       0.04058696  d_xy
   25   3   2  -1       0.03689906  d_yz
   25   3   2   0       0.01960195  d_z2
   25   3   2   1       0.03695383  d_xz
   25   3   2   2       0.01740343  d_x2-y2
   26   1   0   0       1.34951881  s
   26   2   1  -1       0.83318978  p_y
   26   2   1   0       0.82741416  p_z
   26   2   1   1       0.82928142  p_x
   26   3   2  -2       0.03762628  d_xy
   26   3   2  -1       0.03852829  d_yz
   26   3   2   0       0.02090642  d_z2
   26   3   2   1       0.04418815  d_xz
   26   3   2   2       0.01936527  d_x2-y2
   27   1   0   0       1.35716360  s
   27   2   1  -1       0.82724601  p_y
   27   2   1   0       0.83181237  p_z
   27   2   1   1       0.82662262  p_x
   27   3   2  -2       0.04284043  d_xy
   27   3   2  -1       0.03901946  d_yz
   27   3   2   0       0.01870704  d_z2
   27   3   2   1       0.03548890  d_xz
   27   3   2   2       0.01977778  d_x2-y2
   28   1   0   0       1.36767130  s
   28   2   1  -1       0.83131684  p_y
   28   2   1   0       0.82530887  p_z
   28   2   1   1       0.83029743  p_x
   28   3   2  -2       0.03521049  d_xy
   28   3   2  -1       0.03933466  d_yz
   28   3   2   0       0.01890413  d_z2
   28   3   2   1       0.03855914  d_xz
   28   3   2   2       0.01666478  d_x2-y2
   29   1   0   0       1.36915322  s
   29   2   1  -1       0.83179042  p_y
   29   2   1   0       0.82772850  p_z
   29   2   1   1       0.83073887  p_x
   29   3   2  -2       0.03467109  d_xy
   29   3   2  -1       0.04043637  d_yz
   29   3   2   0       0.01711353  d_z2
   29   3   2   1       0.03907306  d_xz
   29   3   2   2       0.01853872  d_x2-y2
   30   1   0   0       1.35287343  s
   30   2   1  -1       0.82707673  p_y
   30   2   1   0       0.83192194  p_z
   30   2   1   1       0.82679864  p_x
   30   3   2  -2       0.04033663  d_xy
   30   3   2  -1       0.03849454  d_yz
   30   3   2   0       0.01892009  d_z2
   30   3   2   1       0.04019545  d_xz
   30   3   2   2       0.02030171  d_x2-y2
   31   1   0   0       1.36213666  s
   31   2   1  -1       0.82894860  p_y
   31   2   1   0       0.82458206  p_z
   31   2   1   1       0.83146725  p_x
   31   3   2  -2       0.04064808  d_xy
   31   3   2  -1       0.03847746  d_yz
   31   3   2   0       0.02158814  d_z2
   31   3   2   1       0.04156345  d_xz
   31   3   2   2       0.01828766  d_x2-y2
   32   1   0   0       1.36619529  s
   32   2   1  -1       0.83038256  p_y
   32   2   1   0       0.82787624  p_z
   32   2   1   1       0.82647630  p_x
   32   3   2  -2       0.03863026  d_xy
   32   3   2  -1       0.04048531  d_yz
   32   3   2   0       0.01948985  d_z2
   32   3   2   1       0.03600826  d_xz
   32   3   2   2       0.01789188  d_x2-y2
   33   1   0   0       1.33922064  s
   33   2   1  -1       0.82707131  p_y
   33   2   1   0       0.82254988  p_z
   33   2   1   1       0.82616165  p_x
   33   3   2  -2       0.04365745  d_xy
   33   3   2  -1       0.04220284  d_yz
   33   3   2   0       0.02393675  d_z2
   33   3   2   1       0.03918611  d_xz
   33   3   2   2       0.01995112  d_x2-y2
   34   1   0   0       1.33444626  s
   34   2   1  -1       0.82331580  p_y
   34   2   1   0       0.83228750  p_z
   34   2   1   1       0.82995674  p_x
   34   3   2  -2       0.04391382  d_xy
   34   3   2  -1       0.04323851  d_yz
   34   3   2   0       0.02185623  d_z2
   34   3   2   1       0.03892052  d_xz
   34   3   2   2       0.02190821  d_x2-y2
   35   1   0   0       1.34821382  s
   35   2   1  -1       0.82752041  p_y
   35   2   1   0       0.81999701  p_z
   35   2   1   1       0.82507425  p_x
   35   3   2  -2       0.03726724  d_xy
   35   3   2  -1       0.04136562  d_yz
   35   3   2   0       0.02142264  d_z2
   35   3   2   1       0.04232423  d_xz
   35   3   2   2       0.01960018  d_x2-y2
   36   1   0   0       1.37253599  s
   36   2   1  -1       0.82660756  p_y
   36   2   1   0       0.82750974  p_z
   36   2   1   1       0.83020533  p_x
   36   3   2  -2       0.03745717  d_xy
   36   3   2  -1       0.03613219  d_yz
   36   3   2   0       0.01754216  d_z2
   36   3   2   1       0.03571265  d_xz
   36   3   2   2       0.01669684  d_x2-y2
   37   1   0   0       1.36854260  s
   37   2   1  -1       0.83067040  p_y
   37   2   1   0       0.83419620  p_z
   37   2   1   1       0.82825555  p_x
   37   3   2  -2       0.03866354  d_xy
   37   3   2  -1       0.03442382  d_yz
   37   3   2   0       0.01732053  d_z2
   37   3   2   1       0.03801912  d_xz
   37   3   2   2       0.01715863  d_x2-y2
   38   1   0   0       1.36048758  s
   38   2   1  -1       0.82711291  p_y
   38   2   1   0       0.82411351  p_z
   38   2   1   1       0.83013999  p_x
   38   3   2  -2       0.03968713  d_xy
   38   3   2  -1       0.04002772  d_yz
   38   3   2   0       0.01936798  d_z2
   38   3   2   1       0.03853706  d_xz
   38   3   2   2       0.01961662  d_x2-y2
   39   1   0   0       1.34957293  s
   39   2   1  -1       0.82785111  p_y
   39   2   1   0       0.82571337  p_z
   39   2   1   1       0.82561858  p_x
   39   3   2  -2       0.03989113  d_xy
   39   3   2  -1       0.03965421  d_yz
   39   3   2   0       0.02056952  d_z2
   39   3   2   1       0.04165633  d_xz
   39   3   2   2       0.02048704  d_x2-y2
   40   1   0   0       1.35292760  s
   40   2   1  -1       0.83195272  p_y
   40   2   1   0       0.82610566  p_z
   40   2   1   1       0.82771101  p_x
   40   3   2  -2       0.03775285  d_xy
   40   3   2  -1       0.03828086  d_yz
   40   3   2   0       0.01987713  d_z2
   40   3   2   1       0.04493397  d_xz
   40   3   2   2       0.02056001  d_x2-y2
   41   1   0   0       1.34953297  s
   41   2   1  -1       0.82786391  p_y
   41   2   1   0       0.82769373  p_z
   41   2   1   1       0.82519193  p_x
   41   3   2  -2       0.03922816  d_xy
   41   3   2  -1       0.03676580  d_yz
   41   3   2   0       0.01926782  d_z2
   41   3   2   1       0.04368264  d_xz
   41   3   2   2       0.02096193  d_x2-y2
   42   1   0   0       1.35782774  s
   42   2   1  -1       0.83063513  p_y
   42   2   1   0       0.82761988  p_z
   42   2   1   1       0.82627375  p_x
   42   3   2  -2       0.03735879  d_xy
   42   3   2  -1       0.03798269  d_yz
   42   3   2   0       0.01833985  d_z2
   42   3   2   1       0.04078704  d_xz
   42   3   2   2       0.01940283  d_x2-y2
   43   1   0   0       1.34367491  s
   43   2   1  -1       0.82246513  p_y
   43   2   1   0       0.82575977  p_z
   43   2   1   1       0.82656631  p_x
   43   3   2  -2       0.03775181  d_xy
   43   3   2  -1       0.04772394  d_yz
   43   3   2   0       0.01926842  d_z2
   43   3   2   1       0.03963493  d_xz
   43   3   2   2       0.02349655  d_x2-y2
   44   1   0   0       1.38052848  s
   44   2   1  -1       0.82791797  p_y
   44   2   1   0       0.82520744  p_z
   44   2   1   1       0.83351337  p_x
   44   3   2  -2       0.03690822  d_xy
   44   3   2  -1       0.03805079  d_yz
   44   3   2   0       0.01822666  d_z2
   44   3   2   1       0.03566554  d_xz
   44   3   2   2       0.01615331  d_x2-y2
   45   1   0   0       1.33658268  s
   45   2   1  -1       0.82499745  p_y
   45   2   1   0       0.82919066  p_z
   45   2   1   1       0.82560093  p_x
   45   3   2  -2       0.04049077  d_xy
   45   3   2  -1       0.04417428  d_yz
   45   3   2   0       0.02079372  d_z2
   45   3   2   1       0.04123952  d_xz
   45   3   2   2       0.02362169  d_x2-y2
   46   1   0   0       1.38192090  s
   46   2   1  -1       0.83446268  p_y
   46   2   1   0       0.82992352  p_z
   46   2   1   1       0.83346616  p_x
   46   3   2  -2       0.03535835  d_xy
   46   3   2  -1       0.03344043  d_yz
   46   3   2   0       0.01691938  d_z2
   46   3   2   1       0.03701911  d_xz
   46   3   2   2       0.01663100  d_x2-y2
   47   1   0   0       1.38874096  s
   47   2   1  -1       0.83163631  p_y
   47   2   1   0       0.83597286  p_z
   47   2   1   1       0.82600616  p_x
   47   3   2  -2       0.03999916  d_xy
   47   3   2  -1       0.03333628  d_yz
   47   3   2   0       0.01737766  d_z2
   47   3   2   1       0.03479869  d_xz
   47   3   2   2       0.01589392  d_x2-y2
   48   1   0   0       1.34241348  s
   48   2   1  -1       0.83040268  p_y
   48   2   1   0       0.82657242  p_z
   48   2   1   1       0.82979778  p_x
   48   3   2  -2       0.03689479  d_xy
   48   3   2  -1       0.04566897  d_yz
   48   3   2   0       0.02117900  d_z2
   48   3   2   1       0.04053554  d_xz
   48   3   2   2       0.02134258  d_x2-y2
   49   1   0   0       1.37801472  s
   49   2   1  -1       0.83242790  p_y
   49   2   1   0       0.83104052  p_z
   49   2   1   1       0.83234580  p_x
   49   3   2  -2       0.03576252  d_xy
   49   3   2  -1       0.03993930  d_yz
   49   3   2   0       0.01715056  d_z2
   49   3   2   1       0.03541137  d_xz
   49   3   2   2       0.01683316  d_x2-y2
   50   1   0   0       1.34112709  s
   50   2   1  -1       0.83052316  p_y
   50   2   1   0       0.82583431  p_z
   50   2   1   1       0.82734238  p_x
   50   3   2  -2       0.04200887  d_xy
   50   3   2  -1       0.04012583  d_yz
   50   3   2   0       0.02174818  d_z2
   50   3   2   1       0.04318151  d_xz
   50   3   2   2       0.02075010  d_x2-y2
   51   1   0   0       1.36396079  s
   51   2   1  -1       0.82502065  p_y
   51   2   1   0       0.83746499  p_z
   51   2   1   1       0.82908392  p_x
   51   3   2  -2       0.04206183  d_xy
   51   3   2  -1       0.03507981  d_yz
   51   3   2   0       0.01750254  d_z2
   51   3   2   1       0.03704312  d_xz
   51   3   2   2       0.01896972  d_x2-y2
   52   1   0   0       1.36264135  s
   52   2   1  -1       0.82854034  p_y
   52   2   1   0       0.82434367  p_z
   52   2   1   1       0.83110295  p_x
   52   3   2  -2       0.03892987  d_xy
   52   3   2  -1       0.04341737  d_yz
   52   3   2   0       0.02010641  d_z2
   52   3   2   1       0.03628215  d_xz
   52   3   2   2       0.01860978  d_x2-y2
   53   1   0   0       1.34162832  s
   53   2   1  -1       0.82843793  p_y
   53   2   1   0       0.82461716  p_z
   53   2   1   1       0.83506989  p_x
   53   3   2  -2       0.03965375  d_xy
   53   3   2  -1       0.04398343  d_yz
   53   3   2   0       0.02221756  d_z2
   53   3   2   1       0.03841991  d_xz
   53   3   2   2       0.01970460  d_x2-y2
   54   1   0   0       1.33491102  s
   54   2   1  -1       0.81999326  p_y
   54   2   1   0       0.83002784  p_z
   54   2   1   1       0.82877691  p_x
   54   3   2  -2       0.04571801  d_xy
   54   3   2  -1       0.04429460  d_yz
   54   3   2   0       0.02319751  d_z2
   54   3   2   1       0.03811034  d_xz
   54   3   2   2       0.02145038  d_x2-y2
   55   1   0   0       1.35904948  s
   55   2   1  -1       0.83207854  p_y
   55   2   1   0       0.82757635  p_z
   55   2   1   1       0.82848376  p_x
   55   3   2  -2       0.03903469  d_xy
   55   3   2  -1       0.03792379  d_yz
   55   3   2   0       0.02240430  d_z2
   55   3   2   1       0.04301760  d_xz
   55   3   2   2       0.02014581  d_x2-y2
   56   1   0   0       1.36199196  s
   56   2   1  -1       0.82654087  p_y
   56   2   1   0       0.83072672  p_z
   56   2   1   1       0.82567873  p_x
   56   3   2  -2       0.04089894  d_xy
   56   3   2  -1       0.03560223  d_yz
   56   3   2   0       0.01872864  d_z2
   56   3   2   1       0.03806643  d_xz
   56   3   2   2       0.01832150  d_x2-y2
   57   1   0   0       1.38982976  s
   57   2   1  -1       0.83483780  p_y
   57   2   1   0       0.83565951  p_z
   57   2   1   1       0.83059798  p_x
   57   3   2  -2       0.03727547  d_xy
   57   3   2  -1       0.03365030  d_yz
   57   3   2   0       0.01635159  d_z2
   57   3   2   1       0.03642423  d_xz
   57   3   2   2       0.01657520  d_x2-y2
   58   1   0   0       1.37737094  s
   58   2   1  -1       0.83115791  p_y
   58   2   1   0       0.83029463  p_z
   58   2   1   1       0.82917041  p_x
   58   3   2  -2       0.03670762  d_xy
   58   3   2  -1       0.03826229  d_yz
   58   3   2   0       0.01758477  d_z2
   58   3   2   1       0.03625843  d_xz
   58   3   2   2       0.01706260  d_x2-y2
   59   1   0   0       1.34308395  s
   59   2   1  -1       0.82208911  p_y
   59   2   1   0       0.83500242  p_z
   59   2   1   1       0.82681272  p_x
   59   3   2  -2       0.04540165  d_xy
   59   3   2  -1       0.04123081  d_yz
   59   3   2   0       0.01886242  d_z2
   59   3   2   1       0.03760406  d_xz
   59   3   2   2       0.02379438  d_x2-y2
   60   1   0   0       1.34676634  s
   60   2   1  -1       0.83246824  p_y
   60   2   1   0       0.82312973  p_z
   60   2   1   1       0.83321367  p_x
   60   3   2  -2       0.03566742  d_xy
   60   3   2  -1       0.04099310  d_yz
   60   3   2   0       0.02104520  d_z2
   60   3   2   1       0.04379209  d_xz
   60   3   2   2       0.01919723  d_x2-y2
   61   1   0   0       1.35565045  s
   61   2   1  -1       0.82208770  p_y
   61   2   1   0       0.83252363  p_z
   61   2   1   1       0.83016786  p_x
   61   3   2  -2       0.04106660  d_xy
   61   3   2  -1       0.04060812  d_yz
   61   3   2   0       0.01918057  d_z2
   61   3   2   1       0.04226151  d_xz
   61   3   2   2       0.02247227  d_x2-y2
   62   1   0   0       1.34335507  s
   62   2   1  -1       0.82889262  p_y
   62   2   1   0       0.82586853  p_z
   62   2   1   1       0.82768832  p_x
   62   3   2  -2       0.03896534  d_xy
   62   3   2  -1       0.03833065  d_yz
   62   3   2   0       0.02106833  d_z2
   62   3   2   1       0.04461149  d_xz
   62   3   2   2       0.02083069  d_x2-y2
   63   1   0   0       1.39109853  s
   63   2   1  -1       0.83206634  p_y
   63   2   1   0       0.83066052  p_z
   63   2   1   1       0.83168692  p_x
   63   3   2  -2       0.03567431  d_xy
   63   3   2  -1       0.03607329  d_yz
   63   3   2   0       0.01666402  d_z2
   63   3   2   1       0.03433517  d_xz
   63   3   2   2       0.01623828  d_x2-y2
   64   1   0   0       1.35290034  s
   64   2   1  -1       0.82664259  p_y
   64   2   1   0       0.82839148  p_z
   64   2   1   1       0.82439287  p_x
   64   3   2  -2       0.03874684  d_xy
   64   3   2  -1       0.04236790  d_yz
   64   3   2   0       0.01923013  d_z2
   64   3   2   1       0.03978972  d_xz
   64   3   2   2       0.02105177  d_x2-y2

Fermi level:                        -0.1336261796 H           -3.6362 eV
Band energy:                       -88.1951244901 H        -2399.9114 eV
TS:                                  0.0000000000 H            0.0000 eV
Band free energy (E-TS):           -88.1951244901 H        -2399.9114 eV
Extrapolated E(0K):                -88.1951244901 H        -2399.9114 eV
Input / Output electrons (q):    256.0000000000    256.0000000000

Energy H0:                         -88.1892630190 H        -2399.7519 eV
Energy SCC:                          0.0002869078 H            0.0078 eV
Total Electronic energy:           -88.1889761112 H        -2399.7441 eV
Repulsive energy:                    0.0000000000 H            0.0000 eV
Total energy:                      -88.1889761112 H        -2399.7441 eV
Extrapolated to 0:                 -88.1889761112 H        -2399.7441 eV
Total Mermin free energy:          -88.1889761112 H        -2399.7441 eV
Force related energy:              -88.1889761112 H        -2399.7441 eV

Non-constrained calculation

SCC converged

Warning: dipole moment is not defined absolutely!
Dipole moment:   -0.16064209   -0.67996591    0.20319811 au
Dipole moment:   -0.40831150   -1.72830109    0.51647811 Debye


