 Fermi distribution function

Calculation with static geometry


********************************************************************************
 iSCC Total electronic   Diff electronic      SCC error    
   10   -0.88166729E+02   -0.74081186E-10    0.28431800E-05
********************************************************************************

 Total charge:    -0.00000000

 Atomic gross charges (e)
 Atom           Charge
    1      -0.02918472
    2       0.01140578
    3      -0.01884708
    4       0.00726077
    5       0.01854605
    6       0.00155591
    7       0.01174924
    8       0.01355632
    9       0.01209895
   10      -0.00608250
   11      -0.00439334
   12      -0.00737802
   13      -0.00079021
   14       0.01288178
   15      -0.00218915
   16       0.00887113
   17      -0.00844373
   18      -0.00380772
   19      -0.00542637
   20      -0.01065877
   21      -0.01017856
   22      -0.00528430
   23       0.00773949
   24      -0.02210851
   25       0.01304394
   26      -0.00551789
   27      -0.00223326
   28       0.00205995
   29       0.00258844
   30       0.01065830
   31       0.00484532
   32       0.01615885
   33      -0.00957017
   34       0.00438777
   35       0.00583960
   36      -0.01152423
   37       0.02234721
   38      -0.00344997
   39      -0.00199818
   40       0.01666427
   41       0.01030753
   42      -0.00754639
   43      -0.00653079
   44      -0.01202597
   45      -0.01995763
   46       0.00762651
   47       0.00384876
   48       0.01718892
   49      -0.02545765
   50      -0.00441833
   51      -0.01777491
   52       0.01735465
   53       0.00815291
   54      -0.01614044
   55      -0.00946051
   56      -0.00109260
   57      -0.00508247
   58       0.01144227
   59      -0.00645443
   60       0.00762258
   61       0.00500109
   62       0.00527558
   63       0.00847259
   64      -0.00554366

Nr. of electrons (up):    256.00000000
Atom populations (up)
 Atom       Population
    1       4.02918472
    2       3.98859422
    3       4.01884708
    4       3.99273923
    5       3.98145395
    6       3.99844409
    7       3.98825076
    8       3.98644368
    9       3.98790105
   10       4.00608250
   11       4.00439334
   12       4.00737802
   13       4.00079021
   14       3.98711822
   15       4.00218915
   16       3.99112887
   17       4.00844373
   18       4.00380772
   19       4.00542637
   20       4.01065877
   21       4.01017856
   22       4.00528430
   23       3.99226051
   24       4.02210851
   25       3.98695606
   26       4.00551789
   27       4.00223326
   28       3.99794005
   29       3.99741156
   30       3.98934170
   31       3.99515468
   32       3.98384115
   33       4.00957017
   34       3.99561223
   35       3.99416040
   36       4.01152423
   37       3.97765279
   38       4.00344997
   39       4.00199818
   40       3.98333573
   41       3.98969247
   42       4.00754639
   43       4.00653079
   44       4.01202597
   45       4.01995763
   46       3.99237349
   47       3.99615124
   48       3.98281108
   49       4.02545765
   50       4.00441833
   51       4.01777491
   52       3.98264535
   53       3.99184709
   54       4.01614044
   55       4.00946051
   56       4.00109260
   57       4.00508247
   58       3.98855773
   59       4.00645443
   60       3.99237742
   61       3.99499891
   62       3.99472442
   63       3.99152741
   64       4.00554366

l-shell populations (up)
 Atom Sh.   l       Population
    1   1   0       1.38611021
    1   2   1       2.50189273
    1   3   2       0.14118178
    2   1   0       1.33850664
    2   2   1       2.48379231
    2   3   2       0.16629527
    3   1   0       1.38584647
    3   2   1       2.49030136
    3   3   2       0.14269925
    4   1   0       1.36047705
    4   2   1       2.47647210
    4   3   2       0.15579008
    5   1   0       1.32646419
    5   2   1       2.48438358
    5   3   2       0.17060617
    6   1   0       1.36723534
    6   2   1       2.47530985
    6   3   2       0.15589890
    7   1   0       1.34258921
    7   2   1       2.47349160
    7   3   2       0.17216995
    8   1   0       1.35305310
    8   2   1       2.47440926
    8   3   2       0.15898132
    9   1   0       1.33440706
    9   2   1       2.48195725
    9   3   2       0.17153674
   10   1   0       1.37445049
   10   2   1       2.48467309
   10   3   2       0.14695893
   11   1   0       1.35263327
   11   2   1       2.48356388
   11   3   2       0.16819620
   12   1   0       1.37222099
   12   2   1       2.49308394
   12   3   2       0.14207309
   13   1   0       1.37673333
   13   2   1       2.47087708
   13   3   2       0.15317980
   14   1   0       1.33551882
   14   2   1       2.48468593
   14   3   2       0.16691347
   15   1   0       1.36403706
   15   2   1       2.49518612
   15   3   2       0.14296597
   16   1   0       1.34591067
   16   2   1       2.47651481
   16   3   2       0.16870339
   17   1   0       1.37249478
   17   2   1       2.47930481
   17   3   2       0.15664414
   18   1   0       1.36107947
   18   2   1       2.47765095
   18   3   2       0.16507730
   19   1   0       1.36688344
   19   2   1       2.48703559
   19   3   2       0.15150735
   20   1   0       1.38527673
   20   2   1       2.47533455
   20   3   2       0.15004749
   21   1   0       1.37121699
   21   2   1       2.48645187
   21   3   2       0.15250969
   22   1   0       1.36283896
   22   2   1       2.48795121
   22   3   2       0.15449413
   23   1   0       1.35066319
   23   2   1       2.46590958
   23   3   2       0.17568773
   24   1   0       1.40339947
   24   2   1       2.48641651
   24   3   2       0.13229253
   25   1   0       1.34247985
   25   2   1       2.48406362
   25   3   2       0.16041259
   26   1   0       1.36592316
   26   2   1       2.48707877
   26   3   2       0.15251596
   27   1   0       1.36399837
   27   2   1       2.48688377
   27   3   2       0.15135111
   28   1   0       1.34036990
   28   2   1       2.49478478
   28   3   2       0.16278537
   29   1   0       1.35240945
   29   2   1       2.47943202
   29   3   2       0.16557010
   30   1   0       1.34169285
   30   2   1       2.48906291
   30   3   2       0.15858594
   31   1   0       1.34935018
   31   2   1       2.48743508
   31   3   2       0.15836942
   32   1   0       1.31957644
   32   2   1       2.48281105
   32   3   2       0.18145365
   33   1   0       1.37012499
   33   2   1       2.48104498
   33   3   2       0.15840020
   34   1   0       1.35058696
   34   2   1       2.48916757
   34   3   2       0.15585771
   35   1   0       1.33878555
   35   2   1       2.48722596
   35   3   2       0.16814889
   36   1   0       1.37410748
   36   2   1       2.48447394
   36   3   2       0.15294281
   37   1   0       1.33057228
   37   2   1       2.47521499
   37   3   2       0.17186551
   38   1   0       1.37194659
   38   2   1       2.49440376
   38   3   2       0.13709962
   39   1   0       1.36398232
   39   2   1       2.47954814
   39   3   2       0.15846772
   40   1   0       1.33566560
   40   2   1       2.48200657
   40   3   2       0.16566355
   41   1   0       1.33084907
   41   2   1       2.49206205
   41   3   2       0.16678134
   42   1   0       1.34874098
   42   2   1       2.49320976
   42   3   2       0.16559565
   43   1   0       1.38053093
   43   2   1       2.47842936
   43   3   2       0.14757050
   44   1   0       1.37318621
   44   2   1       2.48781545
   44   3   2       0.15102432
   45   1   0       1.38746251
   45   2   1       2.49560836
   45   3   2       0.13688676
   46   1   0       1.35144625
   46   2   1       2.47323712
   46   3   2       0.16769012
   47   1   0       1.35603533
   47   2   1       2.48280334
   47   3   2       0.15731256
   48   1   0       1.33763932
   48   2   1       2.47184673
   48   3   2       0.17332503
   49   1   0       1.38506222
   49   2   1       2.48942499
   49   3   2       0.15097044
   50   1   0       1.36401492
   50   2   1       2.49196949
   50   3   2       0.14843392
   51   1   0       1.37063062
   51   2   1       2.49357763
   51   3   2       0.15356666
   52   1   0       1.34045985
   52   2   1       2.47101239
   52   3   2       0.17117311
   53   1   0       1.35839432
   53   2   1       2.47230026
   53   3   2       0.16115251
   54   1   0       1.38387160
   54   2   1       2.48470477
   54   3   2       0.14756407
   55   1   0       1.38623785
   55   2   1       2.48141325
   55   3   2       0.14180940
   56   1   0       1.36974046
   56   2   1       2.46877136
   56   3   2       0.16258078
   57   1   0       1.35303410
   57   2   1       2.49829366
   57   3   2       0.15375471
   58   1   0       1.34621800
   58   2   1       2.47543888
   58   3   2       0.16690085
   59   1   0       1.36607210
   59   2   1       2.48628309
   59   3   2       0.15409924
   60   1   0       1.33854685
   60   2   1       2.48202899
   60   3   2       0.17180157
   61   1   0       1.35069516
   61   2   1       2.48682349
   61   3   2       0.15748026
   62   1   0       1.34571790
   62   2   1       2.49114606
   62   3   2       0.15786046
   63   1   0       1.34031941
   63   2   1       2.48526616
   63   3   2       0.16594183
   64   1   0       1.36636676
   64   2   1       2.49827438
   64   3   2       0.14090252

Orbital populations (up)
 Atom Sh.   l   m       Population  Label
    1   1   0   0       1.38611021  s
    1   2   1  -1       0.83462601  p_y
    1   2   1   0       0.83127120  p_z
    1   2   1   1       0.83599552  p_x
    1   3   2  -2       0.03711926  d_xy
    1   3   2  -1       0.03531986  d_yz
    1   3   2   0       0.01704774  d_z2
    1   3   2   1       0.03614684  d_xz
    1   3   2   2       0.01554809  d_x2-y2
    2   1   0   0       1.33850664  s
    2   2   1  -1       0.82856507  p_y
    2   2   1   0       0.82605888  p_z
    2   2   1   1       0.82916836  p_x
    2   3   2  -2       0.04315555  d_xy
    2   3   2  -1       0.04134789  d_yz
    2   3   2   0       0.02234026  d_z2
    2   3   2   1       0.03927103  d_xz
    2   3   2   2       0.02018055  d_x2-y2
    3   1   0   0       1.38584647  s
    3   2   1  -1       0.82967191  p_y
    3   2   1   0       0.82764620  p_z
    3   2   1   1       0.83298326  p_x
    3   3   2  -2       0.03575052  d_xy
    3   3   2  -1       0.03909087  d_yz
    3   3   2   0       0.01732168  d_z2
    3   3   2   1       0.03381486  d_xz
    3   3   2   2       0.01672131  d_x2-y2
    4   1   0   0       1.36047705  s
    4   2   1  -1       0.82948740  p_y
    4   2   1   0       0.82840094  p_z
    4   2   1   1       0.81858375  p_x
    4   3   2  -2       0.03763109  d_xy
    4   3   2  -1       0.03856698  d_yz
    4   3   2   0       0.01982376  d_z2
    4   3   2   1       0.04062120  d_xz
    4   3   2   2       0.01914705  d_x2-y2
    5   1   0   0       1.32646419  s
    5   2   1  -1       0.82625810  p_y
    5   2   1   0       0.82946893  p_z
    5   2   1   1       0.82865655  p_x
    5   3   2  -2       0.04487969  d_xy
    5   3   2  -1       0.04099468  d_yz
    5   3   2   0       0.02315122  d_z2
    5   3   2   1       0.03928798  d_xz
    5   3   2   2       0.02229260  d_x2-y2
    6   1   0   0       1.36723534  s
    6   2   1  -1       0.82572569  p_y
    6   2   1   0       0.82632020  p_z
    6   2   1   1       0.82326395  p_x
    6   3   2  -2       0.03715083  d_xy
    6   3   2  -1       0.04053812  d_yz
    6   3   2   0       0.01864355  d_z2
    6   3   2   1       0.04009867  d_xz
    6   3   2   2       0.01946773  d_x2-y2
    7   1   0   0       1.34258921  s
    7   2   1  -1       0.82449643  p_y
    7   2   1   0       0.82819113  p_z
    7   2   1   1       0.82080404  p_x
    7   3   2  -2       0.04316026  d_xy
    7   3   2  -1       0.03970665  d_yz
    7   3   2   0       0.02227129  d_z2
    7   3   2   1       0.04453494  d_xz
    7   3   2   2       0.02249681  d_x2-y2
    8   1   0   0       1.35305310  s
    8   2   1  -1       0.82931240  p_y
    8   2   1   0       0.82179127  p_z
    8   2   1   1       0.82330558  p_x
    8   3   2  -2       0.03951399  d_xy
    8   3   2  -1       0.03954642  d_yz
    8   3   2   0       0.02037366  d_z2
    8   3   2   1       0.03914409  d_xz
    8   3   2   2       0.02040316  d_x2-y2
    9   1   0   0       1.33440706  s
    9   2   1  -1       0.83279392  p_y
    9   2   1   0       0.82611329  p_z
    9   2   1   1       0.82305004  p_x
    9   3   2  -2       0.03960283  d_xy
    9   3   2  -1       0.03802922  d_yz
    9   3   2   0       0.02260133  d_z2
    9   3   2   1       0.04823400  d_xz
    9   3   2   2       0.02306936  d_x2-y2
   10   1   0   0       1.37445049  s
   10   2   1  -1       0.82945899  p_y
   10   2   1   0       0.83147369  p_z
   10   2   1   1       0.82374041  p_x
   10   3   2  -2       0.03867256  d_xy
   10   3   2  -1       0.03561262  d_yz
   10   3   2   0       0.01813480  d_z2
   10   3   2   1       0.03695811  d_xz
   10   3   2   2       0.01758083  d_x2-y2
   11   1   0   0       1.35263327  s
   11   2   1  -1       0.83143552  p_y
   11   2   1   0       0.83214810  p_z
   11   2   1   1       0.81998026  p_x
   11   3   2  -2       0.04157535  d_xy
   11   3   2  -1       0.03949233  d_yz
   11   3   2   0       0.02195839  d_z2
   11   3   2   1       0.04324547  d_xz
   11   3   2   2       0.02192465  d_x2-y2
   12   1   0   0       1.37222099  s
   12   2   1  -1       0.83060486  p_y
   12   2   1   0       0.82903712  p_z
   12   2   1   1       0.83344197  p_x
   12   3   2  -2       0.03417440  d_xy
   12   3   2  -1       0.03694883  d_yz
   12   3   2   0       0.01661577  d_z2
   12   3   2   1       0.03763546  d_xz
   12   3   2   2       0.01669863  d_x2-y2
   13   1   0   0       1.37673333  s
   13   2   1  -1       0.82536540  p_y
   13   2   1   0       0.82145756  p_z
   13   2   1   1       0.82405412  p_x
   13   3   2  -2       0.03675776  d_xy
   13   3   2  -1       0.03893163  d_yz
   13   3   2   0       0.01999089  d_z2
   13   3   2   1       0.03927517  d_xz
   13   3   2   2       0.01822435  d_x2-y2
   14   1   0   0       1.33551882  s
   14   2   1  -1       0.82438276  p_y
   14   2   1   0       0.82869679  p_z
   14   2   1   1       0.83160639  p_x
   14   3   2  -2       0.04200328  d_xy
   14   3   2  -1       0.04305056  d_yz
   14   3   2   0       0.02078134  d_z2
   14   3   2   1       0.03896491  d_xz
   14   3   2   2       0.02211338  d_x2-y2
   15   1   0   0       1.36403706  s
   15   2   1  -1       0.83542893  p_y
   15   2   1   0       0.82715831  p_z
   15   2   1   1       0.83259887  p_x
   15   3   2  -2       0.03610454  d_xy
   15   3   2  -1       0.03639779  d_yz
   15   3   2   0       0.01747989  d_z2
   15   3   2   1       0.03654594  d_xz
   15   3   2   2       0.01643781  d_x2-y2
   16   1   0   0       1.34591067  s
   16   2   1  -1       0.82371936  p_y
   16   2   1   0       0.82478355  p_z
   16   2   1   1       0.82801190  p_x
   16   3   2  -2       0.04043940  d_xy
   16   3   2  -1       0.04347508  d_yz
   16   3   2   0       0.02130002  d_z2
   16   3   2   1       0.04119284  d_xz
   16   3   2   2       0.02229605  d_x2-y2
   17   1   0   0       1.37249478  s
   17   2   1  -1       0.82729472  p_y
   17   2   1   0       0.82483538  p_z
   17   2   1   1       0.82717472  p_x
   17   3   2  -2       0.03854841  d_xy
   17   3   2  -1       0.04127785  d_yz
   17   3   2   0       0.02014602  d_z2
   17   3   2   1       0.03850388  d_xz
   17   3   2   2       0.01816798  d_x2-y2
   18   1   0   0       1.36107947  s
   18   2   1  -1       0.82402352  p_y
   18   2   1   0       0.82473670  p_z
   18   2   1   1       0.82889072  p_x
   18   3   2  -2       0.04127034  d_xy
   18   3   2  -1       0.03926379  d_yz
   18   3   2   0       0.02020260  d_z2
   18   3   2   1       0.04323748  d_xz
   18   3   2   2       0.02110308  d_x2-y2
   19   1   0   0       1.36688344  s
   19   2   1  -1       0.82611016  p_y
   19   2   1   0       0.83147592  p_z
   19   2   1   1       0.82944951  p_x
   19   3   2  -2       0.04311461  d_xy
   19   3   2  -1       0.03294179  d_yz
   19   3   2   0       0.01899785  d_z2
   19   3   2   1       0.03851814  d_xz
   19   3   2   2       0.01793495  d_x2-y2
   20   1   0   0       1.38527673  s
   20   2   1  -1       0.81941214  p_y
   20   2   1   0       0.83157106  p_z
   20   2   1   1       0.82435135  p_x
   20   3   2  -2       0.03856936  d_xy
   20   3   2  -1       0.03776337  d_yz
   20   3   2   0       0.01946453  d_z2
   20   3   2   1       0.03613719  d_xz
   20   3   2   2       0.01811303  d_x2-y2
   21   1   0   0       1.37121699  s
   21   2   1  -1       0.82901797  p_y
   21   2   1   0       0.83042796  p_z
   21   2   1   1       0.82700594  p_x
   21   3   2  -2       0.04286435  d_xy
   21   3   2  -1       0.03763122  d_yz
   21   3   2   0       0.01806884  d_z2
   21   3   2   1       0.03541716  d_xz
   21   3   2   2       0.01852813  d_x2-y2
   22   1   0   0       1.36283896  s
   22   2   1  -1       0.82848277  p_y
   22   2   1   0       0.82929866  p_z
   22   2   1   1       0.83016979  p_x
   22   3   2  -2       0.03801752  d_xy
   22   3   2  -1       0.03970978  d_yz
   22   3   2   0       0.01796406  d_z2
   22   3   2   1       0.03776583  d_xz
   22   3   2   2       0.02103694  d_x2-y2
   23   1   0   0       1.35066319  s
   23   2   1  -1       0.82225050  p_y
   23   2   1   0       0.82411165  p_z
   23   2   1   1       0.81954743  p_x
   23   3   2  -2       0.04479467  d_xy
   23   3   2  -1       0.04173235  d_yz
   23   3   2   0       0.02298875  d_z2
   23   3   2   1       0.04365528  d_xz
   23   3   2   2       0.02251669  d_x2-y2
   24   1   0   0       1.40339947  s
   24   2   1  -1       0.82636577  p_y
   24   2   1   0       0.82782927  p_z
   24   2   1   1       0.83222147  p_x
   24   3   2  -2       0.03464064  d_xy
   24   3   2  -1       0.03509048  d_yz
   24   3   2   0       0.01490226  d_z2
   24   3   2   1       0.03269649  d_xz
   24   3   2   2       0.01496266  d_x2-y2
   25   1   0   0       1.34247985  s
   25   2   1  -1       0.83124491  p_y
   25   2   1   0       0.83023740  p_z
   25   2   1   1       0.82258131  p_x
   25   3   2  -2       0.03934524  d_xy
   25   3   2  -1       0.03977848  d_yz
   25   3   2   0       0.01969570  d_z2
   25   3   2   1       0.04066296  d_xz
   25   3   2   2       0.02093022  d_x2-y2
   26   1   0   0       1.36592316  s
   26   2   1  -1       0.82516745  p_y
   26   2   1   0       0.83045920  p_z
   26   2   1   1       0.83145212  p_x
   26   3   2  -2       0.04055405  d_xy
   26   3   2  -1       0.04121555  d_yz
   26   3   2   0       0.01865771  d_z2
   26   3   2   1       0.03372271  d_xz
   26   3   2   2       0.01836593  d_x2-y2
   27   1   0   0       1.36399837  s
   27   2   1  -1       0.83179597  p_y
   27   2   1   0       0.82719149  p_z
   27   2   1   1       0.82789630  p_x
   27   3   2  -2       0.03845679  d_xy
   27   3   2  -1       0.03678212  d_yz
   27   3   2   0       0.01996421  d_z2
   27   3   2   1       0.03972183  d_xz
   27   3   2   2       0.01642616  d_x2-y2
   28   1   0   0       1.34036990  s
   28   2   1  -1       0.83114308  p_y
   28   2   1   0       0.83325046  p_z
   28   2   1   1       0.83039123  p_x
   28   3   2  -2       0.04029037  d_xy
   28   3   2  -1       0.03848098  d_yz
   28   3   2   0       0.01966434  d_z2
   28   3   2   1       0.04277317  d_xz
   28   3   2   2       0.02157651  d_x2-y2
   29   1   0   0       1.35240945  s
   29   2   1  -1       0.82800383  p_y
   29   2   1   0       0.82221548  p_z
   29   2   1   1       0.82921271  p_x
   29   3   2  -2       0.03930175  d_xy
   29   3   2  -1       0.03971506  d_yz
   29   3   2   0       0.02224752  d_z2
   29   3   2   1       0.04418763  d_xz
   29   3   2   2       0.02011813  d_x2-y2
   30   1   0   0       1.34169285  s
   30   2   1  -1       0.83034112  p_y
   30   2   1   0       0.82807014  p_z
   30   2   1   1       0.83065166  p_x
   30   3   2  -2       0.03740826  d_xy
   30   3   2  -1       0.03945624  d_yz
   30   3   2   0       0.01946125  d_z2
   30   3   2   1       0.04207344  d_xz
   30   3   2   2       0.02018675  d_x2-y2
   31   1   0   0       1.34935018  s
   31   2   1  -1       0.82921228  p_y
   31   2   1   0       0.83116936  p_z
   31   2   1   1       0.82705345  p_x
   31   3   2  -2       0.03834143  d_xy
   31   3   2  -1       0.04268235  d_yz
   31   3   2   0       0.01785232  d_z2
   31   3   2   1       0.03768522  d_xz
   31   3   2   2       0.02180811  d_x2-y2
   32   1   0   0       1.31957644  s
   32   2   1  -1       0.82344824  p_y
   32   2   1   0       0.83274919  p_z
   32   2   1   1       0.82661362  p_x
   32   3   2  -2       0.04568051  d_xy
   32   3   2  -1       0.04454791  d_yz
   32   3   2   0       0.02352468  d_z2
   32   3   2   1       0.04076517  d_xz
   32   3   2   2       0.02693538  d_x2-y2
   33   1   0   0       1.37012499  s
   33   2   1  -1       0.82353571  p_y
   33   2   1   0       0.82849735  p_z
   33   2   1   1       0.82901192  p_x
   33   3   2  -2       0.03581829  d_xy
   33   3   2  -1       0.04060246  d_yz
   33   3   2   0       0.01854078  d_z2
   33   3   2   1       0.04278589  d_xz
   33   3   2   2       0.02065278  d_x2-y2
   34   1   0   0       1.35058696  s
   34   2   1  -1       0.82816802  p_y
   34   2   1   0       0.83151926  p_z
   34   2   1   1       0.82948028  p_x
   34   3   2  -2       0.04224576  d_xy
   34   3   2  -1       0.03760842  d_yz
   34   3   2   0       0.01962156  d_z2
   34   3   2   1       0.03702372  d_xz
   34   3   2   2       0.01935825  d_x2-y2
   35   1   0   0       1.33878555  s
   35   2   1  -1       0.82450025  p_y
   35   2   1   0       0.83075848  p_z
   35   2   1   1       0.83196723  p_x
   35   3   2  -2       0.04555722  d_xy
   35   3   2  -1       0.04095494  d_yz
   35   3   2   0       0.02292976  d_z2
   35   3   2   1       0.03838788  d_xz
   35   3   2   2       0.02031910  d_x2-y2
   36   1   0   0       1.37410748  s
   36   2   1  -1       0.82491914  p_y
   36   2   1   0       0.83124083  p_z
   36   2   1   1       0.82831397  p_x
   36   3   2  -2       0.04175103  d_xy
   36   3   2  -1       0.03851163  d_yz
   36   3   2   0       0.01869484  d_z2
   36   3   2   1       0.03540924  d_xz
   36   3   2   2       0.01857607  d_x2-y2
   37   1   0   0       1.33057228  s
   37   2   1  -1       0.82435537  p_y
   37   2   1   0       0.82492435  p_z
   37   2   1   1       0.82593527  p_x
   37   3   2  -2       0.04166202  d_xy
   37   3   2  -1       0.04408239  d_yz
   37   3   2   0       0.02360246  d_z2
   37   3   2   1       0.03972237  d_xz
   37   3   2   2       0.02279627  d_x2-y2
   38   1   0   0       1.37194659  s
   38   2   1  -1       0.83540734  p_y
   38   2   1   0       0.83054315  p_z
   38   2   1   1       0.82845328  p_x
   38   3   2  -2       0.03817101  d_xy
   38   3   2  -1       0.03333619  d_yz
   38   3   2   0       0.01659112  d_z2
   38   3   2   1       0.03420111  d_xz
   38   3   2   2       0.01480020  d_x2-y2
   39   1   0   0       1.36398232  s
   39   2   1  -1       0.82437583  p_y
   39   2   1   0       0.83162835  p_z
   39   2   1   1       0.82354396  p_x
   39   3   2  -2       0.04278895  d_xy
   39   3   2  -1       0.03798929  d_yz
   39   3   2   0       0.02000900  d_z2
   39   3   2   1       0.03907950  d_xz
   39   3   2   2       0.01860099  d_x2-y2
   40   1   0   0       1.33566560  s
   40   2   1  -1       0.82251994  p_y
   40   2   1   0       0.82755648  p_z
   40   2   1   1       0.83193015  p_x
   40   3   2  -2       0.03704749  d_xy
   40   3   2  -1       0.04862973  d_yz
   40   3   2   0       0.02045770  d_z2
   40   3   2   1       0.03756538  d_xz
   40   3   2   2       0.02196325  d_x2-y2
   41   1   0   0       1.33084907  s
   41   2   1  -1       0.82979340  p_y
   41   2   1   0       0.83152785  p_z
   41   2   1   1       0.83074081  p_x
   41   3   2  -2       0.04328041  d_xy
   41   3   2  -1       0.04284209  d_yz
   41   3   2   0       0.02258354  d_z2
   41   3   2   1       0.03701017  d_xz
   41   3   2   2       0.02106513  d_x2-y2
   42   1   0   0       1.34874098  s
   42   2   1  -1       0.82752711  p_y
   42   2   1   0       0.83286596  p_z
   42   2   1   1       0.83281668  p_x
   42   3   2  -2       0.03923122  d_xy
   42   3   2  -1       0.04165720  d_yz
   42   3   2   0       0.02071213  d_z2
   42   3   2   1       0.04175983  d_xz
   42   3   2   2       0.02223527  d_x2-y2
   43   1   0   0       1.38053093  s
   43   2   1  -1       0.82514168  p_y
   43   2   1   0       0.82394265  p_z
   43   2   1   1       0.82934504  p_x
   43   3   2  -2       0.03944674  d_xy
   43   3   2  -1       0.03509304  d_yz
   43   3   2   0       0.01957952  d_z2
   43   3   2   1       0.03747238  d_xz
   43   3   2   2       0.01597883  d_x2-y2
   44   1   0   0       1.37318621  s
   44   2   1  -1       0.83070696  p_y
   44   2   1   0       0.83013972  p_z
   44   2   1   1       0.82696877  p_x
   44   3   2  -2       0.03616707  d_xy
   44   3   2  -1       0.03695198  d_yz
   44   3   2   0       0.01688216  d_z2
   44   3   2   1       0.04154164  d_xz
   44   3   2   2       0.01948147  d_x2-y2
   45   1   0   0       1.38746251  s
   45   2   1  -1       0.83131446  p_y
   45   2   1   0       0.83402550  p_z
   45   2   1   1       0.83026841  p_x
   45   3   2  -2       0.03702676  d_xy
   45   3   2  -1       0.03320812  d_yz
   45   3   2   0       0.01637021  d_z2
   45   3   2   1       0.03538054  d_xz
   45   3   2   2       0.01490113  d_x2-y2
   46   1   0   0       1.35144625  s
   46   2   1  -1       0.82831070  p_y
   46   2   1   0       0.82381590  p_z
   46   2   1   1       0.82111052  p_x
   46   3   2  -2       0.04136614  d_xy
   46   3   2  -1       0.03891033  d_yz
   46   3   2   0       0.02091480  d_z2
   46   3   2   1       0.04431364  d_xz
   46   3   2   2       0.02218521  d_x2-y2
   47   1   0   0       1.35603533  s
   47   2   1  -1       0.82428215  p_y
   47   2   1   0       0.82718560  p_z
   47   2   1   1       0.83133558  p_x
   47   3   2  -2       0.03736346  d_xy
   47   3   2  -1       0.04300559  d_yz
   47   3   2   0       0.01922070  d_z2
   47   3   2   1       0.03705683  d_xz
   47   3   2   2       0.02066598  d_x2-y2
   48   1   0   0       1.33763932  s
   48   2   1  -1       0.82388074  p_y
   48   2   1   0       0.82475279  p_z
   48   2   1   1       0.82321320  p_x
   48   3   2  -2       0.04246023  d_xy
   48   3   2  -1       0.04057811  d_yz
   48   3   2   0       0.02287219  d_z2
   48   3   2   1       0.04428914  d_xz
   48   3   2   2       0.02312536  d_x2-y2
   49   1   0   0       1.38506222  s
   49   2   1  -1       0.82600610  p_y
   49   2   1   0       0.83020894  p_z
   49   2   1   1       0.83320995  p_x
   49   3   2  -2       0.03869637  d_xy
   49   3   2  -1       0.03802821  d_yz
   49   3   2   0       0.01847231  d_z2
   49   3   2   1       0.03723632  d_xz
   49   3   2   2       0.01853722  d_x2-y2
   50   1   0   0       1.36401492  s
   50   2   1  -1       0.83146444  p_y
   50   2   1   0       0.83251385  p_z
   50   2   1   1       0.82799120  p_x
   50   3   2  -2       0.03626196  d_xy
   50   3   2  -1       0.03923840  d_yz
   50   3   2   0       0.01698426  d_z2
   50   3   2   1       0.03736944  d_xz
   50   3   2   2       0.01857986  d_x2-y2
   51   1   0   0       1.37063062  s
   51   2   1  -1       0.83284833  p_y
   51   2   1   0       0.82975842  p_z
   51   2   1   1       0.83097088  p_x
   51   3   2  -2       0.03859561  d_xy
   51   3   2  -1       0.03640952  d_yz
   51   3   2   0       0.01889262  d_z2
   51   3   2   1       0.04086725  d_xz
   51   3   2   2       0.01880165  d_x2-y2
   52   1   0   0       1.34045985  s
   52   2   1  -1       0.82987420  p_y
   52   2   1   0       0.81384069  p_z
   52   2   1   1       0.82729750  p_x
   52   3   2  -2       0.03935333  d_xy
   52   3   2  -1       0.04176568  d_yz
   52   3   2   0       0.02338122  d_z2
   52   3   2   1       0.04459640  d_xz
   52   3   2   2       0.02207648  d_x2-y2
   53   1   0   0       1.35839432  s
   53   2   1  -1       0.82405538  p_y
   53   2   1   0       0.82362056  p_z
   53   2   1   1       0.82462432  p_x
   53   3   2  -2       0.03972978  d_xy
   53   3   2  -1       0.04014998  d_yz
   53   3   2   0       0.01928295  d_z2
   53   3   2   1       0.04104309  d_xz
   53   3   2   2       0.02094671  d_x2-y2
   54   1   0   0       1.38387160  s
   54   2   1  -1       0.82923937  p_y
   54   2   1   0       0.82906811  p_z
   54   2   1   1       0.82639729  p_x
   54   3   2  -2       0.03733479  d_xy
   54   3   2  -1       0.03609469  d_yz
   54   3   2   0       0.01628381  d_z2
   54   3   2   1       0.03903418  d_xz
   54   3   2   2       0.01881661  d_x2-y2
   55   1   0   0       1.38623785  s
   55   2   1  -1       0.82885952  p_y
   55   2   1   0       0.82400396  p_z
   55   2   1   1       0.82854977  p_x
   55   3   2  -2       0.04052600  d_xy
   55   3   2  -1       0.03311459  d_yz
   55   3   2   0       0.01792315  d_z2
   55   3   2   1       0.03410750  d_xz
   55   3   2   2       0.01613817  d_x2-y2
   56   1   0   0       1.36974046  s
   56   2   1  -1       0.82572256  p_y
   56   2   1   0       0.82331006  p_z
   56   2   1   1       0.81973874  p_x
   56   3   2  -2       0.03781174  d_xy
   56   3   2  -1       0.03921043  d_yz
   56   3   2   0       0.01931218  d_z2
   56   3   2   1       0.04488487  d_xz
   56   3   2   2       0.02136157  d_x2-y2
   57   1   0   0       1.35303410  s
   57   2   1  -1       0.83255210  p_y
   57   2   1   0       0.83314627  p_z
   57   2   1   1       0.83259529  p_x
   57   3   2  -2       0.03897018  d_xy
   57   3   2  -1       0.03790500  d_yz
   57   3   2   0       0.01848975  d_z2
   57   3   2   1       0.03892094  d_xz
   57   3   2   2       0.01946884  d_x2-y2
   58   1   0   0       1.34621800  s
   58   2   1  -1       0.82555184  p_y
   58   2   1   0       0.82193619  p_z
   58   2   1   1       0.82795085  p_x
   58   3   2  -2       0.03977182  d_xy
   58   3   2  -1       0.04231741  d_yz
   58   3   2   0       0.02169397  d_z2
   58   3   2   1       0.04265210  d_xz
   58   3   2   2       0.02046554  d_x2-y2
   59   1   0   0       1.36607210  s
   59   2   1  -1       0.83170443  p_y
   59   2   1   0       0.82404953  p_z
   59   2   1   1       0.83052913  p_x
   59   3   2  -2       0.03583130  d_xy
   59   3   2  -1       0.04181524  d_yz
   59   3   2   0       0.01950928  d_z2
   59   3   2   1       0.03924868  d_xz
   59   3   2   2       0.01769474  d_x2-y2
   60   1   0   0       1.33854685  s
   60   2   1  -1       0.82691897  p_y
   60   2   1   0       0.82979671  p_z
   60   2   1   1       0.82531331  p_x
   60   3   2  -2       0.04592446  d_xy
   60   3   2  -1       0.04012816  d_yz
   60   3   2   0       0.02234816  d_z2
   60   3   2   1       0.04142832  d_xz
   60   3   2   2       0.02197248  d_x2-y2
   61   1   0   0       1.35069516  s
   61   2   1  -1       0.83605617  p_y
   61   2   1   0       0.81702491  p_z
   61   2   1   1       0.83374241  p_x
   61   3   2  -2       0.03240729  d_xy
   61   3   2  -1       0.04432703  d_yz
   61   3   2   0       0.02151200  d_z2
   61   3   2   1       0.03958032  d_xz
   61   3   2   2       0.01965362  d_x2-y2
   62   1   0   0       1.34571790  s
   62   2   1  -1       0.83186098  p_y
   62   2   1   0       0.83127391  p_z
   62   2   1   1       0.82801117  p_x
   62   3   2  -2       0.03787777  d_xy
   62   3   2  -1       0.04068855  d_yz
   62   3   2   0       0.01827269  d_z2
   62   3   2   1       0.04004335  d_xz
   62   3   2   2       0.02097810  d_x2-y2
   63   1   0   0       1.34031941  s
   63   2   1  -1       0.82680414  p_y
   63   2   1   0       0.83018995  p_z
   63   2   1   1       0.82827207  p_x
   63   3   2  -2       0.04197156  d_xy
   63   3   2  -1       0.03938622  d_yz
   63   3   2   0       0.02178299  d_z2
   63   3   2   1       0.04213091  d_xz
   63   3   2   2       0.02067015  d_x2-y2
   64   1   0   0       1.36636676  s
   64   2   1  -1       0.83509215  p_y
   64   2   1   0       0.82821818  p_z
   64   2   1   1       0.83496404  p_x
   64   3   2  -2       0.03450650  d_xy
   64   3   2  -1       0.03796175  d_yz
   64   3   2   0       0.01746715  d_z2
   64   3   2   1       0.03522933  d_xz
   64   3   2   2       0.01573780  d_x2-y2

Fermi level:                        -0.1321978748 H           -3.5973 eV
Band energy:                       -88.1821077053 H        -2399.5572 eV
TS:                                  0.0000000000 H            0.0000 eV
Band free energy (E-TS):           -88.1821077053 H        -2399.5572 eV
Extrapolated E(0K):                -88.1821077053 H        -2399.5572 eV
Input / Output electrons (q):    256.0000000001    256.0000000001

Energy H0:                         -88.1672120392 H        -2399.1519 eV
Energy SCC:                          0.0004828855 H            0.0131 eV
Total Electronic energy:           -88.1667291536 H        -2399.1388 eV
Repulsive energy:                    0.0000000000 H            0.0000 eV
Total energy:                      -88.1667291536 H        -2399.1388 eV
Extrapolated to 0:                 -88.1667291536 H        -2399.1388 eV
Total Mermin free energy:          -88.1667291536 H        -2399.1388 eV
Force related energy:              -88.1667291536 H        -2399.1388 eV

Non-constrained calculation

SCC converged

Warning: dipole moment is not defined absolutely!
Dipole moment:    0.04763206    0.41430771   -0.30521155 au
Dipole moment:    0.12106863    1.05306525   -0.77577044 Debye


