 Fermi distribution function

Calculation with static geometry


********************************************************************************
 iSCC Total electronic   Diff electronic      SCC error    
    9   -0.88145445E+02   -0.55730709E-09    0.63856869E-05
********************************************************************************

 Total charge:    -0.00000000

 Atomic gross charges (e)
 Atom           Charge
    1       0.00820740
    2      -0.01788774
    3       0.00630919
    4      -0.00504859
    5      -0.01316851
    6      -0.01085421
    7       0.00105446
    8      -0.00306316
    9       0.01735223
   10      -0.00382576
   11      -0.00658182
   12       0.00951762
   13       0.00343342
   14      -0.00838706
   15       0.00301219
   16      -0.01656515
   17      -0.01614442
   18      -0.01660449
   19       0.01190311
   20      -0.00609518
   21       0.01282040
   22       0.00786698
   23      -0.01231556
   24       0.00687042
   25      -0.00458881
   26       0.02033265
   27      -0.02127292
   28       0.00121893
   29       0.00602022
   30       0.02196198
   31       0.00327973
   32       0.02375689
   33       0.00913662
   34      -0.00952036
   35       0.01185366
   36      -0.01786949
   37      -0.00590755
   38       0.01333309
   39      -0.01044153
   40       0.00482478
   41       0.01915112
   42      -0.00110758
   43       0.00680525
   44       0.01415082
   45      -0.01017932
   46      -0.02059522
   47       0.00955472
   48      -0.02999013
   49      -0.00781402
   50       0.00201459
   51      -0.01607513
   52       0.00933150
   53      -0.01265120
   54      -0.00650927
   55       0.00031618
   56      -0.00292117
   57       0.00799317
   58       0.00573061
   59      -0.00899391
   60      -0.00608579
   61      -0.00977588
   62       0.02137633
   63       0.00823317
   64       0.03011751

Nr. of electrons (up):    256.00000000
Atom populations (up)
 Atom       Population
    1       3.99179260
    2       4.01788774
    3       3.99369081
    4       4.00504859
    5       4.01316851
    6       4.01085421
    7       3.99894554
    8       4.00306316
    9       3.98264777
   10       4.00382576
   11       4.00658182
   12       3.99048238
   13       3.99656658
   14       4.00838706
   15       3.99698781
   16       4.01656515
   17       4.01614442
   18       4.01660449
   19       3.98809689
   20       4.00609518
   21       3.98717960
   22       3.99213302
   23       4.01231556
   24       3.99312958
   25       4.00458881
   26       3.97966735
   27       4.02127292
   28       3.99878107
   29       3.99397978
   30       3.97803802
   31       3.99672027
   32       3.97624311
   33       3.99086338
   34       4.00952036
   35       3.98814634
   36       4.01786949
   37       4.00590755
   38       3.98666691
   39       4.01044153
   40       3.99517522
   41       3.98084888
   42       4.00110758
   43       3.99319475
   44       3.98584918
   45       4.01017932
   46       4.02059522
   47       3.99044528
   48       4.02999013
   49       4.00781402
   50       3.99798541
   51       4.01607513
   52       3.99066850
   53       4.01265120
   54       4.00650927
   55       3.99968382
   56       4.00292117
   57       3.99200683
   58       3.99426939
   59       4.00899391
   60       4.00608579
   61       4.00977588
   62       3.97862367
   63       3.99176683
   64       3.96988249

l-shell populations (up)
 Atom Sh.   l       Population
    1   1   0       1.34941497
    1   2   1       2.47887385
    1   3   2       0.16350378
    2   1   0       1.38559909
    2   2   1       2.49419352
    2   3   2       0.13809512
    3   1   0       1.35097717
    3   2   1       2.47421346
    3   3   2       0.16850018
    4   1   0       1.37011648
    4   2   1       2.48674859
    4   3   2       0.14818352
    5   1   0       1.37646440
    5   2   1       2.49390128
    5   3   2       0.14280283
    6   1   0       1.35927346
    6   2   1       2.49233265
    6   3   2       0.15924811
    7   1   0       1.35946928
    7   2   1       2.48050739
    7   3   2       0.15896888
    8   1   0       1.35413487
    8   2   1       2.48861571
    8   3   2       0.16031257
    9   1   0       1.33078768
    9   2   1       2.48487842
    9   3   2       0.16698167
   10   1   0       1.36863944
   10   2   1       2.48365849
   10   3   2       0.15152783
   11   1   0       1.36824644
   11   2   1       2.49070496
   11   3   2       0.14763042
   12   1   0       1.35166694
   12   2   1       2.47855815
   12   3   2       0.16025729
   13   1   0       1.35673154
   13   2   1       2.47692376
   13   3   2       0.16291128
   14   1   0       1.36323662
   14   2   1       2.49478319
   14   3   2       0.15036725
   15   1   0       1.33838713
   15   2   1       2.49071885
   15   3   2       0.16788182
   16   1   0       1.38602360
   16   2   1       2.48620513
   16   3   2       0.14433642
   17   1   0       1.38507892
   17   2   1       2.48543219
   17   3   2       0.14563331
   18   1   0       1.39029327
   18   2   1       2.48206479
   18   3   2       0.14424643
   19   1   0       1.35757476
   19   2   1       2.46724724
   19   3   2       0.16327490
   20   1   0       1.36944915
   20   2   1       2.47785428
   20   3   2       0.15879175
   21   1   0       1.34193686
   21   2   1       2.47970042
   21   3   2       0.16554231
   22   1   0       1.36333087
   22   2   1       2.46692439
   22   3   2       0.16187776
   23   1   0       1.38648079
   23   2   1       2.47117365
   23   3   2       0.15466112
   24   1   0       1.35551094
   24   2   1       2.46902548
   24   3   2       0.16859315
   25   1   0       1.36077035
   25   2   1       2.49373035
   25   3   2       0.15008811
   26   1   0       1.33399274
   26   2   1       2.47657878
   26   3   2       0.16909583
   27   1   0       1.38113022
   27   2   1       2.49473460
   27   3   2       0.14540810
   28   1   0       1.35569916
   28   2   1       2.49283004
   28   3   2       0.15025188
   29   1   0       1.34281532
   29   2   1       2.48273625
   29   3   2       0.16842821
   30   1   0       1.32900057
   30   2   1       2.48228316
   30   3   2       0.16675429
   31   1   0       1.33817527
   31   2   1       2.49403977
   31   3   2       0.16450524
   32   1   0       1.33587059
   32   2   1       2.47429396
   32   3   2       0.16607856
   33   1   0       1.34224030
   33   2   1       2.47978959
   33   3   2       0.16883349
   34   1   0       1.36300454
   34   2   1       2.49197867
   34   3   2       0.15453716
   35   1   0       1.34268122
   35   2   1       2.47949205
   35   3   2       0.16597307
   36   1   0       1.36935695
   36   2   1       2.49792011
   36   3   2       0.15059243
   37   1   0       1.37142942
   37   2   1       2.48673066
   37   3   2       0.14774747
   38   1   0       1.33554675
   38   2   1       2.47376014
   38   3   2       0.17736002
   39   1   0       1.37787364
   39   2   1       2.48813203
   39   3   2       0.14443587
   40   1   0       1.34468081
   40   2   1       2.48827596
   40   3   2       0.16221844
   41   1   0       1.32711918
   41   2   1       2.48086639
   41   3   2       0.17286332
   42   1   0       1.36231869
   42   2   1       2.48557523
   42   3   2       0.15321367
   43   1   0       1.35435543
   43   2   1       2.47321022
   43   3   2       0.16562911
   44   1   0       1.33428353
   44   2   1       2.47614362
   44   3   2       0.17542203
   45   1   0       1.37109536
   45   2   1       2.48382459
   45   3   2       0.15525938
   46   1   0       1.38407050
   46   2   1       2.49394145
   46   3   2       0.14258327
   47   1   0       1.34264894
   47   2   1       2.48449379
   47   3   2       0.16330256
   48   1   0       1.39837718
   48   2   1       2.49451234
   48   3   2       0.13710061
   49   1   0       1.37271562
   49   2   1       2.48445825
   49   3   2       0.15064015
   50   1   0       1.35550007
   50   2   1       2.47784761
   50   3   2       0.16463773
   51   1   0       1.38647307
   51   2   1       2.48344986
   51   3   2       0.14615220
   52   1   0       1.36049524
   52   2   1       2.46966149
   52   3   2       0.16051177
   53   1   0       1.37273308
   53   2   1       2.48919596
   53   3   2       0.15072216
   54   1   0       1.37777971
   54   2   1       2.48082604
   54   3   2       0.14790352
   55   1   0       1.36680828
   55   2   1       2.47169442
   55   3   2       0.16118112
   56   1   0       1.38330356
   56   2   1       2.47120424
   56   3   2       0.14841337
   57   1   0       1.33615160
   57   2   1       2.49190873
   57   3   2       0.16394650
   58   1   0       1.34294593
   58   2   1       2.48458541
   58   3   2       0.16673805
   59   1   0       1.38089739
   59   2   1       2.47554759
   59   3   2       0.15254893
   60   1   0       1.36904314
   60   2   1       2.48584660
   60   3   2       0.15119605
   61   1   0       1.37229295
   61   2   1       2.49384608
   61   3   2       0.14363685
   62   1   0       1.33005920
   62   2   1       2.48536255
   62   3   2       0.16320192
   63   1   0       1.35413738
   63   2   1       2.48534521
   63   3   2       0.15228423
   64   1   0       1.31639122
   64   2   1       2.47064818
   64   3   2       0.18284308

Orbital populations (up)
 Atom Sh.   l   m       Population  Label
    1   1   0   0       1.34941497  s
    1   2   1  -1       0.82534722  p_y
    1   2   1   0       0.82515184  p_z
    1   2   1   1       0.82837479  p_x
    1   3   2  -2       0.04098328  d_xy
    1   3   2  -1       0.04493005  d_yz
    1   3   2   0       0.02051872  d_z2
    1   3   2   1       0.03672057  d_xz
    1   3   2   2       0.02035116  d_x2-y2
    2   1   0   0       1.38559909  s
    2   2   1  -1       0.82880200  p_y
    2   2   1   0       0.83311217  p_z
    2   2   1   1       0.83227936  p_x
    2   3   2  -2       0.03542514  d_xy
    2   3   2  -1       0.03480737  d_yz
    2   3   2   0       0.01550085  d_z2
    2   3   2   1       0.03597906  d_xz
    2   3   2   2       0.01638271  d_x2-y2
    3   1   0   0       1.35097717  s
    3   2   1  -1       0.82763208  p_y
    3   2   1   0       0.82294419  p_z
    3   2   1   1       0.82363719  p_x
    3   3   2  -2       0.04594212  d_xy
    3   3   2  -1       0.03912340  d_yz
    3   3   2   0       0.02187199  d_z2
    3   3   2   1       0.04080229  d_xz
    3   3   2   2       0.02076038  d_x2-y2
    4   1   0   0       1.37011648  s
    4   2   1  -1       0.83001951  p_y
    4   2   1   0       0.82558233  p_z
    4   2   1   1       0.83114675  p_x
    4   3   2  -2       0.03526054  d_xy
    4   3   2  -1       0.04082824  d_yz
    4   3   2   0       0.01952745  d_z2
    4   3   2   1       0.03575103  d_xz
    4   3   2   2       0.01681625  d_x2-y2
    5   1   0   0       1.37646440  s
    5   2   1  -1       0.83164024  p_y
    5   2   1   0       0.83081930  p_z
    5   2   1   1       0.83144175  p_x
    5   3   2  -2       0.03796460  d_xy
    5   3   2  -1       0.03669547  d_yz
    5   3   2   0       0.01759842  d_z2
    5   3   2   1       0.03410595  d_xz
    5   3   2   2       0.01643838  d_x2-y2
    6   1   0   0       1.35927346  s
    6   2   1  -1       0.82877038  p_y
    6   2   1   0       0.83091400  p_z
    6   2   1   1       0.83264827  p_x
    6   3   2  -2       0.04064424  d_xy
    6   3   2  -1       0.04067242  d_yz
    6   3   2   0       0.02027518  d_z2
    6   3   2   1       0.03841117  d_xz
    6   3   2   2       0.01924511  d_x2-y2
    7   1   0   0       1.35946928  s
    7   2   1  -1       0.83008314  p_y
    7   2   1   0       0.82579406  p_z
    7   2   1   1       0.82463019  p_x
    7   3   2  -2       0.03577281  d_xy
    7   3   2  -1       0.03948286  d_yz
    7   3   2   0       0.02112430  d_z2
    7   3   2   1       0.04305074  d_xz
    7   3   2   2       0.01953816  d_x2-y2
    8   1   0   0       1.35413487  s
    8   2   1  -1       0.83014233  p_y
    8   2   1   0       0.82920540  p_z
    8   2   1   1       0.82926798  p_x
    8   3   2  -2       0.03955310  d_xy
    8   3   2  -1       0.04286966  d_yz
    8   3   2   0       0.01820143  d_z2
    8   3   2   1       0.03789239  d_xz
    8   3   2   2       0.02179599  d_x2-y2
    9   1   0   0       1.33078768  s
    9   2   1  -1       0.83061709  p_y
    9   2   1   0       0.82710345  p_z
    9   2   1   1       0.82715788  p_x
    9   3   2  -2       0.03531850  d_xy
    9   3   2  -1       0.04093907  d_yz
    9   3   2   0       0.02157870  d_z2
    9   3   2   1       0.04725446  d_xz
    9   3   2   2       0.02189094  d_x2-y2
   10   1   0   0       1.36863944  s
   10   2   1  -1       0.82983001  p_y
   10   2   1   0       0.82819419  p_z
   10   2   1   1       0.82563428  p_x
   10   3   2  -2       0.03783154  d_xy
   10   3   2  -1       0.03670734  d_yz
   10   3   2   0       0.01771111  d_z2
   10   3   2   1       0.04034487  d_xz
   10   3   2   2       0.01893296  d_x2-y2
   11   1   0   0       1.36824644  s
   11   2   1  -1       0.83123592  p_y
   11   2   1   0       0.82795957  p_z
   11   2   1   1       0.83150947  p_x
   11   3   2  -2       0.03534907  d_xy
   11   3   2  -1       0.03681646  d_yz
   11   3   2   0       0.01826361  d_z2
   11   3   2   1       0.03924538  d_xz
   11   3   2   2       0.01795590  d_x2-y2
   12   1   0   0       1.35166694  s
   12   2   1  -1       0.82649420  p_y
   12   2   1   0       0.82541139  p_z
   12   2   1   1       0.82665256  p_x
   12   3   2  -2       0.04140879  d_xy
   12   3   2  -1       0.03845692  d_yz
   12   3   2   0       0.02193917  d_z2
   12   3   2   1       0.03997964  d_xz
   12   3   2   2       0.01847277  d_x2-y2
   13   1   0   0       1.35673154  s
   13   2   1  -1       0.82476764  p_y
   13   2   1   0       0.82638038  p_z
   13   2   1   1       0.82577573  p_x
   13   3   2  -2       0.04332027  d_xy
   13   3   2  -1       0.03769296  d_yz
   13   3   2   0       0.02047299  d_z2
   13   3   2   1       0.04133307  d_xz
   13   3   2   2       0.02009199  d_x2-y2
   14   1   0   0       1.36323662  s
   14   2   1  -1       0.83412760  p_y
   14   2   1   0       0.82712258  p_z
   14   2   1   1       0.83353300  p_x
   14   3   2  -2       0.03751015  d_xy
   14   3   2  -1       0.03687864  d_yz
   14   3   2   0       0.01923315  d_z2
   14   3   2   1       0.03977018  d_xz
   14   3   2   2       0.01697512  d_x2-y2
   15   1   0   0       1.33838713  s
   15   2   1  -1       0.82946905  p_y
   15   2   1   0       0.83075839  p_z
   15   2   1   1       0.83049141  p_x
   15   3   2  -2       0.04143233  d_xy
   15   3   2  -1       0.04422490  d_yz
   15   3   2   0       0.02136185  d_z2
   15   3   2   1       0.03904257  d_xz
   15   3   2   2       0.02182016  d_x2-y2
   16   1   0   0       1.38602360  s
   16   2   1  -1       0.82823998  p_y
   16   2   1   0       0.82655360  p_z
   16   2   1   1       0.83141155  p_x
   16   3   2  -2       0.03434635  d_xy
   16   3   2  -1       0.03764858  d_yz
   16   3   2   0       0.01671861  d_z2
   16   3   2   1       0.03825113  d_xz
   16   3   2   2       0.01737175  d_x2-y2
   17   1   0   0       1.38507892  s
   17   2   1  -1       0.82582149  p_y
   17   2   1   0       0.83250122  p_z
   17   2   1   1       0.82710948  p_x
   17   3   2  -2       0.03966143  d_xy
   17   3   2  -1       0.03630446  d_yz
   17   3   2   0       0.01605388  d_z2
   17   3   2   1       0.03546145  d_xz
   17   3   2   2       0.01815210  d_x2-y2
   18   1   0   0       1.39029327  s
   18   2   1  -1       0.82657698  p_y
   18   2   1   0       0.82744630  p_z
   18   2   1   1       0.82804150  p_x
   18   3   2  -2       0.03535561  d_xy
   18   3   2  -1       0.03494658  d_yz
   18   3   2   0       0.01775230  d_z2
   18   3   2   1       0.03912237  d_xz
   18   3   2   2       0.01706957  d_x2-y2
   19   1   0   0       1.35757476  s
   19   2   1  -1       0.81198282  p_y
   19   2   1   0       0.83295331  p_z
   19   2   1   1       0.82231110  p_x
   19   3   2  -2       0.04661141  d_xy
   19   3   2  -1       0.03810860  d_yz
   19   3   2   0       0.01828831  d_z2
   19   3   2   1       0.03613660  d_xz
   19   3   2   2       0.02412998  d_x2-y2
   20   1   0   0       1.36944915  s
   20   2   1  -1       0.82916896  p_y
   20   2   1   0       0.82178797  p_z
   20   2   1   1       0.82689735  p_x
   20   3   2  -2       0.03595537  d_xy
   20   3   2  -1       0.03931945  d_yz
   20   3   2   0       0.01996755  d_z2
   20   3   2   1       0.04493792  d_xz
   20   3   2   2       0.01861146  d_x2-y2
   21   1   0   0       1.34193686  s
   21   2   1  -1       0.82615506  p_y
   21   2   1   0       0.82727908  p_z
   21   2   1   1       0.82626629  p_x
   21   3   2  -2       0.04417209  d_xy
   21   3   2  -1       0.04187216  d_yz
   21   3   2   0       0.02127321  d_z2
   21   3   2   1       0.03704525  d_xz
   21   3   2   2       0.02117960  d_x2-y2
   22   1   0   0       1.36333087  s
   22   2   1  -1       0.82041344  p_y
   22   2   1   0       0.82684741  p_z
   22   2   1   1       0.81966354  p_x
   22   3   2  -2       0.04353550  d_xy
   22   3   2  -1       0.03970288  d_yz
   22   3   2   0       0.02129396  d_z2
   22   3   2   1       0.03742098  d_xz
   22   3   2   2       0.01992444  d_x2-y2
   23   1   0   0       1.38648079  s
   23   2   1  -1       0.82094844  p_y
   23   2   1   0       0.83342769  p_z
   23   2   1   1       0.81679752  p_x
   23   3   2  -2       0.04444131  d_xy
   23   3   2  -1       0.03729626  d_yz
   23   3   2   0       0.01735006  d_z2
   23   3   2   1       0.03610480  d_xz
   23   3   2   2       0.01946868  d_x2-y2
   24   1   0   0       1.35551094  s
   24   2   1  -1       0.82423407  p_y
   24   2   1   0       0.82281893  p_z
   24   2   1   1       0.82197248  p_x
   24   3   2  -2       0.04201497  d_xy
   24   3   2  -1       0.03907069  d_yz
   24   3   2   0       0.02170493  d_z2
   24   3   2   1       0.04511199  d_xz
   24   3   2   2       0.02069058  d_x2-y2
   25   1   0   0       1.36077035  s
   25   2   1  -1       0.82984521  p_y
   25   2   1   0       0.83197594  p_z
   25   2   1   1       0.83190920  p_x
   25   3   2  -2       0.03520247  d_xy
   25   3   2  -1       0.03904626  d_yz
   25   3   2   0       0.01696798  d_z2
   25   3   2   1       0.03882553  d_xz
   25   3   2   2       0.02004587  d_x2-y2
   26   1   0   0       1.33399274  s
   26   2   1  -1       0.81990884  p_y
   26   2   1   0       0.83187714  p_z
   26   2   1   1       0.82479280  p_x
   26   3   2  -2       0.04627104  d_xy
   26   3   2  -1       0.04310046  d_yz
   26   3   2   0       0.02132704  d_z2
   26   3   2   1       0.03586899  d_xz
   26   3   2   2       0.02252830  d_x2-y2
   27   1   0   0       1.38113022  s
   27   2   1  -1       0.83195423  p_y
   27   2   1   0       0.83075286  p_z
   27   2   1   1       0.83202750  p_x
   27   3   2  -2       0.03446561  d_xy
   27   3   2  -1       0.03723584  d_yz
   27   3   2   0       0.01757021  d_z2
   27   3   2   1       0.03933461  d_xz
   27   3   2   2       0.01680182  d_x2-y2
   28   1   0   0       1.35569916  s
   28   2   1  -1       0.83525490  p_y
   28   2   1   0       0.83172636  p_z
   28   2   1   1       0.82584878  p_x
   28   3   2  -2       0.04033787  d_xy
   28   3   2  -1       0.03655064  d_yz
   28   3   2   0       0.01809282  d_z2
   28   3   2   1       0.03705844  d_xz
   28   3   2   2       0.01821210  d_x2-y2
   29   1   0   0       1.34281532  s
   29   2   1  -1       0.82456304  p_y
   29   2   1   0       0.82788437  p_z
   29   2   1   1       0.83028884  p_x
   29   3   2  -2       0.03827909  d_xy
   29   3   2  -1       0.04522512  d_yz
   29   3   2   0       0.02112658  d_z2
   29   3   2   1       0.04188183  d_xz
   29   3   2   2       0.02191559  d_x2-y2
   30   1   0   0       1.32900057  s
   30   2   1  -1       0.82828868  p_y
   30   2   1   0       0.82527848  p_z
   30   2   1   1       0.82871599  p_x
   30   3   2  -2       0.04071942  d_xy
   30   3   2  -1       0.04161733  d_yz
   30   3   2   0       0.02234904  d_z2
   30   3   2   1       0.04161768  d_xz
   30   3   2   2       0.02045082  d_x2-y2
   31   1   0   0       1.33817527  s
   31   2   1  -1       0.83290474  p_y
   31   2   1   0       0.82815734  p_z
   31   2   1   1       0.83297769  p_x
   31   3   2  -2       0.03730171  d_xy
   31   3   2  -1       0.04089014  d_yz
   31   3   2   0       0.02127407  d_z2
   31   3   2   1       0.04397094  d_xz
   31   3   2   2       0.02106838  d_x2-y2
   32   1   0   0       1.33587059  s
   32   2   1  -1       0.81952438  p_y
   32   2   1   0       0.82606761  p_z
   32   2   1   1       0.82870197  p_x
   32   3   2  -2       0.04183917  d_xy
   32   3   2  -1       0.04461474  d_yz
   32   3   2   0       0.02170457  d_z2
   32   3   2   1       0.03648852  d_xz
   32   3   2   2       0.02143156  d_x2-y2
   33   1   0   0       1.34224030  s
   33   2   1  -1       0.82527103  p_y
   33   2   1   0       0.82800856  p_z
   33   2   1   1       0.82651001  p_x
   33   3   2  -2       0.04066239  d_xy
   33   3   2  -1       0.04548800  d_yz
   33   3   2   0       0.02027785  d_z2
   33   3   2   1       0.03951874  d_xz
   33   3   2   2       0.02288650  d_x2-y2
   34   1   0   0       1.36300454  s
   34   2   1  -1       0.82681956  p_y
   34   2   1   0       0.83149743  p_z
   34   2   1   1       0.83366168  p_x
   34   3   2  -2       0.03808323  d_xy
   34   3   2  -1       0.04085887  d_yz
   34   3   2   0       0.01838906  d_z2
   34   3   2   1       0.03798821  d_xz
   34   3   2   2       0.01921778  d_x2-y2
   35   1   0   0       1.34268122  s
   35   2   1  -1       0.82560930  p_y
   35   2   1   0       0.82836211  p_z
   35   2   1   1       0.82552065  p_x
   35   3   2  -2       0.04736899  d_xy
   35   3   2  -1       0.03802798  d_yz
   35   3   2   0       0.02162605  d_z2
   35   3   2   1       0.03794600  d_xz
   35   3   2   2       0.02100405  d_x2-y2
   36   1   0   0       1.36935695  s
   36   2   1  -1       0.82816258  p_y
   36   2   1   0       0.83476539  p_z
   36   2   1   1       0.83499214  p_x
   36   3   2  -2       0.03787906  d_xy
   36   3   2  -1       0.03995959  d_yz
   36   3   2   0       0.01803940  d_z2
   36   3   2   1       0.03668375  d_xz
   36   3   2   2       0.01803063  d_x2-y2
   37   1   0   0       1.37142942  s
   37   2   1  -1       0.82889660  p_y
   37   2   1   0       0.82895255  p_z
   37   2   1   1       0.82888152  p_x
   37   3   2  -2       0.03878238  d_xy
   37   3   2  -1       0.03863942  d_yz
   37   3   2   0       0.01686218  d_z2
   37   3   2   1       0.03548377  d_xz
   37   3   2   2       0.01797972  d_x2-y2
   38   1   0   0       1.33554675  s
   38   2   1  -1       0.82365075  p_y
   38   2   1   0       0.83000038  p_z
   38   2   1   1       0.82010901  p_x
   38   3   2  -2       0.04580025  d_xy
   38   3   2  -1       0.04388374  d_yz
   38   3   2   0       0.02251503  d_z2
   38   3   2   1       0.04045829  d_xz
   38   3   2   2       0.02470271  d_x2-y2
   39   1   0   0       1.37787364  s
   39   2   1  -1       0.83072161  p_y
   39   2   1   0       0.83095813  p_z
   39   2   1   1       0.82645229  p_x
   39   3   2  -2       0.03615824  d_xy
   39   3   2  -1       0.03626599  d_yz
   39   3   2   0       0.01711380  d_z2
   39   3   2   1       0.03750852  d_xz
   39   3   2   2       0.01738931  d_x2-y2
   40   1   0   0       1.34468081  s
   40   2   1  -1       0.83005681  p_y
   40   2   1   0       0.83010214  p_z
   40   2   1   1       0.82811702  p_x
   40   3   2  -2       0.03977070  d_xy
   40   3   2  -1       0.03914919  d_yz
   40   3   2   0       0.02028649  d_z2
   40   3   2   1       0.04212308  d_xz
   40   3   2   2       0.02088899  d_x2-y2
   41   1   0   0       1.32711918  s
   41   2   1  -1       0.83176619  p_y
   41   2   1   0       0.82334262  p_z
   41   2   1   1       0.82575759  p_x
   41   3   2  -2       0.03647540  d_xy
   41   3   2  -1       0.04206286  d_yz
   41   3   2   0       0.02274358  d_z2
   41   3   2   1       0.04827896  d_xz
   41   3   2   2       0.02330252  d_x2-y2
   42   1   0   0       1.36231869  s
   42   2   1  -1       0.82535954  p_y
   42   2   1   0       0.83269696  p_z
   42   2   1   1       0.82751872  p_x
   42   3   2  -2       0.04379455  d_xy
   42   3   2  -1       0.03668556  d_yz
   42   3   2   0       0.01970554  d_z2
   42   3   2   1       0.03462460  d_xz
   42   3   2   2       0.01840341  d_x2-y2
   43   1   0   0       1.35435543  s
   43   2   1  -1       0.82338492  p_y
   43   2   1   0       0.82377918  p_z
   43   2   1   1       0.82604612  p_x
   43   3   2  -2       0.04140424  d_xy
   43   3   2  -1       0.03959491  d_yz
   43   3   2   0       0.02158608  d_z2
   43   3   2   1       0.04296900  d_xz
   43   3   2   2       0.02007488  d_x2-y2
   44   1   0   0       1.33428353  s
   44   2   1  -1       0.82632472  p_y
   44   2   1   0       0.82594683  p_z
   44   2   1   1       0.82387207  p_x
   44   3   2  -2       0.04302527  d_xy
   44   3   2  -1       0.04134265  d_yz
   44   3   2   0       0.02334566  d_z2
   44   3   2   1       0.04398996  d_xz
   44   3   2   2       0.02371849  d_x2-y2
   45   1   0   0       1.37109536  s
   45   2   1  -1       0.83221490  p_y
   45   2   1   0       0.82854058  p_z
   45   2   1   1       0.82306911  p_x
   45   3   2  -2       0.04077242  d_xy
   45   3   2  -1       0.03392166  d_yz
   45   3   2   0       0.01961438  d_z2
   45   3   2   1       0.04262448  d_xz
   45   3   2   2       0.01832644  d_x2-y2
   46   1   0   0       1.38407050  s
   46   2   1  -1       0.83115281  p_y
   46   2   1   0       0.83164696  p_z
   46   2   1   1       0.83114167  p_x
   46   3   2  -2       0.03817375  d_xy
   46   3   2  -1       0.03271731  d_yz
   46   3   2   0       0.01629330  d_z2
   46   3   2   1       0.03866040  d_xz
   46   3   2   2       0.01673852  d_x2-y2
   47   1   0   0       1.34264894  s
   47   2   1  -1       0.82587746  p_y
   47   2   1   0       0.82972034  p_z
   47   2   1   1       0.82889598  p_x
   47   3   2  -2       0.03988659  d_xy
   47   3   2  -1       0.04427019  d_yz
   47   3   2   0       0.02086364  d_z2
   47   3   2   1       0.03708998  d_xz
   47   3   2   2       0.02119215  d_x2-y2
   48   1   0   0       1.39837718  s
   48   2   1  -1       0.82914803  p_y
   48   2   1   0       0.83337063  p_z
   48   2   1   1       0.83199368  p_x
   48   3   2  -2       0.03486526  d_xy
   48   3   2  -1       0.03733024  d_yz
   48   3   2   0       0.01586001  d_z2
   48   3   2   1       0.03302627  d_xz
   48   3   2   2       0.01601883  d_x2-y2
   49   1   0   0       1.37271562  s
   49   2   1  -1       0.82625501  p_y
   49   2   1   0       0.82615718  p_z
   49   2   1   1       0.83204605  p_x
   49   3   2  -2       0.03432231  d_xy
   49   3   2  -1       0.04293645  d_yz
   49   3   2   0       0.01833343  d_z2
   49   3   2   1       0.03700075  d_xz
   49   3   2   2       0.01804721  d_x2-y2
   50   1   0   0       1.35550007  s
   50   2   1  -1       0.82545613  p_y
   50   2   1   0       0.82548599  p_z
   50   2   1   1       0.82690549  p_x
   50   3   2  -2       0.03986328  d_xy
   50   3   2  -1       0.04222736  d_yz
   50   3   2   0       0.02145938  d_z2
   50   3   2   1       0.04159452  d_xz
   50   3   2   2       0.01949319  d_x2-y2
   51   1   0   0       1.38647307  s
   51   2   1  -1       0.83213882  p_y
   51   2   1   0       0.82602454  p_z
   51   2   1   1       0.82528650  p_x
   51   3   2  -2       0.03775917  d_xy
   51   3   2  -1       0.03368175  d_yz
   51   3   2   0       0.01604827  d_z2
   51   3   2   1       0.04026636  d_xz
   51   3   2   2       0.01839665  d_x2-y2
   52   1   0   0       1.36049524  s
   52   2   1  -1       0.82566224  p_y
   52   2   1   0       0.82222075  p_z
   52   2   1   1       0.82177850  p_x
   52   3   2  -2       0.03973170  d_xy
   52   3   2  -1       0.04143044  d_yz
   52   3   2   0       0.02117468  d_z2
   52   3   2   1       0.03860470  d_xz
   52   3   2   2       0.01957025  d_x2-y2
   53   1   0   0       1.37273308  s
   53   2   1  -1       0.83143744  p_y
   53   2   1   0       0.83043218  p_z
   53   2   1   1       0.82732635  p_x
   53   3   2  -2       0.04145072  d_xy
   53   3   2  -1       0.03551522  d_yz
   53   3   2   0       0.01744428  d_z2
   53   3   2   1       0.03783330  d_xz
   53   3   2   2       0.01847864  d_x2-y2
   54   1   0   0       1.37777971  s
   54   2   1  -1       0.82890757  p_y
   54   2   1   0       0.82850174  p_z
   54   2   1   1       0.82341673  p_x
   54   3   2  -2       0.03581143  d_xy
   54   3   2  -1       0.03634240  d_yz
   54   3   2   0       0.01707849  d_z2
   54   3   2   1       0.04043315  d_xz
   54   3   2   2       0.01823805  d_x2-y2
   55   1   0   0       1.36680828  s
   55   2   1  -1       0.82026084  p_y
   55   2   1   0       0.82163622  p_z
   55   2   1   1       0.82979735  p_x
   55   3   2  -2       0.04216039  d_xy
   55   3   2  -1       0.04270756  d_yz
   55   3   2   0       0.02058048  d_z2
   55   3   2   1       0.03532114  d_xz
   55   3   2   2       0.02041154  d_x2-y2
   56   1   0   0       1.38330356  s
   56   2   1  -1       0.82060646  p_y
   56   2   1   0       0.82183709  p_z
   56   2   1   1       0.82876069  p_x
   56   3   2  -2       0.03504630  d_xy
   56   3   2  -1       0.03873215  d_yz
   56   3   2   0       0.01788653  d_z2
   56   3   2   1       0.03948525  d_xz
   56   3   2   2       0.01726314  d_x2-y2
   57   1   0   0       1.33615160  s
   57   2   1  -1       0.82863269  p_y
   57   2   1   0       0.83127564  p_z
   57   2   1   1       0.83200041  p_x
   57   3   2  -2       0.03951856  d_xy
   57   3   2  -1       0.04241688  d_yz
   57   3   2   0       0.02054729  d_z2
   57   3   2   1       0.03987818  d_xz
   57   3   2   2       0.02158559  d_x2-y2
   58   1   0   0       1.34294593  s
   58   2   1  -1       0.83030424  p_y
   58   2   1   0       0.82544084  p_z
   58   2   1   1       0.82884033  p_x
   58   3   2  -2       0.03989693  d_xy
   58   3   2  -1       0.04174241  d_yz
   58   3   2   0       0.02178115  d_z2
   58   3   2   1       0.04213832  d_xz
   58   3   2   2       0.02117924  d_x2-y2
   59   1   0   0       1.38089739  s
   59   2   1  -1       0.82914788  p_y
   59   2   1   0       0.82053779  p_z
   59   2   1   1       0.82586192  p_x
   59   3   2  -2       0.03837405  d_xy
   59   3   2  -1       0.03878568  d_yz
   59   3   2   0       0.01847028  d_z2
   59   3   2   1       0.03821911  d_xz
   59   3   2   2       0.01869982  d_x2-y2
   60   1   0   0       1.36904314  s
   60   2   1  -1       0.82906407  p_y
   60   2   1   0       0.83052258  p_z
   60   2   1   1       0.82625995  p_x
   60   3   2  -2       0.03800333  d_xy
   60   3   2  -1       0.03830668  d_yz
   60   3   2   0       0.01763695  d_z2
   60   3   2   1       0.03851855  d_xz
   60   3   2   2       0.01873054  d_x2-y2
   61   1   0   0       1.37229295  s
   61   2   1  -1       0.83647443  p_y
   61   2   1   0       0.82524560  p_z
   61   2   1   1       0.83212605  p_x
   61   3   2  -2       0.03020352  d_xy
   61   3   2  -1       0.03757609  d_yz
   61   3   2   0       0.01778641  d_z2
   61   3   2   1       0.04163026  d_xz
   61   3   2   2       0.01644057  d_x2-y2
   62   1   0   0       1.33005920  s
   62   2   1  -1       0.83007126  p_y
   62   2   1   0       0.82805377  p_z
   62   2   1   1       0.82723751  p_x
   62   3   2  -2       0.04153090  d_xy
   62   3   2  -1       0.04157685  d_yz
   62   3   2   0       0.02194073  d_z2
   62   3   2   1       0.03805440  d_xz
   62   3   2   2       0.02009904  d_x2-y2
   63   1   0   0       1.35413738  s
   63   2   1  -1       0.83065470  p_y
   63   2   1   0       0.82521621  p_z
   63   2   1   1       0.82947431  p_x
   63   3   2  -2       0.03382998  d_xy
   63   3   2  -1       0.03764024  d_yz
   63   3   2   0       0.01929639  d_z2
   63   3   2   1       0.04353035  d_xz
   63   3   2   2       0.01798727  d_x2-y2
   64   1   0   0       1.31639122  s
   64   2   1  -1       0.82370836  p_y
   64   2   1   0       0.82370130  p_z
   64   2   1   1       0.82323852  p_x
   64   3   2  -2       0.04748000  d_xy
   64   3   2  -1       0.04349759  d_yz
   64   3   2   0       0.02591827  d_z2
   64   3   2   1       0.04137442  d_xz
   64   3   2   2       0.02457280  d_x2-y2

Fermi level:                        -0.1331555056 H           -3.6233 eV
Band energy:                       -88.1607777109 H        -2398.9768 eV
TS:                                  0.0000000000 H            0.0000 eV
Band free energy (E-TS):           -88.1607777109 H        -2398.9768 eV
Extrapolated E(0K):                -88.1607777109 H        -2398.9768 eV
Input / Output electrons (q):    256.0000000000    256.0000000000

Energy H0:                         -88.1459450641 H        -2398.5732 eV
Energy SCC:                          0.0005004321 H            0.0136 eV
Total Electronic energy:           -88.1454446319 H        -2398.5596 eV
Repulsive energy:                    0.0000000000 H            0.0000 eV
Total energy:                      -88.1454446319 H        -2398.5596 eV
Extrapolated to 0:                 -88.1454446319 H        -2398.5596 eV
Total Mermin free energy:          -88.1454446319 H        -2398.5596 eV
Force related energy:              -88.1454446319 H        -2398.5596 eV

Non-constrained calculation

SCC converged

Warning: dipole moment is not defined absolutely!
Dipole moment:    0.90060255   -0.90791066   -0.13666794 au
Dipole moment:    2.28910355   -2.30767890   -0.34737527 Debye


