 Fermi distribution function

Calculation with static geometry


********************************************************************************
 iSCC Total electronic   Diff electronic      SCC error    
    9   -0.88119791E+02   -0.11993677E-08    0.57756045E-05
********************************************************************************

 Total charge:    -0.00000000

 Atomic gross charges (e)
 Atom           Charge
    1       0.01186157
    2      -0.00278036
    3      -0.00635771
    4      -0.00784825
    5      -0.00136539
    6      -0.00618004
    7      -0.00095800
    8      -0.02063865
    9       0.01493553
   10      -0.02059304
   11       0.01165389
   12       0.00174386
   13      -0.00897456
   14      -0.01239338
   15      -0.01275563
   16      -0.00454877
   17      -0.00807657
   18       0.00429031
   19       0.00652982
   20       0.01166839
   21       0.00813201
   22       0.00149773
   23       0.00542424
   24       0.01185033
   25       0.00039649
   26       0.01928825
   27       0.00325966
   28       0.01677807
   29       0.00676837
   30       0.02711755
   31      -0.00314226
   32      -0.01401523
   33      -0.02134262
   34      -0.01741581
   35      -0.02041354
   36       0.01723149
   37      -0.00612718
   38       0.00992078
   39      -0.01493403
   40      -0.01860709
   41       0.02845513
   42      -0.01012702
   43       0.01396475
   44      -0.01746620
   45       0.00477072
   46      -0.01751225
   47       0.00292428
   48      -0.04491167
   49       0.00201951
   50       0.02662418
   51      -0.01267091
   52      -0.00101090
   53      -0.02412865
   54       0.01526455
   55       0.00511076
   56       0.01147355
   57       0.01182455
   58       0.00645144
   59       0.00442112
   60       0.00272201
   61       0.00359145
   62       0.01767002
   63       0.00714588
   64       0.00251346

Nr. of electrons (up):    256.00000000
Atom populations (up)
 Atom       Population
    1       3.98813843
    2       4.00278036
    3       4.00635771
    4       4.00784825
    5       4.00136539
    6       4.00618004
    7       4.00095800
    8       4.02063865
    9       3.98506447
   10       4.02059304
   11       3.98834611
   12       3.99825614
   13       4.00897456
   14       4.01239338
   15       4.01275563
   16       4.00454877
   17       4.00807657
   18       3.99570969
   19       3.99347018
   20       3.98833161
   21       3.99186799
   22       3.99850227
   23       3.99457576
   24       3.98814967
   25       3.99960351
   26       3.98071175
   27       3.99674034
   28       3.98322193
   29       3.99323163
   30       3.97288245
   31       4.00314226
   32       4.01401523
   33       4.02134262
   34       4.01741581
   35       4.02041354
   36       3.98276851
   37       4.00612718
   38       3.99007922
   39       4.01493403
   40       4.01860709
   41       3.97154487
   42       4.01012702
   43       3.98603525
   44       4.01746620
   45       3.99522928
   46       4.01751225
   47       3.99707572
   48       4.04491167
   49       3.99798049
   50       3.97337582
   51       4.01267091
   52       4.00101090
   53       4.02412865
   54       3.98473545
   55       3.99488924
   56       3.98852645
   57       3.98817545
   58       3.99354856
   59       3.99557888
   60       3.99727799
   61       3.99640855
   62       3.98232998
   63       3.99285412
   64       3.99748654

l-shell populations (up)
 Atom Sh.   l       Population
    1   1   0       1.34999502
    1   2   1       2.46518513
    1   3   2       0.17295828
    2   1   0       1.37460869
    2   2   1       2.47746512
    2   3   2       0.15070655
    3   1   0       1.37690083
    3   2   1       2.47267982
    3   3   2       0.15677706
    4   1   0       1.37295702
    4   2   1       2.48211230
    4   3   2       0.15277892
    5   1   0       1.34748537
    5   2   1       2.49702630
    5   3   2       0.15685372
    6   1   0       1.35529292
    6   2   1       2.48999747
    6   3   2       0.16088966
    7   1   0       1.35756666
    7   2   1       2.48592372
    7   3   2       0.15746762
    8   1   0       1.38275008
    8   2   1       2.49000544
    8   3   2       0.14788313
    9   1   0       1.34035703
    9   2   1       2.48418705
    9   3   2       0.16052039
   10   1   0       1.38241454
   10   2   1       2.49056354
   10   3   2       0.14761496
   11   1   0       1.34584765
   11   2   1       2.48285812
   11   3   2       0.15964034
   12   1   0       1.34893515
   12   2   1       2.48300048
   12   3   2       0.16632051
   13   1   0       1.36927120
   13   2   1       2.48527275
   13   3   2       0.15443061
   14   1   0       1.36729382
   14   2   1       2.49196863
   14   3   2       0.15313093
   15   1   0       1.37478023
   15   2   1       2.48256169
   15   3   2       0.15541370
   16   1   0       1.36510919
   16   2   1       2.48298990
   16   3   2       0.15644968
   17   1   0       1.37779176
   17   2   1       2.48682931
   17   3   2       0.14345550
   18   1   0       1.37206800
   18   2   1       2.47067004
   18   3   2       0.15297166
   19   1   0       1.36392211
   19   2   1       2.47578312
   19   3   2       0.15376495
   20   1   0       1.34390889
   20   2   1       2.47544738
   20   3   2       0.16897533
   21   1   0       1.35274657
   21   2   1       2.48174496
   21   3   2       0.15737647
   22   1   0       1.36248254
   22   2   1       2.47826060
   22   3   2       0.15775913
   23   1   0       1.35181121
   23   2   1       2.48939201
   23   3   2       0.15337254
   24   1   0       1.33784796
   24   2   1       2.47404099
   24   3   2       0.17626072
   25   1   0       1.36463236
   25   2   1       2.47660550
   25   3   2       0.15836565
   26   1   0       1.33592736
   26   2   1       2.47946401
   26   3   2       0.16532037
   27   1   0       1.35363456
   27   2   1       2.48386601
   27   3   2       0.15923977
   28   1   0       1.35634282
   28   2   1       2.46613812
   28   3   2       0.16074099
   29   1   0       1.34719264
   29   2   1       2.48173831
   29   3   2       0.16430068
   30   1   0       1.31812384
   30   2   1       2.47703934
   30   3   2       0.17771928
   31   1   0       1.36905680
   31   2   1       2.48018041
   31   3   2       0.15390505
   32   1   0       1.39790442
   32   2   1       2.48112395
   32   3   2       0.13498687
   33   1   0       1.38749538
   33   2   1       2.49232618
   33   3   2       0.14152106
   34   1   0       1.38376307
   34   2   1       2.48627382
   34   3   2       0.14737893
   35   1   0       1.39256959
   35   2   1       2.48006958
   35   3   2       0.14777436
   36   1   0       1.33487943
   36   2   1       2.47100938
   36   3   2       0.17687970
   37   1   0       1.36353398
   37   2   1       2.48723763
   37   3   2       0.15535557
   38   1   0       1.33526385
   38   2   1       2.47387060
   38   3   2       0.18094477
   39   1   0       1.37608621
   39   2   1       2.49333999
   39   3   2       0.14550783
   40   1   0       1.36945754
   40   2   1       2.49992405
   40   3   2       0.14922550
   41   1   0       1.31575331
   41   2   1       2.47842131
   41   3   2       0.17737024
   42   1   0       1.37658849
   42   2   1       2.48872864
   42   3   2       0.14480990
   43   1   0       1.32818643
   43   2   1       2.47881638
   43   3   2       0.17903244
   44   1   0       1.37887140
   44   2   1       2.49006819
   44   3   2       0.14852662
   45   1   0       1.34897149
   45   2   1       2.48522469
   45   3   2       0.16103310
   46   1   0       1.37626997
   46   2   1       2.48836598
   46   3   2       0.15287630
   47   1   0       1.35183886
   47   2   1       2.48216634
   47   3   2       0.16307052
   48   1   0       1.41078260
   48   2   1       2.50230566
   48   3   2       0.13182342
   49   1   0       1.35961424
   49   2   1       2.48469817
   49   3   2       0.15366808
   50   1   0       1.33204581
   50   2   1       2.46142322
   50   3   2       0.17990680
   51   1   0       1.39185180
   51   2   1       2.47057594
   51   3   2       0.15024316
   52   1   0       1.36937385
   52   2   1       2.46992094
   52   3   2       0.16171612
   53   1   0       1.39666128
   53   2   1       2.49374590
   53   3   2       0.13372147
   54   1   0       1.34451736
   54   2   1       2.47004917
   54   3   2       0.17016892
   55   1   0       1.34302980
   55   2   1       2.48276438
   55   3   2       0.16909506
   56   1   0       1.35275478
   56   2   1       2.47760488
   56   3   2       0.15816680
   57   1   0       1.33701257
   57   2   1       2.48584865
   57   3   2       0.16531423
   58   1   0       1.36231732
   58   2   1       2.47217477
   58   3   2       0.15905646
   59   1   0       1.34907457
   59   2   1       2.49250484
   59   3   2       0.15399946
   60   1   0       1.35946226
   60   2   1       2.48654385
   60   3   2       0.15127188
   61   1   0       1.35564835
   61   2   1       2.47513734
   61   3   2       0.16562286
   62   1   0       1.34754805
   62   2   1       2.48105549
   62   3   2       0.15372644
   63   1   0       1.34285179
   63   2   1       2.48936147
   63   3   2       0.16064086
   64   1   0       1.35592255
   64   2   1       2.47551513
   64   3   2       0.16604886

Orbital populations (up)
 Atom Sh.   l   m       Population  Label
    1   1   0   0       1.34999502  s
    1   2   1  -1       0.82143954  p_y
    1   2   1   0       0.81842861  p_z
    1   2   1   1       0.82531698  p_x
    1   3   2  -2       0.04047868  d_xy
    1   3   2  -1       0.04440135  d_yz
    1   3   2   0       0.02299141  d_z2
    1   3   2   1       0.04315776  d_xz
    1   3   2   2       0.02192908  d_x2-y2
    2   1   0   0       1.37460869  s
    2   2   1  -1       0.82292506  p_y
    2   2   1   0       0.83600882  p_z
    2   2   1   1       0.81853125  p_x
    2   3   2  -2       0.04225080  d_xy
    2   3   2  -1       0.03425196  d_yz
    2   3   2   0       0.01725653  d_z2
    2   3   2   1       0.03757010  d_xz
    2   3   2   2       0.01937717  d_x2-y2
    3   1   0   0       1.37690083  s
    3   2   1  -1       0.82029043  p_y
    3   2   1   0       0.82948761  p_z
    3   2   1   1       0.82290178  p_x
    3   3   2  -2       0.04041317  d_xy
    3   3   2  -1       0.03656291  d_yz
    3   3   2   0       0.01940538  d_z2
    3   3   2   1       0.04021392  d_xz
    3   3   2   2       0.02018169  d_x2-y2
    4   1   0   0       1.37295702  s
    4   2   1  -1       0.82338830  p_y
    4   2   1   0       0.82877927  p_z
    4   2   1   1       0.82994473  p_x
    4   3   2  -2       0.04049366  d_xy
    4   3   2  -1       0.03902166  d_yz
    4   3   2   0       0.01753272  d_z2
    4   3   2   1       0.03541840  d_xz
    4   3   2   2       0.02031248  d_x2-y2
    5   1   0   0       1.34748537  s
    5   2   1  -1       0.82930587  p_y
    5   2   1   0       0.83853230  p_z
    5   2   1   1       0.82918813  p_x
    5   3   2  -2       0.04172862  d_xy
    5   3   2  -1       0.04017430  d_yz
    5   3   2   0       0.01795302  d_z2
    5   3   2   1       0.03622567  d_xz
    5   3   2   2       0.02077210  d_x2-y2
    6   1   0   0       1.35529292  s
    6   2   1  -1       0.82952803  p_y
    6   2   1   0       0.83214559  p_z
    6   2   1   1       0.82832385  p_x
    6   3   2  -2       0.04067024  d_xy
    6   3   2  -1       0.04101652  d_yz
    6   3   2   0       0.02045883  d_z2
    6   3   2   1       0.03825729  d_xz
    6   3   2   2       0.02048678  d_x2-y2
    7   1   0   0       1.35756666  s
    7   2   1  -1       0.82785615  p_y
    7   2   1   0       0.82994953  p_z
    7   2   1   1       0.82811804  p_x
    7   3   2  -2       0.03990809  d_xy
    7   3   2  -1       0.04010772  d_yz
    7   3   2   0       0.01886704  d_z2
    7   3   2   1       0.03849932  d_xz
    7   3   2   2       0.02008546  d_x2-y2
    8   1   0   0       1.38275008  s
    8   2   1  -1       0.83154379  p_y
    8   2   1   0       0.83097606  p_z
    8   2   1   1       0.82748559  p_x
    8   3   2  -2       0.03695219  d_xy
    8   3   2  -1       0.03752968  d_yz
    8   3   2   0       0.01645750  d_z2
    8   3   2   1       0.03801809  d_xz
    8   3   2   2       0.01892568  d_x2-y2
    9   1   0   0       1.34035703  s
    9   2   1  -1       0.82971637  p_y
    9   2   1   0       0.82805289  p_z
    9   2   1   1       0.82641779  p_x
    9   3   2  -2       0.03991765  d_xy
    9   3   2  -1       0.04068811  d_yz
    9   3   2   0       0.02224294  d_z2
    9   3   2   1       0.03914701  d_xz
    9   3   2   2       0.01852468  d_x2-y2
   10   1   0   0       1.38241454  s
   10   2   1  -1       0.82116756  p_y
   10   2   1   0       0.83122917  p_z
   10   2   1   1       0.83816681  p_x
   10   3   2  -2       0.03798316  d_xy
   10   3   2  -1       0.03861823  d_yz
   10   3   2   0       0.01685314  d_z2
   10   3   2   1       0.03557897  d_xz
   10   3   2   2       0.01858146  d_x2-y2
   11   1   0   0       1.34584765  s
   11   2   1  -1       0.83057153  p_y
   11   2   1   0       0.82457741  p_z
   11   2   1   1       0.82770918  p_x
   11   3   2  -2       0.03883168  d_xy
   11   3   2  -1       0.04101382  d_yz
   11   3   2   0       0.02200186  d_z2
   11   3   2   1       0.03955155  d_xz
   11   3   2   2       0.01824144  d_x2-y2
   12   1   0   0       1.34893515  s
   12   2   1  -1       0.82259801  p_y
   12   2   1   0       0.83372638  p_z
   12   2   1   1       0.82667609  p_x
   12   3   2  -2       0.04442325  d_xy
   12   3   2  -1       0.04056300  d_yz
   12   3   2   0       0.02027266  d_z2
   12   3   2   1       0.03886556  d_xz
   12   3   2   2       0.02219605  d_x2-y2
   13   1   0   0       1.36927120  s
   13   2   1  -1       0.82981654  p_y
   13   2   1   0       0.83073187  p_z
   13   2   1   1       0.82472434  p_x
   13   3   2  -2       0.04155032  d_xy
   13   3   2  -1       0.03499706  d_yz
   13   3   2   0       0.01868922  d_z2
   13   3   2   1       0.03994325  d_xz
   13   3   2   2       0.01925076  d_x2-y2
   14   1   0   0       1.36729382  s
   14   2   1  -1       0.83252148  p_y
   14   2   1   0       0.83376196  p_z
   14   2   1   1       0.82568519  p_x
   14   3   2  -2       0.03867294  d_xy
   14   3   2  -1       0.03654758  d_yz
   14   3   2   0       0.01741497  d_z2
   14   3   2   1       0.04051537  d_xz
   14   3   2   2       0.01998007  d_x2-y2
   15   1   0   0       1.37478023  s
   15   2   1  -1       0.82498189  p_y
   15   2   1   0       0.83078094  p_z
   15   2   1   1       0.82679886  p_x
   15   3   2  -2       0.04155345  d_xy
   15   3   2  -1       0.03873457  d_yz
   15   3   2   0       0.01841207  d_z2
   15   3   2   1       0.03774141  d_xz
   15   3   2   2       0.01897220  d_x2-y2
   16   1   0   0       1.36510919  s
   16   2   1  -1       0.82965760  p_y
   16   2   1   0       0.82551553  p_z
   16   2   1   1       0.82781677  p_x
   16   3   2  -2       0.03919147  d_xy
   16   3   2  -1       0.03962425  d_yz
   16   3   2   0       0.02056225  d_z2
   16   3   2   1       0.03900484  d_xz
   16   3   2   2       0.01806687  d_x2-y2
   17   1   0   0       1.37779176  s
   17   2   1  -1       0.82659300  p_y
   17   2   1   0       0.83063932  p_z
   17   2   1   1       0.82959700  p_x
   17   3   2  -2       0.03866115  d_xy
   17   3   2  -1       0.03525726  d_yz
   17   3   2   0       0.01616795  d_z2
   17   3   2   1       0.03573169  d_xz
   17   3   2   2       0.01763744  d_x2-y2
   18   1   0   0       1.37206800  s
   18   2   1  -1       0.82310111  p_y
   18   2   1   0       0.81950944  p_z
   18   2   1   1       0.82805948  p_x
   18   3   2  -2       0.03380491  d_xy
   18   3   2  -1       0.03986161  d_yz
   18   3   2   0       0.02030933  d_z2
   18   3   2   1       0.04027215  d_xz
   18   3   2   2       0.01872367  d_x2-y2
   19   1   0   0       1.36392211  s
   19   2   1  -1       0.81806058  p_y
   19   2   1   0       0.83160088  p_z
   19   2   1   1       0.82612166  p_x
   19   3   2  -2       0.04084062  d_xy
   19   3   2  -1       0.03988968  d_yz
   19   3   2   0       0.01976076  d_z2
   19   3   2   1       0.03539617  d_xz
   19   3   2   2       0.01787772  d_x2-y2
   20   1   0   0       1.34390889  s
   20   2   1  -1       0.82933639  p_y
   20   2   1   0       0.82154266  p_z
   20   2   1   1       0.82456833  p_x
   20   3   2  -2       0.04029591  d_xy
   20   3   2  -1       0.03977058  d_yz
   20   3   2   0       0.02157119  d_z2
   20   3   2   1       0.04566036  d_xz
   20   3   2   2       0.02167730  d_x2-y2
   21   1   0   0       1.35274657  s
   21   2   1  -1       0.83205018  p_y
   21   2   1   0       0.82029344  p_z
   21   2   1   1       0.82940134  p_x
   21   3   2  -2       0.03378315  d_xy
   21   3   2  -1       0.04184437  d_yz
   21   3   2   0       0.02033230  d_z2
   21   3   2   1       0.04272152  d_xz
   21   3   2   2       0.01869514  d_x2-y2
   22   1   0   0       1.36248254  s
   22   2   1  -1       0.82518971  p_y
   22   2   1   0       0.82644210  p_z
   22   2   1   1       0.82662880  p_x
   22   3   2  -2       0.04062894  d_xy
   22   3   2  -1       0.03728666  d_yz
   22   3   2   0       0.02048033  d_z2
   22   3   2   1       0.03800332  d_xz
   22   3   2   2       0.02135988  d_x2-y2
   23   1   0   0       1.35181121  s
   23   2   1  -1       0.83329571  p_y
   23   2   1   0       0.82643592  p_z
   23   2   1   1       0.82966039  p_x
   23   3   2  -2       0.03798968  d_xy
   23   3   2  -1       0.03816361  d_yz
   23   3   2   0       0.01864260  d_z2
   23   3   2   1       0.03998522  d_xz
   23   3   2   2       0.01859144  d_x2-y2
   24   1   0   0       1.33784796  s
   24   2   1  -1       0.82116336  p_y
   24   2   1   0       0.82587985  p_z
   24   2   1   1       0.82699778  p_x
   24   3   2  -2       0.04267956  d_xy
   24   3   2  -1       0.04497925  d_yz
   24   3   2   0       0.02188272  d_z2
   24   3   2   1       0.04209342  d_xz
   24   3   2   2       0.02462576  d_x2-y2
   25   1   0   0       1.36463236  s
   25   2   1  -1       0.82468414  p_y
   25   2   1   0       0.82498028  p_z
   25   2   1   1       0.82694108  p_x
   25   3   2  -2       0.03940523  d_xy
   25   3   2  -1       0.03997483  d_yz
   25   3   2   0       0.02063103  d_z2
   25   3   2   1       0.03951820  d_xz
   25   3   2   2       0.01883636  d_x2-y2
   26   1   0   0       1.33592736  s
   26   2   1  -1       0.83141536  p_y
   26   2   1   0       0.81799444  p_z
   26   2   1   1       0.83005421  p_x
   26   3   2  -2       0.03949610  d_xy
   26   3   2  -1       0.04279850  d_yz
   26   3   2   0       0.02252990  d_z2
   26   3   2   1       0.04053368  d_xz
   26   3   2   2       0.01996220  d_x2-y2
   27   1   0   0       1.35363456  s
   27   2   1  -1       0.82562548  p_y
   27   2   1   0       0.82998921  p_z
   27   2   1   1       0.82825132  p_x
   27   3   2  -2       0.03798463  d_xy
   27   3   2  -1       0.03972583  d_yz
   27   3   2   0       0.01852037  d_z2
   27   3   2   1       0.04198805  d_xz
   27   3   2   2       0.02102089  d_x2-y2
   28   1   0   0       1.35634282  s
   28   2   1  -1       0.82594525  p_y
   28   2   1   0       0.81975495  p_z
   28   2   1   1       0.82043792  p_x
   28   3   2  -2       0.04067918  d_xy
   28   3   2  -1       0.03990436  d_yz
   28   3   2   0       0.02179350  d_z2
   28   3   2   1       0.03985302  d_xz
   28   3   2   2       0.01851093  d_x2-y2
   29   1   0   0       1.34719264  s
   29   2   1  -1       0.83104769  p_y
   29   2   1   0       0.82228128  p_z
   29   2   1   1       0.82840934  p_x
   29   3   2  -2       0.03878692  d_xy
   29   3   2  -1       0.04345226  d_yz
   29   3   2   0       0.02136400  d_z2
   29   3   2   1       0.04027553  d_xz
   29   3   2   2       0.02042196  d_x2-y2
   30   1   0   0       1.31812384  s
   30   2   1  -1       0.82724473  p_y
   30   2   1   0       0.82946763  p_z
   30   2   1   1       0.82032698  p_x
   30   3   2  -2       0.04414635  d_xy
   30   3   2  -1       0.04220632  d_yz
   30   3   2   0       0.02342012  d_z2
   30   3   2   1       0.04303146  d_xz
   30   3   2   2       0.02491504  d_x2-y2
   31   1   0   0       1.36905680  s
   31   2   1  -1       0.83124289  p_y
   31   2   1   0       0.81852610  p_z
   31   2   1   1       0.83041142  p_x
   31   3   2  -2       0.03609412  d_xy
   31   3   2  -1       0.03791879  d_yz
   31   3   2   0       0.01979799  d_z2
   31   3   2   1       0.04264947  d_xz
   31   3   2   2       0.01744467  d_x2-y2
   32   1   0   0       1.39790442  s
   32   2   1  -1       0.82766485  p_y
   32   2   1   0       0.82750016  p_z
   32   2   1   1       0.82595894  p_x
   32   3   2  -2       0.03328606  d_xy
   32   3   2  -1       0.03433989  d_yz
   32   3   2   0       0.01693669  d_z2
   32   3   2   1       0.03561308  d_xz
   32   3   2   2       0.01481115  d_x2-y2
   33   1   0   0       1.38749538  s
   33   2   1  -1       0.83104477  p_y
   33   2   1   0       0.82671162  p_z
   33   2   1   1       0.83456979  p_x
   33   3   2  -2       0.03682183  d_xy
   33   3   2  -1       0.03709300  d_yz
   33   3   2   0       0.01778884  d_z2
   33   3   2   1       0.03460668  d_xz
   33   3   2   2       0.01521071  d_x2-y2
   34   1   0   0       1.38376307  s
   34   2   1  -1       0.83055416  p_y
   34   2   1   0       0.83210681  p_z
   34   2   1   1       0.82361285  p_x
   34   3   2  -2       0.04138014  d_xy
   34   3   2  -1       0.03365335  d_yz
   34   3   2   0       0.01835046  d_z2
   34   3   2   1       0.03688135  d_xz
   34   3   2   2       0.01711362  d_x2-y2
   35   1   0   0       1.39256959  s
   35   2   1  -1       0.82809813  p_y
   35   2   1   0       0.82059133  p_z
   35   2   1   1       0.83138011  p_x
   35   3   2  -2       0.03372500  d_xy
   35   3   2  -1       0.03863827  d_yz
   35   3   2   0       0.01746057  d_z2
   35   3   2   1       0.03967261  d_xz
   35   3   2   2       0.01827791  d_x2-y2
   36   1   0   0       1.33487943  s
   36   2   1  -1       0.82177914  p_y
   36   2   1   0       0.82726404  p_z
   36   2   1   1       0.82196621  p_x
   36   3   2  -2       0.04236840  d_xy
   36   3   2  -1       0.04483428  d_yz
   36   3   2   0       0.02441593  d_z2
   36   3   2   1       0.04254984  d_xz
   36   3   2   2       0.02271125  d_x2-y2
   37   1   0   0       1.36353398  s
   37   2   1  -1       0.82787982  p_y
   37   2   1   0       0.83231937  p_z
   37   2   1   1       0.82703844  p_x
   37   3   2  -2       0.04088125  d_xy
   37   3   2  -1       0.03931106  d_yz
   37   3   2   0       0.01917620  d_z2
   37   3   2   1       0.03703075  d_xz
   37   3   2   2       0.01895631  d_x2-y2
   38   1   0   0       1.33526385  s
   38   2   1  -1       0.83094957  p_y
   38   2   1   0       0.81740625  p_z
   38   2   1   1       0.82551478  p_x
   38   3   2  -2       0.03838668  d_xy
   38   3   2  -1       0.04876250  d_yz
   38   3   2   0       0.02484866  d_z2
   38   3   2   1       0.04566783  d_xz
   38   3   2   2       0.02327910  d_x2-y2
   39   1   0   0       1.37608621  s
   39   2   1  -1       0.82992505  p_y
   39   2   1   0       0.83188377  p_z
   39   2   1   1       0.83153117  p_x
   39   3   2  -2       0.03802558  d_xy
   39   3   2  -1       0.03678781  d_yz
   39   3   2   0       0.01728360  d_z2
   39   3   2   1       0.03545804  d_xz
   39   3   2   2       0.01795280  d_x2-y2
   40   1   0   0       1.36945754  s
   40   2   1  -1       0.84054203  p_y
   40   2   1   0       0.82893621  p_z
   40   2   1   1       0.83044582  p_x
   40   3   2  -2       0.03762186  d_xy
   40   3   2  -1       0.03498551  d_yz
   40   3   2   0       0.01822725  d_z2
   40   3   2   1       0.04113984  d_xz
   40   3   2   2       0.01725104  d_x2-y2
   41   1   0   0       1.31575331  s
   41   2   1  -1       0.83300793  p_y
   41   2   1   0       0.81701099  p_z
   41   2   1   1       0.82840240  p_x
   41   3   2  -2       0.03789439  d_xy
   41   3   2  -1       0.04194482  d_yz
   41   3   2   0       0.02446964  d_z2
   41   3   2   1       0.05000056  d_xz
   41   3   2   2       0.02306082  d_x2-y2
   42   1   0   0       1.37658849  s
   42   2   1  -1       0.82790352  p_y
   42   2   1   0       0.83217733  p_z
   42   2   1   1       0.82864778  p_x
   42   3   2  -2       0.03821328  d_xy
   42   3   2  -1       0.03385020  d_yz
   42   3   2   0       0.01734808  d_z2
   42   3   2   1       0.03794981  d_xz
   42   3   2   2       0.01744853  d_x2-y2
   43   1   0   0       1.32818643  s
   43   2   1  -1       0.83078868  p_y
   43   2   1   0       0.82456592  p_z
   43   2   1   1       0.82346178  p_x
   43   3   2  -2       0.04230638  d_xy
   43   3   2  -1       0.04378604  d_yz
   43   3   2   0       0.02370444  d_z2
   43   3   2   1       0.04549130  d_xz
   43   3   2   2       0.02374428  d_x2-y2
   44   1   0   0       1.37887140  s
   44   2   1  -1       0.82684225  p_y
   44   2   1   0       0.83231327  p_z
   44   2   1   1       0.83091267  p_x
   44   3   2  -2       0.03561321  d_xy
   44   3   2  -1       0.04046696  d_yz
   44   3   2   0       0.01775893  d_z2
   44   3   2   1       0.03691974  d_xz
   44   3   2   2       0.01776778  d_x2-y2
   45   1   0   0       1.34897149  s
   45   2   1  -1       0.82656424  p_y
   45   2   1   0       0.83147771  p_z
   45   2   1   1       0.82718274  p_x
   45   3   2  -2       0.03946833  d_xy
   45   3   2  -1       0.04069194  d_yz
   45   3   2   0       0.01948073  d_z2
   45   3   2   1       0.04046678  d_xz
   45   3   2   2       0.02092531  d_x2-y2
   46   1   0   0       1.37626997  s
   46   2   1  -1       0.83359509  p_y
   46   2   1   0       0.82324497  p_z
   46   2   1   1       0.83152591  p_x
   46   3   2  -2       0.03519098  d_xy
   46   3   2  -1       0.03991121  d_yz
   46   3   2   0       0.01916145  d_z2
   46   3   2   1       0.04013548  d_xz
   46   3   2   2       0.01847718  d_x2-y2
   47   1   0   0       1.35183886  s
   47   2   1  -1       0.82843909  p_y
   47   2   1   0       0.82646945  p_z
   47   2   1   1       0.82725780  p_x
   47   3   2  -2       0.04111683  d_xy
   47   3   2  -1       0.04101462  d_yz
   47   3   2   0       0.02097427  d_z2
   47   3   2   1       0.04020460  d_xz
   47   3   2   2       0.01976020  d_x2-y2
   48   1   0   0       1.41078260  s
   48   2   1  -1       0.83796841  p_y
   48   2   1   0       0.82870209  p_z
   48   2   1   1       0.83563516  p_x
   48   3   2  -2       0.03185051  d_xy
   48   3   2  -1       0.03497990  d_yz
   48   3   2   0       0.01512191  d_z2
   48   3   2   1       0.03489954  d_xz
   48   3   2   2       0.01497156  d_x2-y2
   49   1   0   0       1.35961424  s
   49   2   1  -1       0.82417325  p_y
   49   2   1   0       0.83125567  p_z
   49   2   1   1       0.82926926  p_x
   49   3   2  -2       0.03930842  d_xy
   49   3   2  -1       0.03804243  d_yz
   49   3   2   0       0.01823259  d_z2
   49   3   2   1       0.03891663  d_xz
   49   3   2   2       0.01916802  d_x2-y2
   50   1   0   0       1.33204581  s
   50   2   1  -1       0.81873259  p_y
   50   2   1   0       0.81778818  p_z
   50   2   1   1       0.82490245  p_x
   50   3   2  -2       0.04413447  d_xy
   50   3   2  -1       0.04134534  d_yz
   50   3   2   0       0.02747690  d_z2
   50   3   2   1       0.04507863  d_xz
   50   3   2   2       0.02187147  d_x2-y2
   51   1   0   0       1.39185180  s
   51   2   1  -1       0.82329552  p_y
   51   2   1   0       0.82751800  p_z
   51   2   1   1       0.81976242  p_x
   51   3   2  -2       0.04048837  d_xy
   51   3   2  -1       0.03596647  d_yz
   51   3   2   0       0.01650472  d_z2
   51   3   2   1       0.03688491  d_xz
   51   3   2   2       0.02039870  d_x2-y2
   52   1   0   0       1.36937385  s
   52   2   1  -1       0.82544158  p_y
   52   2   1   0       0.82498323  p_z
   52   2   1   1       0.81949613  p_x
   52   3   2  -2       0.03984445  d_xy
   52   3   2  -1       0.03929843  d_yz
   52   3   2   0       0.02119388  d_z2
   52   3   2   1       0.04093392  d_xz
   52   3   2   2       0.02044543  d_x2-y2
   53   1   0   0       1.39666128  s
   53   2   1  -1       0.83070469  p_y
   53   2   1   0       0.83023097  p_z
   53   2   1   1       0.83281024  p_x
   53   3   2  -2       0.03835081  d_xy
   53   3   2  -1       0.03508969  d_yz
   53   3   2   0       0.01574486  d_z2
   53   3   2   1       0.03026292  d_xz
   53   3   2   2       0.01427319  d_x2-y2
   54   1   0   0       1.34451736  s
   54   2   1  -1       0.82463710  p_y
   54   2   1   0       0.82645804  p_z
   54   2   1   1       0.81895403  p_x
   54   3   2  -2       0.04216142  d_xy
   54   3   2  -1       0.04068760  d_yz
   54   3   2   0       0.02233485  d_z2
   54   3   2   1       0.04348026  d_xz
   54   3   2   2       0.02150479  d_x2-y2
   55   1   0   0       1.34302980  s
   55   2   1  -1       0.82397173  p_y
   55   2   1   0       0.82731910  p_z
   55   2   1   1       0.83147355  p_x
   55   3   2  -2       0.04154485  d_xy
   55   3   2  -1       0.04280352  d_yz
   55   3   2   0       0.02184592  d_z2
   55   3   2   1       0.04084613  d_xz
   55   3   2   2       0.02205465  d_x2-y2
   56   1   0   0       1.35275478  s
   56   2   1  -1       0.82305065  p_y
   56   2   1   0       0.82626773  p_z
   56   2   1   1       0.82828649  p_x
   56   3   2  -2       0.03933370  d_xy
   56   3   2  -1       0.04195276  d_yz
   56   3   2   0       0.01901127  d_z2
   56   3   2   1       0.03721271  d_xz
   56   3   2   2       0.02065635  d_x2-y2
   57   1   0   0       1.33701257  s
   57   2   1  -1       0.82127936  p_y
   57   2   1   0       0.83694206  p_z
   57   2   1   1       0.82762722  p_x
   57   3   2  -2       0.04165416  d_xy
   57   3   2  -1       0.04448058  d_yz
   57   3   2   0       0.01898054  d_z2
   57   3   2   1       0.03710618  d_xz
   57   3   2   2       0.02309278  d_x2-y2
   58   1   0   0       1.36231732  s
   58   2   1  -1       0.82370811  p_y
   58   2   1   0       0.83352588  p_z
   58   2   1   1       0.81494079  p_x
   58   3   2  -2       0.04090240  d_xy
   58   3   2  -1       0.03977314  d_yz
   58   3   2   0       0.02100036  d_z2
   58   3   2   1       0.03774776  d_xz
   58   3   2   2       0.01963280  d_x2-y2
   59   1   0   0       1.34907457  s
   59   2   1  -1       0.82825819  p_y
   59   2   1   0       0.83776384  p_z
   59   2   1   1       0.82648280  p_x
   59   3   2  -2       0.04530059  d_xy
   59   3   2  -1       0.03388801  d_yz
   59   3   2   0       0.01831376  d_z2
   59   3   2   1       0.03698501  d_xz
   59   3   2   2       0.01951209  d_x2-y2
   60   1   0   0       1.35946226  s
   60   2   1  -1       0.83365441  p_y
   60   2   1   0       0.82332761  p_z
   60   2   1   1       0.82956183  p_x
   60   3   2  -2       0.03685777  d_xy
   60   3   2  -1       0.03703861  d_yz
   60   3   2   0       0.01987732  d_z2
   60   3   2   1       0.04021207  d_xz
   60   3   2   2       0.01728610  d_x2-y2
   61   1   0   0       1.35564835  s
   61   2   1  -1       0.82944650  p_y
   61   2   1   0       0.82233335  p_z
   61   2   1   1       0.82335749  p_x
   61   3   2  -2       0.04016155  d_xy
   61   3   2  -1       0.03800515  d_yz
   61   3   2   0       0.02118044  d_z2
   61   3   2   1       0.04499267  d_xz
   61   3   2   2       0.02128305  d_x2-y2
   62   1   0   0       1.34754805  s
   62   2   1  -1       0.82251818  p_y
   62   2   1   0       0.83133676  p_z
   62   2   1   1       0.82720055  p_x
   62   3   2  -2       0.04232629  d_xy
   62   3   2  -1       0.03819690  d_yz
   62   3   2   0       0.02011495  d_z2
   62   3   2   1       0.03477106  d_xz
   62   3   2   2       0.01831724  d_x2-y2
   63   1   0   0       1.34285179  s
   63   2   1  -1       0.82859127  p_y
   63   2   1   0       0.83054160  p_z
   63   2   1   1       0.83022860  p_x
   63   3   2  -2       0.03707484  d_xy
   63   3   2  -1       0.04157596  d_yz
   63   3   2   0       0.01999232  d_z2
   63   3   2   1       0.04166657  d_xz
   63   3   2   2       0.02033116  d_x2-y2
   64   1   0   0       1.35592255  s
   64   2   1  -1       0.81951895  p_y
   64   2   1   0       0.83388618  p_z
   64   2   1   1       0.82210999  p_x
   64   3   2  -2       0.04580873  d_xy
   64   3   2  -1       0.03882161  d_yz
   64   3   2   0       0.01995017  d_z2
   64   3   2   1       0.03907427  d_xz
   64   3   2   2       0.02239408  d_x2-y2

Fermi level:                        -0.1335648511 H           -3.6345 eV
Band energy:                       -88.1345420131 H        -2398.2629 eV
TS:                                  0.0000000000 H            0.0000 eV
Band free energy (E-TS):           -88.1345420131 H        -2398.2629 eV
Extrapolated E(0K):                -88.1345420131 H        -2398.2629 eV
Input / Output electrons (q):    256.0000000000    256.0000000000

Energy H0:                         -88.1204065022 H        -2397.8783 eV
Energy SCC:                          0.0006155516 H            0.0168 eV
Total Electronic energy:           -88.1197909506 H        -2397.8615 eV
Repulsive energy:                    0.0000000000 H            0.0000 eV
Total energy:                      -88.1197909506 H        -2397.8615 eV
Extrapolated to 0:                 -88.1197909506 H        -2397.8615 eV
Total Mermin free energy:          -88.1197909506 H        -2397.8615 eV
Force related energy:              -88.1197909506 H        -2397.8615 eV

Non-constrained calculation

SCC converged

Warning: dipole moment is not defined absolutely!
Dipole moment:   -0.12252007   -0.49761042   -0.20170321 au
Dipole moment:   -0.31141498   -1.26479962   -0.51267847 Debye


