 Fermi distribution function

Calculation with static geometry


********************************************************************************
 iSCC Total electronic   Diff electronic      SCC error    
    9   -0.88170066E+02   -0.12061605E-08    0.90835086E-05
********************************************************************************

 Total charge:    -0.00000000

 Atomic gross charges (e)
 Atom           Charge
    1      -0.00386095
    2       0.00862715
    3       0.00573620
    4       0.01856314
    5      -0.00145557
    6      -0.00408071
    7       0.00562525
    8      -0.02834885
    9      -0.02276420
   10       0.01569607
   11      -0.01060634
   12       0.00306399
   13       0.00432228
   14      -0.00606704
   15       0.00545266
   16       0.01230901
   17      -0.00674709
   18       0.00924126
   19      -0.01048482
   20       0.00855710
   21      -0.01739463
   22       0.02229917
   23      -0.01199659
   24       0.03187928
   25       0.00286467
   26      -0.01068220
   27       0.00844530
   28      -0.01834213
   29      -0.01043235
   30       0.00230134
   31      -0.01252668
   32      -0.01096510
   33      -0.00031524
   34      -0.00452169
   35      -0.00009566
   36       0.00043991
   37       0.00752023
   38       0.00564327
   39      -0.00668495
   40      -0.00118054
   41       0.00402231
   42      -0.00970698
   43       0.01715773
   44      -0.01282734
   45      -0.00475804
   46       0.01381055
   47      -0.00854885
   48      -0.00203725
   49      -0.01522810
   50       0.02526436
   51      -0.01585250
   52      -0.00193179
   53       0.01492318
   54       0.02280305
   55       0.00671645
   56       0.01047289
   57      -0.03038673
   58      -0.00492835
   59      -0.00206495
   60       0.01881773
   61       0.00686815
   62      -0.01556769
   63      -0.00860915
   64       0.01255735

Nr. of electrons (up):    256.00000000
Atom populations (up)
 Atom       Population
    1       4.00386095
    2       3.99137285
    3       3.99426380
    4       3.98143686
    5       4.00145557
    6       4.00408071
    7       3.99437475
    8       4.02834885
    9       4.02276420
   10       3.98430393
   11       4.01060634
   12       3.99693601
   13       3.99567772
   14       4.00606704
   15       3.99454734
   16       3.98769099
   17       4.00674709
   18       3.99075874
   19       4.01048482
   20       3.99144290
   21       4.01739463
   22       3.97770083
   23       4.01199659
   24       3.96812072
   25       3.99713533
   26       4.01068220
   27       3.99155470
   28       4.01834213
   29       4.01043235
   30       3.99769866
   31       4.01252668
   32       4.01096510
   33       4.00031524
   34       4.00452169
   35       4.00009566
   36       3.99956009
   37       3.99247977
   38       3.99435673
   39       4.00668495
   40       4.00118054
   41       3.99597769
   42       4.00970698
   43       3.98284227
   44       4.01282734
   45       4.00475804
   46       3.98618945
   47       4.00854885
   48       4.00203725
   49       4.01522810
   50       3.97473564
   51       4.01585250
   52       4.00193179
   53       3.98507682
   54       3.97719695
   55       3.99328355
   56       3.98952711
   57       4.03038673
   58       4.00492835
   59       4.00206495
   60       3.98118227
   61       3.99313185
   62       4.01556769
   63       4.00860915
   64       3.98744265

l-shell populations (up)
 Atom Sh.   l       Population
    1   1   0       1.35901711
    1   2   1       2.48649275
    1   3   2       0.15835109
    2   1   0       1.35668956
    2   2   1       2.48051490
    2   3   2       0.15416839
    3   1   0       1.34291521
    3   2   1       2.48163338
    3   3   2       0.16971522
    4   1   0       1.33422099
    4   2   1       2.47363564
    4   3   2       0.17358023
    5   1   0       1.35540367
    5   2   1       2.48994972
    5   3   2       0.15610217
    6   1   0       1.36614550
    6   2   1       2.48472257
    6   3   2       0.15321264
    7   1   0       1.35001517
    7   2   1       2.48859213
    7   3   2       0.15576745
    8   1   0       1.39140797
    8   2   1       2.49745539
    8   3   2       0.13948549
    9   1   0       1.37397203
    9   2   1       2.49369381
    9   3   2       0.15509836
   10   1   0       1.33718462
   10   2   1       2.47793910
   10   3   2       0.16918021
   11   1   0       1.36501653
   11   2   1       2.49481700
   11   3   2       0.15077281
   12   1   0       1.35646651
   12   2   1       2.47810102
   12   3   2       0.16236848
   13   1   0       1.35911515
   13   2   1       2.48640054
   13   3   2       0.15016204
   14   1   0       1.36218748
   14   2   1       2.48838407
   14   3   2       0.15549549
   15   1   0       1.35790732
   15   2   1       2.47306302
   15   3   2       0.16357699
   16   1   0       1.33798404
   16   2   1       2.48201819
   16   3   2       0.16768876
   17   1   0       1.36423661
   17   2   1       2.49865136
   17   3   2       0.14385912
   18   1   0       1.34115522
   18   2   1       2.48570586
   18   3   2       0.16389766
   19   1   0       1.36980666
   19   2   1       2.48867936
   19   3   2       0.15199880
   20   1   0       1.33233792
   20   2   1       2.48131374
   20   3   2       0.17779124
   21   1   0       1.38862656
   21   2   1       2.48812097
   21   3   2       0.14064709
   22   1   0       1.33362135
   22   2   1       2.47678092
   22   3   2       0.16729856
   23   1   0       1.37003134
   23   2   1       2.49906088
   23   3   2       0.14290437
   24   1   0       1.30365000
   24   2   1       2.47970553
   24   3   2       0.18476519
   25   1   0       1.36001831
   25   2   1       2.47397840
   25   3   2       0.16313862
   26   1   0       1.37208026
   26   2   1       2.48609494
   26   3   2       0.15250700
   27   1   0       1.33273970
   27   2   1       2.48536483
   27   3   2       0.17345016
   28   1   0       1.38592555
   28   2   1       2.48657607
   28   3   2       0.14584051
   29   1   0       1.36243205
   29   2   1       2.49178964
   29   3   2       0.15621066
   30   1   0       1.37706558
   30   2   1       2.47092344
   30   3   2       0.14970964
   31   1   0       1.37634191
   31   2   1       2.48348803
   31   3   2       0.15269673
   32   1   0       1.39004341
   32   2   1       2.48423787
   32   3   2       0.13668381
   33   1   0       1.36259567
   33   2   1       2.49125568
   33   3   2       0.14646389
   34   1   0       1.36388429
   34   2   1       2.48253209
   34   3   2       0.15810531
   35   1   0       1.37059019
   35   2   1       2.48109599
   35   3   2       0.14840948
   36   1   0       1.35154446
   36   2   1       2.49510576
   36   3   2       0.15290987
   37   1   0       1.34683698
   37   2   1       2.47281809
   37   3   2       0.17282470
   38   1   0       1.35620406
   38   2   1       2.47463572
   38   3   2       0.16351695
   39   1   0       1.35941691
   39   2   1       2.49202252
   39   3   2       0.15524553
   40   1   0       1.36724860
   40   2   1       2.47682628
   40   3   2       0.15710567
   41   1   0       1.35838850
   41   2   1       2.47603265
   41   3   2       0.16155654
   42   1   0       1.37721625
   42   2   1       2.48775925
   42   3   2       0.14473148
   43   1   0       1.32967750
   43   2   1       2.48154863
   43   3   2       0.17161614
   44   1   0       1.38152964
   44   2   1       2.48449804
   44   3   2       0.14679966
   45   1   0       1.35511822
   45   2   1       2.48958485
   45   3   2       0.16005497
   46   1   0       1.34189885
   46   2   1       2.48959824
   46   3   2       0.15469237
   47   1   0       1.35788348
   47   2   1       2.48734979
   47   3   2       0.16331558
   48   1   0       1.36507315
   48   2   1       2.48975435
   48   3   2       0.14720975
   49   1   0       1.36465412
   49   2   1       2.50078384
   49   3   2       0.14979015
   50   1   0       1.32041139
   50   2   1       2.47266208
   50   3   2       0.18166217
   51   1   0       1.37800957
   51   2   1       2.49224841
   51   3   2       0.14559452
   52   1   0       1.36803512
   52   2   1       2.48594501
   52   3   2       0.14795166
   53   1   0       1.34920433
   53   2   1       2.47731536
   53   3   2       0.15855714
   54   1   0       1.32106436
   54   2   1       2.47590117
   54   3   2       0.18023142
   55   1   0       1.34425491
   55   2   1       2.48436291
   55   3   2       0.16466573
   56   1   0       1.34069204
   56   2   1       2.49094648
   56   3   2       0.15788859
   57   1   0       1.39461612
   57   2   1       2.48753319
   57   3   2       0.14823742
   58   1   0       1.37975783
   58   2   1       2.48430031
   58   3   2       0.14087022
   59   1   0       1.34850345
   59   2   1       2.48959363
   59   3   2       0.16396787
   60   1   0       1.35152839
   60   2   1       2.47583762
   60   3   2       0.15381627
   61   1   0       1.34587595
   61   2   1       2.47828145
   61   3   2       0.16897446
   62   1   0       1.38143078
   62   2   1       2.48318360
   62   3   2       0.15095331
   63   1   0       1.37545653
   63   2   1       2.48306757
   63   3   2       0.15008505
   64   1   0       1.34942681
   64   2   1       2.46771325
   64   3   2       0.17030259

Orbital populations (up)
 Atom Sh.   l   m       Population  Label
    1   1   0   0       1.35901711  s
    1   2   1  -1       0.83120537  p_y
    1   2   1   0       0.82675477  p_z
    1   2   1   1       0.82853261  p_x
    1   3   2  -2       0.03980776  d_xy
    1   3   2  -1       0.04087013  d_yz
    1   3   2   0       0.02050962  d_z2
    1   3   2   1       0.03875087  d_xz
    1   3   2   2       0.01841271  d_x2-y2
    2   1   0   0       1.35668956  s
    2   2   1  -1       0.82434163  p_y
    2   2   1   0       0.82995456  p_z
    2   2   1   1       0.82621871  p_x
    2   3   2  -2       0.04277669  d_xy
    2   3   2  -1       0.03674756  d_yz
    2   3   2   0       0.01958384  d_z2
    2   3   2   1       0.03639095  d_xz
    2   3   2   2       0.01866935  d_x2-y2
    3   1   0   0       1.34291521  s
    3   2   1  -1       0.83066111  p_y
    3   2   1   0       0.82322953  p_z
    3   2   1   1       0.82774273  p_x
    3   3   2  -2       0.03983734  d_xy
    3   3   2  -1       0.03852111  d_yz
    3   3   2   0       0.02302860  d_z2
    3   3   2   1       0.04745360  d_xz
    3   3   2   2       0.02087456  d_x2-y2
    4   1   0   0       1.33422099  s
    4   2   1  -1       0.82563894  p_y
    4   2   1   0       0.82736383  p_z
    4   2   1   1       0.82063288  p_x
    4   3   2  -2       0.04499807  d_xy
    4   3   2  -1       0.04201882  d_yz
    4   3   2   0       0.02266090  d_z2
    4   3   2   1       0.04069292  d_xz
    4   3   2   2       0.02320951  d_x2-y2
    5   1   0   0       1.35540367  s
    5   2   1  -1       0.82846468  p_y
    5   2   1   0       0.83273180  p_z
    5   2   1   1       0.82875325  p_x
    5   3   2  -2       0.04118872  d_xy
    5   3   2  -1       0.03624546  d_yz
    5   3   2   0       0.02039848  d_z2
    5   3   2   1       0.03963023  d_xz
    5   3   2   2       0.01863928  d_x2-y2
    6   1   0   0       1.36614550  s
    6   2   1  -1       0.83069791  p_y
    6   2   1   0       0.82042624  p_z
    6   2   1   1       0.83359842  p_x
    6   3   2  -2       0.03719732  d_xy
    6   3   2  -1       0.03945426  d_yz
    6   3   2   0       0.02081960  d_z2
    6   3   2   1       0.03802119  d_xz
    6   3   2   2       0.01772027  d_x2-y2
    7   1   0   0       1.35001517  s
    7   2   1  -1       0.83066488  p_y
    7   2   1   0       0.83096757  p_z
    7   2   1   1       0.82695968  p_x
    7   3   2  -2       0.03906883  d_xy
    7   3   2  -1       0.04009299  d_yz
    7   3   2   0       0.01894315  d_z2
    7   3   2   1       0.03735635  d_xz
    7   3   2   2       0.02030614  d_x2-y2
    8   1   0   0       1.39140797  s
    8   2   1  -1       0.83310921  p_y
    8   2   1   0       0.82982792  p_z
    8   2   1   1       0.83451825  p_x
    8   3   2  -2       0.03369151  d_xy
    8   3   2  -1       0.03661184  d_yz
    8   3   2   0       0.01726698  d_z2
    8   3   2   1       0.03653067  d_xz
    8   3   2   2       0.01538449  d_x2-y2
    9   1   0   0       1.37397203  s
    9   2   1  -1       0.83028496  p_y
    9   2   1   0       0.83238308  p_z
    9   2   1   1       0.83102578  p_x
    9   3   2  -2       0.03895500  d_xy
    9   3   2  -1       0.03763923  d_yz
    9   3   2   0       0.01872933  d_z2
    9   3   2   1       0.03996980  d_xz
    9   3   2   2       0.01980499  d_x2-y2
   10   1   0   0       1.33718462  s
   10   2   1  -1       0.82549220  p_y
   10   2   1   0       0.82787035  p_z
   10   2   1   1       0.82457655  p_x
   10   3   2  -2       0.04050933  d_xy
   10   3   2  -1       0.04186841  d_yz
   10   3   2   0       0.02056941  d_z2
   10   3   2   1       0.04280521  d_xz
   10   3   2   2       0.02342786  d_x2-y2
   11   1   0   0       1.36501653  s
   11   2   1  -1       0.83492359  p_y
   11   2   1   0       0.82637113  p_z
   11   2   1   1       0.83352228  p_x
   11   3   2  -2       0.03713454  d_xy
   11   3   2  -1       0.04267748  d_yz
   11   3   2   0       0.01948999  d_z2
   11   3   2   1       0.03457511  d_xz
   11   3   2   2       0.01689569  d_x2-y2
   12   1   0   0       1.35646651  s
   12   2   1  -1       0.82074475  p_y
   12   2   1   0       0.83085712  p_z
   12   2   1   1       0.82649914  p_x
   12   3   2  -2       0.04113760  d_xy
   12   3   2  -1       0.04035995  d_yz
   12   3   2   0       0.02020196  d_z2
   12   3   2   1       0.04054404  d_xz
   12   3   2   2       0.02012493  d_x2-y2
   13   1   0   0       1.35911515  s
   13   2   1  -1       0.82581360  p_y
   13   2   1   0       0.83009862  p_z
   13   2   1   1       0.83048832  p_x
   13   3   2  -2       0.03964305  d_xy
   13   3   2  -1       0.03725238  d_yz
   13   3   2   0       0.01802829  d_z2
   13   3   2   1       0.03694408  d_xz
   13   3   2   2       0.01829424  d_x2-y2
   14   1   0   0       1.36218748  s
   14   2   1  -1       0.83040252  p_y
   14   2   1   0       0.83113733  p_z
   14   2   1   1       0.82684422  p_x
   14   3   2  -2       0.04072293  d_xy
   14   3   2  -1       0.03576491  d_yz
   14   3   2   0       0.01838842  d_z2
   14   3   2   1       0.04113187  d_xz
   14   3   2   2       0.01948737  d_x2-y2
   15   1   0   0       1.35790732  s
   15   2   1  -1       0.82544849  p_y
   15   2   1   0       0.82377480  p_z
   15   2   1   1       0.82383973  p_x
   15   3   2  -2       0.04003475  d_xy
   15   3   2  -1       0.03926859  d_yz
   15   3   2   0       0.02143294  d_z2
   15   3   2   1       0.04286681  d_xz
   15   3   2   2       0.01997390  d_x2-y2
   16   1   0   0       1.33798404  s
   16   2   1  -1       0.82749992  p_y
   16   2   1   0       0.82639936  p_z
   16   2   1   1       0.82811891  p_x
   16   3   2  -2       0.04090006  d_xy
   16   3   2  -1       0.04452170  d_yz
   16   3   2   0       0.02112504  d_z2
   16   3   2   1       0.03907777  d_xz
   16   3   2   2       0.02206419  d_x2-y2
   17   1   0   0       1.36423661  s
   17   2   1  -1       0.83219185  p_y
   17   2   1   0       0.83469815  p_z
   17   2   1   1       0.83176136  p_x
   17   3   2  -2       0.03523590  d_xy
   17   3   2  -1       0.03780325  d_yz
   17   3   2   0       0.01693481  d_z2
   17   3   2   1       0.03598185  d_xz
   17   3   2   2       0.01790330  d_x2-y2
   18   1   0   0       1.34115522  s
   18   2   1  -1       0.82852748  p_y
   18   2   1   0       0.83315233  p_z
   18   2   1   1       0.82402606  p_x
   18   3   2  -2       0.04558422  d_xy
   18   3   2  -1       0.03914776  d_yz
   18   3   2   0       0.02086332  d_z2
   18   3   2   1       0.03729797  d_xz
   18   3   2   2       0.02100440  d_x2-y2
   19   1   0   0       1.36980666  s
   19   2   1  -1       0.83146271  p_y
   19   2   1   0       0.83153898  p_z
   19   2   1   1       0.82567767  p_x
   19   3   2  -2       0.03557817  d_xy
   19   3   2  -1       0.03582226  d_yz
   19   3   2   0       0.01766418  d_z2
   19   3   2   1       0.04411575  d_xz
   19   3   2   2       0.01881845  d_x2-y2
   20   1   0   0       1.33233792  s
   20   2   1  -1       0.82437920  p_y
   20   2   1   0       0.83019481  p_z
   20   2   1   1       0.82673972  p_x
   20   3   2  -2       0.04351454  d_xy
   20   3   2  -1       0.04569015  d_yz
   20   3   2   0       0.02172940  d_z2
   20   3   2   1       0.04142351  d_xz
   20   3   2   2       0.02543364  d_x2-y2
   21   1   0   0       1.38862656  s
   21   2   1  -1       0.83347987  p_y
   21   2   1   0       0.82685499  p_z
   21   2   1   1       0.82778612  p_x
   21   3   2  -2       0.03359931  d_xy
   21   3   2  -1       0.03882995  d_yz
   21   3   2   0       0.01668693  d_z2
   21   3   2   1       0.03556533  d_xz
   21   3   2   2       0.01596558  d_x2-y2
   22   1   0   0       1.33362135  s
   22   2   1  -1       0.82381158  p_y
   22   2   1   0       0.82784188  p_z
   22   2   1   1       0.82512746  p_x
   22   3   2  -2       0.04106160  d_xy
   22   3   2  -1       0.04473561  d_yz
   22   3   2   0       0.02113931  d_z2
   22   3   2   1       0.03786362  d_xz
   22   3   2   2       0.02249842  d_x2-y2
   23   1   0   0       1.37003134  s
   23   2   1  -1       0.83537067  p_y
   23   2   1   0       0.82988742  p_z
   23   2   1   1       0.83380279  p_x
   23   3   2  -2       0.03746484  d_xy
   23   3   2  -1       0.03503156  d_yz
   23   3   2   0       0.01809932  d_z2
   23   3   2   1       0.03639505  d_xz
   23   3   2   2       0.01591360  d_x2-y2
   24   1   0   0       1.30365000  s
   24   2   1  -1       0.82778709  p_y
   24   2   1   0       0.82888898  p_z
   24   2   1   1       0.82302946  p_x
   24   3   2  -2       0.04715943  d_xy
   24   3   2  -1       0.03927750  d_yz
   24   3   2   0       0.02571525  d_z2
   24   3   2   1       0.04746829  d_xz
   24   3   2   2       0.02514473  d_x2-y2
   25   1   0   0       1.36001831  s
   25   2   1  -1       0.82429165  p_y
   25   2   1   0       0.82856288  p_z
   25   2   1   1       0.82112388  p_x
   25   3   2  -2       0.04274958  d_xy
   25   3   2  -1       0.03887130  d_yz
   25   3   2   0       0.02044174  d_z2
   25   3   2   1       0.04077711  d_xz
   25   3   2   2       0.02029889  d_x2-y2
   26   1   0   0       1.37208026  s
   26   2   1  -1       0.82963758  p_y
   26   2   1   0       0.82741949  p_z
   26   2   1   1       0.82903787  p_x
   26   3   2  -2       0.03750335  d_xy
   26   3   2  -1       0.03559729  d_yz
   26   3   2   0       0.01908610  d_z2
   26   3   2   1       0.04222523  d_xz
   26   3   2   2       0.01809502  d_x2-y2
   27   1   0   0       1.33273970  s
   27   2   1  -1       0.82516568  p_y
   27   2   1   0       0.83158361  p_z
   27   2   1   1       0.82861555  p_x
   27   3   2  -2       0.04871919  d_xy
   27   3   2  -1       0.04113542  d_yz
   27   3   2   0       0.02314951  d_z2
   27   3   2   1       0.03795628  d_xz
   27   3   2   2       0.02248977  d_x2-y2
   28   1   0   0       1.38592555  s
   28   2   1  -1       0.83323022  p_y
   28   2   1   0       0.82233171  p_z
   28   2   1   1       0.83101414  p_x
   28   3   2  -2       0.03248891  d_xy
   28   3   2  -1       0.03844870  d_yz
   28   3   2   0       0.01840000  d_z2
   28   3   2   1       0.04022845  d_xz
   28   3   2   2       0.01627445  d_x2-y2
   29   1   0   0       1.36243205  s
   29   2   1  -1       0.83024561  p_y
   29   2   1   0       0.82923245  p_z
   29   2   1   1       0.83231158  p_x
   29   3   2  -2       0.03766361  d_xy
   29   3   2  -1       0.03828413  d_yz
   29   3   2   0       0.01824566  d_z2
   29   3   2   1       0.04218177  d_xz
   29   3   2   2       0.01983549  d_x2-y2
   30   1   0   0       1.37706558  s
   30   2   1  -1       0.82113225  p_y
   30   2   1   0       0.82784674  p_z
   30   2   1   1       0.82194445  p_x
   30   3   2  -2       0.03981052  d_xy
   30   3   2  -1       0.03551530  d_yz
   30   3   2   0       0.01729392  d_z2
   30   3   2   1       0.03785605  d_xz
   30   3   2   2       0.01923385  d_x2-y2
   31   1   0   0       1.37634191  s
   31   2   1  -1       0.82637526  p_y
   31   2   1   0       0.83078238  p_z
   31   2   1   1       0.82633039  p_x
   31   3   2  -2       0.03802880  d_xy
   31   3   2  -1       0.03888393  d_yz
   31   3   2   0       0.01902279  d_z2
   31   3   2   1       0.03805249  d_xz
   31   3   2   2       0.01870873  d_x2-y2
   32   1   0   0       1.39004341  s
   32   2   1  -1       0.82675315  p_y
   32   2   1   0       0.82822199  p_z
   32   2   1   1       0.82926273  p_x
   32   3   2  -2       0.03533255  d_xy
   32   3   2  -1       0.03746308  d_yz
   32   3   2   0       0.01508961  d_z2
   32   3   2   1       0.03235588  d_xz
   32   3   2   2       0.01644270  d_x2-y2
   33   1   0   0       1.36259567  s
   33   2   1  -1       0.82931944  p_y
   33   2   1   0       0.83143085  p_z
   33   2   1   1       0.83050539  p_x
   33   3   2  -2       0.03746909  d_xy
   33   3   2  -1       0.03517146  d_yz
   33   3   2   0       0.01720746  d_z2
   33   3   2   1       0.03841585  d_xz
   33   3   2   2       0.01820003  d_x2-y2
   34   1   0   0       1.36388429  s
   34   2   1  -1       0.82419905  p_y
   34   2   1   0       0.83172989  p_z
   34   2   1   1       0.82660315  p_x
   34   3   2  -2       0.04027035  d_xy
   34   3   2  -1       0.04119418  d_yz
   34   3   2   0       0.01903123  d_z2
   34   3   2   1       0.03707487  d_xz
   34   3   2   2       0.02053468  d_x2-y2
   35   1   0   0       1.37059019  s
   35   2   1  -1       0.82898854  p_y
   35   2   1   0       0.82425822  p_z
   35   2   1   1       0.82784923  p_x
   35   3   2  -2       0.03511361  d_xy
   35   3   2  -1       0.03784647  d_yz
   35   3   2   0       0.01924284  d_z2
   35   3   2   1       0.04017106  d_xz
   35   3   2   2       0.01603551  d_x2-y2
   36   1   0   0       1.35154446  s
   36   2   1  -1       0.83180387  p_y
   36   2   1   0       0.83293519  p_z
   36   2   1   1       0.83036670  p_x
   36   3   2  -2       0.04113267  d_xy
   36   3   2  -1       0.03525190  d_yz
   36   3   2   0       0.01888072  d_z2
   36   3   2   1       0.03866917  d_xz
   36   3   2   2       0.01897542  d_x2-y2
   37   1   0   0       1.34683698  s
   37   2   1  -1       0.82551577  p_y
   37   2   1   0       0.82643757  p_z
   37   2   1   1       0.82086476  p_x
   37   3   2  -2       0.04261391  d_xy
   37   3   2  -1       0.03871716  d_yz
   37   3   2   0       0.02201355  d_z2
   37   3   2   1       0.04656444  d_xz
   37   3   2   2       0.02291563  d_x2-y2
   38   1   0   0       1.35620406  s
   38   2   1  -1       0.82397501  p_y
   38   2   1   0       0.82424210  p_z
   38   2   1   1       0.82641861  p_x
   38   3   2  -2       0.04430431  d_xy
   38   3   2  -1       0.03737943  d_yz
   38   3   2   0       0.02123416  d_z2
   38   3   2   1       0.04042637  d_xz
   38   3   2   2       0.02017269  d_x2-y2
   39   1   0   0       1.35941691  s
   39   2   1  -1       0.83253988  p_y
   39   2   1   0       0.83080922  p_z
   39   2   1   1       0.82867342  p_x
   39   3   2  -2       0.03851264  d_xy
   39   3   2  -1       0.03961839  d_yz
   39   3   2   0       0.01896921  d_z2
   39   3   2   1       0.03852535  d_xz
   39   3   2   2       0.01961993  d_x2-y2
   40   1   0   0       1.36724860  s
   40   2   1  -1       0.82596230  p_y
   40   2   1   0       0.82208014  p_z
   40   2   1   1       0.82878384  p_x
   40   3   2  -2       0.03537959  d_xy
   40   3   2  -1       0.04096571  d_yz
   40   3   2   0       0.01853362  d_z2
   40   3   2   1       0.04120870  d_xz
   40   3   2   2       0.02101806  d_x2-y2
   41   1   0   0       1.35838850  s
   41   2   1  -1       0.82582468  p_y
   41   2   1   0       0.82347369  p_z
   41   2   1   1       0.82673428  p_x
   41   3   2  -2       0.04043216  d_xy
   41   3   2  -1       0.03855790  d_yz
   41   3   2   0       0.02187889  d_z2
   41   3   2   1       0.04114950  d_xz
   41   3   2   2       0.01953809  d_x2-y2
   42   1   0   0       1.37721625  s
   42   2   1  -1       0.82880035  p_y
   42   2   1   0       0.82638599  p_z
   42   2   1   1       0.83257291  p_x
   42   3   2  -2       0.03538484  d_xy
   42   3   2  -1       0.03701175  d_yz
   42   3   2   0       0.01930466  d_z2
   42   3   2   1       0.03638668  d_xz
   42   3   2   2       0.01664356  d_x2-y2
   43   1   0   0       1.32967750  s
   43   2   1  -1       0.82529193  p_y
   43   2   1   0       0.82438274  p_z
   43   2   1   1       0.83187396  p_x
   43   3   2  -2       0.04295906  d_xy
   43   3   2  -1       0.04519455  d_yz
   43   3   2   0       0.02416559  d_z2
   43   3   2   1       0.03812015  d_xz
   43   3   2   2       0.02117681  d_x2-y2
   44   1   0   0       1.38152964  s
   44   2   1  -1       0.82871679  p_y
   44   2   1   0       0.82801872  p_z
   44   2   1   1       0.82776254  p_x
   44   3   2  -2       0.03782542  d_xy
   44   3   2  -1       0.03631439  d_yz
   44   3   2   0       0.01786727  d_z2
   44   3   2   1       0.03680300  d_xz
   44   3   2   2       0.01798958  d_x2-y2
   45   1   0   0       1.35511822  s
   45   2   1  -1       0.83088771  p_y
   45   2   1   0       0.83191768  p_z
   45   2   1   1       0.82677945  p_x
   45   3   2  -2       0.04304201  d_xy
   45   3   2  -1       0.04089633  d_yz
   45   3   2   0       0.02032458  d_z2
   45   3   2   1       0.03598246  d_xz
   45   3   2   2       0.01980960  d_x2-y2
   46   1   0   0       1.34189885  s
   46   2   1  -1       0.83311854  p_y
   46   2   1   0       0.82884834  p_z
   46   2   1   1       0.82763136  p_x
   46   3   2  -2       0.04072726  d_xy
   46   3   2  -1       0.03700586  d_yz
   46   3   2   0       0.01970365  d_z2
   46   3   2   1       0.03876632  d_xz
   46   3   2   2       0.01848927  d_x2-y2
   47   1   0   0       1.35788348  s
   47   2   1  -1       0.82583151  p_y
   47   2   1   0       0.83568537  p_z
   47   2   1   1       0.82583290  p_x
   47   3   2  -2       0.04387191  d_xy
   47   3   2  -1       0.03867406  d_yz
   47   3   2   0       0.02000865  d_z2
   47   3   2   1       0.04004260  d_xz
   47   3   2   2       0.02071837  d_x2-y2
   48   1   0   0       1.36507315  s
   48   2   1  -1       0.83338924  p_y
   48   2   1   0       0.82517357  p_z
   48   2   1   1       0.83119154  p_x
   48   3   2  -2       0.03123882  d_xy
   48   3   2  -1       0.04318870  d_yz
   48   3   2   0       0.01763850  d_z2
   48   3   2   1       0.03716249  d_xz
   48   3   2   2       0.01798124  d_x2-y2
   49   1   0   0       1.36465412  s
   49   2   1  -1       0.83289446  p_y
   49   2   1   0       0.83356182  p_z
   49   2   1   1       0.83432756  p_x
   49   3   2  -2       0.03981815  d_xy
   49   3   2  -1       0.04060395  d_yz
   49   3   2   0       0.01907161  d_z2
   49   3   2   1       0.03353889  d_xz
   49   3   2   2       0.01675756  d_x2-y2
   50   1   0   0       1.32041139  s
   50   2   1  -1       0.82665061  p_y
   50   2   1   0       0.82104485  p_z
   50   2   1   1       0.82496663  p_x
   50   3   2  -2       0.04445942  d_xy
   50   3   2  -1       0.04332874  d_yz
   50   3   2   0       0.02534346  d_z2
   50   3   2   1       0.04503829  d_xz
   50   3   2   2       0.02349226  d_x2-y2
   51   1   0   0       1.37800957  s
   51   2   1  -1       0.82879921  p_y
   51   2   1   0       0.83328850  p_z
   51   2   1   1       0.83016071  p_x
   51   3   2  -2       0.03725495  d_xy
   51   3   2  -1       0.03576852  d_yz
   51   3   2   0       0.01709833  d_z2
   51   3   2   1       0.03796511  d_xz
   51   3   2   2       0.01750761  d_x2-y2
   52   1   0   0       1.36803512  s
   52   2   1  -1       0.82740667  p_y
   52   2   1   0       0.82692303  p_z
   52   2   1   1       0.83161531  p_x
   52   3   2  -2       0.03556821  d_xy
   52   3   2  -1       0.03944856  d_yz
   52   3   2   0       0.01805482  d_z2
   52   3   2   1       0.03688392  d_xz
   52   3   2   2       0.01799616  d_x2-y2
   53   1   0   0       1.34920433  s
   53   2   1  -1       0.82499434  p_y
   53   2   1   0       0.82066039  p_z
   53   2   1   1       0.83166062  p_x
   53   3   2  -2       0.03383669  d_xy
   53   3   2  -1       0.04493610  d_yz
   53   3   2   0       0.02024662  d_z2
   53   3   2   1       0.03980689  d_xz
   53   3   2   2       0.01973084  d_x2-y2
   54   1   0   0       1.32106436  s
   54   2   1  -1       0.81863805  p_y
   54   2   1   0       0.82840450  p_z
   54   2   1   1       0.82885862  p_x
   54   3   2  -2       0.04509210  d_xy
   54   3   2  -1       0.04743969  d_yz
   54   3   2   0       0.02252954  d_z2
   54   3   2   1       0.03969400  d_xz
   54   3   2   2       0.02547609  d_x2-y2
   55   1   0   0       1.34425491  s
   55   2   1  -1       0.82808610  p_y
   55   2   1   0       0.82416692  p_z
   55   2   1   1       0.83210988  p_x
   55   3   2  -2       0.03829914  d_xy
   55   3   2  -1       0.04019232  d_yz
   55   3   2   0       0.02179411  d_z2
   55   3   2   1       0.04462581  d_xz
   55   3   2   2       0.01975434  d_x2-y2
   56   1   0   0       1.34069204  s
   56   2   1  -1       0.82935257  p_y
   56   2   1   0       0.83192730  p_z
   56   2   1   1       0.82966661  p_x
   56   3   2  -2       0.04286807  d_xy
   56   3   2  -1       0.03643227  d_yz
   56   3   2   0       0.02013842  d_z2
   56   3   2   1       0.03841054  d_xz
   56   3   2   2       0.02003929  d_x2-y2
   57   1   0   0       1.39461612  s
   57   2   1  -1       0.82922503  p_y
   57   2   1   0       0.83230325  p_z
   57   2   1   1       0.82600491  p_x
   57   3   2  -2       0.03763985  d_xy
   57   3   2  -1       0.03415498  d_yz
   57   3   2   0       0.01621162  d_z2
   57   3   2   1       0.04131206  d_xz
   57   3   2   2       0.01891890  d_x2-y2
   58   1   0   0       1.37975783  s
   58   2   1  -1       0.82998649  p_y
   58   2   1   0       0.82671096  p_z
   58   2   1   1       0.82760285  p_x
   58   3   2  -2       0.03555910  d_xy
   58   3   2  -1       0.03581859  d_yz
   58   3   2   0       0.01664880  d_z2
   58   3   2   1       0.03632492  d_xz
   58   3   2   2       0.01651880  d_x2-y2
   59   1   0   0       1.34850345  s
   59   2   1  -1       0.82719321  p_y
   59   2   1   0       0.83285110  p_z
   59   2   1   1       0.82954932  p_x
   59   3   2  -2       0.04300139  d_xy
   59   3   2  -1       0.04181784  d_yz
   59   3   2   0       0.02056898  d_z2
   59   3   2   1       0.03736583  d_xz
   59   3   2   2       0.02121383  d_x2-y2
   60   1   0   0       1.35152839  s
   60   2   1  -1       0.82517045  p_y
   60   2   1   0       0.82161518  p_z
   60   2   1   1       0.82905199  p_x
   60   3   2  -2       0.03415885  d_xy
   60   3   2  -1       0.04166988  d_yz
   60   3   2   0       0.01880702  d_z2
   60   3   2   1       0.04025137  d_xz
   60   3   2   2       0.01892916  d_x2-y2
   61   1   0   0       1.34587595  s
   61   2   1  -1       0.82597278  p_y
   61   2   1   0       0.82540854  p_z
   61   2   1   1       0.82690013  p_x
   61   3   2  -2       0.04329068  d_xy
   61   3   2  -1       0.04304029  d_yz
   61   3   2   0       0.02165704  d_z2
   61   3   2   1       0.03996373  d_xz
   61   3   2   2       0.02102272  d_x2-y2
   62   1   0   0       1.38143078  s
   62   2   1  -1       0.83092979  p_y
   62   2   1   0       0.82791269  p_z
   62   2   1   1       0.82434112  p_x
   62   3   2  -2       0.03518401  d_xy
   62   3   2  -1       0.03553497  d_yz
   62   3   2   0       0.01725173  d_z2
   62   3   2   1       0.04435516  d_xz
   62   3   2   2       0.01862744  d_x2-y2
   63   1   0   0       1.37545653  s
   63   2   1  -1       0.82849657  p_y
   63   2   1   0       0.82710180  p_z
   63   2   1   1       0.82746920  p_x
   63   3   2  -2       0.04262662  d_xy
   63   3   2  -1       0.03681980  d_yz
   63   3   2   0       0.01813532  d_z2
   63   3   2   1       0.03422291  d_xz
   63   3   2   2       0.01828040  d_x2-y2
   64   1   0   0       1.34942681  s
   64   2   1  -1       0.82236565  p_y
   64   2   1   0       0.81984036  p_z
   64   2   1   1       0.82550723  p_x
   64   3   2  -2       0.04082877  d_xy
   64   3   2  -1       0.04414772  d_yz
   64   3   2   0       0.02244071  d_z2
   64   3   2   1       0.04179077  d_xz
   64   3   2   2       0.02109462  d_x2-y2

Fermi level:                        -0.1328992784 H           -3.6164 eV
Band energy:                       -88.1842013023 H        -2399.6142 eV
TS:                                  0.0000000000 H            0.0000 eV
Band free energy (E-TS):           -88.1842013023 H        -2399.6142 eV
Extrapolated E(0K):                -88.1842013023 H        -2399.6142 eV
Input / Output electrons (q):    256.0000000000    256.0000000000

Energy H0:                         -88.1706589233 H        -2399.2457 eV
Energy SCC:                          0.0005930637 H            0.0161 eV
Total Electronic energy:           -88.1700658597 H        -2399.2296 eV
Repulsive energy:                    0.0000000000 H            0.0000 eV
Total energy:                      -88.1700658597 H        -2399.2296 eV
Extrapolated to 0:                 -88.1700658597 H        -2399.2296 eV
Total Mermin free energy:          -88.1700658597 H        -2399.2296 eV
Force related energy:              -88.1700658597 H        -2399.2296 eV

Non-constrained calculation

SCC converged

Warning: dipole moment is not defined absolutely!
Dipole moment:    0.11900218   -0.29824586   -0.02472264 au
Dipole moment:    0.30247340   -0.75806541   -0.06283870 Debye


