 Fermi distribution function

Calculation with static geometry


********************************************************************************
 iSCC Total electronic   Diff electronic      SCC error    
    9   -0.88194320E+02   -0.11167742E-08    0.86669656E-05
********************************************************************************

 Total charge:    -0.00000000

 Atomic gross charges (e)
 Atom           Charge
    1       0.00471839
    2      -0.00868758
    3       0.01031209
    4      -0.00552721
    5       0.01193774
    6       0.01128194
    7      -0.00698062
    8       0.02416311
    9       0.01631419
   10       0.00945964
   11      -0.01384218
   12       0.01247377
   13       0.00103627
   14       0.01509980
   15       0.01399188
   16      -0.00536728
   17       0.00627293
   18      -0.01895623
   19       0.00527137
   20      -0.01067573
   21       0.00673650
   22      -0.02224544
   23       0.00037465
   24      -0.01587823
   25      -0.01242656
   26       0.01474605
   27      -0.00852534
   28       0.00717117
   29      -0.00010959
   30       0.01187341
   31      -0.00789395
   32      -0.00286319
   33       0.00607115
   34       0.01399558
   35      -0.00449780
   36      -0.01960969
   37      -0.00005094
   38       0.00283524
   39       0.01380070
   40       0.01363995
   41       0.00777148
   42       0.01132601
   43      -0.00528342
   44       0.01790084
   45       0.02529661
   46      -0.02532241
   47      -0.00144799
   48       0.00046492
   49      -0.02648498
   50      -0.00086829
   51      -0.00918609
   52      -0.00017413
   53      -0.00081405
   54      -0.01935418
   55      -0.00609505
   56      -0.02482101
   57       0.01058125
   58       0.00069939
   59       0.00969688
   60      -0.01435919
   61      -0.02039061
   62       0.01390204
   63      -0.01753449
   64       0.00505653

Nr. of electrons (up):    256.00000000
Atom populations (up)
 Atom       Population
    1       3.99528161
    2       4.00868758
    3       3.98968791
    4       4.00552721
    5       3.98806226
    6       3.98871806
    7       4.00698062
    8       3.97583689
    9       3.98368581
   10       3.99054036
   11       4.01384218
   12       3.98752623
   13       3.99896373
   14       3.98490020
   15       3.98600812
   16       4.00536728
   17       3.99372707
   18       4.01895623
   19       3.99472863
   20       4.01067573
   21       3.99326350
   22       4.02224544
   23       3.99962535
   24       4.01587823
   25       4.01242656
   26       3.98525395
   27       4.00852534
   28       3.99282883
   29       4.00010959
   30       3.98812659
   31       4.00789395
   32       4.00286319
   33       3.99392885
   34       3.98600442
   35       4.00449780
   36       4.01960969
   37       4.00005094
   38       3.99716476
   39       3.98619930
   40       3.98636005
   41       3.99222852
   42       3.98867399
   43       4.00528342
   44       3.98209916
   45       3.97470339
   46       4.02532241
   47       4.00144799
   48       3.99953508
   49       4.02648498
   50       4.00086829
   51       4.00918609
   52       4.00017413
   53       4.00081405
   54       4.01935418
   55       4.00609505
   56       4.02482101
   57       3.98941875
   58       3.99930061
   59       3.99030312
   60       4.01435919
   61       4.02039061
   62       3.98609796
   63       4.01753449
   64       3.99494347

l-shell populations (up)
 Atom Sh.   l       Population
    1   1   0       1.34658598
    1   2   1       2.48456036
    1   3   2       0.16413527
    2   1   0       1.37677068
    2   2   1       2.49226688
    2   3   2       0.13965003
    3   1   0       1.34700263
    3   2   1       2.47320014
    3   3   2       0.16948515
    4   1   0       1.36915814
    4   2   1       2.48649744
    4   3   2       0.14987164
    5   1   0       1.34057321
    5   2   1       2.48636052
    5   3   2       0.16112852
    6   1   0       1.35062409
    6   2   1       2.48118255
    6   3   2       0.15691142
    7   1   0       1.37287223
    7   2   1       2.49124623
    7   3   2       0.14286217
    8   1   0       1.32466908
    8   2   1       2.47089473
    8   3   2       0.18027308
    9   1   0       1.33746719
    9   2   1       2.49006881
    9   3   2       0.15614982
   10   1   0       1.34363322
   10   2   1       2.47770022
   10   3   2       0.16920692
   11   1   0       1.39027555
   11   2   1       2.48734063
   11   3   2       0.13622601
   12   1   0       1.34582758
   12   2   1       2.47291163
   12   3   2       0.16878702
   13   1   0       1.36655533
   13   2   1       2.48007683
   13   3   2       0.15233156
   14   1   0       1.35084576
   14   2   1       2.47553799
   14   3   2       0.15851645
   15   1   0       1.32873769
   15   2   1       2.47583380
   15   3   2       0.18143662
   16   1   0       1.38398973
   16   2   1       2.48301765
   16   3   2       0.13835990
   17   1   0       1.35182135
   17   2   1       2.47815578
   17   3   2       0.16374994
   18   1   0       1.38555766
   18   2   1       2.48881142
   18   3   2       0.14458715
   19   1   0       1.34212610
   19   2   1       2.48618590
   19   3   2       0.16641663
   20   1   0       1.37202790
   20   2   1       2.48259586
   20   3   2       0.15605197
   21   1   0       1.34191583
   21   2   1       2.48428797
   21   3   2       0.16705970
   22   1   0       1.37691368
   22   2   1       2.49535453
   22   3   2       0.14997722
   23   1   0       1.36295461
   23   2   1       2.48997728
   23   3   2       0.14669345
   24   1   0       1.37708480
   24   2   1       2.48024947
   24   3   2       0.15854395
   25   1   0       1.37299989
   25   2   1       2.48997877
   25   3   2       0.14944790
   26   1   0       1.33848807
   26   2   1       2.48262236
   26   3   2       0.16414352
   27   1   0       1.36839935
   27   2   1       2.48922229
   27   3   2       0.15090370
   28   1   0       1.34040933
   28   2   1       2.49344150
   28   3   2       0.15897800
   29   1   0       1.35837340
   29   2   1       2.48657952
   29   3   2       0.15515666
   30   1   0       1.33682753
   30   2   1       2.49014452
   30   3   2       0.16115453
   31   1   0       1.36915388
   31   2   1       2.48532482
   31   3   2       0.15341526
   32   1   0       1.36265075
   32   2   1       2.48880207
   32   3   2       0.15141036
   33   1   0       1.35008054
   33   2   1       2.47887617
   33   3   2       0.16497214
   34   1   0       1.33610384
   34   2   1       2.48107344
   34   3   2       0.16882715
   35   1   0       1.36502841
   35   2   1       2.48963926
   35   3   2       0.14983013
   36   1   0       1.39080188
   36   2   1       2.49056177
   36   3   2       0.13824604
   37   1   0       1.36338921
   37   2   1       2.49006218
   37   3   2       0.14659955
   38   1   0       1.34097719
   38   2   1       2.48990469
   38   3   2       0.16628289
   39   1   0       1.33985262
   39   2   1       2.47895683
   39   3   2       0.16738985
   40   1   0       1.33269494
   40   2   1       2.48692751
   40   3   2       0.16673761
   41   1   0       1.34605515
   41   2   1       2.49234940
   41   3   2       0.15382396
   42   1   0       1.34317398
   42   2   1       2.48517241
   42   3   2       0.16032761
   43   1   0       1.36489896
   43   2   1       2.48281587
   43   3   2       0.15756859
   44   1   0       1.34737895
   44   2   1       2.46733256
   44   3   2       0.16738765
   45   1   0       1.31566764
   45   2   1       2.47375441
   45   3   2       0.18528134
   46   1   0       1.39821787
   46   2   1       2.49051467
   46   3   2       0.13658987
   47   1   0       1.36574857
   47   2   1       2.48725920
   47   3   2       0.14844022
   48   1   0       1.36148539
   48   2   1       2.48289522
   48   3   2       0.15515447
   49   1   0       1.39985037
   49   2   1       2.49040296
   49   3   2       0.13623165
   50   1   0       1.34989186
   50   2   1       2.48535090
   50   3   2       0.16562553
   51   1   0       1.37033696
   51   2   1       2.48916704
   51   3   2       0.14968209
   52   1   0       1.35790106
   52   2   1       2.48325127
   52   3   2       0.15902180
   53   1   0       1.34483666
   53   2   1       2.49567240
   53   3   2       0.16030499
   54   1   0       1.38723953
   54   2   1       2.48689547
   54   3   2       0.14521918
   55   1   0       1.36065762
   55   2   1       2.48749289
   55   3   2       0.15794454
   56   1   0       1.38964740
   56   2   1       2.49643089
   56   3   2       0.13874273
   57   1   0       1.33935042
   57   2   1       2.48586395
   57   3   2       0.16420438
   58   1   0       1.35892791
   58   2   1       2.48535368
   58   3   2       0.15501902
   59   1   0       1.32687974
   59   2   1       2.48390441
   59   3   2       0.17951896
   60   1   0       1.38119914
   60   2   1       2.48800245
   60   3   2       0.14515759
   61   1   0       1.37635116
   61   2   1       2.49143491
   61   3   2       0.15260454
   62   1   0       1.32507557
   62   2   1       2.48933715
   62   3   2       0.17168525
   63   1   0       1.37983021
   63   2   1       2.49875232
   63   3   2       0.13895197
   64   1   0       1.33985769
   64   2   1       2.48308589
   64   3   2       0.17199989

Orbital populations (up)
 Atom Sh.   l   m       Population  Label
    1   1   0   0       1.34658598  s
    1   2   1  -1       0.82406481  p_y
    1   2   1   0       0.83182190  p_z
    1   2   1   1       0.82867365  p_x
    1   3   2  -2       0.04281324  d_xy
    1   3   2  -1       0.03909342  d_yz
    1   3   2   0       0.01980646  d_z2
    1   3   2   1       0.04059845  d_xz
    1   3   2   2       0.02182371  d_x2-y2
    2   1   0   0       1.37677068  s
    2   2   1  -1       0.83015290  p_y
    2   2   1   0       0.83316362  p_z
    2   2   1   1       0.82895035  p_x
    2   3   2  -2       0.03719377  d_xy
    2   3   2  -1       0.03601106  d_yz
    2   3   2   0       0.01544951  d_z2
    2   3   2   1       0.03404298  d_xz
    2   3   2   2       0.01695271  d_x2-y2
    3   1   0   0       1.34700263  s
    3   2   1  -1       0.82469465  p_y
    3   2   1   0       0.82300529  p_z
    3   2   1   1       0.82550020  p_x
    3   3   2  -2       0.04134882  d_xy
    3   3   2  -1       0.04341139  d_yz
    3   3   2   0       0.02066101  d_z2
    3   3   2   1       0.04140476  d_xz
    3   3   2   2       0.02265916  d_x2-y2
    4   1   0   0       1.36915814  s
    4   2   1  -1       0.82836054  p_y
    4   2   1   0       0.82824971  p_z
    4   2   1   1       0.82988718  p_x
    4   3   2  -2       0.03773975  d_xy
    4   3   2  -1       0.03799631  d_yz
    4   3   2   0       0.01833392  d_z2
    4   3   2   1       0.03851233  d_xz
    4   3   2   2       0.01728933  d_x2-y2
    5   1   0   0       1.34057321  s
    5   2   1  -1       0.82712596  p_y
    5   2   1   0       0.82931687  p_z
    5   2   1   1       0.82991770  p_x
    5   3   2  -2       0.04273537  d_xy
    5   3   2  -1       0.04193712  d_yz
    5   3   2   0       0.02211197  d_z2
    5   3   2   1       0.03531776  d_xz
    5   3   2   2       0.01902630  d_x2-y2
    6   1   0   0       1.35062409  s
    6   2   1  -1       0.82776529  p_y
    6   2   1   0       0.82728858  p_z
    6   2   1   1       0.82612867  p_x
    6   3   2  -2       0.03726419  d_xy
    6   3   2  -1       0.03881642  d_yz
    6   3   2   0       0.01948553  d_z2
    6   3   2   1       0.04110825  d_xz
    6   3   2   2       0.02023704  d_x2-y2
    7   1   0   0       1.37287223  s
    7   2   1  -1       0.83035420  p_y
    7   2   1   0       0.83001928  p_z
    7   2   1   1       0.83087275  p_x
    7   3   2  -2       0.03952470  d_xy
    7   3   2  -1       0.03532880  d_yz
    7   3   2   0       0.01816679  d_z2
    7   3   2   1       0.03408771  d_xz
    7   3   2   2       0.01575416  d_x2-y2
    8   1   0   0       1.32466908  s
    8   2   1  -1       0.82658868  p_y
    8   2   1   0       0.82416376  p_z
    8   2   1   1       0.82014229  p_x
    8   3   2  -2       0.04033520  d_xy
    8   3   2  -1       0.04445869  d_yz
    8   3   2   0       0.02214900  d_z2
    8   3   2   1       0.04729979  d_xz
    8   3   2   2       0.02603041  d_x2-y2
    9   1   0   0       1.33746719  s
    9   2   1  -1       0.83147601  p_y
    9   2   1   0       0.82887235  p_z
    9   2   1   1       0.82972045  p_x
    9   3   2  -2       0.03776991  d_xy
    9   3   2  -1       0.03873221  d_yz
    9   3   2   0       0.02064388  d_z2
    9   3   2   1       0.03984820  d_xz
    9   3   2   2       0.01915562  d_x2-y2
   10   1   0   0       1.34363322  s
   10   2   1  -1       0.82854024  p_y
   10   2   1   0       0.82639336  p_z
   10   2   1   1       0.82276662  p_x
   10   3   2  -2       0.04152851  d_xy
   10   3   2  -1       0.03945367  d_yz
   10   3   2   0       0.02268479  d_z2
   10   3   2   1       0.04381720  d_xz
   10   3   2   2       0.02172274  d_x2-y2
   11   1   0   0       1.39027555  s
   11   2   1  -1       0.82619709  p_y
   11   2   1   0       0.83184272  p_z
   11   2   1   1       0.82930082  p_x
   11   3   2  -2       0.03640342  d_xy
   11   3   2  -1       0.03529500  d_yz
   11   3   2   0       0.01553074  d_z2
   11   3   2   1       0.03303617  d_xz
   11   3   2   2       0.01596067  d_x2-y2
   12   1   0   0       1.34582758  s
   12   2   1  -1       0.82809535  p_y
   12   2   1   0       0.82021515  p_z
   12   2   1   1       0.82460112  p_x
   12   3   2  -2       0.04063144  d_xy
   12   3   2  -1       0.04040572  d_yz
   12   3   2   0       0.02288401  d_z2
   12   3   2   1       0.04352970  d_xz
   12   3   2   2       0.02133616  d_x2-y2
   13   1   0   0       1.36655533  s
   13   2   1  -1       0.82484339  p_y
   13   2   1   0       0.82408070  p_z
   13   2   1   1       0.83115275  p_x
   13   3   2  -2       0.03473611  d_xy
   13   3   2  -1       0.03980479  d_yz
   13   3   2   0       0.01874725  d_z2
   13   3   2   1       0.04053371  d_xz
   13   3   2   2       0.01850971  d_x2-y2
   14   1   0   0       1.35084576  s
   14   2   1  -1       0.82569082  p_y
   14   2   1   0       0.82488673  p_z
   14   2   1   1       0.82496043  p_x
   14   3   2  -2       0.04207605  d_xy
   14   3   2  -1       0.03958532  d_yz
   14   3   2   0       0.02027195  d_z2
   14   3   2   1       0.03679173  d_xz
   14   3   2   2       0.01979140  d_x2-y2
   15   1   0   0       1.32873769  s
   15   2   1  -1       0.82603062  p_y
   15   2   1   0       0.82371528  p_z
   15   2   1   1       0.82608790  p_x
   15   3   2  -2       0.04195136  d_xy
   15   3   2  -1       0.04401693  d_yz
   15   3   2   0       0.02334932  d_z2
   15   3   2   1       0.04767572  d_xz
   15   3   2   2       0.02444329  d_x2-y2
   16   1   0   0       1.38398973  s
   16   2   1  -1       0.82446541  p_y
   16   2   1   0       0.82589172  p_z
   16   2   1   1       0.83266052  p_x
   16   3   2  -2       0.03635727  d_xy
   16   3   2  -1       0.03704976  d_yz
   16   3   2   0       0.01612643  d_z2
   16   3   2   1       0.03292024  d_xz
   16   3   2   2       0.01590620  d_x2-y2
   17   1   0   0       1.35182135  s
   17   2   1  -1       0.82876941  p_y
   17   2   1   0       0.82246829  p_z
   17   2   1   1       0.82691808  p_x
   17   3   2  -2       0.04070976  d_xy
   17   3   2  -1       0.03949246  d_yz
   17   3   2   0       0.02176656  d_z2
   17   3   2   1       0.04257443  d_xz
   17   3   2   2       0.01920675  d_x2-y2
   18   1   0   0       1.38555766  s
   18   2   1  -1       0.82787389  p_y
   18   2   1   0       0.82987187  p_z
   18   2   1   1       0.83106565  p_x
   18   3   2  -2       0.03699587  d_xy
   18   3   2  -1       0.03533445  d_yz
   18   3   2   0       0.01726589  d_z2
   18   3   2   1       0.03786914  d_xz
   18   3   2   2       0.01712180  d_x2-y2
   19   1   0   0       1.34212610  s
   19   2   1  -1       0.82751620  p_y
   19   2   1   0       0.83100404  p_z
   19   2   1   1       0.82766566  p_x
   19   3   2  -2       0.04117636  d_xy
   19   3   2  -1       0.04085056  d_yz
   19   3   2   0       0.02014185  d_z2
   19   3   2   1       0.04232260  d_xz
   19   3   2   2       0.02192525  d_x2-y2
   20   1   0   0       1.37202790  s
   20   2   1  -1       0.82707691  p_y
   20   2   1   0       0.82453486  p_z
   20   2   1   1       0.83098409  p_x
   20   3   2  -2       0.03874505  d_xy
   20   3   2  -1       0.03967089  d_yz
   20   3   2   0       0.01933328  d_z2
   20   3   2   1       0.03973522  d_xz
   20   3   2   2       0.01856753  d_x2-y2
   21   1   0   0       1.34191583  s
   21   2   1  -1       0.82732586  p_y
   21   2   1   0       0.83134113  p_z
   21   2   1   1       0.82562098  p_x
   21   3   2  -2       0.03985329  d_xy
   21   3   2  -1       0.04260716  d_yz
   21   3   2   0       0.01973197  d_z2
   21   3   2   1       0.04100605  d_xz
   21   3   2   2       0.02386122  d_x2-y2
   22   1   0   0       1.37691368  s
   22   2   1  -1       0.83117790  p_y
   22   2   1   0       0.83098682  p_z
   22   2   1   1       0.83318981  p_x
   22   3   2  -2       0.03984586  d_xy
   22   3   2  -1       0.03715809  d_yz
   22   3   2   0       0.01841942  d_z2
   22   3   2   1       0.03761314  d_xz
   22   3   2   2       0.01694072  d_x2-y2
   23   1   0   0       1.36295461  s
   23   2   1  -1       0.83061938  p_y
   23   2   1   0       0.83085487  p_z
   23   2   1   1       0.82850304  p_x
   23   3   2  -2       0.03775737  d_xy
   23   3   2  -1       0.03553702  d_yz
   23   3   2   0       0.01736975  d_z2
   23   3   2   1       0.03772081  d_xz
   23   3   2   2       0.01830851  d_x2-y2
   24   1   0   0       1.37708480  s
   24   2   1  -1       0.82580183  p_y
   24   2   1   0       0.82490143  p_z
   24   2   1   1       0.82954621  p_x
   24   3   2  -2       0.03879119  d_xy
   24   3   2  -1       0.04208790  d_yz
   24   3   2   0       0.01833807  d_z2
   24   3   2   1       0.03873089  d_xz
   24   3   2   2       0.02059591  d_x2-y2
   25   1   0   0       1.37299989  s
   25   2   1  -1       0.83000619  p_y
   25   2   1   0       0.82836341  p_z
   25   2   1   1       0.83160917  p_x
   25   3   2  -2       0.03953003  d_xy
   25   3   2  -1       0.03765162  d_yz
   25   3   2   0       0.01951749  d_z2
   25   3   2   1       0.03639180  d_xz
   25   3   2   2       0.01635696  d_x2-y2
   26   1   0   0       1.33848807  s
   26   2   1  -1       0.82621811  p_y
   26   2   1   0       0.83167626  p_z
   26   2   1   1       0.82472800  p_x
   26   3   2  -2       0.04036695  d_xy
   26   3   2  -1       0.04306640  d_yz
   26   3   2   0       0.01973999  d_z2
   26   3   2   1       0.03873611  d_xz
   26   3   2   2       0.02223408  d_x2-y2
   27   1   0   0       1.36839935  s
   27   2   1  -1       0.83093331  p_y
   27   2   1   0       0.82986662  p_z
   27   2   1   1       0.82842236  p_x
   27   3   2  -2       0.03676052  d_xy
   27   3   2  -1       0.03875311  d_yz
   27   3   2   0       0.01800883  d_z2
   27   3   2   1       0.03885373  d_xz
   27   3   2   2       0.01852750  d_x2-y2
   28   1   0   0       1.34040933  s
   28   2   1  -1       0.83277839  p_y
   28   2   1   0       0.83495911  p_z
   28   2   1   1       0.82570401  p_x
   28   3   2  -2       0.04080032  d_xy
   28   3   2  -1       0.03648307  d_yz
   28   3   2   0       0.01951722  d_z2
   28   3   2   1       0.04124588  d_xz
   28   3   2   2       0.02093150  d_x2-y2
   29   1   0   0       1.35837340  s
   29   2   1  -1       0.83302174  p_y
   29   2   1   0       0.82643148  p_z
   29   2   1   1       0.82712631  p_x
   29   3   2  -2       0.03814508  d_xy
   29   3   2  -1       0.03899453  d_yz
   29   3   2   0       0.01956632  d_z2
   29   3   2   1       0.03909651  d_xz
   29   3   2   2       0.01935421  d_x2-y2
   30   1   0   0       1.33682753  s
   30   2   1  -1       0.83456641  p_y
   30   2   1   0       0.82635890  p_z
   30   2   1   1       0.82921922  p_x
   30   3   2  -2       0.03640313  d_xy
   30   3   2  -1       0.03961913  d_yz
   30   3   2   0       0.02073563  d_z2
   30   3   2   1       0.04369382  d_xz
   30   3   2   2       0.02070282  d_x2-y2
   31   1   0   0       1.36915388  s
   31   2   1  -1       0.82544621  p_y
   31   2   1   0       0.82740665  p_z
   31   2   1   1       0.83247195  p_x
   31   3   2  -2       0.03950866  d_xy
   31   3   2  -1       0.03798876  d_yz
   31   3   2   0       0.01854490  d_z2
   31   3   2   1       0.03839344  d_xz
   31   3   2   2       0.01897950  d_x2-y2
   32   1   0   0       1.36265075  s
   32   2   1  -1       0.83236112  p_y
   32   2   1   0       0.83003875  p_z
   32   2   1   1       0.82640220  p_x
   32   3   2  -2       0.03833469  d_xy
   32   3   2  -1       0.03768353  d_yz
   32   3   2   0       0.01890344  d_z2
   32   3   2   1       0.03851020  d_xz
   32   3   2   2       0.01797850  d_x2-y2
   33   1   0   0       1.35008054  s
   33   2   1  -1       0.82949796  p_y
   33   2   1   0       0.82344735  p_z
   33   2   1   1       0.82593086  p_x
   33   3   2  -2       0.04011424  d_xy
   33   3   2  -1       0.03915660  d_yz
   33   3   2   0       0.02223407  d_z2
   33   3   2   1       0.04448019  d_xz
   33   3   2   2       0.01898704  d_x2-y2
   34   1   0   0       1.33610384  s
   34   2   1  -1       0.82286085  p_y
   34   2   1   0       0.82762614  p_z
   34   2   1   1       0.83058645  p_x
   34   3   2  -2       0.04512844  d_xy
   34   3   2  -1       0.04135827  d_yz
   34   3   2   0       0.02170702  d_z2
   34   3   2   1       0.03890218  d_xz
   34   3   2   2       0.02173124  d_x2-y2
   35   1   0   0       1.36502841  s
   35   2   1  -1       0.83281683  p_y
   35   2   1   0       0.82911360  p_z
   35   2   1   1       0.82770884  p_x
   35   3   2  -2       0.03808036  d_xy
   35   3   2  -1       0.03831379  d_yz
   35   3   2   0       0.01784679  d_z2
   35   3   2   1       0.03727503  d_xz
   35   3   2   2       0.01831417  d_x2-y2
   36   1   0   0       1.39080188  s
   36   2   1  -1       0.82892911  p_y
   36   2   1   0       0.83104449  p_z
   36   2   1   1       0.83058817  p_x
   36   3   2  -2       0.03739287  d_xy
   36   3   2  -1       0.03578739  d_yz
   36   3   2   0       0.01530560  d_z2
   36   3   2   1       0.03332447  d_xz
   36   3   2   2       0.01643570  d_x2-y2
   37   1   0   0       1.36338921  s
   37   2   1  -1       0.83175711  p_y
   37   2   1   0       0.83067203  p_z
   37   2   1   1       0.82763303  p_x
   37   3   2  -2       0.03570817  d_xy
   37   3   2  -1       0.03831342  d_yz
   37   3   2   0       0.01791144  d_z2
   37   3   2   1       0.03717936  d_xz
   37   3   2   2       0.01748716  d_x2-y2
   38   1   0   0       1.34097719  s
   38   2   1  -1       0.83116576  p_y
   38   2   1   0       0.82812866  p_z
   38   2   1   1       0.83061027  p_x
   38   3   2  -2       0.04188829  d_xy
   38   3   2  -1       0.04112127  d_yz
   38   3   2   0       0.02178462  d_z2
   38   3   2   1       0.04069562  d_xz
   38   3   2   2       0.02079308  d_x2-y2
   39   1   0   0       1.33985262  s
   39   2   1  -1       0.82473410  p_y
   39   2   1   0       0.82875829  p_z
   39   2   1   1       0.82546444  p_x
   39   3   2  -2       0.04213083  d_xy
   39   3   2  -1       0.04087797  d_yz
   39   3   2   0       0.02150603  d_z2
   39   3   2   1       0.04089970  d_xz
   39   3   2   2       0.02197533  d_x2-y2
   40   1   0   0       1.33269494  s
   40   2   1  -1       0.82620693  p_y
   40   2   1   0       0.83080353  p_z
   40   2   1   1       0.82991705  p_x
   40   3   2  -2       0.04126202  d_xy
   40   3   2  -1       0.04385691  d_yz
   40   3   2   0       0.02090631  d_z2
   40   3   2   1       0.03820190  d_xz
   40   3   2   2       0.02251047  d_x2-y2
   41   1   0   0       1.34605515  s
   41   2   1  -1       0.82616289  p_y
   41   2   1   0       0.83397357  p_z
   41   2   1   1       0.83221294  p_x
   41   3   2  -2       0.04135469  d_xy
   41   3   2  -1       0.03808025  d_yz
   41   3   2   0       0.01935559  d_z2
   41   3   2   1       0.03596985  d_xz
   41   3   2   2       0.01906359  d_x2-y2
   42   1   0   0       1.34317398  s
   42   2   1  -1       0.82900153  p_y
   42   2   1   0       0.82993167  p_z
   42   2   1   1       0.82623921  p_x
   42   3   2  -2       0.03777939  d_xy
   42   3   2  -1       0.03870990  d_yz
   42   3   2   0       0.01879531  d_z2
   42   3   2   1       0.04354839  d_xz
   42   3   2   2       0.02149462  d_x2-y2
   43   1   0   0       1.36489896  s
   43   2   1  -1       0.82580954  p_y
   43   2   1   0       0.83048199  p_z
   43   2   1   1       0.82652434  p_x
   43   3   2  -2       0.03950919  d_xy
   43   3   2  -1       0.03830098  d_yz
   43   3   2   0       0.01981999  d_z2
   43   3   2   1       0.04044478  d_xz
   43   3   2   2       0.01949364  d_x2-y2
   44   1   0   0       1.34737895  s
   44   2   1  -1       0.82232720  p_y
   44   2   1   0       0.81961788  p_z
   44   2   1   1       0.82538748  p_x
   44   3   2  -2       0.03815836  d_xy
   44   3   2  -1       0.04219140  d_yz
   44   3   2   0       0.02365368  d_z2
   44   3   2   1       0.04330173  d_xz
   44   3   2   2       0.02008248  d_x2-y2
   45   1   0   0       1.31566764  s
   45   2   1  -1       0.82645476  p_y
   45   2   1   0       0.82516137  p_z
   45   2   1   1       0.82213828  p_x
   45   3   2  -2       0.04264610  d_xy
   45   3   2  -1       0.04564349  d_yz
   45   3   2   0       0.02491358  d_z2
   45   3   2   1       0.04647764  d_xz
   45   3   2   2       0.02560053  d_x2-y2
   46   1   0   0       1.39821787  s
   46   2   1  -1       0.83233108  p_y
   46   2   1   0       0.82927020  p_z
   46   2   1   1       0.82891338  p_x
   46   3   2  -2       0.03507868  d_xy
   46   3   2  -1       0.03458094  d_yz
   46   3   2   0       0.01560567  d_z2
   46   3   2   1       0.03553366  d_xz
   46   3   2   2       0.01579091  d_x2-y2
   47   1   0   0       1.36574857  s
   47   2   1  -1       0.82987733  p_y
   47   2   1   0       0.82760450  p_z
   47   2   1   1       0.82977737  p_x
   47   3   2  -2       0.03880577  d_xy
   47   3   2  -1       0.03606480  d_yz
   47   3   2   0       0.01877410  d_z2
   47   3   2   1       0.03792276  d_xz
   47   3   2   2       0.01687279  d_x2-y2
   48   1   0   0       1.36148539  s
   48   2   1  -1       0.82530441  p_y
   48   2   1   0       0.83075866  p_z
   48   2   1   1       0.82683214  p_x
   48   3   2  -2       0.03886969  d_xy
   48   3   2  -1       0.03838872  d_yz
   48   3   2   0       0.01873234  d_z2
   48   3   2   1       0.03943831  d_xz
   48   3   2   2       0.01972540  d_x2-y2
   49   1   0   0       1.39985037  s
   49   2   1  -1       0.83059267  p_y
   49   2   1   0       0.82966461  p_z
   49   2   1   1       0.83014568  p_x
   49   3   2  -2       0.03434187  d_xy
   49   3   2  -1       0.03524927  d_yz
   49   3   2   0       0.01672703  d_z2
   49   3   2   1       0.03471994  d_xz
   49   3   2   2       0.01519355  d_x2-y2
   50   1   0   0       1.34989186  s
   50   2   1  -1       0.82654674  p_y
   50   2   1   0       0.83121055  p_z
   50   2   1   1       0.82759360  p_x
   50   3   2  -2       0.04312482  d_xy
   50   3   2  -1       0.03815110  d_yz
   50   3   2   0       0.02052770  d_z2
   50   3   2   1       0.04212144  d_xz
   50   3   2   2       0.02170047  d_x2-y2
   51   1   0   0       1.37033696  s
   51   2   1  -1       0.83154827  p_y
   51   2   1   0       0.82847626  p_z
   51   2   1   1       0.82914251  p_x
   51   3   2  -2       0.03771505  d_xy
   51   3   2  -1       0.03561186  d_yz
   51   3   2   0       0.01800410  d_z2
   51   3   2   1       0.04020454  d_xz
   51   3   2   2       0.01814654  d_x2-y2
   52   1   0   0       1.35790106  s
   52   2   1  -1       0.82856266  p_y
   52   2   1   0       0.82453999  p_z
   52   2   1   1       0.83014862  p_x
   52   3   2  -2       0.03869292  d_xy
   52   3   2  -1       0.04165094  d_yz
   52   3   2   0       0.02068956  d_z2
   52   3   2   1       0.03922560  d_xz
   52   3   2   2       0.01876277  d_x2-y2
   53   1   0   0       1.34483666  s
   53   2   1  -1       0.83373061  p_y
   53   2   1   0       0.83183220  p_z
   53   2   1   1       0.83010960  p_x
   53   3   2  -2       0.04228687  d_xy
   53   3   2  -1       0.03983220  d_yz
   53   3   2   0       0.02096040  d_z2
   53   3   2   1       0.03726899  d_xz
   53   3   2   2       0.01995653  d_x2-y2
   54   1   0   0       1.38723953  s
   54   2   1  -1       0.82747411  p_y
   54   2   1   0       0.82752916  p_z
   54   2   1   1       0.83189220  p_x
   54   3   2  -2       0.03562102  d_xy
   54   3   2  -1       0.03975690  d_yz
   54   3   2   0       0.01669943  d_z2
   54   3   2   1       0.03562894  d_xz
   54   3   2   2       0.01751288  d_x2-y2
   55   1   0   0       1.36065762  s
   55   2   1  -1       0.83044454  p_y
   55   2   1   0       0.83213543  p_z
   55   2   1   1       0.82491293  p_x
   55   3   2  -2       0.04226177  d_xy
   55   3   2  -1       0.03731731  d_yz
   55   3   2   0       0.01965042  d_z2
   55   3   2   1       0.03891788  d_xz
   55   3   2   2       0.01979716  d_x2-y2
   56   1   0   0       1.38964740  s
   56   2   1  -1       0.83151073  p_y
   56   2   1   0       0.83135598  p_z
   56   2   1   1       0.83356417  p_x
   56   3   2  -2       0.03668985  d_xy
   56   3   2  -1       0.03480859  d_yz
   56   3   2   0       0.01518392  d_z2
   56   3   2   1       0.03525938  d_xz
   56   3   2   2       0.01680098  d_x2-y2
   57   1   0   0       1.33935042  s
   57   2   1  -1       0.82621026  p_y
   57   2   1   0       0.82705636  p_z
   57   2   1   1       0.83259733  p_x
   57   3   2  -2       0.03886248  d_xy
   57   3   2  -1       0.04246354  d_yz
   57   3   2   0       0.02063469  d_z2
   57   3   2   1       0.04048307  d_xz
   57   3   2   2       0.02176060  d_x2-y2
   58   1   0   0       1.35892791  s
   58   2   1  -1       0.82778144  p_y
   58   2   1   0       0.82754193  p_z
   58   2   1   1       0.83003032  p_x
   58   3   2  -2       0.03786511  d_xy
   58   3   2  -1       0.04179075  d_yz
   58   3   2   0       0.01903962  d_z2
   58   3   2   1       0.03725340  d_xz
   58   3   2   2       0.01907014  d_x2-y2
   59   1   0   0       1.32687974  s
   59   2   1  -1       0.82946259  p_y
   59   2   1   0       0.82618462  p_z
   59   2   1   1       0.82825720  p_x
   59   3   2  -2       0.04331688  d_xy
   59   3   2  -1       0.04537000  d_yz
   59   3   2   0       0.02468281  d_z2
   59   3   2   1       0.04345088  d_xz
   59   3   2   2       0.02269839  d_x2-y2
   60   1   0   0       1.38119914  s
   60   2   1  -1       0.82682058  p_y
   60   2   1   0       0.83282246  p_z
   60   2   1   1       0.82835941  p_x
   60   3   2  -2       0.03876742  d_xy
   60   3   2  -1       0.03543762  d_yz
   60   3   2   0       0.01753747  d_z2
   60   3   2   1       0.03669827  d_xz
   60   3   2   2       0.01671681  d_x2-y2
   61   1   0   0       1.37635116  s
   61   2   1  -1       0.82761555  p_y
   61   2   1   0       0.83159452  p_z
   61   2   1   1       0.83222484  p_x
   61   3   2  -2       0.03443644  d_xy
   61   3   2  -1       0.03935393  d_yz
   61   3   2   0       0.01726351  d_z2
   61   3   2   1       0.04115542  d_xz
   61   3   2   2       0.02039525  d_x2-y2
   62   1   0   0       1.32507557  s
   62   2   1  -1       0.82983798  p_y
   62   2   1   0       0.82635145  p_z
   62   2   1   1       0.83314772  p_x
   62   3   2  -2       0.04082408  d_xy
   62   3   2  -1       0.04284268  d_yz
   62   3   2   0       0.02388852  d_z2
   62   3   2   1       0.04202297  d_xz
   62   3   2   2       0.02210700  d_x2-y2
   63   1   0   0       1.37983021  s
   63   2   1  -1       0.82872132  p_y
   63   2   1   0       0.83509882  p_z
   63   2   1   1       0.83493218  p_x
   63   3   2  -2       0.03716232  d_xy
   63   3   2  -1       0.03494790  d_yz
   63   3   2   0       0.01641718  d_z2
   63   3   2   1       0.03466954  d_xz
   63   3   2   2       0.01575502  d_x2-y2
   64   1   0   0       1.33985769  s
   64   2   1  -1       0.83024118  p_y
   64   2   1   0       0.82789731  p_z
   64   2   1   1       0.82494740  p_x
   64   3   2  -2       0.04155681  d_xy
   64   3   2  -1       0.04217659  d_yz
   64   3   2   0       0.02164906  d_z2
   64   3   2   1       0.04366699  d_xz
   64   3   2   2       0.02295043  d_x2-y2

Fermi level:                        -0.1329876754 H           -3.6188 eV
Band energy:                       -88.2070604492 H        -2400.2362 eV
TS:                                  0.0000000000 H            0.0000 eV
Band free energy (E-TS):           -88.2070604492 H        -2400.2362 eV
Extrapolated E(0K):                -88.2070604492 H        -2400.2362 eV
Input / Output electrons (q):    256.0000000000    256.0000000000

Energy H0:                         -88.1948228660 H        -2399.9032 eV
Energy SCC:                          0.0005031775 H            0.0137 eV
Total Electronic energy:           -88.1943196884 H        -2399.8895 eV
Repulsive energy:                    0.0000000000 H            0.0000 eV
Total energy:                      -88.1943196884 H        -2399.8895 eV
Extrapolated to 0:                 -88.1943196884 H        -2399.8895 eV
Total Mermin free energy:          -88.1943196884 H        -2399.8895 eV
Force related energy:              -88.1943196884 H        -2399.8895 eV

Non-constrained calculation

SCC converged

Warning: dipole moment is not defined absolutely!
Dipole moment:    0.39952252   -0.69204288    0.59926862 au
Dipole moment:    1.01548504   -1.75899770    1.52318903 Debye


