 Fermi distribution function

Calculation with static geometry


********************************************************************************
 iSCC Total electronic   Diff electronic      SCC error    
    9   -0.88168188E+02   -0.12081500E-08    0.88547869E-05
********************************************************************************

 Total charge:    -0.00000000

 Atomic gross charges (e)
 Atom           Charge
    1      -0.02355955
    2       0.01414240
    3      -0.03206155
    4       0.01370329
    5       0.01272739
    6       0.00539680
    7       0.01468176
    8       0.00515250
    9      -0.01702118
   10       0.00220294
   11      -0.01177093
   12       0.00978922
   13      -0.00738174
   14       0.01083494
   15      -0.01152615
   16       0.01607229
   17       0.00388756
   18       0.00106143
   19       0.00848363
   20       0.00218925
   21      -0.00685740
   22      -0.01177000
   23      -0.01858498
   24      -0.01966534
   25       0.02300430
   26      -0.00685531
   27       0.01498176
   28       0.00384101
   29       0.00029557
   30       0.01013621
   31      -0.00672125
   32       0.00582170
   33      -0.02834217
   34      -0.00872713
   35      -0.00951945
   36       0.00939971
   37       0.01046568
   38       0.00099963
   39      -0.01450234
   40       0.01929752
   41       0.00855771
   42       0.00242639
   43      -0.02364101
   44      -0.01475815
   45      -0.02332760
   46       0.02043336
   47       0.00912613
   48       0.00976336
   49      -0.00505045
   50      -0.00199880
   51      -0.00768075
   52       0.01103439
   53      -0.01050939
   54      -0.00615864
   55       0.00220379
   56      -0.01422692
   57       0.01613810
   58       0.00069223
   59      -0.00055344
   60       0.01278690
   61       0.02590890
   62      -0.00999968
   63       0.02000110
   64      -0.00486953

Nr. of electrons (up):    256.00000000
Atom populations (up)
 Atom       Population
    1       4.02355955
    2       3.98585760
    3       4.03206155
    4       3.98629671
    5       3.98727261
    6       3.99460320
    7       3.98531824
    8       3.99484750
    9       4.01702118
   10       3.99779706
   11       4.01177093
   12       3.99021078
   13       4.00738174
   14       3.98916506
   15       4.01152615
   16       3.98392771
   17       3.99611244
   18       3.99893857
   19       3.99151637
   20       3.99781075
   21       4.00685740
   22       4.01177000
   23       4.01858498
   24       4.01966534
   25       3.97699570
   26       4.00685531
   27       3.98501824
   28       3.99615899
   29       3.99970443
   30       3.98986379
   31       4.00672125
   32       3.99417830
   33       4.02834217
   34       4.00872713
   35       4.00951945
   36       3.99060029
   37       3.98953432
   38       3.99900037
   39       4.01450234
   40       3.98070248
   41       3.99144229
   42       3.99757361
   43       4.02364101
   44       4.01475815
   45       4.02332760
   46       3.97956664
   47       3.99087387
   48       3.99023664
   49       4.00505045
   50       4.00199880
   51       4.00768075
   52       3.98896561
   53       4.01050939
   54       4.00615864
   55       3.99779621
   56       4.01422692
   57       3.98386190
   58       3.99930777
   59       4.00055344
   60       3.98721310
   61       3.97409110
   62       4.00999968
   63       3.97999890
   64       4.00486953

l-shell populations (up)
 Atom Sh.   l       Population
    1   1   0       1.37257038
    1   2   1       2.49970285
    1   3   2       0.15128632
    2   1   0       1.32688339
    2   2   1       2.47658888
    2   3   2       0.18238532
    3   1   0       1.39298758
    3   2   1       2.49890248
    3   3   2       0.14017149
    4   1   0       1.34092166
    4   2   1       2.47932849
    4   3   2       0.16604656
    5   1   0       1.33826338
    5   2   1       2.48422348
    5   3   2       0.16478575
    6   1   0       1.35888065
    6   2   1       2.46995082
    6   3   2       0.16577172
    7   1   0       1.34042565
    7   2   1       2.47283671
    7   3   2       0.17205588
    8   1   0       1.35920799
    8   2   1       2.48283212
    8   3   2       0.15280738
    9   1   0       1.36455064
    9   2   1       2.50051972
    9   3   2       0.15195082
   10   1   0       1.35850968
   10   2   1       2.48218943
   10   3   2       0.15709794
   11   1   0       1.35926233
   11   2   1       2.49094231
   11   3   2       0.16156630
   12   1   0       1.35366030
   12   2   1       2.47881014
   12   3   2       0.15774033
   13   1   0       1.37570020
   13   2   1       2.47984012
   13   3   2       0.15184142
   14   1   0       1.34580085
   14   2   1       2.48270506
   14   3   2       0.16065915
   15   1   0       1.37586328
   15   2   1       2.49794792
   15   3   2       0.13771495
   16   1   0       1.34761353
   16   2   1       2.47009568
   16   3   2       0.16621850
   17   1   0       1.36729019
   17   2   1       2.46873819
   17   3   2       0.16008406
   18   1   0       1.35606931
   18   2   1       2.47653763
   18   3   2       0.16633163
   19   1   0       1.34568322
   19   2   1       2.48616161
   19   3   2       0.15967154
   20   1   0       1.35266823
   20   2   1       2.48180708
   20   3   2       0.16333544
   21   1   0       1.37203216
   21   2   1       2.48623521
   21   3   2       0.14859003
   22   1   0       1.37733835
   22   2   1       2.48432362
   22   3   2       0.15010802
   23   1   0       1.38366636
   23   2   1       2.48443471
   23   3   2       0.15048390
   24   1   0       1.40049235
   24   2   1       2.48377124
   24   3   2       0.13540176
   25   1   0       1.32170512
   25   2   1       2.48141293
   25   3   2       0.17387765
   26   1   0       1.37299316
   26   2   1       2.48606759
   26   3   2       0.14779456
   27   1   0       1.34424467
   27   2   1       2.47668782
   27   3   2       0.16408575
   28   1   0       1.34256961
   28   2   1       2.49252990
   28   3   2       0.16105949
   29   1   0       1.36115034
   29   2   1       2.48267703
   29   3   2       0.15587706
   30   1   0       1.34760010
   30   2   1       2.48517796
   30   3   2       0.15708574
   31   1   0       1.36012306
   31   2   1       2.50234533
   31   3   2       0.14425286
   32   1   0       1.34294464
   32   2   1       2.48726006
   32   3   2       0.16397361
   33   1   0       1.39796180
   33   2   1       2.49460736
   33   3   2       0.13577302
   34   1   0       1.37342038
   34   2   1       2.49472599
   34   3   2       0.14058076
   35   1   0       1.37077965
   35   2   1       2.49092443
   35   3   2       0.14781538
   36   1   0       1.33821146
   36   2   1       2.47946362
   36   3   2       0.17292521
   37   1   0       1.32930234
   37   2   1       2.48675247
   37   3   2       0.17347952
   38   1   0       1.36516081
   38   2   1       2.49042706
   38   3   2       0.14341250
   39   1   0       1.36454883
   39   2   1       2.49338399
   39   3   2       0.15656952
   40   1   0       1.33952043
   40   2   1       2.47771413
   40   3   2       0.16346791
   41   1   0       1.33758432
   41   2   1       2.48735392
   41   3   2       0.16650405
   42   1   0       1.35895034
   42   2   1       2.47807969
   42   3   2       0.16054358
   43   1   0       1.39079850
   43   2   1       2.49436090
   43   3   2       0.13848161
   44   1   0       1.38195215
   44   2   1       2.48948506
   44   3   2       0.14332094
   45   1   0       1.39479117
   45   2   1       2.48282624
   45   3   2       0.14571019
   46   1   0       1.33173654
   46   2   1       2.46791924
   46   3   2       0.17991087
   47   1   0       1.34081175
   47   2   1       2.47889320
   47   3   2       0.17116891
   48   1   0       1.34557625
   48   2   1       2.47739628
   48   3   2       0.16726412
   49   1   0       1.36706198
   49   2   1       2.48156150
   49   3   2       0.15642696
   50   1   0       1.36654846
   50   2   1       2.48759755
   50   3   2       0.14785279
   51   1   0       1.36431842
   51   2   1       2.48737384
   51   3   2       0.15598849
   52   1   0       1.34991105
   52   2   1       2.48362767
   52   3   2       0.15542690
   53   1   0       1.37951617
   53   2   1       2.47904357
   53   3   2       0.15194965
   54   1   0       1.37743692
   54   2   1       2.47551360
   54   3   2       0.15320812
   55   1   0       1.36516078
   55   2   1       2.47689748
   55   3   2       0.15573796
   56   1   0       1.36681500
   56   2   1       2.48700070
   56   3   2       0.16041121
   57   1   0       1.32831061
   57   2   1       2.48751763
   57   3   2       0.16803366
   58   1   0       1.36112302
   58   2   1       2.48361567
   58   3   2       0.15456908
   59   1   0       1.36092718
   59   2   1       2.48255646
   59   3   2       0.15706981
   60   1   0       1.34690407
   60   2   1       2.47711366
   60   3   2       0.16319537
   61   1   0       1.32895325
   61   2   1       2.47353016
   61   3   2       0.17160769
   62   1   0       1.36222473
   62   2   1       2.49275581
   62   3   2       0.15501914
   63   1   0       1.31685943
   63   2   1       2.48299389
   63   3   2       0.18014557
   64   1   0       1.35914032
   64   2   1       2.49019341
   64   3   2       0.15553580

Orbital populations (up)
 Atom Sh.   l   m       Population  Label
    1   1   0   0       1.37257038  s
    1   2   1  -1       0.83201989  p_y
    1   2   1   0       0.83259620  p_z
    1   2   1   1       0.83508676  p_x
    1   3   2  -2       0.03671486  d_xy
    1   3   2  -1       0.03771517  d_yz
    1   3   2   0       0.01806317  d_z2
    1   3   2   1       0.04051767  d_xz
    1   3   2   2       0.01827546  d_x2-y2
    2   1   0   0       1.32688339  s
    2   2   1  -1       0.82585301  p_y
    2   2   1   0       0.82567977  p_z
    2   2   1   1       0.82505611  p_x
    2   3   2  -2       0.04166169  d_xy
    2   3   2  -1       0.04535002  d_yz
    2   3   2   0       0.02328716  d_z2
    2   3   2   1       0.04666810  d_xz
    2   3   2   2       0.02541836  d_x2-y2
    3   1   0   0       1.39298758  s
    3   2   1  -1       0.82961472  p_y
    3   2   1   0       0.83566376  p_z
    3   2   1   1       0.83362399  p_x
    3   3   2  -2       0.03507871  d_xy
    3   3   2  -1       0.03725805  d_yz
    3   3   2   0       0.01635185  d_z2
    3   3   2   1       0.03451620  d_xz
    3   3   2   2       0.01696668  d_x2-y2
    4   1   0   0       1.34092166  s
    4   2   1  -1       0.82379149  p_y
    4   2   1   0       0.83257364  p_z
    4   2   1   1       0.82296336  p_x
    4   3   2  -2       0.04178817  d_xy
    4   3   2  -1       0.04041563  d_yz
    4   3   2   0       0.02038373  d_z2
    4   3   2   1       0.04164161  d_xz
    4   3   2   2       0.02181743  d_x2-y2
    5   1   0   0       1.33826338  s
    5   2   1  -1       0.82876857  p_y
    5   2   1   0       0.83073248  p_z
    5   2   1   1       0.82472243  p_x
    5   3   2  -2       0.04096388  d_xy
    5   3   2  -1       0.03796919  d_yz
    5   3   2   0       0.02069915  d_z2
    5   3   2   1       0.04332132  d_xz
    5   3   2   2       0.02183222  d_x2-y2
    6   1   0   0       1.35888065  s
    6   2   1  -1       0.82299568  p_y
    6   2   1   0       0.82359872  p_z
    6   2   1   1       0.82335642  p_x
    6   3   2  -2       0.04368072  d_xy
    6   3   2  -1       0.04117331  d_yz
    6   3   2   0       0.02362182  d_z2
    6   3   2   1       0.03762431  d_xz
    6   3   2   2       0.01967155  d_x2-y2
    7   1   0   0       1.34042565  s
    7   2   1  -1       0.82373735  p_y
    7   2   1   0       0.82486741  p_z
    7   2   1   1       0.82423195  p_x
    7   3   2  -2       0.03965525  d_xy
    7   3   2  -1       0.04012831  d_yz
    7   3   2   0       0.02263337  d_z2
    7   3   2   1       0.04664841  d_xz
    7   3   2   2       0.02299055  d_x2-y2
    8   1   0   0       1.35920799  s
    8   2   1  -1       0.82554969  p_y
    8   2   1   0       0.82873183  p_z
    8   2   1   1       0.82855061  p_x
    8   3   2  -2       0.04130800  d_xy
    8   3   2  -1       0.03480227  d_yz
    8   3   2   0       0.01915397  d_z2
    8   3   2   1       0.03940953  d_xz
    8   3   2   2       0.01813362  d_x2-y2
    9   1   0   0       1.36455064  s
    9   2   1  -1       0.83611681  p_y
    9   2   1   0       0.83321229  p_z
    9   2   1   1       0.83119062  p_x
    9   3   2  -2       0.04120624  d_xy
    9   3   2  -1       0.03775394  d_yz
    9   3   2   0       0.01778326  d_z2
    9   3   2   1       0.03608469  d_xz
    9   3   2   2       0.01912270  d_x2-y2
   10   1   0   0       1.35850968  s
   10   2   1  -1       0.82729358  p_y
   10   2   1   0       0.82738920  p_z
   10   2   1   1       0.82750666  p_x
   10   3   2  -2       0.04032311  d_xy
   10   3   2  -1       0.04124040  d_yz
   10   3   2   0       0.01977068  d_z2
   10   3   2   1       0.03662647  d_xz
   10   3   2   2       0.01913728  d_x2-y2
   11   1   0   0       1.35926233  s
   11   2   1  -1       0.82879574  p_y
   11   2   1   0       0.83355648  p_z
   11   2   1   1       0.82859008  p_x
   11   3   2  -2       0.04268836  d_xy
   11   3   2  -1       0.04031045  d_yz
   11   3   2   0       0.01868543  d_z2
   11   3   2   1       0.03851151  d_xz
   11   3   2   2       0.02137055  d_x2-y2
   12   1   0   0       1.35366030  s
   12   2   1  -1       0.82775021  p_y
   12   2   1   0       0.82787779  p_z
   12   2   1   1       0.82318214  p_x
   12   3   2  -2       0.04197682  d_xy
   12   3   2  -1       0.03763892  d_yz
   12   3   2   0       0.02024810  d_z2
   12   3   2   1       0.03845659  d_xz
   12   3   2   2       0.01941990  d_x2-y2
   13   1   0   0       1.37570020  s
   13   2   1  -1       0.81837943  p_y
   13   2   1   0       0.82940074  p_z
   13   2   1   1       0.83205996  p_x
   13   3   2  -2       0.03807503  d_xy
   13   3   2  -1       0.03982671  d_yz
   13   3   2   0       0.01795954  d_z2
   13   3   2   1       0.03561578  d_xz
   13   3   2   2       0.02036435  d_x2-y2
   14   1   0   0       1.34580085  s
   14   2   1  -1       0.82911235  p_y
   14   2   1   0       0.82846520  p_z
   14   2   1   1       0.82512752  p_x
   14   3   2  -2       0.04072408  d_xy
   14   3   2  -1       0.03751364  d_yz
   14   3   2   0       0.02082575  d_z2
   14   3   2   1       0.04242002  d_xz
   14   3   2   2       0.01917566  d_x2-y2
   15   1   0   0       1.37586328  s
   15   2   1  -1       0.83366543  p_y
   15   2   1   0       0.83143150  p_z
   15   2   1   1       0.83285099  p_x
   15   3   2  -2       0.03772939  d_xy
   15   3   2  -1       0.03530129  d_yz
   15   3   2   0       0.01648269  d_z2
   15   3   2   1       0.03301297  d_xz
   15   3   2   2       0.01518861  d_x2-y2
   16   1   0   0       1.34761353  s
   16   2   1  -1       0.82223768  p_y
   16   2   1   0       0.82396339  p_z
   16   2   1   1       0.82389460  p_x
   16   3   2  -2       0.03990988  d_xy
   16   3   2  -1       0.04338967  d_yz
   16   3   2   0       0.02217526  d_z2
   16   3   2   1       0.03975484  d_xz
   16   3   2   2       0.02098884  d_x2-y2
   17   1   0   0       1.36729019  s
   17   2   1  -1       0.82284466  p_y
   17   2   1   0       0.82067661  p_z
   17   2   1   1       0.82521692  p_x
   17   3   2  -2       0.03829388  d_xy
   17   3   2  -1       0.04071917  d_yz
   17   3   2   0       0.02047328  d_z2
   17   3   2   1       0.04158088  d_xz
   17   3   2   2       0.01901684  d_x2-y2
   18   1   0   0       1.35606931  s
   18   2   1  -1       0.81970694  p_y
   18   2   1   0       0.82614394  p_z
   18   2   1   1       0.83068675  p_x
   18   3   2  -2       0.04296973  d_xy
   18   3   2  -1       0.04473253  d_yz
   18   3   2   0       0.02150256  d_z2
   18   3   2   1       0.03662014  d_xz
   18   3   2   2       0.02050667  d_x2-y2
   19   1   0   0       1.34568322  s
   19   2   1  -1       0.83089217  p_y
   19   2   1   0       0.82357222  p_z
   19   2   1   1       0.83169722  p_x
   19   3   2  -2       0.03862513  d_xy
   19   3   2  -1       0.03954344  d_yz
   19   3   2   0       0.02112304  d_z2
   19   3   2   1       0.04126063  d_xz
   19   3   2   2       0.01911930  d_x2-y2
   20   1   0   0       1.35266823  s
   20   2   1  -1       0.82815038  p_y
   20   2   1   0       0.82816947  p_z
   20   2   1   1       0.82548723  p_x
   20   3   2  -2       0.04339804  d_xy
   20   3   2  -1       0.03675896  d_yz
   20   3   2   0       0.02274057  d_z2
   20   3   2   1       0.04130926  d_xz
   20   3   2   2       0.01912861  d_x2-y2
   21   1   0   0       1.37203216  s
   21   2   1  -1       0.82815626  p_y
   21   2   1   0       0.82983364  p_z
   21   2   1   1       0.82824532  p_x
   21   3   2  -2       0.03787273  d_xy
   21   3   2  -1       0.03560267  d_yz
   21   3   2   0       0.01728666  d_z2
   21   3   2   1       0.03946946  d_xz
   21   3   2   2       0.01835852  d_x2-y2
   22   1   0   0       1.37733835  s
   22   2   1  -1       0.82690482  p_y
   22   2   1   0       0.82761602  p_z
   22   2   1   1       0.82980278  p_x
   22   3   2  -2       0.03823438  d_xy
   22   3   2  -1       0.03376384  d_yz
   22   3   2   0       0.01716019  d_z2
   22   3   2   1       0.04184324  d_xz
   22   3   2   2       0.01910637  d_x2-y2
   23   1   0   0       1.38366636  s
   23   2   1  -1       0.82977443  p_y
   23   2   1   0       0.82921118  p_z
   23   2   1   1       0.82544909  p_x
   23   3   2  -2       0.03339098  d_xy
   23   3   2  -1       0.03862369  d_yz
   23   3   2   0       0.01677593  d_z2
   23   3   2   1       0.04211848  d_xz
   23   3   2   2       0.01957483  d_x2-y2
   24   1   0   0       1.40049235  s
   24   2   1  -1       0.83152315  p_y
   24   2   1   0       0.82630658  p_z
   24   2   1   1       0.82594151  p_x
   24   3   2  -2       0.03238607  d_xy
   24   3   2  -1       0.03722852  d_yz
   24   3   2   0       0.01555202  d_z2
   24   3   2   1       0.03491638  d_xz
   24   3   2   2       0.01531877  d_x2-y2
   25   1   0   0       1.32170512  s
   25   2   1  -1       0.82956256  p_y
   25   2   1   0       0.82698991  p_z
   25   2   1   1       0.82486046  p_x
   25   3   2  -2       0.04353502  d_xy
   25   3   2  -1       0.04413722  d_yz
   25   3   2   0       0.02181748  d_z2
   25   3   2   1       0.04038557  d_xz
   25   3   2   2       0.02400235  d_x2-y2
   26   1   0   0       1.37299316  s
   26   2   1  -1       0.82918103  p_y
   26   2   1   0       0.82786259  p_z
   26   2   1   1       0.82902397  p_x
   26   3   2  -2       0.03550329  d_xy
   26   3   2  -1       0.03864537  d_yz
   26   3   2   0       0.01747282  d_z2
   26   3   2   1       0.03866325  d_xz
   26   3   2   2       0.01750983  d_x2-y2
   27   1   0   0       1.34424467  s
   27   2   1  -1       0.82699182  p_y
   27   2   1   0       0.82255293  p_z
   27   2   1   1       0.82714307  p_x
   27   3   2  -2       0.03797080  d_xy
   27   3   2  -1       0.04331183  d_yz
   27   3   2   0       0.02131470  d_z2
   27   3   2   1       0.04127922  d_xz
   27   3   2   2       0.02020921  d_x2-y2
   28   1   0   0       1.34256961  s
   28   2   1  -1       0.82965096  p_y
   28   2   1   0       0.83142403  p_z
   28   2   1   1       0.83145490  p_x
   28   3   2  -2       0.03925216  d_xy
   28   3   2  -1       0.04177098  d_yz
   28   3   2   0       0.02050825  d_z2
   28   3   2   1       0.03954155  d_xz
   28   3   2   2       0.01998655  d_x2-y2
   29   1   0   0       1.36115034  s
   29   2   1  -1       0.83076077  p_y
   29   2   1   0       0.82670404  p_z
   29   2   1   1       0.82521221  p_x
   29   3   2  -2       0.04121669  d_xy
   29   3   2  -1       0.04008111  d_yz
   29   3   2   0       0.02265606  d_z2
   29   3   2   1       0.03501715  d_xz
   29   3   2   2       0.01690605  d_x2-y2
   30   1   0   0       1.34760010  s
   30   2   1  -1       0.83260026  p_y
   30   2   1   0       0.82641727  p_z
   30   2   1   1       0.82616043  p_x
   30   3   2  -2       0.03918316  d_xy
   30   3   2  -1       0.04059312  d_yz
   30   3   2   0       0.02025880  d_z2
   30   3   2   1       0.03707860  d_xz
   30   3   2   2       0.01997206  d_x2-y2
   31   1   0   0       1.36012306  s
   31   2   1  -1       0.83647592  p_y
   31   2   1   0       0.83315576  p_z
   31   2   1   1       0.83271364  p_x
   31   3   2  -2       0.03800453  d_xy
   31   3   2  -1       0.03645740  d_yz
   31   3   2   0       0.01733987  d_z2
   31   3   2   1       0.03587760  d_xz
   31   3   2   2       0.01657346  d_x2-y2
   32   1   0   0       1.34294464  s
   32   2   1  -1       0.82749574  p_y
   32   2   1   0       0.82827426  p_z
   32   2   1   1       0.83149005  p_x
   32   3   2  -2       0.04092458  d_xy
   32   3   2  -1       0.03740119  d_yz
   32   3   2   0       0.02183572  d_z2
   32   3   2   1       0.04241793  d_xz
   32   3   2   2       0.02139418  d_x2-y2
   33   1   0   0       1.39796180  s
   33   2   1  -1       0.83303820  p_y
   33   2   1   0       0.82943674  p_z
   33   2   1   1       0.83213242  p_x
   33   3   2  -2       0.03460089  d_xy
   33   3   2  -1       0.03603336  d_yz
   33   3   2   0       0.01591398  d_z2
   33   3   2   1       0.03338215  d_xz
   33   3   2   2       0.01584265  d_x2-y2
   34   1   0   0       1.37342038  s
   34   2   1  -1       0.83518555  p_y
   34   2   1   0       0.82901045  p_z
   34   2   1   1       0.83052998  p_x
   34   3   2  -2       0.03538660  d_xy
   34   3   2  -1       0.03543587  d_yz
   34   3   2   0       0.01676163  d_z2
   34   3   2   1       0.03736016  d_xz
   34   3   2   2       0.01563651  d_x2-y2
   35   1   0   0       1.37077965  s
   35   2   1  -1       0.82515641  p_y
   35   2   1   0       0.82966400  p_z
   35   2   1   1       0.83610402  p_x
   35   3   2  -2       0.03695108  d_xy
   35   3   2  -1       0.03664264  d_yz
   35   3   2   0       0.01657304  d_z2
   35   3   2   1       0.03889371  d_xz
   35   3   2   2       0.01875491  d_x2-y2
   36   1   0   0       1.33821146  s
   36   2   1  -1       0.83276290  p_y
   36   2   1   0       0.81644708  p_z
   36   2   1   1       0.83025364  p_x
   36   3   2  -2       0.03785208  d_xy
   36   3   2  -1       0.04440085  d_yz
   36   3   2   0       0.02417599  d_z2
   36   3   2   1       0.04626136  d_xz
   36   3   2   2       0.02023495  d_x2-y2
   37   1   0   0       1.32930234  s
   37   2   1  -1       0.83087795  p_y
   37   2   1   0       0.82632453  p_z
   37   2   1   1       0.82954999  p_x
   37   3   2  -2       0.04111844  d_xy
   37   3   2  -1       0.04252329  d_yz
   37   3   2   0       0.02234834  d_z2
   37   3   2   1       0.04463870  d_xz
   37   3   2   2       0.02285075  d_x2-y2
   38   1   0   0       1.36516081  s
   38   2   1  -1       0.83432792  p_y
   38   2   1   0       0.82519067  p_z
   38   2   1   1       0.83090846  p_x
   38   3   2  -2       0.03181160  d_xy
   38   3   2  -1       0.03982332  d_yz
   38   3   2   0       0.01785480  d_z2
   38   3   2   1       0.03691196  d_xz
   38   3   2   2       0.01701082  d_x2-y2
   39   1   0   0       1.36454883  s
   39   2   1  -1       0.82619849  p_y
   39   2   1   0       0.83476771  p_z
   39   2   1   1       0.83241780  p_x
   39   3   2  -2       0.03938325  d_xy
   39   3   2  -1       0.04065308  d_yz
   39   3   2   0       0.01801898  d_z2
   39   3   2   1       0.03629156  d_xz
   39   3   2   2       0.02222265  d_x2-y2
   40   1   0   0       1.33952043  s
   40   2   1  -1       0.82663003  p_y
   40   2   1   0       0.82322172  p_z
   40   2   1   1       0.82786238  p_x
   40   3   2  -2       0.04127022  d_xy
   40   3   2  -1       0.04051945  d_yz
   40   3   2   0       0.02357819  d_z2
   40   3   2   1       0.03947788  d_xz
   40   3   2   2       0.01862218  d_x2-y2
   41   1   0   0       1.33758432  s
   41   2   1  -1       0.83222285  p_y
   41   2   1   0       0.83306297  p_z
   41   2   1   1       0.82206811  p_x
   41   3   2  -2       0.04269457  d_xy
   41   3   2  -1       0.03754489  d_yz
   41   3   2   0       0.02089456  d_z2
   41   3   2   1       0.04258622  d_xz
   41   3   2   2       0.02278381  d_x2-y2
   42   1   0   0       1.35895034  s
   42   2   1  -1       0.82369872  p_y
   42   2   1   0       0.82796785  p_z
   42   2   1   1       0.82641312  p_x
   42   3   2  -2       0.04240349  d_xy
   42   3   2  -1       0.03878953  d_yz
   42   3   2   0       0.02029829  d_z2
   42   3   2   1       0.03822124  d_xz
   42   3   2   2       0.02083102  d_x2-y2
   43   1   0   0       1.39079850  s
   43   2   1  -1       0.83360698  p_y
   43   2   1   0       0.83049140  p_z
   43   2   1   1       0.83026252  p_x
   43   3   2  -2       0.03361696  d_xy
   43   3   2  -1       0.03842063  d_yz
   43   3   2   0       0.01552672  d_z2
   43   3   2   1       0.03420866  d_xz
   43   3   2   2       0.01670863  d_x2-y2
   44   1   0   0       1.38195215  s
   44   2   1  -1       0.83158690  p_y
   44   2   1   0       0.83047008  p_z
   44   2   1   1       0.82742808  p_x
   44   3   2  -2       0.03613249  d_xy
   44   3   2  -1       0.03745744  d_yz
   44   3   2   0       0.01615870  d_z2
   44   3   2   1       0.03588734  d_xz
   44   3   2   2       0.01768497  d_x2-y2
   45   1   0   0       1.39479117  s
   45   2   1  -1       0.82693124  p_y
   45   2   1   0       0.82712852  p_z
   45   2   1   1       0.82876649  p_x
   45   3   2  -2       0.03592791  d_xy
   45   3   2  -1       0.03784240  d_yz
   45   3   2   0       0.01688705  d_z2
   45   3   2   1       0.03771767  d_xz
   45   3   2   2       0.01733516  d_x2-y2
   46   1   0   0       1.33173654  s
   46   2   1  -1       0.82377628  p_y
   46   2   1   0       0.81635893  p_z
   46   2   1   1       0.82778402  p_x
   46   3   2  -2       0.03971206  d_xy
   46   3   2  -1       0.04560586  d_yz
   46   3   2   0       0.02464425  d_z2
   46   3   2   1       0.04652439  d_xz
   46   3   2   2       0.02342431  d_x2-y2
   47   1   0   0       1.34081175  s
   47   2   1  -1       0.82761618  p_y
   47   2   1   0       0.82203530  p_z
   47   2   1   1       0.82924173  p_x
   47   3   2  -2       0.04136171  d_xy
   47   3   2  -1       0.04081851  d_yz
   47   3   2   0       0.02252370  d_z2
   47   3   2   1       0.04490788  d_xz
   47   3   2   2       0.02155711  d_x2-y2
   48   1   0   0       1.34557625  s
   48   2   1  -1       0.82447933  p_y
   48   2   1   0       0.82838028  p_z
   48   2   1   1       0.82453666  p_x
   48   3   2  -2       0.04648505  d_xy
   48   3   2  -1       0.03627558  d_yz
   48   3   2   0       0.02189487  d_z2
   48   3   2   1       0.04050967  d_xz
   48   3   2   2       0.02209896  d_x2-y2
   49   1   0   0       1.36706198  s
   49   2   1  -1       0.82612063  p_y
   49   2   1   0       0.82936370  p_z
   49   2   1   1       0.82607717  p_x
   49   3   2  -2       0.03726736  d_xy
   49   3   2  -1       0.03728015  d_yz
   49   3   2   0       0.01829350  d_z2
   49   3   2   1       0.04397195  d_xz
   49   3   2   2       0.01961400  d_x2-y2
   50   1   0   0       1.36654846  s
   50   2   1  -1       0.82458200  p_y
   50   2   1   0       0.83397276  p_z
   50   2   1   1       0.82904279  p_x
   50   3   2  -2       0.04025040  d_xy
   50   3   2  -1       0.03760214  d_yz
   50   3   2   0       0.01692409  d_z2
   50   3   2   1       0.03480631  d_xz
   50   3   2   2       0.01826986  d_x2-y2
   51   1   0   0       1.36431842  s
   51   2   1  -1       0.82980244  p_y
   51   2   1   0       0.82961034  p_z
   51   2   1   1       0.82796107  p_x
   51   3   2  -2       0.03936903  d_xy
   51   3   2  -1       0.04071604  d_yz
   51   3   2   0       0.01841783  d_z2
   51   3   2   1       0.03793754  d_xz
   51   3   2   2       0.01954806  d_x2-y2
   52   1   0   0       1.34991105  s
   52   2   1  -1       0.82828274  p_y
   52   2   1   0       0.83065640  p_z
   52   2   1   1       0.82468852  p_x
   52   3   2  -2       0.04026564  d_xy
   52   3   2  -1       0.03972324  d_yz
   52   3   2   0       0.01913456  d_z2
   52   3   2   1       0.03666198  d_xz
   52   3   2   2       0.01964148  d_x2-y2
   53   1   0   0       1.37951617  s
   53   2   1  -1       0.82812291  p_y
   53   2   1   0       0.82740956  p_z
   53   2   1   1       0.82351110  p_x
   53   3   2  -2       0.03833155  d_xy
   53   3   2  -1       0.03554335  d_yz
   53   3   2   0       0.01754395  d_z2
   53   3   2   1       0.04159392  d_xz
   53   3   2   2       0.01893688  d_x2-y2
   54   1   0   0       1.37743692  s
   54   2   1  -1       0.83200054  p_y
   54   2   1   0       0.82624901  p_z
   54   2   1   1       0.81726405  p_x
   54   3   2  -2       0.04194984  d_xy
   54   3   2  -1       0.03562141  d_yz
   54   3   2   0       0.01939931  d_z2
   54   3   2   1       0.03837366  d_xz
   54   3   2   2       0.01786390  d_x2-y2
   55   1   0   0       1.36516078  s
   55   2   1  -1       0.82574762  p_y
   55   2   1   0       0.82599757  p_z
   55   2   1   1       0.82515229  p_x
   55   3   2  -2       0.03666485  d_xy
   55   3   2  -1       0.04001979  d_yz
   55   3   2   0       0.01834987  d_z2
   55   3   2   1       0.04078997  d_xz
   55   3   2   2       0.01991348  d_x2-y2
   56   1   0   0       1.36681500  s
   56   2   1  -1       0.82813583  p_y
   56   2   1   0       0.83022374  p_z
   56   2   1   1       0.82864113  p_x
   56   3   2  -2       0.04197207  d_xy
   56   3   2  -1       0.03856717  d_yz
   56   3   2   0       0.02087638  d_z2
   56   3   2   1       0.03942116  d_xz
   56   3   2   2       0.01957445  d_x2-y2
   57   1   0   0       1.32831061  s
   57   2   1  -1       0.82585931  p_y
   57   2   1   0       0.83243606  p_z
   57   2   1   1       0.82922226  p_x
   57   3   2  -2       0.04449523  d_xy
   57   3   2  -1       0.04478468  d_yz
   57   3   2   0       0.02250444  d_z2
   57   3   2   1       0.03520399  d_xz
   57   3   2   2       0.02104531  d_x2-y2
   58   1   0   0       1.36112302  s
   58   2   1  -1       0.82883386  p_y
   58   2   1   0       0.82790042  p_z
   58   2   1   1       0.82688139  p_x
   58   3   2  -2       0.03891966  d_xy
   58   3   2  -1       0.03622619  d_yz
   58   3   2   0       0.01952222  d_z2
   58   3   2   1       0.04142866  d_xz
   58   3   2   2       0.01847234  d_x2-y2
   59   1   0   0       1.36092718  s
   59   2   1  -1       0.83140475  p_y
   59   2   1   0       0.82580702  p_z
   59   2   1   1       0.82534469  p_x
   59   3   2  -2       0.04036549  d_xy
   59   3   2  -1       0.03647575  d_yz
   59   3   2   0       0.02055757  d_z2
   59   3   2   1       0.04154384  d_xz
   59   3   2   2       0.01812715  d_x2-y2
   60   1   0   0       1.34690407  s
   60   2   1  -1       0.82271679  p_y
   60   2   1   0       0.82540879  p_z
   60   2   1   1       0.82898807  p_x
   60   3   2  -2       0.04016397  d_xy
   60   3   2  -1       0.04074206  d_yz
   60   3   2   0       0.02131433  d_z2
   60   3   2   1       0.04058038  d_xz
   60   3   2   2       0.02039464  d_x2-y2
   61   1   0   0       1.32895325  s
   61   2   1  -1       0.82847249  p_y
   61   2   1   0       0.82059270  p_z
   61   2   1   1       0.82446497  p_x
   61   3   2  -2       0.04456061  d_xy
   61   3   2  -1       0.03871144  d_yz
   61   3   2   0       0.02446664  d_z2
   61   3   2   1       0.04079336  d_xz
   61   3   2   2       0.02307563  d_x2-y2
   62   1   0   0       1.36222473  s
   62   2   1  -1       0.82566880  p_y
   62   2   1   0       0.83359587  p_z
   62   2   1   1       0.83349114  p_x
   62   3   2  -2       0.03659419  d_xy
   62   3   2  -1       0.04260410  d_yz
   62   3   2   0       0.01820568  d_z2
   62   3   2   1       0.03790537  d_xz
   62   3   2   2       0.01970979  d_x2-y2
   63   1   0   0       1.31685943  s
   63   2   1  -1       0.82088495  p_y
   63   2   1   0       0.83336642  p_z
   63   2   1   1       0.82874253  p_x
   63   3   2  -2       0.04599841  d_xy
   63   3   2  -1       0.04765414  d_yz
   63   3   2   0       0.02247338  d_z2
   63   3   2   1       0.03833952  d_xz
   63   3   2   2       0.02568013  d_x2-y2
   64   1   0   0       1.35914032  s
   64   2   1  -1       0.82716831  p_y
   64   2   1   0       0.83178417  p_z
   64   2   1   1       0.83124092  p_x
   64   3   2  -2       0.03748346  d_xy
   64   3   2  -1       0.03850707  d_yz
   64   3   2   0       0.01981734  d_z2
   64   3   2   1       0.03963383  d_xz
   64   3   2   2       0.02009410  d_x2-y2

Fermi level:                        -0.1335454069 H           -3.6340 eV
Band energy:                       -88.1857141280 H        -2399.6554 eV
TS:                                  0.0000000000 H            0.0000 eV
Band free energy (E-TS):           -88.1857141280 H        -2399.6554 eV
Extrapolated E(0K):                -88.1857141280 H        -2399.6554 eV
Input / Output electrons (q):    256.0000000000    256.0000000000

Energy H0:                         -88.1687677321 H        -2399.1942 eV
Energy SCC:                          0.0005800357 H            0.0158 eV
Total Electronic energy:           -88.1681876964 H        -2399.1785 eV
Repulsive energy:                    0.0000000000 H            0.0000 eV
Total energy:                      -88.1681876964 H        -2399.1785 eV
Extrapolated to 0:                 -88.1681876964 H        -2399.1785 eV
Total Mermin free energy:          -88.1681876964 H        -2399.1785 eV
Force related energy:              -88.1681876964 H        -2399.1785 eV

Non-constrained calculation

SCC converged

Warning: dipole moment is not defined absolutely!
Dipole moment:    0.50566364    0.48198107    0.18541639 au
Dipole moment:    1.28526888    1.22507378    0.47128150 Debye


