 Fermi distribution function

Calculation with static geometry


********************************************************************************
 iSCC Total electronic   Diff electronic      SCC error    
   10   -0.88162756E+02   -0.61120886E-10    0.35722832E-05
********************************************************************************

 Total charge:    -0.00000000

 Atomic gross charges (e)
 Atom           Charge
    1       0.00156676
    2      -0.00247328
    3      -0.00240850
    4      -0.01901482
    5      -0.00513273
    6       0.01281570
    7      -0.00880165
    8       0.01869481
    9       0.01453052
   10      -0.02148575
   11       0.00615171
   12      -0.00158863
   13      -0.00912042
   14       0.00399340
   15      -0.01238457
   16      -0.00927909
   17       0.00905766
   18      -0.00983951
   19       0.01272065
   20      -0.01379233
   21       0.01801747
   22      -0.02442471
   23       0.01950137
   24      -0.05547235
   25      -0.00306522
   26       0.00730582
   27      -0.00587362
   28       0.01489627
   29       0.00950242
   30       0.01236662
   31       0.00910783
   32       0.00853353
   33      -0.00189974
   34       0.00904794
   35      -0.00453550
   36       0.00454358
   37       0.00197388
   38      -0.00807292
   39      -0.00015256
   40       0.00239783
   41       0.00373580
   42       0.01762675
   43      -0.02144211
   44       0.01831156
   45       0.01270497
   46      -0.01493158
   47       0.00854295
   48       0.00257908
   49       0.01497469
   50      -0.02955645
   51       0.01984101
   52      -0.00395352
   53       0.00624883
   54      -0.02580422
   55      -0.01963577
   56      -0.01134491
   57       0.02877229
   58       0.00646661
   59       0.01157380
   60      -0.01019144
   61      -0.00625215
   62       0.01811654
   63       0.00212566
   64      -0.00641626

Nr. of electrons (up):    256.00000000
Atom populations (up)
 Atom       Population
    1       3.99843324
    2       4.00247328
    3       4.00240850
    4       4.01901482
    5       4.00513273
    6       3.98718430
    7       4.00880165
    8       3.98130519
    9       3.98546948
   10       4.02148575
   11       3.99384829
   12       4.00158863
   13       4.00912042
   14       3.99600660
   15       4.01238457
   16       4.00927909
   17       3.99094234
   18       4.00983951
   19       3.98727935
   20       4.01379233
   21       3.98198253
   22       4.02442471
   23       3.98049863
   24       4.05547235
   25       4.00306522
   26       3.99269418
   27       4.00587362
   28       3.98510373
   29       3.99049758
   30       3.98763338
   31       3.99089217
   32       3.99146647
   33       4.00189974
   34       3.99095206
   35       4.00453550
   36       3.99545642
   37       3.99802612
   38       4.00807292
   39       4.00015256
   40       3.99760217
   41       3.99626420
   42       3.98237325
   43       4.02144211
   44       3.98168844
   45       3.98729503
   46       4.01493158
   47       3.99145705
   48       3.99742092
   49       3.98502531
   50       4.02955645
   51       3.98015899
   52       4.00395352
   53       3.99375117
   54       4.02580422
   55       4.01963577
   56       4.01134491
   57       3.97122771
   58       3.99353339
   59       3.98842620
   60       4.01019144
   61       4.00625215
   62       3.98188346
   63       3.99787434
   64       4.00641626

l-shell populations (up)
 Atom Sh.   l       Population
    1   1   0       1.35987710
    1   2   1       2.48600737
    1   3   2       0.15254877
    2   1   0       1.34868825
    2   2   1       2.49070846
    2   3   2       0.16307656
    3   1   0       1.37267969
    3   2   1       2.48449196
    3   3   2       0.14523685
    4   1   0       1.38467834
    4   2   1       2.49249461
    4   3   2       0.14184187
    5   1   0       1.35311405
    5   2   1       2.49270727
    5   3   2       0.15931141
    6   1   0       1.34426127
    6   2   1       2.47245945
    6   3   2       0.17046357
    7   1   0       1.36790981
    7   2   1       2.47987418
    7   3   2       0.16101765
    8   1   0       1.33295245
    8   2   1       2.47746348
    8   3   2       0.17088926
    9   1   0       1.33926013
    9   2   1       2.48820800
    9   3   2       0.15800135
   10   1   0       1.39044242
   10   2   1       2.48758970
   10   3   2       0.14345362
   11   1   0       1.35723747
   11   2   1       2.47686423
   11   3   2       0.15974660
   12   1   0       1.35996845
   12   2   1       2.49154116
   12   3   2       0.15007902
   13   1   0       1.35651539
   13   2   1       2.48713193
   13   3   2       0.16547310
   14   1   0       1.35698560
   14   2   1       2.48191464
   14   3   2       0.15710635
   15   1   0       1.37045087
   15   2   1       2.49596584
   15   3   2       0.14596786
   16   1   0       1.36818863
   16   2   1       2.48935215
   16   3   2       0.15173832
   17   1   0       1.34062862
   17   2   1       2.47482196
   17   3   2       0.17549176
   18   1   0       1.37082373
   18   2   1       2.48704901
   18   3   2       0.15196678
   19   1   0       1.34118568
   19   2   1       2.48227952
   19   3   2       0.16381414
   20   1   0       1.39603418
   20   2   1       2.48041583
   20   3   2       0.13734232
   21   1   0       1.33264671
   21   2   1       2.47652298
   21   3   2       0.17281284
   22   1   0       1.38523748
   22   2   1       2.49231109
   22   3   2       0.14687615
   23   1   0       1.33454857
   23   2   1       2.46656450
   23   3   2       0.17938556
   24   1   0       1.42302583
   24   2   1       2.50321177
   24   3   2       0.12923475
   25   1   0       1.36717427
   25   2   1       2.49061136
   25   3   2       0.14527959
   26   1   0       1.33759065
   26   2   1       2.49184996
   26   3   2       0.16325357
   27   1   0       1.37909233
   27   2   1       2.47979787
   27   3   2       0.14698342
   28   1   0       1.33018251
   28   2   1       2.48609788
   28   3   2       0.16882333
   29   1   0       1.34923741
   29   2   1       2.48293428
   29   3   2       0.15832590
   30   1   0       1.34057176
   30   2   1       2.47856992
   30   3   2       0.16849170
   31   1   0       1.35341675
   31   2   1       2.48076416
   31   3   2       0.15671126
   32   1   0       1.32604819
   32   2   1       2.48186768
   32   3   2       0.18355060
   33   1   0       1.35657437
   33   2   1       2.48067514
   33   3   2       0.16465024
   34   1   0       1.34423655
   34   2   1       2.48723127
   34   3   2       0.15948424
   35   1   0       1.34741782
   35   2   1       2.48927874
   35   3   2       0.16783895
   36   1   0       1.35809731
   36   2   1       2.47786097
   36   3   2       0.15949814
   37   1   0       1.36055768
   37   2   1       2.48538406
   37   3   2       0.15208438
   38   1   0       1.36157097
   38   2   1       2.50004034
   38   3   2       0.14646161
   39   1   0       1.36070668
   39   2   1       2.47851026
   39   3   2       0.16093562
   40   1   0       1.35183030
   40   2   1       2.48512510
   40   3   2       0.16064676
   41   1   0       1.35188698
   41   2   1       2.48938292
   41   3   2       0.15499430
   42   1   0       1.34143873
   42   2   1       2.46631466
   42   3   2       0.17461986
   43   1   0       1.39220215
   43   2   1       2.48681383
   43   3   2       0.14242613
   44   1   0       1.33508861
   44   2   1       2.47939258
   44   3   2       0.16720726
   45   1   0       1.35305912
   45   2   1       2.48072273
   45   3   2       0.15351318
   46   1   0       1.37904053
   46   2   1       2.47962687
   46   3   2       0.15626419
   47   1   0       1.35935214
   47   2   1       2.47909403
   47   3   2       0.15301088
   48   1   0       1.34709921
   48   2   1       2.47905705
   48   3   2       0.17126466
   49   1   0       1.35178824
   49   2   1       2.47084370
   49   3   2       0.16239337
   50   1   0       1.39941845
   50   2   1       2.49851773
   50   3   2       0.13162027
   51   1   0       1.33602128
   51   2   1       2.47379828
   51   3   2       0.17033943
   52   1   0       1.35063701
   52   2   1       2.49038959
   52   3   2       0.16292691
   53   1   0       1.35314793
   53   2   1       2.47851444
   53   3   2       0.16208880
   54   1   0       1.40013367
   54   2   1       2.48823202
   54   3   2       0.13743853
   55   1   0       1.38039381
   55   2   1       2.49554731
   55   3   2       0.14369465
   56   1   0       1.37503995
   56   2   1       2.48388610
   56   3   2       0.15241886
   57   1   0       1.32178361
   57   2   1       2.48140153
   57   3   2       0.16804257
   58   1   0       1.33940273
   58   2   1       2.47665868
   58   3   2       0.17747198
   59   1   0       1.36034066
   59   2   1       2.47761793
   59   3   2       0.15046761
   60   1   0       1.36512066
   60   2   1       2.48495917
   60   3   2       0.16011161
   61   1   0       1.37880417
   61   2   1       2.48497252
   61   3   2       0.14247546
   62   1   0       1.33170759
   62   2   1       2.48116161
   62   3   2       0.16901426
   63   1   0       1.34322927
   63   2   1       2.48622077
   63   3   2       0.16842430
   64   1   0       1.37296444
   64   2   1       2.49352894
   64   3   2       0.13992288

Orbital populations (up)
 Atom Sh.   l   m       Population  Label
    1   1   0   0       1.35987710  s
    1   2   1  -1       0.82746154  p_y
    1   2   1   0       0.82547370  p_z
    1   2   1   1       0.83307212  p_x
    1   3   2  -2       0.03571793  d_xy
    1   3   2  -1       0.04269126  d_yz
    1   3   2   0       0.01947131  d_z2
    1   3   2   1       0.03609713  d_xz
    1   3   2   2       0.01857114  d_x2-y2
    2   1   0   0       1.34868825  s
    2   2   1  -1       0.82730942  p_y
    2   2   1   0       0.83379879  p_z
    2   2   1   1       0.82960026  p_x
    2   3   2  -2       0.04383636  d_xy
    2   3   2  -1       0.03934093  d_yz
    2   3   2   0       0.01968470  d_z2
    2   3   2   1       0.03837167  d_xz
    2   3   2   2       0.02184290  d_x2-y2
    3   1   0   0       1.37267969  s
    3   2   1  -1       0.82939335  p_y
    3   2   1   0       0.82859715  p_z
    3   2   1   1       0.82650146  p_x
    3   3   2  -2       0.03732141  d_xy
    3   3   2  -1       0.03551548  d_yz
    3   3   2   0       0.01691973  d_z2
    3   3   2   1       0.03779850  d_xz
    3   3   2   2       0.01768172  d_x2-y2
    4   1   0   0       1.38467834  s
    4   2   1  -1       0.82432515  p_y
    4   2   1   0       0.83400799  p_z
    4   2   1   1       0.83416147  p_x
    4   3   2  -2       0.03794353  d_xy
    4   3   2  -1       0.03724716  d_yz
    4   3   2   0       0.01687763  d_z2
    4   3   2   1       0.03331555  d_xz
    4   3   2   2       0.01645800  d_x2-y2
    5   1   0   0       1.35311405  s
    5   2   1  -1       0.82764316  p_y
    5   2   1   0       0.83254513  p_z
    5   2   1   1       0.83251898  p_x
    5   3   2  -2       0.04200558  d_xy
    5   3   2  -1       0.03849179  d_yz
    5   3   2   0       0.02013467  d_z2
    5   3   2   1       0.03815883  d_xz
    5   3   2   2       0.02052054  d_x2-y2
    6   1   0   0       1.34426127  s
    6   2   1  -1       0.82470321  p_y
    6   2   1   0       0.82760924  p_z
    6   2   1   1       0.82014700  p_x
    6   3   2  -2       0.04393752  d_xy
    6   3   2  -1       0.04182812  d_yz
    6   3   2   0       0.02228392  d_z2
    6   3   2   1       0.04010852  d_xz
    6   3   2   2       0.02230551  d_x2-y2
    7   1   0   0       1.36790981  s
    7   2   1  -1       0.82140757  p_y
    7   2   1   0       0.82781811  p_z
    7   2   1   1       0.83064850  p_x
    7   3   2  -2       0.04017966  d_xy
    7   3   2  -1       0.03959234  d_yz
    7   3   2   0       0.02113326  d_z2
    7   3   2   1       0.03977737  d_xz
    7   3   2   2       0.02033502  d_x2-y2
    8   1   0   0       1.33295245  s
    8   2   1  -1       0.82677021  p_y
    8   2   1   0       0.82258951  p_z
    8   2   1   1       0.82810375  p_x
    8   3   2  -2       0.04013244  d_xy
    8   3   2  -1       0.04155019  d_yz
    8   3   2   0       0.02220740  d_z2
    8   3   2   1       0.04505595  d_xz
    8   3   2   2       0.02194328  d_x2-y2
    9   1   0   0       1.33926013  s
    9   2   1  -1       0.83038923  p_y
    9   2   1   0       0.82761006  p_z
    9   2   1   1       0.83020871  p_x
    9   3   2  -2       0.04017804  d_xy
    9   3   2  -1       0.03677063  d_yz
    9   3   2   0       0.02067639  d_z2
    9   3   2   1       0.04111957  d_xz
    9   3   2   2       0.01925672  d_x2-y2
   10   1   0   0       1.39044242  s
   10   2   1  -1       0.83164565  p_y
   10   2   1   0       0.83042881  p_z
   10   2   1   1       0.82551525  p_x
   10   3   2  -2       0.03771491  d_xy
   10   3   2  -1       0.03404996  d_yz
   10   3   2   0       0.01775156  d_z2
   10   3   2   1       0.03737632  d_xz
   10   3   2   2       0.01656087  d_x2-y2
   11   1   0   0       1.35723747  s
   11   2   1  -1       0.82128704  p_y
   11   2   1   0       0.82799782  p_z
   11   2   1   1       0.82757936  p_x
   11   3   2  -2       0.03863687  d_xy
   11   3   2  -1       0.04203494  d_yz
   11   3   2   0       0.01905614  d_z2
   11   3   2   1       0.03953879  d_xz
   11   3   2   2       0.02047986  d_x2-y2
   12   1   0   0       1.35996845  s
   12   2   1  -1       0.83267364  p_y
   12   2   1   0       0.83425748  p_z
   12   2   1   1       0.82461004  p_x
   12   3   2  -2       0.03831278  d_xy
   12   3   2  -1       0.03541428  d_yz
   12   3   2   0       0.01764111  d_z2
   12   3   2   1       0.04012863  d_xz
   12   3   2   2       0.01858222  d_x2-y2
   13   1   0   0       1.35651539  s
   13   2   1  -1       0.83069794  p_y
   13   2   1   0       0.83036547  p_z
   13   2   1   1       0.82606852  p_x
   13   3   2  -2       0.04151938  d_xy
   13   3   2  -1       0.03902207  d_yz
   13   3   2   0       0.02164171  d_z2
   13   3   2   1       0.04270521  d_xz
   13   3   2   2       0.02058473  d_x2-y2
   14   1   0   0       1.35698560  s
   14   2   1  -1       0.82692217  p_y
   14   2   1   0       0.82626302  p_z
   14   2   1   1       0.82872946  p_x
   14   3   2  -2       0.03849033  d_xy
   14   3   2  -1       0.04016720  d_yz
   14   3   2   0       0.01977989  d_z2
   14   3   2   1       0.03839095  d_xz
   14   3   2   2       0.02027798  d_x2-y2
   15   1   0   0       1.37045087  s
   15   2   1  -1       0.82770352  p_y
   15   2   1   0       0.83281092  p_z
   15   2   1   1       0.83545140  p_x
   15   3   2  -2       0.03858436  d_xy
   15   3   2  -1       0.04000916  d_yz
   15   3   2   0       0.01697196  d_z2
   15   3   2   1       0.03215172  d_xz
   15   3   2   2       0.01825066  d_x2-y2
   16   1   0   0       1.36818863  s
   16   2   1  -1       0.82879616  p_y
   16   2   1   0       0.82878944  p_z
   16   2   1   1       0.83176655  p_x
   16   3   2  -2       0.03766808  d_xy
   16   3   2  -1       0.04071673  d_yz
   16   3   2   0       0.01919198  d_z2
   16   3   2   1       0.03656412  d_xz
   16   3   2   2       0.01759740  d_x2-y2
   17   1   0   0       1.34062862  s
   17   2   1  -1       0.82834011  p_y
   17   2   1   0       0.82286482  p_z
   17   2   1   1       0.82361703  p_x
   17   3   2  -2       0.04427734  d_xy
   17   3   2  -1       0.04156967  d_yz
   17   3   2   0       0.02469518  d_z2
   17   3   2   1       0.04366770  d_xz
   17   3   2   2       0.02128187  d_x2-y2
   18   1   0   0       1.37082373  s
   18   2   1  -1       0.83166855  p_y
   18   2   1   0       0.82578493  p_z
   18   2   1   1       0.82959553  p_x
   18   3   2  -2       0.03768456  d_xy
   18   3   2  -1       0.03604684  d_yz
   18   3   2   0       0.01911356  d_z2
   18   3   2   1       0.04117546  d_xz
   18   3   2   2       0.01794636  d_x2-y2
   19   1   0   0       1.34118568  s
   19   2   1  -1       0.82828274  p_y
   19   2   1   0       0.82563663  p_z
   19   2   1   1       0.82836015  p_x
   19   3   2  -2       0.04247993  d_xy
   19   3   2  -1       0.03850895  d_yz
   19   3   2   0       0.02160253  d_z2
   19   3   2   1       0.04094236  d_xz
   19   3   2   2       0.02028037  d_x2-y2
   20   1   0   0       1.39603418  s
   20   2   1  -1       0.82611761  p_y
   20   2   1   0       0.82452765  p_z
   20   2   1   1       0.82977056  p_x
   20   3   2  -2       0.03380525  d_xy
   20   3   2  -1       0.03450306  d_yz
   20   3   2   0       0.01606557  d_z2
   20   3   2   1       0.03679203  d_xz
   20   3   2   2       0.01617641  d_x2-y2
   21   1   0   0       1.33264671  s
   21   2   1  -1       0.82881824  p_y
   21   2   1   0       0.82147856  p_z
   21   2   1   1       0.82622618  p_x
   21   3   2  -2       0.04132465  d_xy
   21   3   2  -1       0.04313153  d_yz
   21   3   2   0       0.02382639  d_z2
   21   3   2   1       0.04289752  d_xz
   21   3   2   2       0.02163277  d_x2-y2
   22   1   0   0       1.38523748  s
   22   2   1  -1       0.82817189  p_y
   22   2   1   0       0.83499269  p_z
   22   2   1   1       0.82914650  p_x
   22   3   2  -2       0.03959370  d_xy
   22   3   2  -1       0.03651610  d_yz
   22   3   2   0       0.01807041  d_z2
   22   3   2   1       0.03484402  d_xz
   22   3   2   2       0.01785193  d_x2-y2
   23   1   0   0       1.33454857  s
   23   2   1  -1       0.82674662  p_y
   23   2   1   0       0.82214446  p_z
   23   2   1   1       0.81767342  p_x
   23   3   2  -2       0.04137291  d_xy
   23   3   2  -1       0.04404796  d_yz
   23   3   2   0       0.02224157  d_z2
   23   3   2   1       0.04652139  d_xz
   23   3   2   2       0.02520172  d_x2-y2
   24   1   0   0       1.42302583  s
   24   2   1  -1       0.83633123  p_y
   24   2   1   0       0.83600586  p_z
   24   2   1   1       0.83087468  p_x
   24   3   2  -2       0.03570514  d_xy
   24   3   2  -1       0.03244013  d_yz
   24   3   2   0       0.01385113  d_z2
   24   3   2   1       0.03280702  d_xz
   24   3   2   2       0.01443133  d_x2-y2
   25   1   0   0       1.36717427  s
   25   2   1  -1       0.82923189  p_y
   25   2   1   0       0.83320201  p_z
   25   2   1   1       0.82817746  p_x
   25   3   2  -2       0.03513478  d_xy
   25   3   2  -1       0.03891908  d_yz
   25   3   2   0       0.01643970  d_z2
   25   3   2   1       0.03682474  d_xz
   25   3   2   2       0.01796129  d_x2-y2
   26   1   0   0       1.33759065  s
   26   2   1  -1       0.83598505  p_y
   26   2   1   0       0.82701912  p_z
   26   2   1   1       0.82884579  p_x
   26   3   2  -2       0.03889271  d_xy
   26   3   2  -1       0.04139493  d_yz
   26   3   2   0       0.02082385  d_z2
   26   3   2   1       0.04156800  d_xz
   26   3   2   2       0.02057408  d_x2-y2
   27   1   0   0       1.37909233  s
   27   2   1  -1       0.82873094  p_y
   27   2   1   0       0.82467887  p_z
   27   2   1   1       0.82638806  p_x
   27   3   2  -2       0.03490482  d_xy
   27   3   2  -1       0.03722471  d_yz
   27   3   2   0       0.01779002  d_z2
   27   3   2   1       0.03963099  d_xz
   27   3   2   2       0.01743287  d_x2-y2
   28   1   0   0       1.33018251  s
   28   2   1  -1       0.82854370  p_y
   28   2   1   0       0.83059197  p_z
   28   2   1   1       0.82696222  p_x
   28   3   2  -2       0.04074031  d_xy
   28   3   2  -1       0.04300202  d_yz
   28   3   2   0       0.02016981  d_z2
   28   3   2   1       0.04140187  d_xz
   28   3   2   2       0.02350932  d_x2-y2
   29   1   0   0       1.34923741  s
   29   2   1  -1       0.83209972  p_y
   29   2   1   0       0.81927756  p_z
   29   2   1   1       0.83155700  p_x
   29   3   2  -2       0.03661987  d_xy
   29   3   2  -1       0.04284097  d_yz
   29   3   2   0       0.02222943  d_z2
   29   3   2   1       0.03877300  d_xz
   29   3   2   2       0.01786263  d_x2-y2
   30   1   0   0       1.34057176  s
   30   2   1  -1       0.82561247  p_y
   30   2   1   0       0.82633372  p_z
   30   2   1   1       0.82662373  p_x
   30   3   2  -2       0.04134422  d_xy
   30   3   2  -1       0.04121221  d_yz
   30   3   2   0       0.02204099  d_z2
   30   3   2   1       0.04129775  d_xz
   30   3   2   2       0.02259652  d_x2-y2
   31   1   0   0       1.35341675  s
   31   2   1  -1       0.82718179  p_y
   31   2   1   0       0.82536017  p_z
   31   2   1   1       0.82822221  p_x
   31   3   2  -2       0.03809930  d_xy
   31   3   2  -1       0.03881690  d_yz
   31   3   2   0       0.01950498  d_z2
   31   3   2   1       0.04097391  d_xz
   31   3   2   2       0.01931618  d_x2-y2
   32   1   0   0       1.32604819  s
   32   2   1  -1       0.82655095  p_y
   32   2   1   0       0.82862602  p_z
   32   2   1   1       0.82669071  p_x
   32   3   2  -2       0.04313946  d_xy
   32   3   2  -1       0.04411045  d_yz
   32   3   2   0       0.02461739  d_z2
   32   3   2   1       0.04724888  d_xz
   32   3   2   2       0.02443441  d_x2-y2
   33   1   0   0       1.35657437  s
   33   2   1  -1       0.82611269  p_y
   33   2   1   0       0.82939514  p_z
   33   2   1   1       0.82516730  p_x
   33   3   2  -2       0.04033146  d_xy
   33   3   2  -1       0.04418057  d_yz
   33   3   2   0       0.02090958  d_z2
   33   3   2   1       0.03809363  d_xz
   33   3   2   2       0.02113500  d_x2-y2
   34   1   0   0       1.34423655  s
   34   2   1  -1       0.82891888  p_y
   34   2   1   0       0.82747304  p_z
   34   2   1   1       0.83083936  p_x
   34   3   2  -2       0.04260215  d_xy
   34   3   2  -1       0.03986071  d_yz
   34   3   2   0       0.02075953  d_z2
   34   3   2   1       0.03702835  d_xz
   34   3   2   2       0.01923350  d_x2-y2
   35   1   0   0       1.34741782  s
   35   2   1  -1       0.83001939  p_y
   35   2   1   0       0.82904940  p_z
   35   2   1   1       0.83020995  p_x
   35   3   2  -2       0.04121441  d_xy
   35   3   2  -1       0.03917410  d_yz
   35   3   2   0       0.02016531  d_z2
   35   3   2   1       0.04495891  d_xz
   35   3   2   2       0.02232622  d_x2-y2
   36   1   0   0       1.35809731  s
   36   2   1  -1       0.82565116  p_y
   36   2   1   0       0.82683861  p_z
   36   2   1   1       0.82537120  p_x
   36   3   2  -2       0.03675835  d_xy
   36   3   2  -1       0.04282602  d_yz
   36   3   2   0       0.01929747  d_z2
   36   3   2   1       0.03977580  d_xz
   36   3   2   2       0.02084050  d_x2-y2
   37   1   0   0       1.36055768  s
   37   2   1  -1       0.82687315  p_y
   37   2   1   0       0.83352323  p_z
   37   2   1   1       0.82498769  p_x
   37   3   2  -2       0.03994103  d_xy
   37   3   2  -1       0.03854303  d_yz
   37   3   2   0       0.01733641  d_z2
   37   3   2   1       0.03684722  d_xz
   37   3   2   2       0.01941668  d_x2-y2
   38   1   0   0       1.36157097  s
   38   2   1  -1       0.83612572  p_y
   38   2   1   0       0.82904643  p_z
   38   2   1   1       0.83486819  p_x
   38   3   2  -2       0.03545271  d_xy
   38   3   2  -1       0.04161799  d_yz
   38   3   2   0       0.01846830  d_z2
   38   3   2   1       0.03386552  d_xz
   38   3   2   2       0.01705710  d_x2-y2
   39   1   0   0       1.36070668  s
   39   2   1  -1       0.82504935  p_y
   39   2   1   0       0.82778233  p_z
   39   2   1   1       0.82567858  p_x
   39   3   2  -2       0.04151112  d_xy
   39   3   2  -1       0.03999306  d_yz
   39   3   2   0       0.02035847  d_z2
   39   3   2   1       0.03850405  d_xz
   39   3   2   2       0.02056893  d_x2-y2
   40   1   0   0       1.35183030  s
   40   2   1  -1       0.83575184  p_y
   40   2   1   0       0.82313998  p_z
   40   2   1   1       0.82623329  p_x
   40   3   2  -2       0.03738887  d_xy
   40   3   2  -1       0.03949855  d_yz
   40   3   2   0       0.02144393  d_z2
   40   3   2   1       0.04333074  d_xz
   40   3   2   2       0.01898467  d_x2-y2
   41   1   0   0       1.35188698  s
   41   2   1  -1       0.83201701  p_y
   41   2   1   0       0.82902951  p_z
   41   2   1   1       0.82833640  p_x
   41   3   2  -2       0.03974938  d_xy
   41   3   2  -1       0.03420769  d_yz
   41   3   2   0       0.01976758  d_z2
   41   3   2   1       0.04237837  d_xz
   41   3   2   2       0.01889129  d_x2-y2
   42   1   0   0       1.34143873  s
   42   2   1  -1       0.82227550  p_y
   42   2   1   0       0.82346054  p_z
   42   2   1   1       0.82057862  p_x
   42   3   2  -2       0.04428301  d_xy
   42   3   2  -1       0.03741338  d_yz
   42   3   2   0       0.02316039  d_z2
   42   3   2   1       0.04707177  d_xz
   42   3   2   2       0.02269131  d_x2-y2
   43   1   0   0       1.39220215  s
   43   2   1  -1       0.83158730  p_y
   43   2   1   0       0.82686715  p_z
   43   2   1   1       0.82835938  p_x
   43   3   2  -2       0.03433977  d_xy
   43   3   2  -1       0.03764255  d_yz
   43   3   2   0       0.01728021  d_z2
   43   3   2   1       0.03729043  d_xz
   43   3   2   2       0.01587317  d_x2-y2
   44   1   0   0       1.33508861  s
   44   2   1  -1       0.82630836  p_y
   44   2   1   0       0.82604954  p_z
   44   2   1   1       0.82703469  p_x
   44   3   2  -2       0.04008288  d_xy
   44   3   2  -1       0.04438157  d_yz
   44   3   2   0       0.02088117  d_z2
   44   3   2   1       0.04014239  d_xz
   44   3   2   2       0.02171925  d_x2-y2
   45   1   0   0       1.35305912  s
   45   2   1  -1       0.82673313  p_y
   45   2   1   0       0.82732557  p_z
   45   2   1   1       0.82666403  p_x
   45   3   2  -2       0.03732140  d_xy
   45   3   2  -1       0.03786439  d_yz
   45   3   2   0       0.02004269  d_z2
   45   3   2   1       0.03987266  d_xz
   45   3   2   2       0.01841203  d_x2-y2
   46   1   0   0       1.37904053  s
   46   2   1  -1       0.82781980  p_y
   46   2   1   0       0.82372039  p_z
   46   2   1   1       0.82808667  p_x
   46   3   2  -2       0.03647822  d_xy
   46   3   2  -1       0.03710682  d_yz
   46   3   2   0       0.01923302  d_z2
   46   3   2   1       0.04421720  d_xz
   46   3   2   2       0.01922893  d_x2-y2
   47   1   0   0       1.35935214  s
   47   2   1  -1       0.82768319  p_y
   47   2   1   0       0.83028012  p_z
   47   2   1   1       0.82113072  p_x
   47   3   2  -2       0.04038970  d_xy
   47   3   2  -1       0.03511581  d_yz
   47   3   2   0       0.01927398  d_z2
   47   3   2   1       0.03847656  d_xz
   47   3   2   2       0.01975483  d_x2-y2
   48   1   0   0       1.34709921  s
   48   2   1  -1       0.82512785  p_y
   48   2   1   0       0.82232913  p_z
   48   2   1   1       0.83160007  p_x
   48   3   2  -2       0.04212831  d_xy
   48   3   2  -1       0.04440706  d_yz
   48   3   2   0       0.02233854  d_z2
   48   3   2   1       0.04079994  d_xz
   48   3   2   2       0.02159081  d_x2-y2
   49   1   0   0       1.35178824  s
   49   2   1  -1       0.82360249  p_y
   49   2   1   0       0.82495280  p_z
   49   2   1   1       0.82228841  p_x
   49   3   2  -2       0.03586066  d_xy
   49   3   2  -1       0.04352887  d_yz
   49   3   2   0       0.01860389  d_z2
   49   3   2   1       0.04268826  d_xz
   49   3   2   2       0.02171170  d_x2-y2
   50   1   0   0       1.39941845  s
   50   2   1  -1       0.82941757  p_y
   50   2   1   0       0.83437834  p_z
   50   2   1   1       0.83472182  p_x
   50   3   2  -2       0.03444279  d_xy
   50   3   2  -1       0.03252765  d_yz
   50   3   2   0       0.01395355  d_z2
   50   3   2   1       0.03514744  d_xz
   50   3   2   2       0.01554884  d_x2-y2
   51   1   0   0       1.33602128  s
   51   2   1  -1       0.82365158  p_y
   51   2   1   0       0.82801537  p_z
   51   2   1   1       0.82213133  p_x
   51   3   2  -2       0.04701128  d_xy
   51   3   2  -1       0.03734720  d_yz
   51   3   2   0       0.02164394  d_z2
   51   3   2   1       0.04169967  d_xz
   51   3   2   2       0.02263734  d_x2-y2
   52   1   0   0       1.35063701  s
   52   2   1  -1       0.82881242  p_y
   52   2   1   0       0.82976355  p_z
   52   2   1   1       0.83181361  p_x
   52   3   2  -2       0.03974222  d_xy
   52   3   2  -1       0.04417033  d_yz
   52   3   2   0       0.02046929  d_z2
   52   3   2   1       0.03833118  d_xz
   52   3   2   2       0.02021390  d_x2-y2
   53   1   0   0       1.35314793  s
   53   2   1  -1       0.82597583  p_y
   53   2   1   0       0.82883447  p_z
   53   2   1   1       0.82370414  p_x
   53   3   2  -2       0.04321721  d_xy
   53   3   2  -1       0.03849422  d_yz
   53   3   2   0       0.02007577  d_z2
   53   3   2   1       0.03891319  d_xz
   53   3   2   2       0.02138840  d_x2-y2
   54   1   0   0       1.40013367  s
   54   2   1  -1       0.82621994  p_y
   54   2   1   0       0.83190300  p_z
   54   2   1   1       0.83010908  p_x
   54   3   2  -2       0.03788854  d_xy
   54   3   2  -1       0.03588821  d_yz
   54   3   2   0       0.01569438  d_z2
   54   3   2   1       0.03193100  d_xz
   54   3   2   2       0.01603640  d_x2-y2
   55   1   0   0       1.38039381  s
   55   2   1  -1       0.83290408  p_y
   55   2   1   0       0.83486058  p_z
   55   2   1   1       0.82778266  p_x
   55   3   2  -2       0.03631024  d_xy
   55   3   2  -1       0.03600533  d_yz
   55   3   2   0       0.01635797  d_z2
   55   3   2   1       0.03638060  d_xz
   55   3   2   2       0.01864050  d_x2-y2
   56   1   0   0       1.37503995  s
   56   2   1  -1       0.82516455  p_y
   56   2   1   0       0.82863742  p_z
   56   2   1   1       0.83008413  p_x
   56   3   2  -2       0.03800813  d_xy
   56   3   2  -1       0.03857891  d_yz
   56   3   2   0       0.01774469  d_z2
   56   3   2   1       0.03850220  d_xz
   56   3   2   2       0.01958492  d_x2-y2
   57   1   0   0       1.32178361  s
   57   2   1  -1       0.82701841  p_y
   57   2   1   0       0.82799585  p_z
   57   2   1   1       0.82638727  p_x
   57   3   2  -2       0.04137898  d_xy
   57   3   2  -1       0.04409174  d_yz
   57   3   2   0       0.02209428  d_z2
   57   3   2   1       0.03894068  d_xz
   57   3   2   2       0.02153690  d_x2-y2
   58   1   0   0       1.33940273  s
   58   2   1  -1       0.82110797  p_y
   58   2   1   0       0.82648891  p_z
   58   2   1   1       0.82906180  p_x
   58   3   2  -2       0.04293355  d_xy
   58   3   2  -1       0.04598709  d_yz
   58   3   2   0       0.02355752  d_z2
   58   3   2   1       0.04185243  d_xz
   58   3   2   2       0.02314139  d_x2-y2
   59   1   0   0       1.36034066  s
   59   2   1  -1       0.82268016  p_y
   59   2   1   0       0.83040348  p_z
   59   2   1   1       0.82453428  p_x
   59   3   2  -2       0.04456379  d_xy
   59   3   2  -1       0.03396990  d_yz
   59   3   2   0       0.01881783  d_z2
   59   3   2   1       0.03535862  d_xz
   59   3   2   2       0.01775746  d_x2-y2
   60   1   0   0       1.36512066  s
   60   2   1  -1       0.82800298  p_y
   60   2   1   0       0.82647031  p_z
   60   2   1   1       0.83048588  p_x
   60   3   2  -2       0.03942072  d_xy
   60   3   2  -1       0.03803108  d_yz
   60   3   2   0       0.02064046  d_z2
   60   3   2   1       0.04293606  d_xz
   60   3   2   2       0.01908330  d_x2-y2
   61   1   0   0       1.37880417  s
   61   2   1  -1       0.82907559  p_y
   61   2   1   0       0.82622730  p_z
   61   2   1   1       0.82966963  p_x
   61   3   2  -2       0.03695504  d_xy
   61   3   2  -1       0.03466622  d_yz
   61   3   2   0       0.01787565  d_z2
   61   3   2   1       0.03638357  d_xz
   61   3   2   2       0.01659497  d_x2-y2
   62   1   0   0       1.33170759  s
   62   2   1  -1       0.82305191  p_y
   62   2   1   0       0.82971331  p_z
   62   2   1   1       0.82839639  p_x
   62   3   2  -2       0.04010900  d_xy
   62   3   2  -1       0.04324507  d_yz
   62   3   2   0       0.02148916  d_z2
   62   3   2   1       0.04005278  d_xz
   62   3   2   2       0.02411825  d_x2-y2
   63   1   0   0       1.34322927  s
   63   2   1  -1       0.83356901  p_y
   63   2   1   0       0.82260732  p_z
   63   2   1   1       0.83004443  p_x
   63   3   2  -2       0.03843732  d_xy
   63   3   2  -1       0.04388967  d_yz
   63   3   2   0       0.02458603  d_z2
   63   3   2   1       0.04222325  d_xz
   63   3   2   2       0.01928803  d_x2-y2
   64   1   0   0       1.37296444  s
   64   2   1  -1       0.82626575  p_y
   64   2   1   0       0.83460427  p_z
   64   2   1   1       0.83265891  p_x
   64   3   2  -2       0.03728083  d_xy
   64   3   2  -1       0.03379776  d_yz
   64   3   2   0       0.01583033  d_z2
   64   3   2   1       0.03568625  d_xz
   64   3   2   2       0.01732772  d_x2-y2

Fermi level:                        -0.1330069916 H           -3.6193 eV
Band energy:                       -88.1786013308 H        -2399.4618 eV
TS:                                  0.0000000000 H            0.0000 eV
Band free energy (E-TS):           -88.1786013308 H        -2399.4618 eV
Extrapolated E(0K):                -88.1786013308 H        -2399.4618 eV
Input / Output electrons (q):    256.0000000000    256.0000000000

Energy H0:                         -88.1635003630 H        -2399.0509 eV
Energy SCC:                          0.0007438731 H            0.0202 eV
Total Electronic energy:           -88.1627564899 H        -2399.0307 eV
Repulsive energy:                    0.0000000000 H            0.0000 eV
Total energy:                      -88.1627564899 H        -2399.0307 eV
Extrapolated to 0:                 -88.1627564899 H        -2399.0307 eV
Total Mermin free energy:          -88.1627564899 H        -2399.0307 eV
Force related energy:              -88.1627564899 H        -2399.0307 eV

Non-constrained calculation

SCC converged

Warning: dipole moment is not defined absolutely!
Dipole moment:    0.08324649    0.02661436   -0.68804165 au
Dipole moment:    0.21159149    0.06764696   -1.74882757 Debye


