 Fermi distribution function

Calculation with static geometry


********************************************************************************
 iSCC Total electronic   Diff electronic      SCC error    
    9   -0.88175048E+02   -0.74402351E-09    0.63628032E-05
********************************************************************************

 Total charge:    -0.00000000

 Atomic gross charges (e)
 Atom           Charge
    1       0.01321785
    2       0.00471943
    3       0.02826012
    4       0.01420581
    5       0.00219295
    6       0.00029664
    7      -0.00391469
    8       0.00515667
    9       0.00057988
   10       0.01512657
   11      -0.01076329
   12       0.00152673
   13       0.01240227
   14       0.00016624
   15       0.01637106
   16       0.01092849
   17       0.00152941
   18      -0.01059543
   19      -0.01301135
   20      -0.01880483
   21      -0.00395117
   22       0.00404343
   23      -0.00217177
   24      -0.00129668
   25      -0.01411246
   26      -0.01247066
   27       0.00050521
   28      -0.00129673
   29      -0.01482830
   30      -0.01561748
   31       0.00038505
   32       0.00920113
   33       0.02192577
   34       0.01783632
   35       0.01098851
   36      -0.01106339
   37       0.00306197
   38       0.00062165
   39       0.02028838
   40       0.00113030
   41      -0.01855378
   42       0.01013270
   43      -0.00837298
   44       0.00102584
   45       0.00869140
   46      -0.00195349
   47      -0.00691500
   48       0.01882904
   49      -0.02167803
   50      -0.00611192
   51       0.00837741
   52      -0.01197845
   53       0.02169954
   54       0.01507472
   55      -0.00792799
   56      -0.00529329
   57      -0.02038068
   58      -0.02609788
   59       0.00062404
   60      -0.01028377
   61      -0.00966545
   62      -0.00029054
   63      -0.01984757
   64       0.00812648

Nr. of electrons (up):    256.00000000
Atom populations (up)
 Atom       Population
    1       3.98678215
    2       3.99528057
    3       3.97173988
    4       3.98579419
    5       3.99780705
    6       3.99970336
    7       4.00391469
    8       3.99484333
    9       3.99942012
   10       3.98487343
   11       4.01076329
   12       3.99847327
   13       3.98759773
   14       3.99983376
   15       3.98362894
   16       3.98907151
   17       3.99847059
   18       4.01059543
   19       4.01301135
   20       4.01880483
   21       4.00395117
   22       3.99595657
   23       4.00217177
   24       4.00129668
   25       4.01411246
   26       4.01247066
   27       3.99949479
   28       4.00129673
   29       4.01482830
   30       4.01561748
   31       3.99961495
   32       3.99079887
   33       3.97807423
   34       3.98216368
   35       3.98901149
   36       4.01106339
   37       3.99693803
   38       3.99937835
   39       3.97971162
   40       3.99886970
   41       4.01855378
   42       3.98986730
   43       4.00837298
   44       3.99897416
   45       3.99130860
   46       4.00195349
   47       4.00691500
   48       3.98117096
   49       4.02167803
   50       4.00611192
   51       3.99162259
   52       4.01197845
   53       3.97830046
   54       3.98492528
   55       4.00792799
   56       4.00529329
   57       4.02038068
   58       4.02609788
   59       3.99937596
   60       4.01028377
   61       4.00966545
   62       4.00029054
   63       4.01984757
   64       3.99187352

l-shell populations (up)
 Atom Sh.   l       Population
    1   1   0       1.33834674
    1   2   1       2.48620074
    1   3   2       0.16223468
    2   1   0       1.35918711
    2   2   1       2.48233693
    2   3   2       0.15375654
    3   1   0       1.31344993
    3   2   1       2.47852320
    3   3   2       0.17976675
    4   1   0       1.33287943
    4   2   1       2.48096182
    4   3   2       0.17195295
    5   1   0       1.36257649
    5   2   1       2.48305111
    5   3   2       0.15217945
    6   1   0       1.36716469
    6   2   1       2.48814768
    6   3   2       0.14439099
    7   1   0       1.38053873
    7   2   1       2.47385213
    7   3   2       0.14952383
    8   1   0       1.36208975
    8   2   1       2.47317194
    8   3   2       0.15958163
    9   1   0       1.36110489
    9   2   1       2.48188073
    9   3   2       0.15643450
   10   1   0       1.33769065
   10   2   1       2.46824321
   10   3   2       0.17893957
   11   1   0       1.38438757
   11   2   1       2.47780744
   11   3   2       0.14856827
   12   1   0       1.35731033
   12   2   1       2.48160693
   12   3   2       0.15955601
   13   1   0       1.34088735
   13   2   1       2.48672868
   13   3   2       0.15998170
   14   1   0       1.36227179
   14   2   1       2.48317067
   14   3   2       0.15439129
   15   1   0       1.33415188
   15   2   1       2.47920469
   15   3   2       0.17027237
   16   1   0       1.34831178
   16   2   1       2.48748764
   16   3   2       0.15327209
   17   1   0       1.35583338
   17   2   1       2.48203039
   17   3   2       0.16060682
   18   1   0       1.35625959
   18   2   1       2.50126620
   18   3   2       0.15306965
   19   1   0       1.36380060
   19   2   1       2.49196310
   19   3   2       0.15724765
   20   1   0       1.38517995
   20   2   1       2.48421925
   20   3   2       0.14940563
   21   1   0       1.36688054
   21   2   1       2.49006637
   21   3   2       0.14700426
   22   1   0       1.35865262
   22   2   1       2.48339383
   22   3   2       0.15391013
   23   1   0       1.37181097
   23   2   1       2.48065687
   23   3   2       0.14970393
   24   1   0       1.36304540
   24   2   1       2.48613551
   24   3   2       0.15211576
   25   1   0       1.37791802
   25   2   1       2.48389801
   25   3   2       0.15229643
   26   1   0       1.36247689
   26   2   1       2.48859207
   26   3   2       0.16140170
   27   1   0       1.35258612
   27   2   1       2.48907802
   27   3   2       0.15783064
   28   1   0       1.35166248
   28   2   1       2.49437708
   28   3   2       0.15525717
   29   1   0       1.37815515
   29   2   1       2.48962238
   29   3   2       0.14705078
   30   1   0       1.37759224
   30   2   1       2.48873238
   30   3   2       0.14929285
   31   1   0       1.35406683
   31   2   1       2.49182789
   31   3   2       0.15372024
   32   1   0       1.33722678
   32   2   1       2.48605125
   32   3   2       0.16752084
   33   1   0       1.32593313
   33   2   1       2.48603491
   33   3   2       0.16610619
   34   1   0       1.32629888
   34   2   1       2.48290400
   34   3   2       0.17296080
   35   1   0       1.34641379
   35   2   1       2.48664597
   35   3   2       0.15595173
   36   1   0       1.38762790
   36   2   1       2.49239655
   36   3   2       0.13103895
   37   1   0       1.35656635
   37   2   1       2.48210657
   37   3   2       0.15826510
   38   1   0       1.36273991
   38   2   1       2.48292942
   38   3   2       0.15370902
   39   1   0       1.33069961
   39   2   1       2.47531978
   39   3   2       0.17369223
   40   1   0       1.36131297
   40   2   1       2.47898892
   40   3   2       0.15856782
   41   1   0       1.38842151
   41   2   1       2.48934629
   41   3   2       0.14078598
   42   1   0       1.35020751
   42   2   1       2.47511135
   42   3   2       0.16454844
   43   1   0       1.38111386
   43   2   1       2.48045940
   43   3   2       0.14679971
   44   1   0       1.36677996
   44   2   1       2.47572555
   44   3   2       0.15646865
   45   1   0       1.33992681
   45   2   1       2.48594560
   45   3   2       0.16543619
   46   1   0       1.37173859
   46   2   1       2.48608105
   46   3   2       0.14413385
   47   1   0       1.37348401
   47   2   1       2.48334236
   47   3   2       0.15008863
   48   1   0       1.32797994
   48   2   1       2.48359321
   48   3   2       0.16959781
   49   1   0       1.38395371
   49   2   1       2.49127345
   49   3   2       0.14645087
   50   1   0       1.36188596
   50   2   1       2.48450074
   50   3   2       0.15972523
   51   1   0       1.33687212
   51   2   1       2.49120861
   51   3   2       0.16354186
   52   1   0       1.36946867
   52   2   1       2.49296295
   52   3   2       0.14954683
   53   1   0       1.31686902
   53   2   1       2.47518458
   53   3   2       0.18624686
   54   1   0       1.33595067
   54   2   1       2.47532960
   54   3   2       0.17364501
   55   1   0       1.37246563
   55   2   1       2.48015683
   55   3   2       0.15530554
   56   1   0       1.37434551
   56   2   1       2.47522559
   56   3   2       0.15572220
   57   1   0       1.37862466
   57   2   1       2.49290835
   57   3   2       0.14884767
   58   1   0       1.38894203
   58   2   1       2.49722688
   58   3   2       0.13992897
   59   1   0       1.35058287
   59   2   1       2.48138613
   59   3   2       0.16740696
   60   1   0       1.36831095
   60   2   1       2.49083333
   60   3   2       0.15113949
   61   1   0       1.36239340
   61   2   1       2.49328522
   61   3   2       0.15398682
   62   1   0       1.35606274
   62   2   1       2.47881278
   62   3   2       0.16541501
   63   1   0       1.37843472
   63   2   1       2.49940159
   63   3   2       0.14201127
   64   1   0       1.33103117
   64   2   1       2.49433473
   64   3   2       0.16650762

Orbital populations (up)
 Atom Sh.   l   m       Population  Label
    1   1   0   0       1.33834674  s
    1   2   1  -1       0.83384242  p_y
    1   2   1   0       0.82745811  p_z
    1   2   1   1       0.82490020  p_x
    1   3   2  -2       0.03975789  d_xy
    1   3   2  -1       0.03958552  d_yz
    1   3   2   0       0.02129185  d_z2
    1   3   2   1       0.04075339  d_xz
    1   3   2   2       0.02084603  d_x2-y2
    2   1   0   0       1.35918711  s
    2   2   1  -1       0.82608639  p_y
    2   2   1   0       0.82626142  p_z
    2   2   1   1       0.82998912  p_x
    2   3   2  -2       0.03784929  d_xy
    2   3   2  -1       0.03963219  d_yz
    2   3   2   0       0.02001384  d_z2
    2   3   2   1       0.03827537  d_xz
    2   3   2   2       0.01798584  d_x2-y2
    3   1   0   0       1.31344993  s
    3   2   1  -1       0.82286191  p_y
    3   2   1   0       0.82500825  p_z
    3   2   1   1       0.83065304  p_x
    3   3   2  -2       0.04431882  d_xy
    3   3   2  -1       0.04603239  d_yz
    3   3   2   0       0.02639998  d_z2
    3   3   2   1       0.04031092  d_xz
    3   3   2   2       0.02270464  d_x2-y2
    4   1   0   0       1.33287943  s
    4   2   1  -1       0.82974138  p_y
    4   2   1   0       0.82384510  p_z
    4   2   1   1       0.82737535  p_x
    4   3   2  -2       0.04012753  d_xy
    4   3   2  -1       0.04379876  d_yz
    4   3   2   0       0.02297932  d_z2
    4   3   2   1       0.04285619  d_xz
    4   3   2   2       0.02219115  d_x2-y2
    5   1   0   0       1.36257649  s
    5   2   1  -1       0.82628352  p_y
    5   2   1   0       0.83011217  p_z
    5   2   1   1       0.82665542  p_x
    5   3   2  -2       0.03835069  d_xy
    5   3   2  -1       0.03707098  d_yz
    5   3   2   0       0.01902098  d_z2
    5   3   2   1       0.03916662  d_xz
    5   3   2   2       0.01857018  d_x2-y2
    6   1   0   0       1.36716469  s
    6   2   1  -1       0.83022281  p_y
    6   2   1   0       0.82976996  p_z
    6   2   1   1       0.82815491  p_x
    6   3   2  -2       0.03757074  d_xy
    6   3   2  -1       0.03508088  d_yz
    6   3   2   0       0.01696986  d_z2
    6   3   2   1       0.03704398  d_xz
    6   3   2   2       0.01772553  d_x2-y2
    7   1   0   0       1.38053873  s
    7   2   1  -1       0.82312254  p_y
    7   2   1   0       0.82470584  p_z
    7   2   1   1       0.82602375  p_x
    7   3   2  -2       0.03788708  d_xy
    7   3   2  -1       0.03813034  d_yz
    7   3   2   0       0.01643594  d_z2
    7   3   2   1       0.03758748  d_xz
    7   3   2   2       0.01948299  d_x2-y2
    8   1   0   0       1.36208975  s
    8   2   1  -1       0.82693376  p_y
    8   2   1   0       0.82382087  p_z
    8   2   1   1       0.82241731  p_x
    8   3   2  -2       0.04079088  d_xy
    8   3   2  -1       0.03913586  d_yz
    8   3   2   0       0.02172363  d_z2
    8   3   2   1       0.03847548  d_xz
    8   3   2   2       0.01945578  d_x2-y2
    9   1   0   0       1.36110489  s
    9   2   1  -1       0.82866474  p_y
    9   2   1   0       0.82339875  p_z
    9   2   1   1       0.82981724  p_x
    9   3   2  -2       0.03666028  d_xy
    9   3   2  -1       0.04002688  d_yz
    9   3   2   0       0.01904284  d_z2
    9   3   2   1       0.04161512  d_xz
    9   3   2   2       0.01908938  d_x2-y2
   10   1   0   0       1.33769065  s
   10   2   1  -1       0.82069800  p_y
   10   2   1   0       0.82585569  p_z
   10   2   1   1       0.82168952  p_x
   10   3   2  -2       0.04586224  d_xy
   10   3   2  -1       0.04418449  d_yz
   10   3   2   0       0.02264816  d_z2
   10   3   2   1       0.04200653  d_xz
   10   3   2   2       0.02423815  d_x2-y2
   11   1   0   0       1.38438757  s
   11   2   1  -1       0.82863448  p_y
   11   2   1   0       0.82618653  p_z
   11   2   1   1       0.82298643  p_x
   11   3   2  -2       0.03653566  d_xy
   11   3   2  -1       0.03631222  d_yz
   11   3   2   0       0.01740204  d_z2
   11   3   2   1       0.04062016  d_xz
   11   3   2   2       0.01769819  d_x2-y2
   12   1   0   0       1.35731033  s
   12   2   1  -1       0.82536818  p_y
   12   2   1   0       0.83026222  p_z
   12   2   1   1       0.82597653  p_x
   12   3   2  -2       0.04411463  d_xy
   12   3   2  -1       0.03776116  d_yz
   12   3   2   0       0.01862186  d_z2
   12   3   2   1       0.03865207  d_xz
   12   3   2   2       0.02040629  d_x2-y2
   13   1   0   0       1.34088735  s
   13   2   1  -1       0.83139563  p_y
   13   2   1   0       0.82895280  p_z
   13   2   1   1       0.82638025  p_x
   13   3   2  -2       0.03930464  d_xy
   13   3   2  -1       0.03955809  d_yz
   13   3   2   0       0.01920608  d_z2
   13   3   2   1       0.04094575  d_xz
   13   3   2   2       0.02096713  d_x2-y2
   14   1   0   0       1.36227179  s
   14   2   1  -1       0.82437945  p_y
   14   2   1   0       0.82826137  p_z
   14   2   1   1       0.83052986  p_x
   14   3   2  -2       0.03615090  d_xy
   14   3   2  -1       0.04211515  d_yz
   14   3   2   0       0.01869060  d_z2
   14   3   2   1       0.03896139  d_xz
   14   3   2   2       0.01847325  d_x2-y2
   15   1   0   0       1.33415188  s
   15   2   1  -1       0.82513871  p_y
   15   2   1   0       0.82977516  p_z
   15   2   1   1       0.82429083  p_x
   15   3   2  -2       0.04501973  d_xy
   15   3   2  -1       0.04110729  d_yz
   15   3   2   0       0.02261976  d_z2
   15   3   2   1       0.04011268  d_xz
   15   3   2   2       0.02141290  d_x2-y2
   16   1   0   0       1.34831178  s
   16   2   1  -1       0.83017573  p_y
   16   2   1   0       0.83042532  p_z
   16   2   1   1       0.82688659  p_x
   16   3   2  -2       0.03862846  d_xy
   16   3   2  -1       0.03685041  d_yz
   16   3   2   0       0.01848462  d_z2
   16   3   2   1       0.04007372  d_xz
   16   3   2   2       0.01923488  d_x2-y2
   17   1   0   0       1.35583338  s
   17   2   1  -1       0.82854083  p_y
   17   2   1   0       0.82926661  p_z
   17   2   1   1       0.82422294  p_x
   17   3   2  -2       0.04113510  d_xy
   17   3   2  -1       0.03971775  d_yz
   17   3   2   0       0.01945586  d_z2
   17   3   2   1       0.03924782  d_xz
   17   3   2   2       0.02105030  d_x2-y2
   18   1   0   0       1.35625959  s
   18   2   1  -1       0.83672527  p_y
   18   2   1   0       0.82956218  p_z
   18   2   1   1       0.83497875  p_x
   18   3   2  -2       0.03656804  d_xy
   18   3   2  -1       0.03868371  d_yz
   18   3   2   0       0.01950780  d_z2
   18   3   2   1       0.03982462  d_xz
   18   3   2   2       0.01848548  d_x2-y2
   19   1   0   0       1.36380060  s
   19   2   1  -1       0.83027871  p_y
   19   2   1   0       0.83332504  p_z
   19   2   1   1       0.82835935  p_x
   19   3   2  -2       0.04267045  d_xy
   19   3   2  -1       0.03989539  d_yz
   19   3   2   0       0.01892489  d_z2
   19   3   2   1       0.03634215  d_xz
   19   3   2   2       0.01941477  d_x2-y2
   20   1   0   0       1.38517995  s
   20   2   1  -1       0.82846823  p_y
   20   2   1   0       0.82825704  p_z
   20   2   1   1       0.82749399  p_x
   20   3   2  -2       0.03510661  d_xy
   20   3   2  -1       0.03842464  d_yz
   20   3   2   0       0.01718727  d_z2
   20   3   2   1       0.04009742  d_xz
   20   3   2   2       0.01858970  d_x2-y2
   21   1   0   0       1.36688054  s
   21   2   1  -1       0.83321562  p_y
   21   2   1   0       0.83012346  p_z
   21   2   1   1       0.82672729  p_x
   21   3   2  -2       0.03942429  d_xy
   21   3   2  -1       0.03396439  d_yz
   21   3   2   0       0.01799032  d_z2
   21   3   2   1       0.03824530  d_xz
   21   3   2   2       0.01737995  d_x2-y2
   22   1   0   0       1.35865262  s
   22   2   1  -1       0.82916478  p_y
   22   2   1   0       0.82583337  p_z
   22   2   1   1       0.82839568  p_x
   22   3   2  -2       0.04030148  d_xy
   22   3   2  -1       0.03699341  d_yz
   22   3   2   0       0.01943722  d_z2
   22   3   2   1       0.03874975  d_xz
   22   3   2   2       0.01842827  d_x2-y2
   23   1   0   0       1.37181097  s
   23   2   1  -1       0.83031860  p_y
   23   2   1   0       0.82339540  p_z
   23   2   1   1       0.82694287  p_x
   23   3   2  -2       0.03496667  d_xy
   23   3   2  -1       0.03899140  d_yz
   23   3   2   0       0.01883014  d_z2
   23   3   2   1       0.03937806  d_xz
   23   3   2   2       0.01753766  d_x2-y2
   24   1   0   0       1.36304540  s
   24   2   1  -1       0.82388134  p_y
   24   2   1   0       0.83067282  p_z
   24   2   1   1       0.83158135  p_x
   24   3   2  -2       0.03849801  d_xy
   24   3   2  -1       0.03909869  d_yz
   24   3   2   0       0.01933862  d_z2
   24   3   2   1       0.03688475  d_xz
   24   3   2   2       0.01829569  d_x2-y2
   25   1   0   0       1.37791802  s
   25   2   1  -1       0.83030196  p_y
   25   2   1   0       0.83005303  p_z
   25   2   1   1       0.82354302  p_x
   25   3   2  -2       0.03712163  d_xy
   25   3   2  -1       0.03951370  d_yz
   25   3   2   0       0.01730319  d_z2
   25   3   2   1       0.03902503  d_xz
   25   3   2   2       0.01933288  d_x2-y2
   26   1   0   0       1.36247689  s
   26   2   1  -1       0.82801866  p_y
   26   2   1   0       0.83042869  p_z
   26   2   1   1       0.83014471  p_x
   26   3   2  -2       0.03977102  d_xy
   26   3   2  -1       0.04227096  d_yz
   26   3   2   0       0.02153138  d_z2
   26   3   2   1       0.03844767  d_xz
   26   3   2   2       0.01938067  d_x2-y2
   27   1   0   0       1.35258612  s
   27   2   1  -1       0.83204643  p_y
   27   2   1   0       0.82441582  p_z
   27   2   1   1       0.83261578  p_x
   27   3   2  -2       0.03859384  d_xy
   27   3   2  -1       0.03712240  d_yz
   27   3   2   0       0.02110117  d_z2
   27   3   2   1       0.04310775  d_xz
   27   3   2   2       0.01790549  d_x2-y2
   28   1   0   0       1.35166248  s
   28   2   1  -1       0.83124983  p_y
   28   2   1   0       0.83157624  p_z
   28   2   1   1       0.83155101  p_x
   28   3   2  -2       0.04337090  d_xy
   28   3   2  -1       0.03785026  d_yz
   28   3   2   0       0.01996628  d_z2
   28   3   2   1       0.03585534  d_xz
   28   3   2   2       0.01821439  d_x2-y2
   29   1   0   0       1.37815515  s
   29   2   1  -1       0.82891326  p_y
   29   2   1   0       0.82719106  p_z
   29   2   1   1       0.83351807  p_x
   29   3   2  -2       0.03589535  d_xy
   29   3   2  -1       0.03641232  d_yz
   29   3   2   0       0.01860360  d_z2
   29   3   2   1       0.03884298  d_xz
   29   3   2   2       0.01729652  d_x2-y2
   30   1   0   0       1.37759224  s
   30   2   1  -1       0.82641777  p_y
   30   2   1   0       0.83186493  p_z
   30   2   1   1       0.83044968  p_x
   30   3   2  -2       0.03745806  d_xy
   30   3   2  -1       0.04017278  d_yz
   30   3   2   0       0.01708349  d_z2
   30   3   2   1       0.03547215  d_xz
   30   3   2   2       0.01910637  d_x2-y2
   31   1   0   0       1.35406683  s
   31   2   1  -1       0.83286532  p_y
   31   2   1   0       0.82944713  p_z
   31   2   1   1       0.82951544  p_x
   31   3   2  -2       0.03695787  d_xy
   31   3   2  -1       0.04000371  d_yz
   31   3   2   0       0.01931306  d_z2
   31   3   2   1       0.03832324  d_xz
   31   3   2   2       0.01912237  d_x2-y2
   32   1   0   0       1.33722678  s
   32   2   1  -1       0.82463328  p_y
   32   2   1   0       0.83284171  p_z
   32   2   1   1       0.82857626  p_x
   32   3   2  -2       0.04376216  d_xy
   32   3   2  -1       0.04029984  d_yz
   32   3   2   0       0.02059533  d_z2
   32   3   2   1       0.04048287  d_xz
   32   3   2   2       0.02238064  d_x2-y2
   33   1   0   0       1.32593313  s
   33   2   1  -1       0.82822261  p_y
   33   2   1   0       0.82824073  p_z
   33   2   1   1       0.82957157  p_x
   33   3   2  -2       0.03657354  d_xy
   33   3   2  -1       0.04178369  d_yz
   33   3   2   0       0.02075649  d_z2
   33   3   2   1       0.04400424  d_xz
   33   3   2   2       0.02298824  d_x2-y2
   34   1   0   0       1.32629888  s
   34   2   1  -1       0.82898157  p_y
   34   2   1   0       0.82609640  p_z
   34   2   1   1       0.82782603  p_x
   34   3   2  -2       0.04176583  d_xy
   34   3   2  -1       0.04340552  d_yz
   34   3   2   0       0.02389247  d_z2
   34   3   2   1       0.04244701  d_xz
   34   3   2   2       0.02144995  d_x2-y2
   35   1   0   0       1.34641379  s
   35   2   1  -1       0.82337962  p_y
   35   2   1   0       0.83323038  p_z
   35   2   1   1       0.83003597  p_x
   35   3   2  -2       0.03976268  d_xy
   35   3   2  -1       0.04132941  d_yz
   35   3   2   0       0.01883884  d_z2
   35   3   2   1       0.03583476  d_xz
   35   3   2   2       0.02018605  d_x2-y2
   36   1   0   0       1.38762790  s
   36   2   1  -1       0.83344588  p_y
   36   2   1   0       0.82829781  p_z
   36   2   1   1       0.83065286  p_x
   36   3   2  -2       0.03369423  d_xy
   36   3   2  -1       0.03462847  d_yz
   36   3   2   0       0.01533934  d_z2
   36   3   2   1       0.03280254  d_xz
   36   3   2   2       0.01457438  d_x2-y2
   37   1   0   0       1.35656635  s
   37   2   1  -1       0.82301719  p_y
   37   2   1   0       0.82913838  p_z
   37   2   1   1       0.82995100  p_x
   37   3   2  -2       0.03963713  d_xy
   37   3   2  -1       0.03927527  d_yz
   37   3   2   0       0.01955177  d_z2
   37   3   2   1       0.03891232  d_xz
   37   3   2   2       0.02088861  d_x2-y2
   38   1   0   0       1.36273991  s
   38   2   1  -1       0.83368382  p_y
   38   2   1   0       0.82335692  p_z
   38   2   1   1       0.82588868  p_x
   38   3   2  -2       0.03636152  d_xy
   38   3   2  -1       0.03775127  d_yz
   38   3   2   0       0.01911482  d_z2
   38   3   2   1       0.04169355  d_xz
   38   3   2   2       0.01878785  d_x2-y2
   39   1   0   0       1.33069961  s
   39   2   1  -1       0.82614003  p_y
   39   2   1   0       0.82969376  p_z
   39   2   1   1       0.81948598  p_x
   39   3   2  -2       0.04442282  d_xy
   39   3   2  -1       0.04048710  d_yz
   39   3   2   0       0.02319422  d_z2
   39   3   2   1       0.04219070  d_xz
   39   3   2   2       0.02339738  d_x2-y2
   40   1   0   0       1.36131297  s
   40   2   1  -1       0.82417133  p_y
   40   2   1   0       0.82318061  p_z
   40   2   1   1       0.83163698  p_x
   40   3   2  -2       0.03841153  d_xy
   40   3   2  -1       0.04122054  d_yz
   40   3   2   0       0.02008690  d_z2
   40   3   2   1       0.03945726  d_xz
   40   3   2   2       0.01939159  d_x2-y2
   41   1   0   0       1.38842151  s
   41   2   1  -1       0.82934348  p_y
   41   2   1   0       0.82882685  p_z
   41   2   1   1       0.83117597  p_x
   41   3   2  -2       0.03693770  d_xy
   41   3   2  -1       0.03874538  d_yz
   41   3   2   0       0.01647324  d_z2
   41   3   2   1       0.03238928  d_xz
   41   3   2   2       0.01624039  d_x2-y2
   42   1   0   0       1.35020751  s
   42   2   1  -1       0.82254023  p_y
   42   2   1   0       0.82743539  p_z
   42   2   1   1       0.82513574  p_x
   42   3   2  -2       0.04283914  d_xy
   42   3   2  -1       0.04142477  d_yz
   42   3   2   0       0.02059281  d_z2
   42   3   2   1       0.03883093  d_xz
   42   3   2   2       0.02086080  d_x2-y2
   43   1   0   0       1.38111386  s
   43   2   1  -1       0.82887929  p_y
   43   2   1   0       0.82118791  p_z
   43   2   1   1       0.83039220  p_x
   43   3   2  -2       0.03767255  d_xy
   43   3   2  -1       0.03488001  d_yz
   43   3   2   0       0.01931914  d_z2
   43   3   2   1       0.03917073  d_xz
   43   3   2   2       0.01575729  d_x2-y2
   44   1   0   0       1.36677996  s
   44   2   1  -1       0.82482016  p_y
   44   2   1   0       0.82994937  p_z
   44   2   1   1       0.82095601  p_x
   44   3   2  -2       0.04131659  d_xy
   44   3   2  -1       0.03522894  d_yz
   44   3   2   0       0.01937836  d_z2
   44   3   2   1       0.04123121  d_xz
   44   3   2   2       0.01931356  d_x2-y2
   45   1   0   0       1.33992681  s
   45   2   1  -1       0.82907489  p_y
   45   2   1   0       0.82861747  p_z
   45   2   1   1       0.82825324  p_x
   45   3   2  -2       0.04193116  d_xy
   45   3   2  -1       0.04032414  d_yz
   45   3   2   0       0.02128075  d_z2
   45   3   2   1       0.04130054  d_xz
   45   3   2   2       0.02059960  d_x2-y2
   46   1   0   0       1.37173859  s
   46   2   1  -1       0.83282380  p_y
   46   2   1   0       0.82469246  p_z
   46   2   1   1       0.82856479  p_x
   46   3   2  -2       0.03386101  d_xy
   46   3   2  -1       0.03844676  d_yz
   46   3   2   0       0.01753601  d_z2
   46   3   2   1       0.03766925  d_xz
   46   3   2   2       0.01662082  d_x2-y2
   47   1   0   0       1.37348401  s
   47   2   1  -1       0.82699537  p_y
   47   2   1   0       0.82948958  p_z
   47   2   1   1       0.82685741  p_x
   47   3   2  -2       0.03865175  d_xy
   47   3   2  -1       0.03794058  d_yz
   47   3   2   0       0.01722949  d_z2
   47   3   2   1       0.03762770  d_xz
   47   3   2   2       0.01863911  d_x2-y2
   48   1   0   0       1.32797994  s
   48   2   1  -1       0.82841931  p_y
   48   2   1   0       0.82868002  p_z
   48   2   1   1       0.82649388  p_x
   48   3   2  -2       0.04410264  d_xy
   48   3   2  -1       0.03932597  d_yz
   48   3   2   0       0.02159164  d_z2
   48   3   2   1       0.04213473  d_xz
   48   3   2   2       0.02244283  d_x2-y2
   49   1   0   0       1.38395371  s
   49   2   1  -1       0.82900439  p_y
   49   2   1   0       0.82946131  p_z
   49   2   1   1       0.83280775  p_x
   49   3   2  -2       0.03965814  d_xy
   49   3   2  -1       0.03694211  d_yz
   49   3   2   0       0.01835305  d_z2
   49   3   2   1       0.03470862  d_xz
   49   3   2   2       0.01678896  d_x2-y2
   50   1   0   0       1.36188596  s
   50   2   1  -1       0.83074957  p_y
   50   2   1   0       0.82685733  p_z
   50   2   1   1       0.82689384  p_x
   50   3   2  -2       0.03736113  d_xy
   50   3   2  -1       0.04274377  d_yz
   50   3   2   0       0.01978842  d_z2
   50   3   2   1       0.03843351  d_xz
   50   3   2   2       0.02139839  d_x2-y2
   51   1   0   0       1.33687212  s
   51   2   1  -1       0.82767324  p_y
   51   2   1   0       0.83315363  p_z
   51   2   1   1       0.83038174  p_x
   51   3   2  -2       0.04120171  d_xy
   51   3   2  -1       0.04296332  d_yz
   51   3   2   0       0.01959527  d_z2
   51   3   2   1       0.03808284  d_xz
   51   3   2   2       0.02169872  d_x2-y2
   52   1   0   0       1.36946867  s
   52   2   1  -1       0.83431291  p_y
   52   2   1   0       0.82952250  p_z
   52   2   1   1       0.82912754  p_x
   52   3   2  -2       0.03698889  d_xy
   52   3   2  -1       0.03600543  d_yz
   52   3   2   0       0.01867071  d_z2
   52   3   2   1       0.04113383  d_xz
   52   3   2   2       0.01674797  d_x2-y2
   53   1   0   0       1.31686902  s
   53   2   1  -1       0.82255493  p_y
   53   2   1   0       0.82837730  p_z
   53   2   1   1       0.82425235  p_x
   53   3   2  -2       0.04686698  d_xy
   53   3   2  -1       0.04339341  d_yz
   53   3   2   0       0.02443531  d_z2
   53   3   2   1       0.04557890  d_xz
   53   3   2   2       0.02597227  d_x2-y2
   54   1   0   0       1.33595067  s
   54   2   1  -1       0.82546965  p_y
   54   2   1   0       0.82449929  p_z
   54   2   1   1       0.82536066  p_x
   54   3   2  -2       0.04297019  d_xy
   54   3   2  -1       0.03807693  d_yz
   54   3   2   0       0.02265000  d_z2
   54   3   2   1       0.04647233  d_xz
   54   3   2   2       0.02347556  d_x2-y2
   55   1   0   0       1.37246563  s
   55   2   1  -1       0.82522092  p_y
   55   2   1   0       0.82827912  p_z
   55   2   1   1       0.82665680  p_x
   55   3   2  -2       0.04042422  d_xy
   55   3   2  -1       0.03757893  d_yz
   55   3   2   0       0.01903804  d_z2
   55   3   2   1       0.03958882  d_xz
   55   3   2   2       0.01867552  d_x2-y2
   56   1   0   0       1.37434551  s
   56   2   1  -1       0.82966634  p_y
   56   2   1   0       0.82220189  p_z
   56   2   1   1       0.82335735  p_x
   56   3   2  -2       0.03788075  d_xy
   56   3   2  -1       0.03851786  d_yz
   56   3   2   0       0.02032175  d_z2
   56   3   2   1       0.04147845  d_xz
   56   3   2   2       0.01752339  d_x2-y2
   57   1   0   0       1.37862466  s
   57   2   1  -1       0.83095104  p_y
   57   2   1   0       0.83319144  p_z
   57   2   1   1       0.82876588  p_x
   57   3   2  -2       0.04098418  d_xy
   57   3   2  -1       0.03604038  d_yz
   57   3   2   0       0.01781266  d_z2
   57   3   2   1       0.03603671  d_xz
   57   3   2   2       0.01797374  d_x2-y2
   58   1   0   0       1.38894203  s
   58   2   1  -1       0.83511042  p_y
   58   2   1   0       0.82797507  p_z
   58   2   1   1       0.83414139  p_x
   58   3   2  -2       0.03423608  d_xy
   58   3   2  -1       0.03606692  d_yz
   58   3   2   0       0.01755581  d_z2
   58   3   2   1       0.03617343  d_xz
   58   3   2   2       0.01589674  d_x2-y2
   59   1   0   0       1.35058287  s
   59   2   1  -1       0.82546772  p_y
   59   2   1   0       0.82889716  p_z
   59   2   1   1       0.82702124  p_x
   59   3   2  -2       0.03887585  d_xy
   59   3   2  -1       0.04224810  d_yz
   59   3   2   0       0.01933923  d_z2
   59   3   2   1       0.04399649  d_xz
   59   3   2   2       0.02294728  d_x2-y2
   60   1   0   0       1.36831095  s
   60   2   1  -1       0.83073417  p_y
   60   2   1   0       0.83115985  p_z
   60   2   1   1       0.82893931  p_x
   60   3   2  -2       0.03927820  d_xy
   60   3   2  -1       0.03711737  d_yz
   60   3   2   0       0.01801897  d_z2
   60   3   2   1       0.03789406  d_xz
   60   3   2   2       0.01883089  d_x2-y2
   61   1   0   0       1.36239340  s
   61   2   1  -1       0.83128322  p_y
   61   2   1   0       0.82760240  p_z
   61   2   1   1       0.83439960  p_x
   61   3   2  -2       0.03663653  d_xy
   61   3   2  -1       0.04165827  d_yz
   61   3   2   0       0.01967644  d_z2
   61   3   2   1       0.03840504  d_xz
   61   3   2   2       0.01761053  d_x2-y2
   62   1   0   0       1.35606274  s
   62   2   1  -1       0.82557615  p_y
   62   2   1   0       0.83058858  p_z
   62   2   1   1       0.82264805  p_x
   62   3   2  -2       0.04205651  d_xy
   62   3   2  -1       0.04394521  d_yz
   62   3   2   0       0.02032049  d_z2
   62   3   2   1       0.03711439  d_xz
   62   3   2   2       0.02197840  d_x2-y2
   63   1   0   0       1.37843472  s
   63   2   1  -1       0.83587762  p_y
   63   2   1   0       0.82940245  p_z
   63   2   1   1       0.83412152  p_x
   63   3   2  -2       0.03501944  d_xy
   63   3   2  -1       0.03796959  d_yz
   63   3   2   0       0.01715890  d_z2
   63   3   2   1       0.03580309  d_xz
   63   3   2   2       0.01606025  d_x2-y2
   64   1   0   0       1.33103117  s
   64   2   1  -1       0.83186276  p_y
   64   2   1   0       0.83229674  p_z
   64   2   1   1       0.83017522  p_x
   64   3   2  -2       0.04315005  d_xy
   64   3   2  -1       0.03914880  d_yz
   64   3   2   0       0.02086059  d_z2
   64   3   2   1       0.04147728  d_xz
   64   3   2   2       0.02187089  d_x2-y2

Fermi level:                        -0.1330697869 H           -3.6210 eV
Band energy:                       -88.1917098812 H        -2399.8185 eV
TS:                                  0.0000000000 H            0.0000 eV
Band free energy (E-TS):           -88.1917098812 H        -2399.8185 eV
Extrapolated E(0K):                -88.1917098812 H        -2399.8185 eV
Input / Output electrons (q):    256.0000000000    256.0000000000

Energy H0:                         -88.1756030868 H        -2399.3802 eV
Energy SCC:                          0.0005550446 H            0.0151 eV
Total Electronic energy:           -88.1750480422 H        -2399.3651 eV
Repulsive energy:                    0.0000000000 H            0.0000 eV
Total energy:                      -88.1750480422 H        -2399.3651 eV
Extrapolated to 0:                 -88.1750480422 H        -2399.3651 eV
Total Mermin free energy:          -88.1750480422 H        -2399.3651 eV
Force related energy:              -88.1750480422 H        -2399.3651 eV

Non-constrained calculation

SCC converged

Warning: dipole moment is not defined absolutely!
Dipole moment:    0.34438834   -0.50908298    0.29047335 au
Dipole moment:    0.87534793   -1.29395997    0.73830967 Debye


