 Fermi distribution function

Calculation with static geometry


********************************************************************************
 iSCC Total electronic   Diff electronic      SCC error    
    9   -0.88142402E+02   -0.15407409E-08    0.79893425E-05
********************************************************************************

 Total charge:    -0.00000000

 Atomic gross charges (e)
 Atom           Charge
    1      -0.00836653
    2      -0.01078464
    3       0.01164239
    4      -0.00544540
    5      -0.01847181
    6       0.02284043
    7       0.00132595
    8       0.03011629
    9      -0.01204661
   10       0.01042460
   11      -0.01276111
   12       0.00043357
   13       0.00922149
   14       0.00673429
   15       0.01235949
   16       0.01386064
   17       0.01139162
   18       0.00185306
   19       0.00702850
   20      -0.00371508
   21       0.00691455
   22      -0.01696630
   23       0.01794001
   24      -0.02490656
   25      -0.00707273
   26      -0.00343351
   27      -0.01036598
   28      -0.00175755
   29       0.00548076
   30      -0.02727917
   31      -0.00492052
   32      -0.01449928
   33       0.00007036
   34       0.02422684
   35      -0.00016306
   36      -0.01670718
   37       0.01125051
   38       0.00069936
   39       0.00772171
   40       0.00756644
   41      -0.02824393
   42       0.01824726
   43      -0.00143154
   44       0.02314413
   45      -0.00145082
   46       0.01719011
   47       0.01447679
   48       0.01781481
   49      -0.00239102
   50      -0.02346711
   51       0.01722132
   52       0.00693477
   53       0.01461037
   54      -0.03003588
   55      -0.00999005
   56      -0.00197849
   57      -0.00550094
   58       0.00872936
   59       0.01231055
   60      -0.01622787
   61      -0.01138513
   62      -0.01434220
   63      -0.01544364
   64      -0.01023071

Nr. of electrons (up):    256.00000000
Atom populations (up)
 Atom       Population
    1       4.00836653
    2       4.01078464
    3       3.98835761
    4       4.00544540
    5       4.01847181
    6       3.97715957
    7       3.99867405
    8       3.96988371
    9       4.01204661
   10       3.98957540
   11       4.01276111
   12       3.99956643
   13       3.99077851
   14       3.99326571
   15       3.98764051
   16       3.98613936
   17       3.98860838
   18       3.99814694
   19       3.99297150
   20       4.00371508
   21       3.99308545
   22       4.01696630
   23       3.98205999
   24       4.02490656
   25       4.00707273
   26       4.00343351
   27       4.01036598
   28       4.00175755
   29       3.99451924
   30       4.02727917
   31       4.00492052
   32       4.01449928
   33       3.99992964
   34       3.97577316
   35       4.00016306
   36       4.01670718
   37       3.98874949
   38       3.99930064
   39       3.99227829
   40       3.99243356
   41       4.02824393
   42       3.98175274
   43       4.00143154
   44       3.97685587
   45       4.00145082
   46       3.98280989
   47       3.98552321
   48       3.98218519
   49       4.00239102
   50       4.02346711
   51       3.98277868
   52       3.99306523
   53       3.98538963
   54       4.03003588
   55       4.00999005
   56       4.00197849
   57       4.00550094
   58       3.99127064
   59       3.98768945
   60       4.01622787
   61       4.01138513
   62       4.01434220
   63       4.01544364
   64       4.01023071

l-shell populations (up)
 Atom Sh.   l       Population
    1   1   0       1.35479907
    1   2   1       2.49598799
    1   3   2       0.15757948
    2   1   0       1.39380752
    2   2   1       2.47003702
    2   3   2       0.14694010
    3   1   0       1.35110533
    3   2   1       2.47216204
    3   3   2       0.16509024
    4   1   0       1.36885172
    4   2   1       2.48606523
    4   3   2       0.15052844
    5   1   0       1.39356452
    5   2   1       2.48305687
    5   3   2       0.14185041
    6   1   0       1.33062379
    6   2   1       2.46894313
    6   3   2       0.17759266
    7   1   0       1.35482123
    7   2   1       2.48503133
    7   3   2       0.15882150
    8   1   0       1.31714284
    8   2   1       2.47420728
    8   3   2       0.17853359
    9   1   0       1.38676544
    9   2   1       2.47987045
    9   3   2       0.14541072
   10   1   0       1.33660450
   10   2   1       2.49520624
   10   3   2       0.15776466
   11   1   0       1.37038435
   11   2   1       2.50373761
   11   3   2       0.13863915
   12   1   0       1.36620892
   12   2   1       2.47868246
   12   3   2       0.15467505
   13   1   0       1.34043364
   13   2   1       2.48565994
   13   3   2       0.16468494
   14   1   0       1.35169748
   14   2   1       2.48432870
   14   3   2       0.15723953
   15   1   0       1.33886993
   15   2   1       2.48282390
   15   3   2       0.16594668
   16   1   0       1.35815063
   16   2   1       2.46717980
   16   3   2       0.16080893
   17   1   0       1.33964360
   17   2   1       2.48409394
   17   3   2       0.16487084
   18   1   0       1.36355867
   18   2   1       2.47906325
   18   3   2       0.15552502
   19   1   0       1.34479687
   19   2   1       2.48314107
   19   3   2       0.16503356
   20   1   0       1.35782187
   20   2   1       2.49216733
   20   3   2       0.15372588
   21   1   0       1.33986330
   21   2   1       2.48448090
   21   3   2       0.16874125
   22   1   0       1.35504939
   22   2   1       2.50223132
   22   3   2       0.15968559
   23   1   0       1.33130863
   23   2   1       2.47569187
   23   3   2       0.17505949
   24   1   0       1.38882782
   24   2   1       2.49708099
   24   3   2       0.13899775
   25   1   0       1.37901854
   25   2   1       2.47800661
   25   3   2       0.15004759
   26   1   0       1.36380235
   26   2   1       2.48326482
   26   3   2       0.15636634
   27   1   0       1.37139226
   27   2   1       2.48474283
   27   3   2       0.15423088
   28   1   0       1.36488005
   28   2   1       2.47280402
   28   3   2       0.16407348
   29   1   0       1.34860561
   29   2   1       2.47851769
   29   3   2       0.16739594
   30   1   0       1.38918435
   30   2   1       2.49006642
   30   3   2       0.14802840
   31   1   0       1.37364173
   31   2   1       2.48181323
   31   3   2       0.14946557
   32   1   0       1.36620013
   32   2   1       2.49030613
   32   3   2       0.15799302
   33   1   0       1.35657188
   33   2   1       2.48517594
   33   3   2       0.15818181
   34   1   0       1.35540462
   34   2   1       2.45341175
   34   3   2       0.16695679
   35   1   0       1.36114463
   35   2   1       2.47929176
   35   3   2       0.15972667
   36   1   0       1.39144694
   36   2   1       2.48497624
   36   3   2       0.14028400
   37   1   0       1.35867313
   37   2   1       2.47253788
   37   3   2       0.15753847
   38   1   0       1.37124363
   38   2   1       2.47009314
   38   3   2       0.15796387
   39   1   0       1.35748761
   39   2   1       2.48268005
   39   3   2       0.15211063
   40   1   0       1.34690295
   40   2   1       2.48439339
   40   3   2       0.16113721
   41   1   0       1.39427328
   41   2   1       2.48934355
   41   3   2       0.14462710
   42   1   0       1.32929257
   42   2   1       2.48189299
   42   3   2       0.17056719
   43   1   0       1.34204198
   43   2   1       2.49698652
   43   3   2       0.16240303
   44   1   0       1.32685988
   44   2   1       2.47500116
   44   3   2       0.17499484
   45   1   0       1.35860720
   45   2   1       2.48985300
   45   3   2       0.15299062
   46   1   0       1.33549871
   46   2   1       2.47763269
   46   3   2       0.16967849
   47   1   0       1.34736755
   47   2   1       2.47879640
   47   3   2       0.15935927
   48   1   0       1.33669673
   48   2   1       2.47558575
   48   3   2       0.16990272
   49   1   0       1.36063827
   49   2   1       2.49115868
   49   3   2       0.15059408
   50   1   0       1.37856580
   50   2   1       2.49185996
   50   3   2       0.15304135
   51   1   0       1.33731231
   51   2   1       2.47213190
   51   3   2       0.17333447
   52   1   0       1.34443860
   52   2   1       2.48008119
   52   3   2       0.16854543
   53   1   0       1.32560607
   53   2   1       2.47798303
   53   3   2       0.18180053
   54   1   0       1.39893684
   54   2   1       2.50005075
   54   3   2       0.13104829
   55   1   0       1.37440457
   55   2   1       2.49309157
   55   3   2       0.14249390
   56   1   0       1.36516866
   56   2   1       2.48741437
   56   3   2       0.14939545
   57   1   0       1.37343950
   57   2   1       2.48035656
   57   3   2       0.15170487
   58   1   0       1.34152102
   58   2   1       2.48228907
   58   3   2       0.16746055
   59   1   0       1.34188810
   59   2   1       2.47757579
   59   3   2       0.16822557
   60   1   0       1.38081910
   60   2   1       2.48242789
   60   3   2       0.15298087
   61   1   0       1.36798878
   61   2   1       2.48883665
   61   3   2       0.15455969
   62   1   0       1.37539312
   62   2   1       2.48764453
   62   3   2       0.15130456
   63   1   0       1.37805333
   63   2   1       2.48797881
   63   3   2       0.14941150
   64   1   0       1.37360424
   64   2   1       2.48302293
   64   3   2       0.15360354

Orbital populations (up)
 Atom Sh.   l   m       Population  Label
    1   1   0   0       1.35479907  s
    1   2   1  -1       0.83465747  p_y
    1   2   1   0       0.83486829  p_z
    1   2   1   1       0.82646223  p_x
    1   3   2  -2       0.04486115  d_xy
    1   3   2  -1       0.03390956  d_yz
    1   3   2   0       0.02004877  d_z2
    1   3   2   1       0.03963194  d_xz
    1   3   2   2       0.01912806  d_x2-y2
    2   1   0   0       1.39380752  s
    2   2   1  -1       0.82967753  p_y
    2   2   1   0       0.81726865  p_z
    2   2   1   1       0.82309084  p_x
    2   3   2  -2       0.03467206  d_xy
    2   3   2  -1       0.03738004  d_yz
    2   3   2   0       0.01864778  d_z2
    2   3   2   1       0.03943066  d_xz
    2   3   2   2       0.01680956  d_x2-y2
    3   1   0   0       1.35110533  s
    3   2   1  -1       0.82438612  p_y
    3   2   1   0       0.82471380  p_z
    3   2   1   1       0.82306212  p_x
    3   3   2  -2       0.03990830  d_xy
    3   3   2  -1       0.04195128  d_yz
    3   3   2   0       0.02151419  d_z2
    3   3   2   1       0.04066996  d_xz
    3   3   2   2       0.02104652  d_x2-y2
    4   1   0   0       1.36885172  s
    4   2   1  -1       0.83450490  p_y
    4   2   1   0       0.82382855  p_z
    4   2   1   1       0.82773179  p_x
    4   3   2  -2       0.03793224  d_xy
    4   3   2  -1       0.03658534  d_yz
    4   3   2   0       0.01857498  d_z2
    4   3   2   1       0.03951132  d_xz
    4   3   2   2       0.01792455  d_x2-y2
    5   1   0   0       1.39356452  s
    5   2   1  -1       0.82505726  p_y
    5   2   1   0       0.82634000  p_z
    5   2   1   1       0.83165961  p_x
    5   3   2  -2       0.03554247  d_xy
    5   3   2  -1       0.03966821  d_yz
    5   3   2   0       0.01683470  d_z2
    5   3   2   1       0.03419585  d_xz
    5   3   2   2       0.01560918  d_x2-y2
    6   1   0   0       1.33062379  s
    6   2   1  -1       0.82872055  p_y
    6   2   1   0       0.82041405  p_z
    6   2   1   1       0.81980853  p_x
    6   3   2  -2       0.03932246  d_xy
    6   3   2  -1       0.04263743  d_yz
    6   3   2   0       0.02371080  d_z2
    6   3   2   1       0.04822195  d_xz
    6   3   2   2       0.02370001  d_x2-y2
    7   1   0   0       1.35482123  s
    7   2   1  -1       0.82439410  p_y
    7   2   1   0       0.83086051  p_z
    7   2   1   1       0.82977672  p_x
    7   3   2  -2       0.04359475  d_xy
    7   3   2  -1       0.03702533  d_yz
    7   3   2   0       0.01881960  d_z2
    7   3   2   1       0.03878107  d_xz
    7   3   2   2       0.02060075  d_x2-y2
    8   1   0   0       1.31714284  s
    8   2   1  -1       0.82599831  p_y
    8   2   1   0       0.82266994  p_z
    8   2   1   1       0.82553902  p_x
    8   3   2  -2       0.04338430  d_xy
    8   3   2  -1       0.04383868  d_yz
    8   3   2   0       0.02496019  d_z2
    8   3   2   1       0.04295185  d_xz
    8   3   2   2       0.02339859  d_x2-y2
    9   1   0   0       1.38676544  s
    9   2   1  -1       0.82596255  p_y
    9   2   1   0       0.82882905  p_z
    9   2   1   1       0.82507885  p_x
    9   3   2  -2       0.03514930  d_xy
    9   3   2  -1       0.03686089  d_yz
    9   3   2   0       0.01663446  d_z2
    9   3   2   1       0.03888950  d_xz
    9   3   2   2       0.01787658  d_x2-y2
   10   1   0   0       1.33660450  s
   10   2   1  -1       0.83478193  p_y
   10   2   1   0       0.83091330  p_z
   10   2   1   1       0.82951102  p_x
   10   3   2  -2       0.03794438  d_xy
   10   3   2  -1       0.04011872  d_yz
   10   3   2   0       0.01927385  d_z2
   10   3   2   1       0.03979281  d_xz
   10   3   2   2       0.02063490  d_x2-y2
   11   1   0   0       1.37038435  s
   11   2   1  -1       0.83400027  p_y
   11   2   1   0       0.84097958  p_z
   11   2   1   1       0.82875776  p_x
   11   3   2  -2       0.03632704  d_xy
   11   3   2  -1       0.03365526  d_yz
   11   3   2   0       0.01601515  d_z2
   11   3   2   1       0.03547197  d_xz
   11   3   2   2       0.01716973  d_x2-y2
   12   1   0   0       1.36620892  s
   12   2   1  -1       0.82554302  p_y
   12   2   1   0       0.82353861  p_z
   12   2   1   1       0.82960082  p_x
   12   3   2  -2       0.03520729  d_xy
   12   3   2  -1       0.04202254  d_yz
   12   3   2   0       0.01925422  d_z2
   12   3   2   1       0.03990168  d_xz
   12   3   2   2       0.01828933  d_x2-y2
   13   1   0   0       1.34043364  s
   13   2   1  -1       0.83008686  p_y
   13   2   1   0       0.82679052  p_z
   13   2   1   1       0.82878255  p_x
   13   3   2  -2       0.03738802  d_xy
   13   3   2  -1       0.04167933  d_yz
   13   3   2   0       0.02169961  d_z2
   13   3   2   1       0.04295922  d_xz
   13   3   2   2       0.02095876  d_x2-y2
   14   1   0   0       1.35169748  s
   14   2   1  -1       0.82565073  p_y
   14   2   1   0       0.82950568  p_z
   14   2   1   1       0.82917229  p_x
   14   3   2  -2       0.04201876  d_xy
   14   3   2  -1       0.03954727  d_yz
   14   3   2   0       0.01974659  d_z2
   14   3   2   1       0.03688912  d_xz
   14   3   2   2       0.01903778  d_x2-y2
   15   1   0   0       1.33886993  s
   15   2   1  -1       0.83468672  p_y
   15   2   1   0       0.82317705  p_z
   15   2   1   1       0.82496013  p_x
   15   3   2  -2       0.03907756  d_xy
   15   3   2  -1       0.03916692  d_yz
   15   3   2   0       0.02195996  d_z2
   15   3   2   1       0.04606822  d_xz
   15   3   2   2       0.01967402  d_x2-y2
   16   1   0   0       1.35815063  s
   16   2   1  -1       0.82151302  p_y
   16   2   1   0       0.82437143  p_z
   16   2   1   1       0.82129536  p_x
   16   3   2  -2       0.04164765  d_xy
   16   3   2  -1       0.03962210  d_yz
   16   3   2   0       0.02071107  d_z2
   16   3   2   1       0.03916028  d_xz
   16   3   2   2       0.01966783  d_x2-y2
   17   1   0   0       1.33964360  s
   17   2   1  -1       0.82893659  p_y
   17   2   1   0       0.82673581  p_z
   17   2   1   1       0.82842154  p_x
   17   3   2  -2       0.03985684  d_xy
   17   3   2  -1       0.04180922  d_yz
   17   3   2   0       0.02199350  d_z2
   17   3   2   1       0.04001796  d_xz
   17   3   2   2       0.02119333  d_x2-y2
   18   1   0   0       1.36355867  s
   18   2   1  -1       0.82060990  p_y
   18   2   1   0       0.82900017  p_z
   18   2   1   1       0.82945318  p_x
   18   3   2  -2       0.03789309  d_xy
   18   3   2  -1       0.03835451  d_yz
   18   3   2   0       0.02025322  d_z2
   18   3   2   1       0.04005715  d_xz
   18   3   2   2       0.01896706  d_x2-y2
   19   1   0   0       1.34479687  s
   19   2   1  -1       0.82499550  p_y
   19   2   1   0       0.82977337  p_z
   19   2   1   1       0.82837220  p_x
   19   3   2  -2       0.04305116  d_xy
   19   3   2  -1       0.04100920  d_yz
   19   3   2   0       0.02122441  d_z2
   19   3   2   1       0.03929311  d_xz
   19   3   2   2       0.02045568  d_x2-y2
   20   1   0   0       1.35782187  s
   20   2   1  -1       0.82702647  p_y
   20   2   1   0       0.83301238  p_z
   20   2   1   1       0.83212849  p_x
   20   3   2  -2       0.03843956  d_xy
   20   3   2  -1       0.04124843  d_yz
   20   3   2   0       0.01852401  d_z2
   20   3   2   1       0.03634008  d_xz
   20   3   2   2       0.01917380  d_x2-y2
   21   1   0   0       1.33986330  s
   21   2   1  -1       0.82972717  p_y
   21   2   1   0       0.82998172  p_z
   21   2   1   1       0.82477201  p_x
   21   3   2  -2       0.04480076  d_xy
   21   3   2  -1       0.04051349  d_yz
   21   3   2   0       0.02204550  d_z2
   21   3   2   1       0.03996244  d_xz
   21   3   2   2       0.02141905  d_x2-y2
   22   1   0   0       1.35504939  s
   22   2   1  -1       0.83520008  p_y
   22   2   1   0       0.83151332  p_z
   22   2   1   1       0.83551792  p_x
   22   3   2  -2       0.03814102  d_xy
   22   3   2  -1       0.04168962  d_yz
   22   3   2   0       0.01968042  d_z2
   22   3   2   1       0.03903756  d_xz
   22   3   2   2       0.02113696  d_x2-y2
   23   1   0   0       1.33130863  s
   23   2   1  -1       0.82604238  p_y
   23   2   1   0       0.82964243  p_z
   23   2   1   1       0.82000707  p_x
   23   3   2  -2       0.04454412  d_xy
   23   3   2  -1       0.04195575  d_yz
   23   3   2   0       0.02211190  d_z2
   23   3   2   1       0.04259249  d_xz
   23   3   2   2       0.02385523  d_x2-y2
   24   1   0   0       1.38882782  s
   24   2   1  -1       0.82601848  p_y
   24   2   1   0       0.83134096  p_z
   24   2   1   1       0.83972155  p_x
   24   3   2  -2       0.03401757  d_xy
   24   3   2  -1       0.03919658  d_yz
   24   3   2   0       0.01650512  d_z2
   24   3   2   1       0.03221930  d_xz
   24   3   2   2       0.01705919  d_x2-y2
   25   1   0   0       1.37901854  s
   25   2   1  -1       0.82643315  p_y
   25   2   1   0       0.82767327  p_z
   25   2   1   1       0.82390018  p_x
   25   3   2  -2       0.03675185  d_xy
   25   3   2  -1       0.03765657  d_yz
   25   3   2   0       0.01812549  d_z2
   25   3   2   1       0.03901498  d_xz
   25   3   2   2       0.01849871  d_x2-y2
   26   1   0   0       1.36380235  s
   26   2   1  -1       0.82333920  p_y
   26   2   1   0       0.83060607  p_z
   26   2   1   1       0.82931955  p_x
   26   3   2  -2       0.04261898  d_xy
   26   3   2  -1       0.04096299  d_yz
   26   3   2   0       0.01824969  d_z2
   26   3   2   1       0.03437653  d_xz
   26   3   2   2       0.02015814  d_x2-y2
   27   1   0   0       1.37139226  s
   27   2   1  -1       0.82833838  p_y
   27   2   1   0       0.82444598  p_z
   27   2   1   1       0.83195847  p_x
   27   3   2  -2       0.03953672  d_xy
   27   3   2  -1       0.03684517  d_yz
   27   3   2   0       0.02078314  d_z2
   27   3   2   1       0.04014678  d_xz
   27   3   2   2       0.01691907  d_x2-y2
   28   1   0   0       1.36488005  s
   28   2   1  -1       0.82353514  p_y
   28   2   1   0       0.82711806  p_z
   28   2   1   1       0.82215082  p_x
   28   3   2  -2       0.04357866  d_xy
   28   3   2  -1       0.03750272  d_yz
   28   3   2   0       0.02004655  d_z2
   28   3   2   1       0.04186283  d_xz
   28   3   2   2       0.02108272  d_x2-y2
   29   1   0   0       1.34860561  s
   29   2   1  -1       0.82345165  p_y
   29   2   1   0       0.82862534  p_z
   29   2   1   1       0.82644070  p_x
   29   3   2  -2       0.04430764  d_xy
   29   3   2  -1       0.03566839  d_yz
   29   3   2   0       0.02112368  d_z2
   29   3   2   1       0.04413691  d_xz
   29   3   2   2       0.02215932  d_x2-y2
   30   1   0   0       1.38918435  s
   30   2   1  -1       0.83270731  p_y
   30   2   1   0       0.82767181  p_z
   30   2   1   1       0.82968730  p_x
   30   3   2  -2       0.03450642  d_xy
   30   3   2  -1       0.03826507  d_yz
   30   3   2   0       0.01674846  d_z2
   30   3   2   1       0.04030419  d_xz
   30   3   2   2       0.01820427  d_x2-y2
   31   1   0   0       1.37364173  s
   31   2   1  -1       0.82537709  p_y
   31   2   1   0       0.83462224  p_z
   31   2   1   1       0.82181390  p_x
   31   3   2  -2       0.03927047  d_xy
   31   3   2  -1       0.03909734  d_yz
   31   3   2   0       0.01660100  d_z2
   31   3   2   1       0.03507341  d_xz
   31   3   2   2       0.01942334  d_x2-y2
   32   1   0   0       1.36620013  s
   32   2   1  -1       0.82772601  p_y
   32   2   1   0       0.83459881  p_z
   32   2   1   1       0.82798131  p_x
   32   3   2  -2       0.04117466  d_xy
   32   3   2  -1       0.03793065  d_yz
   32   3   2   0       0.01884320  d_z2
   32   3   2   1       0.03919361  d_xz
   32   3   2   2       0.02085090  d_x2-y2
   33   1   0   0       1.35657188  s
   33   2   1  -1       0.82792155  p_y
   33   2   1   0       0.83303377  p_z
   33   2   1   1       0.82422063  p_x
   33   3   2  -2       0.03783597  d_xy
   33   3   2  -1       0.03618740  d_yz
   33   3   2   0       0.01693449  d_z2
   33   3   2   1       0.04523856  d_xz
   33   3   2   2       0.02198539  d_x2-y2
   34   1   0   0       1.35540462  s
   34   2   1  -1       0.81900682  p_y
   34   2   1   0       0.81311412  p_z
   34   2   1   1       0.82129081  p_x
   34   3   2  -2       0.04498988  d_xy
   34   3   2  -1       0.04125883  d_yz
   34   3   2   0       0.02345033  d_z2
   34   3   2   1       0.03698140  d_xz
   34   3   2   2       0.02027636  d_x2-y2
   35   1   0   0       1.36114463  s
   35   2   1  -1       0.81863706  p_y
   35   2   1   0       0.83094437  p_z
   35   2   1   1       0.82971033  p_x
   35   3   2  -2       0.03926988  d_xy
   35   3   2  -1       0.04157928  d_yz
   35   3   2   0       0.01911570  d_z2
   35   3   2   1       0.03905521  d_xz
   35   3   2   2       0.02070660  d_x2-y2
   36   1   0   0       1.39144694  s
   36   2   1  -1       0.82841665  p_y
   36   2   1   0       0.83346003  p_z
   36   2   1   1       0.82309955  p_x
   36   3   2  -2       0.04215488  d_xy
   36   3   2  -1       0.03261208  d_yz
   36   3   2   0       0.01662334  d_z2
   36   3   2   1       0.03283802  d_xz
   36   3   2   2       0.01605569  d_x2-y2
   37   1   0   0       1.35867313  s
   37   2   1  -1       0.82389670  p_y
   37   2   1   0       0.82185125  p_z
   37   2   1   1       0.82678993  p_x
   37   3   2  -2       0.03734233  d_xy
   37   3   2  -1       0.04144130  d_yz
   37   3   2   0       0.02025791  d_z2
   37   3   2   1       0.03909723  d_xz
   37   3   2   2       0.01939971  d_x2-y2
   38   1   0   0       1.37124363  s
   38   2   1  -1       0.82418231  p_y
   38   2   1   0       0.82307565  p_z
   38   2   1   1       0.82283518  p_x
   38   3   2  -2       0.04026547  d_xy
   38   3   2  -1       0.03791223  d_yz
   38   3   2   0       0.01994631  d_z2
   38   3   2   1       0.04070403  d_xz
   38   3   2   2       0.01913583  d_x2-y2
   39   1   0   0       1.35748761  s
   39   2   1  -1       0.82661804  p_y
   39   2   1   0       0.82902470  p_z
   39   2   1   1       0.82703731  p_x
   39   3   2  -2       0.04049638  d_xy
   39   3   2  -1       0.03604452  d_yz
   39   3   2   0       0.01891824  d_z2
   39   3   2   1       0.03815435  d_xz
   39   3   2   2       0.01849714  d_x2-y2
   40   1   0   0       1.34690295  s
   40   2   1  -1       0.82165378  p_y
   40   2   1   0       0.83251616  p_z
   40   2   1   1       0.83022346  p_x
   40   3   2  -2       0.04229325  d_xy
   40   3   2  -1       0.04264116  d_yz
   40   3   2   0       0.01890344  d_z2
   40   3   2   1       0.03610812  d_xz
   40   3   2   2       0.02119125  d_x2-y2
   41   1   0   0       1.39427328  s
   41   2   1  -1       0.82380322  p_y
   41   2   1   0       0.83332570  p_z
   41   2   1   1       0.83221463  p_x
   41   3   2  -2       0.03985568  d_xy
   41   3   2  -1       0.04297454  d_yz
   41   3   2   0       0.01661461  d_z2
   41   3   2   1       0.02872146  d_xz
   41   3   2   2       0.01646081  d_x2-y2
   42   1   0   0       1.32929257  s
   42   2   1  -1       0.82633715  p_y
   42   2   1   0       0.82690201  p_z
   42   2   1   1       0.82865383  p_x
   42   3   2  -2       0.03875649  d_xy
   42   3   2  -1       0.04495728  d_yz
   42   3   2   0       0.02177092  d_z2
   42   3   2   1       0.04261051  d_xz
   42   3   2   2       0.02247199  d_x2-y2
   43   1   0   0       1.34204198  s
   43   2   1  -1       0.83043229  p_y
   43   2   1   0       0.83195278  p_z
   43   2   1   1       0.83460144  p_x
   43   3   2  -2       0.04631342  d_xy
   43   3   2  -1       0.03563096  d_yz
   43   3   2   0       0.02449653  d_z2
   43   3   2   1       0.03776793  d_xz
   43   3   2   2       0.01819420  d_x2-y2
   44   1   0   0       1.32685988  s
   44   2   1  -1       0.83164940  p_y
   44   2   1   0       0.81963877  p_z
   44   2   1   1       0.82371299  p_x
   44   3   2  -2       0.03642820  d_xy
   44   3   2  -1       0.04338357  d_yz
   44   3   2   0       0.02214283  d_z2
   44   3   2   1       0.04922338  d_xz
   44   3   2   2       0.02381686  d_x2-y2
   45   1   0   0       1.35860720  s
   45   2   1  -1       0.82980784  p_y
   45   2   1   0       0.82900284  p_z
   45   2   1   1       0.83104232  p_x
   45   3   2  -2       0.03879772  d_xy
   45   3   2  -1       0.03965320  d_yz
   45   3   2   0       0.01978064  d_z2
   45   3   2   1       0.03703173  d_xz
   45   3   2   2       0.01772734  d_x2-y2
   46   1   0   0       1.33549871  s
   46   2   1  -1       0.82961162  p_y
   46   2   1   0       0.82949211  p_z
   46   2   1   1       0.81852896  p_x
   46   3   2  -2       0.04305601  d_xy
   46   3   2  -1       0.04026334  d_yz
   46   3   2   0       0.02122649  d_z2
   46   3   2   1       0.04124833  d_xz
   46   3   2   2       0.02388432  d_x2-y2
   47   1   0   0       1.34736755  s
   47   2   1  -1       0.82320764  p_y
   47   2   1   0       0.82631381  p_z
   47   2   1   1       0.82927495  p_x
   47   3   2  -2       0.03699255  d_xy
   47   3   2  -1       0.04147654  d_yz
   47   3   2   0       0.01902869  d_z2
   47   3   2   1       0.04088135  d_xz
   47   3   2   2       0.02098013  d_x2-y2
   48   1   0   0       1.33669673  s
   48   2   1  -1       0.82610316  p_y
   48   2   1   0       0.82680374  p_z
   48   2   1   1       0.82267884  p_x
   48   3   2  -2       0.04224000  d_xy
   48   3   2  -1       0.03863642  d_yz
   48   3   2   0       0.02292056  d_z2
   48   3   2   1       0.04431540  d_xz
   48   3   2   2       0.02179034  d_x2-y2
   49   1   0   0       1.36063827  s
   49   2   1  -1       0.83020732  p_y
   49   2   1   0       0.83124931  p_z
   49   2   1   1       0.82970205  p_x
   49   3   2  -2       0.04080182  d_xy
   49   3   2  -1       0.03592035  d_yz
   49   3   2   0       0.01975571  d_z2
   49   3   2   1       0.03665500  d_xz
   49   3   2   2       0.01746119  d_x2-y2
   50   1   0   0       1.37856580  s
   50   2   1  -1       0.82999974  p_y
   50   2   1   0       0.83502667  p_z
   50   2   1   1       0.82683355  p_x
   50   3   2  -2       0.03750747  d_xy
   50   3   2  -1       0.03881984  d_yz
   50   3   2   0       0.01760526  d_z2
   50   3   2   1       0.03917077  d_xz
   50   3   2   2       0.01993800  d_x2-y2
   51   1   0   0       1.33731231  s
   51   2   1  -1       0.83000741  p_y
   51   2   1   0       0.81680406  p_z
   51   2   1   1       0.82532043  p_x
   51   3   2  -2       0.03754229  d_xy
   51   3   2  -1       0.04501324  d_yz
   51   3   2   0       0.02364652  d_z2
   51   3   2   1       0.04591492  d_xz
   51   3   2   2       0.02121750  d_x2-y2
   52   1   0   0       1.34443860  s
   52   2   1  -1       0.83000202  p_y
   52   2   1   0       0.82437944  p_z
   52   2   1   1       0.82569973  p_x
   52   3   2  -2       0.04092268  d_xy
   52   3   2  -1       0.04016738  d_yz
   52   3   2   0       0.02104583  d_z2
   52   3   2   1       0.04380091  d_xz
   52   3   2   2       0.02260863  d_x2-y2
   53   1   0   0       1.32560607  s
   53   2   1  -1       0.82474788  p_y
   53   2   1   0       0.82420201  p_z
   53   2   1   1       0.82903314  p_x
   53   3   2  -2       0.04237018  d_xy
   53   3   2  -1       0.04751915  d_yz
   53   3   2   0       0.02351666  d_z2
   53   3   2   1       0.04363735  d_xz
   53   3   2   2       0.02475719  d_x2-y2
   54   1   0   0       1.39893684  s
   54   2   1  -1       0.83471197  p_y
   54   2   1   0       0.83213507  p_z
   54   2   1   1       0.83320371  p_x
   54   3   2  -2       0.02903923  d_xy
   54   3   2  -1       0.03427393  d_yz
   54   3   2   0       0.01440431  d_z2
   54   3   2   1       0.03729575  d_xz
   54   3   2   2       0.01603507  d_x2-y2
   55   1   0   0       1.37440457  s
   55   2   1  -1       0.83327814  p_y
   55   2   1   0       0.83197510  p_z
   55   2   1   1       0.82783834  p_x
   55   3   2  -2       0.03933460  d_xy
   55   3   2  -1       0.03327726  d_yz
   55   3   2   0       0.01672588  d_z2
   55   3   2   1       0.03619569  d_xz
   55   3   2   2       0.01696047  d_x2-y2
   56   1   0   0       1.36516866  s
   56   2   1  -1       0.82583813  p_y
   56   2   1   0       0.82835835  p_z
   56   2   1   1       0.83321789  p_x
   56   3   2  -2       0.03670273  d_xy
   56   3   2  -1       0.03941655  d_yz
   56   3   2   0       0.01791002  d_z2
   56   3   2   1       0.03615991  d_xz
   56   3   2   2       0.01920625  d_x2-y2
   57   1   0   0       1.37343950  s
   57   2   1  -1       0.82985727  p_y
   57   2   1   0       0.82097077  p_z
   57   2   1   1       0.82952853  p_x
   57   3   2  -2       0.03708340  d_xy
   57   3   2  -1       0.03918691  d_yz
   57   3   2   0       0.01929178  d_z2
   57   3   2   1       0.03929762  d_xz
   57   3   2   2       0.01684517  d_x2-y2
   58   1   0   0       1.34152102  s
   58   2   1  -1       0.82442099  p_y
   58   2   1   0       0.82817771  p_z
   58   2   1   1       0.82969037  p_x
   58   3   2  -2       0.04170645  d_xy
   58   3   2  -1       0.04182077  d_yz
   58   3   2   0       0.02256454  d_z2
   58   3   2   1       0.04083817  d_xz
   58   3   2   2       0.02053062  d_x2-y2
   59   1   0   0       1.34188810  s
   59   2   1  -1       0.82769351  p_y
   59   2   1   0       0.82032868  p_z
   59   2   1   1       0.82955360  p_x
   59   3   2  -2       0.03783459  d_xy
   59   3   2  -1       0.04496808  d_yz
   59   3   2   0       0.02259822  d_z2
   59   3   2   1       0.04270704  d_xz
   59   3   2   2       0.02011765  d_x2-y2
   60   1   0   0       1.38081910  s
   60   2   1  -1       0.82695411  p_y
   60   2   1   0       0.83281104  p_z
   60   2   1   1       0.82266274  p_x
   60   3   2  -2       0.04178168  d_xy
   60   3   2  -1       0.03633136  d_yz
   60   3   2   0       0.01774175  d_z2
   60   3   2   1       0.03731202  d_xz
   60   3   2   2       0.01981406  d_x2-y2
   61   1   0   0       1.36798878  s
   61   2   1  -1       0.83433799  p_y
   61   2   1   0       0.82376930  p_z
   61   2   1   1       0.83072937  p_x
   61   3   2  -2       0.03561870  d_xy
   61   3   2  -1       0.04000120  d_yz
   61   3   2   0       0.01956752  d_z2
   61   3   2   1       0.04070418  d_xz
   61   3   2   2       0.01866808  d_x2-y2
   62   1   0   0       1.37539312  s
   62   2   1  -1       0.83214507  p_y
   62   2   1   0       0.83152355  p_z
   62   2   1   1       0.82397591  p_x
   62   3   2  -2       0.03845167  d_xy
   62   3   2  -1       0.03809492  d_yz
   62   3   2   0       0.01754049  d_z2
   62   3   2   1       0.03812598  d_xz
   62   3   2   2       0.01909150  d_x2-y2
   63   1   0   0       1.37805333  s
   63   2   1  -1       0.82874448  p_y
   63   2   1   0       0.82978243  p_z
   63   2   1   1       0.82945190  p_x
   63   3   2  -2       0.03827015  d_xy
   63   3   2  -1       0.03658514  d_yz
   63   3   2   0       0.01783532  d_z2
   63   3   2   1       0.03890164  d_xz
   63   3   2   2       0.01781925  d_x2-y2
   64   1   0   0       1.37360424  s
   64   2   1  -1       0.83192269  p_y
   64   2   1   0       0.82272952  p_z
   64   2   1   1       0.82837071  p_x
   64   3   2  -2       0.03778495  d_xy
   64   3   2  -1       0.03682101  d_yz
   64   3   2   0       0.01933922  d_z2
   64   3   2   1       0.04134716  d_xz
   64   3   2   2       0.01831119  d_x2-y2

Fermi level:                        -0.1337574370 H           -3.6397 eV
Band energy:                       -88.1585496611 H        -2398.9162 eV
TS:                                  0.0000000000 H            0.0000 eV
Band free energy (E-TS):           -88.1585496611 H        -2398.9162 eV
Extrapolated E(0K):                -88.1585496611 H        -2398.9162 eV
Input / Output electrons (q):    256.0000000000    256.0000000000

Energy H0:                         -88.1429772094 H        -2398.4924 eV
Energy SCC:                          0.0005748526 H            0.0156 eV
Total Electronic energy:           -88.1424023568 H        -2398.4768 eV
Repulsive energy:                    0.0000000000 H            0.0000 eV
Total energy:                      -88.1424023568 H        -2398.4768 eV
Extrapolated to 0:                 -88.1424023568 H        -2398.4768 eV
Total Mermin free energy:          -88.1424023568 H        -2398.4768 eV
Force related energy:              -88.1424023568 H        -2398.4768 eV

Non-constrained calculation

SCC converged

Warning: dipole moment is not defined absolutely!
Dipole moment:   -0.12474559    0.48481899    0.10487392 au
Dipole moment:   -0.31707169    1.23228706    0.26656295 Debye


