 Fermi distribution function

Calculation with static geometry


********************************************************************************
 iSCC Total electronic   Diff electronic      SCC error    
    9   -0.88119183E+02   -0.13450716E-08    0.78950014E-05
********************************************************************************

 Total charge:    -0.00000000

 Atomic gross charges (e)
 Atom           Charge
    1       0.00394331
    2      -0.00456479
    3       0.01297387
    4       0.00419285
    5       0.01756066
    6       0.00662394
    7      -0.00671267
    8       0.01382358
    9       0.02393739
   10      -0.00625341
   11      -0.01656315
   12       0.00767893
   13      -0.00541203
   14       0.01040803
   15       0.01381522
   16      -0.00468159
   17      -0.00282950
   18      -0.01751907
   19      -0.01121844
   20      -0.01733183
   21      -0.00216709
   22       0.00092072
   23       0.00336352
   24      -0.00552578
   25      -0.01757394
   26       0.01649697
   27      -0.00477346
   28       0.00251675
   29       0.01292014
   30       0.01647729
   31      -0.01142088
   32       0.01448306
   33       0.01563185
   34       0.02417179
   35       0.01428989
   36      -0.02848740
   37      -0.00880901
   38       0.01135854
   39      -0.00549636
   40       0.01569198
   41       0.02101228
   42       0.01317656
   43       0.00298814
   44       0.00719700
   45       0.01866316
   46      -0.02959741
   47      -0.01543298
   48       0.00599284
   49      -0.03954097
   50       0.00536273
   51      -0.00997989
   52      -0.00392995
   53       0.00724799
   54      -0.01591912
   55      -0.01349922
   56      -0.03096232
   57      -0.00327552
   58      -0.00836778
   59       0.00927295
   60      -0.01645337
   61      -0.01514873
   62       0.01886031
   63      -0.00939760
   64       0.01579096

Nr. of electrons (up):    256.00000000
Atom populations (up)
 Atom       Population
    1       3.99605669
    2       4.00456479
    3       3.98702613
    4       3.99580715
    5       3.98243934
    6       3.99337606
    7       4.00671267
    8       3.98617642
    9       3.97606261
   10       4.00625341
   11       4.01656315
   12       3.99232107
   13       4.00541203
   14       3.98959197
   15       3.98618478
   16       4.00468159
   17       4.00282950
   18       4.01751907
   19       4.01121844
   20       4.01733183
   21       4.00216709
   22       3.99907928
   23       3.99663648
   24       4.00552578
   25       4.01757394
   26       3.98350303
   27       4.00477346
   28       3.99748325
   29       3.98707986
   30       3.98352271
   31       4.01142088
   32       3.98551694
   33       3.98436815
   34       3.97582821
   35       3.98571011
   36       4.02848740
   37       4.00880901
   38       3.98864146
   39       4.00549636
   40       3.98430802
   41       3.97898772
   42       3.98682344
   43       3.99701186
   44       3.99280300
   45       3.98133684
   46       4.02959741
   47       4.01543298
   48       3.99400716
   49       4.03954097
   50       3.99463727
   51       4.00997989
   52       4.00392995
   53       3.99275201
   54       4.01591912
   55       4.01349922
   56       4.03096232
   57       4.00327552
   58       4.00836778
   59       3.99072705
   60       4.01645337
   61       4.01514873
   62       3.98113969
   63       4.00939760
   64       3.98420904

l-shell populations (up)
 Atom Sh.   l       Population
    1   1   0       1.34539874
    1   2   1       2.48184385
    1   3   2       0.16881410
    2   1   0       1.37217917
    2   2   1       2.49633693
    2   3   2       0.13604868
    3   1   0       1.33988197
    3   2   1       2.47206002
    3   3   2       0.17508414
    4   1   0       1.36603097
    4   2   1       2.47532071
    4   3   2       0.15445547
    5   1   0       1.34210752
    5   2   1       2.48171835
    5   3   2       0.15861347
    6   1   0       1.35348184
    6   2   1       2.48018514
    6   3   2       0.15970908
    7   1   0       1.37793116
    7   2   1       2.48168684
    7   3   2       0.14709466
    8   1   0       1.35309127
    8   2   1       2.46540456
    8   3   2       0.16768059
    9   1   0       1.32190504
    9   2   1       2.48170871
    9   3   2       0.17244886
   10   1   0       1.37820236
   10   2   1       2.47661301
   10   3   2       0.15143804
   11   1   0       1.40223723
   11   2   1       2.47937647
   11   3   2       0.13494945
   12   1   0       1.34857572
   12   2   1       2.48240491
   12   3   2       0.16134044
   13   1   0       1.37501991
   13   2   1       2.47915415
   13   3   2       0.15123797
   14   1   0       1.34992650
   14   2   1       2.47596869
   14   3   2       0.16369678
   15   1   0       1.32777945
   15   2   1       2.47999376
   15   3   2       0.17841157
   16   1   0       1.36774701
   16   2   1       2.48503974
   16   3   2       0.15189484
   17   1   0       1.38388854
   17   2   1       2.47157986
   17   3   2       0.14736109
   18   1   0       1.37654646
   18   2   1       2.49240789
   18   3   2       0.14856473
   19   1   0       1.37037805
   19   2   1       2.49010481
   19   3   2       0.15073558
   20   1   0       1.38125239
   20   2   1       2.48007999
   20   3   2       0.15599945
   21   1   0       1.35374120
   21   2   1       2.48432101
   21   3   2       0.16410487
   22   1   0       1.35459316
   22   2   1       2.47403928
   22   3   2       0.17044684
   23   1   0       1.36309299
   23   2   1       2.47677912
   23   3   2       0.15676437
   24   1   0       1.37454498
   24   2   1       2.47303201
   24   3   2       0.15794879
   25   1   0       1.38712215
   25   2   1       2.48628247
   25   3   2       0.14416932
   26   1   0       1.35112366
   26   2   1       2.47281539
   26   3   2       0.15956398
   27   1   0       1.35240189
   27   2   1       2.49467921
   27   3   2       0.15769236
   28   1   0       1.34526590
   28   2   1       2.49349643
   28   3   2       0.15872093
   29   1   0       1.34435972
   29   2   1       2.47042788
   29   3   2       0.17229226
   30   1   0       1.34126199
   30   2   1       2.48145536
   30   3   2       0.16080536
   31   1   0       1.35837719
   31   2   1       2.49631662
   31   3   2       0.15672707
   32   1   0       1.34917973
   32   2   1       2.48084959
   32   3   2       0.15548762
   33   1   0       1.34460388
   33   2   1       2.46993938
   33   3   2       0.16982489
   34   1   0       1.33037020
   34   2   1       2.47307499
   34   3   2       0.17238301
   35   1   0       1.34024468
   35   2   1       2.47914334
   35   3   2       0.16632210
   36   1   0       1.39995020
   36   2   1       2.49352266
   36   3   2       0.13501454
   37   1   0       1.37813449
   37   2   1       2.48868695
   37   3   2       0.14198757
   38   1   0       1.32828202
   38   2   1       2.48536729
   38   3   2       0.17499214
   39   1   0       1.36935339
   39   2   1       2.48802972
   39   3   2       0.14811325
   40   1   0       1.33823318
   40   2   1       2.47039658
   40   3   2       0.17567826
   41   1   0       1.33294611
   41   2   1       2.48031282
   41   3   2       0.16572879
   42   1   0       1.34689639
   42   2   1       2.47621934
   42   3   2       0.16370772
   43   1   0       1.36107909
   43   2   1       2.46394405
   43   3   2       0.17198872
   44   1   0       1.35031402
   44   2   1       2.47336746
   44   3   2       0.16912152
   45   1   0       1.33645443
   45   2   1       2.47460735
   45   3   2       0.17027506
   46   1   0       1.40475411
   46   2   1       2.48662805
   46   3   2       0.13821525
   47   1   0       1.38483819
   47   2   1       2.48935050
   47   3   2       0.14124429
   48   1   0       1.36117272
   48   2   1       2.48170531
   48   3   2       0.15112913
   49   1   0       1.41418169
   49   2   1       2.49542248
   49   3   2       0.12993680
   50   1   0       1.33790589
   50   2   1       2.47976633
   50   3   2       0.17696505
   51   1   0       1.36838734
   51   2   1       2.48950242
   51   3   2       0.15209013
   52   1   0       1.35676541
   52   2   1       2.48159996
   52   3   2       0.16556458
   53   1   0       1.33268699
   53   2   1       2.48351536
   53   3   2       0.17654965
   54   1   0       1.39179541
   54   2   1       2.48521220
   54   3   2       0.13891151
   55   1   0       1.37965481
   55   2   1       2.48220445
   55   3   2       0.15163996
   56   1   0       1.40847185
   56   2   1       2.48622678
   56   3   2       0.13626369
   57   1   0       1.35734494
   57   2   1       2.49066947
   57   3   2       0.15526111
   58   1   0       1.36801873
   58   2   1       2.47881368
   58   3   2       0.16153537
   59   1   0       1.33231131
   59   2   1       2.47811822
   59   3   2       0.18029752
   60   1   0       1.37823933
   60   2   1       2.49232251
   60   3   2       0.14589153
   61   1   0       1.37068136
   61   2   1       2.48980256
   61   3   2       0.15466480
   62   1   0       1.32594503
   62   2   1       2.48062593
   62   3   2       0.17456873
   63   1   0       1.37190023
   63   2   1       2.49697063
   63   3   2       0.14052674
   64   1   0       1.32501345
   64   2   1       2.48252980
   64   3   2       0.17666579

Orbital populations (up)
 Atom Sh.   l   m       Population  Label
    1   1   0   0       1.34539874  s
    1   2   1  -1       0.82523572  p_y
    1   2   1   0       0.83032329  p_z
    1   2   1   1       0.82628484  p_x
    1   3   2  -2       0.04249493  d_xy
    1   3   2  -1       0.04069540  d_yz
    1   3   2   0       0.02199314  d_z2
    1   3   2   1       0.04213732  d_xz
    1   3   2   2       0.02149331  d_x2-y2
    2   1   0   0       1.37217917  s
    2   2   1  -1       0.82692252  p_y
    2   2   1   0       0.83317226  p_z
    2   2   1   1       0.83624215  p_x
    2   3   2  -2       0.03896977  d_xy
    2   3   2  -1       0.03421771  d_yz
    2   3   2   0       0.01545088  d_z2
    2   3   2   1       0.03135226  d_xz
    2   3   2   2       0.01605805  d_x2-y2
    3   1   0   0       1.33988197  s
    3   2   1  -1       0.82371747  p_y
    3   2   1   0       0.81742244  p_z
    3   2   1   1       0.83092011  p_x
    3   3   2  -2       0.04013025  d_xy
    3   3   2  -1       0.04864842  d_yz
    3   3   2   0       0.02382826  d_z2
    3   3   2   1       0.04050816  d_xz
    3   3   2   2       0.02196905  d_x2-y2
    4   1   0   0       1.36603097  s
    4   2   1  -1       0.81808809  p_y
    4   2   1   0       0.83426220  p_z
    4   2   1   1       0.82297042  p_x
    4   3   2  -2       0.04033260  d_xy
    4   3   2  -1       0.04084780  d_yz
    4   3   2   0       0.01918195  d_z2
    4   3   2   1       0.03438421  d_xz
    4   3   2   2       0.01970890  d_x2-y2
    5   1   0   0       1.34210752  s
    5   2   1  -1       0.82480460  p_y
    5   2   1   0       0.82963518  p_z
    5   2   1   1       0.82727857  p_x
    5   3   2  -2       0.04268944  d_xy
    5   3   2  -1       0.03985659  d_yz
    5   3   2   0       0.01929611  d_z2
    5   3   2   1       0.03620525  d_xz
    5   3   2   2       0.02056608  d_x2-y2
    6   1   0   0       1.35348184  s
    6   2   1  -1       0.83003492  p_y
    6   2   1   0       0.82778154  p_z
    6   2   1   1       0.82236869  p_x
    6   3   2  -2       0.03794165  d_xy
    6   3   2  -1       0.03721595  d_yz
    6   3   2   0       0.01973302  d_z2
    6   3   2   1       0.04407253  d_xz
    6   3   2   2       0.02074592  d_x2-y2
    7   1   0   0       1.37793116  s
    7   2   1  -1       0.82770273  p_y
    7   2   1   0       0.83331155  p_z
    7   2   1   1       0.82067256  p_x
    7   3   2  -2       0.04352782  d_xy
    7   3   2  -1       0.03480555  d_yz
    7   3   2   0       0.01614301  d_z2
    7   3   2   1       0.03400969  d_xz
    7   3   2   2       0.01860858  d_x2-y2
    8   1   0   0       1.35309127  s
    8   2   1  -1       0.82027635  p_y
    8   2   1   0       0.82526988  p_z
    8   2   1   1       0.81985833  p_x
    8   3   2  -2       0.04141226  d_xy
    8   3   2  -1       0.03960069  d_yz
    8   3   2   0       0.02225140  d_z2
    8   3   2   1       0.04345706  d_xz
    8   3   2   2       0.02095918  d_x2-y2
    9   1   0   0       1.32190504  s
    9   2   1  -1       0.82885022  p_y
    9   2   1   0       0.82511175  p_z
    9   2   1   1       0.82774674  p_x
    9   3   2  -2       0.03976688  d_xy
    9   3   2  -1       0.04257176  d_yz
    9   3   2   0       0.02379775  d_z2
    9   3   2   1       0.04362485  d_xz
    9   3   2   2       0.02268763  d_x2-y2
   10   1   0   0       1.37820236  s
   10   2   1  -1       0.82131291  p_y
   10   2   1   0       0.83222540  p_z
   10   2   1   1       0.82307470  p_x
   10   3   2  -2       0.04297235  d_xy
   10   3   2  -1       0.03404894  d_yz
   10   3   2   0       0.01759926  d_z2
   10   3   2   1       0.03835811  d_xz
   10   3   2   2       0.01845938  d_x2-y2
   11   1   0   0       1.40223723  s
   11   2   1  -1       0.82581158  p_y
   11   2   1   0       0.83076235  p_z
   11   2   1   1       0.82280254  p_x
   11   3   2  -2       0.03490940  d_xy
   11   3   2  -1       0.03475896  d_yz
   11   3   2   0       0.01518374  d_z2
   11   3   2   1       0.03487773  d_xz
   11   3   2   2       0.01521962  d_x2-y2
   12   1   0   0       1.34857572  s
   12   2   1  -1       0.82411628  p_y
   12   2   1   0       0.83214759  p_z
   12   2   1   1       0.82614103  p_x
   12   3   2  -2       0.04161002  d_xy
   12   3   2  -1       0.04011964  d_yz
   12   3   2   0       0.01849769  d_z2
   12   3   2   1       0.03882952  d_xz
   12   3   2   2       0.02228358  d_x2-y2
   13   1   0   0       1.37501991  s
   13   2   1  -1       0.82098123  p_y
   13   2   1   0       0.82833784  p_z
   13   2   1   1       0.82983507  p_x
   13   3   2  -2       0.03578761  d_xy
   13   3   2  -1       0.03972516  d_yz
   13   3   2   0       0.01786487  d_z2
   13   3   2   1       0.03875935  d_xz
   13   3   2   2       0.01910098  d_x2-y2
   14   1   0   0       1.34992650  s
   14   2   1  -1       0.82690548  p_y
   14   2   1   0       0.82508619  p_z
   14   2   1   1       0.82397702  p_x
   14   3   2  -2       0.04035587  d_xy
   14   3   2  -1       0.04297742  d_yz
   14   3   2   0       0.02049272  d_z2
   14   3   2   1       0.03906687  d_xz
   14   3   2   2       0.02080390  d_x2-y2
   15   1   0   0       1.32777945  s
   15   2   1  -1       0.82571192  p_y
   15   2   1   0       0.82661580  p_z
   15   2   1   1       0.82766604  p_x
   15   3   2  -2       0.04375124  d_xy
   15   3   2  -1       0.04185529  d_yz
   15   3   2   0       0.02325211  d_z2
   15   3   2   1       0.04540681  d_xz
   15   3   2   2       0.02414612  d_x2-y2
   16   1   0   0       1.36774701  s
   16   2   1  -1       0.82696453  p_y
   16   2   1   0       0.82748992  p_z
   16   2   1   1       0.83058528  p_x
   16   3   2  -2       0.03966462  d_xy
   16   3   2  -1       0.03796989  d_yz
   16   3   2   0       0.01856726  d_z2
   16   3   2   1       0.03684823  d_xz
   16   3   2   2       0.01884484  d_x2-y2
   17   1   0   0       1.38388854  s
   17   2   1  -1       0.82359293  p_y
   17   2   1   0       0.82943721  p_z
   17   2   1   1       0.81854973  p_x
   17   3   2  -2       0.03608575  d_xy
   17   3   2  -1       0.03801779  d_yz
   17   3   2   0       0.01842323  d_z2
   17   3   2   1       0.03692268  d_xz
   17   3   2   2       0.01791164  d_x2-y2
   18   1   0   0       1.37654646  s
   18   2   1  -1       0.83001669  p_y
   18   2   1   0       0.83063048  p_z
   18   2   1   1       0.83176071  p_x
   18   3   2  -2       0.03802268  d_xy
   18   3   2  -1       0.03569573  d_yz
   18   3   2   0       0.01721304  d_z2
   18   3   2   1       0.03983889  d_xz
   18   3   2   2       0.01779439  d_x2-y2
   19   1   0   0       1.37037805  s
   19   2   1  -1       0.83067518  p_y
   19   2   1   0       0.83111518  p_z
   19   2   1   1       0.82831446  p_x
   19   3   2  -2       0.04166342  d_xy
   19   3   2  -1       0.03726170  d_yz
   19   3   2   0       0.01884229  d_z2
   19   3   2   1       0.03549288  d_xz
   19   3   2   2       0.01747528  d_x2-y2
   20   1   0   0       1.38125239  s
   20   2   1  -1       0.82743446  p_y
   20   2   1   0       0.82329076  p_z
   20   2   1   1       0.82935476  p_x
   20   3   2  -2       0.03484904  d_xy
   20   3   2  -1       0.04155882  d_yz
   20   3   2   0       0.01873373  d_z2
   20   3   2   1       0.04186371  d_xz
   20   3   2   2       0.01899415  d_x2-y2
   21   1   0   0       1.35374120  s
   21   2   1  -1       0.83034291  p_y
   21   2   1   0       0.82329830  p_z
   21   2   1   1       0.83067980  p_x
   21   3   2  -2       0.04145742  d_xy
   21   3   2  -1       0.04081802  d_yz
   21   3   2   0       0.02152138  d_z2
   21   3   2   1       0.04035862  d_xz
   21   3   2   2       0.01994943  d_x2-y2
   22   1   0   0       1.35459316  s
   22   2   1  -1       0.82310031  p_y
   22   2   1   0       0.82661711  p_z
   22   2   1   1       0.82432186  p_x
   22   3   2  -2       0.04540243  d_xy
   22   3   2  -1       0.03945099  d_yz
   22   3   2   0       0.02210029  d_z2
   22   3   2   1       0.04180798  d_xz
   22   3   2   2       0.02168515  d_x2-y2
   23   1   0   0       1.36309299  s
   23   2   1  -1       0.83164054  p_y
   23   2   1   0       0.81869704  p_z
   23   2   1   1       0.82644154  p_x
   23   3   2  -2       0.03455192  d_xy
   23   3   2  -1       0.03896513  d_yz
   23   3   2   0       0.02036179  d_z2
   23   3   2   1       0.04402095  d_xz
   23   3   2   2       0.01886459  d_x2-y2
   24   1   0   0       1.37454498  s
   24   2   1  -1       0.82141823  p_y
   24   2   1   0       0.82472275  p_z
   24   2   1   1       0.82689103  p_x
   24   3   2  -2       0.04153766  d_xy
   24   3   2  -1       0.03799702  d_yz
   24   3   2   0       0.01968586  d_z2
   24   3   2   1       0.03979774  d_xz
   24   3   2   2       0.01893051  d_x2-y2
   25   1   0   0       1.38712215  s
   25   2   1  -1       0.82416086  p_y
   25   2   1   0       0.83163193  p_z
   25   2   1   1       0.83048968  p_x
   25   3   2  -2       0.03644423  d_xy
   25   3   2  -1       0.03778627  d_yz
   25   3   2   0       0.01612196  d_z2
   25   3   2   1       0.03552981  d_xz
   25   3   2   2       0.01828705  d_x2-y2
   26   1   0   0       1.35112366  s
   26   2   1  -1       0.83018761  p_y
   26   2   1   0       0.81827963  p_z
   26   2   1   1       0.82434816  p_x
   26   3   2  -2       0.03638962  d_xy
   26   3   2  -1       0.04253162  d_yz
   26   3   2   0       0.02135276  d_z2
   26   3   2   1       0.04031252  d_xz
   26   3   2   2       0.01897746  d_x2-y2
   27   1   0   0       1.35240189  s
   27   2   1  -1       0.83036971  p_y
   27   2   1   0       0.83158827  p_z
   27   2   1   1       0.83272124  p_x
   27   3   2  -2       0.03934528  d_xy
   27   3   2  -1       0.03814663  d_yz
   27   3   2   0       0.01983982  d_z2
   27   3   2   1       0.04059006  d_xz
   27   3   2   2       0.01977057  d_x2-y2
   28   1   0   0       1.34526590  s
   28   2   1  -1       0.83885452  p_y
   28   2   1   0       0.82706969  p_z
   28   2   1   1       0.82757222  p_x
   28   3   2  -2       0.03975596  d_xy
   28   3   2  -1       0.03859217  d_yz
   28   3   2   0       0.02088349  d_z2
   28   3   2   1       0.04115813  d_xz
   28   3   2   2       0.01833118  d_x2-y2
   29   1   0   0       1.34435972  s
   29   2   1  -1       0.83237241  p_y
   29   2   1   0       0.81214661  p_z
   29   2   1   1       0.82590885  p_x
   29   3   2  -2       0.03693527  d_xy
   29   3   2  -1       0.04384170  d_yz
   29   3   2   0       0.02224880  d_z2
   29   3   2   1       0.04770143  d_xz
   29   3   2   2       0.02156506  d_x2-y2
   30   1   0   0       1.34126199  s
   30   2   1  -1       0.83071164  p_y
   30   2   1   0       0.82784257  p_z
   30   2   1   1       0.82290116  p_x
   30   3   2  -2       0.03664285  d_xy
   30   3   2  -1       0.04206609  d_yz
   30   3   2   0       0.02126399  d_z2
   30   3   2   1       0.04080490  d_xz
   30   3   2   2       0.02002754  d_x2-y2
   31   1   0   0       1.35837719  s
   31   2   1  -1       0.83235681  p_y
   31   2   1   0       0.83032100  p_z
   31   2   1   1       0.83363881  p_x
   31   3   2  -2       0.03670800  d_xy
   31   3   2  -1       0.04126490  d_yz
   31   3   2   0       0.01952711  d_z2
   31   3   2   1       0.04037882  d_xz
   31   3   2   2       0.01884823  d_x2-y2
   32   1   0   0       1.34917973  s
   32   2   1  -1       0.82696600  p_y
   32   2   1   0       0.83050677  p_z
   32   2   1   1       0.82337682  p_x
   32   3   2  -2       0.04043895  d_xy
   32   3   2  -1       0.03652901  d_yz
   32   3   2   0       0.01972971  d_z2
   32   3   2   1       0.03898795  d_xz
   32   3   2   2       0.01980199  d_x2-y2
   33   1   0   0       1.34460388  s
   33   2   1  -1       0.82786655  p_y
   33   2   1   0       0.81733100  p_z
   33   2   1   1       0.82474183  p_x
   33   3   2  -2       0.03336051  d_xy
   33   3   2  -1       0.04136933  d_yz
   33   3   2   0       0.02182821  d_z2
   33   3   2   1       0.05095582  d_xz
   33   3   2   2       0.02231102  d_x2-y2
   34   1   0   0       1.33037020  s
   34   2   1  -1       0.81829998  p_y
   34   2   1   0       0.82828543  p_z
   34   2   1   1       0.82648958  p_x
   34   3   2  -2       0.04409972  d_xy
   34   3   2  -1       0.04455015  d_yz
   34   3   2   0       0.02418899  d_z2
   34   3   2   1       0.03806873  d_xz
   34   3   2   2       0.02147543  d_x2-y2
   35   1   0   0       1.34024468  s
   35   2   1  -1       0.82725888  p_y
   35   2   1   0       0.82678909  p_z
   35   2   1   1       0.82509537  p_x
   35   3   2  -2       0.03996709  d_xy
   35   3   2  -1       0.04356679  d_yz
   35   3   2   0       0.01974698  d_z2
   35   3   2   1       0.04082893  d_xz
   35   3   2   2       0.02221231  d_x2-y2
   36   1   0   0       1.39995020  s
   36   2   1  -1       0.82996461  p_y
   36   2   1   0       0.83520754  p_z
   36   2   1   1       0.82835051  p_x
   36   3   2  -2       0.03941948  d_xy
   36   3   2  -1       0.03336307  d_yz
   36   3   2   0       0.01643740  d_z2
   36   3   2   1       0.03092897  d_xz
   36   3   2   2       0.01486563  d_x2-y2
   37   1   0   0       1.37813449  s
   37   2   1  -1       0.82970800  p_y
   37   2   1   0       0.83101542  p_z
   37   2   1   1       0.82796352  p_x
   37   3   2  -2       0.03441255  d_xy
   37   3   2  -1       0.03703050  d_yz
   37   3   2   0       0.01661956  d_z2
   37   3   2   1       0.03612926  d_xz
   37   3   2   2       0.01779571  d_x2-y2
   38   1   0   0       1.32828202  s
   38   2   1  -1       0.83350250  p_y
   38   2   1   0       0.82707843  p_z
   38   2   1   1       0.82478637  p_x
   38   3   2  -2       0.04331724  d_xy
   38   3   2  -1       0.04108228  d_yz
   38   3   2   0       0.02271786  d_z2
   38   3   2   1       0.04458723  d_xz
   38   3   2   2       0.02328753  d_x2-y2
   39   1   0   0       1.36935339  s
   39   2   1  -1       0.82552239  p_y
   39   2   1   0       0.83533339  p_z
   39   2   1   1       0.82717394  p_x
   39   3   2  -2       0.03943503  d_xy
   39   3   2  -1       0.03663284  d_yz
   39   3   2   0       0.01777394  d_z2
   39   3   2   1       0.03649037  d_xz
   39   3   2   2       0.01778107  d_x2-y2
   40   1   0   0       1.33823318  s
   40   2   1  -1       0.82751159  p_y
   40   2   1   0       0.81477884  p_z
   40   2   1   1       0.82810615  p_x
   40   3   2  -2       0.03739411  d_xy
   40   3   2  -1       0.04823033  d_yz
   40   3   2   0       0.02387396  d_z2
   40   3   2   1       0.04414487  d_xz
   40   3   2   2       0.02203498  d_x2-y2
   41   1   0   0       1.33294611  s
   41   2   1  -1       0.82813953  p_y
   41   2   1   0       0.82553937  p_z
   41   2   1   1       0.82663392  p_x
   41   3   2  -2       0.04439523  d_xy
   41   3   2  -1       0.04101811  d_yz
   41   3   2   0       0.02167123  d_z2
   41   3   2   1       0.03732989  d_xz
   41   3   2   2       0.02131432  d_x2-y2
   42   1   0   0       1.34689639  s
   42   2   1  -1       0.82420522  p_y
   42   2   1   0       0.82877253  p_z
   42   2   1   1       0.82324159  p_x
   42   3   2  -2       0.03887706  d_xy
   42   3   2  -1       0.04102524  d_yz
   42   3   2   0       0.02104324  d_z2
   42   3   2   1       0.04267237  d_xz
   42   3   2   2       0.02008980  d_x2-y2
   43   1   0   0       1.36107909  s
   43   2   1  -1       0.82748479  p_y
   43   2   1   0       0.81191976  p_z
   43   2   1   1       0.82453950  p_x
   43   3   2  -2       0.04035863  d_xy
   43   3   2  -1       0.04304640  d_yz
   43   3   2   0       0.02360978  d_z2
   43   3   2   1       0.04467071  d_xz
   43   3   2   2       0.02030320  d_x2-y2
   44   1   0   0       1.35031402  s
   44   2   1  -1       0.82838205  p_y
   44   2   1   0       0.82079044  p_z
   44   2   1   1       0.82419498  p_x
   44   3   2  -2       0.03829271  d_xy
   44   3   2  -1       0.03870180  d_yz
   44   3   2   0       0.02232996  d_z2
   44   3   2   1       0.04874366  d_xz
   44   3   2   2       0.02105339  d_x2-y2
   45   1   0   0       1.33645443  s
   45   2   1  -1       0.82438509  p_y
   45   2   1   0       0.82839818  p_z
   45   2   1   1       0.82182409  p_x
   45   3   2  -2       0.04330381  d_xy
   45   3   2  -1       0.03968288  d_yz
   45   3   2   0       0.02238902  d_z2
   45   3   2   1       0.04254204  d_xz
   45   3   2   2       0.02235731  d_x2-y2
   46   1   0   0       1.40475411  s
   46   2   1  -1       0.83478693  p_y
   46   2   1   0       0.82339282  p_z
   46   2   1   1       0.82844830  p_x
   46   3   2  -2       0.03244417  d_xy
   46   3   2  -1       0.03498607  d_yz
   46   3   2   0       0.01633017  d_z2
   46   3   2   1       0.03899146  d_xz
   46   3   2   2       0.01546337  d_x2-y2
   47   1   0   0       1.38483819  s
   47   2   1  -1       0.83009467  p_y
   47   2   1   0       0.83121316  p_z
   47   2   1   1       0.82804267  p_x
   47   3   2  -2       0.03665834  d_xy
   47   3   2  -1       0.03615984  d_yz
   47   3   2   0       0.01564620  d_z2
   47   3   2   1       0.03528820  d_xz
   47   3   2   2       0.01749170  d_x2-y2
   48   1   0   0       1.36117272  s
   48   2   1  -1       0.83183840  p_y
   48   2   1   0       0.82291774  p_z
   48   2   1   1       0.82694918  p_x
   48   3   2  -2       0.03491660  d_xy
   48   3   2  -1       0.03828632  d_yz
   48   3   2   0       0.01810773  d_z2
   48   3   2   1       0.04036321  d_xz
   48   3   2   2       0.01945527  d_x2-y2
   49   1   0   0       1.41418169  s
   49   2   1  -1       0.82806028  p_y
   49   2   1   0       0.83605157  p_z
   49   2   1   1       0.83131063  p_x
   49   3   2  -2       0.03741148  d_xy
   49   3   2  -1       0.03231424  d_yz
   49   3   2   0       0.01369181  d_z2
   49   3   2   1       0.03085008  d_xz
   49   3   2   2       0.01566919  d_x2-y2
   50   1   0   0       1.33790589  s
   50   2   1  -1       0.82765908  p_y
   50   2   1   0       0.82998136  p_z
   50   2   1   1       0.82212589  p_x
   50   3   2  -2       0.04370630  d_xy
   50   3   2  -1       0.04216734  d_yz
   50   3   2   0       0.02329082  d_z2
   50   3   2   1       0.04423481  d_xz
   50   3   2   2       0.02356578  d_x2-y2
   51   1   0   0       1.36838734  s
   51   2   1  -1       0.82668347  p_y
   51   2   1   0       0.83646459  p_z
   51   2   1   1       0.82635435  p_x
   51   3   2  -2       0.04087956  d_xy
   51   3   2  -1       0.03691606  d_yz
   51   3   2   0       0.01743273  d_z2
   51   3   2   1       0.03738333  d_xz
   51   3   2   2       0.01947846  d_x2-y2
   52   1   0   0       1.35676541  s
   52   2   1  -1       0.83166344  p_y
   52   2   1   0       0.82122240  p_z
   52   2   1   1       0.82871412  p_x
   52   3   2  -2       0.03651351  d_xy
   52   3   2  -1       0.04236823  d_yz
   52   3   2   0       0.02239893  d_z2
   52   3   2   1       0.04470076  d_xz
   52   3   2   2       0.01958316  d_x2-y2
   53   1   0   0       1.33268699  s
   53   2   1  -1       0.82466769  p_y
   53   2   1   0       0.82905449  p_z
   53   2   1   1       0.82979319  p_x
   53   3   2  -2       0.04155545  d_xy
   53   3   2  -1       0.04507209  d_yz
   53   3   2   0       0.02178073  d_z2
   53   3   2   1       0.04339968  d_xz
   53   3   2   2       0.02474170  d_x2-y2
   54   1   0   0       1.39179541  s
   54   2   1  -1       0.82361309  p_y
   54   2   1   0       0.83083088  p_z
   54   2   1   1       0.83076822  p_x
   54   3   2  -2       0.03840900  d_xy
   54   3   2  -1       0.03469488  d_yz
   54   3   2   0       0.01663790  d_z2
   54   3   2   1       0.03348894  d_xz
   54   3   2   2       0.01568078  d_x2-y2
   55   1   0   0       1.37965481  s
   55   2   1  -1       0.82591364  p_y
   55   2   1   0       0.83247996  p_z
   55   2   1   1       0.82381085  p_x
   55   3   2  -2       0.03956723  d_xy
   55   3   2  -1       0.03518481  d_yz
   55   3   2   0       0.01729844  d_z2
   55   3   2   1       0.04006502  d_xz
   55   3   2   2       0.01952446  d_x2-y2
   56   1   0   0       1.40847185  s
   56   2   1  -1       0.82698548  p_y
   56   2   1   0       0.83134693  p_z
   56   2   1   1       0.82789437  p_x
   56   3   2  -2       0.03891128  d_xy
   56   3   2  -1       0.03195810  d_yz
   56   3   2   0       0.01535539  d_z2
   56   3   2   1       0.03427545  d_xz
   56   3   2   2       0.01576347  d_x2-y2
   57   1   0   0       1.35734494  s
   57   2   1  -1       0.82602086  p_y
   57   2   1   0       0.83671298  p_z
   57   2   1   1       0.82793563  p_x
   57   3   2  -2       0.04524735  d_xy
   57   3   2  -1       0.03401459  d_yz
   57   3   2   0       0.01985115  d_z2
   57   3   2   1       0.03656437  d_xz
   57   3   2   2       0.01958366  d_x2-y2
   58   1   0   0       1.36801873  s
   58   2   1  -1       0.82867399  p_y
   58   2   1   0       0.82112455  p_z
   58   2   1   1       0.82901515  p_x
   58   3   2  -2       0.03930184  d_xy
   58   3   2  -1       0.04159173  d_yz
   58   3   2   0       0.02182628  d_z2
   58   3   2   1       0.03931056  d_xz
   58   3   2   2       0.01950497  d_x2-y2
   59   1   0   0       1.33231131  s
   59   2   1  -1       0.82008323  p_y
   59   2   1   0       0.83059806  p_z
   59   2   1   1       0.82743692  p_x
   59   3   2  -2       0.04215092  d_xy
   59   3   2  -1       0.04762853  d_yz
   59   3   2   0       0.02159623  d_z2
   59   3   2   1       0.04259403  d_xz
   59   3   2   2       0.02632782  d_x2-y2
   60   1   0   0       1.37823933  s
   60   2   1  -1       0.83330243  p_y
   60   2   1   0       0.83039483  p_z
   60   2   1   1       0.82862525  p_x
   60   3   2  -2       0.03638459  d_xy
   60   3   2  -1       0.03743576  d_yz
   60   3   2   0       0.01601251  d_z2
   60   3   2   1       0.03767719  d_xz
   60   3   2   2       0.01838148  d_x2-y2
   61   1   0   0       1.37068136  s
   61   2   1  -1       0.82960682  p_y
   61   2   1   0       0.82542135  p_z
   61   2   1   1       0.83477439  p_x
   61   3   2  -2       0.03589413  d_xy
   61   3   2  -1       0.04340344  d_yz
   61   3   2   0       0.02167226  d_z2
   61   3   2   1       0.03691439  d_xz
   61   3   2   2       0.01678057  d_x2-y2
   62   1   0   0       1.32594503  s
   62   2   1  -1       0.82234890  p_y
   62   2   1   0       0.82902084  p_z
   62   2   1   1       0.82925619  p_x
   62   3   2  -2       0.04200662  d_xy
   62   3   2  -1       0.04621606  d_yz
   62   3   2   0       0.02286439  d_z2
   62   3   2   1       0.03917515  d_xz
   62   3   2   2       0.02430651  d_x2-y2
   63   1   0   0       1.37190023  s
   63   2   1  -1       0.82967574  p_y
   63   2   1   0       0.83146371  p_z
   63   2   1   1       0.83583118  p_x
   63   3   2  -2       0.03857352  d_xy
   63   3   2  -1       0.03602582  d_yz
   63   3   2   0       0.01704091  d_z2
   63   3   2   1       0.03288470  d_xz
   63   3   2   2       0.01600178  d_x2-y2
   64   1   0   0       1.32501345  s
   64   2   1  -1       0.82294809  p_y
   64   2   1   0       0.83201872  p_z
   64   2   1   1       0.82756299  p_x
   64   3   2  -2       0.04323506  d_xy
   64   3   2  -1       0.04249351  d_yz
   64   3   2   0       0.02284087  d_z2
   64   3   2   1       0.04411897  d_xz
   64   3   2   2       0.02397739  d_x2-y2

Fermi level:                        -0.1333669097 H           -3.6291 eV
Band energy:                       -88.1439664039 H        -2398.5194 eV
TS:                                  0.0000000000 H            0.0000 eV
Band free energy (E-TS):           -88.1439664039 H        -2398.5194 eV
Extrapolated E(0K):                -88.1439664039 H        -2398.5194 eV
Input / Output electrons (q):    256.0000000000    256.0000000000

Energy H0:                         -88.1199213514 H        -2397.8651 eV
Energy SCC:                          0.0007387556 H            0.0201 eV
Total Electronic energy:           -88.1191825958 H        -2397.8450 eV
Repulsive energy:                    0.0000000000 H            0.0000 eV
Total energy:                      -88.1191825958 H        -2397.8450 eV
Extrapolated to 0:                 -88.1191825958 H        -2397.8450 eV
Total Mermin free energy:          -88.1191825958 H        -2397.8450 eV
Force related energy:              -88.1191825958 H        -2397.8450 eV

Non-constrained calculation

SCC converged

Warning: dipole moment is not defined absolutely!
Dipole moment:    0.01036054   -0.29946067    0.22800088 au
Dipole moment:    0.02633386   -0.76115317    0.57952048 Debye


