 Fermi distribution function

Calculation with static geometry


********************************************************************************
 iSCC Total electronic   Diff electronic      SCC error    
    9   -0.88162934E+02   -0.13166499E-08    0.94677780E-05
********************************************************************************

 Total charge:    -0.00000000

 Atomic gross charges (e)
 Atom           Charge
    1       0.00317919
    2      -0.01408852
    3       0.01057888
    4       0.00335564
    5      -0.00383747
    6       0.00657044
    7      -0.00402609
    8       0.02883515
    9       0.01796287
   10       0.02508233
   11       0.00661662
   12       0.00797747
   13      -0.00879634
   14       0.00677454
   15       0.00419699
   16      -0.00538705
   17      -0.00035945
   18      -0.00687096
   19       0.01531466
   20       0.01259008
   21       0.00193798
   22      -0.02923157
   23      -0.00529407
   24      -0.02928647
   25       0.01054363
   26       0.02010224
   27      -0.01052768
   28      -0.00040393
   29      -0.00567278
   30      -0.00189741
   31      -0.01210186
   32      -0.00750632
   33      -0.01460219
   34       0.01943629
   35      -0.01588828
   36      -0.02831864
   37       0.01012897
   38       0.00154246
   39       0.00644782
   40       0.01267131
   41      -0.01512535
   42       0.00769253
   43       0.00096223
   44       0.02278912
   45       0.01720630
   46      -0.02115561
   47       0.01398944
   48      -0.00779242
   49      -0.01138625
   50      -0.01747577
   51       0.00421939
   52      -0.00839922
   53       0.00619800
   54      -0.01793641
   55      -0.00454249
   56      -0.00638651
   57       0.01330789
   58       0.00799992
   59       0.01120896
   60      -0.01043307
   61      -0.00984766
   62       0.01561192
   63      -0.01759930
   64      -0.00085410

Nr. of electrons (up):    256.00000000
Atom populations (up)
 Atom       Population
    1       3.99682081
    2       4.01408852
    3       3.98942112
    4       3.99664436
    5       4.00383747
    6       3.99342956
    7       4.00402609
    8       3.97116485
    9       3.98203713
   10       3.97491767
   11       3.99338338
   12       3.99202253
   13       4.00879634
   14       3.99322546
   15       3.99580301
   16       4.00538705
   17       4.00035945
   18       4.00687096
   19       3.98468534
   20       3.98740992
   21       3.99806202
   22       4.02923157
   23       4.00529407
   24       4.02928647
   25       3.98945637
   26       3.97989776
   27       4.01052768
   28       4.00040393
   29       4.00567278
   30       4.00189741
   31       4.01210186
   32       4.00750632
   33       4.01460219
   34       3.98056371
   35       4.01588828
   36       4.02831864
   37       3.98987103
   38       3.99845754
   39       3.99355218
   40       3.98732869
   41       4.01512535
   42       3.99230747
   43       3.99903777
   44       3.97721088
   45       3.98279370
   46       4.02115561
   47       3.98601056
   48       4.00779242
   49       4.01138625
   50       4.01747577
   51       3.99578061
   52       4.00839922
   53       3.99380200
   54       4.01793641
   55       4.00454249
   56       4.00638651
   57       3.98669211
   58       3.99200008
   59       3.98879104
   60       4.01043307
   61       4.00984766
   62       3.98438808
   63       4.01759930
   64       4.00085410

l-shell populations (up)
 Atom Sh.   l       Population
    1   1   0       1.35553580
    1   2   1       2.47924590
    1   3   2       0.16203910
    2   1   0       1.39132353
    2   2   1       2.47983385
    2   3   2       0.14293114
    3   1   0       1.35149231
    3   2   1       2.46549085
    3   3   2       0.17243797
    4   1   0       1.35206520
    4   2   1       2.47759069
    4   3   2       0.16698846
    5   1   0       1.36900764
    5   2   1       2.48284710
    5   3   2       0.15198274
    6   1   0       1.35551971
    6   2   1       2.48163405
    6   3   2       0.15627580
    7   1   0       1.35834764
    7   2   1       2.49606898
    7   3   2       0.14960946
    8   1   0       1.30944129
    8   2   1       2.47978044
    8   3   2       0.18194312
    9   1   0       1.34004611
    9   2   1       2.47849683
    9   3   2       0.16349419
   10   1   0       1.31867013
   10   2   1       2.47328396
   10   3   2       0.18296358
   11   1   0       1.36187842
   11   2   1       2.48763537
   11   3   2       0.14386959
   12   1   0       1.34575504
   12   2   1       2.47682585
   12   3   2       0.16944164
   13   1   0       1.37266575
   13   2   1       2.48454743
   13   3   2       0.15158316
   14   1   0       1.35127429
   14   2   1       2.48641046
   14   3   2       0.15554071
   15   1   0       1.34278698
   15   2   1       2.48056095
   15   3   2       0.17245508
   16   1   0       1.38819055
   16   2   1       2.47224531
   16   3   2       0.14495118
   17   1   0       1.35382005
   17   2   1       2.48717718
   17   3   2       0.15936222
   18   1   0       1.38392960
   18   2   1       2.47691041
   18   3   2       0.14603095
   19   1   0       1.32866860
   19   2   1       2.47912830
   19   3   2       0.17688844
   20   1   0       1.34464625
   20   2   1       2.47262776
   20   3   2       0.17013591
   21   1   0       1.35311766
   21   2   1       2.49170033
   21   3   2       0.15324402
   22   1   0       1.38224226
   22   2   1       2.50114297
   22   3   2       0.14584634
   23   1   0       1.36736931
   23   2   1       2.49702431
   23   3   2       0.14090045
   24   1   0       1.38697176
   24   2   1       2.49598077
   24   3   2       0.14633394
   25   1   0       1.34634989
   25   2   1       2.47801627
   25   3   2       0.16509021
   26   1   0       1.32561329
   26   2   1       2.48152220
   26   3   2       0.17276228
   27   1   0       1.38056681
   27   2   1       2.48230353
   27   3   2       0.14765734
   28   1   0       1.36829300
   28   2   1       2.48111683
   28   3   2       0.15099410
   29   1   0       1.36912026
   29   2   1       2.48768541
   29   3   2       0.14886710
   30   1   0       1.35874343
   30   2   1       2.48790303
   30   3   2       0.15525096
   31   1   0       1.37904522
   31   2   1       2.48344058
   31   3   2       0.14961605
   32   1   0       1.37090997
   32   2   1       2.48395592
   32   3   2       0.15264042
   33   1   0       1.37318722
   33   2   1       2.48871747
   33   3   2       0.15269749
   34   1   0       1.34069073
   34   2   1       2.46794769
   34   3   2       0.17192529
   35   1   0       1.38528164
   35   2   1       2.48898025
   35   3   2       0.14162639
   36   1   0       1.41577832
   36   2   1       2.48591727
   36   3   2       0.12662305
   37   1   0       1.35862492
   37   2   1       2.47918698
   37   3   2       0.15205913
   38   1   0       1.35536512
   38   2   1       2.47472283
   38   3   2       0.16836959
   39   1   0       1.34962753
   39   2   1       2.48089601
   39   3   2       0.16302864
   40   1   0       1.32966496
   40   2   1       2.49109295
   40   3   2       0.16657078
   41   1   0       1.37114899
   41   2   1       2.50220961
   41   3   2       0.14176674
   42   1   0       1.34134265
   42   2   1       2.49557284
   42   3   2       0.15539198
   43   1   0       1.34630447
   43   2   1       2.49256544
   43   3   2       0.16016786
   44   1   0       1.33118494
   44   2   1       2.47855445
   44   3   2       0.16747150
   45   1   0       1.32707258
   45   2   1       2.47560548
   45   3   2       0.18011563
   46   1   0       1.39609488
   46   2   1       2.48869660
   46   3   2       0.13636413
   47   1   0       1.34317316
   47   2   1       2.48214493
   47   3   2       0.16069248
   48   1   0       1.36921423
   48   2   1       2.48422308
   48   3   2       0.15435510
   49   1   0       1.38103841
   49   2   1       2.48637772
   49   3   2       0.14397012
   50   1   0       1.37009316
   50   2   1       2.48772701
   50   3   2       0.15965561
   51   1   0       1.36412972
   51   2   1       2.47489047
   51   3   2       0.15676042
   52   1   0       1.36305083
   52   2   1       2.49587297
   52   3   2       0.14947543
   53   1   0       1.33818363
   53   2   1       2.48266764
   53   3   2       0.17295072
   54   1   0       1.38061251
   54   2   1       2.48676515
   54   3   2       0.15055874
   55   1   0       1.35188280
   55   2   1       2.49181156
   55   3   2       0.16084813
   56   1   0       1.36567679
   56   2   1       2.49281977
   56   3   2       0.14788996
   57   1   0       1.34006483
   57   2   1       2.48211648
   57   3   2       0.16451080
   58   1   0       1.35092108
   58   2   1       2.48629367
   58   3   2       0.15478533
   59   1   0       1.32664654
   59   2   1       2.48625373
   59   3   2       0.17589077
   60   1   0       1.37964817
   60   2   1       2.47784479
   60   3   2       0.15294011
   61   1   0       1.36178239
   61   2   1       2.48879504
   61   3   2       0.15927023
   62   1   0       1.32524033
   62   2   1       2.48467188
   62   3   2       0.17447587
   63   1   0       1.37730415
   63   2   1       2.49045241
   63   3   2       0.14984273
   64   1   0       1.36324044
   64   2   1       2.47133960
   64   3   2       0.16627406

Orbital populations (up)
 Atom Sh.   l   m       Population  Label
    1   1   0   0       1.35553580  s
    1   2   1  -1       0.82624039  p_y
    1   2   1   0       0.83031040  p_z
    1   2   1   1       0.82269512  p_x
    1   3   2  -2       0.04480465  d_xy
    1   3   2  -1       0.03637115  d_yz
    1   3   2   0       0.02066492  d_z2
    1   3   2   1       0.04022843  d_xz
    1   3   2   2       0.01996996  d_x2-y2
    2   1   0   0       1.39132353  s
    2   2   1  -1       0.82871200  p_y
    2   2   1   0       0.82042360  p_z
    2   2   1   1       0.83069825  p_x
    2   3   2  -2       0.03436052  d_xy
    2   3   2  -1       0.03629054  d_yz
    2   3   2   0       0.01801319  d_z2
    2   3   2   1       0.03941416  d_xz
    2   3   2   2       0.01485274  d_x2-y2
    3   1   0   0       1.35149231  s
    3   2   1  -1       0.82049350  p_y
    3   2   1   0       0.82452870  p_z
    3   2   1   1       0.82046865  p_x
    3   3   2  -2       0.04343172  d_xy
    3   3   2  -1       0.04134437  d_yz
    3   3   2   0       0.02175129  d_z2
    3   3   2   1       0.04327339  d_xz
    3   3   2   2       0.02263721  d_x2-y2
    4   1   0   0       1.35206520  s
    4   2   1  -1       0.82856760  p_y
    4   2   1   0       0.82175210  p_z
    4   2   1   1       0.82727099  p_x
    4   3   2  -2       0.04059261  d_xy
    4   3   2  -1       0.04136079  d_yz
    4   3   2   0       0.02301762  d_z2
    4   3   2   1       0.04185581  d_xz
    4   3   2   2       0.02016163  d_x2-y2
    5   1   0   0       1.36900764  s
    5   2   1  -1       0.83068764  p_y
    5   2   1   0       0.82242980  p_z
    5   2   1   1       0.82972966  p_x
    5   3   2  -2       0.03475188  d_xy
    5   3   2  -1       0.03789906  d_yz
    5   3   2   0       0.02038629  d_z2
    5   3   2   1       0.04182202  d_xz
    5   3   2   2       0.01712348  d_x2-y2
    6   1   0   0       1.35551971  s
    6   2   1  -1       0.82707804  p_y
    6   2   1   0       0.83028375  p_z
    6   2   1   1       0.82427226  p_x
    6   3   2  -2       0.04117109  d_xy
    6   3   2  -1       0.04056526  d_yz
    6   3   2   0       0.01947655  d_z2
    6   3   2   1       0.03564077  d_xz
    6   3   2   2       0.01942213  d_x2-y2
    7   1   0   0       1.35834764  s
    7   2   1  -1       0.83183017  p_y
    7   2   1   0       0.83021612  p_z
    7   2   1   1       0.83402269  p_x
    7   3   2  -2       0.03299520  d_xy
    7   3   2  -1       0.03931303  d_yz
    7   3   2   0       0.01837674  d_z2
    7   3   2   1       0.04081157  d_xz
    7   3   2   2       0.01811293  d_x2-y2
    8   1   0   0       1.30944129  s
    8   2   1  -1       0.82570364  p_y
    8   2   1   0       0.82950648  p_z
    8   2   1   1       0.82457033  p_x
    8   3   2  -2       0.04943217  d_xy
    8   3   2  -1       0.04290731  d_yz
    8   3   2   0       0.02558008  d_z2
    8   3   2   1       0.03955832  d_xz
    8   3   2   2       0.02446524  d_x2-y2
    9   1   0   0       1.34004611  s
    9   2   1  -1       0.82330538  p_y
    9   2   1   0       0.83085461  p_z
    9   2   1   1       0.82433684  p_x
    9   3   2  -2       0.03840876  d_xy
    9   3   2  -1       0.04126462  d_yz
    9   3   2   0       0.02064591  d_z2
    9   3   2   1       0.04091359  d_xz
    9   3   2   2       0.02226131  d_x2-y2
   10   1   0   0       1.31867013  s
   10   2   1  -1       0.82608652  p_y
   10   2   1   0       0.82716552  p_z
   10   2   1   1       0.82003192  p_x
   10   3   2  -2       0.04267857  d_xy
   10   3   2  -1       0.04765610  d_yz
   10   3   2   0       0.02427535  d_z2
   10   3   2   1       0.04177764  d_xz
   10   3   2   2       0.02657591  d_x2-y2
   11   1   0   0       1.36187842  s
   11   2   1  -1       0.82725803  p_y
   11   2   1   0       0.83661401  p_z
   11   2   1   1       0.82376334  p_x
   11   3   2  -2       0.03966915  d_xy
   11   3   2  -1       0.03588363  d_yz
   11   3   2   0       0.01792951  d_z2
   11   3   2   1       0.03267008  d_xz
   11   3   2   2       0.01771722  d_x2-y2
   12   1   0   0       1.34575504  s
   12   2   1  -1       0.82549220  p_y
   12   2   1   0       0.82631390  p_z
   12   2   1   1       0.82501974  p_x
   12   3   2  -2       0.04272010  d_xy
   12   3   2  -1       0.04054067  d_yz
   12   3   2   0       0.02441276  d_z2
   12   3   2   1       0.04194085  d_xz
   12   3   2   2       0.01982727  d_x2-y2
   13   1   0   0       1.37266575  s
   13   2   1  -1       0.82730713  p_y
   13   2   1   0       0.82822839  p_z
   13   2   1   1       0.82901191  p_x
   13   3   2  -2       0.04387040  d_xy
   13   3   2  -1       0.03635669  d_yz
   13   3   2   0       0.01827719  d_z2
   13   3   2   1       0.03518759  d_xz
   13   3   2   2       0.01789129  d_x2-y2
   14   1   0   0       1.35127429  s
   14   2   1  -1       0.82727620  p_y
   14   2   1   0       0.82840910  p_z
   14   2   1   1       0.83072516  p_x
   14   3   2  -2       0.03650917  d_xy
   14   3   2  -1       0.03783340  d_yz
   14   3   2   0       0.01844202  d_z2
   14   3   2   1       0.04275366  d_xz
   14   3   2   2       0.02000247  d_x2-y2
   15   1   0   0       1.34278698  s
   15   2   1  -1       0.82890723  p_y
   15   2   1   0       0.82540157  p_z
   15   2   1   1       0.82625215  p_x
   15   3   2  -2       0.04319073  d_xy
   15   3   2  -1       0.04329315  d_yz
   15   3   2   0       0.02272274  d_z2
   15   3   2   1       0.04155465  d_xz
   15   3   2   2       0.02169382  d_x2-y2
   16   1   0   0       1.38819055  s
   16   2   1  -1       0.82315107  p_y
   16   2   1   0       0.82491435  p_z
   16   2   1   1       0.82417989  p_x
   16   3   2  -2       0.03419534  d_xy
   16   3   2  -1       0.03799425  d_yz
   16   3   2   0       0.01689383  d_z2
   16   3   2   1       0.03855735  d_xz
   16   3   2   2       0.01731041  d_x2-y2
   17   1   0   0       1.35382005  s
   17   2   1  -1       0.82788279  p_y
   17   2   1   0       0.82763050  p_z
   17   2   1   1       0.83166390  p_x
   17   3   2  -2       0.03939647  d_xy
   17   3   2  -1       0.04170598  d_yz
   17   3   2   0       0.01997627  d_z2
   17   3   2   1       0.03846931  d_xz
   17   3   2   2       0.01981419  d_x2-y2
   18   1   0   0       1.38392960  s
   18   2   1  -1       0.82207300  p_y
   18   2   1   0       0.82780151  p_z
   18   2   1   1       0.82703590  p_x
   18   3   2  -2       0.03743233  d_xy
   18   3   2  -1       0.03807768  d_yz
   18   3   2   0       0.01747042  d_z2
   18   3   2   1       0.03642797  d_xz
   18   3   2   2       0.01662255  d_x2-y2
   19   1   0   0       1.32866860  s
   19   2   1  -1       0.82564942  p_y
   19   2   1   0       0.82448810  p_z
   19   2   1   1       0.82899078  p_x
   19   3   2  -2       0.04357626  d_xy
   19   3   2  -1       0.04358576  d_yz
   19   3   2   0       0.02446390  d_z2
   19   3   2   1       0.04289886  d_xz
   19   3   2   2       0.02236365  d_x2-y2
   20   1   0   0       1.34464625  s
   20   2   1  -1       0.82332007  p_y
   20   2   1   0       0.82338968  p_z
   20   2   1   1       0.82591802  p_x
   20   3   2  -2       0.04220088  d_xy
   20   3   2  -1       0.04125604  d_yz
   20   3   2   0       0.02094413  d_z2
   20   3   2   1       0.04320901  d_xz
   20   3   2   2       0.02252586  d_x2-y2
   21   1   0   0       1.35311766  s
   21   2   1  -1       0.83000373  p_y
   21   2   1   0       0.83346299  p_z
   21   2   1   1       0.82823361  p_x
   21   3   2  -2       0.04070676  d_xy
   21   3   2  -1       0.03781301  d_yz
   21   3   2   0       0.01886399  d_z2
   21   3   2   1       0.03733837  d_xz
   21   3   2   2       0.01852190  d_x2-y2
   22   1   0   0       1.38224226  s
   22   2   1  -1       0.83442073  p_y
   22   2   1   0       0.82992920  p_z
   22   2   1   1       0.83679303  p_x
   22   3   2  -2       0.03533417  d_xy
   22   3   2  -1       0.03684760  d_yz
   22   3   2   0       0.01799500  d_z2
   22   3   2   1       0.03915936  d_xz
   22   3   2   2       0.01651022  d_x2-y2
   23   1   0   0       1.36736931  s
   23   2   1  -1       0.83006162  p_y
   23   2   1   0       0.83753199  p_z
   23   2   1   1       0.82943070  p_x
   23   3   2  -2       0.03780453  d_xy
   23   3   2  -1       0.03721795  d_yz
   23   3   2   0       0.01529182  d_z2
   23   3   2   1       0.03288660  d_xz
   23   3   2   2       0.01769956  d_x2-y2
   24   1   0   0       1.38697176  s
   24   2   1  -1       0.83264890  p_y
   24   2   1   0       0.82541456  p_z
   24   2   1   1       0.83791731  p_x
   24   3   2  -2       0.03345095  d_xy
   24   3   2  -1       0.04067937  d_yz
   24   3   2   0       0.01801939  d_z2
   24   3   2   1       0.03746258  d_xz
   24   3   2   2       0.01672164  d_x2-y2
   25   1   0   0       1.34634989  s
   25   2   1  -1       0.82831436  p_y
   25   2   1   0       0.82855207  p_z
   25   2   1   1       0.82114985  p_x
   25   3   2  -2       0.03995687  d_xy
   25   3   2  -1       0.03960047  d_yz
   25   3   2   0       0.02049443  d_z2
   25   3   2   1       0.04326761  d_xz
   25   3   2   2       0.02177083  d_x2-y2
   26   1   0   0       1.32561329  s
   26   2   1  -1       0.82840166  p_y
   26   2   1   0       0.82901108  p_z
   26   2   1   1       0.82410945  p_x
   26   3   2  -2       0.04443287  d_xy
   26   3   2  -1       0.03890480  d_yz
   26   3   2   0       0.02238614  d_z2
   26   3   2   1       0.04383159  d_xz
   26   3   2   2       0.02320687  d_x2-y2
   27   1   0   0       1.38056681  s
   27   2   1  -1       0.82642676  p_y
   27   2   1   0       0.82720471  p_z
   27   2   1   1       0.82867206  p_x
   27   3   2  -2       0.03871396  d_xy
   27   3   2  -1       0.03615798  d_yz
   27   3   2   0       0.01952686  d_z2
   27   3   2   1       0.03733200  d_xz
   27   3   2   2       0.01592653  d_x2-y2
   28   1   0   0       1.36829300  s
   28   2   1  -1       0.82323320  p_y
   28   2   1   0       0.83254146  p_z
   28   2   1   1       0.82534217  p_x
   28   3   2  -2       0.03974487  d_xy
   28   3   2  -1       0.03869591  d_yz
   28   3   2   0       0.01784470  d_z2
   28   3   2   1       0.03623552  d_xz
   28   3   2   2       0.01847310  d_x2-y2
   29   1   0   0       1.36912026  s
   29   2   1  -1       0.82606011  p_y
   29   2   1   0       0.82969501  p_z
   29   2   1   1       0.83193030  p_x
   29   3   2  -2       0.04103385  d_xy
   29   3   2  -1       0.03364892  d_yz
   29   3   2   0       0.01776137  d_z2
   29   3   2   1       0.03856043  d_xz
   29   3   2   2       0.01786254  d_x2-y2
   30   1   0   0       1.35874343  s
   30   2   1  -1       0.83259205  p_y
   30   2   1   0       0.82545592  p_z
   30   2   1   1       0.82985506  p_x
   30   3   2  -2       0.03788032  d_xy
   30   3   2  -1       0.03699100  d_yz
   30   3   2   0       0.01957552  d_z2
   30   3   2   1       0.04103848  d_xz
   30   3   2   2       0.01976564  d_x2-y2
   31   1   0   0       1.37904522  s
   31   2   1  -1       0.82648672  p_y
   31   2   1   0       0.83424061  p_z
   31   2   1   1       0.82271325  p_x
   31   3   2  -2       0.03870018  d_xy
   31   3   2  -1       0.03801052  d_yz
   31   3   2   0       0.01656257  d_z2
   31   3   2   1       0.03649122  d_xz
   31   3   2   2       0.01985157  d_x2-y2
   32   1   0   0       1.37090997  s
   32   2   1  -1       0.82798281  p_y
   32   2   1   0       0.83141140  p_z
   32   2   1   1       0.82456171  p_x
   32   3   2  -2       0.03975337  d_xy
   32   3   2  -1       0.03910686  d_yz
   32   3   2   0       0.01768583  d_z2
   32   3   2   1       0.03639743  d_xz
   32   3   2   2       0.01969694  d_x2-y2
   33   1   0   0       1.37318722  s
   33   2   1  -1       0.82406504  p_y
   33   2   1   0       0.83540243  p_z
   33   2   1   1       0.82925001  p_x
   33   3   2  -2       0.04068251  d_xy
   33   3   2  -1       0.03793591  d_yz
   33   3   2   0       0.01656805  d_z2
   33   3   2   1       0.03717197  d_xz
   33   3   2   2       0.02033907  d_x2-y2
   34   1   0   0       1.34069073  s
   34   2   1  -1       0.82637766  p_y
   34   2   1   0       0.81878720  p_z
   34   2   1   1       0.82278283  p_x
   34   3   2  -2       0.03860789  d_xy
   34   3   2  -1       0.04042349  d_yz
   34   3   2   0       0.02293932  d_z2
   34   3   2   1       0.04864992  d_xz
   34   3   2   2       0.02130467  d_x2-y2
   35   1   0   0       1.38528164  s
   35   2   1  -1       0.82829922  p_y
   35   2   1   0       0.83264151  p_z
   35   2   1   1       0.82803951  p_x
   35   3   2  -2       0.03987014  d_xy
   35   3   2  -1       0.03335777  d_yz
   35   3   2   0       0.01665571  d_z2
   35   3   2   1       0.03477048  d_xz
   35   3   2   2       0.01697229  d_x2-y2
   36   1   0   0       1.41577832  s
   36   2   1  -1       0.82820744  p_y
   36   2   1   0       0.82852313  p_z
   36   2   1   1       0.82918669  p_x
   36   3   2  -2       0.03202139  d_xy
   36   3   2  -1       0.03098759  d_yz
   36   3   2   0       0.01433237  d_z2
   36   3   2   1       0.03560055  d_xz
   36   3   2   2       0.01368116  d_x2-y2
   37   1   0   0       1.35862492  s
   37   2   1  -1       0.82634674  p_y
   37   2   1   0       0.82222344  p_z
   37   2   1   1       0.83061680  p_x
   37   3   2  -2       0.03725064  d_xy
   37   3   2  -1       0.03785334  d_yz
   37   3   2   0       0.01849044  d_z2
   37   3   2   1       0.03943034  d_xz
   37   3   2   2       0.01903438  d_x2-y2
   38   1   0   0       1.35536512  s
   38   2   1  -1       0.82864349  p_y
   38   2   1   0       0.82206555  p_z
   38   2   1   1       0.82401379  p_x
   38   3   2  -2       0.04148318  d_xy
   38   3   2  -1       0.04216568  d_yz
   38   3   2   0       0.02254208  d_z2
   38   3   2   1       0.04204627  d_xz
   38   3   2   2       0.02013238  d_x2-y2
   39   1   0   0       1.34962753  s
   39   2   1  -1       0.82920379  p_y
   39   2   1   0       0.82509348  p_z
   39   2   1   1       0.82659874  p_x
   39   3   2  -2       0.03790616  d_xy
   39   3   2  -1       0.04232547  d_yz
   39   3   2   0       0.02178279  d_z2
   39   3   2   1       0.04170669  d_xz
   39   3   2   2       0.01930753  d_x2-y2
   40   1   0   0       1.32966496  s
   40   2   1  -1       0.82339484  p_y
   40   2   1   0       0.83709989  p_z
   40   2   1   1       0.83059822  p_x
   40   3   2  -2       0.04486420  d_xy
   40   3   2  -1       0.03936698  d_yz
   40   3   2   0       0.02053520  d_z2
   40   3   2   1       0.03833880  d_xz
   40   3   2   2       0.02346559  d_x2-y2
   41   1   0   0       1.37114899  s
   41   2   1  -1       0.83297241  p_y
   41   2   1   0       0.83487063  p_z
   41   2   1   1       0.83436657  p_x
   41   3   2  -2       0.03470132  d_xy
   41   3   2  -1       0.03833691  d_yz
   41   3   2   0       0.01689297  d_z2
   41   3   2   1       0.03467532  d_xz
   41   3   2   2       0.01716022  d_x2-y2
   42   1   0   0       1.34134265  s
   42   2   1  -1       0.82543137  p_y
   42   2   1   0       0.83757606  p_z
   42   2   1   1       0.83256541  p_x
   42   3   2  -2       0.04190072  d_xy
   42   3   2  -1       0.04006072  d_yz
   42   3   2   0       0.02020209  d_z2
   42   3   2   1       0.03332736  d_xz
   42   3   2   2       0.01990109  d_x2-y2
   43   1   0   0       1.34630447  s
   43   2   1  -1       0.83303099  p_y
   43   2   1   0       0.82651490  p_z
   43   2   1   1       0.83301955  p_x
   43   3   2  -2       0.03935111  d_xy
   43   3   2  -1       0.04056255  d_yz
   43   3   2   0       0.02257917  d_z2
   43   3   2   1       0.03942767  d_xz
   43   3   2   2       0.01824736  d_x2-y2
   44   1   0   0       1.33118494  s
   44   2   1  -1       0.82579122  p_y
   44   2   1   0       0.82571982  p_z
   44   2   1   1       0.82704341  p_x
   44   3   2  -2       0.04249907  d_xy
   44   3   2  -1       0.04315024  d_yz
   44   3   2   0       0.02228236  d_z2
   44   3   2   1       0.03781147  d_xz
   44   3   2   2       0.02172835  d_x2-y2
   45   1   0   0       1.32707258  s
   45   2   1  -1       0.82739834  p_y
   45   2   1   0       0.82359687  p_z
   45   2   1   1       0.82461027  p_x
   45   3   2  -2       0.04630073  d_xy
   45   3   2  -1       0.04359615  d_yz
   45   3   2   0       0.02537092  d_z2
   45   3   2   1       0.04260052  d_xz
   45   3   2   2       0.02224731  d_x2-y2
   46   1   0   0       1.39609488  s
   46   2   1  -1       0.82703630  p_y
   46   2   1   0       0.82958433  p_z
   46   2   1   1       0.83207597  p_x
   46   3   2  -2       0.03692072  d_xy
   46   3   2  -1       0.03505275  d_yz
   46   3   2   0       0.01548750  d_z2
   46   3   2   1       0.03288831  d_xz
   46   3   2   2       0.01601486  d_x2-y2
   47   1   0   0       1.34317316  s
   47   2   1  -1       0.82699888  p_y
   47   2   1   0       0.82628632  p_z
   47   2   1   1       0.82885973  p_x
   47   3   2  -2       0.03658461  d_xy
   47   3   2  -1       0.04261387  d_yz
   47   3   2   0       0.01977137  d_z2
   47   3   2   1       0.04083917  d_xz
   47   3   2   2       0.02088347  d_x2-y2
   48   1   0   0       1.36921423  s
   48   2   1  -1       0.82436102  p_y
   48   2   1   0       0.83147426  p_z
   48   2   1   1       0.82838780  p_x
   48   3   2  -2       0.04033211  d_xy
   48   3   2  -1       0.03863101  d_yz
   48   3   2   0       0.01861927  d_z2
   48   3   2   1       0.03785403  d_xz
   48   3   2   2       0.01891868  d_x2-y2
   49   1   0   0       1.38103841  s
   49   2   1  -1       0.83005271  p_y
   49   2   1   0       0.82839758  p_z
   49   2   1   1       0.82792744  p_x
   49   3   2  -2       0.03622891  d_xy
   49   3   2  -1       0.03498389  d_yz
   49   3   2   0       0.01784110  d_z2
   49   3   2   1       0.03832563  d_xz
   49   3   2   2       0.01659060  d_x2-y2
   50   1   0   0       1.37009316  s
   50   2   1  -1       0.82451682  p_y
   50   2   1   0       0.83602142  p_z
   50   2   1   1       0.82718877  p_x
   50   3   2  -2       0.04224237  d_xy
   50   3   2  -1       0.04136803  d_yz
   50   3   2   0       0.01990917  d_z2
   50   3   2   1       0.03616481  d_xz
   50   3   2   2       0.01997123  d_x2-y2
   51   1   0   0       1.36412972  s
   51   2   1  -1       0.82652229  p_y
   51   2   1   0       0.82260750  p_z
   51   2   1   1       0.82576068  p_x
   51   3   2  -2       0.03805673  d_xy
   51   3   2  -1       0.04006434  d_yz
   51   3   2   0       0.02030091  d_z2
   51   3   2   1       0.03996822  d_xz
   51   3   2   2       0.01837020  d_x2-y2
   52   1   0   0       1.36305083  s
   52   2   1  -1       0.82982456  p_y
   52   2   1   0       0.83352006  p_z
   52   2   1   1       0.83252835  p_x
   52   3   2  -2       0.04033567  d_xy
   52   3   2  -1       0.03426847  d_yz
   52   3   2   0       0.01772879  d_z2
   52   3   2   1       0.03806404  d_xz
   52   3   2   2       0.01907845  d_x2-y2
   53   1   0   0       1.33818363  s
   53   2   1  -1       0.82661221  p_y
   53   2   1   0       0.83118543  p_z
   53   2   1   1       0.82487000  p_x
   53   3   2  -2       0.04254584  d_xy
   53   3   2  -1       0.04070880  d_yz
   53   3   2   0       0.02058651  d_z2
   53   3   2   1       0.04485107  d_xz
   53   3   2   2       0.02425851  d_x2-y2
   54   1   0   0       1.38061251  s
   54   2   1  -1       0.82846259  p_y
   54   2   1   0       0.82684798  p_z
   54   2   1   1       0.83145458  p_x
   54   3   2  -2       0.03374710  d_xy
   54   3   2  -1       0.04013636  d_yz
   54   3   2   0       0.01715521  d_z2
   54   3   2   1       0.04053557  d_xz
   54   3   2   2       0.01898450  d_x2-y2
   55   1   0   0       1.35188280  s
   55   2   1  -1       0.83064934  p_y
   55   2   1   0       0.83163435  p_z
   55   2   1   1       0.82952788  p_x
   55   3   2  -2       0.03940775  d_xy
   55   3   2  -1       0.04074862  d_yz
   55   3   2   0       0.01972575  d_z2
   55   3   2   1       0.04018593  d_xz
   55   3   2   2       0.02078008  d_x2-y2
   56   1   0   0       1.36567679  s
   56   2   1  -1       0.83460084  p_y
   56   2   1   0       0.82677834  p_z
   56   2   1   1       0.83144059  p_x
   56   3   2  -2       0.03621449  d_xy
   56   3   2  -1       0.03880277  d_yz
   56   3   2   0       0.01894090  d_z2
   56   3   2   1       0.03727548  d_xz
   56   3   2   2       0.01665632  d_x2-y2
   57   1   0   0       1.34006483  s
   57   2   1  -1       0.83053272  p_y
   57   2   1   0       0.82106049  p_z
   57   2   1   1       0.83052326  p_x
   57   3   2  -2       0.03691122  d_xy
   57   3   2  -1       0.04302201  d_yz
   57   3   2   0       0.02194209  d_z2
   57   3   2   1       0.04225567  d_xz
   57   3   2   2       0.02037981  d_x2-y2
   58   1   0   0       1.35092108  s
   58   2   1  -1       0.82914930  p_y
   58   2   1   0       0.82513604  p_z
   58   2   1   1       0.83200833  p_x
   58   3   2  -2       0.03741878  d_xy
   58   3   2  -1       0.03877450  d_yz
   58   3   2   0       0.01976974  d_z2
   58   3   2   1       0.03969609  d_xz
   58   3   2   2       0.01912622  d_x2-y2
   59   1   0   0       1.32664654  s
   59   2   1  -1       0.83119053  p_y
   59   2   1   0       0.82324730  p_z
   59   2   1   1       0.83181590  p_x
   59   3   2  -2       0.04197742  d_xy
   59   3   2  -1       0.04312869  d_yz
   59   3   2   0       0.02465377  d_z2
   59   3   2   1       0.04441770  d_xz
   59   3   2   2       0.02171319  d_x2-y2
   60   1   0   0       1.37964817  s
   60   2   1  -1       0.82352555  p_y
   60   2   1   0       0.83036495  p_z
   60   2   1   1       0.82395430  p_x
   60   3   2  -2       0.03871921  d_xy
   60   3   2  -1       0.03932969  d_yz
   60   3   2   0       0.01718683  d_z2
   60   3   2   1       0.03808612  d_xz
   60   3   2   2       0.01961827  d_x2-y2
   61   1   0   0       1.36178239  s
   61   2   1  -1       0.82943310  p_y
   61   2   1   0       0.82952716  p_z
   61   2   1   1       0.82983477  p_x
   61   3   2  -2       0.04163516  d_xy
   61   3   2  -1       0.04133784  d_yz
   61   3   2   0       0.01979501  d_z2
   61   3   2   1       0.03705236  d_xz
   61   3   2   2       0.01944987  d_x2-y2
   62   1   0   0       1.32524033  s
   62   2   1  -1       0.83174346  p_y
   62   2   1   0       0.83053866  p_z
   62   2   1   1       0.82238976  p_x
   62   3   2  -2       0.04625498  d_xy
   62   3   2  -1       0.04133494  d_yz
   62   3   2   0       0.02155734  d_z2
   62   3   2   1       0.04142711  d_xz
   62   3   2   2       0.02390149  d_x2-y2
   63   1   0   0       1.37730415  s
   63   2   1  -1       0.82976169  p_y
   63   2   1   0       0.83006105  p_z
   63   2   1   1       0.83062967  p_x
   63   3   2  -2       0.03788381  d_xy
   63   3   2  -1       0.03669173  d_yz
   63   3   2   0       0.01881235  d_z2
   63   3   2   1       0.03867133  d_xz
   63   3   2   2       0.01778352  d_x2-y2
   64   1   0   0       1.36324044  s
   64   2   1  -1       0.82483210  p_y
   64   2   1   0       0.82013600  p_z
   64   2   1   1       0.82637150  p_x
   64   3   2  -2       0.03881820  d_xy
   64   3   2  -1       0.04337999  d_yz
   64   3   2   0       0.02113784  d_z2
   64   3   2   1       0.04210221  d_xz
   64   3   2   2       0.02083583  d_x2-y2

Fermi level:                        -0.1331395138 H           -3.6229 eV
Band energy:                       -88.1834254749 H        -2399.5931 eV
TS:                                  0.0000000000 H            0.0000 eV
Band free energy (E-TS):           -88.1834254749 H        -2399.5931 eV
Extrapolated E(0K):                -88.1834254749 H        -2399.5931 eV
Input / Output electrons (q):    256.0000000000    256.0000000000

Energy H0:                         -88.1635745766 H        -2399.0529 eV
Energy SCC:                          0.0006401481 H            0.0174 eV
Total Electronic energy:           -88.1629344286 H        -2399.0355 eV
Repulsive energy:                    0.0000000000 H            0.0000 eV
Total energy:                      -88.1629344286 H        -2399.0355 eV
Extrapolated to 0:                 -88.1629344286 H        -2399.0355 eV
Total Mermin free energy:          -88.1629344286 H        -2399.0355 eV
Force related energy:              -88.1629344286 H        -2399.0355 eV

Non-constrained calculation

SCC converged

Warning: dipole moment is not defined absolutely!
Dipole moment:   -0.28742467    0.06530841   -0.27577370 au
Dipole moment:   -0.73056071    0.16599743   -0.70094689 Debye


