 Fermi distribution function

Calculation with static geometry


********************************************************************************
 iSCC Total electronic   Diff electronic      SCC error    
    9   -0.88183320E+02   -0.11015118E-08    0.61577512E-05
********************************************************************************

 Total charge:    -0.00000000

 Atomic gross charges (e)
 Atom           Charge
    1      -0.00257189
    2       0.00732293
    3      -0.01089627
    4       0.00915060
    5       0.01083447
    6      -0.01384615
    7       0.01392429
    8      -0.00575716
    9       0.00322081
   10       0.00818076
   11       0.01900079
   12       0.00844083
   13      -0.01171599
   14      -0.00842590
   15      -0.01344966
   16      -0.00987161
   17      -0.01551735
   18       0.00206790
   19      -0.00849165
   20       0.00359604
   21      -0.01134512
   22       0.01544182
   23      -0.00825120
   24       0.01114241
   25       0.01117961
   26      -0.01927743
   27       0.00122426
   28      -0.00546176
   29      -0.01101184
   30       0.02156629
   31      -0.01415961
   32       0.02044727
   33       0.00076136
   34      -0.00903405
   35       0.01800273
   36       0.00837487
   37       0.00611730
   38      -0.02331326
   39      -0.00859392
   40       0.01055480
   41       0.01875420
   42       0.01073016
   43       0.01279690
   44      -0.02236041
   45      -0.03201065
   46       0.01466449
   47      -0.00088743
   48       0.00172400
   49      -0.01415543
   50      -0.00580776
   51      -0.01531079
   52       0.00879150
   53      -0.01174600
   54       0.00848179
   55      -0.00924721
   56       0.01293427
   57      -0.00634287
   58       0.00454567
   59      -0.00941279
   60       0.00694125
   61       0.00991773
   62       0.00930045
   63       0.00395198
   64       0.00418666

Nr. of electrons (up):    256.00000000
Atom populations (up)
 Atom       Population
    1       4.00257189
    2       3.99267707
    3       4.01089627
    4       3.99084940
    5       3.98916553
    6       4.01384615
    7       3.98607571
    8       4.00575716
    9       3.99677919
   10       3.99181924
   11       3.98099921
   12       3.99155917
   13       4.01171599
   14       4.00842590
   15       4.01344966
   16       4.00987161
   17       4.01551735
   18       3.99793210
   19       4.00849165
   20       3.99640396
   21       4.01134512
   22       3.98455818
   23       4.00825120
   24       3.98885759
   25       3.98882039
   26       4.01927743
   27       3.99877574
   28       4.00546176
   29       4.01101184
   30       3.97843371
   31       4.01415961
   32       3.97955273
   33       3.99923864
   34       4.00903405
   35       3.98199727
   36       3.99162513
   37       3.99388270
   38       4.02331326
   39       4.00859392
   40       3.98944520
   41       3.98124580
   42       3.98926984
   43       3.98720310
   44       4.02236041
   45       4.03201065
   46       3.98533551
   47       4.00088743
   48       3.99827600
   49       4.01415543
   50       4.00580776
   51       4.01531079
   52       3.99120850
   53       4.01174600
   54       3.99151821
   55       4.00924721
   56       3.98706573
   57       4.00634287
   58       3.99545433
   59       4.00941279
   60       3.99305875
   61       3.99008227
   62       3.99069955
   63       3.99604802
   64       3.99581334

l-shell populations (up)
 Atom Sh.   l       Population
    1   1   0       1.36092527
    1   2   1       2.48388286
    1   3   2       0.15776376
    2   1   0       1.35027092
    2   2   1       2.47066642
    2   3   2       0.17173973
    3   1   0       1.38614362
    3   2   1       2.48271842
    3   3   2       0.14203423
    4   1   0       1.34414198
    4   2   1       2.48600964
    4   3   2       0.16069778
    5   1   0       1.34030223
    5   2   1       2.48081830
    5   3   2       0.16804499
    6   1   0       1.38364843
    6   2   1       2.48638728
    6   3   2       0.14381044
    7   1   0       1.32782990
    7   2   1       2.48434883
    7   3   2       0.17389699
    8   1   0       1.36749609
    8   2   1       2.49121153
    8   3   2       0.14704954
    9   1   0       1.35083862
    9   2   1       2.48646537
    9   3   2       0.15947520
   10   1   0       1.33827719
   10   2   1       2.49444822
   10   3   2       0.15909383
   11   1   0       1.32326444
   11   2   1       2.47684907
   11   3   2       0.18088570
   12   1   0       1.35951381
   12   2   1       2.47614158
   12   3   2       0.15590379
   13   1   0       1.37608419
   13   2   1       2.48580634
   13   3   2       0.14982546
   14   1   0       1.36046182
   14   2   1       2.49480223
   14   3   2       0.15316185
   15   1   0       1.38136367
   15   2   1       2.49125689
   15   3   2       0.14082910
   16   1   0       1.36344352
   16   2   1       2.48740590
   16   3   2       0.15902220
   17   1   0       1.37579187
   17   2   1       2.48932449
   17   3   2       0.15040099
   18   1   0       1.35279917
   18   2   1       2.47948681
   18   3   2       0.16564612
   19   1   0       1.36604071
   19   2   1       2.49304773
   19   3   2       0.14940320
   20   1   0       1.34991246
   20   2   1       2.49373856
   20   3   2       0.15275294
   21   1   0       1.36709578
   21   2   1       2.49362083
   21   3   2       0.15062850
   22   1   0       1.34359858
   22   2   1       2.47595138
   22   3   2       0.16500822
   23   1   0       1.36520748
   23   2   1       2.48342715
   23   3   2       0.15961657
   24   1   0       1.35456371
   24   2   1       2.48047955
   24   3   2       0.15381433
   25   1   0       1.34771690
   25   2   1       2.47871911
   25   3   2       0.16238438
   26   1   0       1.37942524
   26   2   1       2.49628730
   26   3   2       0.14356488
   27   1   0       1.35963335
   27   2   1       2.47872141
   27   3   2       0.16042097
   28   1   0       1.36178698
   28   2   1       2.48678333
   28   3   2       0.15689144
   29   1   0       1.37306937
   29   2   1       2.49193000
   29   3   2       0.14601248
   30   1   0       1.32973141
   30   2   1       2.47756978
   30   3   2       0.17113252
   31   1   0       1.37019007
   31   2   1       2.49751627
   31   3   2       0.14645327
   32   1   0       1.33591188
   32   2   1       2.46822604
   32   3   2       0.17541480
   33   1   0       1.37382751
   33   2   1       2.47470033
   33   3   2       0.15071080
   34   1   0       1.37671203
   34   2   1       2.48494733
   34   3   2       0.14737469
   35   1   0       1.34887133
   35   2   1       2.46459211
   35   3   2       0.16853384
   36   1   0       1.34910659
   36   2   1       2.47324520
   36   3   2       0.16927334
   37   1   0       1.34126733
   37   2   1       2.48434645
   37   3   2       0.16826893
   38   1   0       1.40037738
   38   2   1       2.49272401
   38   3   2       0.13021188
   39   1   0       1.35177629
   39   2   1       2.49093797
   39   3   2       0.16587966
   40   1   0       1.34048158
   40   2   1       2.49116230
   40   3   2       0.15780132
   41   1   0       1.32997744
   41   2   1       2.47902550
   41   3   2       0.17224286
   42   1   0       1.33045834
   42   2   1       2.48376063
   42   3   2       0.17505086
   43   1   0       1.34476044
   43   2   1       2.48937502
   43   3   2       0.15306764
   44   1   0       1.37951095
   44   2   1       2.50229052
   44   3   2       0.14055894
   45   1   0       1.39928274
   45   2   1       2.49525772
   45   3   2       0.13747020
   46   1   0       1.33789185
   46   2   1       2.47690463
   46   3   2       0.17053902
   47   1   0       1.35211094
   47   2   1       2.48850149
   47   3   2       0.16027500
   48   1   0       1.35716204
   48   2   1       2.48024583
   48   3   2       0.16086813
   49   1   0       1.36812129
   49   2   1       2.49092439
   49   3   2       0.15510975
   50   1   0       1.37779707
   50   2   1       2.48540550
   50   3   2       0.14260519
   51   1   0       1.37155893
   51   2   1       2.48830747
   51   3   2       0.15544439
   52   1   0       1.34738341
   52   2   1       2.48654076
   52   3   2       0.15728433
   53   1   0       1.37945957
   53   2   1       2.48516829
   53   3   2       0.14711815
   54   1   0       1.33821621
   54   2   1       2.48290593
   54   3   2       0.17039607
   55   1   0       1.37817098
   55   2   1       2.48739224
   55   3   2       0.14368400
   56   1   0       1.33531704
   56   2   1       2.48078598
   56   3   2       0.17096271
   57   1   0       1.35707061
   57   2   1       2.49218846
   57   3   2       0.15708381
   58   1   0       1.35532858
   58   2   1       2.48515282
   58   3   2       0.15497293
   59   1   0       1.37308092
   59   2   1       2.48728281
   59   3   2       0.14904906
   60   1   0       1.35458263
   60   2   1       2.47550833
   60   3   2       0.16296779
   61   1   0       1.34147911
   61   2   1       2.47849770
   61   3   2       0.17010546
   62   1   0       1.34582061
   62   2   1       2.48144448
   62   3   2       0.16343445
   63   1   0       1.34635028
   63   2   1       2.48606763
   63   3   2       0.16363011
   64   1   0       1.36379661
   64   2   1       2.47684967
   64   3   2       0.15516706

Orbital populations (up)
 Atom Sh.   l   m       Population  Label
    1   1   0   0       1.36092527  s
    1   2   1  -1       0.82857818  p_y
    1   2   1   0       0.82522873  p_z
    1   2   1   1       0.83007595  p_x
    1   3   2  -2       0.03701046  d_xy
    1   3   2  -1       0.03929703  d_yz
    1   3   2   0       0.01971942  d_z2
    1   3   2   1       0.04289845  d_xz
    1   3   2   2       0.01883841  d_x2-y2
    2   1   0   0       1.35027092  s
    2   2   1  -1       0.82051487  p_y
    2   2   1   0       0.82580558  p_z
    2   2   1   1       0.82434598  p_x
    2   3   2  -2       0.04306968  d_xy
    2   3   2  -1       0.04196728  d_yz
    2   3   2   0       0.02229673  d_z2
    2   3   2   1       0.04239483  d_xz
    2   3   2   2       0.02201121  d_x2-y2
    3   1   0   0       1.38614362  s
    3   2   1  -1       0.82858747  p_y
    3   2   1   0       0.82547002  p_z
    3   2   1   1       0.82866093  p_x
    3   3   2  -2       0.03365866  d_xy
    3   3   2  -1       0.03685619  d_yz
    3   3   2   0       0.01725327  d_z2
    3   3   2   1       0.03786485  d_xz
    3   3   2   2       0.01640125  d_x2-y2
    4   1   0   0       1.34414198  s
    4   2   1  -1       0.82216805  p_y
    4   2   1   0       0.83603483  p_z
    4   2   1   1       0.82780676  p_x
    4   3   2  -2       0.04463683  d_xy
    4   3   2  -1       0.03708405  d_yz
    4   3   2   0       0.01870607  d_z2
    4   3   2   1       0.03854153  d_xz
    4   3   2   2       0.02172930  d_x2-y2
    5   1   0   0       1.34030223  s
    5   2   1  -1       0.82820626  p_y
    5   2   1   0       0.82853046  p_z
    5   2   1   1       0.82408158  p_x
    5   3   2  -2       0.04059560  d_xy
    5   3   2  -1       0.04063564  d_yz
    5   3   2   0       0.01994487  d_z2
    5   3   2   1       0.04382221  d_xz
    5   3   2   2       0.02304667  d_x2-y2
    6   1   0   0       1.38364843  s
    6   2   1  -1       0.82661042  p_y
    6   2   1   0       0.83064692  p_z
    6   2   1   1       0.82912993  p_x
    6   3   2  -2       0.03743669  d_xy
    6   3   2  -1       0.03520085  d_yz
    6   3   2   0       0.01848409  d_z2
    6   3   2   1       0.03602634  d_xz
    6   3   2   2       0.01666248  d_x2-y2
    7   1   0   0       1.32782990  s
    7   2   1  -1       0.82748334  p_y
    7   2   1   0       0.83108272  p_z
    7   2   1   1       0.82578277  p_x
    7   3   2  -2       0.04412697  d_xy
    7   3   2  -1       0.03955044  d_yz
    7   3   2   0       0.02431938  d_z2
    7   3   2   1       0.04319009  d_xz
    7   3   2   2       0.02271011  d_x2-y2
    8   1   0   0       1.36749609  s
    8   2   1  -1       0.83083658  p_y
    8   2   1   0       0.83102465  p_z
    8   2   1   1       0.82935031  p_x
    8   3   2  -2       0.03950910  d_xy
    8   3   2  -1       0.03507769  d_yz
    8   3   2   0       0.01770059  d_z2
    8   3   2   1       0.03716385  d_xz
    8   3   2   2       0.01759830  d_x2-y2
    9   1   0   0       1.35083862  s
    9   2   1  -1       0.83231287  p_y
    9   2   1   0       0.82628102  p_z
    9   2   1   1       0.82787148  p_x
    9   3   2  -2       0.04023852  d_xy
    9   3   2  -1       0.04101065  d_yz
    9   3   2   0       0.02014455  d_z2
    9   3   2   1       0.03813590  d_xz
    9   3   2   2       0.01994558  d_x2-y2
   10   1   0   0       1.33827719  s
   10   2   1  -1       0.82737337  p_y
   10   2   1   0       0.83442256  p_z
   10   2   1   1       0.83265229  p_x
   10   3   2  -2       0.04291302  d_xy
   10   3   2  -1       0.04005832  d_yz
   10   3   2   0       0.02135150  d_z2
   10   3   2   1       0.03511784  d_xz
   10   3   2   2       0.01965316  d_x2-y2
   11   1   0   0       1.32326444  s
   11   2   1  -1       0.82265874  p_y
   11   2   1   0       0.82854443  p_z
   11   2   1   1       0.82564591  p_x
   11   3   2  -2       0.04576042  d_xy
   11   3   2  -1       0.04442882  d_yz
   11   3   2   0       0.02486333  d_z2
   11   3   2   1       0.04176222  d_xz
   11   3   2   2       0.02407091  d_x2-y2
   12   1   0   0       1.35951381  s
   12   2   1  -1       0.82457714  p_y
   12   2   1   0       0.82690898  p_z
   12   2   1   1       0.82465546  p_x
   12   3   2  -2       0.03958231  d_xy
   12   3   2  -1       0.04060508  d_yz
   12   3   2   0       0.01924819  d_z2
   12   3   2   1       0.03693805  d_xz
   12   3   2   2       0.01953016  d_x2-y2
   13   1   0   0       1.37608419  s
   13   2   1  -1       0.82450954  p_y
   13   2   1   0       0.83510711  p_z
   13   2   1   1       0.82618968  p_x
   13   3   2  -2       0.04078918  d_xy
   13   3   2  -1       0.03770190  d_yz
   13   3   2   0       0.01759428  d_z2
   13   3   2   1       0.03491039  d_xz
   13   3   2   2       0.01882971  d_x2-y2
   14   1   0   0       1.36046182  s
   14   2   1  -1       0.83331257  p_y
   14   2   1   0       0.83328741  p_z
   14   2   1   1       0.82820225  p_x
   14   3   2  -2       0.03882816  d_xy
   14   3   2  -1       0.03672431  d_yz
   14   3   2   0       0.01768227  d_z2
   14   3   2   1       0.04025965  d_xz
   14   3   2   2       0.01966747  d_x2-y2
   15   1   0   0       1.38136367  s
   15   2   1  -1       0.82881370  p_y
   15   2   1   0       0.82932575  p_z
   15   2   1   1       0.83311744  p_x
   15   3   2  -2       0.03722359  d_xy
   15   3   2  -1       0.03574150  d_yz
   15   3   2   0       0.01676314  d_z2
   15   3   2   1       0.03504460  d_xz
   15   3   2   2       0.01605628  d_x2-y2
   16   1   0   0       1.36344352  s
   16   2   1  -1       0.82888252  p_y
   16   2   1   0       0.82977187  p_z
   16   2   1   1       0.82875151  p_x
   16   3   2  -2       0.03915272  d_xy
   16   3   2  -1       0.04073689  d_yz
   16   3   2   0       0.02026200  d_z2
   16   3   2   1       0.03957847  d_xz
   16   3   2   2       0.01929212  d_x2-y2
   17   1   0   0       1.37579187  s
   17   2   1  -1       0.82995318  p_y
   17   2   1   0       0.82907453  p_z
   17   2   1   1       0.83029677  p_x
   17   3   2  -2       0.03650160  d_xy
   17   3   2  -1       0.03957658  d_yz
   17   3   2   0       0.01757902  d_z2
   17   3   2   1       0.03860356  d_xz
   17   3   2   2       0.01814023  d_x2-y2
   18   1   0   0       1.35279917  s
   18   2   1  -1       0.82935828  p_y
   18   2   1   0       0.82579830  p_z
   18   2   1   1       0.82433023  p_x
   18   3   2  -2       0.03959478  d_xy
   18   3   2  -1       0.04356500  d_yz
   18   3   2   0       0.02080221  d_z2
   18   3   2   1       0.04034855  d_xz
   18   3   2   2       0.02133558  d_x2-y2
   19   1   0   0       1.36604071  s
   19   2   1  -1       0.82957435  p_y
   19   2   1   0       0.82832608  p_z
   19   2   1   1       0.83514730  p_x
   19   3   2  -2       0.03655608  d_xy
   19   3   2  -1       0.03996112  d_yz
   19   3   2   0       0.01845704  d_z2
   19   3   2   1       0.03700951  d_xz
   19   3   2   2       0.01741945  d_x2-y2
   20   1   0   0       1.34991246  s
   20   2   1  -1       0.83225199  p_y
   20   2   1   0       0.83173222  p_z
   20   2   1   1       0.82975435  p_x
   20   3   2  -2       0.04100194  d_xy
   20   3   2  -1       0.03592769  d_yz
   20   3   2   0       0.02091703  d_z2
   20   3   2   1       0.03805261  d_xz
   20   3   2   2       0.01685366  d_x2-y2
   21   1   0   0       1.36709578  s
   21   2   1  -1       0.83168415  p_y
   21   2   1   0       0.82664098  p_z
   21   2   1   1       0.83529571  p_x
   21   3   2  -2       0.03406589  d_xy
   21   3   2  -1       0.03706953  d_yz
   21   3   2   0       0.01795476  d_z2
   21   3   2   1       0.04281268  d_xz
   21   3   2   2       0.01872564  d_x2-y2
   22   1   0   0       1.34359858  s
   22   2   1  -1       0.82573848  p_y
   22   2   1   0       0.82732272  p_z
   22   2   1   1       0.82289018  p_x
   22   3   2  -2       0.04187546  d_xy
   22   3   2  -1       0.03743692  d_yz
   22   3   2   0       0.02135020  d_z2
   22   3   2   1       0.04351932  d_xz
   22   3   2   2       0.02082632  d_x2-y2
   23   1   0   0       1.36520748  s
   23   2   1  -1       0.83237577  p_y
   23   2   1   0       0.82022782  p_z
   23   2   1   1       0.83082356  p_x
   23   3   2  -2       0.03705275  d_xy
   23   3   2  -1       0.04080586  d_yz
   23   3   2   0       0.02136905  d_z2
   23   3   2   1       0.04257361  d_xz
   23   3   2   2       0.01781530  d_x2-y2
   24   1   0   0       1.35456371  s
   24   2   1  -1       0.82282576  p_y
   24   2   1   0       0.82827117  p_z
   24   2   1   1       0.82938263  p_x
   24   3   2  -2       0.03776465  d_xy
   24   3   2  -1       0.04110969  d_yz
   24   3   2   0       0.01919926  d_z2
   24   3   2   1       0.03707615  d_xz
   24   3   2   2       0.01866458  d_x2-y2
   25   1   0   0       1.34771690  s
   25   2   1  -1       0.82286291  p_y
   25   2   1   0       0.83031308  p_z
   25   2   1   1       0.82554312  p_x
   25   3   2  -2       0.04292996  d_xy
   25   3   2  -1       0.03806363  d_yz
   25   3   2   0       0.02116005  d_z2
   25   3   2   1       0.03937632  d_xz
   25   3   2   2       0.02085442  d_x2-y2
   26   1   0   0       1.37942524  s
   26   2   1  -1       0.83810601  p_y
   26   2   1   0       0.82766865  p_z
   26   2   1   1       0.83051264  p_x
   26   3   2  -2       0.03459624  d_xy
   26   3   2  -1       0.03544529  d_yz
   26   3   2   0       0.01711340  d_z2
   26   3   2   1       0.03965376  d_xz
   26   3   2   2       0.01675619  d_x2-y2
   27   1   0   0       1.35963335  s
   27   2   1  -1       0.82410497  p_y
   27   2   1   0       0.83415371  p_z
   27   2   1   1       0.82046273  p_x
   27   3   2  -2       0.04130671  d_xy
   27   3   2  -1       0.03989986  d_yz
   27   3   2   0       0.01936399  d_z2
   27   3   2   1       0.03861860  d_xz
   27   3   2   2       0.02123181  d_x2-y2
   28   1   0   0       1.36178698  s
   28   2   1  -1       0.83060591  p_y
   28   2   1   0       0.82599910  p_z
   28   2   1   1       0.83017833  p_x
   28   3   2  -2       0.03781804  d_xy
   28   3   2  -1       0.04029034  d_yz
   28   3   2   0       0.02072694  d_z2
   28   3   2   1       0.03987931  d_xz
   28   3   2   2       0.01817682  d_x2-y2
   29   1   0   0       1.37306937  s
   29   2   1  -1       0.83343443  p_y
   29   2   1   0       0.82959132  p_z
   29   2   1   1       0.82890425  p_x
   29   3   2  -2       0.03576632  d_xy
   29   3   2  -1       0.03904331  d_yz
   29   3   2   0       0.01827259  d_z2
   29   3   2   1       0.03640957  d_xz
   29   3   2   2       0.01652069  d_x2-y2
   30   1   0   0       1.32973141  s
   30   2   1  -1       0.82620250  p_y
   30   2   1   0       0.82752375  p_z
   30   2   1   1       0.82384354  p_x
   30   3   2  -2       0.04402767  d_xy
   30   3   2  -1       0.04134771  d_yz
   30   3   2   0       0.02138165  d_z2
   30   3   2   1       0.04097901  d_xz
   30   3   2   2       0.02339648  d_x2-y2
   31   1   0   0       1.37019007  s
   31   2   1  -1       0.83446338  p_y
   31   2   1   0       0.82859989  p_z
   31   2   1   1       0.83445301  p_x
   31   3   2  -2       0.03722307  d_xy
   31   3   2  -1       0.03768102  d_yz
   31   3   2   0       0.01811160  d_z2
   31   3   2   1       0.03682751  d_xz
   31   3   2   2       0.01661007  d_x2-y2
   32   1   0   0       1.33591188  s
   32   2   1  -1       0.82469513  p_y
   32   2   1   0       0.82471187  p_z
   32   2   1   1       0.81881904  p_x
   32   3   2  -2       0.04641278  d_xy
   32   3   2  -1       0.04055355  d_yz
   32   3   2   0       0.02476582  d_z2
   32   3   2   1       0.04231432  d_xz
   32   3   2   2       0.02136834  d_x2-y2
   33   1   0   0       1.37382751  s
   33   2   1  -1       0.82793235  p_y
   33   2   1   0       0.81935715  p_z
   33   2   1   1       0.82741083  p_x
   33   3   2  -2       0.03963018  d_xy
   33   3   2  -1       0.03655248  d_yz
   33   3   2   0       0.01929126  d_z2
   33   3   2   1       0.03790830  d_xz
   33   3   2   2       0.01732859  d_x2-y2
   34   1   0   0       1.37671203  s
   34   2   1  -1       0.82826467  p_y
   34   2   1   0       0.82850938  p_z
   34   2   1   1       0.82817328  p_x
   34   3   2  -2       0.03866498  d_xy
   34   3   2  -1       0.03436783  d_yz
   34   3   2   0       0.01805933  d_z2
   34   3   2   1       0.03949722  d_xz
   34   3   2   2       0.01678533  d_x2-y2
   35   1   0   0       1.34887133  s
   35   2   1  -1       0.82112681  p_y
   35   2   1   0       0.81817262  p_z
   35   2   1   1       0.82529267  p_x
   35   3   2  -2       0.03941052  d_xy
   35   3   2  -1       0.04056363  d_yz
   35   3   2   0       0.02249915  d_z2
   35   3   2   1       0.04415156  d_xz
   35   3   2   2       0.02190897  d_x2-y2
   36   1   0   0       1.34910659  s
   36   2   1  -1       0.82681039  p_y
   36   2   1   0       0.81956429  p_z
   36   2   1   1       0.82687052  p_x
   36   3   2  -2       0.03896377  d_xy
   36   3   2  -1       0.04220773  d_yz
   36   3   2   0       0.02327275  d_z2
   36   3   2   1       0.04432151  d_xz
   36   3   2   2       0.02050758  d_x2-y2
   37   1   0   0       1.34126733  s
   37   2   1  -1       0.83003289  p_y
   37   2   1   0       0.82776428  p_z
   37   2   1   1       0.82654928  p_x
   37   3   2  -2       0.04314658  d_xy
   37   3   2  -1       0.03999607  d_yz
   37   3   2   0       0.02210511  d_z2
   37   3   2   1       0.04237757  d_xz
   37   3   2   2       0.02064360  d_x2-y2
   38   1   0   0       1.40037738  s
   38   2   1  -1       0.83426657  p_y
   38   2   1   0       0.82495454  p_z
   38   2   1   1       0.83350290  p_x
   38   3   2  -2       0.02761535  d_xy
   38   3   2  -1       0.03771961  d_yz
   38   3   2   0       0.01476760  d_z2
   38   3   2   1       0.03558418  d_xz
   38   3   2   2       0.01452513  d_x2-y2
   39   1   0   0       1.35177629  s
   39   2   1  -1       0.82651722  p_y
   39   2   1   0       0.83582990  p_z
   39   2   1   1       0.82859085  p_x
   39   3   2  -2       0.04452646  d_xy
   39   3   2  -1       0.03882635  d_yz
   39   3   2   0       0.02076727  d_z2
   39   3   2   1       0.03968447  d_xz
   39   3   2   2       0.02207511  d_x2-y2
   40   1   0   0       1.34048158  s
   40   2   1  -1       0.83292729  p_y
   40   2   1   0       0.82759557  p_z
   40   2   1   1       0.83063943  p_x
   40   3   2  -2       0.03856038  d_xy
   40   3   2  -1       0.03750517  d_yz
   40   3   2   0       0.02083507  d_z2
   40   3   2   1       0.04118283  d_xz
   40   3   2   2       0.01971788  d_x2-y2
   41   1   0   0       1.32997744  s
   41   2   1  -1       0.82747119  p_y
   41   2   1   0       0.82809377  p_z
   41   2   1   1       0.82346053  p_x
   41   3   2  -2       0.04190265  d_xy
   41   3   2  -1       0.04096427  d_yz
   41   3   2   0       0.02265897  d_z2
   41   3   2   1       0.04394367  d_xz
   41   3   2   2       0.02277330  d_x2-y2
   42   1   0   0       1.33045834  s
   42   2   1  -1       0.82489619  p_y
   42   2   1   0       0.83119204  p_z
   42   2   1   1       0.82767241  p_x
   42   3   2  -2       0.04457616  d_xy
   42   3   2  -1       0.04352594  d_yz
   42   3   2   0       0.02270295  d_z2
   42   3   2   1       0.03991303  d_xz
   42   3   2   2       0.02433278  d_x2-y2
   43   1   0   0       1.34476044  s
   43   2   1  -1       0.83195314  p_y
   43   2   1   0       0.82959468  p_z
   43   2   1   1       0.82782719  p_x
   43   3   2  -2       0.03382799  d_xy
   43   3   2  -1       0.04358762  d_yz
   43   3   2   0       0.01734407  d_z2
   43   3   2   1       0.03774899  d_xz
   43   3   2   2       0.02055896  d_x2-y2
   44   1   0   0       1.37951095  s
   44   2   1  -1       0.83249136  p_y
   44   2   1   0       0.83191673  p_z
   44   2   1   1       0.83788243  p_x
   44   3   2  -2       0.03563942  d_xy
   44   3   2  -1       0.03897802  d_yz
   44   3   2   0       0.01723557  d_z2
   44   3   2   1       0.03302635  d_xz
   44   3   2   2       0.01567957  d_x2-y2
   45   1   0   0       1.39928274  s
   45   2   1  -1       0.82835898  p_y
   45   2   1   0       0.83623893  p_z
   45   2   1   1       0.83065980  p_x
   45   3   2  -2       0.03515170  d_xy
   45   3   2  -1       0.03605276  d_yz
   45   3   2   0       0.01512284  d_z2
   45   3   2   1       0.03486379  d_xz
   45   3   2   2       0.01627911  d_x2-y2
   46   1   0   0       1.33789185  s
   46   2   1  -1       0.82924841  p_y
   46   2   1   0       0.82076429  p_z
   46   2   1   1       0.82689194  p_x
   46   3   2  -2       0.03790854  d_xy
   46   3   2  -1       0.04305180  d_yz
   46   3   2   0       0.02156983  d_z2
   46   3   2   1       0.04487443  d_xz
   46   3   2   2       0.02313442  d_x2-y2
   47   1   0   0       1.35211094  s
   47   2   1  -1       0.83267737  p_y
   47   2   1   0       0.82779261  p_z
   47   2   1   1       0.82803151  p_x
   47   3   2  -2       0.03910284  d_xy
   47   3   2  -1       0.03745301  d_yz
   47   3   2   0       0.02081093  d_z2
   47   3   2   1       0.04321961  d_xz
   47   3   2   2       0.01968860  d_x2-y2
   48   1   0   0       1.35716204  s
   48   2   1  -1       0.82628508  p_y
   48   2   1   0       0.82795851  p_z
   48   2   1   1       0.82600224  p_x
   48   3   2  -2       0.04249933  d_xy
   48   3   2  -1       0.03722178  d_yz
   48   3   2   0       0.01995827  d_z2
   48   3   2   1       0.04070718  d_xz
   48   3   2   2       0.02048157  d_x2-y2
   49   1   0   0       1.36812129  s
   49   2   1  -1       0.82806366  p_y
   49   2   1   0       0.83549310  p_z
   49   2   1   1       0.82736762  p_x
   49   3   2  -2       0.04042593  d_xy
   49   3   2  -1       0.03628484  d_yz
   49   3   2   0       0.01775346  d_z2
   49   3   2   1       0.04074692  d_xz
   49   3   2   2       0.01989859  d_x2-y2
   50   1   0   0       1.37779707  s
   50   2   1  -1       0.83006175  p_y
   50   2   1   0       0.82811836  p_z
   50   2   1   1       0.82722539  p_x
   50   3   2  -2       0.03717281  d_xy
   50   3   2  -1       0.03730137  d_yz
   50   3   2   0       0.01664262  d_z2
   50   3   2   1       0.03487591  d_xz
   50   3   2   2       0.01661248  d_x2-y2
   51   1   0   0       1.37155893  s
   51   2   1  -1       0.82857239  p_y
   51   2   1   0       0.83348359  p_z
   51   2   1   1       0.82625149  p_x
   51   3   2  -2       0.04090621  d_xy
   51   3   2  -1       0.03870267  d_yz
   51   3   2   0       0.01782266  d_z2
   51   3   2   1       0.03820242  d_xz
   51   3   2   2       0.01981043  d_x2-y2
   52   1   0   0       1.34738341  s
   52   2   1  -1       0.83020262  p_y
   52   2   1   0       0.82880819  p_z
   52   2   1   1       0.82752995  p_x
   52   3   2  -2       0.03899179  d_xy
   52   3   2  -1       0.04060996  d_yz
   52   3   2   0       0.01903561  d_z2
   52   3   2   1       0.03828372  d_xz
   52   3   2   2       0.02036324  d_x2-y2
   53   1   0   0       1.37945957  s
   53   2   1  -1       0.82823308  p_y
   53   2   1   0       0.82841539  p_z
   53   2   1   1       0.82851981  p_x
   53   3   2  -2       0.03889746  d_xy
   53   3   2  -1       0.03484991  d_yz
   53   3   2   0       0.01916208  d_z2
   53   3   2   1       0.03797611  d_xz
   53   3   2   2       0.01623260  d_x2-y2
   54   1   0   0       1.33821621  s
   54   2   1  -1       0.82810920  p_y
   54   2   1   0       0.82487402  p_z
   54   2   1   1       0.82992272  p_x
   54   3   2  -2       0.04340057  d_xy
   54   3   2  -1       0.04014941  d_yz
   54   3   2   0       0.02380158  d_z2
   54   3   2   1       0.04229932  d_xz
   54   3   2   2       0.02074518  d_x2-y2
   55   1   0   0       1.37817098  s
   55   2   1  -1       0.83166178  p_y
   55   2   1   0       0.82675779  p_z
   55   2   1   1       0.82897266  p_x
   55   3   2  -2       0.03382440  d_xy
   55   3   2  -1       0.03707944  d_yz
   55   3   2   0       0.01766728  d_z2
   55   3   2   1       0.03866928  d_xz
   55   3   2   2       0.01644360  d_x2-y2
   56   1   0   0       1.33531704  s
   56   2   1  -1       0.82457265  p_y
   56   2   1   0       0.83005830  p_z
   56   2   1   1       0.82615503  p_x
   56   3   2  -2       0.04442260  d_xy
   56   3   2  -1       0.04199885  d_yz
   56   3   2   0       0.02153637  d_z2
   56   3   2   1       0.03987409  d_xz
   56   3   2   2       0.02313080  d_x2-y2
   57   1   0   0       1.35707061  s
   57   2   1  -1       0.82701027  p_y
   57   2   1   0       0.83495378  p_z
   57   2   1   1       0.83022441  p_x
   57   3   2  -2       0.04088408  d_xy
   57   3   2  -1       0.04308239  d_yz
   57   3   2   0       0.01856110  d_z2
   57   3   2   1       0.03359788  d_xz
   57   3   2   2       0.02095836  d_x2-y2
   58   1   0   0       1.35532858  s
   58   2   1  -1       0.83243646  p_y
   58   2   1   0       0.82544246  p_z
   58   2   1   1       0.82727390  p_x
   58   3   2  -2       0.03732077  d_xy
   58   3   2  -1       0.03851190  d_yz
   58   3   2   0       0.01969851  d_z2
   58   3   2   1       0.04073593  d_xz
   58   3   2   2       0.01870581  d_x2-y2
   59   1   0   0       1.37308092  s
   59   2   1  -1       0.83013557  p_y
   59   2   1   0       0.83019725  p_z
   59   2   1   1       0.82694999  p_x
   59   3   2  -2       0.04202290  d_xy
   59   3   2  -1       0.03351977  d_yz
   59   3   2   0       0.01738540  d_z2
   59   3   2   1       0.03782089  d_xz
   59   3   2   2       0.01830011  d_x2-y2
   60   1   0   0       1.35458263  s
   60   2   1  -1       0.82650891  p_y
   60   2   1   0       0.81852878  p_z
   60   2   1   1       0.83047065  p_x
   60   3   2  -2       0.03719969  d_xy
   60   3   2  -1       0.04283157  d_yz
   60   3   2   0       0.02186742  d_z2
   60   3   2   1       0.04115308  d_xz
   60   3   2   2       0.01991603  d_x2-y2
   61   1   0   0       1.34147911  s
   61   2   1  -1       0.82643877  p_y
   61   2   1   0       0.82428667  p_z
   61   2   1   1       0.82777226  p_x
   61   3   2  -2       0.04566590  d_xy
   61   3   2  -1       0.03885074  d_yz
   61   3   2   0       0.02169000  d_z2
   61   3   2   1       0.04161895  d_xz
   61   3   2   2       0.02227987  d_x2-y2
   62   1   0   0       1.34582061  s
   62   2   1  -1       0.82502933  p_y
   62   2   1   0       0.82907186  p_z
   62   2   1   1       0.82734329  p_x
   62   3   2  -2       0.04270400  d_xy
   62   3   2  -1       0.04011318  d_yz
   62   3   2   0       0.02101359  d_z2
   62   3   2   1       0.03908657  d_xz
   62   3   2   2       0.02051712  d_x2-y2
   63   1   0   0       1.34635028  s
   63   2   1  -1       0.82582091  p_y
   63   2   1   0       0.83047487  p_z
   63   2   1   1       0.82977185  p_x
   63   3   2  -2       0.03893592  d_xy
   63   3   2  -1       0.04426357  d_yz
   63   3   2   0       0.01945099  d_z2
   63   3   2   1       0.03922253  d_xz
   63   3   2   2       0.02175709  d_x2-y2
   64   1   0   0       1.36379661  s
   64   2   1  -1       0.82324601  p_y
   64   2   1   0       0.82806722  p_z
   64   2   1   1       0.82553644  p_x
   64   3   2  -2       0.03731536  d_xy
   64   3   2  -1       0.03980839  d_yz
   64   3   2   0       0.01818088  d_z2
   64   3   2   1       0.03963877  d_xz
   64   3   2   2       0.02022367  d_x2-y2

Fermi level:                        -0.1333069462 H           -3.6275 eV
Band energy:                       -88.1937121012 H        -2399.8730 eV
TS:                                  0.0000000000 H            0.0000 eV
Band free energy (E-TS):           -88.1937121012 H        -2399.8730 eV
Extrapolated E(0K):                -88.1937121012 H        -2399.8730 eV
Input / Output electrons (q):    256.0000000000    256.0000000000

Energy H0:                         -88.1837155091 H        -2399.6010 eV
Energy SCC:                          0.0003952376 H            0.0108 eV
Total Electronic energy:           -88.1833202715 H        -2399.5902 eV
Repulsive energy:                    0.0000000000 H            0.0000 eV
Total energy:                      -88.1833202715 H        -2399.5902 eV
Extrapolated to 0:                 -88.1833202715 H        -2399.5902 eV
Total Mermin free energy:          -88.1833202715 H        -2399.5902 eV
Force related energy:              -88.1833202715 H        -2399.5902 eV

Non-constrained calculation

SCC converged

Warning: dipole moment is not defined absolutely!
Dipole moment:    0.59736102   -0.95476758    0.01491575 au
Dipole moment:    1.51834038   -2.42677732    0.03791206 Debye


