 Fermi distribution function

Calculation with static geometry


********************************************************************************
 iSCC Total electronic   Diff electronic      SCC error    
    9   -0.88187636E+02   -0.85314866E-09    0.58558873E-05
********************************************************************************

 Total charge:    -0.00000000

 Atomic gross charges (e)
 Atom           Charge
    1      -0.01276575
    2      -0.01986317
    3      -0.00981350
    4       0.00097516
    5       0.00458738
    6      -0.00928382
    7       0.01024770
    8      -0.00766031
    9      -0.00245027
   10       0.01372902
   11       0.00149598
   12       0.00611566
   13       0.00146339
   14       0.00350883
   15       0.00150799
   16      -0.00651237
   17      -0.01022270
   18      -0.00309195
   19       0.01165019
   20       0.01201291
   21       0.00242627
   22       0.00730175
   23      -0.02289078
   24       0.01845315
   25       0.01362118
   26      -0.00326742
   27      -0.00475952
   28      -0.01447354
   29      -0.00162319
   30       0.01483830
   31       0.00650510
   32       0.00720152
   33       0.00358078
   34      -0.00954093
   35      -0.00195069
   36      -0.00087533
   37      -0.00354084
   38      -0.00727940
   39      -0.00509734
   40       0.00164203
   41       0.01503610
   42      -0.00191653
   43       0.01619132
   44      -0.00059876
   45      -0.01683209
   46       0.00539247
   47      -0.00074283
   48      -0.00814110
   49      -0.00239508
   50       0.02268545
   51      -0.02849870
   52       0.00743097
   53      -0.01667788
   54       0.00425401
   55       0.00701581
   56       0.00206634
   57      -0.01375819
   58       0.00593743
   59      -0.00676348
   60       0.01823910
   61       0.00329469
   62      -0.01158828
   63       0.00563827
   64       0.00882950

Nr. of electrons (up):    256.00000000
Atom populations (up)
 Atom       Population
    1       4.01276575
    2       4.01986317
    3       4.00981350
    4       3.99902484
    5       3.99541262
    6       4.00928382
    7       3.98975230
    8       4.00766031
    9       4.00245027
   10       3.98627098
   11       3.99850402
   12       3.99388434
   13       3.99853661
   14       3.99649117
   15       3.99849201
   16       4.00651237
   17       4.01022270
   18       4.00309195
   19       3.98834981
   20       3.98798709
   21       3.99757373
   22       3.99269825
   23       4.02289078
   24       3.98154685
   25       3.98637882
   26       4.00326742
   27       4.00475952
   28       4.01447354
   29       4.00162319
   30       3.98516170
   31       3.99349490
   32       3.99279848
   33       3.99641922
   34       4.00954093
   35       4.00195069
   36       4.00087533
   37       4.00354084
   38       4.00727940
   39       4.00509734
   40       3.99835797
   41       3.98496390
   42       4.00191653
   43       3.98380868
   44       4.00059876
   45       4.01683209
   46       3.99460753
   47       4.00074283
   48       4.00814110
   49       4.00239508
   50       3.97731455
   51       4.02849870
   52       3.99256903
   53       4.01667788
   54       3.99574599
   55       3.99298419
   56       3.99793366
   57       4.01375819
   58       3.99406257
   59       4.00676348
   60       3.98176090
   61       3.99670531
   62       4.01158828
   63       3.99436173
   64       3.99117050

l-shell populations (up)
 Atom Sh.   l       Population
    1   1   0       1.37373697
    1   2   1       2.48975891
    1   3   2       0.14926987
    2   1   0       1.39565278
    2   2   1       2.48851319
    2   3   2       0.13569719
    3   1   0       1.36700941
    3   2   1       2.48297544
    3   3   2       0.15982865
    4   1   0       1.36125713
    4   2   1       2.48661100
    4   3   2       0.15115671
    5   1   0       1.35338413
    5   2   1       2.48044837
    5   3   2       0.16158012
    6   1   0       1.36719800
    6   2   1       2.48836534
    6   3   2       0.15372048
    7   1   0       1.34040137
    7   2   1       2.48836887
    7   3   2       0.16098206
    8   1   0       1.35817494
    8   2   1       2.49366906
    8   3   2       0.15581631
    9   1   0       1.36313489
    9   2   1       2.48218064
    9   3   2       0.15713474
   10   1   0       1.33180834
   10   2   1       2.48721146
   10   3   2       0.16725118
   11   1   0       1.34655428
   11   2   1       2.49714777
   11   3   2       0.15480197
   12   1   0       1.36372674
   12   2   1       2.48198405
   12   3   2       0.14817355
   13   1   0       1.36498132
   13   2   1       2.48094825
   13   3   2       0.15260704
   14   1   0       1.34993650
   14   2   1       2.48278010
   14   3   2       0.16377458
   15   1   0       1.35243051
   15   2   1       2.47971403
   15   3   2       0.16634746
   16   1   0       1.36760741
   16   2   1       2.48356429
   16   3   2       0.15534067
   17   1   0       1.38266916
   17   2   1       2.49214786
   17   3   2       0.13540569
   18   1   0       1.36956018
   18   2   1       2.48639991
   18   3   2       0.14713186
   19   1   0       1.35402908
   19   2   1       2.47114723
   19   3   2       0.16317350
   20   1   0       1.32632398
   20   2   1       2.48440120
   20   3   2       0.17726191
   21   1   0       1.34637438
   21   2   1       2.48451199
   21   3   2       0.16668737
   22   1   0       1.35446937
   22   2   1       2.48096265
   22   3   2       0.15726623
   23   1   0       1.38316928
   23   2   1       2.49448188
   23   3   2       0.14523961
   24   1   0       1.32645858
   24   2   1       2.48134289
   24   3   2       0.17374539
   25   1   0       1.34257848
   25   2   1       2.47265227
   25   3   2       0.17114808
   26   1   0       1.36355664
   26   2   1       2.48428883
   26   3   2       0.15542195
   27   1   0       1.36575928
   27   2   1       2.49021838
   27   3   2       0.14878186
   28   1   0       1.37822832
   28   2   1       2.49428567
   28   3   2       0.14195955
   29   1   0       1.35609065
   29   2   1       2.48422367
   29   3   2       0.16130886
   30   1   0       1.34004443
   30   2   1       2.48088721
   30   3   2       0.16423006
   31   1   0       1.33328380
   31   2   1       2.48250252
   31   3   2       0.17770858
   32   1   0       1.36526163
   32   2   1       2.47148893
   32   3   2       0.15604793
   33   1   0       1.35329697
   33   2   1       2.47905070
   33   3   2       0.16407155
   34   1   0       1.36916942
   34   2   1       2.48118463
   34   3   2       0.15918688
   35   1   0       1.37333807
   35   2   1       2.47714958
   35   3   2       0.15146304
   36   1   0       1.35156798
   36   2   1       2.48429359
   36   3   2       0.16501376
   37   1   0       1.36270308
   37   2   1       2.49039792
   37   3   2       0.15043985
   38   1   0       1.37029400
   38   2   1       2.47965623
   38   3   2       0.15732917
   39   1   0       1.36431875
   39   2   1       2.48378016
   39   3   2       0.15699843
   40   1   0       1.35059845
   40   2   1       2.49120050
   40   3   2       0.15655902
   41   1   0       1.33622131
   41   2   1       2.47741141
   41   3   2       0.17133119
   42   1   0       1.35852102
   42   2   1       2.49196069
   42   3   2       0.15143482
   43   1   0       1.32477815
   43   2   1       2.48745771
   43   3   2       0.17157281
   44   1   0       1.34234669
   44   2   1       2.49293190
   44   3   2       0.16532017
   45   1   0       1.37767404
   45   2   1       2.48590765
   45   3   2       0.15325039
   46   1   0       1.34677797
   46   2   1       2.49463367
   46   3   2       0.15319589
   47   1   0       1.35463190
   47   2   1       2.49366259
   47   3   2       0.15244835
   48   1   0       1.37231609
   48   2   1       2.48548169
   48   3   2       0.15034333
   49   1   0       1.35335215
   49   2   1       2.48892240
   49   3   2       0.16012053
   50   1   0       1.32206533
   50   2   1       2.46867544
   50   3   2       0.18657379
   51   1   0       1.39956299
   51   2   1       2.49447566
   51   3   2       0.13446005
   52   1   0       1.35648226
   52   2   1       2.48287569
   52   3   2       0.15321109
   53   1   0       1.38105516
   53   2   1       2.49713792
   53   3   2       0.13848479
   54   1   0       1.34325751
   54   2   1       2.48496669
   54   3   2       0.16752178
   55   1   0       1.35126187
   55   2   1       2.48028754
   55   3   2       0.16143479
   56   1   0       1.36159481
   56   2   1       2.48836152
   56   3   2       0.14797734
   57   1   0       1.36628186
   57   2   1       2.49348211
   57   3   2       0.15399422
   58   1   0       1.35980296
   58   2   1       2.48387551
   58   3   2       0.15038410
   59   1   0       1.35844666
   59   2   1       2.48703943
   59   3   2       0.16127739
   60   1   0       1.33112935
   60   2   1       2.47751212
   60   3   2       0.17311943
   61   1   0       1.35485454
   61   2   1       2.48152077
   61   3   2       0.16033000
   62   1   0       1.38100349
   62   2   1       2.49018162
   62   3   2       0.14040318
   63   1   0       1.36330224
   63   2   1       2.48279999
   63   3   2       0.14825951
   64   1   0       1.35478716
   64   2   1       2.47411581
   64   3   2       0.16226752

Orbital populations (up)
 Atom Sh.   l   m       Population  Label
    1   1   0   0       1.37373697  s
    1   2   1  -1       0.83245318  p_y
    1   2   1   0       0.82997069  p_z
    1   2   1   1       0.82733504  p_x
    1   3   2  -2       0.04136247  d_xy
    1   3   2  -1       0.03718533  d_yz
    1   3   2   0       0.01761756  d_z2
    1   3   2   1       0.03524115  d_xz
    1   3   2   2       0.01786336  d_x2-y2
    2   1   0   0       1.39565278  s
    2   2   1  -1       0.83238936  p_y
    2   2   1   0       0.82881089  p_z
    2   2   1   1       0.82731295  p_x
    2   3   2  -2       0.03348614  d_xy
    2   3   2  -1       0.03362630  d_yz
    2   3   2   0       0.01556954  d_z2
    2   3   2   1       0.03782285  d_xz
    2   3   2   2       0.01519235  d_x2-y2
    3   1   0   0       1.36700941  s
    3   2   1  -1       0.82723743  p_y
    3   2   1   0       0.83075350  p_z
    3   2   1   1       0.82498450  p_x
    3   3   2  -2       0.04384356  d_xy
    3   3   2  -1       0.03786297  d_yz
    3   3   2   0       0.01905290  d_z2
    3   3   2   1       0.03914921  d_xz
    3   3   2   2       0.01992001  d_x2-y2
    4   1   0   0       1.36125713  s
    4   2   1  -1       0.83330816  p_y
    4   2   1   0       0.82409623  p_z
    4   2   1   1       0.82920660  p_x
    4   3   2  -2       0.03589828  d_xy
    4   3   2  -1       0.03785519  d_yz
    4   3   2   0       0.01967869  d_z2
    4   3   2   1       0.04026810  d_xz
    4   3   2   2       0.01745644  d_x2-y2
    5   1   0   0       1.35338413  s
    5   2   1  -1       0.82709113  p_y
    5   2   1   0       0.82478173  p_z
    5   2   1   1       0.82857551  p_x
    5   3   2  -2       0.04079283  d_xy
    5   3   2  -1       0.04249067  d_yz
    5   3   2   0       0.02108362  d_z2
    5   3   2   1       0.03818629  d_xz
    5   3   2   2       0.01902671  d_x2-y2
    6   1   0   0       1.36719800  s
    6   2   1  -1       0.82926126  p_y
    6   2   1   0       0.82772789  p_z
    6   2   1   1       0.83137619  p_x
    6   3   2  -2       0.03715819  d_xy
    6   3   2  -1       0.03999769  d_yz
    6   3   2   0       0.02006670  d_z2
    6   3   2   1       0.03843714  d_xz
    6   3   2   2       0.01806076  d_x2-y2
    7   1   0   0       1.34040137  s
    7   2   1  -1       0.83392197  p_y
    7   2   1   0       0.82722801  p_z
    7   2   1   1       0.82721889  p_x
    7   3   2  -2       0.03817399  d_xy
    7   3   2  -1       0.03949068  d_yz
    7   3   2   0       0.02125628  d_z2
    7   3   2   1       0.04156220  d_xz
    7   3   2   2       0.02049892  d_x2-y2
    8   1   0   0       1.35817494  s
    8   2   1  -1       0.82873394  p_y
    8   2   1   0       0.83125360  p_z
    8   2   1   1       0.83368152  p_x
    8   3   2  -2       0.03868296  d_xy
    8   3   2  -1       0.04302305  d_yz
    8   3   2   0       0.01821871  d_z2
    8   3   2   1       0.03579723  d_xz
    8   3   2   2       0.02009437  d_x2-y2
    9   1   0   0       1.36313489  s
    9   2   1  -1       0.82740358  p_y
    9   2   1   0       0.82753240  p_z
    9   2   1   1       0.82724465  p_x
    9   3   2  -2       0.03471904  d_xy
    9   3   2  -1       0.04116074  d_yz
    9   3   2   0       0.01891470  d_z2
    9   3   2   1       0.04207511  d_xz
    9   3   2   2       0.02026515  d_x2-y2
   10   1   0   0       1.33180834  s
   10   2   1  -1       0.83129138  p_y
   10   2   1   0       0.82854091  p_z
   10   2   1   1       0.82737917  p_x
   10   3   2  -2       0.03923251  d_xy
   10   3   2  -1       0.04095251  d_yz
   10   3   2   0       0.02126136  d_z2
   10   3   2   1       0.04280012  d_xz
   10   3   2   2       0.02300469  d_x2-y2
   11   1   0   0       1.34655428  s
   11   2   1  -1       0.83268958  p_y
   11   2   1   0       0.83309176  p_z
   11   2   1   1       0.83136643  p_x
   11   3   2  -2       0.03812208  d_xy
   11   3   2  -1       0.03660298  d_yz
   11   3   2   0       0.01927747  d_z2
   11   3   2   1       0.04139690  d_xz
   11   3   2   2       0.01940254  d_x2-y2
   12   1   0   0       1.36372674  s
   12   2   1  -1       0.82788532  p_y
   12   2   1   0       0.82243617  p_z
   12   2   1   1       0.83166256  p_x
   12   3   2  -2       0.03569557  d_xy
   12   3   2  -1       0.03929183  d_yz
   12   3   2   0       0.01973081  d_z2
   12   3   2   1       0.03754612  d_xz
   12   3   2   2       0.01590922  d_x2-y2
   13   1   0   0       1.36498132  s
   13   2   1  -1       0.82759990  p_y
   13   2   1   0       0.82299676  p_z
   13   2   1   1       0.83035160  p_x
   13   3   2  -2       0.03987417  d_xy
   13   3   2  -1       0.03684448  d_yz
   13   3   2   0       0.02043866  d_z2
   13   3   2   1       0.03838726  d_xz
   13   3   2   2       0.01706247  d_x2-y2
   14   1   0   0       1.34993650  s
   14   2   1  -1       0.82748909  p_y
   14   2   1   0       0.82617981  p_z
   14   2   1   1       0.82911119  p_x
   14   3   2  -2       0.04081734  d_xy
   14   3   2  -1       0.04130288  d_yz
   14   3   2   0       0.02006081  d_z2
   14   3   2   1       0.04048855  d_xz
   14   3   2   2       0.02110499  d_x2-y2
   15   1   0   0       1.35243051  s
   15   2   1  -1       0.82822997  p_y
   15   2   1   0       0.82334050  p_z
   15   2   1   1       0.82814357  p_x
   15   3   2  -2       0.03840247  d_xy
   15   3   2  -1       0.04356768  d_yz
   15   3   2   0       0.02193934  d_z2
   15   3   2   1       0.04184341  d_xz
   15   3   2   2       0.02059456  d_x2-y2
   16   1   0   0       1.36760741  s
   16   2   1  -1       0.82893876  p_y
   16   2   1   0       0.82787674  p_z
   16   2   1   1       0.82674879  p_x
   16   3   2  -2       0.03861444  d_xy
   16   3   2  -1       0.03723794  d_yz
   16   3   2   0       0.01920787  d_z2
   16   3   2   1       0.04127735  d_xz
   16   3   2   2       0.01900307  d_x2-y2
   17   1   0   0       1.38266916  s
   17   2   1  -1       0.82722052  p_y
   17   2   1   0       0.83259932  p_z
   17   2   1   1       0.83232802  p_x
   17   3   2  -2       0.03754015  d_xy
   17   3   2  -1       0.03355461  d_yz
   17   3   2   0       0.01506467  d_z2
   17   3   2   1       0.03346202  d_xz
   17   3   2   2       0.01578423  d_x2-y2
   18   1   0   0       1.36956018  s
   18   2   1  -1       0.82879925  p_y
   18   2   1   0       0.82846528  p_z
   18   2   1   1       0.82913538  p_x
   18   3   2  -2       0.03578913  d_xy
   18   3   2  -1       0.03698249  d_yz
   18   3   2   0       0.01785147  d_z2
   18   3   2   1       0.03816151  d_xz
   18   3   2   2       0.01834727  d_x2-y2
   19   1   0   0       1.35402908  s
   19   2   1  -1       0.82408977  p_y
   19   2   1   0       0.82599473  p_z
   19   2   1   1       0.82106273  p_x
   19   3   2  -2       0.04217992  d_xy
   19   3   2  -1       0.03906248  d_yz
   19   3   2   0       0.01992228  d_z2
   19   3   2   1       0.04026930  d_xz
   19   3   2   2       0.02173952  d_x2-y2
   20   1   0   0       1.32632398  s
   20   2   1  -1       0.82879236  p_y
   20   2   1   0       0.83054976  p_z
   20   2   1   1       0.82505908  p_x
   20   3   2  -2       0.04191148  d_xy
   20   3   2  -1       0.04288249  d_yz
   20   3   2   0       0.02301892  d_z2
   20   3   2   1       0.04542531  d_xz
   20   3   2   2       0.02402371  d_x2-y2
   21   1   0   0       1.34637438  s
   21   2   1  -1       0.82429576  p_y
   21   2   1   0       0.83047250  p_z
   21   2   1   1       0.82974373  p_x
   21   3   2  -2       0.04476618  d_xy
   21   3   2  -1       0.04255376  d_yz
   21   3   2   0       0.02196375  d_z2
   21   3   2   1       0.03643494  d_xz
   21   3   2   2       0.02096874  d_x2-y2
   22   1   0   0       1.35446937  s
   22   2   1  -1       0.82755227  p_y
   22   2   1   0       0.82510721  p_z
   22   2   1   1       0.82830317  p_x
   22   3   2  -2       0.03795902  d_xy
   22   3   2  -1       0.04193898  d_yz
   22   3   2   0       0.01996388  d_z2
   22   3   2   1       0.03776204  d_xz
   22   3   2   2       0.01964232  d_x2-y2
   23   1   0   0       1.38316928  s
   23   2   1  -1       0.83000595  p_y
   23   2   1   0       0.83602581  p_z
   23   2   1   1       0.82845012  p_x
   23   3   2  -2       0.04052403  d_xy
   23   3   2  -1       0.03737553  d_yz
   23   3   2   0       0.01513032  d_z2
   23   3   2   1       0.03371335  d_xz
   23   3   2   2       0.01849639  d_x2-y2
   24   1   0   0       1.32645858  s
   24   2   1  -1       0.83084522  p_y
   24   2   1   0       0.82466577  p_z
   24   2   1   1       0.82583190  p_x
   24   3   2  -2       0.04181535  d_xy
   24   3   2  -1       0.04375509  d_yz
   24   3   2   0       0.02336162  d_z2
   24   3   2   1       0.04263151  d_xz
   24   3   2   2       0.02218182  d_x2-y2
   25   1   0   0       1.34257848  s
   25   2   1  -1       0.82227651  p_y
   25   2   1   0       0.82614315  p_z
   25   2   1   1       0.82423260  p_x
   25   3   2  -2       0.03927573  d_xy
   25   3   2  -1       0.04372671  d_yz
   25   3   2   0       0.02205933  d_z2
   25   3   2   1       0.04325187  d_xz
   25   3   2   2       0.02283444  d_x2-y2
   26   1   0   0       1.36355664  s
   26   2   1  -1       0.82503097  p_y
   26   2   1   0       0.83053165  p_z
   26   2   1   1       0.82872621  p_x
   26   3   2  -2       0.04278660  d_xy
   26   3   2  -1       0.03911885  d_yz
   26   3   2   0       0.01855747  d_z2
   26   3   2   1       0.03527132  d_xz
   26   3   2   2       0.01968771  d_x2-y2
   27   1   0   0       1.36575928  s
   27   2   1  -1       0.82987549  p_y
   27   2   1   0       0.83105236  p_z
   27   2   1   1       0.82929054  p_x
   27   3   2  -2       0.03791500  d_xy
   27   3   2  -1       0.03540849  d_yz
   27   3   2   0       0.01861157  d_z2
   27   3   2   1       0.03977471  d_xz
   27   3   2   2       0.01707209  d_x2-y2
   28   1   0   0       1.37822832  s
   28   2   1  -1       0.83127073  p_y
   28   2   1   0       0.83427129  p_z
   28   2   1   1       0.82874364  p_x
   28   3   2  -2       0.03849902  d_xy
   28   3   2  -1       0.03428452  d_yz
   28   3   2   0       0.01653798  d_z2
   28   3   2   1       0.03512679  d_xz
   28   3   2   2       0.01751125  d_x2-y2
   29   1   0   0       1.35609065  s
   29   2   1  -1       0.82505573  p_y
   29   2   1   0       0.83234383  p_z
   29   2   1   1       0.82682412  p_x
   29   3   2  -2       0.04181478  d_xy
   29   3   2  -1       0.03839091  d_yz
   29   3   2   0       0.01945453  d_z2
   29   3   2   1       0.04095802  d_xz
   29   3   2   2       0.02069063  d_x2-y2
   30   1   0   0       1.34004443  s
   30   2   1  -1       0.82840825  p_y
   30   2   1   0       0.82450485  p_z
   30   2   1   1       0.82797411  p_x
   30   3   2  -2       0.04022407  d_xy
   30   3   2  -1       0.03896812  d_yz
   30   3   2   0       0.02156199  d_z2
   30   3   2   1       0.04303672  d_xz
   30   3   2   2       0.02043916  d_x2-y2
   31   1   0   0       1.33328380  s
   31   2   1  -1       0.82772698  p_y
   31   2   1   0       0.82895525  p_z
   31   2   1   1       0.82582029  p_x
   31   3   2  -2       0.04200070  d_xy
   31   3   2  -1       0.04272929  d_yz
   31   3   2   0       0.02236337  d_z2
   31   3   2   1       0.04605704  d_xz
   31   3   2   2       0.02455819  d_x2-y2
   32   1   0   0       1.36526163  s
   32   2   1  -1       0.81952554  p_y
   32   2   1   0       0.82746325  p_z
   32   2   1   1       0.82450013  p_x
   32   3   2  -2       0.03860562  d_xy
   32   3   2  -1       0.04022873  d_yz
   32   3   2   0       0.01882634  d_z2
   32   3   2   1       0.03846776  d_xz
   32   3   2   2       0.01991947  d_x2-y2
   33   1   0   0       1.35329697  s
   33   2   1  -1       0.82461430  p_y
   33   2   1   0       0.83034072  p_z
   33   2   1   1       0.82409567  p_x
   33   3   2  -2       0.04112206  d_xy
   33   3   2  -1       0.04118643  d_yz
   33   3   2   0       0.01844453  d_z2
   33   3   2   1       0.04064838  d_xz
   33   3   2   2       0.02267015  d_x2-y2
   34   1   0   0       1.36916942  s
   34   2   1  -1       0.82293741  p_y
   34   2   1   0       0.83021762  p_z
   34   2   1   1       0.82802961  p_x
   34   3   2  -2       0.04067131  d_xy
   34   3   2  -1       0.04035092  d_yz
   34   3   2   0       0.01832390  d_z2
   34   3   2   1       0.03938816  d_xz
   34   3   2   2       0.02045259  d_x2-y2
   35   1   0   0       1.37333807  s
   35   2   1  -1       0.82539163  p_y
   35   2   1   0       0.82650628  p_z
   35   2   1   1       0.82525167  p_x
   35   3   2  -2       0.04007215  d_xy
   35   3   2  -1       0.03551984  d_yz
   35   3   2   0       0.01826193  d_z2
   35   3   2   1       0.03823903  d_xz
   35   3   2   2       0.01937008  d_x2-y2
   36   1   0   0       1.35156798  s
   36   2   1  -1       0.82591023  p_y
   36   2   1   0       0.83068105  p_z
   36   2   1   1       0.82770231  p_x
   36   3   2  -2       0.04294458  d_xy
   36   3   2  -1       0.04042915  d_yz
   36   3   2   0       0.01986851  d_z2
   36   3   2   1       0.04040321  d_xz
   36   3   2   2       0.02136830  d_x2-y2
   37   1   0   0       1.36270308  s
   37   2   1  -1       0.83237280  p_y
   37   2   1   0       0.82882064  p_z
   37   2   1   1       0.82920448  p_x
   37   3   2  -2       0.03817278  d_xy
   37   3   2  -1       0.03939974  d_yz
   37   3   2   0       0.01807919  d_z2
   37   3   2   1       0.03673899  d_xz
   37   3   2   2       0.01804915  d_x2-y2
   38   1   0   0       1.37029400  s
   38   2   1  -1       0.82405038  p_y
   38   2   1   0       0.83108289  p_z
   38   2   1   1       0.82452295  p_x
   38   3   2  -2       0.04201532  d_xy
   38   3   2  -1       0.03898172  d_yz
   38   3   2   0       0.01847718  d_z2
   38   3   2   1       0.03759361  d_xz
   38   3   2   2       0.02026134  d_x2-y2
   39   1   0   0       1.36431875  s
   39   2   1  -1       0.82976921  p_y
   39   2   1   0       0.82849124  p_z
   39   2   1   1       0.82551971  p_x
   39   3   2  -2       0.03648911  d_xy
   39   3   2  -1       0.03872912  d_yz
   39   3   2   0       0.01884962  d_z2
   39   3   2   1       0.04269153  d_xz
   39   3   2   2       0.02023904  d_x2-y2
   40   1   0   0       1.35059845  s
   40   2   1  -1       0.82787590  p_y
   40   2   1   0       0.83475666  p_z
   40   2   1   1       0.82856794  p_x
   40   3   2  -2       0.04275030  d_xy
   40   3   2  -1       0.03705446  d_yz
   40   3   2   0       0.02000399  d_z2
   40   3   2   1       0.03692599  d_xz
   40   3   2   2       0.01982428  d_x2-y2
   41   1   0   0       1.33622131  s
   41   2   1  -1       0.82796333  p_y
   41   2   1   0       0.82150963  p_z
   41   2   1   1       0.82793844  p_x
   41   3   2  -2       0.03821763  d_xy
   41   3   2  -1       0.04732621  d_yz
   41   3   2   0       0.02302802  d_z2
   41   3   2   1       0.04158608  d_xz
   41   3   2   2       0.02117326  d_x2-y2
   42   1   0   0       1.35852102  s
   42   2   1  -1       0.82819876  p_y
   42   2   1   0       0.82854904  p_z
   42   2   1   1       0.83521289  p_x
   42   3   2  -2       0.03858463  d_xy
   42   3   2  -1       0.03972427  d_yz
   42   3   2   0       0.02050075  d_z2
   42   3   2   1       0.03499746  d_xz
   42   3   2   2       0.01762770  d_x2-y2
   43   1   0   0       1.32477815  s
   43   2   1  -1       0.82721120  p_y
   43   2   1   0       0.83078573  p_z
   43   2   1   1       0.82946079  p_x
   43   3   2  -2       0.04632410  d_xy
   43   3   2  -1       0.03803425  d_yz
   43   3   2   0       0.02401321  d_z2
   43   3   2   1       0.04244912  d_xz
   43   3   2   2       0.02075214  d_x2-y2
   44   1   0   0       1.34234669  s
   44   2   1  -1       0.83020300  p_y
   44   2   1   0       0.83171112  p_z
   44   2   1   1       0.83101778  p_x
   44   3   2  -2       0.03943464  d_xy
   44   3   2  -1       0.04023914  d_yz
   44   3   2   0       0.02075517  d_z2
   44   3   2   1       0.04276163  d_xz
   44   3   2   2       0.02212959  d_x2-y2
   45   1   0   0       1.37767404  s
   45   2   1  -1       0.83054370  p_y
   45   2   1   0       0.83075960  p_z
   45   2   1   1       0.82460436  p_x
   45   3   2  -2       0.04029949  d_xy
   45   3   2  -1       0.03593653  d_yz
   45   3   2   0       0.01948999  d_z2
   45   3   2   1       0.03990313  d_xz
   45   3   2   2       0.01762126  d_x2-y2
   46   1   0   0       1.34677797  s
   46   2   1  -1       0.83008496  p_y
   46   2   1   0       0.83594803  p_z
   46   2   1   1       0.82860068  p_x
   46   3   2  -2       0.04267788  d_xy
   46   3   2  -1       0.03559955  d_yz
   46   3   2   0       0.01842232  d_z2
   46   3   2   1       0.03729263  d_xz
   46   3   2   2       0.01920351  d_x2-y2
   47   1   0   0       1.35463190  s
   47   2   1  -1       0.82965788  p_y
   47   2   1   0       0.82908076  p_z
   47   2   1   1       0.83492395  p_x
   47   3   2  -2       0.03747173  d_xy
   47   3   2  -1       0.04192515  d_yz
   47   3   2   0       0.01935155  d_z2
   47   3   2   1       0.03557171  d_xz
   47   3   2   2       0.01812821  d_x2-y2
   48   1   0   0       1.37231609  s
   48   2   1  -1       0.82790815  p_y
   48   2   1   0       0.83305494  p_z
   48   2   1   1       0.82451860  p_x
   48   3   2  -2       0.03787233  d_xy
   48   3   2  -1       0.03949866  d_yz
   48   3   2   0       0.01837191  d_z2
   48   3   2   1       0.03637111  d_xz
   48   3   2   2       0.01822932  d_x2-y2
   49   1   0   0       1.35335215  s
   49   2   1  -1       0.82883836  p_y
   49   2   1   0       0.82849809  p_z
   49   2   1   1       0.83158595  p_x
   49   3   2  -2       0.03898511  d_xy
   49   3   2  -1       0.04205964  d_yz
   49   3   2   0       0.02005357  d_z2
   49   3   2   1       0.03938370  d_xz
   49   3   2   2       0.01963851  d_x2-y2
   50   1   0   0       1.32206533  s
   50   2   1  -1       0.82450078  p_y
   50   2   1   0       0.82130157  p_z
   50   2   1   1       0.82287309  p_x
   50   3   2  -2       0.04366743  d_xy
   50   3   2  -1       0.04554308  d_yz
   50   3   2   0       0.02576468  d_z2
   50   3   2   1       0.04733689  d_xz
   50   3   2   2       0.02426171  d_x2-y2
   51   1   0   0       1.39956299  s
   51   2   1  -1       0.83203713  p_y
   51   2   1   0       0.82817635  p_z
   51   2   1   1       0.83426218  p_x
   51   3   2  -2       0.03292916  d_xy
   51   3   2  -1       0.03482054  d_yz
   51   3   2   0       0.01537149  d_z2
   51   3   2   1       0.03610945  d_xz
   51   3   2   2       0.01522940  d_x2-y2
   52   1   0   0       1.35648226  s
   52   2   1  -1       0.82685119  p_y
   52   2   1   0       0.82796081  p_z
   52   2   1   1       0.82806368  p_x
   52   3   2  -2       0.03996608  d_xy
   52   3   2  -1       0.03622197  d_yz
   52   3   2   0       0.01905885  d_z2
   52   3   2   1       0.03939619  d_xz
   52   3   2   2       0.01856801  d_x2-y2
   53   1   0   0       1.38105516  s
   53   2   1  -1       0.83076046  p_y
   53   2   1   0       0.83433529  p_z
   53   2   1   1       0.83204218  p_x
   53   3   2  -2       0.03694613  d_xy
   53   3   2  -1       0.03562918  d_yz
   53   3   2   0       0.01526960  d_z2
   53   3   2   1       0.03377043  d_xz
   53   3   2   2       0.01686945  d_x2-y2
   54   1   0   0       1.34325751  s
   54   2   1  -1       0.83265455  p_y
   54   2   1   0       0.82680138  p_z
   54   2   1   1       0.82551077  p_x
   54   3   2  -2       0.03643120  d_xy
   54   3   2  -1       0.04243803  d_yz
   54   3   2   0       0.02072798  d_z2
   54   3   2   1       0.04589251  d_xz
   54   3   2   2       0.02203207  d_x2-y2
   55   1   0   0       1.35126187  s
   55   2   1  -1       0.81822818  p_y
   55   2   1   0       0.83028670  p_z
   55   2   1   1       0.83177265  p_x
   55   3   2  -2       0.04333925  d_xy
   55   3   2  -1       0.04280357  d_yz
   55   3   2   0       0.02107047  d_z2
   55   3   2   1       0.03434959  d_xz
   55   3   2   2       0.01987192  d_x2-y2
   56   1   0   0       1.36159481  s
   56   2   1  -1       0.82777793  p_y
   56   2   1   0       0.82772843  p_z
   56   2   1   1       0.83285516  p_x
   56   3   2  -2       0.03454298  d_xy
   56   3   2  -1       0.03962665  d_yz
   56   3   2   0       0.01711365  d_z2
   56   3   2   1       0.03811596  d_xz
   56   3   2   2       0.01857810  d_x2-y2
   57   1   0   0       1.36628186  s
   57   2   1  -1       0.83505468  p_y
   57   2   1   0       0.82697237  p_z
   57   2   1   1       0.83145506  p_x
   57   3   2  -2       0.03480758  d_xy
   57   3   2  -1       0.03847997  d_yz
   57   3   2   0       0.01880065  d_z2
   57   3   2   1       0.04200487  d_xz
   57   3   2   2       0.01990116  d_x2-y2
   58   1   0   0       1.35980296  s
   58   2   1  -1       0.82829349  p_y
   58   2   1   0       0.82912502  p_z
   58   2   1   1       0.82645701  p_x
   58   3   2  -2       0.03835360  d_xy
   58   3   2  -1       0.03832491  d_yz
   58   3   2   0       0.01771949  d_z2
   58   3   2   1       0.03739438  d_xz
   58   3   2   2       0.01859172  d_x2-y2
   59   1   0   0       1.35844666  s
   59   2   1  -1       0.83490161  p_y
   59   2   1   0       0.82224080  p_z
   59   2   1   1       0.82989701  p_x
   59   3   2  -2       0.03639323  d_xy
   59   3   2  -1       0.04172237  d_yz
   59   3   2   0       0.02050104  d_z2
   59   3   2   1       0.04280740  d_xz
   59   3   2   2       0.01985335  d_x2-y2
   60   1   0   0       1.33112935  s
   60   2   1  -1       0.82362626  p_y
   60   2   1   0       0.83000282  p_z
   60   2   1   1       0.82388303  p_x
   60   3   2  -2       0.04421797  d_xy
   60   3   2  -1       0.04244642  d_yz
   60   3   2   0       0.02189436  d_z2
   60   3   2   1       0.04069202  d_xz
   60   3   2   2       0.02386867  d_x2-y2
   61   1   0   0       1.35485454  s
   61   2   1  -1       0.83191012  p_y
   61   2   1   0       0.82298266  p_z
   61   2   1   1       0.82662799  p_x
   61   3   2  -2       0.03454543  d_xy
   61   3   2  -1       0.04104226  d_yz
   61   3   2   0       0.02052729  d_z2
   61   3   2   1       0.04411321  d_xz
   61   3   2   2       0.02010181  d_x2-y2
   62   1   0   0       1.38100349  s
   62   2   1  -1       0.83311372  p_y
   62   2   1   0       0.82916164  p_z
   62   2   1   1       0.82790626  p_x
   62   3   2  -2       0.03730809  d_xy
   62   3   2  -1       0.03579494  d_yz
   62   3   2   0       0.01643988  d_z2
   62   3   2   1       0.03451287  d_xz
   62   3   2   2       0.01634739  d_x2-y2
   63   1   0   0       1.36330224  s
   63   2   1  -1       0.82954787  p_y
   63   2   1   0       0.82815484  p_z
   63   2   1   1       0.82509727  p_x
   63   3   2  -2       0.03705708  d_xy
   63   3   2  -1       0.03309267  d_yz
   63   3   2   0       0.01802611  d_z2
   63   3   2   1       0.04224101  d_xz
   63   3   2   2       0.01784264  d_x2-y2
   64   1   0   0       1.35478716  s
   64   2   1  -1       0.82548685  p_y
   64   2   1   0       0.82151427  p_z
   64   2   1   1       0.82711469  p_x
   64   3   2  -2       0.04133165  d_xy
   64   3   2  -1       0.03919689  d_yz
   64   3   2   0       0.02200131  d_z2
   64   3   2   1       0.04065372  d_xz
   64   3   2   2       0.01908395  d_x2-y2

Fermi level:                        -0.1327438132 H           -3.6121 eV
Band energy:                       -88.1975788108 H        -2399.9782 eV
TS:                                  0.0000000000 H            0.0000 eV
Band free energy (E-TS):           -88.1975788108 H        -2399.9782 eV
Extrapolated E(0K):                -88.1975788108 H        -2399.9782 eV
Input / Output electrons (q):    256.0000000000    256.0000000000

Energy H0:                         -88.1879952573 H        -2399.7174 eV
Energy SCC:                          0.0003597184 H            0.0098 eV
Total Electronic energy:           -88.1876355389 H        -2399.7077 eV
Repulsive energy:                    0.0000000000 H            0.0000 eV
Total energy:                      -88.1876355389 H        -2399.7077 eV
Extrapolated to 0:                 -88.1876355389 H        -2399.7077 eV
Total Mermin free energy:          -88.1876355389 H        -2399.7077 eV
Force related energy:              -88.1876355389 H        -2399.7077 eV

Non-constrained calculation

SCC converged

Warning: dipole moment is not defined absolutely!
Dipole moment:    0.29715782   -0.29289345   -0.41553396 au
Dipole moment:    0.75529990   -0.74446095   -1.05618207 Debye


