 Fermi distribution function

Calculation with static geometry


********************************************************************************
 iSCC Total electronic   Diff electronic      SCC error    
    9   -0.88173083E+02   -0.62023275E-09    0.61354413E-05
********************************************************************************

 Total charge:    -0.00000000

 Atomic gross charges (e)
 Atom           Charge
    1       0.01331736
    2       0.00024927
    3       0.00483553
    4       0.00160586
    5      -0.02378096
    6       0.00113062
    7      -0.00060732
    8      -0.01443164
    9       0.00369292
   10      -0.00956898
   11       0.01557359
   12       0.00231539
   13       0.01421480
   14      -0.02237401
   15       0.00413395
   16      -0.00398444
   17      -0.00472557
   18       0.00274216
   19      -0.00422617
   20      -0.00251896
   21      -0.00806690
   22       0.01328530
   23      -0.01062910
   24       0.01001286
   25      -0.00413940
   26       0.00689528
   27      -0.01056152
   28       0.01081437
   29      -0.00128916
   30       0.01053725
   31       0.00803962
   32       0.01837470
   33       0.00583971
   34      -0.01834495
   35       0.01279665
   36      -0.00477602
   37       0.00835140
   38      -0.00676521
   39       0.00065992
   40      -0.01782768
   41       0.01174771
   42      -0.00898942
   43      -0.00243120
   44      -0.00201897
   45      -0.01146835
   46       0.00233504
   47       0.01323705
   48      -0.02457882
   49       0.00405099
   50      -0.01302996
   51      -0.00118835
   52       0.00099950
   53      -0.00432263
   54       0.00640404
   55      -0.00194623
   56       0.01813174
   57      -0.00014517
   58       0.00715965
   59      -0.03560342
   60      -0.00057742
   61      -0.00908243
   62       0.01247930
   63       0.01516442
   64       0.02287244

Nr. of electrons (up):    256.00000000
Atom populations (up)
 Atom       Population
    1       3.98668264
    2       3.99975073
    3       3.99516447
    4       3.99839414
    5       4.02378096
    6       3.99886938
    7       4.00060732
    8       4.01443164
    9       3.99630708
   10       4.00956898
   11       3.98442641
   12       3.99768461
   13       3.98578520
   14       4.02237401
   15       3.99586605
   16       4.00398444
   17       4.00472557
   18       3.99725784
   19       4.00422617
   20       4.00251896
   21       4.00806690
   22       3.98671470
   23       4.01062910
   24       3.98998714
   25       4.00413940
   26       3.99310472
   27       4.01056152
   28       3.98918563
   29       4.00128916
   30       3.98946275
   31       3.99196038
   32       3.98162530
   33       3.99416029
   34       4.01834495
   35       3.98720335
   36       4.00477602
   37       3.99164860
   38       4.00676521
   39       3.99934008
   40       4.01782768
   41       3.98825229
   42       4.00898942
   43       4.00243120
   44       4.00201897
   45       4.01146835
   46       3.99766496
   47       3.98676295
   48       4.02457882
   49       3.99594901
   50       4.01302996
   51       4.00118835
   52       3.99900050
   53       4.00432263
   54       3.99359596
   55       4.00194623
   56       3.98186826
   57       4.00014517
   58       3.99284035
   59       4.03560342
   60       4.00057742
   61       4.00908243
   62       3.98752070
   63       3.98483558
   64       3.97712756

l-shell populations (up)
 Atom Sh.   l       Population
    1   1   0       1.34390896
    1   2   1       2.47957826
    1   3   2       0.16319542
    2   1   0       1.33980885
    2   2   1       2.48645136
    2   3   2       0.17349052
    3   1   0       1.35238431
    3   2   1       2.49058919
    3   3   2       0.15219097
    4   1   0       1.35330898
    4   2   1       2.48487498
    4   3   2       0.16021018
    5   1   0       1.39090414
    5   2   1       2.49222573
    5   3   2       0.14065109
    6   1   0       1.34977072
    6   2   1       2.48286606
    6   3   2       0.16623261
    7   1   0       1.35650379
    7   2   1       2.48178824
    7   3   2       0.16231529
    8   1   0       1.37888762
    8   2   1       2.49337735
    8   3   2       0.14216667
    9   1   0       1.35928126
    9   2   1       2.47484334
    9   3   2       0.16218248
   10   1   0       1.37291799
   10   2   1       2.48820916
   10   3   2       0.14844183
   11   1   0       1.34209646
   11   2   1       2.46755930
   11   3   2       0.17477064
   12   1   0       1.35404300
   12   2   1       2.47559658
   12   3   2       0.16804503
   13   1   0       1.33180018
   13   2   1       2.47893309
   13   3   2       0.17505194
   14   1   0       1.39319138
   14   2   1       2.49126256
   14   3   2       0.13792007
   15   1   0       1.35405321
   15   2   1       2.48953835
   15   3   2       0.15227449
   16   1   0       1.35912499
   16   2   1       2.49069674
   16   3   2       0.15416272
   17   1   0       1.36698880
   17   2   1       2.47904396
   17   3   2       0.15869281
   18   1   0       1.36152683
   18   2   1       2.47925209
   18   3   2       0.15647892
   19   1   0       1.36331375
   19   2   1       2.48777576
   19   3   2       0.15313666
   20   1   0       1.37370303
   20   2   1       2.48464179
   20   3   2       0.14417414
   21   1   0       1.37082290
   21   2   1       2.48999288
   21   3   2       0.14725111
   22   1   0       1.35061653
   22   2   1       2.47256480
   22   3   2       0.16353337
   23   1   0       1.37207734
   23   2   1       2.48365881
   23   3   2       0.15489295
   24   1   0       1.35579149
   24   2   1       2.47650341
   24   3   2       0.15769224
   25   1   0       1.36300288
   25   2   1       2.48920748
   25   3   2       0.15192905
   26   1   0       1.35389338
   26   2   1       2.47550995
   26   3   2       0.16370139
   27   1   0       1.36697460
   27   2   1       2.49041982
   27   3   2       0.15316710
   28   1   0       1.33825384
   28   2   1       2.48219392
   28   3   2       0.16873786
   29   1   0       1.35891794
   29   2   1       2.48996502
   29   3   2       0.15240620
   30   1   0       1.34927288
   30   2   1       2.47937522
   30   3   2       0.16081464
   31   1   0       1.35130709
   31   2   1       2.49636703
   31   3   2       0.14428627
   32   1   0       1.32920207
   32   2   1       2.48183894
   32   3   2       0.17058429
   33   1   0       1.34761859
   33   2   1       2.48973225
   33   3   2       0.15680946
   34   1   0       1.38570495
   34   2   1       2.49510966
   34   3   2       0.13753034
   35   1   0       1.33658757
   35   2   1       2.48459719
   35   3   2       0.16601859
   36   1   0       1.35340977
   36   2   1       2.49418622
   36   3   2       0.15718003
   37   1   0       1.34057541
   37   2   1       2.47863643
   37   3   2       0.17243676
   38   1   0       1.36762526
   38   2   1       2.49121814
   38   3   2       0.14792182
   39   1   0       1.35353724
   39   2   1       2.48891348
   39   3   2       0.15688937
   40   1   0       1.37381906
   40   2   1       2.49672917
   40   3   2       0.14727945
   41   1   0       1.35878744
   41   2   1       2.46502456
   41   3   2       0.16444028
   42   1   0       1.36704744
   42   2   1       2.48285220
   42   3   2       0.15908979
   43   1   0       1.37363027
   43   2   1       2.47827413
   43   3   2       0.15052679
   44   1   0       1.35433093
   44   2   1       2.48585089
   44   3   2       0.16183715
   45   1   0       1.38027837
   45   2   1       2.48691006
   45   3   2       0.14427992
   46   1   0       1.34477456
   46   2   1       2.48246796
   46   3   2       0.17042244
   47   1   0       1.34175342
   47   2   1       2.47039018
   47   3   2       0.17461934
   48   1   0       1.37967710
   48   2   1       2.50247915
   48   3   2       0.14242256
   49   1   0       1.34287192
   49   2   1       2.48654521
   49   3   2       0.16653188
   50   1   0       1.38311004
   50   2   1       2.49021802
   50   3   2       0.13970190
   51   1   0       1.34448904
   51   2   1       2.49277035
   51   3   2       0.16392896
   52   1   0       1.35602108
   52   2   1       2.48779527
   52   3   2       0.15518415
   53   1   0       1.36740500
   53   2   1       2.47691213
   53   3   2       0.16000550
   54   1   0       1.34975988
   54   2   1       2.48274299
   54   3   2       0.16109309
   55   1   0       1.36267659
   55   2   1       2.48365801
   55   3   2       0.15561163
   56   1   0       1.33890776
   56   2   1       2.46637472
   56   3   2       0.17658577
   57   1   0       1.35743146
   57   2   1       2.48324319
   57   3   2       0.15947051
   58   1   0       1.34834233
   58   2   1       2.47598898
   58   3   2       0.16850904
   59   1   0       1.41565432
   59   2   1       2.49123802
   59   3   2       0.12871108
   60   1   0       1.37061722
   60   2   1       2.47722234
   60   3   2       0.15273786
   61   1   0       1.36997554
   61   2   1       2.49713456
   61   3   2       0.14197232
   62   1   0       1.35030425
   62   2   1       2.47096428
   62   3   2       0.16625217
   63   1   0       1.32778393
   63   2   1       2.48259832
   63   3   2       0.17445333
   64   1   0       1.32124823
   64   2   1       2.48494281
   64   3   2       0.17093652

Orbital populations (up)
 Atom Sh.   l   m       Population  Label
    1   1   0   0       1.34390896  s
    1   2   1  -1       0.83223179  p_y
    1   2   1   0       0.82176263  p_z
    1   2   1   1       0.82558384  p_x
    1   3   2  -2       0.03824014  d_xy
    1   3   2  -1       0.04167700  d_yz
    1   3   2   0       0.02171131  d_z2
    1   3   2   1       0.04225797  d_xz
    1   3   2   2       0.01930899  d_x2-y2
    2   1   0   0       1.33980885  s
    2   2   1  -1       0.82575682  p_y
    2   2   1   0       0.83284651  p_z
    2   2   1   1       0.82784802  p_x
    2   3   2  -2       0.04389427  d_xy
    2   3   2  -1       0.04331358  d_yz
    2   3   2   0       0.02160027  d_z2
    2   3   2   1       0.04119066  d_xz
    2   3   2   2       0.02349174  d_x2-y2
    3   1   0   0       1.35238431  s
    3   2   1  -1       0.83155086  p_y
    3   2   1   0       0.82826531  p_z
    3   2   1   1       0.83077301  p_x
    3   3   2  -2       0.03620239  d_xy
    3   3   2  -1       0.04011984  d_yz
    3   3   2   0       0.01945992  d_z2
    3   3   2   1       0.03841801  d_xz
    3   3   2   2       0.01799081  d_x2-y2
    4   1   0   0       1.35330898  s
    4   2   1  -1       0.82793253  p_y
    4   2   1   0       0.82928521  p_z
    4   2   1   1       0.82765725  p_x
    4   3   2  -2       0.04266128  d_xy
    4   3   2  -1       0.03911710  d_yz
    4   3   2   0       0.02074356  d_z2
    4   3   2   1       0.03844728  d_xz
    4   3   2   2       0.01924096  d_x2-y2
    5   1   0   0       1.39090414  s
    5   2   1  -1       0.82807246  p_y
    5   2   1   0       0.83144041  p_z
    5   2   1   1       0.83271286  p_x
    5   3   2  -2       0.03800389  d_xy
    5   3   2  -1       0.03444051  d_yz
    5   3   2   0       0.01670239  d_z2
    5   3   2   1       0.03564741  d_xz
    5   3   2   2       0.01585689  d_x2-y2
    6   1   0   0       1.34977072  s
    6   2   1  -1       0.83077206  p_y
    6   2   1   0       0.82638495  p_z
    6   2   1   1       0.82570904  p_x
    6   3   2  -2       0.04129075  d_xy
    6   3   2  -1       0.04149908  d_yz
    6   3   2   0       0.02110640  d_z2
    6   3   2   1       0.04050885  d_xz
    6   3   2   2       0.02182753  d_x2-y2
    7   1   0   0       1.35650379  s
    7   2   1  -1       0.82449874  p_y
    7   2   1   0       0.82936958  p_z
    7   2   1   1       0.82791992  p_x
    7   3   2  -2       0.04004899  d_xy
    7   3   2  -1       0.04230767  d_yz
    7   3   2   0       0.02030680  d_z2
    7   3   2   1       0.03856733  d_xz
    7   3   2   2       0.02108449  d_x2-y2
    8   1   0   0       1.37888762  s
    8   2   1  -1       0.83367733  p_y
    8   2   1   0       0.82924356  p_z
    8   2   1   1       0.83045646  p_x
    8   3   2  -2       0.03480086  d_xy
    8   3   2  -1       0.03757118  d_yz
    8   3   2   0       0.01564066  d_z2
    8   3   2   1       0.03619149  d_xz
    8   3   2   2       0.01796248  d_x2-y2
    9   1   0   0       1.35928126  s
    9   2   1  -1       0.82167529  p_y
    9   2   1   0       0.82869861  p_z
    9   2   1   1       0.82446944  p_x
    9   3   2  -2       0.04388591  d_xy
    9   3   2  -1       0.03703397  d_yz
    9   3   2   0       0.02161896  d_z2
    9   3   2   1       0.03952148  d_xz
    9   3   2   2       0.02012216  d_x2-y2
   10   1   0   0       1.37291799  s
   10   2   1  -1       0.82499629  p_y
   10   2   1   0       0.83627110  p_z
   10   2   1   1       0.82694178  p_x
   10   3   2  -2       0.03741899  d_xy
   10   3   2  -1       0.03686258  d_yz
   10   3   2   0       0.01645417  d_z2
   10   3   2   1       0.03691964  d_xz
   10   3   2   2       0.02078646  d_x2-y2
   11   1   0   0       1.34209646  s
   11   2   1  -1       0.82684303  p_y
   11   2   1   0       0.81726271  p_z
   11   2   1   1       0.82345357  p_x
   11   3   2  -2       0.04027727  d_xy
   11   3   2  -1       0.04203864  d_yz
   11   3   2   0       0.02546152  d_z2
   11   3   2   1       0.04622619  d_xz
   11   3   2   2       0.02076703  d_x2-y2
   12   1   0   0       1.35404300  s
   12   2   1  -1       0.82213725  p_y
   12   2   1   0       0.82522078  p_z
   12   2   1   1       0.82823855  p_x
   12   3   2  -2       0.04445838  d_xy
   12   3   2  -1       0.03817021  d_yz
   12   3   2   0       0.02207356  d_z2
   12   3   2   1       0.04206002  d_xz
   12   3   2   2       0.02128286  d_x2-y2
   13   1   0   0       1.33180018  s
   13   2   1  -1       0.82565903  p_y
   13   2   1   0       0.82581588  p_z
   13   2   1   1       0.82745817  p_x
   13   3   2  -2       0.04332868  d_xy
   13   3   2  -1       0.04496446  d_yz
   13   3   2   0       0.02454753  d_z2
   13   3   2   1       0.04019382  d_xz
   13   3   2   2       0.02201746  d_x2-y2
   14   1   0   0       1.39319138  s
   14   2   1  -1       0.82638082  p_y
   14   2   1   0       0.82911362  p_z
   14   2   1   1       0.83576812  p_x
   14   3   2  -2       0.03427178  d_xy
   14   3   2  -1       0.03550256  d_yz
   14   3   2   0       0.01510276  d_z2
   14   3   2   1       0.03579813  d_xz
   14   3   2   2       0.01724484  d_x2-y2
   15   1   0   0       1.35405321  s
   15   2   1  -1       0.82816171  p_y
   15   2   1   0       0.83488872  p_z
   15   2   1   1       0.82648791  p_x
   15   3   2  -2       0.04133368  d_xy
   15   3   2  -1       0.03655278  d_yz
   15   3   2   0       0.01825523  d_z2
   15   3   2   1       0.03703776  d_xz
   15   3   2   2       0.01909504  d_x2-y2
   16   1   0   0       1.35912499  s
   16   2   1  -1       0.82970058  p_y
   16   2   1   0       0.83219288  p_z
   16   2   1   1       0.82880328  p_x
   16   3   2  -2       0.03902864  d_xy
   16   3   2  -1       0.03882251  d_yz
   16   3   2   0       0.01810553  d_z2
   16   3   2   1       0.03819137  d_xz
   16   3   2   2       0.02001466  d_x2-y2
   17   1   0   0       1.36698880  s
   17   2   1  -1       0.82650528  p_y
   17   2   1   0       0.82780947  p_z
   17   2   1   1       0.82472922  p_x
   17   3   2  -2       0.03839190  d_xy
   17   3   2  -1       0.03938463  d_yz
   17   3   2   0       0.01910549  d_z2
   17   3   2   1       0.04185809  d_xz
   17   3   2   2       0.01995271  d_x2-y2
   18   1   0   0       1.36152683  s
   18   2   1  -1       0.83014325  p_y
   18   2   1   0       0.82609184  p_z
   18   2   1   1       0.82301701  p_x
   18   3   2  -2       0.04220700  d_xy
   18   3   2  -1       0.03711410  d_yz
   18   3   2   0       0.02048049  d_z2
   18   3   2   1       0.03791794  d_xz
   18   3   2   2       0.01875939  d_x2-y2
   19   1   0   0       1.36331375  s
   19   2   1  -1       0.83246139  p_y
   19   2   1   0       0.83016795  p_z
   19   2   1   1       0.82514642  p_x
   19   3   2  -2       0.03763638  d_xy
   19   3   2  -1       0.03548002  d_yz
   19   3   2   0       0.01791014  d_z2
   19   3   2   1       0.04245389  d_xz
   19   3   2   2       0.01965622  d_x2-y2
   20   1   0   0       1.37370303  s
   20   2   1  -1       0.82817296  p_y
   20   2   1   0       0.82827486  p_z
   20   2   1   1       0.82819397  p_x
   20   3   2  -2       0.03620537  d_xy
   20   3   2  -1       0.03708814  d_yz
   20   3   2   0       0.01667997  d_z2
   20   3   2   1       0.03694940  d_xz
   20   3   2   2       0.01725126  d_x2-y2
   21   1   0   0       1.37082290  s
   21   2   1  -1       0.83249853  p_y
   21   2   1   0       0.82342149  p_z
   21   2   1   1       0.83407287  p_x
   21   3   2  -2       0.03736329  d_xy
   21   3   2  -1       0.03729292  d_yz
   21   3   2   0       0.01932401  d_z2
   21   3   2   1       0.03688980  d_xz
   21   3   2   2       0.01638109  d_x2-y2
   22   1   0   0       1.35061653  s
   22   2   1  -1       0.82436084  p_y
   22   2   1   0       0.82575300  p_z
   22   2   1   1       0.82245096  p_x
   22   3   2  -2       0.04201670  d_xy
   22   3   2  -1       0.04057347  d_yz
   22   3   2   0       0.02079829  d_z2
   22   3   2   1       0.03968413  d_xz
   22   3   2   2       0.02046079  d_x2-y2
   23   1   0   0       1.37207734  s
   23   2   1  -1       0.82932817  p_y
   23   2   1   0       0.82489718  p_z
   23   2   1   1       0.82943346  p_x
   23   3   2  -2       0.03662024  d_xy
   23   3   2  -1       0.03918476  d_yz
   23   3   2   0       0.01904762  d_z2
   23   3   2   1       0.04164841  d_xz
   23   3   2   2       0.01839192  d_x2-y2
   24   1   0   0       1.35579149  s
   24   2   1  -1       0.83012558  p_y
   24   2   1   0       0.82533061  p_z
   24   2   1   1       0.82104721  p_x
   24   3   2  -2       0.03882940  d_xy
   24   3   2  -1       0.03782071  d_yz
   24   3   2   0       0.01926460  d_z2
   24   3   2   1       0.04175831  d_xz
   24   3   2   2       0.02001921  d_x2-y2
   25   1   0   0       1.36300288  s
   25   2   1  -1       0.82652932  p_y
   25   2   1   0       0.83341336  p_z
   25   2   1   1       0.82926480  p_x
   25   3   2  -2       0.04147893  d_xy
   25   3   2  -1       0.03869160  d_yz
   25   3   2   0       0.01939234  d_z2
   25   3   2   1       0.03466953  d_xz
   25   3   2   2       0.01769665  d_x2-y2
   26   1   0   0       1.35389338  s
   26   2   1  -1       0.82777731  p_y
   26   2   1   0       0.82062954  p_z
   26   2   1   1       0.82710310  p_x
   26   3   2  -2       0.03817849  d_xy
   26   3   2  -1       0.04005050  d_yz
   26   3   2   0       0.02091733  d_z2
   26   3   2   1       0.04395001  d_xz
   26   3   2   2       0.02060505  d_x2-y2
   27   1   0   0       1.36697460  s
   27   2   1  -1       0.82725149  p_y
   27   2   1   0       0.83130186  p_z
   27   2   1   1       0.83186646  p_x
   27   3   2  -2       0.04092180  d_xy
   27   3   2  -1       0.03935078  d_yz
   27   3   2   0       0.01980599  d_z2
   27   3   2   1       0.03553981  d_xz
   27   3   2   2       0.01754872  d_x2-y2
   28   1   0   0       1.33825384  s
   28   2   1  -1       0.83692271  p_y
   28   2   1   0       0.81876896  p_z
   28   2   1   1       0.82650225  p_x
   28   3   2  -2       0.03559772  d_xy
   28   3   2  -1       0.04250069  d_yz
   28   3   2   0       0.02147437  d_z2
   28   3   2   1       0.04706427  d_xz
   28   3   2   2       0.02210081  d_x2-y2
   29   1   0   0       1.35891794  s
   29   2   1  -1       0.83006028  p_y
   29   2   1   0       0.82783672  p_z
   29   2   1   1       0.83206802  p_x
   29   3   2  -2       0.03670863  d_xy
   29   3   2  -1       0.03862005  d_yz
   29   3   2   0       0.01937790  d_z2
   29   3   2   1       0.03996695  d_xz
   29   3   2   2       0.01773267  d_x2-y2
   30   1   0   0       1.34927288  s
   30   2   1  -1       0.82348777  p_y
   30   2   1   0       0.82830008  p_z
   30   2   1   1       0.82758737  p_x
   30   3   2  -2       0.04190794  d_xy
   30   3   2  -1       0.04045455  d_yz
   30   3   2   0       0.02047084  d_z2
   30   3   2   1       0.03832279  d_xz
   30   3   2   2       0.01965854  d_x2-y2
   31   1   0   0       1.35130709  s
   31   2   1  -1       0.83384910  p_y
   31   2   1   0       0.82884730  p_z
   31   2   1   1       0.83367063  p_x
   31   3   2  -2       0.03399753  d_xy
   31   3   2  -1       0.04068476  d_yz
   31   3   2   0       0.01731606  d_z2
   31   3   2   1       0.03522924  d_xz
   31   3   2   2       0.01705867  d_x2-y2
   32   1   0   0       1.32920207  s
   32   2   1  -1       0.82517474  p_y
   32   2   1   0       0.82965559  p_z
   32   2   1   1       0.82700861  p_x
   32   3   2  -2       0.04210401  d_xy
   32   3   2  -1       0.04217917  d_yz
   32   3   2   0       0.02115386  d_z2
   32   3   2   1       0.04179931  d_xz
   32   3   2   2       0.02334793  d_x2-y2
   33   1   0   0       1.34761859  s
   33   2   1  -1       0.83286324  p_y
   33   2   1   0       0.82805614  p_z
   33   2   1   1       0.82881286  p_x
   33   3   2  -2       0.03591585  d_xy
   33   3   2  -1       0.04008390  d_yz
   33   3   2   0       0.01867586  d_z2
   33   3   2   1       0.04151571  d_xz
   33   3   2   2       0.02061814  d_x2-y2
   34   1   0   0       1.38570495  s
   34   2   1  -1       0.82790835  p_y
   34   2   1   0       0.83425768  p_z
   34   2   1   1       0.83294363  p_x
   34   3   2  -2       0.03305796  d_xy
   34   3   2  -1       0.03763374  d_yz
   34   3   2   0       0.01645270  d_z2
   34   3   2   1       0.03498455  d_xz
   34   3   2   2       0.01540140  d_x2-y2
   35   1   0   0       1.33658757  s
   35   2   1  -1       0.83233917  p_y
   35   2   1   0       0.82287222  p_z
   35   2   1   1       0.82938581  p_x
   35   3   2  -2       0.03743367  d_xy
   35   3   2  -1       0.04305949  d_yz
   35   3   2   0       0.02225300  d_z2
   35   3   2   1       0.04260190  d_xz
   35   3   2   2       0.02067052  d_x2-y2
   36   1   0   0       1.35340977  s
   36   2   1  -1       0.82648564  p_y
   36   2   1   0       0.83383473  p_z
   36   2   1   1       0.83386586  p_x
   36   3   2  -2       0.03917258  d_xy
   36   3   2  -1       0.04073791  d_yz
   36   3   2   0       0.01835920  d_z2
   36   3   2   1       0.03857821  d_xz
   36   3   2   2       0.02033213  d_x2-y2
   37   1   0   0       1.34057541  s
   37   2   1  -1       0.82777792  p_y
   37   2   1   0       0.83019796  p_z
   37   2   1   1       0.82066055  p_x
   37   3   2  -2       0.04181716  d_xy
   37   3   2  -1       0.04057819  d_yz
   37   3   2   0       0.02196327  d_z2
   37   3   2   1       0.04589216  d_xz
   37   3   2   2       0.02218598  d_x2-y2
   38   1   0   0       1.36762526  s
   38   2   1  -1       0.83194981  p_y
   38   2   1   0       0.83025528  p_z
   38   2   1   1       0.82901306  p_x
   38   3   2  -2       0.03987379  d_xy
   38   3   2  -1       0.03484396  d_yz
   38   3   2   0       0.01712664  d_z2
   38   3   2   1       0.03768351  d_xz
   38   3   2   2       0.01839392  d_x2-y2
   39   1   0   0       1.35353724  s
   39   2   1  -1       0.83057932  p_y
   39   2   1   0       0.82954562  p_z
   39   2   1   1       0.82878854  p_x
   39   3   2  -2       0.03875541  d_xy
   39   3   2  -1       0.03961260  d_yz
   39   3   2   0       0.01963845  d_z2
   39   3   2   1       0.03981104  d_xz
   39   3   2   2       0.01907186  d_x2-y2
   40   1   0   0       1.37381906  s
   40   2   1  -1       0.83345566  p_y
   40   2   1   0       0.82804602  p_z
   40   2   1   1       0.83522749  p_x
   40   3   2  -2       0.03367963  d_xy
   40   3   2  -1       0.04044941  d_yz
   40   3   2   0       0.01780354  d_z2
   40   3   2   1       0.03749489  d_xz
   40   3   2   2       0.01785198  d_x2-y2
   41   1   0   0       1.35878744  s
   41   2   1  -1       0.82577383  p_y
   41   2   1   0       0.82092911  p_z
   41   2   1   1       0.81832163  p_x
   41   3   2  -2       0.04154237  d_xy
   41   3   2  -1       0.03796685  d_yz
   41   3   2   0       0.02247400  d_z2
   41   3   2   1       0.04193753  d_xz
   41   3   2   2       0.02051954  d_x2-y2
   42   1   0   0       1.36704744  s
   42   2   1  -1       0.82826440  p_y
   42   2   1   0       0.82315981  p_z
   42   2   1   1       0.83142799  p_x
   42   3   2  -2       0.03759799  d_xy
   42   3   2  -1       0.04136426  d_yz
   42   3   2   0       0.02029295  d_z2
   42   3   2   1       0.03954555  d_xz
   42   3   2   2       0.02028903  d_x2-y2
   43   1   0   0       1.37363027  s
   43   2   1  -1       0.82589201  p_y
   43   2   1   0       0.82219831  p_z
   43   2   1   1       0.83018381  p_x
   43   3   2  -2       0.03927763  d_xy
   43   3   2  -1       0.03537806  d_yz
   43   3   2   0       0.02100426  d_z2
   43   3   2   1       0.03840240  d_xz
   43   3   2   2       0.01646445  d_x2-y2
   44   1   0   0       1.35433093  s
   44   2   1  -1       0.82423944  p_y
   44   2   1   0       0.83305936  p_z
   44   2   1   1       0.82855209  p_x
   44   3   2  -2       0.04425607  d_xy
   44   3   2  -1       0.03631429  d_yz
   44   3   2   0       0.01920560  d_z2
   44   3   2   1       0.03952154  d_xz
   44   3   2   2       0.02253965  d_x2-y2
   45   1   0   0       1.38027837  s
   45   2   1  -1       0.83092420  p_y
   45   2   1   0       0.82934500  p_z
   45   2   1   1       0.82664086  p_x
   45   3   2  -2       0.03974506  d_xy
   45   3   2  -1       0.03718108  d_yz
   45   3   2   0       0.01786800  d_z2
   45   3   2   1       0.03341815  d_xz
   45   3   2   2       0.01606765  d_x2-y2
   46   1   0   0       1.34477456  s
   46   2   1  -1       0.83077437  p_y
   46   2   1   0       0.82239464  p_z
   46   2   1   1       0.82929894  p_x
   46   3   2  -2       0.03913179  d_xy
   46   3   2  -1       0.04362987  d_yz
   46   3   2   0       0.02143233  d_z2
   46   3   2   1       0.04301024  d_xz
   46   3   2   2       0.02321821  d_x2-y2
   47   1   0   0       1.34175342  s
   47   2   1  -1       0.82396339  p_y
   47   2   1   0       0.82919968  p_z
   47   2   1   1       0.81722712  p_x
   47   3   2  -2       0.04556132  d_xy
   47   3   2  -1       0.04012393  d_yz
   47   3   2   0       0.02268883  d_z2
   47   3   2   1       0.04261336  d_xz
   47   3   2   2       0.02363189  d_x2-y2
   48   1   0   0       1.37967710  s
   48   2   1  -1       0.84052975  p_y
   48   2   1   0       0.82700689  p_z
   48   2   1   1       0.83494251  p_x
   48   3   2  -2       0.03159193  d_xy
   48   3   2  -1       0.03776070  d_yz
   48   3   2   0       0.01749761  d_z2
   48   3   2   1       0.03891564  d_xz
   48   3   2   2       0.01665668  d_x2-y2
   49   1   0   0       1.34287192  s
   49   2   1  -1       0.82439379  p_y
   49   2   1   0       0.83461265  p_z
   49   2   1   1       0.82753878  p_x
   49   3   2  -2       0.04644844  d_xy
   49   3   2  -1       0.03979900  d_yz
   49   3   2   0       0.02095243  d_z2
   49   3   2   1       0.03801822  d_xz
   49   3   2   2       0.02131378  d_x2-y2
   50   1   0   0       1.38311004  s
   50   2   1  -1       0.83157919  p_y
   50   2   1   0       0.82551850  p_z
   50   2   1   1       0.83312034  p_x
   50   3   2  -2       0.03494971  d_xy
   50   3   2  -1       0.03745356  d_yz
   50   3   2   0       0.01758102  d_z2
   50   3   2   1       0.03465490  d_xz
   50   3   2   2       0.01506270  d_x2-y2
   51   1   0   0       1.34448904  s
   51   2   1  -1       0.82529165  p_y
   51   2   1   0       0.83635976  p_z
   51   2   1   1       0.83111893  p_x
   51   3   2  -2       0.04342359  d_xy
   51   3   2  -1       0.04074561  d_yz
   51   3   2   0       0.02029067  d_z2
   51   3   2   1       0.03810596  d_xz
   51   3   2   2       0.02136313  d_x2-y2
   52   1   0   0       1.35602108  s
   52   2   1  -1       0.83188960  p_y
   52   2   1   0       0.82496229  p_z
   52   2   1   1       0.83094338  p_x
   52   3   2  -2       0.03665045  d_xy
   52   3   2  -1       0.03828094  d_yz
   52   3   2   0       0.01972832  d_z2
   52   3   2   1       0.04194620  d_xz
   52   3   2   2       0.01857825  d_x2-y2
   53   1   0   0       1.36740500  s
   53   2   1  -1       0.82758895  p_y
   53   2   1   0       0.82315279  p_z
   53   2   1   1       0.82617039  p_x
   53   3   2  -2       0.03417065  d_xy
   53   3   2  -1       0.04214441  d_yz
   53   3   2   0       0.01990531  d_z2
   53   3   2   1       0.04391294  d_xz
   53   3   2   2       0.01987220  d_x2-y2
   54   1   0   0       1.34975988  s
   54   2   1  -1       0.82386345  p_y
   54   2   1   0       0.83248170  p_z
   54   2   1   1       0.82639784  p_x
   54   3   2  -2       0.04432502  d_xy
   54   3   2  -1       0.04067664  d_yz
   54   3   2   0       0.01782302  d_z2
   54   3   2   1       0.03571296  d_xz
   54   3   2   2       0.02255545  d_x2-y2
   55   1   0   0       1.36267659  s
   55   2   1  -1       0.82881755  p_y
   55   2   1   0       0.82729113  p_z
   55   2   1   1       0.82754933  p_x
   55   3   2  -2       0.03959755  d_xy
   55   3   2  -1       0.03544216  d_yz
   55   3   2   0       0.01872142  d_z2
   55   3   2   1       0.04273041  d_xz
   55   3   2   2       0.01912008  d_x2-y2
   56   1   0   0       1.33890776  s
   56   2   1  -1       0.82028286  p_y
   56   2   1   0       0.82463628  p_z
   56   2   1   1       0.82145559  p_x
   56   3   2  -2       0.04466941  d_xy
   56   3   2  -1       0.04121196  d_yz
   56   3   2   0       0.02369491  d_z2
   56   3   2   1       0.04444934  d_xz
   56   3   2   2       0.02256014  d_x2-y2
   57   1   0   0       1.35743146  s
   57   2   1  -1       0.82840489  p_y
   57   2   1   0       0.83192239  p_z
   57   2   1   1       0.82291592  p_x
   57   3   2  -2       0.04418722  d_xy
   57   3   2  -1       0.03449594  d_yz
   57   3   2   0       0.01772834  d_z2
   57   3   2   1       0.04123202  d_xz
   57   3   2   2       0.02182699  d_x2-y2
   58   1   0   0       1.34834233  s
   58   2   1  -1       0.82746154  p_y
   58   2   1   0       0.82412684  p_z
   58   2   1   1       0.82440060  p_x
   58   3   2  -2       0.04122650  d_xy
   58   3   2  -1       0.03970443  d_yz
   58   3   2   0       0.02157076  d_z2
   58   3   2   1       0.04383505  d_xz
   58   3   2   2       0.02217230  d_x2-y2
   59   1   0   0       1.41565432  s
   59   2   1  -1       0.83016135  p_y
   59   2   1   0       0.83278483  p_z
   59   2   1   1       0.82829183  p_x
   59   3   2  -2       0.03256966  d_xy
   59   3   2  -1       0.03554010  d_yz
   59   3   2   0       0.01368595  d_z2
   59   3   2   1       0.03213502  d_xz
   59   3   2   2       0.01478034  d_x2-y2
   60   1   0   0       1.37061722  s
   60   2   1  -1       0.82102260  p_y
   60   2   1   0       0.83285011  p_z
   60   2   1   1       0.82334964  p_x
   60   3   2  -2       0.03973604  d_xy
   60   3   2  -1       0.03815677  d_yz
   60   3   2   0       0.02014552  d_z2
   60   3   2   1       0.03636810  d_xz
   60   3   2   2       0.01833143  d_x2-y2
   61   1   0   0       1.36997554  s
   61   2   1  -1       0.83230734  p_y
   61   2   1   0       0.83209099  p_z
   61   2   1   1       0.83273623  p_x
   61   3   2  -2       0.03677189  d_xy
   61   3   2  -1       0.03890498  d_yz
   61   3   2   0       0.01760125  d_z2
   61   3   2   1       0.03246839  d_xz
   61   3   2   2       0.01622581  d_x2-y2
   62   1   0   0       1.35030425  s
   62   2   1  -1       0.82639381  p_y
   62   2   1   0       0.82333206  p_z
   62   2   1   1       0.82123840  p_x
   62   3   2  -2       0.03884446  d_xy
   62   3   2  -1       0.04106008  d_yz
   62   3   2   0       0.02060353  d_z2
   62   3   2   1       0.04440036  d_xz
   62   3   2   2       0.02134374  d_x2-y2
   63   1   0   0       1.32778393  s
   63   2   1  -1       0.82470784  p_y
   63   2   1   0       0.83016631  p_z
   63   2   1   1       0.82772417  p_x
   63   3   2  -2       0.04763216  d_xy
   63   3   2  -1       0.04152244  d_yz
   63   3   2   0       0.02368636  d_z2
   63   3   2   1       0.03985506  d_xz
   63   3   2   2       0.02175732  d_x2-y2
   64   1   0   0       1.32124823  s
   64   2   1  -1       0.82503767  p_y
   64   2   1   0       0.82851452  p_z
   64   2   1   1       0.83139061  p_x
   64   3   2  -2       0.04365192  d_xy
   64   3   2  -1       0.04370365  d_yz
   64   3   2   0       0.02371094  d_z2
   64   3   2   1       0.03866095  d_xz
   64   3   2   2       0.02120907  d_x2-y2

Fermi level:                        -0.1337439505 H           -3.6394 eV
Band energy:                       -88.1847123992 H        -2399.6281 eV
TS:                                  0.0000000000 H            0.0000 eV
Band free energy (E-TS):           -88.1847123992 H        -2399.6281 eV
Extrapolated E(0K):                -88.1847123992 H        -2399.6281 eV
Input / Output electrons (q):    256.0000000000    256.0000000000

Energy H0:                         -88.1734022508 H        -2399.3204 eV
Energy SCC:                          0.0003190773 H            0.0087 eV
Total Electronic energy:           -88.1730831735 H        -2399.3117 eV
Repulsive energy:                    0.0000000000 H            0.0000 eV
Total energy:                      -88.1730831735 H        -2399.3117 eV
Extrapolated to 0:                 -88.1730831735 H        -2399.3117 eV
Total Mermin free energy:          -88.1730831735 H        -2399.3117 eV
Force related energy:              -88.1730831735 H        -2399.3117 eV

Non-constrained calculation

SCC converged

Warning: dipole moment is not defined absolutely!
Dipole moment:    0.89045235    0.03831616   -0.12526715 au
Dipole moment:    2.26330431    0.09738998   -0.31839735 Debye


