 Fermi distribution function

Calculation with static geometry


********************************************************************************
 iSCC Total electronic   Diff electronic      SCC error    
    9   -0.88130018E+02   -0.88867580E-09    0.83457828E-05
********************************************************************************

 Total charge:    -0.00000000

 Atomic gross charges (e)
 Atom           Charge
    1      -0.00840905
    2      -0.00008441
    3      -0.01132540
    4      -0.00026093
    5       0.00666130
    6       0.00030209
    7      -0.00415029
    8       0.00268816
    9      -0.00633695
   10       0.00046440
   11      -0.03029756
   12       0.01159899
   13      -0.00805021
   14       0.01339290
   15       0.00043383
   16       0.00159899
   17       0.00673005
   18      -0.00609146
   19       0.00562171
   20      -0.00690182
   21       0.00088497
   22      -0.00537278
   23      -0.00761193
   24      -0.00043246
   25       0.01468642
   26       0.00305013
   27       0.01879349
   28       0.00016800
   29       0.00734790
   30       0.00318765
   31       0.00665148
   32      -0.00943481
   33      -0.02227961
   34       0.00066531
   35      -0.01478574
   36      -0.00302010
   37      -0.00094896
   38       0.01789607
   39      -0.00491086
   40       0.01141893
   41       0.00826613
   42      -0.00368267
   43      -0.00601893
   44      -0.00942043
   45       0.00715230
   46      -0.00270580
   47      -0.00463463
   48       0.00336603
   49      -0.01196990
   50       0.02087719
   51      -0.00088175
   52       0.01148053
   53       0.00027854
   54      -0.01751108
   55       0.01145169
   56      -0.02213367
   57       0.01190951
   58      -0.00645655
   59       0.01448412
   60      -0.00340332
   61       0.01274253
   62       0.00044708
   63       0.00431868
   64      -0.00149303

Nr. of electrons (up):    256.00000000
Atom populations (up)
 Atom       Population
    1       4.00840905
    2       4.00008441
    3       4.01132540
    4       4.00026093
    5       3.99333870
    6       3.99969791
    7       4.00415029
    8       3.99731184
    9       4.00633695
   10       3.99953560
   11       4.03029756
   12       3.98840101
   13       4.00805021
   14       3.98660710
   15       3.99956617
   16       3.99840101
   17       3.99326995
   18       4.00609146
   19       3.99437829
   20       4.00690182
   21       3.99911503
   22       4.00537278
   23       4.00761193
   24       4.00043246
   25       3.98531358
   26       3.99694987
   27       3.98120651
   28       3.99983200
   29       3.99265210
   30       3.99681235
   31       3.99334852
   32       4.00943481
   33       4.02227961
   34       3.99933469
   35       4.01478574
   36       4.00302010
   37       4.00094896
   38       3.98210393
   39       4.00491086
   40       3.98858107
   41       3.99173387
   42       4.00368267
   43       4.00601893
   44       4.00942043
   45       3.99284770
   46       4.00270580
   47       4.00463463
   48       3.99663397
   49       4.01196990
   50       3.97912281
   51       4.00088175
   52       3.98851947
   53       3.99972146
   54       4.01751108
   55       3.98854831
   56       4.02213367
   57       3.98809049
   58       4.00645655
   59       3.98551588
   60       4.00340332
   61       3.98725747
   62       3.99955292
   63       3.99568132
   64       4.00149303

l-shell populations (up)
 Atom Sh.   l       Population
    1   1   0       1.36168146
    1   2   1       2.48663082
    1   3   2       0.16009676
    2   1   0       1.36100601
    2   2   1       2.49489266
    2   3   2       0.14418574
    3   1   0       1.35878716
    3   2   1       2.49122916
    3   3   2       0.16130908
    4   1   0       1.35705121
    4   2   1       2.48461088
    4   3   2       0.15859883
    5   1   0       1.34444512
    5   2   1       2.48736564
    5   3   2       0.16152794
    6   1   0       1.36913633
    6   2   1       2.47561359
    6   3   2       0.15494799
    7   1   0       1.37304467
    7   2   1       2.48134029
    7   3   2       0.14976533
    8   1   0       1.35815592
    8   2   1       2.47632462
    8   3   2       0.16283130
    9   1   0       1.35919583
    9   2   1       2.49353730
    9   3   2       0.15360382
   10   1   0       1.36759306
   10   2   1       2.46950569
   10   3   2       0.16243686
   11   1   0       1.40193597
   11   2   1       2.49487793
   11   3   2       0.13348365
   12   1   0       1.34281191
   12   2   1       2.47521050
   12   3   2       0.17037860
   13   1   0       1.37399327
   13   2   1       2.48587590
   13   3   2       0.14818104
   14   1   0       1.33581759
   14   2   1       2.47895450
   14   3   2       0.17183500
   15   1   0       1.35007022
   15   2   1       2.48326369
   15   3   2       0.16623225
   16   1   0       1.35728966
   16   2   1       2.48641887
   16   3   2       0.15469249
   17   1   0       1.36433264
   17   2   1       2.47657402
   17   3   2       0.15236330
   18   1   0       1.36548148
   18   2   1       2.48856225
   18   3   2       0.15204774
   19   1   0       1.36288351
   19   2   1       2.47238812
   19   3   2       0.15910666
   20   1   0       1.36110103
   20   2   1       2.47693596
   20   3   2       0.16886483
   21   1   0       1.35685156
   21   2   1       2.48242166
   21   3   2       0.15984180
   22   1   0       1.36790226
   22   2   1       2.47740893
   22   3   2       0.16006160
   23   1   0       1.37201177
   23   2   1       2.48629036
   23   3   2       0.14930980
   24   1   0       1.36196450
   24   2   1       2.47089700
   24   3   2       0.16757097
   25   1   0       1.34762131
   25   2   1       2.47412909
   25   3   2       0.16356319
   26   1   0       1.35536024
   26   2   1       2.48094979
   26   3   2       0.16063984
   27   1   0       1.33601851
   27   2   1       2.47389084
   27   3   2       0.17129716
   28   1   0       1.35406546
   28   2   1       2.49295328
   28   3   2       0.15281327
   29   1   0       1.34250593
   29   2   1       2.48332628
   29   3   2       0.16681989
   30   1   0       1.35205135
   30   2   1       2.49058001
   30   3   2       0.15418099
   31   1   0       1.35407638
   31   2   1       2.48094989
   31   3   2       0.15832224
   32   1   0       1.38535759
   32   2   1       2.48804425
   32   3   2       0.13603297
   33   1   0       1.38718676
   33   2   1       2.49477460
   33   3   2       0.14031825
   34   1   0       1.34563721
   34   2   1       2.49286152
   34   3   2       0.16083597
   35   1   0       1.37791238
   35   2   1       2.49384295
   35   3   2       0.14303041
   36   1   0       1.36009623
   36   2   1       2.48794784
   36   3   2       0.15497604
   37   1   0       1.35981308
   37   2   1       2.48553722
   37   3   2       0.15559866
   38   1   0       1.32899435
   38   2   1       2.47233554
   38   3   2       0.18077404
   39   1   0       1.36633242
   39   2   1       2.48587770
   39   3   2       0.15270074
   40   1   0       1.34498856
   40   2   1       2.47851381
   40   3   2       0.16507869
   41   1   0       1.34912348
   41   2   1       2.48179594
   41   3   2       0.16081445
   42   1   0       1.37590768
   42   2   1       2.47468015
   42   3   2       0.15309484
   43   1   0       1.36209258
   43   2   1       2.47818945
   43   3   2       0.16573691
   44   1   0       1.36765684
   44   2   1       2.48607133
   44   3   2       0.15569226
   45   1   0       1.34639303
   45   2   1       2.47578863
   45   3   2       0.17066603
   46   1   0       1.37535424
   46   2   1       2.47351704
   46   3   2       0.15383452
   47   1   0       1.37114841
   47   2   1       2.48108497
   47   3   2       0.15240125
   48   1   0       1.36140104
   48   2   1       2.48074860
   48   3   2       0.15448433
   49   1   0       1.38514516
   49   2   1       2.48532887
   49   3   2       0.14149587
   50   1   0       1.32044506
   50   2   1       2.47578004
   50   3   2       0.18289770
   51   1   0       1.36308580
   51   2   1       2.48265934
   51   3   2       0.15513661
   52   1   0       1.35182053
   52   2   1       2.46768506
   52   3   2       0.16901388
   53   1   0       1.36750678
   53   2   1       2.48030297
   53   3   2       0.15191171
   54   1   0       1.37715887
   54   2   1       2.48723021
   54   3   2       0.15312200
   55   1   0       1.35803412
   55   2   1       2.46340576
   55   3   2       0.16710843
   56   1   0       1.39985199
   56   2   1       2.48249376
   56   3   2       0.13978792
   57   1   0       1.33794839
   57   2   1       2.48370372
   57   3   2       0.16643838
   58   1   0       1.37593588
   58   2   1       2.48137728
   58   3   2       0.14914339
   59   1   0       1.33267877
   59   2   1       2.47707394
   59   3   2       0.17576317
   60   1   0       1.37263049
   60   2   1       2.48600098
   60   3   2       0.14477185
   61   1   0       1.33720355
   61   2   1       2.47607701
   61   3   2       0.17397691
   62   1   0       1.36154827
   62   2   1       2.48813987
   62   3   2       0.14986478
   63   1   0       1.35518860
   63   2   1       2.48856467
   63   3   2       0.15192805
   64   1   0       1.33906636
   64   2   1       2.49234421
   64   3   2       0.17008246

Orbital populations (up)
 Atom Sh.   l   m       Population  Label
    1   1   0   0       1.36168146  s
    1   2   1  -1       0.82980701  p_y
    1   2   1   0       0.82848889  p_z
    1   2   1   1       0.82833493  p_x
    1   3   2  -2       0.03818479  d_xy
    1   3   2  -1       0.04052973  d_yz
    1   3   2   0       0.01924673  d_z2
    1   3   2   1       0.04174488  d_xz
    1   3   2   2       0.02039063  d_x2-y2
    2   1   0   0       1.36100601  s
    2   2   1  -1       0.83127997  p_y
    2   2   1   0       0.83463827  p_z
    2   2   1   1       0.82897442  p_x
    2   3   2  -2       0.03941765  d_xy
    2   3   2  -1       0.03443861  d_yz
    2   3   2   0       0.01658970  d_z2
    2   3   2   1       0.03586097  d_xz
    2   3   2   2       0.01787882  d_x2-y2
    3   1   0   0       1.35878716  s
    3   2   1  -1       0.82797181  p_y
    3   2   1   0       0.83209859  p_z
    3   2   1   1       0.83115877  p_x
    3   3   2  -2       0.04260725  d_xy
    3   3   2  -1       0.03996361  d_yz
    3   3   2   0       0.01944583  d_z2
    3   3   2   1       0.03842620  d_xz
    3   3   2   2       0.02086618  d_x2-y2
    4   1   0   0       1.35705121  s
    4   2   1  -1       0.82265955  p_y
    4   2   1   0       0.83382812  p_z
    4   2   1   1       0.82812321  p_x
    4   3   2  -2       0.03894574  d_xy
    4   3   2  -1       0.04224530  d_yz
    4   3   2   0       0.01848045  d_z2
    4   3   2   1       0.03785719  d_xz
    4   3   2   2       0.02107016  d_x2-y2
    5   1   0   0       1.34444512  s
    5   2   1  -1       0.82427648  p_y
    5   2   1   0       0.83470587  p_z
    5   2   1   1       0.82838329  p_x
    5   3   2  -2       0.04368804  d_xy
    5   3   2  -1       0.04212343  d_yz
    5   3   2   0       0.01963016  d_z2
    5   3   2   1       0.03516556  d_xz
    5   3   2   2       0.02092075  d_x2-y2
    6   1   0   0       1.36913633  s
    6   2   1  -1       0.82873132  p_y
    6   2   1   0       0.83019804  p_z
    6   2   1   1       0.81668423  p_x
    6   3   2  -2       0.03979330  d_xy
    6   3   2  -1       0.03832641  d_yz
    6   3   2   0       0.02030353  d_z2
    6   3   2   1       0.03746694  d_xz
    6   3   2   2       0.01905782  d_x2-y2
    7   1   0   0       1.37304467  s
    7   2   1  -1       0.82538763  p_y
    7   2   1   0       0.83134212  p_z
    7   2   1   1       0.82461054  p_x
    7   3   2  -2       0.04065714  d_xy
    7   3   2  -1       0.03564077  d_yz
    7   3   2   0       0.01807306  d_z2
    7   3   2   1       0.03698371  d_xz
    7   3   2   2       0.01841065  d_x2-y2
    8   1   0   0       1.35815592  s
    8   2   1  -1       0.82568011  p_y
    8   2   1   0       0.82363860  p_z
    8   2   1   1       0.82700592  p_x
    8   3   2  -2       0.03857482  d_xy
    8   3   2  -1       0.04099613  d_yz
    8   3   2   0       0.02051897  d_z2
    8   3   2   1       0.04231736  d_xz
    8   3   2   2       0.02042403  d_x2-y2
    9   1   0   0       1.35919583  s
    9   2   1  -1       0.82835399  p_y
    9   2   1   0       0.83252631  p_z
    9   2   1   1       0.83265700  p_x
    9   3   2  -2       0.03835902  d_xy
    9   3   2  -1       0.03977717  d_yz
    9   3   2   0       0.01991650  d_z2
    9   3   2   1       0.03743305  d_xz
    9   3   2   2       0.01811808  d_x2-y2
   10   1   0   0       1.36759306  s
   10   2   1  -1       0.82082788  p_y
   10   2   1   0       0.82003817  p_z
   10   2   1   1       0.82863963  p_x
   10   3   2  -2       0.04066436  d_xy
   10   3   2  -1       0.04038510  d_yz
   10   3   2   0       0.02215171  d_z2
   10   3   2   1       0.03992669  d_xz
   10   3   2   2       0.01930900  d_x2-y2
   11   1   0   0       1.40193597  s
   11   2   1  -1       0.83219124  p_y
   11   2   1   0       0.83195410  p_z
   11   2   1   1       0.83073260  p_x
   11   3   2  -2       0.03356117  d_xy
   11   3   2  -1       0.03349875  d_yz
   11   3   2   0       0.01504501  d_z2
   11   3   2   1       0.03615080  d_xz
   11   3   2   2       0.01522793  d_x2-y2
   12   1   0   0       1.34281191  s
   12   2   1  -1       0.82879530  p_y
   12   2   1   0       0.82755470  p_z
   12   2   1   1       0.81886050  p_x
   12   3   2  -2       0.04555605  d_xy
   12   3   2  -1       0.03901370  d_yz
   12   3   2   0       0.02244402  d_z2
   12   3   2   1       0.04119449  d_xz
   12   3   2   2       0.02217034  d_x2-y2
   13   1   0   0       1.37399327  s
   13   2   1  -1       0.83092987  p_y
   13   2   1   0       0.82421571  p_z
   13   2   1   1       0.83073031  p_x
   13   3   2  -2       0.03486300  d_xy
   13   3   2  -1       0.03629607  d_yz
   13   3   2   0       0.01795566  d_z2
   13   3   2   1       0.04079600  d_xz
   13   3   2   2       0.01827030  d_x2-y2
   14   1   0   0       1.33581759  s
   14   2   1  -1       0.82334984  p_y
   14   2   1   0       0.82918424  p_z
   14   2   1   1       0.82642043  p_x
   14   3   2  -2       0.04212340  d_xy
   14   3   2  -1       0.04387240  d_yz
   14   3   2   0       0.02121980  d_z2
   14   3   2   1       0.04115421  d_xz
   14   3   2   2       0.02346520  d_x2-y2
   15   1   0   0       1.35007022  s
   15   2   1  -1       0.82378728  p_y
   15   2   1   0       0.82979552  p_z
   15   2   1   1       0.82968090  p_x
   15   3   2  -2       0.04327925  d_xy
   15   3   2  -1       0.04128543  d_yz
   15   3   2   0       0.02106787  d_z2
   15   3   2   1       0.03978030  d_xz
   15   3   2   2       0.02081941  d_x2-y2
   16   1   0   0       1.35728966  s
   16   2   1  -1       0.82728263  p_y
   16   2   1   0       0.83066788  p_z
   16   2   1   1       0.82846836  p_x
   16   3   2  -2       0.04162434  d_xy
   16   3   2  -1       0.03720596  d_yz
   16   3   2   0       0.02103450  d_z2
   16   3   2   1       0.03736613  d_xz
   16   3   2   2       0.01746156  d_x2-y2
   17   1   0   0       1.36433264  s
   17   2   1  -1       0.82549043  p_y
   17   2   1   0       0.82745615  p_z
   17   2   1   1       0.82362744  p_x
   17   3   2  -2       0.04175075  d_xy
   17   3   2  -1       0.03537477  d_yz
   17   3   2   0       0.01903267  d_z2
   17   3   2   1       0.03813708  d_xz
   17   3   2   2       0.01806804  d_x2-y2
   18   1   0   0       1.36548148  s
   18   2   1  -1       0.82878029  p_y
   18   2   1   0       0.82505007  p_z
   18   2   1   1       0.83473189  p_x
   18   3   2  -2       0.03185276  d_xy
   18   3   2  -1       0.04095203  d_yz
   18   3   2   0       0.01829912  d_z2
   18   3   2   1       0.04158961  d_xz
   18   3   2   2       0.01935422  d_x2-y2
   19   1   0   0       1.36288351  s
   19   2   1  -1       0.81953504  p_y
   19   2   1   0       0.82852872  p_z
   19   2   1   1       0.82432436  p_x
   19   3   2  -2       0.04385409  d_xy
   19   3   2  -1       0.04131608  d_yz
   19   3   2   0       0.02119753  d_z2
   19   3   2   1       0.03410938  d_xz
   19   3   2   2       0.01862958  d_x2-y2
   20   1   0   0       1.36110103  s
   20   2   1  -1       0.82829657  p_y
   20   2   1   0       0.82167698  p_z
   20   2   1   1       0.82696241  p_x
   20   3   2  -2       0.03905593  d_xy
   20   3   2  -1       0.03953254  d_yz
   20   3   2   0       0.02071103  d_z2
   20   3   2   1       0.04711396  d_xz
   20   3   2   2       0.02245136  d_x2-y2
   21   1   0   0       1.35685156  s
   21   2   1  -1       0.83014962  p_y
   21   2   1   0       0.82506457  p_z
   21   2   1   1       0.82720748  p_x
   21   3   2  -2       0.03798461  d_xy
   21   3   2  -1       0.03893391  d_yz
   21   3   2   0       0.02050065  d_z2
   21   3   2   1       0.04196037  d_xz
   21   3   2   2       0.02046226  d_x2-y2
   22   1   0   0       1.36790226  s
   22   2   1  -1       0.82340241  p_y
   22   2   1   0       0.82788381  p_z
   22   2   1   1       0.82612271  p_x
   22   3   2  -2       0.04437279  d_xy
   22   3   2  -1       0.03381371  d_yz
   22   3   2   0       0.02058758  d_z2
   22   3   2   1       0.04065375  d_xz
   22   3   2   2       0.02063377  d_x2-y2
   23   1   0   0       1.37201177  s
   23   2   1  -1       0.82872960  p_y
   23   2   1   0       0.82942940  p_z
   23   2   1   1       0.82813136  p_x
   23   3   2  -2       0.03728729  d_xy
   23   3   2  -1       0.03691861  d_yz
   23   3   2   0       0.01763965  d_z2
   23   3   2   1       0.03905142  d_xz
   23   3   2   2       0.01841284  d_x2-y2
   24   1   0   0       1.36196450  s
   24   2   1  -1       0.82253057  p_y
   24   2   1   0       0.82586804  p_z
   24   2   1   1       0.82249839  p_x
   24   3   2  -2       0.04140042  d_xy
   24   3   2  -1       0.04291841  d_yz
   24   3   2   0       0.02063954  d_z2
   24   3   2   1       0.03971827  d_xz
   24   3   2   2       0.02289432  d_x2-y2
   25   1   0   0       1.34762131  s
   25   2   1  -1       0.82306356  p_y
   25   2   1   0       0.82368646  p_z
   25   2   1   1       0.82737907  p_x
   25   3   2  -2       0.04004136  d_xy
   25   3   2  -1       0.04254925  d_yz
   25   3   2   0       0.02094135  d_z2
   25   3   2   1       0.04021731  d_xz
   25   3   2   2       0.01981391  d_x2-y2
   26   1   0   0       1.35536024  s
   26   2   1  -1       0.82506662  p_y
   26   2   1   0       0.82464003  p_z
   26   2   1   1       0.83124314  p_x
   26   3   2  -2       0.03828547  d_xy
   26   3   2  -1       0.04530438  d_yz
   26   3   2   0       0.02049714  d_z2
   26   3   2   1       0.03668795  d_xz
   26   3   2   2       0.01986490  d_x2-y2
   27   1   0   0       1.33601851  s
   27   2   1  -1       0.82575114  p_y
   27   2   1   0       0.82116266  p_z
   27   2   1   1       0.82697704  p_x
   27   3   2  -2       0.03738867  d_xy
   27   3   2  -1       0.04073785  d_yz
   27   3   2   0       0.02268384  d_z2
   27   3   2   1       0.04792543  d_xz
   27   3   2   2       0.02256136  d_x2-y2
   28   1   0   0       1.35406546  s
   28   2   1  -1       0.83205323  p_y
   28   2   1   0       0.83024977  p_z
   28   2   1   1       0.83065028  p_x
   28   3   2  -2       0.04447096  d_xy
   28   3   2  -1       0.03577610  d_yz
   28   3   2   0       0.01942102  d_z2
   28   3   2   1       0.03563760  d_xz
   28   3   2   2       0.01750759  d_x2-y2
   29   1   0   0       1.34250593  s
   29   2   1  -1       0.83183417  p_y
   29   2   1   0       0.82432322  p_z
   29   2   1   1       0.82716890  p_x
   29   3   2  -2       0.03963449  d_xy
   29   3   2  -1       0.04464224  d_yz
   29   3   2   0       0.02191595  d_z2
   29   3   2   1       0.04007445  d_xz
   29   3   2   2       0.02055275  d_x2-y2
   30   1   0   0       1.35205135  s
   30   2   1  -1       0.83020917  p_y
   30   2   1   0       0.83344018  p_z
   30   2   1   1       0.82693066  p_x
   30   3   2  -2       0.03771350  d_xy
   30   3   2  -1       0.04144517  d_yz
   30   3   2   0       0.01851612  d_z2
   30   3   2   1       0.03640839  d_xz
   30   3   2   2       0.02009781  d_x2-y2
   31   1   0   0       1.35407638  s
   31   2   1  -1       0.83280136  p_y
   31   2   1   0       0.82025296  p_z
   31   2   1   1       0.82789558  p_x
   31   3   2  -2       0.03843475  d_xy
   31   3   2  -1       0.03901899  d_yz
   31   3   2   0       0.02049964  d_z2
   31   3   2   1       0.04191922  d_xz
   31   3   2   2       0.01844966  d_x2-y2
   32   1   0   0       1.38535759  s
   32   2   1  -1       0.82992601  p_y
   32   2   1   0       0.82767115  p_z
   32   2   1   1       0.83044708  p_x
   32   3   2  -2       0.03292679  d_xy
   32   3   2  -1       0.03429525  d_yz
   32   3   2   0       0.01807725  d_z2
   32   3   2   1       0.03618509  d_xz
   32   3   2   2       0.01454859  d_x2-y2
   33   1   0   0       1.38718676  s
   33   2   1  -1       0.83323841  p_y
   33   2   1   0       0.82913199  p_z
   33   2   1   1       0.83240420  p_x
   33   3   2  -2       0.03428372  d_xy
   33   3   2  -1       0.03629699  d_yz
   33   3   2   0       0.01728519  d_z2
   33   3   2   1       0.03730289  d_xz
   33   3   2   2       0.01514947  d_x2-y2
   34   1   0   0       1.34563721  s
   34   2   1  -1       0.83128520  p_y
   34   2   1   0       0.83297103  p_z
   34   2   1   1       0.82860528  p_x
   34   3   2  -2       0.04543899  d_xy
   34   3   2  -1       0.03752094  d_yz
   34   3   2   0       0.02022525  d_z2
   34   3   2   1       0.03774507  d_xz
   34   3   2   2       0.01990572  d_x2-y2
   35   1   0   0       1.37791238  s
   35   2   1  -1       0.83263962  p_y
   35   2   1   0       0.82799660  p_z
   35   2   1   1       0.83320674  p_x
   35   3   2  -2       0.03570212  d_xy
   35   3   2  -1       0.03737203  d_yz
   35   3   2   0       0.01674643  d_z2
   35   3   2   1       0.03624097  d_xz
   35   3   2   2       0.01696885  d_x2-y2
   36   1   0   0       1.36009623  s
   36   2   1  -1       0.83061294  p_y
   36   2   1   0       0.82531092  p_z
   36   2   1   1       0.83202398  p_x
   36   3   2  -2       0.03858309  d_xy
   36   3   2  -1       0.04293141  d_yz
   36   3   2   0       0.02014131  d_z2
   36   3   2   1       0.03519297  d_xz
   36   3   2   2       0.01812725  d_x2-y2
   37   1   0   0       1.35981308  s
   37   2   1  -1       0.82695046  p_y
   37   2   1   0       0.83244888  p_z
   37   2   1   1       0.82613789  p_x
   37   3   2  -2       0.04044936  d_xy
   37   3   2  -1       0.03954839  d_yz
   37   3   2   0       0.01995338  d_z2
   37   3   2   1       0.03684020  d_xz
   37   3   2   2       0.01880733  d_x2-y2
   38   1   0   0       1.32899435  s
   38   2   1  -1       0.82822205  p_y
   38   2   1   0       0.81681161  p_z
   38   2   1   1       0.82730188  p_x
   38   3   2  -2       0.03944673  d_xy
   38   3   2  -1       0.04791153  d_yz
   38   3   2   0       0.02540895  d_z2
   38   3   2   1       0.04483100  d_xz
   38   3   2   2       0.02317584  d_x2-y2
   39   1   0   0       1.36633242  s
   39   2   1  -1       0.82423566  p_y
   39   2   1   0       0.82972393  p_z
   39   2   1   1       0.83191811  p_x
   39   3   2  -2       0.03908631  d_xy
   39   3   2  -1       0.03880356  d_yz
   39   3   2   0       0.01809738  d_z2
   39   3   2   1       0.03748569  d_xz
   39   3   2   2       0.01922781  d_x2-y2
   40   1   0   0       1.34498856  s
   40   2   1  -1       0.82961318  p_y
   40   2   1   0       0.82269879  p_z
   40   2   1   1       0.82620184  p_x
   40   3   2  -2       0.04153579  d_xy
   40   3   2  -1       0.03799698  d_yz
   40   3   2   0       0.02194934  d_z2
   40   3   2   1       0.04384632  d_xz
   40   3   2   2       0.01975027  d_x2-y2
   41   1   0   0       1.34912348  s
   41   2   1  -1       0.82987686  p_y
   41   2   1   0       0.82642114  p_z
   41   2   1   1       0.82549793  p_x
   41   3   2  -2       0.03909183  d_xy
   41   3   2  -1       0.03646763  d_yz
   41   3   2   0       0.02170683  d_z2
   41   3   2   1       0.04291055  d_xz
   41   3   2   2       0.02063761  d_x2-y2
   42   1   0   0       1.37590768  s
   42   2   1  -1       0.82737575  p_y
   42   2   1   0       0.82642477  p_z
   42   2   1   1       0.82087963  p_x
   42   3   2  -2       0.03779620  d_xy
   42   3   2  -1       0.03646161  d_yz
   42   3   2   0       0.01768015  d_z2
   42   3   2   1       0.04108711  d_xz
   42   3   2   2       0.02006977  d_x2-y2
   43   1   0   0       1.36209258  s
   43   2   1  -1       0.82974756  p_y
   43   2   1   0       0.82623908  p_z
   43   2   1   1       0.82220281  p_x
   43   3   2  -2       0.04140068  d_xy
   43   3   2  -1       0.03940751  d_yz
   43   3   2   0       0.02036039  d_z2
   43   3   2   1       0.04312127  d_xz
   43   3   2   2       0.02144705  d_x2-y2
   44   1   0   0       1.36765684  s
   44   2   1  -1       0.82843735  p_y
   44   2   1   0       0.82924329  p_z
   44   2   1   1       0.82839069  p_x
   44   3   2  -2       0.03577118  d_xy
   44   3   2  -1       0.03904455  d_yz
   44   3   2   0       0.01998829  d_z2
   44   3   2   1       0.04156008  d_xz
   44   3   2   2       0.01932816  d_x2-y2
   45   1   0   0       1.34639303  s
   45   2   1  -1       0.82524311  p_y
   45   2   1   0       0.82353983  p_z
   45   2   1   1       0.82700570  p_x
   45   3   2  -2       0.03951368  d_xy
   45   3   2  -1       0.04288823  d_yz
   45   3   2   0       0.02177577  d_z2
   45   3   2   1       0.04428176  d_xz
   45   3   2   2       0.02220660  d_x2-y2
   46   1   0   0       1.37535424  s
   46   2   1  -1       0.83045068  p_y
   46   2   1   0       0.81933074  p_z
   46   2   1   1       0.82373563  p_x
   46   3   2  -2       0.03483641  d_xy
   46   3   2  -1       0.04056271  d_yz
   46   3   2   0       0.02015561  d_z2
   46   3   2   1       0.04025062  d_xz
   46   3   2   2       0.01802917  d_x2-y2
   47   1   0   0       1.37114841  s
   47   2   1  -1       0.83153750  p_y
   47   2   1   0       0.82373594  p_z
   47   2   1   1       0.82581153  p_x
   47   3   2  -2       0.03930256  d_xy
   47   3   2  -1       0.03729018  d_yz
   47   3   2   0       0.01846319  d_z2
   47   3   2   1       0.03879198  d_xz
   47   3   2   2       0.01855334  d_x2-y2
   48   1   0   0       1.36140104  s
   48   2   1  -1       0.82944983  p_y
   48   2   1   0       0.82606712  p_z
   48   2   1   1       0.82523165  p_x
   48   3   2  -2       0.03933707  d_xy
   48   3   2  -1       0.03800293  d_yz
   48   3   2   0       0.01947225  d_z2
   48   3   2   1       0.03732830  d_xz
   48   3   2   2       0.02034377  d_x2-y2
   49   1   0   0       1.38514516  s
   49   2   1  -1       0.82787776  p_y
   49   2   1   0       0.82685799  p_z
   49   2   1   1       0.83059311  p_x
   49   3   2  -2       0.03577946  d_xy
   49   3   2  -1       0.03491323  d_yz
   49   3   2   0       0.01710579  d_z2
   49   3   2   1       0.03780808  d_xz
   49   3   2   2       0.01588932  d_x2-y2
   50   1   0   0       1.32044506  s
   50   2   1  -1       0.82463042  p_y
   50   2   1   0       0.82530717  p_z
   50   2   1   1       0.82584245  p_x
   50   3   2  -2       0.04496706  d_xy
   50   3   2  -1       0.04223938  d_yz
   50   3   2   0       0.02567768  d_z2
   50   3   2   1       0.04622113  d_xz
   50   3   2   2       0.02379246  d_x2-y2
   51   1   0   0       1.36308580  s
   51   2   1  -1       0.82551066  p_y
   51   2   1   0       0.83155836  p_z
   51   2   1   1       0.82559033  p_x
   51   3   2  -2       0.04126144  d_xy
   51   3   2  -1       0.04019521  d_yz
   51   3   2   0       0.01828413  d_z2
   51   3   2   1       0.03579461  d_xz
   51   3   2   2       0.01960122  d_x2-y2
   52   1   0   0       1.35182053  s
   52   2   1  -1       0.82231766  p_y
   52   2   1   0       0.82150094  p_z
   52   2   1   1       0.82386646  p_x
   52   3   2  -2       0.04213519  d_xy
   52   3   2  -1       0.04191607  d_yz
   52   3   2   0       0.02334134  d_z2
   52   3   2   1       0.04019744  d_xz
   52   3   2   2       0.02142385  d_x2-y2
   53   1   0   0       1.36750678  s
   53   2   1  -1       0.82582164  p_y
   53   2   1   0       0.82795729  p_z
   53   2   1   1       0.82652404  p_x
   53   3   2  -2       0.04522729  d_xy
   53   3   2  -1       0.03798716  d_yz
   53   3   2   0       0.01877681  d_z2
   53   3   2   1       0.03214278  d_xz
   53   3   2   2       0.01777766  d_x2-y2
   54   1   0   0       1.37715887  s
   54   2   1  -1       0.82797615  p_y
   54   2   1   0       0.82933662  p_z
   54   2   1   1       0.82991743  p_x
   54   3   2  -2       0.03764146  d_xy
   54   3   2  -1       0.03617503  d_yz
   54   3   2   0       0.01869707  d_z2
   54   3   2   1       0.04179257  d_xz
   54   3   2   2       0.01881586  d_x2-y2
   55   1   0   0       1.35803412  s
   55   2   1  -1       0.82577706  p_y
   55   2   1   0       0.81837229  p_z
   55   2   1   1       0.81925641  p_x
   55   3   2  -2       0.04464378  d_xy
   55   3   2  -1       0.03823011  d_yz
   55   3   2   0       0.02188198  d_z2
   55   3   2   1       0.04063135  d_xz
   55   3   2   2       0.02172121  d_x2-y2
   56   1   0   0       1.39985199  s
   56   2   1  -1       0.82694431  p_y
   56   2   1   0       0.82782115  p_z
   56   2   1   1       0.82772830  p_x
   56   3   2  -2       0.03466849  d_xy
   56   3   2  -1       0.03775937  d_yz
   56   3   2   0       0.01625153  d_z2
   56   3   2   1       0.03423244  d_xz
   56   3   2   2       0.01687609  d_x2-y2
   57   1   0   0       1.33794839  s
   57   2   1  -1       0.82563307  p_y
   57   2   1   0       0.83057637  p_z
   57   2   1   1       0.82749427  p_x
   57   3   2  -2       0.04268258  d_xy
   57   3   2  -1       0.04302197  d_yz
   57   3   2   0       0.01986095  d_z2
   57   3   2   1       0.03838456  d_xz
   57   3   2   2       0.02248832  d_x2-y2
   58   1   0   0       1.37593588  s
   58   2   1  -1       0.82563685  p_y
   58   2   1   0       0.83255267  p_z
   58   2   1   1       0.82318776  p_x
   58   3   2  -2       0.03739673  d_xy
   58   3   2  -1       0.04042471  d_yz
   58   3   2   0       0.01701172  d_z2
   58   3   2   1       0.03584995  d_xz
   58   3   2   2       0.01846028  d_x2-y2
   59   1   0   0       1.33267877  s
   59   2   1  -1       0.82573439  p_y
   59   2   1   0       0.82792592  p_z
   59   2   1   1       0.82341363  p_x
   59   3   2  -2       0.04474478  d_xy
   59   3   2  -1       0.03935387  d_yz
   59   3   2   0       0.02395162  d_z2
   59   3   2   1       0.04450439  d_xz
   59   3   2   2       0.02320850  d_x2-y2
   60   1   0   0       1.37263049  s
   60   2   1  -1       0.82562860  p_y
   60   2   1   0       0.83053091  p_z
   60   2   1   1       0.82984147  p_x
   60   3   2  -2       0.03754221  d_xy
   60   3   2  -1       0.03519846  d_yz
   60   3   2   0       0.01672021  d_z2
   60   3   2   1       0.03825313  d_xz
   60   3   2   2       0.01705784  d_x2-y2
   61   1   0   0       1.33720355  s
   61   2   1  -1       0.82813148  p_y
   61   2   1   0       0.82431844  p_z
   61   2   1   1       0.82362710  p_x
   61   3   2  -2       0.03776090  d_xy
   61   3   2  -1       0.04064807  d_yz
   61   3   2   0       0.02220030  d_z2
   61   3   2   1       0.04993561  d_xz
   61   3   2   2       0.02343204  d_x2-y2
   62   1   0   0       1.36154827  s
   62   2   1  -1       0.82458237  p_y
   62   2   1   0       0.82993099  p_z
   62   2   1   1       0.83362651  p_x
   62   3   2  -2       0.03849053  d_xy
   62   3   2  -1       0.04241283  d_yz
   62   3   2   0       0.01856923  d_z2
   62   3   2   1       0.03275812  d_xz
   62   3   2   2       0.01763408  d_x2-y2
   63   1   0   0       1.35518860  s
   63   2   1  -1       0.83054628  p_y
   63   2   1   0       0.82840764  p_z
   63   2   1   1       0.82961076  p_x
   63   3   2  -2       0.03377417  d_xy
   63   3   2  -1       0.04105564  d_yz
   63   3   2   0       0.01848093  d_z2
   63   3   2   1       0.03995264  d_xz
   63   3   2   2       0.01866466  d_x2-y2
   64   1   0   0       1.33906636  s
   64   2   1  -1       0.82656754  p_y
   64   2   1   0       0.83984281  p_z
   64   2   1   1       0.82593385  p_x
   64   3   2  -2       0.04696244  d_xy
   64   3   2  -1       0.03825943  d_yz
   64   3   2   0       0.01937948  d_z2
   64   3   2   1       0.04096622  d_xz
   64   3   2   2       0.02451489  d_x2-y2

Fermi level:                        -0.1325303477 H           -3.6063 eV
Band energy:                       -88.1409219621 H        -2398.4365 eV
TS:                                  0.0000000000 H            0.0000 eV
Band free energy (E-TS):           -88.1409219621 H        -2398.4365 eV
Extrapolated E(0K):                -88.1409219621 H        -2398.4365 eV
Input / Output electrons (q):    256.0000000000    256.0000000000

Energy H0:                         -88.1303356440 H        -2398.1484 eV
Energy SCC:                          0.0003177023 H            0.0086 eV
Total Electronic energy:           -88.1300179417 H        -2398.1398 eV
Repulsive energy:                    0.0000000000 H            0.0000 eV
Total energy:                      -88.1300179417 H        -2398.1398 eV
Extrapolated to 0:                 -88.1300179417 H        -2398.1398 eV
Total Mermin free energy:          -88.1300179417 H        -2398.1398 eV
Force related energy:              -88.1300179417 H        -2398.1398 eV

Non-constrained calculation

SCC converged

Warning: dipole moment is not defined absolutely!
Dipole moment:   -0.17090726    0.61802031    0.18594592 au
Dipole moment:   -0.43440296    1.57085106    0.47262742 Debye


