 Fermi distribution function

Calculation with static geometry


********************************************************************************
 iSCC Total electronic   Diff electronic      SCC error    
   10   -0.88135048E+02   -0.11976908E-09    0.31905212E-05
********************************************************************************

 Total charge:    -0.00000000

 Atomic gross charges (e)
 Atom           Charge
    1       0.01438159
    2      -0.01533034
    3       0.01603989
    4       0.00525930
    5      -0.00064779
    6      -0.01726956
    7       0.01049239
    8      -0.00214254
    9       0.00047149
   10       0.00687519
   11       0.00050904
   12       0.00567641
   13       0.01154877
   14       0.00144758
   15       0.01937554
   16      -0.00447485
   17      -0.01132083
   18       0.00639780
   19      -0.02587004
   20       0.00656484
   21       0.00765588
   22       0.02484181
   23      -0.00593173
   24       0.02167077
   25      -0.02263128
   26      -0.01773503
   27       0.00690567
   28      -0.01635970
   29       0.00223797
   30      -0.01385029
   31      -0.00491886
   32      -0.00293781
   33       0.01650001
   34      -0.00835322
   35       0.02192556
   36      -0.01144266
   37      -0.00875643
   38      -0.00242059
   39       0.00054788
   40       0.00065042
   41      -0.00305938
   42       0.00402865
   43       0.02202088
   44       0.00068941
   45       0.00107283
   46       0.00366898
   47      -0.01425989
   48       0.00270829
   49      -0.02202043
   50       0.00540417
   51      -0.00883726
   52       0.01555579
   53       0.01674371
   54       0.01485858
   55      -0.00080535
   56       0.00367812
   57      -0.03465754
   58      -0.00044778
   59      -0.00497772
   60      -0.00962735
   61       0.00426732
   62       0.00555547
   63      -0.02467459
   64       0.00753285

Nr. of electrons (up):    256.00000000
Atom populations (up)
 Atom       Population
    1       3.98561841
    2       4.01533034
    3       3.98396011
    4       3.99474070
    5       4.00064779
    6       4.01726956
    7       3.98950761
    8       4.00214254
    9       3.99952851
   10       3.99312481
   11       3.99949096
   12       3.99432359
   13       3.98845123
   14       3.99855242
   15       3.98062446
   16       4.00447485
   17       4.01132083
   18       3.99360220
   19       4.02587004
   20       3.99343516
   21       3.99234412
   22       3.97515819
   23       4.00593173
   24       3.97832923
   25       4.02263128
   26       4.01773503
   27       3.99309433
   28       4.01635970
   29       3.99776203
   30       4.01385029
   31       4.00491886
   32       4.00293781
   33       3.98349999
   34       4.00835322
   35       3.97807444
   36       4.01144266
   37       4.00875643
   38       4.00242059
   39       3.99945212
   40       3.99934958
   41       4.00305938
   42       3.99597135
   43       3.97797912
   44       3.99931059
   45       3.99892717
   46       3.99633102
   47       4.01425989
   48       3.99729171
   49       4.02202043
   50       3.99459583
   51       4.00883726
   52       3.98444421
   53       3.98325629
   54       3.98514142
   55       4.00080535
   56       3.99632188
   57       4.03465754
   58       4.00044778
   59       4.00497772
   60       4.00962735
   61       3.99573268
   62       3.99444453
   63       4.02467459
   64       3.99246715

l-shell populations (up)
 Atom Sh.   l       Population
    1   1   0       1.34859118
    1   2   1       2.47052630
    1   3   2       0.16650093
    2   1   0       1.38995517
    2   2   1       2.48781198
    2   3   2       0.13756319
    3   1   0       1.32781588
    3   2   1       2.47755915
    3   3   2       0.17858507
    4   1   0       1.35030968
    4   2   1       2.48379764
    4   3   2       0.16063338
    5   1   0       1.36590648
    5   2   1       2.48049293
    5   3   2       0.15424839
    6   1   0       1.37059684
    6   2   1       2.49857352
    6   3   2       0.14809920
    7   1   0       1.35449131
    7   2   1       2.47887706
    7   3   2       0.15613924
    8   1   0       1.35888555
    8   2   1       2.48325766
    8   3   2       0.15999933
    9   1   0       1.36480304
    9   2   1       2.47359018
    9   3   2       0.16113528
   10   1   0       1.34766317
   10   2   1       2.49145147
   10   3   2       0.15401017
   11   1   0       1.37250204
   11   2   1       2.48436541
   11   3   2       0.14262350
   12   1   0       1.35616132
   12   2   1       2.47692320
   12   3   2       0.16123907
   13   1   0       1.34936275
   13   2   1       2.48319451
   13   3   2       0.15589396
   14   1   0       1.35173511
   14   2   1       2.48053910
   14   3   2       0.16627821
   15   1   0       1.33663057
   15   2   1       2.47034749
   15   3   2       0.17364640
   16   1   0       1.37507182
   16   2   1       2.48041450
   16   3   2       0.14898853
   17   1   0       1.36281062
   17   2   1       2.50316999
   17   3   2       0.14534021
   18   1   0       1.35473797
   18   2   1       2.47721893
   18   3   2       0.16164530
   19   1   0       1.39385810
   19   2   1       2.49131641
   19   3   2       0.14069553
   20   1   0       1.34357867
   20   2   1       2.48254375
   20   3   2       0.16731274
   21   1   0       1.37218427
   21   2   1       2.46341091
   21   3   2       0.15674894
   22   1   0       1.31976718
   22   2   1       2.47565885
   22   3   2       0.17973217
   23   1   0       1.35785333
   23   2   1       2.49215727
   23   3   2       0.15592113
   24   1   0       1.31343078
   24   2   1       2.48175544
   24   3   2       0.18314301
   25   1   0       1.38528387
   25   2   1       2.49244166
   25   3   2       0.14490576
   26   1   0       1.37210670
   26   2   1       2.49331066
   26   3   2       0.15231766
   27   1   0       1.35397115
   27   2   1       2.47503680
   27   3   2       0.16408638
   28   1   0       1.38314633
   28   2   1       2.48245644
   28   3   2       0.15075693
   29   1   0       1.34463120
   29   2   1       2.48211868
   29   3   2       0.17101215
   30   1   0       1.38574804
   30   2   1       2.48107475
   30   3   2       0.14702751
   31   1   0       1.37106380
   31   2   1       2.47631313
   31   3   2       0.15754193
   32   1   0       1.37092414
   32   2   1       2.48504914
   32   3   2       0.14696454
   33   1   0       1.33293448
   33   2   1       2.48319314
   33   3   2       0.16737237
   34   1   0       1.36288756
   34   2   1       2.48654039
   34   3   2       0.15892528
   35   1   0       1.33917105
   35   2   1       2.47059140
   35   3   2       0.16831198
   36   1   0       1.38604775
   36   2   1       2.48371054
   36   3   2       0.14168437
   37   1   0       1.37349566
   37   2   1       2.48528851
   37   3   2       0.14997226
   38   1   0       1.37214808
   38   2   1       2.47210540
   38   3   2       0.15816712
   39   1   0       1.36371383
   39   2   1       2.48815915
   39   3   2       0.14757914
   40   1   0       1.35705985
   40   2   1       2.48351225
   40   3   2       0.15877748
   41   1   0       1.37446113
   41   2   1       2.47556217
   41   3   2       0.15303608
   42   1   0       1.35108008
   42   2   1       2.48434949
   42   3   2       0.16054178
   43   1   0       1.31513324
   43   2   1       2.47789828
   43   3   2       0.18494761
   44   1   0       1.35203933
   44   2   1       2.48459675
   44   3   2       0.16267452
   45   1   0       1.35409026
   45   2   1       2.48189422
   45   3   2       0.16294268
   46   1   0       1.35543004
   46   2   1       2.49278642
   46   3   2       0.14811456
   47   1   0       1.37207522
   47   2   1       2.49255627
   47   3   2       0.14962841
   48   1   0       1.35185195
   48   2   1       2.49127529
   48   3   2       0.15416447
   49   1   0       1.38362326
   49   2   1       2.50047062
   49   3   2       0.13792654
   50   1   0       1.35118914
   50   2   1       2.47168816
   50   3   2       0.17171854
   51   1   0       1.36099107
   51   2   1       2.49039821
   51   3   2       0.15744799
   52   1   0       1.33874422
   52   2   1       2.46699652
   52   3   2       0.17870348
   53   1   0       1.32931512
   53   2   1       2.48242851
   53   3   2       0.17151266
   54   1   0       1.34653197
   54   2   1       2.47519021
   54   3   2       0.16341924
   55   1   0       1.35687767
   55   2   1       2.48903559
   55   3   2       0.15489210
   56   1   0       1.36146954
   56   2   1       2.48706010
   56   3   2       0.14779224
   57   1   0       1.40544798
   57   2   1       2.48480724
   57   3   2       0.14440231
   58   1   0       1.35310699
   58   2   1       2.49007191
   58   3   2       0.15726888
   59   1   0       1.35441632
   59   2   1       2.48436475
   59   3   2       0.16619666
   60   1   0       1.37438184
   60   2   1       2.49078403
   60   3   2       0.14446149
   61   1   0       1.35620410
   61   2   1       2.47729701
   61   3   2       0.16223157
   62   1   0       1.36894497
   62   2   1       2.47186851
   62   3   2       0.15363105
   63   1   0       1.40043229
   63   2   1       2.48756449
   63   3   2       0.13667782
   64   1   0       1.34990564
   64   2   1       2.47082029
   64   3   2       0.17174122

Orbital populations (up)
 Atom Sh.   l   m       Population  Label
    1   1   0   0       1.34859118  s
    1   2   1  -1       0.82694746  p_y
    1   2   1   0       0.82304114  p_z
    1   2   1   1       0.82053770  p_x
    1   3   2  -2       0.04256286  d_xy
    1   3   2  -1       0.04159235  d_yz
    1   3   2   0       0.02072063  d_z2
    1   3   2   1       0.03994069  d_xz
    1   3   2   2       0.02168439  d_x2-y2
    2   1   0   0       1.38995517  s
    2   2   1  -1       0.83081863  p_y
    2   2   1   0       0.82638820  p_z
    2   2   1   1       0.83060515  p_x
    2   3   2  -2       0.03302993  d_xy
    2   3   2  -1       0.03465280  d_yz
    2   3   2   0       0.01622123  d_z2
    2   3   2   1       0.03791253  d_xz
    2   3   2   2       0.01574671  d_x2-y2
    3   1   0   0       1.32781588  s
    3   2   1  -1       0.82355466  p_y
    3   2   1   0       0.82804518  p_z
    3   2   1   1       0.82595931  p_x
    3   3   2  -2       0.04662911  d_xy
    3   3   2  -1       0.04122042  d_yz
    3   3   2   0       0.02370663  d_z2
    3   3   2   1       0.04351862  d_xz
    3   3   2   2       0.02351028  d_x2-y2
    4   1   0   0       1.35030968  s
    4   2   1  -1       0.83171291  p_y
    4   2   1   0       0.82420122  p_z
    4   2   1   1       0.82788351  p_x
    4   3   2  -2       0.04045758  d_xy
    4   3   2  -1       0.04032446  d_yz
    4   3   2   0       0.02031967  d_z2
    4   3   2   1       0.03923746  d_xz
    4   3   2   2       0.02029420  d_x2-y2
    5   1   0   0       1.36590648  s
    5   2   1  -1       0.82722199  p_y
    5   2   1   0       0.82488402  p_z
    5   2   1   1       0.82838693  p_x
    5   3   2  -2       0.03762355  d_xy
    5   3   2  -1       0.04276241  d_yz
    5   3   2   0       0.01938840  d_z2
    5   3   2   1       0.03636093  d_xz
    5   3   2   2       0.01811310  d_x2-y2
    6   1   0   0       1.37059684  s
    6   2   1  -1       0.83072058  p_y
    6   2   1   0       0.83428853  p_z
    6   2   1   1       0.83356440  p_x
    6   3   2  -2       0.03723757  d_xy
    6   3   2  -1       0.03711626  d_yz
    6   3   2   0       0.01693099  d_z2
    6   3   2   1       0.03814513  d_xz
    6   3   2   2       0.01866926  d_x2-y2
    7   1   0   0       1.35449131  s
    7   2   1  -1       0.83299978  p_y
    7   2   1   0       0.82261832  p_z
    7   2   1   1       0.82325895  p_x
    7   3   2  -2       0.03884483  d_xy
    7   3   2  -1       0.03775228  d_yz
    7   3   2   0       0.01900453  d_z2
    7   3   2   1       0.04097226  d_xz
    7   3   2   2       0.01956533  d_x2-y2
    8   1   0   0       1.35888555  s
    8   2   1  -1       0.82647759  p_y
    8   2   1   0       0.83028613  p_z
    8   2   1   1       0.82649395  p_x
    8   3   2  -2       0.04043247  d_xy
    8   3   2  -1       0.04188739  d_yz
    8   3   2   0       0.02050417  d_z2
    8   3   2   1       0.03833714  d_xz
    8   3   2   2       0.01883816  d_x2-y2
    9   1   0   0       1.36480304  s
    9   2   1  -1       0.82014622  p_y
    9   2   1   0       0.82618327  p_z
    9   2   1   1       0.82726069  p_x
    9   3   2  -2       0.03901319  d_xy
    9   3   2  -1       0.04572015  d_yz
    9   3   2   0       0.02112377  d_z2
    9   3   2   1       0.03625055  d_xz
    9   3   2   2       0.01902763  d_x2-y2
   10   1   0   0       1.34766317  s
   10   2   1  -1       0.83231148  p_y
   10   2   1   0       0.82305833  p_z
   10   2   1   1       0.83608166  p_x
   10   3   2  -2       0.03450558  d_xy
   10   3   2  -1       0.04094358  d_yz
   10   3   2   0       0.01975085  d_z2
   10   3   2   1       0.04062257  d_xz
   10   3   2   2       0.01818759  d_x2-y2
   11   1   0   0       1.37250204  s
   11   2   1  -1       0.83015233  p_y
   11   2   1   0       0.82632171  p_z
   11   2   1   1       0.82789137  p_x
   11   3   2  -2       0.03416347  d_xy
   11   3   2  -1       0.03278442  d_yz
   11   3   2   0       0.01768176  d_z2
   11   3   2   1       0.04042570  d_xz
   11   3   2   2       0.01756815  d_x2-y2
   12   1   0   0       1.35616132  s
   12   2   1  -1       0.82764609  p_y
   12   2   1   0       0.82463574  p_z
   12   2   1   1       0.82464138  p_x
   12   3   2  -2       0.03880502  d_xy
   12   3   2  -1       0.04099005  d_yz
   12   3   2   0       0.01948934  d_z2
   12   3   2   1       0.04101210  d_xz
   12   3   2   2       0.02094255  d_x2-y2
   13   1   0   0       1.34936275  s
   13   2   1  -1       0.83197096  p_y
   13   2   1   0       0.82400097  p_z
   13   2   1   1       0.82722258  p_x
   13   3   2  -2       0.03739921  d_xy
   13   3   2  -1       0.03700195  d_yz
   13   3   2   0       0.01979407  d_z2
   13   3   2   1       0.04314357  d_xz
   13   3   2   2       0.01855516  d_x2-y2
   14   1   0   0       1.35173511  s
   14   2   1  -1       0.82567054  p_y
   14   2   1   0       0.82872439  p_z
   14   2   1   1       0.82614417  p_x
   14   3   2  -2       0.04379879  d_xy
   14   3   2  -1       0.03926229  d_yz
   14   3   2   0       0.02227835  d_z2
   14   3   2   1       0.04040504  d_xz
   14   3   2   2       0.02053373  d_x2-y2
   15   1   0   0       1.33663057  s
   15   2   1  -1       0.82399506  p_y
   15   2   1   0       0.81991497  p_z
   15   2   1   1       0.82643747  p_x
   15   3   2  -2       0.04037885  d_xy
   15   3   2  -1       0.04354226  d_yz
   15   3   2   0       0.02345560  d_z2
   15   3   2   1       0.04443743  d_xz
   15   3   2   2       0.02183226  d_x2-y2
   16   1   0   0       1.37507182  s
   16   2   1  -1       0.82688215  p_y
   16   2   1   0       0.82865602  p_z
   16   2   1   1       0.82487633  p_x
   16   3   2  -2       0.03893160  d_xy
   16   3   2  -1       0.03576784  d_yz
   16   3   2   0       0.01836477  d_z2
   16   3   2   1       0.03836051  d_xz
   16   3   2   2       0.01756383  d_x2-y2
   17   1   0   0       1.36281062  s
   17   2   1  -1       0.83469688  p_y
   17   2   1   0       0.83685079  p_z
   17   2   1   1       0.83162232  p_x
   17   3   2  -2       0.04083076  d_xy
   17   3   2  -1       0.03438720  d_yz
   17   3   2   0       0.01628304  d_z2
   17   3   2   1       0.03590757  d_xz
   17   3   2   2       0.01793164  d_x2-y2
   18   1   0   0       1.35473797  s
   18   2   1  -1       0.82777101  p_y
   18   2   1   0       0.82617708  p_z
   18   2   1   1       0.82327084  p_x
   18   3   2  -2       0.03557501  d_xy
   18   3   2  -1       0.04184758  d_yz
   18   3   2   0       0.02067467  d_z2
   18   3   2   1       0.04434334  d_xz
   18   3   2   2       0.01920469  d_x2-y2
   19   1   0   0       1.39385810  s
   19   2   1  -1       0.83217067  p_y
   19   2   1   0       0.82848602  p_z
   19   2   1   1       0.83065973  p_x
   19   3   2  -2       0.03837011  d_xy
   19   3   2  -1       0.03985996  d_yz
   19   3   2   0       0.01751314  d_z2
   19   3   2   1       0.03001504  d_xz
   19   3   2   2       0.01493728  d_x2-y2
   20   1   0   0       1.34357867  s
   20   2   1  -1       0.82997005  p_y
   20   2   1   0       0.83216251  p_z
   20   2   1   1       0.82041119  p_x
   20   3   2  -2       0.04290336  d_xy
   20   3   2  -1       0.03679093  d_yz
   20   3   2   0       0.02010296  d_z2
   20   3   2   1       0.04459619  d_xz
   20   3   2   2       0.02291929  d_x2-y2
   21   1   0   0       1.37218427  s
   21   2   1  -1       0.81961912  p_y
   21   2   1   0       0.82297619  p_z
   21   2   1   1       0.82081560  p_x
   21   3   2  -2       0.03936489  d_xy
   21   3   2  -1       0.04045008  d_yz
   21   3   2   0       0.02040466  d_z2
   21   3   2   1       0.03741787  d_xz
   21   3   2   2       0.01911144  d_x2-y2
   22   1   0   0       1.31976718  s
   22   2   1  -1       0.83054600  p_y
   22   2   1   0       0.82135508  p_z
   22   2   1   1       0.82375777  p_x
   22   3   2  -2       0.04386881  d_xy
   22   3   2  -1       0.04143180  d_yz
   22   3   2   0       0.02591752  d_z2
   22   3   2   1       0.04571486  d_xz
   22   3   2   2       0.02279918  d_x2-y2
   23   1   0   0       1.35785333  s
   23   2   1  -1       0.82354113  p_y
   23   2   1   0       0.83718345  p_z
   23   2   1   1       0.83143268  p_x
   23   3   2  -2       0.04243585  d_xy
   23   3   2  -1       0.03873601  d_yz
   23   3   2   0       0.01794848  d_z2
   23   3   2   1       0.03671712  d_xz
   23   3   2   2       0.02008367  d_x2-y2
   24   1   0   0       1.31343078  s
   24   2   1  -1       0.82847737  p_y
   24   2   1   0       0.82615192  p_z
   24   2   1   1       0.82712615  p_x
   24   3   2  -2       0.04387420  d_xy
   24   3   2  -1       0.04712545  d_yz
   24   3   2   0       0.02539737  d_z2
   24   3   2   1       0.04244458  d_xz
   24   3   2   2       0.02430140  d_x2-y2
   25   1   0   0       1.38528387  s
   25   2   1  -1       0.83150402  p_y
   25   2   1   0       0.83214748  p_z
   25   2   1   1       0.82879016  p_x
   25   3   2  -2       0.03336864  d_xy
   25   3   2  -1       0.03737763  d_yz
   25   3   2   0       0.01630040  d_z2
   25   3   2   1       0.03943054  d_xz
   25   3   2   2       0.01842854  d_x2-y2
   26   1   0   0       1.37210670  s
   26   2   1  -1       0.82918831  p_y
   26   2   1   0       0.83364470  p_z
   26   2   1   1       0.83047766  p_x
   26   3   2  -2       0.04216652  d_xy
   26   3   2  -1       0.03915897  d_yz
   26   3   2   0       0.01807831  d_z2
   26   3   2   1       0.03442654  d_xz
   26   3   2   2       0.01848732  d_x2-y2
   27   1   0   0       1.35397115  s
   27   2   1  -1       0.82849108  p_y
   27   2   1   0       0.81832890  p_z
   27   2   1   1       0.82821682  p_x
   27   3   2  -2       0.03683904  d_xy
   27   3   2  -1       0.03886095  d_yz
   27   3   2   0       0.02099075  d_z2
   27   3   2   1       0.04633181  d_xz
   27   3   2   2       0.02106383  d_x2-y2
   28   1   0   0       1.38314633  s
   28   2   1  -1       0.82803837  p_y
   28   2   1   0       0.82798996  p_z
   28   2   1   1       0.82642810  p_x
   28   3   2  -2       0.04558488  d_xy
   28   3   2  -1       0.03528251  d_yz
   28   3   2   0       0.01977544  d_z2
   28   3   2   1       0.03377083  d_xz
   28   3   2   2       0.01634328  d_x2-y2
   29   1   0   0       1.34463120  s
   29   2   1  -1       0.82294759  p_y
   29   2   1   0       0.83285765  p_z
   29   2   1   1       0.82631345  p_x
   29   3   2  -2       0.04566256  d_xy
   29   3   2  -1       0.04137616  d_yz
   29   3   2   0       0.02096515  d_z2
   29   3   2   1       0.03999981  d_xz
   29   3   2   2       0.02300847  d_x2-y2
   30   1   0   0       1.38574804  s
   30   2   1  -1       0.82528650  p_y
   30   2   1   0       0.82963637  p_z
   30   2   1   1       0.82615188  p_x
   30   3   2  -2       0.03912545  d_xy
   30   3   2  -1       0.03811070  d_yz
   30   3   2   0       0.01747502  d_z2
   30   3   2   1       0.03501055  d_xz
   30   3   2   2       0.01730579  d_x2-y2
   31   1   0   0       1.37106380  s
   31   2   1  -1       0.82709756  p_y
   31   2   1   0       0.82665699  p_z
   31   2   1   1       0.82255858  p_x
   31   3   2  -2       0.04043559  d_xy
   31   3   2  -1       0.03663035  d_yz
   31   3   2   0       0.01982991  d_z2
   31   3   2   1       0.04153959  d_xz
   31   3   2   2       0.01910648  d_x2-y2
   32   1   0   0       1.37092414  s
   32   2   1  -1       0.83171449  p_y
   32   2   1   0       0.82129832  p_z
   32   2   1   1       0.83203633  p_x
   32   3   2  -2       0.03328218  d_xy
   32   3   2  -1       0.03518576  d_yz
   32   3   2   0       0.01879185  d_z2
   32   3   2   1       0.04311454  d_xz
   32   3   2   2       0.01659022  d_x2-y2
   33   1   0   0       1.33293448  s
   33   2   1  -1       0.82662605  p_y
   33   2   1   0       0.83304914  p_z
   33   2   1   1       0.82351795  p_x
   33   3   2  -2       0.04512609  d_xy
   33   3   2  -1       0.04006819  d_yz
   33   3   2   0       0.02080477  d_z2
   33   3   2   1       0.03921304  d_xz
   33   3   2   2       0.02216028  d_x2-y2
   34   1   0   0       1.36288756  s
   34   2   1  -1       0.82859084  p_y
   34   2   1   0       0.83065518  p_z
   34   2   1   1       0.82729436  p_x
   34   3   2  -2       0.04295349  d_xy
   34   3   2  -1       0.03645230  d_yz
   34   3   2   0       0.01952211  d_z2
   34   3   2   1       0.03993025  d_xz
   34   3   2   2       0.02006713  d_x2-y2
   35   1   0   0       1.33917105  s
   35   2   1  -1       0.82320649  p_y
   35   2   1   0       0.82618533  p_z
   35   2   1   1       0.82119958  p_x
   35   3   2  -2       0.04021544  d_xy
   35   3   2  -1       0.04245845  d_yz
   35   3   2   0       0.01997085  d_z2
   35   3   2   1       0.04241865  d_xz
   35   3   2   2       0.02324859  d_x2-y2
   36   1   0   0       1.38604775  s
   36   2   1  -1       0.83091228  p_y
   36   2   1   0       0.82432550  p_z
   36   2   1   1       0.82847276  p_x
   36   3   2  -2       0.03456237  d_xy
   36   3   2  -1       0.03825907  d_yz
   36   3   2   0       0.01739156  d_z2
   36   3   2   1       0.03542722  d_xz
   36   3   2   2       0.01604415  d_x2-y2
   37   1   0   0       1.37349566  s
   37   2   1  -1       0.82880670  p_y
   37   2   1   0       0.83074064  p_z
   37   2   1   1       0.82574117  p_x
   37   3   2  -2       0.04002083  d_xy
   37   3   2  -1       0.03720259  d_yz
   37   3   2   0       0.01827452  d_z2
   37   3   2   1       0.03677385  d_xz
   37   3   2   2       0.01770047  d_x2-y2
   38   1   0   0       1.37214808  s
   38   2   1  -1       0.82102804  p_y
   38   2   1   0       0.82691819  p_z
   38   2   1   1       0.82415916  p_x
   38   3   2  -2       0.03633105  d_xy
   38   3   2  -1       0.04291016  d_yz
   38   3   2   0       0.01801342  d_z2
   38   3   2   1       0.03985107  d_xz
   38   3   2   2       0.02106142  d_x2-y2
   39   1   0   0       1.36371383  s
   39   2   1  -1       0.83100641  p_y
   39   2   1   0       0.82928251  p_z
   39   2   1   1       0.82787023  p_x
   39   3   2  -2       0.03777452  d_xy
   39   3   2  -1       0.03588777  d_yz
   39   3   2   0       0.01820081  d_z2
   39   3   2   1       0.03794223  d_xz
   39   3   2   2       0.01777381  d_x2-y2
   40   1   0   0       1.35705985  s
   40   2   1  -1       0.82538246  p_y
   40   2   1   0       0.83236275  p_z
   40   2   1   1       0.82576704  p_x
   40   3   2  -2       0.04764710  d_xy
   40   3   2  -1       0.03123469  d_yz
   40   3   2   0       0.01929870  d_z2
   40   3   2   1       0.04040147  d_xz
   40   3   2   2       0.02019552  d_x2-y2
   41   1   0   0       1.37446113  s
   41   2   1  -1       0.82527909  p_y
   41   2   1   0       0.82339441  p_z
   41   2   1   1       0.82688867  p_x
   41   3   2  -2       0.03665440  d_xy
   41   3   2  -1       0.04151113  d_yz
   41   3   2   0       0.01893366  d_z2
   41   3   2   1       0.03784205  d_xz
   41   3   2   2       0.01809484  d_x2-y2
   42   1   0   0       1.35108008  s
   42   2   1  -1       0.82728006  p_y
   42   2   1   0       0.83073887  p_z
   42   2   1   1       0.82633057  p_x
   42   3   2  -2       0.04207956  d_xy
   42   3   2  -1       0.03783028  d_yz
   42   3   2   0       0.01986580  d_z2
   42   3   2   1       0.04059745  d_xz
   42   3   2   2       0.02016869  d_x2-y2
   43   1   0   0       1.31513324  s
   43   2   1  -1       0.82117377  p_y
   43   2   1   0       0.83117390  p_z
   43   2   1   1       0.82555061  p_x
   43   3   2  -2       0.04905208  d_xy
   43   3   2  -1       0.04098040  d_yz
   43   3   2   0       0.02361223  d_z2
   43   3   2   1       0.04447208  d_xz
   43   3   2   2       0.02683083  d_x2-y2
   44   1   0   0       1.35203933  s
   44   2   1  -1       0.82963069  p_y
   44   2   1   0       0.82114524  p_z
   44   2   1   1       0.83382081  p_x
   44   3   2  -2       0.03685358  d_xy
   44   3   2  -1       0.04373941  d_yz
   44   3   2   0       0.02166972  d_z2
   44   3   2   1       0.04079469  d_xz
   44   3   2   2       0.01961713  d_x2-y2
   45   1   0   0       1.35409026  s
   45   2   1  -1       0.83033708  p_y
   45   2   1   0       0.82307780  p_z
   45   2   1   1       0.82847935  p_x
   45   3   2  -2       0.03778905  d_xy
   45   3   2  -1       0.04173641  d_yz
   45   3   2   0       0.02150296  d_z2
   45   3   2   1       0.04195164  d_xz
   45   3   2   2       0.01996261  d_x2-y2
   46   1   0   0       1.35543004  s
   46   2   1  -1       0.82564539  p_y
   46   2   1   0       0.83633589  p_z
   46   2   1   1       0.83080514  p_x
   46   3   2  -2       0.03860409  d_xy
   46   3   2  -1       0.04059694  d_yz
   46   3   2   0       0.01721459  d_z2
   46   3   2   1       0.03358222  d_xz
   46   3   2   2       0.01811673  d_x2-y2
   47   1   0   0       1.37207522  s
   47   2   1  -1       0.83500135  p_y
   47   2   1   0       0.83345197  p_z
   47   2   1   1       0.82410295  p_x
   47   3   2  -2       0.03669523  d_xy
   47   3   2  -1       0.03604636  d_yz
   47   3   2   0       0.01856208  d_z2
   47   3   2   1       0.04001672  d_xz
   47   3   2   2       0.01830801  d_x2-y2
   48   1   0   0       1.35185195  s
   48   2   1  -1       0.82826861  p_y
   48   2   1   0       0.83443296  p_z
   48   2   1   1       0.82857373  p_x
   48   3   2  -2       0.04177991  d_xy
   48   3   2  -1       0.03764043  d_yz
   48   3   2   0       0.01760270  d_z2
   48   3   2   1       0.03627112  d_xz
   48   3   2   2       0.02087031  d_x2-y2
   49   1   0   0       1.38362326  s
   49   2   1  -1       0.83663205  p_y
   49   2   1   0       0.82891212  p_z
   49   2   1   1       0.83492645  p_x
   49   3   2  -2       0.03156748  d_xy
   49   3   2  -1       0.03551744  d_yz
   49   3   2   0       0.01655176  d_z2
   49   3   2   1       0.03873592  d_xz
   49   3   2   2       0.01555394  d_x2-y2
   50   1   0   0       1.35118914  s
   50   2   1  -1       0.82638640  p_y
   50   2   1   0       0.82085286  p_z
   50   2   1   1       0.82444889  p_x
   50   3   2  -2       0.04109875  d_xy
   50   3   2  -1       0.04289490  d_yz
   50   3   2   0       0.02267822  d_z2
   50   3   2   1       0.04379729  d_xz
   50   3   2   2       0.02124939  d_x2-y2
   51   1   0   0       1.36099107  s
   51   2   1  -1       0.82759417  p_y
   51   2   1   0       0.83025662  p_z
   51   2   1   1       0.83254742  p_x
   51   3   2  -2       0.03828966  d_xy
   51   3   2  -1       0.04306838  d_yz
   51   3   2   0       0.01897142  d_z2
   51   3   2   1       0.03790713  d_xz
   51   3   2   2       0.01921139  d_x2-y2
   52   1   0   0       1.33874422  s
   52   2   1  -1       0.81922131  p_y
   52   2   1   0       0.82340341  p_z
   52   2   1   1       0.82437180  p_x
   52   3   2  -2       0.04774393  d_xy
   52   3   2  -1       0.04191007  d_yz
   52   3   2   0       0.02560406  d_z2
   52   3   2   1       0.04089067  d_xz
   52   3   2   2       0.02255475  d_x2-y2
   53   1   0   0       1.32931512  s
   53   2   1  -1       0.81946770  p_y
   53   2   1   0       0.83127383  p_z
   53   2   1   1       0.83168698  p_x
   53   3   2  -2       0.04540027  d_xy
   53   3   2  -1       0.04309061  d_yz
   53   3   2   0       0.02142192  d_z2
   53   3   2   1       0.03699943  d_xz
   53   3   2   2       0.02460042  d_x2-y2
   54   1   0   0       1.34653197  s
   54   2   1  -1       0.83374052  p_y
   54   2   1   0       0.81198572  p_z
   54   2   1   1       0.82946397  p_x
   54   3   2  -2       0.03563667  d_xy
   54   3   2  -1       0.03789123  d_yz
   54   3   2   0       0.02278666  d_z2
   54   3   2   1       0.04830548  d_xz
   54   3   2   2       0.01879920  d_x2-y2
   55   1   0   0       1.35687767  s
   55   2   1  -1       0.82306609  p_y
   55   2   1   0       0.83655316  p_z
   55   2   1   1       0.82941633  p_x
   55   3   2  -2       0.04016863  d_xy
   55   3   2  -1       0.03923674  d_yz
   55   3   2   0       0.01771272  d_z2
   55   3   2   1       0.03654019  d_xz
   55   3   2   2       0.02123382  d_x2-y2
   56   1   0   0       1.36146954  s
   56   2   1  -1       0.83027446  p_y
   56   2   1   0       0.82436283  p_z
   56   2   1   1       0.83242281  p_x
   56   3   2  -2       0.03325217  d_xy
   56   3   2  -1       0.04382410  d_yz
   56   3   2   0       0.01922726  d_z2
   56   3   2   1       0.03547757  d_xz
   56   3   2   2       0.01601114  d_x2-y2
   57   1   0   0       1.40544798  s
   57   2   1  -1       0.83370365  p_y
   57   2   1   0       0.82390906  p_z
   57   2   1   1       0.82719453  p_x
   57   3   2  -2       0.03479862  d_xy
   57   3   2  -1       0.03900822  d_yz
   57   3   2   0       0.01672917  d_z2
   57   3   2   1       0.03664756  d_xz
   57   3   2   2       0.01721874  d_x2-y2
   58   1   0   0       1.35310699  s
   58   2   1  -1       0.83065197  p_y
   58   2   1   0       0.83089527  p_z
   58   2   1   1       0.82852467  p_x
   58   3   2  -2       0.03911510  d_xy
   58   3   2  -1       0.04128807  d_yz
   58   3   2   0       0.01985709  d_z2
   58   3   2   1       0.03736859  d_xz
   58   3   2   2       0.01964004  d_x2-y2
   59   1   0   0       1.35441632  s
   59   2   1  -1       0.83150293  p_y
   59   2   1   0       0.82757658  p_z
   59   2   1   1       0.82528524  p_x
   59   3   2  -2       0.04312629  d_xy
   59   3   2  -1       0.03778103  d_yz
   59   3   2   0       0.01926998  d_z2
   59   3   2   1       0.04397800  d_xz
   59   3   2   2       0.02204136  d_x2-y2
   60   1   0   0       1.37438184  s
   60   2   1  -1       0.82809310  p_y
   60   2   1   0       0.83292273  p_z
   60   2   1   1       0.82976819  p_x
   60   3   2  -2       0.03744550  d_xy
   60   3   2  -1       0.03637102  d_yz
   60   3   2   0       0.01693283  d_z2
   60   3   2   1       0.03676454  d_xz
   60   3   2   2       0.01694761  d_x2-y2
   61   1   0   0       1.35620410  s
   61   2   1  -1       0.82650812  p_y
   61   2   1   0       0.82605422  p_z
   61   2   1   1       0.82473467  p_x
   61   3   2  -2       0.04138198  d_xy
   61   3   2  -1       0.03633722  d_yz
   61   3   2   0       0.02054312  d_z2
   61   3   2   1       0.04433159  d_xz
   61   3   2   2       0.01963765  d_x2-y2
   62   1   0   0       1.36894497  s
   62   2   1  -1       0.82371590  p_y
   62   2   1   0       0.82128244  p_z
   62   2   1   1       0.82687017  p_x
   62   3   2  -2       0.04044013  d_xy
   62   3   2  -1       0.04048488  d_yz
   62   3   2   0       0.01990535  d_z2
   62   3   2   1       0.03465133  d_xz
   62   3   2   2       0.01814937  d_x2-y2
   63   1   0   0       1.40043229  s
   63   2   1  -1       0.83315918  p_y
   63   2   1   0       0.82295168  p_z
   63   2   1   1       0.83145362  p_x
   63   3   2  -2       0.03019892  d_xy
   63   3   2  -1       0.03655491  d_yz
   63   3   2   0       0.01638972  d_z2
   63   3   2   1       0.03873977  d_xz
   63   3   2   2       0.01479450  d_x2-y2
   64   1   0   0       1.34990564  s
   64   2   1  -1       0.82442861  p_y
   64   2   1   0       0.82769389  p_z
   64   2   1   1       0.81869779  p_x
   64   3   2  -2       0.04572859  d_xy
   64   3   2  -1       0.03633839  d_yz
   64   3   2   0       0.02113674  d_z2
   64   3   2   1       0.04585840  d_xz
   64   3   2   2       0.02267911  d_x2-y2

Fermi level:                        -0.1336616365 H           -3.6371 eV
Band energy:                       -88.1526416538 H        -2398.7554 eV
TS:                                  0.0000000000 H            0.0000 eV
Band free energy (E-TS):           -88.1526416538 H        -2398.7554 eV
Extrapolated E(0K):                -88.1526416538 H        -2398.7554 eV
Input / Output electrons (q):    256.0000000000    256.0000000000

Energy H0:                         -88.1355643517 H        -2398.2907 eV
Energy SCC:                          0.0005159555 H            0.0140 eV
Total Electronic energy:           -88.1350483962 H        -2398.2767 eV
Repulsive energy:                    0.0000000000 H            0.0000 eV
Total energy:                      -88.1350483962 H        -2398.2767 eV
Extrapolated to 0:                 -88.1350483962 H        -2398.2767 eV
Total Mermin free energy:          -88.1350483962 H        -2398.2767 eV
Force related energy:              -88.1350483962 H        -2398.2767 eV

Non-constrained calculation

SCC converged

Warning: dipole moment is not defined absolutely!
Dipole moment:    0.34995261   -0.62972573   -0.35861633 au
Dipole moment:    0.88949089   -1.60060328   -0.91151186 Debye


