 Fermi distribution function

Calculation with static geometry


********************************************************************************
 iSCC Total electronic   Diff electronic      SCC error    
    9   -0.88161444E+02   -0.55761973E-09    0.72186934E-05
********************************************************************************

 Total charge:    -0.00000000

 Atomic gross charges (e)
 Atom           Charge
    1      -0.00899150
    2       0.00866369
    3      -0.01172493
    4       0.01026775
    5       0.00188488
    6      -0.01653133
    7       0.00224266
    8      -0.00969972
    9      -0.00255062
   10       0.00019053
   11       0.00085432
   12      -0.00037305
   13       0.00525906
   14       0.00236860
   15      -0.00827036
   16       0.01000764
   17       0.00908494
   18       0.00523282
   19      -0.00547426
   20      -0.01115387
   21      -0.00431603
   22      -0.00161037
   23       0.00688629
   24      -0.00078632
   25       0.00864089
   26      -0.00016036
   27       0.01538720
   28      -0.00062131
   29      -0.00966966
   30      -0.00031830
   31       0.00005864
   32       0.00971562
   33       0.00092728
   34      -0.00213373
   35       0.00858853
   36       0.01061871
   37       0.00524435
   38       0.00272898
   39       0.00546784
   40      -0.00563930
   41       0.00267601
   42      -0.00480563
   43      -0.01836753
   44      -0.01431309
   45      -0.02229796
   46       0.00627440
   47      -0.01613660
   48       0.01273919
   49       0.00548206
   50       0.00209224
   51       0.01382569
   52       0.00432506
   53       0.00487635
   54       0.01374439
   55      -0.00018179
   56       0.00411215
   57       0.00275994
   58      -0.00514832
   59      -0.01298457
   60       0.00592397
   61       0.00300279
   62      -0.00749505
   63       0.00478322
   64      -0.01518313

Nr. of electrons (up):    256.00000000
Atom populations (up)
 Atom       Population
    1       4.00899150
    2       3.99133631
    3       4.01172493
    4       3.98973225
    5       3.99811512
    6       4.01653133
    7       3.99775734
    8       4.00969972
    9       4.00255062
   10       3.99980947
   11       3.99914568
   12       4.00037305
   13       3.99474094
   14       3.99763140
   15       4.00827036
   16       3.98999236
   17       3.99091506
   18       3.99476718
   19       4.00547426
   20       4.01115387
   21       4.00431603
   22       4.00161037
   23       3.99311371
   24       4.00078632
   25       3.99135911
   26       4.00016036
   27       3.98461280
   28       4.00062131
   29       4.00966966
   30       4.00031830
   31       3.99994136
   32       3.99028438
   33       3.99907272
   34       4.00213373
   35       3.99141147
   36       3.98938129
   37       3.99475565
   38       3.99727102
   39       3.99453216
   40       4.00563930
   41       3.99732399
   42       4.00480563
   43       4.01836753
   44       4.01431309
   45       4.02229796
   46       3.99372560
   47       4.01613660
   48       3.98726081
   49       3.99451794
   50       3.99790776
   51       3.98617431
   52       3.99567494
   53       3.99512365
   54       3.98625561
   55       4.00018179
   56       3.99588785
   57       3.99724006
   58       4.00514832
   59       4.01298457
   60       3.99407603
   61       3.99699721
   62       4.00749505
   63       3.99521678
   64       4.01518313

l-shell populations (up)
 Atom Sh.   l       Population
    1   1   0       1.37006469
    1   2   1       2.49178193
    1   3   2       0.14714488
    2   1   0       1.33049726
    2   2   1       2.48690728
    2   3   2       0.17393177
    3   1   0       1.37308912
    3   2   1       2.50137594
    3   3   2       0.13725987
    4   1   0       1.34009229
    4   2   1       2.48452893
    4   3   2       0.16511102
    5   1   0       1.35132700
    5   2   1       2.48604385
    5   3   2       0.16074426
    6   1   0       1.38052484
    6   2   1       2.49076014
    6   3   2       0.14524635
    7   1   0       1.36230833
    7   2   1       2.47355120
    7   3   2       0.16189781
    8   1   0       1.37691248
    8   2   1       2.48495945
    8   3   2       0.14782778
    9   1   0       1.36460260
    9   2   1       2.47976950
    9   3   2       0.15817852
   10   1   0       1.36866460
   10   2   1       2.47653387
   10   3   2       0.15461100
   11   1   0       1.35000900
   11   2   1       2.47355190
   11   3   2       0.17558478
   12   1   0       1.36618084
   12   2   1       2.48430263
   12   3   2       0.14988958
   13   1   0       1.35183935
   13   2   1       2.47993886
   13   3   2       0.16296273
   14   1   0       1.35485095
   14   2   1       2.48210360
   14   3   2       0.16067685
   15   1   0       1.37508169
   15   2   1       2.49175024
   15   3   2       0.14143844
   16   1   0       1.34225516
   16   2   1       2.48139773
   16   3   2       0.16633947
   17   1   0       1.34344119
   17   2   1       2.47742046
   17   3   2       0.17005341
   18   1   0       1.35152476
   18   2   1       2.48043893
   18   3   2       0.16280349
   19   1   0       1.36643857
   19   2   1       2.49176333
   19   3   2       0.14727236
   20   1   0       1.37862121
   20   2   1       2.48941414
   20   3   2       0.14311852
   21   1   0       1.36916227
   21   2   1       2.48117457
   21   3   2       0.15397919
   22   1   0       1.36876113
   22   2   1       2.48447928
   22   3   2       0.14836996
   23   1   0       1.34339219
   23   2   1       2.47752328
   23   3   2       0.17219824
   24   1   0       1.36204035
   24   2   1       2.48992869
   24   3   2       0.14881728
   25   1   0       1.35202350
   25   2   1       2.47824475
   25   3   2       0.16109087
   26   1   0       1.36229058
   26   2   1       2.47854237
   26   3   2       0.15932741
   27   1   0       1.33581811
   27   2   1       2.47864328
   27   3   2       0.17015140
   28   1   0       1.35227576
   28   2   1       2.48598144
   28   3   2       0.16236410
   29   1   0       1.38373114
   29   2   1       2.48317598
   29   3   2       0.14276254
   30   1   0       1.35800692
   30   2   1       2.48311185
   30   3   2       0.15919953
   31   1   0       1.35732110
   31   2   1       2.49171036
   31   3   2       0.15090990
   32   1   0       1.33591811
   32   2   1       2.48019859
   32   3   2       0.17416768
   33   1   0       1.36236331
   33   2   1       2.48569452
   33   3   2       0.15101489
   34   1   0       1.35859615
   34   2   1       2.49187612
   34   3   2       0.15166147
   35   1   0       1.34394251
   35   2   1       2.48324150
   35   3   2       0.16422746
   36   1   0       1.33743530
   36   2   1       2.48444386
   36   3   2       0.16750214
   37   1   0       1.34132216
   37   2   1       2.48263045
   37   3   2       0.17080304
   38   1   0       1.36443020
   38   2   1       2.48564771
   38   3   2       0.14719312
   39   1   0       1.34245756
   39   2   1       2.47358382
   39   3   2       0.17849077
   40   1   0       1.37145996
   40   2   1       2.48460452
   40   3   2       0.14957482
   41   1   0       1.35503684
   41   2   1       2.48176208
   41   3   2       0.16052507
   42   1   0       1.35854901
   42   2   1       2.48118916
   42   3   2       0.16506745
   43   1   0       1.39371758
   43   2   1       2.48699327
   43   3   2       0.13765669
   44   1   0       1.38044576
   44   2   1       2.48672683
   44   3   2       0.14714050
   45   1   0       1.38474740
   45   2   1       2.49950551
   45   3   2       0.13804504
   46   1   0       1.34766772
   46   2   1       2.48299603
   46   3   2       0.16306184
   47   1   0       1.37647472
   47   2   1       2.49046015
   47   3   2       0.14920173
   48   1   0       1.32697897
   48   2   1       2.48162862
   48   3   2       0.17865321
   49   1   0       1.34727437
   49   2   1       2.47727982
   49   3   2       0.16996374
   50   1   0       1.36696535
   50   2   1       2.48460988
   50   3   2       0.14633252
   51   1   0       1.33333646
   51   2   1       2.47453746
   51   3   2       0.17830038
   52   1   0       1.35770030
   52   2   1       2.48198871
   52   3   2       0.15598593
   53   1   0       1.35786877
   53   2   1       2.48093701
   53   3   2       0.15631786
   54   1   0       1.35103823
   54   2   1       2.46467236
   54   3   2       0.17054502
   55   1   0       1.36160314
   55   2   1       2.48343887
   55   3   2       0.15513978
   56   1   0       1.34870943
   56   2   1       2.47974587
   56   3   2       0.16743256
   57   1   0       1.36007337
   57   2   1       2.48020259
   57   3   2       0.15696410
   58   1   0       1.36482505
   58   2   1       2.48479230
   58   3   2       0.15553097
   59   1   0       1.38652846
   59   2   1       2.49073457
   59   3   2       0.13572154
   60   1   0       1.35092185
   60   2   1       2.48465052
   60   3   2       0.15850367
   61   1   0       1.35619068
   61   2   1       2.48536079
   61   3   2       0.15544575
   62   1   0       1.37389400
   62   2   1       2.47995768
   62   3   2       0.15364337
   63   1   0       1.34399231
   63   2   1       2.48679929
   63   3   2       0.16442518
   64   1   0       1.37617153
   64   2   1       2.49888826
   64   3   2       0.14012334

Orbital populations (up)
 Atom Sh.   l   m       Population  Label
    1   1   0   0       1.37006469  s
    1   2   1  -1       0.83052119  p_y
    1   2   1   0       0.83219682  p_z
    1   2   1   1       0.82906391  p_x
    1   3   2  -2       0.03557887  d_xy
    1   3   2  -1       0.03903720  d_yz
    1   3   2   0       0.01697109  d_z2
    1   3   2   1       0.03737098  d_xz
    1   3   2   2       0.01818673  d_x2-y2
    2   1   0   0       1.33049726  s
    2   2   1  -1       0.82688327  p_y
    2   2   1   0       0.82994946  p_z
    2   2   1   1       0.83007456  p_x
    2   3   2  -2       0.04409788  d_xy
    2   3   2  -1       0.04240197  d_yz
    2   3   2   0       0.02253674  d_z2
    2   3   2   1       0.04217801  d_xz
    2   3   2   2       0.02271717  d_x2-y2
    3   1   0   0       1.37308912  s
    3   2   1  -1       0.83268480  p_y
    3   2   1   0       0.83708375  p_z
    3   2   1   1       0.83160739  p_x
    3   3   2  -2       0.03483441  d_xy
    3   3   2  -1       0.03480255  d_yz
    3   3   2   0       0.01618597  d_z2
    3   3   2   1       0.03497582  d_xz
    3   3   2   2       0.01646112  d_x2-y2
    4   1   0   0       1.34009229  s
    4   2   1  -1       0.82830752  p_y
    4   2   1   0       0.82802565  p_z
    4   2   1   1       0.82819576  p_x
    4   3   2  -2       0.03763301  d_xy
    4   3   2  -1       0.04194854  d_yz
    4   3   2   0       0.02105830  d_z2
    4   3   2   1       0.04261943  d_xz
    4   3   2   2       0.02185175  d_x2-y2
    5   1   0   0       1.35132700  s
    5   2   1  -1       0.83218343  p_y
    5   2   1   0       0.82850012  p_z
    5   2   1   1       0.82536031  p_x
    5   3   2  -2       0.03912168  d_xy
    5   3   2  -1       0.03791018  d_yz
    5   3   2   0       0.01914950  d_z2
    5   3   2   1       0.04350899  d_xz
    5   3   2   2       0.02105392  d_x2-y2
    6   1   0   0       1.38052484  s
    6   2   1  -1       0.82669212  p_y
    6   2   1   0       0.83291397  p_z
    6   2   1   1       0.83115405  p_x
    6   3   2  -2       0.03909747  d_xy
    6   3   2  -1       0.03763120  d_yz
    6   3   2   0       0.01743821  d_z2
    6   3   2   1       0.03355752  d_xz
    6   3   2   2       0.01752195  d_x2-y2
    7   1   0   0       1.36230833  s
    7   2   1  -1       0.82619370  p_y
    7   2   1   0       0.82596132  p_z
    7   2   1   1       0.82139618  p_x
    7   3   2  -2       0.03810499  d_xy
    7   3   2  -1       0.04130936  d_yz
    7   3   2   0       0.01953472  d_z2
    7   3   2   1       0.04173139  d_xz
    7   3   2   2       0.02121735  d_x2-y2
    8   1   0   0       1.37691248  s
    8   2   1  -1       0.82825797  p_y
    8   2   1   0       0.82752329  p_z
    8   2   1   1       0.82917819  p_x
    8   3   2  -2       0.03866483  d_xy
    8   3   2  -1       0.03805131  d_yz
    8   3   2   0       0.01801786  d_z2
    8   3   2   1       0.03621675  d_xz
    8   3   2   2       0.01687704  d_x2-y2
    9   1   0   0       1.36460260  s
    9   2   1  -1       0.82666771  p_y
    9   2   1   0       0.82771328  p_z
    9   2   1   1       0.82538851  p_x
    9   3   2  -2       0.04288183  d_xy
    9   3   2  -1       0.03660036  d_yz
    9   3   2   0       0.01985179  d_z2
    9   3   2   1       0.03878282  d_xz
    9   3   2   2       0.02006172  d_x2-y2
   10   1   0   0       1.36866460  s
   10   2   1  -1       0.82569708  p_y
   10   2   1   0       0.82392667  p_z
   10   2   1   1       0.82691012  p_x
   10   3   2  -2       0.03990453  d_xy
   10   3   2  -1       0.03635810  d_yz
   10   3   2   0       0.01967152  d_z2
   10   3   2   1       0.04050421  d_xz
   10   3   2   2       0.01817264  d_x2-y2
   11   1   0   0       1.35000900  s
   11   2   1  -1       0.82653716  p_y
   11   2   1   0       0.82237298  p_z
   11   2   1   1       0.82464176  p_x
   11   3   2  -2       0.04159591  d_xy
   11   3   2  -1       0.04246952  d_yz
   11   3   2   0       0.02238293  d_z2
   11   3   2   1       0.04596326  d_xz
   11   3   2   2       0.02317316  d_x2-y2
   12   1   0   0       1.36618084  s
   12   2   1  -1       0.83069501  p_y
   12   2   1   0       0.82893954  p_z
   12   2   1   1       0.82466809  p_x
   12   3   2  -2       0.03828164  d_xy
   12   3   2  -1       0.03841077  d_yz
   12   3   2   0       0.01809858  d_z2
   12   3   2   1       0.03701040  d_xz
   12   3   2   2       0.01808820  d_x2-y2
   13   1   0   0       1.35183935  s
   13   2   1  -1       0.82591987  p_y
   13   2   1   0       0.82787520  p_z
   13   2   1   1       0.82614379  p_x
   13   3   2  -2       0.04090869  d_xy
   13   3   2  -1       0.04274824  d_yz
   13   3   2   0       0.02079864  d_z2
   13   3   2   1       0.03857459  d_xz
   13   3   2   2       0.01993257  d_x2-y2
   14   1   0   0       1.35485095  s
   14   2   1  -1       0.82583289  p_y
   14   2   1   0       0.82918403  p_z
   14   2   1   1       0.82708668  p_x
   14   3   2  -2       0.03766707  d_xy
   14   3   2  -1       0.04037220  d_yz
   14   3   2   0       0.01906371  d_z2
   14   3   2   1       0.04267031  d_xz
   14   3   2   2       0.02090356  d_x2-y2
   15   1   0   0       1.37508169  s
   15   2   1  -1       0.83024719  p_y
   15   2   1   0       0.82861891  p_z
   15   2   1   1       0.83288414  p_x
   15   3   2  -2       0.03795281  d_xy
   15   3   2  -1       0.03389549  d_yz
   15   3   2   0       0.01684817  d_z2
   15   3   2   1       0.03634654  d_xz
   15   3   2   2       0.01639542  d_x2-y2
   16   1   0   0       1.34225516  s
   16   2   1  -1       0.82533721  p_y
   16   2   1   0       0.83156279  p_z
   16   2   1   1       0.82449773  p_x
   16   3   2  -2       0.04359762  d_xy
   16   3   2  -1       0.03905074  d_yz
   16   3   2   0       0.02328351  d_z2
   16   3   2   1       0.04049983  d_xz
   16   3   2   2       0.01990777  d_x2-y2
   17   1   0   0       1.34344119  s
   17   2   1  -1       0.82467541  p_y
   17   2   1   0       0.82398544  p_z
   17   2   1   1       0.82875962  p_x
   17   3   2  -2       0.03893981  d_xy
   17   3   2  -1       0.04581354  d_yz
   17   3   2   0       0.02161136  d_z2
   17   3   2   1       0.04045099  d_xz
   17   3   2   2       0.02323771  d_x2-y2
   18   1   0   0       1.35152476  s
   18   2   1  -1       0.82784155  p_y
   18   2   1   0       0.82690088  p_z
   18   2   1   1       0.82569649  p_x
   18   3   2  -2       0.04213891  d_xy
   18   3   2  -1       0.03982008  d_yz
   18   3   2   0       0.02063634  d_z2
   18   3   2   1       0.03829320  d_xz
   18   3   2   2       0.02191496  d_x2-y2
   19   1   0   0       1.36643857  s
   19   2   1  -1       0.83404575  p_y
   19   2   1   0       0.82939449  p_z
   19   2   1   1       0.82832310  p_x
   19   3   2  -2       0.03746632  d_xy
   19   3   2  -1       0.03359404  d_yz
   19   3   2   0       0.01847144  d_z2
   19   3   2   1       0.04119461  d_xz
   19   3   2   2       0.01654596  d_x2-y2
   20   1   0   0       1.37862121  s
   20   2   1  -1       0.82873794  p_y
   20   2   1   0       0.83157979  p_z
   20   2   1   1       0.82909641  p_x
   20   3   2  -2       0.03558759  d_xy
   20   3   2  -1       0.03757867  d_yz
   20   3   2   0       0.01579467  d_z2
   20   3   2   1       0.03614310  d_xz
   20   3   2   2       0.01801447  d_x2-y2
   21   1   0   0       1.36916227  s
   21   2   1  -1       0.82032845  p_y
   21   2   1   0       0.83004943  p_z
   21   2   1   1       0.83079668  p_x
   21   3   2  -2       0.03945418  d_xy
   21   3   2  -1       0.03905191  d_yz
   21   3   2   0       0.01842051  d_z2
   21   3   2   1       0.03709585  d_xz
   21   3   2   2       0.01995675  d_x2-y2
   22   1   0   0       1.36876113  s
   22   2   1  -1       0.82721724  p_y
   22   2   1   0       0.82728732  p_z
   22   2   1   1       0.82997472  p_x
   22   3   2  -2       0.03646111  d_xy
   22   3   2  -1       0.04079286  d_yz
   22   3   2   0       0.01953196  d_z2
   22   3   2   1       0.03421443  d_xz
   22   3   2   2       0.01736960  d_x2-y2
   23   1   0   0       1.34339219  s
   23   2   1  -1       0.82546590  p_y
   23   2   1   0       0.82621497  p_z
   23   2   1   1       0.82584241  p_x
   23   3   2  -2       0.04276223  d_xy
   23   3   2  -1       0.04112082  d_yz
   23   3   2   0       0.02132235  d_z2
   23   3   2   1       0.04422861  d_xz
   23   3   2   2       0.02276424  d_x2-y2
   24   1   0   0       1.36204035  s
   24   2   1  -1       0.83253423  p_y
   24   2   1   0       0.83178475  p_z
   24   2   1   1       0.82560970  p_x
   24   3   2  -2       0.03690424  d_xy
   24   3   2  -1       0.03448800  d_yz
   24   3   2   0       0.01690192  d_z2
   24   3   2   1       0.04175727  d_xz
   24   3   2   2       0.01876584  d_x2-y2
   25   1   0   0       1.35202350  s
   25   2   1  -1       0.82404188  p_y
   25   2   1   0       0.82857160  p_z
   25   2   1   1       0.82563127  p_x
   25   3   2  -2       0.04139710  d_xy
   25   3   2  -1       0.03928857  d_yz
   25   3   2   0       0.02118037  d_z2
   25   3   2   1       0.03968634  d_xz
   25   3   2   2       0.01953849  d_x2-y2
   26   1   0   0       1.36229058  s
   26   2   1  -1       0.82591138  p_y
   26   2   1   0       0.82637475  p_z
   26   2   1   1       0.82625624  p_x
   26   3   2  -2       0.04113501  d_xy
   26   3   2  -1       0.03894953  d_yz
   26   3   2   0       0.02082086  d_z2
   26   3   2   1       0.03977812  d_xz
   26   3   2   2       0.01864389  d_x2-y2
   27   1   0   0       1.33581811  s
   27   2   1  -1       0.82473293  p_y
   27   2   1   0       0.82651175  p_z
   27   2   1   1       0.82739860  p_x
   27   3   2  -2       0.04191434  d_xy
   27   3   2  -1       0.04367119  d_yz
   27   3   2   0       0.02145424  d_z2
   27   3   2   1       0.04070131  d_xz
   27   3   2   2       0.02241032  d_x2-y2
   28   1   0   0       1.35227576  s
   28   2   1  -1       0.83122593  p_y
   28   2   1   0       0.82463013  p_z
   28   2   1   1       0.83012539  p_x
   28   3   2  -2       0.03923138  d_xy
   28   3   2  -1       0.04077320  d_yz
   28   3   2   0       0.02187193  d_z2
   28   3   2   1       0.04140284  d_xz
   28   3   2   2       0.01908475  d_x2-y2
   29   1   0   0       1.38373114  s
   29   2   1  -1       0.82955079  p_y
   29   2   1   0       0.82709112  p_z
   29   2   1   1       0.82653407  p_x
   29   3   2  -2       0.03548384  d_xy
   29   3   2  -1       0.03643595  d_yz
   29   3   2   0       0.01798443  d_z2
   29   3   2   1       0.03657945  d_xz
   29   3   2   2       0.01627887  d_x2-y2
   30   1   0   0       1.35800692  s
   30   2   1  -1       0.82570743  p_y
   30   2   1   0       0.82807491  p_z
   30   2   1   1       0.82932951  p_x
   30   3   2  -2       0.04037736  d_xy
   30   3   2  -1       0.03955983  d_yz
   30   3   2   0       0.01958216  d_z2
   30   3   2   1       0.03947347  d_xz
   30   3   2   2       0.02020671  d_x2-y2
   31   1   0   0       1.35732110  s
   31   2   1  -1       0.83273421  p_y
   31   2   1   0       0.82733118  p_z
   31   2   1   1       0.83164498  p_x
   31   3   2  -2       0.03769303  d_xy
   31   3   2  -1       0.03855082  d_yz
   31   3   2   0       0.01905093  d_z2
   31   3   2   1       0.03734356  d_xz
   31   3   2   2       0.01827155  d_x2-y2
   32   1   0   0       1.33591811  s
   32   2   1  -1       0.82228197  p_y
   32   2   1   0       0.82654194  p_z
   32   2   1   1       0.83137468  p_x
   32   3   2  -2       0.04362025  d_xy
   32   3   2  -1       0.04435235  d_yz
   32   3   2   0       0.02413282  d_z2
   32   3   2   1       0.04032932  d_xz
   32   3   2   2       0.02173294  d_x2-y2
   33   1   0   0       1.36236331  s
   33   2   1  -1       0.83107399  p_y
   33   2   1   0       0.82755608  p_z
   33   2   1   1       0.82706445  p_x
   33   3   2  -2       0.03954595  d_xy
   33   3   2  -1       0.03821881  d_yz
   33   3   2   0       0.01989636  d_z2
   33   3   2   1       0.03650156  d_xz
   33   3   2   2       0.01685222  d_x2-y2
   34   1   0   0       1.35859615  s
   34   2   1  -1       0.83475798  p_y
   34   2   1   0       0.82763019  p_z
   34   2   1   1       0.82948795  p_x
   34   3   2  -2       0.03642260  d_xy
   34   3   2  -1       0.03968287  d_yz
   34   3   2   0       0.01845183  d_z2
   34   3   2   1       0.03897330  d_xz
   34   3   2   2       0.01813088  d_x2-y2
   35   1   0   0       1.34394251  s
   35   2   1  -1       0.82392737  p_y
   35   2   1   0       0.83153762  p_z
   35   2   1   1       0.82777651  p_x
   35   3   2  -2       0.04035930  d_xy
   35   3   2  -1       0.04111411  d_yz
   35   3   2   0       0.01991351  d_z2
   35   3   2   1       0.04046810  d_xz
   35   3   2   2       0.02237244  d_x2-y2
   36   1   0   0       1.33743530  s
   36   2   1  -1       0.83153317  p_y
   36   2   1   0       0.82459599  p_z
   36   2   1   1       0.82831469  p_x
   36   3   2  -2       0.04080663  d_xy
   36   3   2  -1       0.04163702  d_yz
   36   3   2   0       0.02170844  d_z2
   36   3   2   1       0.04167720  d_xz
   36   3   2   2       0.02167286  d_x2-y2
   37   1   0   0       1.34132216  s
   37   2   1  -1       0.82472559  p_y
   37   2   1   0       0.83033567  p_z
   37   2   1   1       0.82756919  p_x
   37   3   2  -2       0.04207079  d_xy
   37   3   2  -1       0.04191448  d_yz
   37   3   2   0       0.02181323  d_z2
   37   3   2   1       0.04304692  d_xz
   37   3   2   2       0.02195762  d_x2-y2
   38   1   0   0       1.36443020  s
   38   2   1  -1       0.82518431  p_y
   38   2   1   0       0.83331798  p_z
   38   2   1   1       0.82714542  p_x
   38   3   2  -2       0.04137251  d_xy
   38   3   2  -1       0.03366325  d_yz
   38   3   2   0       0.01840290  d_z2
   38   3   2   1       0.03551595  d_xz
   38   3   2   2       0.01823851  d_x2-y2
   39   1   0   0       1.34245756  s
   39   2   1  -1       0.82393894  p_y
   39   2   1   0       0.82305602  p_z
   39   2   1   1       0.82658886  p_x
   39   3   2  -2       0.04108983  d_xy
   39   3   2  -1       0.04492041  d_yz
   39   3   2   0       0.02355517  d_z2
   39   3   2   1       0.04474229  d_xz
   39   3   2   2       0.02418307  d_x2-y2
   40   1   0   0       1.37145996  s
   40   2   1  -1       0.82946043  p_y
   40   2   1   0       0.82540805  p_z
   40   2   1   1       0.82973604  p_x
   40   3   2  -2       0.03546160  d_xy
   40   3   2  -1       0.04159699  d_yz
   40   3   2   0       0.01857879  d_z2
   40   3   2   1       0.03679727  d_xz
   40   3   2   2       0.01714018  d_x2-y2
   41   1   0   0       1.35503684  s
   41   2   1  -1       0.82613881  p_y
   41   2   1   0       0.82749581  p_z
   41   2   1   1       0.82812746  p_x
   41   3   2  -2       0.03929109  d_xy
   41   3   2  -1       0.03899804  d_yz
   41   3   2   0       0.01971761  d_z2
   41   3   2   1       0.04180313  d_xz
   41   3   2   2       0.02071520  d_x2-y2
   42   1   0   0       1.35854901  s
   42   2   1  -1       0.82722286  p_y
   42   2   1   0       0.82489478  p_z
   42   2   1   1       0.82907152  p_x
   42   3   2  -2       0.03802608  d_xy
   42   3   2  -1       0.04274158  d_yz
   42   3   2   0       0.02089903  d_z2
   42   3   2   1       0.04206897  d_xz
   42   3   2   2       0.02133178  d_x2-y2
   43   1   0   0       1.39371758  s
   43   2   1  -1       0.82606433  p_y
   43   2   1   0       0.83072116  p_z
   43   2   1   1       0.83020778  p_x
   43   3   2  -2       0.03550869  d_xy
   43   3   2  -1       0.03464756  d_yz
   43   3   2   0       0.01549782  d_z2
   43   3   2   1       0.03554558  d_xz
   43   3   2   2       0.01645703  d_x2-y2
   44   1   0   0       1.38044576  s
   44   2   1  -1       0.82664276  p_y
   44   2   1   0       0.82984937  p_z
   44   2   1   1       0.83023470  p_x
   44   3   2  -2       0.04089355  d_xy
   44   3   2  -1       0.03313486  d_yz
   44   3   2   0       0.01788062  d_z2
   44   3   2   1       0.03751864  d_xz
   44   3   2   2       0.01771283  d_x2-y2
   45   1   0   0       1.38474740  s
   45   2   1  -1       0.83334267  p_y
   45   2   1   0       0.83373503  p_z
   45   2   1   1       0.83242781  p_x
   45   3   2  -2       0.03532419  d_xy
   45   3   2  -1       0.03472742  d_yz
   45   3   2   0       0.01537552  d_z2
   45   3   2   1       0.03633791  d_xz
   45   3   2   2       0.01628000  d_x2-y2
   46   1   0   0       1.34766772  s
   46   2   1  -1       0.82675670  p_y
   46   2   1   0       0.82867427  p_z
   46   2   1   1       0.82756506  p_x
   46   3   2  -2       0.04268411  d_xy
   46   3   2  -1       0.03831496  d_yz
   46   3   2   0       0.02087867  d_z2
   46   3   2   1       0.04142716  d_xz
   46   3   2   2       0.01975695  d_x2-y2
   47   1   0   0       1.37647472  s
   47   2   1  -1       0.83002523  p_y
   47   2   1   0       0.82983457  p_z
   47   2   1   1       0.83060035  p_x
   47   3   2  -2       0.03881235  d_xy
   47   3   2  -1       0.04049274  d_yz
   47   3   2   0       0.01791646  d_z2
   47   3   2   1       0.03459358  d_xz
   47   3   2   2       0.01738660  d_x2-y2
   48   1   0   0       1.32697897  s
   48   2   1  -1       0.82813385  p_y
   48   2   1   0       0.82633258  p_z
   48   2   1   1       0.82716220  p_x
   48   3   2  -2       0.04031874  d_xy
   48   3   2  -1       0.04459498  d_yz
   48   3   2   0       0.02374359  d_z2
   48   3   2   1       0.04508735  d_xz
   48   3   2   2       0.02490855  d_x2-y2
   49   1   0   0       1.34727437  s
   49   2   1  -1       0.82312574  p_y
   49   2   1   0       0.82549198  p_z
   49   2   1   1       0.82866210  p_x
   49   3   2  -2       0.04319987  d_xy
   49   3   2  -1       0.04333331  d_yz
   49   3   2   0       0.02372923  d_z2
   49   3   2   1       0.03873646  d_xz
   49   3   2   2       0.02096487  d_x2-y2
   50   1   0   0       1.36696535  s
   50   2   1  -1       0.82887226  p_y
   50   2   1   0       0.82872336  p_z
   50   2   1   1       0.82701426  p_x
   50   3   2  -2       0.03772740  d_xy
   50   3   2  -1       0.03711601  d_yz
   50   3   2   0       0.01871982  d_z2
   50   3   2   1       0.03643751  d_xz
   50   3   2   2       0.01633179  d_x2-y2
   51   1   0   0       1.33333646  s
   51   2   1  -1       0.82169628  p_y
   51   2   1   0       0.82791955  p_z
   51   2   1   1       0.82492163  p_x
   51   3   2  -2       0.04399440  d_xy
   51   3   2  -1       0.04194659  d_yz
   51   3   2   0       0.02398660  d_z2
   51   3   2   1       0.04481522  d_xz
   51   3   2   2       0.02355757  d_x2-y2
   52   1   0   0       1.35770030  s
   52   2   1  -1       0.82865139  p_y
   52   2   1   0       0.82850514  p_z
   52   2   1   1       0.82483219  p_x
   52   3   2  -2       0.03962359  d_xy
   52   3   2  -1       0.03771907  d_yz
   52   3   2   0       0.01894440  d_z2
   52   3   2   1       0.04022279  d_xz
   52   3   2   2       0.01947608  d_x2-y2
   53   1   0   0       1.35786877  s
   53   2   1  -1       0.82925138  p_y
   53   2   1   0       0.82372671  p_z
   53   2   1   1       0.82795892  p_x
   53   3   2  -2       0.03573058  d_xy
   53   3   2  -1       0.04012383  d_yz
   53   3   2   0       0.02002030  d_z2
   53   3   2   1       0.04197061  d_xz
   53   3   2   2       0.01847254  d_x2-y2
   54   1   0   0       1.35103823  s
   54   2   1  -1       0.82397427  p_y
   54   2   1   0       0.82310244  p_z
   54   2   1   1       0.81759565  p_x
   54   3   2  -2       0.04734845  d_xy
   54   3   2  -1       0.04180977  d_yz
   54   3   2   0       0.02284258  d_z2
   54   3   2   1       0.03630787  d_xz
   54   3   2   2       0.02223636  d_x2-y2
   55   1   0   0       1.36160314  s
   55   2   1  -1       0.82829636  p_y
   55   2   1   0       0.82833337  p_z
   55   2   1   1       0.82680914  p_x
   55   3   2  -2       0.03880823  d_xy
   55   3   2  -1       0.03735540  d_yz
   55   3   2   0       0.01858885  d_z2
   55   3   2   1       0.04105216  d_xz
   55   3   2   2       0.01933515  d_x2-y2
   56   1   0   0       1.34870943  s
   56   2   1  -1       0.82914780  p_y
   56   2   1   0       0.82715989  p_z
   56   2   1   1       0.82343817  p_x
   56   3   2  -2       0.04207527  d_xy
   56   3   2  -1       0.03884109  d_yz
   56   3   2   0       0.02217075  d_z2
   56   3   2   1       0.04382000  d_xz
   56   3   2   2       0.02052545  d_x2-y2
   57   1   0   0       1.36007337  s
   57   2   1  -1       0.83213003  p_y
   57   2   1   0       0.82855023  p_z
   57   2   1   1       0.81952233  p_x
   57   3   2  -2       0.03970613  d_xy
   57   3   2  -1       0.03656362  d_yz
   57   3   2   0       0.01851852  d_z2
   57   3   2   1       0.04174597  d_xz
   57   3   2   2       0.02042987  d_x2-y2
   58   1   0   0       1.36482505  s
   58   2   1  -1       0.82998461  p_y
   58   2   1   0       0.82940525  p_z
   58   2   1   1       0.82540245  p_x
   58   3   2  -2       0.03847922  d_xy
   58   3   2  -1       0.03864969  d_yz
   58   3   2   0       0.01809430  d_z2
   58   3   2   1       0.04005531  d_xz
   58   3   2   2       0.02025245  d_x2-y2
   59   1   0   0       1.38652846  s
   59   2   1  -1       0.82879809  p_y
   59   2   1   0       0.83084376  p_z
   59   2   1   1       0.83109272  p_x
   59   3   2  -2       0.03384925  d_xy
   59   3   2  -1       0.03808245  d_yz
   59   3   2   0       0.01555134  d_z2
   59   3   2   1       0.03299905  d_xz
   59   3   2   2       0.01523946  d_x2-y2
   60   1   0   0       1.35092185  s
   60   2   1  -1       0.82724702  p_y
   60   2   1   0       0.82688563  p_z
   60   2   1   1       0.83051787  p_x
   60   3   2  -2       0.04008081  d_xy
   60   3   2  -1       0.03870565  d_yz
   60   3   2   0       0.02001450  d_z2
   60   3   2   1       0.03974310  d_xz
   60   3   2   2       0.01995961  d_x2-y2
   61   1   0   0       1.35619068  s
   61   2   1  -1       0.82602463  p_y
   61   2   1   0       0.82877477  p_z
   61   2   1   1       0.83056138  p_x
   61   3   2  -2       0.03998114  d_xy
   61   3   2  -1       0.04191008  d_yz
   61   3   2   0       0.01917910  d_z2
   61   3   2   1       0.03512804  d_xz
   61   3   2   2       0.01924739  d_x2-y2
   62   1   0   0       1.37389400  s
   62   2   1  -1       0.83096099  p_y
   62   2   1   0       0.82246114  p_z
   62   2   1   1       0.82653555  p_x
   62   3   2  -2       0.03612415  d_xy
   62   3   2  -1       0.03545225  d_yz
   62   3   2   0       0.01951556  d_z2
   62   3   2   1       0.04409236  d_xz
   62   3   2   2       0.01845905  d_x2-y2
   63   1   0   0       1.34399231  s
   63   2   1  -1       0.82991901  p_y
   63   2   1   0       0.83136561  p_z
   63   2   1   1       0.82551466  p_x
   63   3   2  -2       0.04435584  d_xy
   63   3   2  -1       0.03802167  d_yz
   63   3   2   0       0.02087390  d_z2
   63   3   2   1       0.04002452  d_xz
   63   3   2   2       0.02114925  d_x2-y2
   64   1   0   0       1.37617153  s
   64   2   1  -1       0.83050640  p_y
   64   2   1   0       0.83469955  p_z
   64   2   1   1       0.83368231  p_x
   64   3   2  -2       0.03125217  d_xy
   64   3   2  -1       0.03967941  d_yz
   64   3   2   0       0.01442535  d_z2
   64   3   2   1       0.03616928  d_xz
   64   3   2   2       0.01859713  d_x2-y2

Fermi level:                        -0.1327240077 H           -3.6116 eV
Band energy:                       -88.1687973078 H        -2399.1950 eV
TS:                                  0.0000000000 H            0.0000 eV
Band free energy (E-TS):           -88.1687973078 H        -2399.1950 eV
Extrapolated E(0K):                -88.1687973078 H        -2399.1950 eV
Input / Output electrons (q):    256.0000000000    256.0000000000

Energy H0:                         -88.1616418400 H        -2399.0003 eV
Energy SCC:                          0.0001978055 H            0.0054 eV
Total Electronic energy:           -88.1614440345 H        -2398.9950 eV
Repulsive energy:                    0.0000000000 H            0.0000 eV
Total energy:                      -88.1614440345 H        -2398.9950 eV
Extrapolated to 0:                 -88.1614440345 H        -2398.9950 eV
Total Mermin free energy:          -88.1614440345 H        -2398.9950 eV
Force related energy:              -88.1614440345 H        -2398.9950 eV

Non-constrained calculation

SCC converged

Warning: dipole moment is not defined absolutely!
Dipole moment:   -0.12580187   -0.28887614   -0.18161395 au
Dipole moment:   -0.31975649   -0.73424998   -0.46161666 Debye


