 Fermi distribution function

Calculation with static geometry


********************************************************************************
 iSCC Total electronic   Diff electronic      SCC error    
   10   -0.88154184E+02   -0.99973363E-10    0.26926215E-05
********************************************************************************

 Total charge:    -0.00000000

 Atomic gross charges (e)
 Atom           Charge
    1      -0.02373066
    2       0.00334814
    3      -0.02018650
    4       0.00464472
    5       0.02202364
    6      -0.01658242
    7       0.01282142
    8      -0.01124941
    9       0.01194219
   10      -0.00560445
   11       0.00757732
   12      -0.01369466
   13      -0.00014365
   14      -0.00596377
   15      -0.01619157
   16      -0.00248998
   17      -0.01147099
   18      -0.00334015
   19       0.00510140
   20       0.00020781
   21      -0.00721445
   22       0.01748338
   23       0.00443949
   24       0.01429458
   25       0.00714558
   26       0.00586267
   27      -0.01140859
   28      -0.01682108
   29       0.00611694
   30       0.03144861
   31       0.00640553
   32       0.01893183
   33      -0.00107668
   34      -0.01416656
   35      -0.00285936
   36       0.00117133
   37       0.00040637
   38      -0.00150376
   39      -0.01196656
   40       0.00417961
   41       0.02534876
   42      -0.01452554
   43       0.01237672
   44      -0.01326090
   45      -0.02394947
   46       0.00579943
   47       0.00119614
   48      -0.00893998
   49      -0.01485230
   50       0.01752350
   51      -0.05133182
   52      -0.00226301
   53      -0.00304730
   54       0.01651227
   55       0.01019098
   56       0.01933255
   57      -0.00466459
   58       0.00859189
   59      -0.01207802
   60       0.01640646
   61       0.00496384
   62       0.01217689
   63       0.01197282
   64      -0.00136662

Nr. of electrons (up):    256.00000000
Atom populations (up)
 Atom       Population
    1       4.02373066
    2       3.99665186
    3       4.02018650
    4       3.99535528
    5       3.97797636
    6       4.01658242
    7       3.98717858
    8       4.01124941
    9       3.98805781
   10       4.00560445
   11       3.99242268
   12       4.01369466
   13       4.00014365
   14       4.00596377
   15       4.01619157
   16       4.00248998
   17       4.01147099
   18       4.00334015
   19       3.99489860
   20       3.99979219
   21       4.00721445
   22       3.98251662
   23       3.99556051
   24       3.98570542
   25       3.99285442
   26       3.99413733
   27       4.01140859
   28       4.01682108
   29       3.99388306
   30       3.96855139
   31       3.99359447
   32       3.98106817
   33       4.00107668
   34       4.01416656
   35       4.00285936
   36       3.99882867
   37       3.99959363
   38       4.00150376
   39       4.01196656
   40       3.99582039
   41       3.97465124
   42       4.01452554
   43       3.98762328
   44       4.01326090
   45       4.02394947
   46       3.99420057
   47       3.99880386
   48       4.00893998
   49       4.01485230
   50       3.98247650
   51       4.05133182
   52       4.00226301
   53       4.00304730
   54       3.98348773
   55       3.98980902
   56       3.98066745
   57       4.00466459
   58       3.99140811
   59       4.01207802
   60       3.98359354
   61       3.99503616
   62       3.98782311
   63       3.98802718
   64       4.00136662

l-shell populations (up)
 Atom Sh.   l       Population
    1   1   0       1.38100012
    1   2   1       2.49417215
    1   3   2       0.14855839
    2   1   0       1.35976086
    2   2   1       2.48157144
    2   3   2       0.15531956
    3   1   0       1.39273138
    3   2   1       2.48054439
    3   3   2       0.14691074
    4   1   0       1.35508307
    4   2   1       2.47994118
    4   3   2       0.16033103
    5   1   0       1.32724254
    5   2   1       2.47833501
    5   3   2       0.17239881
    6   1   0       1.38050526
    6   2   1       2.49044093
    6   3   2       0.14563623
    7   1   0       1.33254476
    7   2   1       2.48450748
    7   3   2       0.17012634
    8   1   0       1.36904065
    8   2   1       2.49051787
    8   3   2       0.15169088
    9   1   0       1.33015151
    9   2   1       2.48459644
    9   3   2       0.17330986
   10   1   0       1.36197837
   10   2   1       2.49077324
   10   3   2       0.15285285
   11   1   0       1.32600879
   11   2   1       2.48804370
   11   3   2       0.17837019
   12   1   0       1.38326115
   12   2   1       2.49351549
   12   3   2       0.13691802
   13   1   0       1.37343795
   13   2   1       2.46913468
   13   3   2       0.15757103
   14   1   0       1.35387378
   14   2   1       2.49278601
   14   3   2       0.15930398
   15   1   0       1.38613267
   15   2   1       2.48603674
   15   3   2       0.14402217
   16   1   0       1.35790229
   16   2   1       2.48022373
   16   3   2       0.16436396
   17   1   0       1.37720805
   17   2   1       2.49135727
   17   3   2       0.14290567
   18   1   0       1.36296808
   18   2   1       2.48285261
   18   3   2       0.15751946
   19   1   0       1.36905331
   19   2   1       2.47365731
   19   3   2       0.15218798
   20   1   0       1.35989957
   20   2   1       2.48041582
   20   3   2       0.15947680
   21   1   0       1.36458909
   21   2   1       2.49088451
   21   3   2       0.15174086
   22   1   0       1.33781091
   22   2   1       2.48069571
   22   3   2       0.16401000
   23   1   0       1.34379513
   23   2   1       2.48666465
   23   3   2       0.16510073
   24   1   0       1.34794246
   24   2   1       2.48096492
   24   3   2       0.15679805
   25   1   0       1.34956690
   25   2   1       2.47817486
   25   3   2       0.16511266
   26   1   0       1.34695569
   26   2   1       2.48687077
   26   3   2       0.16031087
   27   1   0       1.37783195
   27   2   1       2.49072551
   27   3   2       0.14285113
   28   1   0       1.37612592
   28   2   1       2.49421730
   28   3   2       0.14647786
   29   1   0       1.35354762
   29   2   1       2.47408067
   29   3   2       0.16625477
   30   1   0       1.32460706
   30   2   1       2.47509477
   30   3   2       0.16884956
   31   1   0       1.36407031
   31   2   1       2.46406232
   31   3   2       0.16546185
   32   1   0       1.34971964
   32   2   1       2.46318325
   32   3   2       0.16816529
   33   1   0       1.36559834
   33   2   1       2.47469691
   33   3   2       0.16078143
   34   1   0       1.37824581
   34   2   1       2.48539271
   34   3   2       0.15052804
   35   1   0       1.36983370
   35   2   1       2.47299568
   35   3   2       0.16002998
   36   1   0       1.35035308
   36   2   1       2.48245350
   36   3   2       0.16602209
   37   1   0       1.35917193
   37   2   1       2.48271534
   37   3   2       0.15770637
   38   1   0       1.35975019
   38   2   1       2.48999378
   38   3   2       0.15175978
   39   1   0       1.37351513
   39   2   1       2.47961989
   39   3   2       0.15883154
   40   1   0       1.35271310
   40   2   1       2.48905389
   40   3   2       0.15405341
   41   1   0       1.30825308
   41   2   1       2.48106024
   41   3   2       0.18533791
   42   1   0       1.36986802
   42   2   1       2.49262688
   42   3   2       0.15203064
   43   1   0       1.34476142
   43   2   1       2.48349013
   43   3   2       0.15937173
   44   1   0       1.36969350
   44   2   1       2.49323247
   44   3   2       0.15033492
   45   1   0       1.38485106
   45   2   1       2.49958675
   45   3   2       0.13951166
   46   1   0       1.34783797
   46   2   1       2.48135302
   46   3   2       0.16500958
   47   1   0       1.35488609
   47   2   1       2.48774680
   47   3   2       0.15617097
   48   1   0       1.37707743
   48   2   1       2.48016068
   48   3   2       0.15170187
   49   1   0       1.36229805
   49   2   1       2.49178337
   49   3   2       0.16077088
   50   1   0       1.32775862
   50   2   1       2.48341970
   50   3   2       0.17129818
   51   1   0       1.41919050
   51   2   1       2.49793185
   51   3   2       0.13420946
   52   1   0       1.37058803
   52   2   1       2.47766956
   52   3   2       0.15400542
   53   1   0       1.37180884
   53   2   1       2.48377653
   53   3   2       0.14746193
   54   1   0       1.33633920
   54   2   1       2.47686439
   54   3   2       0.17028414
   55   1   0       1.34437275
   55   2   1       2.48700346
   55   3   2       0.15843280
   56   1   0       1.33777042
   56   2   1       2.47483489
   56   3   2       0.16806214
   57   1   0       1.35521785
   57   2   1       2.49290773
   57   3   2       0.15653901
   58   1   0       1.35208499
   58   2   1       2.48429065
   58   3   2       0.15503247
   59   1   0       1.36112502
   59   2   1       2.50168442
   59   3   2       0.14926859
   60   1   0       1.33672073
   60   2   1       2.46937484
   60   3   2       0.17749797
   61   1   0       1.36354725
   61   2   1       2.47773052
   61   3   2       0.15375839
   62   1   0       1.34666158
   62   2   1       2.48626929
   62   3   2       0.15489223
   63   1   0       1.34920829
   63   2   1       2.47124276
   63   3   2       0.16757613
   64   1   0       1.37839242
   64   2   1       2.47398092
   64   3   2       0.14899327

Orbital populations (up)
 Atom Sh.   l   m       Population  Label
    1   1   0   0       1.38100012  s
    1   2   1  -1       0.83199854  p_y
    1   2   1   0       0.82905143  p_z
    1   2   1   1       0.83312217  p_x
    1   3   2  -2       0.03947115  d_xy
    1   3   2  -1       0.03775059  d_yz
    1   3   2   0       0.01919835  d_z2
    1   3   2   1       0.03605588  d_xz
    1   3   2   2       0.01608242  d_x2-y2
    2   1   0   0       1.35976086  s
    2   2   1  -1       0.82668185  p_y
    2   2   1   0       0.82953534  p_z
    2   2   1   1       0.82535426  p_x
    2   3   2  -2       0.04308401  d_xy
    2   3   2  -1       0.03599602  d_yz
    2   3   2   0       0.01969775  d_z2
    2   3   2   1       0.03820200  d_xz
    2   3   2   2       0.01833978  d_x2-y2
    3   1   0   0       1.39273138  s
    3   2   1  -1       0.82612239  p_y
    3   2   1   0       0.82556952  p_z
    3   2   1   1       0.82885247  p_x
    3   3   2  -2       0.03663382  d_xy
    3   3   2  -1       0.03731939  d_yz
    3   3   2   0       0.01931167  d_z2
    3   3   2   1       0.03693634  d_xz
    3   3   2   2       0.01670953  d_x2-y2
    4   1   0   0       1.35508307  s
    4   2   1  -1       0.82556772  p_y
    4   2   1   0       0.83274118  p_z
    4   2   1   1       0.82163228  p_x
    4   3   2  -2       0.04245526  d_xy
    4   3   2  -1       0.03836295  d_yz
    4   3   2   0       0.01969955  d_z2
    4   3   2   1       0.03874231  d_xz
    4   3   2   2       0.02107096  d_x2-y2
    5   1   0   0       1.32724254  s
    5   2   1  -1       0.82405595  p_y
    5   2   1   0       0.82890689  p_z
    5   2   1   1       0.82537217  p_x
    5   3   2  -2       0.04408462  d_xy
    5   3   2  -1       0.04160752  d_yz
    5   3   2   0       0.02285766  d_z2
    5   3   2   1       0.04102240  d_xz
    5   3   2   2       0.02282661  d_x2-y2
    6   1   0   0       1.38050526  s
    6   2   1  -1       0.83163024  p_y
    6   2   1   0       0.82738261  p_z
    6   2   1   1       0.83142809  p_x
    6   3   2  -2       0.03522804  d_xy
    6   3   2  -1       0.03939908  d_yz
    6   3   2   0       0.01710196  d_z2
    6   3   2   1       0.03646743  d_xz
    6   3   2   2       0.01743973  d_x2-y2
    7   1   0   0       1.33254476  s
    7   2   1  -1       0.82977150  p_y
    7   2   1   0       0.82909994  p_z
    7   2   1   1       0.82563604  p_x
    7   3   2  -2       0.04091574  d_xy
    7   3   2  -1       0.04061354  d_yz
    7   3   2   0       0.02170255  d_z2
    7   3   2   1       0.04360739  d_xz
    7   3   2   2       0.02328713  d_x2-y2
    8   1   0   0       1.36904065  s
    8   2   1  -1       0.82928884  p_y
    8   2   1   0       0.82987342  p_z
    8   2   1   1       0.83135561  p_x
    8   3   2  -2       0.03890250  d_xy
    8   3   2  -1       0.03897476  d_yz
    8   3   2   0       0.01922309  d_z2
    8   3   2   1       0.03586201  d_xz
    8   3   2   2       0.01872852  d_x2-y2
    9   1   0   0       1.33015151  s
    9   2   1  -1       0.83017388  p_y
    9   2   1   0       0.82642736  p_z
    9   2   1   1       0.82799520  p_x
    9   3   2  -2       0.03930251  d_xy
    9   3   2  -1       0.04035810  d_yz
    9   3   2   0       0.02510518  d_z2
    9   3   2   1       0.04671696  d_xz
    9   3   2   2       0.02182711  d_x2-y2
   10   1   0   0       1.36197837  s
   10   2   1  -1       0.82641108  p_y
   10   2   1   0       0.83658450  p_z
   10   2   1   1       0.82777766  p_x
   10   3   2  -2       0.04024812  d_xy
   10   3   2  -1       0.03769738  d_yz
   10   3   2   0       0.01672604  d_z2
   10   3   2   1       0.03696654  d_xz
   10   3   2   2       0.02121477  d_x2-y2
   11   1   0   0       1.32600879  s
   11   2   1  -1       0.83293082  p_y
   11   2   1   0       0.82767564  p_z
   11   2   1   1       0.82743724  p_x
   11   3   2  -2       0.04235116  d_xy
   11   3   2  -1       0.04528881  d_yz
   11   3   2   0       0.02408861  d_z2
   11   3   2   1       0.04318806  d_xz
   11   3   2   2       0.02345356  d_x2-y2
   12   1   0   0       1.38326115  s
   12   2   1  -1       0.82835057  p_y
   12   2   1   0       0.83201364  p_z
   12   2   1   1       0.83315127  p_x
   12   3   2  -2       0.03380268  d_xy
   12   3   2  -1       0.03696753  d_yz
   12   3   2   0       0.01513556  d_z2
   12   3   2   1       0.03542772  d_xz
   12   3   2   2       0.01558453  d_x2-y2
   13   1   0   0       1.37343795  s
   13   2   1  -1       0.82018496  p_y
   13   2   1   0       0.83072771  p_z
   13   2   1   1       0.81822201  p_x
   13   3   2  -2       0.04385505  d_xy
   13   3   2  -1       0.03742476  d_yz
   13   3   2   0       0.02065343  d_z2
   13   3   2   1       0.03655276  d_xz
   13   3   2   2       0.01908503  d_x2-y2
   14   1   0   0       1.35387378  s
   14   2   1  -1       0.82954095  p_y
   14   2   1   0       0.83287186  p_z
   14   2   1   1       0.83037319  p_x
   14   3   2  -2       0.04054572  d_xy
   14   3   2  -1       0.03815926  d_yz
   14   3   2   0       0.01859838  d_z2
   14   3   2   1       0.04095623  d_xz
   14   3   2   2       0.02104440  d_x2-y2
   15   1   0   0       1.38613267  s
   15   2   1  -1       0.82952875  p_y
   15   2   1   0       0.82819621  p_z
   15   2   1   1       0.82831177  p_x
   15   3   2  -2       0.03685412  d_xy
   15   3   2  -1       0.03640801  d_yz
   15   3   2   0       0.01822748  d_z2
   15   3   2   1       0.03664448  d_xz
   15   3   2   2       0.01588808  d_x2-y2
   16   1   0   0       1.35790229  s
   16   2   1  -1       0.82858131  p_y
   16   2   1   0       0.82487221  p_z
   16   2   1   1       0.82677021  p_x
   16   3   2  -2       0.03880625  d_xy
   16   3   2  -1       0.04287224  d_yz
   16   3   2   0       0.02025733  d_z2
   16   3   2   1       0.04170417  d_xz
   16   3   2   2       0.02072398  d_x2-y2
   17   1   0   0       1.37720805  s
   17   2   1  -1       0.82656663  p_y
   17   2   1   0       0.83189963  p_z
   17   2   1   1       0.83289101  p_x
   17   3   2  -2       0.03527641  d_xy
   17   3   2  -1       0.04014681  d_yz
   17   3   2   0       0.01624162  d_z2
   17   3   2   1       0.03352267  d_xz
   17   3   2   2       0.01771816  d_x2-y2
   18   1   0   0       1.36296808  s
   18   2   1  -1       0.82792840  p_y
   18   2   1   0       0.82485499  p_z
   18   2   1   1       0.83006922  p_x
   18   3   2  -2       0.03786379  d_xy
   18   3   2  -1       0.03915549  d_yz
   18   3   2   0       0.01975058  d_z2
   18   3   2   1       0.04183740  d_xz
   18   3   2   2       0.01891220  d_x2-y2
   19   1   0   0       1.36905331  s
   19   2   1  -1       0.82477710  p_y
   19   2   1   0       0.82977863  p_z
   19   2   1   1       0.81910157  p_x
   19   3   2  -2       0.04071137  d_xy
   19   3   2  -1       0.03486074  d_yz
   19   3   2   0       0.01825032  d_z2
   19   3   2   1       0.03945624  d_xz
   19   3   2   2       0.01890930  d_x2-y2
   20   1   0   0       1.35989957  s
   20   2   1  -1       0.82568420  p_y
   20   2   1   0       0.82678671  p_z
   20   2   1   1       0.82794491  p_x
   20   3   2  -2       0.03767886  d_xy
   20   3   2  -1       0.04216088  d_yz
   20   3   2   0       0.01880629  d_z2
   20   3   2   1       0.04009797  d_xz
   20   3   2   2       0.02073281  d_x2-y2
   21   1   0   0       1.36458909  s
   21   2   1  -1       0.83159609  p_y
   21   2   1   0       0.82492899  p_z
   21   2   1   1       0.83435943  p_x
   21   3   2  -2       0.03740938  d_xy
   21   3   2  -1       0.04142008  d_yz
   21   3   2   0       0.01988597  d_z2
   21   3   2   1       0.03657247  d_xz
   21   3   2   2       0.01645295  d_x2-y2
   22   1   0   0       1.33781091  s
   22   2   1  -1       0.82449107  p_y
   22   2   1   0       0.82850617  p_z
   22   2   1   1       0.82769847  p_x
   22   3   2  -2       0.04010923  d_xy
   22   3   2  -1       0.04372947  d_yz
   22   3   2   0       0.02080752  d_z2
   22   3   2   1       0.03790795  d_xz
   22   3   2   2       0.02145583  d_x2-y2
   23   1   0   0       1.34379513  s
   23   2   1  -1       0.82885417  p_y
   23   2   1   0       0.82853811  p_z
   23   2   1   1       0.82927237  p_x
   23   3   2  -2       0.04240897  d_xy
   23   3   2  -1       0.04170630  d_yz
   23   3   2   0       0.02207192  d_z2
   23   3   2   1       0.03841171  d_xz
   23   3   2   2       0.02050183  d_x2-y2
   24   1   0   0       1.34794246  s
   24   2   1  -1       0.82801937  p_y
   24   2   1   0       0.82641381  p_z
   24   2   1   1       0.82653173  p_x
   24   3   2  -2       0.04045544  d_xy
   24   3   2  -1       0.03839002  d_yz
   24   3   2   0       0.02026648  d_z2
   24   3   2   1       0.03885121  d_xz
   24   3   2   2       0.01883489  d_x2-y2
   25   1   0   0       1.34956690  s
   25   2   1  -1       0.82995294  p_y
   25   2   1   0       0.83233689  p_z
   25   2   1   1       0.81588503  p_x
   25   3   2  -2       0.03914957  d_xy
   25   3   2  -1       0.03882713  d_yz
   25   3   2   0       0.01953577  d_z2
   25   3   2   1       0.04490731  d_xz
   25   3   2   2       0.02269286  d_x2-y2
   26   1   0   0       1.34695569  s
   26   2   1  -1       0.82788140  p_y
   26   2   1   0       0.82935830  p_z
   26   2   1   1       0.82963106  p_x
   26   3   2  -2       0.04316933  d_xy
   26   3   2  -1       0.03902126  d_yz
   26   3   2   0       0.02043080  d_z2
   26   3   2   1       0.03804598  d_xz
   26   3   2   2       0.01964351  d_x2-y2
   27   1   0   0       1.37783195  s
   27   2   1  -1       0.82915179  p_y
   27   2   1   0       0.83176925  p_z
   27   2   1   1       0.82980448  p_x
   27   3   2  -2       0.03871194  d_xy
   27   3   2  -1       0.03418165  d_yz
   27   3   2   0       0.01738101  d_z2
   27   3   2   1       0.03611484  d_xz
   27   3   2   2       0.01646170  d_x2-y2
   28   1   0   0       1.37612592  s
   28   2   1  -1       0.83377637  p_y
   28   2   1   0       0.82979103  p_z
   28   2   1   1       0.83064990  p_x
   28   3   2  -2       0.03598846  d_xy
   28   3   2  -1       0.03632668  d_yz
   28   3   2   0       0.01824329  d_z2
   28   3   2   1       0.03907297  d_xz
   28   3   2   2       0.01684647  d_x2-y2
   29   1   0   0       1.35354762  s
   29   2   1  -1       0.82875493  p_y
   29   2   1   0       0.81478110  p_z
   29   2   1   1       0.83054465  p_x
   29   3   2  -2       0.03846567  d_xy
   29   3   2  -1       0.03805598  d_yz
   29   3   2   0       0.02286976  d_z2
   29   3   2   1       0.04679650  d_xz
   29   3   2   2       0.02006686  d_x2-y2
   30   1   0   0       1.32460706  s
   30   2   1  -1       0.82683059  p_y
   30   2   1   0       0.82861344  p_z
   30   2   1   1       0.81965075  p_x
   30   3   2  -2       0.04252036  d_xy
   30   3   2  -1       0.03598407  d_yz
   30   3   2   0       0.02229500  d_z2
   30   3   2   1       0.04627036  d_xz
   30   3   2   2       0.02177976  d_x2-y2
   31   1   0   0       1.36407031  s
   31   2   1  -1       0.82636863  p_y
   31   2   1   0       0.82243438  p_z
   31   2   1   1       0.81525931  p_x
   31   3   2  -2       0.03846554  d_xy
   31   3   2  -1       0.04230264  d_yz
   31   3   2   0       0.02067310  d_z2
   31   3   2   1       0.04264839  d_xz
   31   3   2   2       0.02137217  d_x2-y2
   32   1   0   0       1.34971964  s
   32   2   1  -1       0.81598795  p_y
   32   2   1   0       0.82709903  p_z
   32   2   1   1       0.82009627  p_x
   32   3   2  -2       0.04435016  d_xy
   32   3   2  -1       0.04214142  d_yz
   32   3   2   0       0.01966553  d_z2
   32   3   2   1       0.03826299  d_xz
   32   3   2   2       0.02374520  d_x2-y2
   33   1   0   0       1.36559834  s
   33   2   1  -1       0.82260935  p_y
   33   2   1   0       0.82459596  p_z
   33   2   1   1       0.82749161  p_x
   33   3   2  -2       0.03844814  d_xy
   33   3   2  -1       0.03948962  d_yz
   33   3   2   0       0.01891016  d_z2
   33   3   2   1       0.04236177  d_xz
   33   3   2   2       0.02157173  d_x2-y2
   34   1   0   0       1.37824581  s
   34   2   1  -1       0.82914962  p_y
   34   2   1   0       0.83018014  p_z
   34   2   1   1       0.82606296  p_x
   34   3   2  -2       0.03984223  d_xy
   34   3   2  -1       0.03634647  d_yz
   34   3   2   0       0.01764485  d_z2
   34   3   2   1       0.03828459  d_xz
   34   3   2   2       0.01840989  d_x2-y2
   35   1   0   0       1.36983370  s
   35   2   1  -1       0.82531115  p_y
   35   2   1   0       0.82078323  p_z
   35   2   1   1       0.82690129  p_x
   35   3   2  -2       0.04118528  d_xy
   35   3   2  -1       0.03782401  d_yz
   35   3   2   0       0.02102100  d_z2
   35   3   2   1       0.04123335  d_xz
   35   3   2   2       0.01876635  d_x2-y2
   36   1   0   0       1.35035308  s
   36   2   1  -1       0.82394278  p_y
   36   2   1   0       0.82885263  p_z
   36   2   1   1       0.82965808  p_x
   36   3   2  -2       0.04383800  d_xy
   36   3   2  -1       0.04055296  d_yz
   36   3   2   0       0.02099407  d_z2
   36   3   2   1       0.03903349  d_xz
   36   3   2   2       0.02160356  d_x2-y2
   37   1   0   0       1.35917193  s
   37   2   1  -1       0.82718830  p_y
   37   2   1   0       0.82523123  p_z
   37   2   1   1       0.83029580  p_x
   37   3   2  -2       0.03960533  d_xy
   37   3   2  -1       0.03955400  d_yz
   37   3   2   0       0.02046923  d_z2
   37   3   2   1       0.03811664  d_xz
   37   3   2   2       0.01996117  d_x2-y2
   38   1   0   0       1.35975019  s
   38   2   1  -1       0.83263865  p_y
   38   2   1   0       0.82721911  p_z
   38   2   1   1       0.83013602  p_x
   38   3   2  -2       0.03851093  d_xy
   38   3   2  -1       0.03884314  d_yz
   38   3   2   0       0.01879442  d_z2
   38   3   2   1       0.03788154  d_xz
   38   3   2   2       0.01772976  d_x2-y2
   39   1   0   0       1.37351513  s
   39   2   1  -1       0.82657815  p_y
   39   2   1   0       0.83696218  p_z
   39   2   1   1       0.81607955  p_x
   39   3   2  -2       0.04282949  d_xy
   39   3   2  -1       0.03648304  d_yz
   39   3   2   0       0.02024240  d_z2
   39   3   2   1       0.04019940  d_xz
   39   3   2   2       0.01907722  d_x2-y2
   40   1   0   0       1.35271310  s
   40   2   1  -1       0.82633881  p_y
   40   2   1   0       0.82772250  p_z
   40   2   1   1       0.83499257  p_x
   40   3   2  -2       0.03544162  d_xy
   40   3   2  -1       0.04313330  d_yz
   40   3   2   0       0.01842414  d_z2
   40   3   2   1       0.03743755  d_xz
   40   3   2   2       0.01961680  d_x2-y2
   41   1   0   0       1.30825308  s
   41   2   1  -1       0.83000233  p_y
   41   2   1   0       0.82028251  p_z
   41   2   1   1       0.83077540  p_x
   41   3   2  -2       0.04055587  d_xy
   41   3   2  -1       0.04945551  d_yz
   41   3   2   0       0.02627506  d_z2
   41   3   2   1       0.04419468  d_xz
   41   3   2   2       0.02485679  d_x2-y2
   42   1   0   0       1.36986802  s
   42   2   1  -1       0.82691095  p_y
   42   2   1   0       0.83003090  p_z
   42   2   1   1       0.83568503  p_x
   42   3   2  -2       0.03675313  d_xy
   42   3   2  -1       0.04224687  d_yz
   42   3   2   0       0.01854151  d_z2
   42   3   2   1       0.03616260  d_xz
   42   3   2   2       0.01832654  d_x2-y2
   43   1   0   0       1.34476142  s
   43   2   1  -1       0.83071913  p_y
   43   2   1   0       0.82317852  p_z
   43   2   1   1       0.82959249  p_x
   43   3   2  -2       0.04098020  d_xy
   43   3   2  -1       0.03915519  d_yz
   43   3   2   0       0.02284716  d_z2
   43   3   2   1       0.03908105  d_xz
   43   3   2   2       0.01730813  d_x2-y2
   44   1   0   0       1.36969350  s
   44   2   1  -1       0.82838043  p_y
   44   2   1   0       0.83333435  p_z
   44   2   1   1       0.83151769  p_x
   44   3   2  -2       0.03605035  d_xy
   44   3   2  -1       0.03852463  d_yz
   44   3   2   0       0.01706123  d_z2
   44   3   2   1       0.03964708  d_xz
   44   3   2   2       0.01905163  d_x2-y2
   45   1   0   0       1.38485106  s
   45   2   1  -1       0.83418445  p_y
   45   2   1   0       0.83710136  p_z
   45   2   1   1       0.82830094  p_x
   45   3   2  -2       0.04058986  d_xy
   45   3   2  -1       0.03230680  d_yz
   45   3   2   0       0.01651727  d_z2
   45   3   2   1       0.03447192  d_xz
   45   3   2   2       0.01562582  d_x2-y2
   46   1   0   0       1.34783797  s
   46   2   1  -1       0.83060752  p_y
   46   2   1   0       0.82616568  p_z
   46   2   1   1       0.82457982  p_x
   46   3   2  -2       0.04139129  d_xy
   46   3   2  -1       0.03733850  d_yz
   46   3   2   0       0.02045372  d_z2
   46   3   2   1       0.04378702  d_xz
   46   3   2   2       0.02203905  d_x2-y2
   47   1   0   0       1.35488609  s
   47   2   1  -1       0.82717962  p_y
   47   2   1   0       0.83136643  p_z
   47   2   1   1       0.82920075  p_x
   47   3   2  -2       0.03799655  d_xy
   47   3   2  -1       0.04277037  d_yz
   47   3   2   0       0.01918844  d_z2
   47   3   2   1       0.03628121  d_xz
   47   3   2   2       0.01993439  d_x2-y2
   48   1   0   0       1.37707743  s
   48   2   1  -1       0.82966743  p_y
   48   2   1   0       0.82069424  p_z
   48   2   1   1       0.82979901  p_x
   48   3   2  -2       0.03335077  d_xy
   48   3   2  -1       0.04136162  d_yz
   48   3   2   0       0.01838364  d_z2
   48   3   2   1       0.04007825  d_xz
   48   3   2   2       0.01852760  d_x2-y2
   49   1   0   0       1.36229805  s
   49   2   1  -1       0.82465495  p_y
   49   2   1   0       0.83624881  p_z
   49   2   1   1       0.83087961  p_x
   49   3   2  -2       0.04399694  d_xy
   49   3   2  -1       0.04038667  d_yz
   49   3   2   0       0.01931347  d_z2
   49   3   2   1       0.03614255  d_xz
   49   3   2   2       0.02093124  d_x2-y2
   50   1   0   0       1.32775862  s
   50   2   1  -1       0.82954727  p_y
   50   2   1   0       0.82649679  p_z
   50   2   1   1       0.82737565  p_x
   50   3   2  -2       0.03999716  d_xy
   50   3   2  -1       0.04412561  d_yz
   50   3   2   0       0.02283443  d_z2
   50   3   2   1       0.04237808  d_xz
   50   3   2   2       0.02196290  d_x2-y2
   51   1   0   0       1.41919050  s
   51   2   1  -1       0.83202307  p_y
   51   2   1   0       0.83614712  p_z
   51   2   1   1       0.82976167  p_x
   51   3   2  -2       0.03535206  d_xy
   51   3   2  -1       0.03103828  d_yz
   51   3   2   0       0.01428979  d_z2
   51   3   2   1       0.03707503  d_xz
   51   3   2   2       0.01645429  d_x2-y2
   52   1   0   0       1.37058803  s
   52   2   1  -1       0.82970579  p_y
   52   2   1   0       0.82053472  p_z
   52   2   1   1       0.82742905  p_x
   52   3   2  -2       0.03677417  d_xy
   52   3   2  -1       0.03833138  d_yz
   52   3   2   0       0.02001962  d_z2
   52   3   2   1       0.04040607  d_xz
   52   3   2   2       0.01847417  d_x2-y2
   53   1   0   0       1.37180884  s
   53   2   1  -1       0.82720370  p_y
   53   2   1   0       0.82880222  p_z
   53   2   1   1       0.82777062  p_x
   53   3   2  -2       0.03511614  d_xy
   53   3   2  -1       0.03770550  d_yz
   53   3   2   0       0.01685678  d_z2
   53   3   2   1       0.03888438  d_xz
   53   3   2   2       0.01889913  d_x2-y2
   54   1   0   0       1.33633920  s
   54   2   1  -1       0.82465696  p_y
   54   2   1   0       0.82699483  p_z
   54   2   1   1       0.82521260  p_x
   54   3   2  -2       0.04102907  d_xy
   54   3   2  -1       0.04371392  d_yz
   54   3   2   0       0.02071656  d_z2
   54   3   2   1       0.04181317  d_xz
   54   3   2   2       0.02301142  d_x2-y2
   55   1   0   0       1.34437275  s
   55   2   1  -1       0.82154013  p_y
   55   2   1   0       0.83041137  p_z
   55   2   1   1       0.83505196  p_x
   55   3   2  -2       0.04123869  d_xy
   55   3   2  -1       0.04099192  d_yz
   55   3   2   0       0.02069806  d_z2
   55   3   2   1       0.03587223  d_xz
   55   3   2   2       0.01963191  d_x2-y2
   56   1   0   0       1.33777042  s
   56   2   1  -1       0.82927021  p_y
   56   2   1   0       0.82716359  p_z
   56   2   1   1       0.81840108  p_x
   56   3   2  -2       0.04308183  d_xy
   56   3   2  -1       0.03884977  d_yz
   56   3   2   0       0.02180864  d_z2
   56   3   2   1       0.04132269  d_xz
   56   3   2   2       0.02299920  d_x2-y2
   57   1   0   0       1.35521785  s
   57   2   1  -1       0.82688528  p_y
   57   2   1   0       0.83494363  p_z
   57   2   1   1       0.83107882  p_x
   57   3   2  -2       0.03828873  d_xy
   57   3   2  -1       0.03919087  d_yz
   57   3   2   0       0.01801595  d_z2
   57   3   2   1       0.04020219  d_xz
   57   3   2   2       0.02084128  d_x2-y2
   58   1   0   0       1.35208499  s
   58   2   1  -1       0.83118131  p_y
   58   2   1   0       0.82159667  p_z
   58   2   1   1       0.83151267  p_x
   58   3   2  -2       0.03713822  d_xy
   58   3   2  -1       0.03863568  d_yz
   58   3   2   0       0.02022911  d_z2
   58   3   2   1       0.04124992  d_xz
   58   3   2   2       0.01777954  d_x2-y2
   59   1   0   0       1.36112502  s
   59   2   1  -1       0.83341686  p_y
   59   2   1   0       0.83547625  p_z
   59   2   1   1       0.83279130  p_x
   59   3   2  -2       0.03873461  d_xy
   59   3   2  -1       0.03892364  d_yz
   59   3   2   0       0.01812178  d_z2
   59   3   2   1       0.03556401  d_xz
   59   3   2   2       0.01792456  d_x2-y2
   60   1   0   0       1.33672073  s
   60   2   1  -1       0.82453993  p_y
   60   2   1   0       0.82205812  p_z
   60   2   1   1       0.82277679  p_x
   60   3   2  -2       0.04442735  d_xy
   60   3   2  -1       0.04484384  d_yz
   60   3   2   0       0.02361987  d_z2
   60   3   2   1       0.04208141  d_xz
   60   3   2   2       0.02252550  d_x2-y2
   61   1   0   0       1.36354725  s
   61   2   1  -1       0.83014196  p_y
   61   2   1   0       0.81769700  p_z
   61   2   1   1       0.82989156  p_x
   61   3   2  -2       0.03563711  d_xy
   61   3   2  -1       0.04106531  d_yz
   61   3   2   0       0.02170490  d_z2
   61   3   2   1       0.03828716  d_xz
   61   3   2   2       0.01706390  d_x2-y2
   62   1   0   0       1.34666158  s
   62   2   1  -1       0.82739934  p_y
   62   2   1   0       0.83321401  p_z
   62   2   1   1       0.82565595  p_x
   62   3   2  -2       0.04074810  d_xy
   62   3   2  -1       0.03652834  d_yz
   62   3   2   0       0.01769029  d_z2
   62   3   2   1       0.03932874  d_xz
   62   3   2   2       0.02059676  d_x2-y2
   63   1   0   0       1.34920829  s
   63   2   1  -1       0.82445742  p_y
   63   2   1   0       0.82215522  p_z
   63   2   1   1       0.82463012  p_x
   63   3   2  -2       0.04210274  d_xy
   63   3   2  -1       0.03923208  d_yz
   63   3   2   0       0.02066014  d_z2
   63   3   2   1       0.04341322  d_xz
   63   3   2   2       0.02216796  d_x2-y2
   64   1   0   0       1.37839242  s
   64   2   1  -1       0.82316011  p_y
   64   2   1   0       0.82417676  p_z
   64   2   1   1       0.82664405  p_x
   64   3   2  -2       0.03673368  d_xy
   64   3   2  -1       0.04026350  d_yz
   64   3   2   0       0.01906075  d_z2
   64   3   2   1       0.03594293  d_xz
   64   3   2   2       0.01699241  d_x2-y2

Fermi level:                        -0.1331924584 H           -3.6244 eV
Band energy:                       -88.1714110432 H        -2399.2662 eV
TS:                                  0.0000000000 H            0.0000 eV
Band free energy (E-TS):           -88.1714110432 H        -2399.2662 eV
Extrapolated E(0K):                -88.1714110432 H        -2399.2662 eV
Input / Output electrons (q):    256.0000000000    256.0000000000

Energy H0:                         -88.1548330542 H        -2398.8151 eV
Energy SCC:                          0.0006495455 H            0.0177 eV
Total Electronic energy:           -88.1541835087 H        -2398.7974 eV
Repulsive energy:                    0.0000000000 H            0.0000 eV
Total energy:                      -88.1541835087 H        -2398.7974 eV
Extrapolated to 0:                 -88.1541835087 H        -2398.7974 eV
Total Mermin free energy:          -88.1541835087 H        -2398.7974 eV
Force related energy:              -88.1541835087 H        -2398.7974 eV

Non-constrained calculation

SCC converged

Warning: dipole moment is not defined absolutely!
Dipole moment:    0.37701121   -0.24643861   -0.21469241 au
Dipole moment:    0.95826700   -0.62638451   -0.54569371 Debye


