 Fermi distribution function

Calculation with static geometry


********************************************************************************
 iSCC Total electronic   Diff electronic      SCC error    
    9   -0.88154311E+02   -0.81413987E-09    0.90684874E-05
********************************************************************************

 Total charge:    -0.00000000

 Atomic gross charges (e)
 Atom           Charge
    1      -0.02034163
    2       0.00816767
    3      -0.03286152
    4       0.00728832
    5       0.01692094
    6      -0.00416085
    7       0.01031790
    8       0.00931134
    9       0.00614853
   10       0.00065187
   11       0.00729558
   12      -0.00173135
   13      -0.00146070
   14       0.00874830
   15      -0.00295439
   16       0.00393522
   17      -0.01418237
   18      -0.00528967
   19      -0.00718685
   20      -0.02554224
   21      -0.00627629
   22       0.00751417
   23       0.00439244
   24       0.00098328
   25       0.01019950
   26      -0.00804361
   27       0.00036674
   28      -0.00454711
   29      -0.00185735
   30       0.01454430
   31      -0.01456328
   32       0.01150352
   33      -0.00578019
   34       0.00489066
   35       0.01135960
   36      -0.00124602
   37       0.01160665
   38       0.00239425
   39      -0.01123101
   40       0.03203428
   41       0.01203201
   42       0.01829559
   43       0.00750154
   44      -0.00340255
   45      -0.03179345
   46       0.01117270
   47      -0.00686166
   48       0.01485322
   49      -0.01406745
   50      -0.01081092
   51      -0.01651660
   52       0.01325397
   53      -0.00005148
   54      -0.00713305
   55      -0.00467281
   56       0.01063203
   57      -0.00207894
   58       0.00764852
   59      -0.00820311
   60      -0.00659194
   61       0.00451046
   62      -0.00109506
   63       0.00584407
   64      -0.01378372

Nr. of electrons (up):    256.00000000
Atom populations (up)
 Atom       Population
    1       4.02034163
    2       3.99183233
    3       4.03286152
    4       3.99271168
    5       3.98307906
    6       4.00416085
    7       3.98968210
    8       3.99068866
    9       3.99385147
   10       3.99934813
   11       3.99270442
   12       4.00173135
   13       4.00146070
   14       3.99125170
   15       4.00295439
   16       3.99606478
   17       4.01418237
   18       4.00528967
   19       4.00718685
   20       4.02554224
   21       4.00627629
   22       3.99248583
   23       3.99560756
   24       3.99901672
   25       3.98980050
   26       4.00804361
   27       3.99963326
   28       4.00454711
   29       4.00185735
   30       3.98545570
   31       4.01456328
   32       3.98849648
   33       4.00578019
   34       3.99510934
   35       3.98864040
   36       4.00124602
   37       3.98839335
   38       3.99760575
   39       4.01123101
   40       3.96796572
   41       3.98796799
   42       3.98170441
   43       3.99249846
   44       4.00340255
   45       4.03179345
   46       3.98882730
   47       4.00686166
   48       3.98514678
   49       4.01406745
   50       4.01081092
   51       4.01651660
   52       3.98674603
   53       4.00005148
   54       4.00713305
   55       4.00467281
   56       3.98936797
   57       4.00207894
   58       3.99235148
   59       4.00820311
   60       4.00659194
   61       3.99548954
   62       4.00109506
   63       3.99415593
   64       4.01378372

l-shell populations (up)
 Atom Sh.   l       Population
    1   1   0       1.38111377
    1   2   1       2.49245021
    1   3   2       0.14677766
    2   1   0       1.34926708
    2   2   1       2.47750500
    2   3   2       0.16506025
    3   1   0       1.41642149
    3   2   1       2.48480627
    3   3   2       0.13163376
    4   1   0       1.36368489
    4   2   1       2.47731675
    4   3   2       0.15171003
    5   1   0       1.33907779
    5   2   1       2.48108897
    5   3   2       0.16291231
    6   1   0       1.37118710
    6   2   1       2.48041081
    6   3   2       0.15256294
    7   1   0       1.33102018
    7   2   1       2.48835866
    7   3   2       0.17030326
    8   1   0       1.35095708
    8   2   1       2.48445927
    8   3   2       0.15527231
    9   1   0       1.34744373
    9   2   1       2.48624487
    9   3   2       0.16016286
   10   1   0       1.36314857
   10   2   1       2.48881366
   10   3   2       0.14738590
   11   1   0       1.33553293
   11   2   1       2.48566484
   11   3   2       0.17150664
   12   1   0       1.36292637
   12   2   1       2.49052782
   12   3   2       0.14827715
   13   1   0       1.37234947
   13   2   1       2.47232560
   13   3   2       0.15678563
   14   1   0       1.33884831
   14   2   1       2.48668254
   14   3   2       0.16572085
   15   1   0       1.36880931
   15   2   1       2.48529346
   15   3   2       0.14885162
   16   1   0       1.35697037
   16   2   1       2.47144383
   16   3   2       0.16765058
   17   1   0       1.38104346
   17   2   1       2.48549268
   17   3   2       0.14764623
   18   1   0       1.36247631
   18   2   1       2.48075098
   18   3   2       0.16206239
   19   1   0       1.37059056
   19   2   1       2.48962273
   19   3   2       0.14697356
   20   1   0       1.37853928
   20   2   1       2.50544852
   20   3   2       0.14155443
   21   1   0       1.36112448
   21   2   1       2.48820200
   21   3   2       0.15694982
   22   1   0       1.34769427
   22   2   1       2.48199694
   22   3   2       0.16279462
   23   1   0       1.33184087
   23   2   1       2.48221966
   23   3   2       0.18154703
   24   1   0       1.37567910
   24   2   1       2.47367921
   24   3   2       0.14965841
   25   1   0       1.34698601
   25   2   1       2.48002019
   25   3   2       0.16279429
   26   1   0       1.36775617
   26   2   1       2.48917534
   26   3   2       0.15111210
   27   1   0       1.35548652
   27   2   1       2.47877727
   27   3   2       0.16536947
   28   1   0       1.35553089
   28   2   1       2.48640401
   28   3   2       0.16261221
   29   1   0       1.35211379
   29   2   1       2.48617348
   29   3   2       0.16357008
   30   1   0       1.33936736
   30   2   1       2.48182535
   30   3   2       0.16426299
   31   1   0       1.37291739
   31   2   1       2.49002689
   31   3   2       0.15161900
   32   1   0       1.33919342
   32   2   1       2.47896893
   32   3   2       0.17033414
   33   1   0       1.37753508
   33   2   1       2.47385297
   33   3   2       0.15439214
   34   1   0       1.35803119
   34   2   1       2.48207121
   34   3   2       0.15500694
   35   1   0       1.34507839
   35   2   1       2.47310271
   35   3   2       0.17045930
   36   1   0       1.36844967
   36   2   1       2.47059176
   36   3   2       0.16220460
   37   1   0       1.34142828
   37   2   1       2.47803305
   37   3   2       0.16893202
   38   1   0       1.36712888
   38   2   1       2.48346504
   38   3   2       0.14701184
   39   1   0       1.36859647
   39   2   1       2.48861339
   39   3   2       0.15402115
   40   1   0       1.31912038
   40   2   1       2.47474579
   40   3   2       0.17409956
   41   1   0       1.32879250
   41   2   1       2.48709783
   41   3   2       0.17207766
   42   1   0       1.32888825
   42   2   1       2.46863109
   42   3   2       0.18418506
   43   1   0       1.34946343
   43   2   1       2.48340520
   43   3   2       0.15962983
   44   1   0       1.36199005
   44   2   1       2.48884819
   44   3   2       0.15256430
   45   1   0       1.39963635
   45   2   1       2.50043702
   45   3   2       0.13172009
   46   1   0       1.34878078
   46   2   1       2.47483347
   46   3   2       0.16521305
   47   1   0       1.36352945
   47   2   1       2.49350002
   47   3   2       0.14983219
   48   1   0       1.34816536
   48   2   1       2.47426805
   48   3   2       0.16271337
   49   1   0       1.37589219
   49   2   1       2.48196712
   49   3   2       0.15620815
   50   1   0       1.36875263
   50   2   1       2.49419807
   50   3   2       0.14786022
   51   1   0       1.37174418
   51   2   1       2.48187895
   51   3   2       0.16289347
   52   1   0       1.34345893
   52   2   1       2.47344197
   52   3   2       0.16984513
   53   1   0       1.36012158
   53   2   1       2.48025115
   53   3   2       0.15967875
   54   1   0       1.37298475
   54   2   1       2.48312262
   54   3   2       0.15102568
   55   1   0       1.37319781
   55   2   1       2.48821847
   55   3   2       0.14325653
   56   1   0       1.35795090
   56   2   1       2.46992159
   56   3   2       0.16149547
   57   1   0       1.35279882
   57   2   1       2.49170647
   57   3   2       0.15757365
   58   1   0       1.34665864
   58   2   1       2.48037025
   58   3   2       0.16532259
   59   1   0       1.36156064
   59   2   1       2.49895408
   59   3   2       0.14768839
   60   1   0       1.37099477
   60   2   1       2.48195025
   60   3   2       0.15364692
   61   1   0       1.35379870
   61   2   1       2.48548591
   61   3   2       0.15620493
   62   1   0       1.35203766
   62   2   1       2.49453907
   62   3   2       0.15451833
   63   1   0       1.35886206
   63   2   1       2.47505570
   63   3   2       0.16023818
   64   1   0       1.38524454
   64   2   1       2.48863374
   64   3   2       0.13990544

Orbital populations (up)
 Atom Sh.   l   m       Population  Label
    1   1   0   0       1.38111377  s
    1   2   1  -1       0.82912228  p_y
    1   2   1   0       0.83251969  p_z
    1   2   1   1       0.83080823  p_x
    1   3   2  -2       0.03828708  d_xy
    1   3   2  -1       0.03719290  d_yz
    1   3   2   0       0.01743153  d_z2
    1   3   2   1       0.03623627  d_xz
    1   3   2   2       0.01762988  d_x2-y2
    2   1   0   0       1.34926708  s
    2   2   1  -1       0.82582780  p_y
    2   2   1   0       0.82919297  p_z
    2   2   1   1       0.82248423  p_x
    2   3   2  -2       0.04522331  d_xy
    2   3   2  -1       0.03915830  d_yz
    2   3   2   0       0.02088313  d_z2
    2   3   2   1       0.03822875  d_xz
    2   3   2   2       0.02156675  d_x2-y2
    3   1   0   0       1.41642149  s
    3   2   1  -1       0.82554561  p_y
    3   2   1   0       0.82679105  p_z
    3   2   1   1       0.83246961  p_x
    3   3   2  -2       0.03443972  d_xy
    3   3   2  -1       0.03477192  d_yz
    3   3   2   0       0.01656979  d_z2
    3   3   2   1       0.03259697  d_xz
    3   3   2   2       0.01325535  d_x2-y2
    4   1   0   0       1.36368489  s
    4   2   1  -1       0.82825491  p_y
    4   2   1   0       0.83269640  p_z
    4   2   1   1       0.81636544  p_x
    4   3   2  -2       0.04037755  d_xy
    4   3   2  -1       0.03633582  d_yz
    4   3   2   0       0.01765889  d_z2
    4   3   2   1       0.03776912  d_xz
    4   3   2   2       0.01956866  d_x2-y2
    5   1   0   0       1.33907779  s
    5   2   1  -1       0.82157232  p_y
    5   2   1   0       0.82987054  p_z
    5   2   1   1       0.82964611  p_x
    5   3   2  -2       0.04380894  d_xy
    5   3   2  -1       0.04169776  d_yz
    5   3   2   0       0.02015982  d_z2
    5   3   2   1       0.03575880  d_xz
    5   3   2   2       0.02148698  d_x2-y2
    6   1   0   0       1.37118710  s
    6   2   1  -1       0.83037827  p_y
    6   2   1   0       0.82522499  p_z
    6   2   1   1       0.82480755  p_x
    6   3   2  -2       0.03628638  d_xy
    6   3   2  -1       0.03698841  d_yz
    6   3   2   0       0.02030592  d_z2
    6   3   2   1       0.04127252  d_xz
    6   3   2   2       0.01770972  d_x2-y2
    7   1   0   0       1.33102018  s
    7   2   1  -1       0.82994196  p_y
    7   2   1   0       0.83348795  p_z
    7   2   1   1       0.82492874  p_x
    7   3   2  -2       0.04418066  d_xy
    7   3   2  -1       0.04109189  d_yz
    7   3   2   0       0.02178859  d_z2
    7   3   2   1       0.04003186  d_xz
    7   3   2   2       0.02321027  d_x2-y2
    8   1   0   0       1.35095708  s
    8   2   1  -1       0.83153577  p_y
    8   2   1   0       0.83115268  p_z
    8   2   1   1       0.82177082  p_x
    8   3   2  -2       0.03856767  d_xy
    8   3   2  -1       0.03988798  d_yz
    8   3   2   0       0.01948911  d_z2
    8   3   2   1       0.03786919  d_xz
    8   3   2   2       0.01945837  d_x2-y2
    9   1   0   0       1.34744373  s
    9   2   1  -1       0.82863120  p_y
    9   2   1   0       0.83039316  p_z
    9   2   1   1       0.82722051  p_x
    9   3   2  -2       0.03712474  d_xy
    9   3   2  -1       0.04096451  d_yz
    9   3   2   0       0.02048317  d_z2
    9   3   2   1       0.04162402  d_xz
    9   3   2   2       0.01996643  d_x2-y2
   10   1   0   0       1.36314857  s
   10   2   1  -1       0.82649591  p_y
   10   2   1   0       0.83246858  p_z
   10   2   1   1       0.82984918  p_x
   10   3   2  -2       0.04036323  d_xy
   10   3   2  -1       0.03638724  d_yz
   10   3   2   0       0.01860983  d_z2
   10   3   2   1       0.03414682  d_xz
   10   3   2   2       0.01787878  d_x2-y2
   11   1   0   0       1.33553293  s
   11   2   1  -1       0.83093653  p_y
   11   2   1   0       0.82478586  p_z
   11   2   1   1       0.82994246  p_x
   11   3   2  -2       0.04043673  d_xy
   11   3   2  -1       0.04385673  d_yz
   11   3   2   0       0.02256410  d_z2
   11   3   2   1       0.04291842  d_xz
   11   3   2   2       0.02173066  d_x2-y2
   12   1   0   0       1.36292637  s
   12   2   1  -1       0.82549944  p_y
   12   2   1   0       0.83450975  p_z
   12   2   1   1       0.83051864  p_x
   12   3   2  -2       0.03659821  d_xy
   12   3   2  -1       0.04029035  d_yz
   12   3   2   0       0.01652474  d_z2
   12   3   2   1       0.03594354  d_xz
   12   3   2   2       0.01892031  d_x2-y2
   13   1   0   0       1.37234947  s
   13   2   1  -1       0.82030824  p_y
   13   2   1   0       0.82862067  p_z
   13   2   1   1       0.82339670  p_x
   13   3   2  -2       0.03772612  d_xy
   13   3   2  -1       0.04033268  d_yz
   13   3   2   0       0.01839658  d_z2
   13   3   2   1       0.03966046  d_xz
   13   3   2   2       0.02066978  d_x2-y2
   14   1   0   0       1.33884831  s
   14   2   1  -1       0.82799194  p_y
   14   2   1   0       0.82857033  p_z
   14   2   1   1       0.83012027  p_x
   14   3   2  -2       0.04443072  d_xy
   14   3   2  -1       0.03975703  d_yz
   14   3   2   0       0.02100808  d_z2
   14   3   2   1       0.03922892  d_xz
   14   3   2   2       0.02129610  d_x2-y2
   15   1   0   0       1.36880931  s
   15   2   1  -1       0.82739875  p_y
   15   2   1   0       0.82940529  p_z
   15   2   1   1       0.82848943  p_x
   15   3   2  -2       0.03766889  d_xy
   15   3   2  -1       0.03568107  d_yz
   15   3   2   0       0.01792889  d_z2
   15   3   2   1       0.03937858  d_xz
   15   3   2   2       0.01819418  d_x2-y2
   16   1   0   0       1.35697037  s
   16   2   1  -1       0.82341255  p_y
   16   2   1   0       0.82500249  p_z
   16   2   1   1       0.82302879  p_x
   16   3   2  -2       0.04105400  d_xy
   16   3   2  -1       0.04076273  d_yz
   16   3   2   0       0.02118894  d_z2
   16   3   2   1       0.04316656  d_xz
   16   3   2   2       0.02147834  d_x2-y2
   17   1   0   0       1.38104346  s
   17   2   1  -1       0.82590877  p_y
   17   2   1   0       0.83048463  p_z
   17   2   1   1       0.82909927  p_x
   17   3   2  -2       0.03586458  d_xy
   17   3   2  -1       0.04016856  d_yz
   17   3   2   0       0.01674172  d_z2
   17   3   2   1       0.03655311  d_xz
   17   3   2   2       0.01831825  d_x2-y2
   18   1   0   0       1.36247631  s
   18   2   1  -1       0.82900142  p_y
   18   2   1   0       0.82570373  p_z
   18   2   1   1       0.82604582  p_x
   18   3   2  -2       0.03779489  d_xy
   18   3   2  -1       0.04105269  d_yz
   18   3   2   0       0.01971188  d_z2
   18   3   2   1       0.04260005  d_xz
   18   3   2   2       0.02090288  d_x2-y2
   19   1   0   0       1.37059056  s
   19   2   1  -1       0.82958611  p_y
   19   2   1   0       0.83262129  p_z
   19   2   1   1       0.82741532  p_x
   19   3   2  -2       0.03938808  d_xy
   19   3   2  -1       0.03581031  d_yz
   19   3   2   0       0.01680133  d_z2
   19   3   2   1       0.03687675  d_xz
   19   3   2   2       0.01809708  d_x2-y2
   20   1   0   0       1.37853928  s
   20   2   1  -1       0.83665536  p_y
   20   2   1   0       0.83368401  p_z
   20   2   1   1       0.83510915  p_x
   20   3   2  -2       0.03378383  d_xy
   20   3   2  -1       0.03690347  d_yz
   20   3   2   0       0.01647499  d_z2
   20   3   2   1       0.03754926  d_xz
   20   3   2   2       0.01684288  d_x2-y2
   21   1   0   0       1.36112448  s
   21   2   1  -1       0.82829752  p_y
   21   2   1   0       0.82720727  p_z
   21   2   1   1       0.83269720  p_x
   21   3   2  -2       0.03744696  d_xy
   21   3   2  -1       0.04145799  d_yz
   21   3   2   0       0.01894579  d_z2
   21   3   2   1       0.03947620  d_xz
   21   3   2   2       0.01962286  d_x2-y2
   22   1   0   0       1.34769427  s
   22   2   1  -1       0.82488547  p_y
   22   2   1   0       0.82900770  p_z
   22   2   1   1       0.82810377  p_x
   22   3   2  -2       0.03998334  d_xy
   22   3   2  -1       0.04338231  d_yz
   22   3   2   0       0.02004094  d_z2
   22   3   2   1       0.03883412  d_xz
   22   3   2   2       0.02055392  d_x2-y2
   23   1   0   0       1.33184087  s
   23   2   1  -1       0.83023818  p_y
   23   2   1   0       0.82020081  p_z
   23   2   1   1       0.83178067  p_x
   23   3   2  -2       0.04504264  d_xy
   23   3   2  -1       0.04306212  d_yz
   23   3   2   0       0.02759403  d_z2
   23   3   2   1       0.04452482  d_xz
   23   3   2   2       0.02132343  d_x2-y2
   24   1   0   0       1.37567910  s
   24   2   1  -1       0.82103673  p_y
   24   2   1   0       0.82549475  p_z
   24   2   1   1       0.82714772  p_x
   24   3   2  -2       0.03966397  d_xy
   24   3   2  -1       0.03352570  d_yz
   24   3   2   0       0.01807776  d_z2
   24   3   2   1       0.03917002  d_xz
   24   3   2   2       0.01922096  d_x2-y2
   25   1   0   0       1.34698601  s
   25   2   1  -1       0.82630485  p_y
   25   2   1   0       0.82971986  p_z
   25   2   1   1       0.82399548  p_x
   25   3   2  -2       0.04311577  d_xy
   25   3   2  -1       0.03819486  d_yz
   25   3   2   0       0.02268813  d_z2
   25   3   2   1       0.03964000  d_xz
   25   3   2   2       0.01915553  d_x2-y2
   26   1   0   0       1.36775617  s
   26   2   1  -1       0.82623768  p_y
   26   2   1   0       0.83136611  p_z
   26   2   1   1       0.83157155  p_x
   26   3   2  -2       0.04077244  d_xy
   26   3   2  -1       0.03745390  d_yz
   26   3   2   0       0.01887270  d_z2
   26   3   2   1       0.03584900  d_xz
   26   3   2   2       0.01816407  d_x2-y2
   27   1   0   0       1.35548652  s
   27   2   1  -1       0.82674347  p_y
   27   2   1   0       0.82619575  p_z
   27   2   1   1       0.82583805  p_x
   27   3   2  -2       0.04205303  d_xy
   27   3   2  -1       0.04051390  d_yz
   27   3   2   0       0.02165745  d_z2
   27   3   2   1       0.04046459  d_xz
   27   3   2   2       0.02068050  d_x2-y2
   28   1   0   0       1.35553089  s
   28   2   1  -1       0.83416601  p_y
   28   2   1   0       0.82397365  p_z
   28   2   1   1       0.82826435  p_x
   28   3   2  -2       0.03853657  d_xy
   28   3   2  -1       0.03887593  d_yz
   28   3   2   0       0.02170142  d_z2
   28   3   2   1       0.04476743  d_xz
   28   3   2   2       0.01873086  d_x2-y2
   29   1   0   0       1.35211379  s
   29   2   1  -1       0.83069763  p_y
   29   2   1   0       0.82729376  p_z
   29   2   1   1       0.82818209  p_x
   29   3   2  -2       0.03613475  d_xy
   29   3   2  -1       0.04084385  d_yz
   29   3   2   0       0.02043973  d_z2
   29   3   2   1       0.04526436  d_xz
   29   3   2   2       0.02088739  d_x2-y2
   30   1   0   0       1.33936736  s
   30   2   1  -1       0.82896153  p_y
   30   2   1   0       0.83273834  p_z
   30   2   1   1       0.82012549  p_x
   30   3   2  -2       0.04140184  d_xy
   30   3   2  -1       0.03776130  d_yz
   30   3   2   0       0.02051872  d_z2
   30   3   2   1       0.04312524  d_xz
   30   3   2   2       0.02145590  d_x2-y2
   31   1   0   0       1.37291739  s
   31   2   1  -1       0.83334375  p_y
   31   2   1   0       0.82427985  p_z
   31   2   1   1       0.83240329  p_x
   31   3   2  -2       0.03620046  d_xy
   31   3   2  -1       0.03900029  d_yz
   31   3   2   0       0.01937892  d_z2
   31   3   2   1       0.03934907  d_xz
   31   3   2   2       0.01769026  d_x2-y2
   32   1   0   0       1.33919342  s
   32   2   1  -1       0.82632208  p_y
   32   2   1   0       0.83052958  p_z
   32   2   1   1       0.82211727  p_x
   32   3   2  -2       0.04496206  d_xy
   32   3   2  -1       0.04235341  d_yz
   32   3   2   0       0.02102990  d_z2
   32   3   2   1       0.03907221  d_xz
   32   3   2   2       0.02291656  d_x2-y2
   33   1   0   0       1.37753508  s
   33   2   1  -1       0.82452701  p_y
   33   2   1   0       0.81819884  p_z
   33   2   1   1       0.83112712  p_x
   33   3   2  -2       0.03657168  d_xy
   33   3   2  -1       0.03562959  d_yz
   33   3   2   0       0.01920356  d_z2
   33   3   2   1       0.04368461  d_xz
   33   3   2   2       0.01930271  d_x2-y2
   34   1   0   0       1.35803119  s
   34   2   1  -1       0.82512221  p_y
   34   2   1   0       0.82890230  p_z
   34   2   1   1       0.82804669  p_x
   34   3   2  -2       0.04154046  d_xy
   34   3   2  -1       0.03859034  d_yz
   34   3   2   0       0.01910237  d_z2
   34   3   2   1       0.03662082  d_xz
   34   3   2   2       0.01915295  d_x2-y2
   35   1   0   0       1.34507839  s
   35   2   1  -1       0.82998131  p_y
   35   2   1   0       0.81718806  p_z
   35   2   1   1       0.82593334  p_x
   35   3   2  -2       0.04094078  d_xy
   35   3   2  -1       0.04348588  d_yz
   35   3   2   0       0.02357791  d_z2
   35   3   2   1       0.04137234  d_xz
   35   3   2   2       0.02108239  d_x2-y2
   36   1   0   0       1.36844967  s
   36   2   1  -1       0.81873296  p_y
   36   2   1   0       0.82400319  p_z
   36   2   1   1       0.82785561  p_x
   36   3   2  -2       0.04373379  d_xy
   36   3   2  -1       0.03959899  d_yz
   36   3   2   0       0.02043923  d_z2
   36   3   2   1       0.03790224  d_xz
   36   3   2   2       0.02053035  d_x2-y2
   37   1   0   0       1.34142828  s
   37   2   1  -1       0.82521227  p_y
   37   2   1   0       0.82579094  p_z
   37   2   1   1       0.82702984  p_x
   37   3   2  -2       0.04259354  d_xy
   37   3   2  -1       0.04074126  d_yz
   37   3   2   0       0.02276136  d_z2
   37   3   2   1       0.04171493  d_xz
   37   3   2   2       0.02112094  d_x2-y2
   38   1   0   0       1.36712888  s
   38   2   1  -1       0.83123793  p_y
   38   2   1   0       0.82458463  p_z
   38   2   1   1       0.82764248  p_x
   38   3   2  -2       0.03777397  d_xy
   38   3   2  -1       0.03525549  d_yz
   38   3   2   0       0.01784929  d_z2
   38   3   2   1       0.03908744  d_xz
   38   3   2   2       0.01704564  d_x2-y2
   39   1   0   0       1.36859647  s
   39   2   1  -1       0.82785163  p_y
   39   2   1   0       0.83688321  p_z
   39   2   1   1       0.82387856  p_x
   39   3   2  -2       0.04092249  d_xy
   39   3   2  -1       0.03414271  d_yz
   39   3   2   0       0.01906425  d_z2
   39   3   2   1       0.04120918  d_xz
   39   3   2   2       0.01868252  d_x2-y2
   40   1   0   0       1.31912038  s
   40   2   1  -1       0.82137742  p_y
   40   2   1   0       0.82122139  p_z
   40   2   1   1       0.83214697  p_x
   40   3   2  -2       0.03836340  d_xy
   40   3   2  -1       0.04800551  d_yz
   40   3   2   0       0.02315438  d_z2
   40   3   2   1       0.04157734  d_xz
   40   3   2   2       0.02299892  d_x2-y2
   41   1   0   0       1.32879250  s
   41   2   1  -1       0.83122877  p_y
   41   2   1   0       0.82589154  p_z
   41   2   1   1       0.82997753  p_x
   41   3   2  -2       0.03985232  d_xy
   41   3   2  -1       0.04766076  d_yz
   41   3   2   0       0.02245937  d_z2
   41   3   2   1       0.03998548  d_xz
   41   3   2   2       0.02211974  d_x2-y2
   42   1   0   0       1.32888825  s
   42   2   1  -1       0.82359756  p_y
   42   2   1   0       0.82122248  p_z
   42   2   1   1       0.82381106  p_x
   42   3   2  -2       0.03985450  d_xy
   42   3   2  -1       0.04981711  d_yz
   42   3   2   0       0.02468411  d_z2
   42   3   2   1       0.04431582  d_xz
   42   3   2   2       0.02551353  d_x2-y2
   43   1   0   0       1.34946343  s
   43   2   1  -1       0.82621569  p_y
   43   2   1   0       0.82842617  p_z
   43   2   1   1       0.82876334  p_x
   43   3   2  -2       0.03885870  d_xy
   43   3   2  -1       0.04184408  d_yz
   43   3   2   0       0.01910093  d_z2
   43   3   2   1       0.03881137  d_xz
   43   3   2   2       0.02101476  d_x2-y2
   44   1   0   0       1.36199005  s
   44   2   1  -1       0.83198107  p_y
   44   2   1   0       0.82794299  p_z
   44   2   1   1       0.82892413  p_x
   44   3   2  -2       0.03830277  d_xy
   44   3   2  -1       0.03503624  d_yz
   44   3   2   0       0.02003646  d_z2
   44   3   2   1       0.04221801  d_xz
   44   3   2   2       0.01697083  d_x2-y2
   45   1   0   0       1.39963635  s
   45   2   1  -1       0.83322538  p_y
   45   2   1   0       0.83758609  p_z
   45   2   1   1       0.82962556  p_x
   45   3   2  -2       0.03611202  d_xy
   45   3   2  -1       0.03176383  d_yz
   45   3   2   0       0.01445513  d_z2
   45   3   2   1       0.03430236  d_xz
   45   3   2   2       0.01508674  d_x2-y2
   46   1   0   0       1.34878078  s
   46   2   1  -1       0.83263795  p_y
   46   2   1   0       0.82302222  p_z
   46   2   1   1       0.81917330  p_x
   46   3   2  -2       0.04188063  d_xy
   46   3   2  -1       0.03842539  d_yz
   46   3   2   0       0.02156684  d_z2
   46   3   2   1       0.04324163  d_xz
   46   3   2   2       0.02009856  d_x2-y2
   47   1   0   0       1.36352945  s
   47   2   1  -1       0.82928009  p_y
   47   2   1   0       0.83344017  p_z
   47   2   1   1       0.83077976  p_x
   47   3   2  -2       0.03913571  d_xy
   47   3   2  -1       0.04029872  d_yz
   47   3   2   0       0.01795117  d_z2
   47   3   2   1       0.03429428  d_xz
   47   3   2   2       0.01815231  d_x2-y2
   48   1   0   0       1.34816536  s
   48   2   1  -1       0.82704154  p_y
   48   2   1   0       0.81882885  p_z
   48   2   1   1       0.82839765  p_x
   48   3   2  -2       0.03539282  d_xy
   48   3   2  -1       0.04325505  d_yz
   48   3   2   0       0.02064102  d_z2
   48   3   2   1       0.04334854  d_xz
   48   3   2   2       0.02007595  d_x2-y2
   49   1   0   0       1.37589219  s
   49   2   1  -1       0.82441747  p_y
   49   2   1   0       0.83086521  p_z
   49   2   1   1       0.82668444  p_x
   49   3   2  -2       0.04616499  d_xy
   49   3   2  -1       0.03724888  d_yz
   49   3   2   0       0.02043283  d_z2
   49   3   2   1       0.03407595  d_xz
   49   3   2   2       0.01828549  d_x2-y2
   50   1   0   0       1.36875263  s
   50   2   1  -1       0.83198920  p_y
   50   2   1   0       0.82908225  p_z
   50   2   1   1       0.83312663  p_x
   50   3   2  -2       0.03529995  d_xy
   50   3   2  -1       0.03898430  d_yz
   50   3   2   0       0.01829407  d_z2
   50   3   2   1       0.03773606  d_xz
   50   3   2   2       0.01754583  d_x2-y2
   51   1   0   0       1.37174418  s
   51   2   1  -1       0.82566901  p_y
   51   2   1   0       0.83292893  p_z
   51   2   1   1       0.82328102  p_x
   51   3   2  -2       0.04288923  d_xy
   51   3   2  -1       0.03677885  d_yz
   51   3   2   0       0.01995910  d_z2
   51   3   2   1       0.04254603  d_xz
   51   3   2   2       0.02072025  d_x2-y2
   52   1   0   0       1.34345893  s
   52   2   1  -1       0.82509808  p_y
   52   2   1   0       0.82087923  p_z
   52   2   1   1       0.82746466  p_x
   52   3   2  -2       0.03840441  d_xy
   52   3   2  -1       0.04381945  d_yz
   52   3   2   0       0.02287711  d_z2
   52   3   2   1       0.04317125  d_xz
   52   3   2   2       0.02157291  d_x2-y2
   53   1   0   0       1.36012158  s
   53   2   1  -1       0.83073138  p_y
   53   2   1   0       0.82135498  p_z
   53   2   1   1       0.82816479  p_x
   53   3   2  -2       0.03704281  d_xy
   53   3   2  -1       0.04208291  d_yz
   53   3   2   0       0.02071265  d_z2
   53   3   2   1       0.04057145  d_xz
   53   3   2   2       0.01926894  d_x2-y2
   54   1   0   0       1.37298475  s
   54   2   1  -1       0.82343487  p_y
   54   2   1   0       0.82996724  p_z
   54   2   1   1       0.82972050  p_x
   54   3   2  -2       0.03939121  d_xy
   54   3   2  -1       0.03849667  d_yz
   54   3   2   0       0.01778003  d_z2
   54   3   2   1       0.03670001  d_xz
   54   3   2   2       0.01865776  d_x2-y2
   55   1   0   0       1.37319781  s
   55   2   1  -1       0.82649093  p_y
   55   2   1   0       0.82893499  p_z
   55   2   1   1       0.83279255  p_x
   55   3   2  -2       0.03997893  d_xy
   55   3   2  -1       0.03492273  d_yz
   55   3   2   0       0.01861100  d_z2
   55   3   2   1       0.03354956  d_xz
   55   3   2   2       0.01619430  d_x2-y2
   56   1   0   0       1.35795090  s
   56   2   1  -1       0.81929747  p_y
   56   2   1   0       0.82848905  p_z
   56   2   1   1       0.82213507  p_x
   56   3   2  -2       0.04147469  d_xy
   56   3   2  -1       0.03683706  d_yz
   56   3   2   0       0.02018144  d_z2
   56   3   2   1       0.04023789  d_xz
   56   3   2   2       0.02276440  d_x2-y2
   57   1   0   0       1.35279882  s
   57   2   1  -1       0.82814604  p_y
   57   2   1   0       0.83354303  p_z
   57   2   1   1       0.83001740  p_x
   57   3   2  -2       0.04075727  d_xy
   57   3   2  -1       0.03641229  d_yz
   57   3   2   0       0.01920818  d_z2
   57   3   2   1       0.04076811  d_xz
   57   3   2   2       0.02042781  d_x2-y2
   58   1   0   0       1.34665864  s
   58   2   1  -1       0.82839521  p_y
   58   2   1   0       0.82226616  p_z
   58   2   1   1       0.82970888  p_x
   58   3   2  -2       0.03892107  d_xy
   58   3   2  -1       0.04197516  d_yz
   58   3   2   0       0.02133860  d_z2
   58   3   2   1       0.04212925  d_xz
   58   3   2   2       0.02095852  d_x2-y2
   59   1   0   0       1.36156064  s
   59   2   1  -1       0.83335076  p_y
   59   2   1   0       0.83722199  p_z
   59   2   1   1       0.82838132  p_x
   59   3   2  -2       0.03564116  d_xy
   59   3   2  -1       0.04215748  d_yz
   59   3   2   0       0.01579511  d_z2
   59   3   2   1       0.03512085  d_xz
   59   3   2   2       0.01897378  d_x2-y2
   60   1   0   0       1.37099477  s
   60   2   1  -1       0.82671133  p_y
   60   2   1   0       0.82828331  p_z
   60   2   1   1       0.82695561  p_x
   60   3   2  -2       0.04036200  d_xy
   60   3   2  -1       0.03921881  d_yz
   60   3   2   0       0.01860676  d_z2
   60   3   2   1       0.03703483  d_xz
   60   3   2   2       0.01842452  d_x2-y2
   61   1   0   0       1.35379870  s
   61   2   1  -1       0.82953918  p_y
   61   2   1   0       0.82542162  p_z
   61   2   1   1       0.83052510  p_x
   61   3   2  -2       0.03526693  d_xy
   61   3   2  -1       0.04170118  d_yz
   61   3   2   0       0.01949470  d_z2
   61   3   2   1       0.04058165  d_xz
   61   3   2   2       0.01916047  d_x2-y2
   62   1   0   0       1.35203766  s
   62   2   1  -1       0.83042730  p_y
   62   2   1   0       0.83230163  p_z
   62   2   1   1       0.83181014  p_x
   62   3   2  -2       0.03898773  d_xy
   62   3   2  -1       0.03714518  d_yz
   62   3   2   0       0.01898586  d_z2
   62   3   2   1       0.03987052  d_xz
   62   3   2   2       0.01952904  d_x2-y2
   63   1   0   0       1.35886206  s
   63   2   1  -1       0.82803380  p_y
   63   2   1   0       0.82373744  p_z
   63   2   1   1       0.82328446  p_x
   63   3   2  -2       0.04036617  d_xy
   63   3   2  -1       0.03710056  d_yz
   63   3   2   0       0.02028699  d_z2
   63   3   2   1       0.04193275  d_xz
   63   3   2   2       0.02055171  d_x2-y2
   64   1   0   0       1.38524454  s
   64   2   1  -1       0.82647032  p_y
   64   2   1   0       0.83271528  p_z
   64   2   1   1       0.82944814  p_x
   64   3   2  -2       0.03523786  d_xy
   64   3   2  -1       0.03896610  d_yz
   64   3   2   0       0.01567313  d_z2
   64   3   2   1       0.03300839  d_xz
   64   3   2   2       0.01701997  d_x2-y2

Fermi level:                        -0.1327426477 H           -3.6121 eV
Band energy:                       -88.1676925623 H        -2399.1650 eV
TS:                                  0.0000000000 H            0.0000 eV
Band free energy (E-TS):           -88.1676925623 H        -2399.1650 eV
Extrapolated E(0K):                -88.1676925623 H        -2399.1650 eV
Input / Output electrons (q):    256.0000000000    256.0000000000

Energy H0:                         -88.1547996439 H        -2398.8141 eV
Energy SCC:                          0.0004882871 H            0.0133 eV
Total Electronic energy:           -88.1543113568 H        -2398.8009 eV
Repulsive energy:                    0.0000000000 H            0.0000 eV
Total energy:                      -88.1543113568 H        -2398.8009 eV
Extrapolated to 0:                 -88.1543113568 H        -2398.8009 eV
Total Mermin free energy:          -88.1543113568 H        -2398.8009 eV
Force related energy:              -88.1543113568 H        -2398.8009 eV

Non-constrained calculation

SCC converged

Warning: dipole moment is not defined absolutely!
Dipole moment:   -0.59453522    0.76974957    0.25128804 au
Dipole moment:   -1.51115791    1.95650842    0.63871055 Debye


